   This run of MOLCAS is using the pymolcas driver

                             OPE
                             OPE          NMOL  CASOP  ENMOLC A   SO
                 OPE        NMOLC        AS  OP EN  MO LC     AS  OP
                OPENM       OL CA        SO  PE NM  OL CA     SOP EN
                OP EN      MO   LC       AS  OP ENMOL  CASO   PENMOL
                OP  EN     MO   LC       AS  OP EN     MO     LC ASO
               OP   E  NMOL  C  AS       OP  EN MO     LC     AS  OP
               OP  E   NMO   LC AS        OPEN  MO     LCASOP EN   M
               O  PEN   MO  LCA  SO
            OPE   NMO   L   CAS    OP
        OPENMOL  CASOP     ENMOL   CASOPE
     OPENMOLCA   SOPENMOLCASOPEN   MOLCASOPE
    OPENMOLCAS   OP           EN   MOL    CAS
    OPENMOLCAS       OP  ENM        O     LCA
    OPENMOLCAS    OPEN  MOLCASO     P  E  NMO
    OPENMOLCAS     OP               E  N  MOL
    OPENMOLCA   SO           PENM   O  L  CAS    OPEN    MO    LCAS
    OPENMOLCA   SOP           ENM   O  L  CAS   OP  EN  MOLC  AS   O
    OPENMOLCA   SOPE           NM      O  LCA   S      OP  EN MO
    OPENMOLC                AS         O  PEN   M      OL  CA  SOPE
    OPENMO        LCASOPE  NMOL        C  ASO   P      ENMOLC     AS
    OPE     NMO      LCA  SO     P     E   NM   OL  CA SO  PE N   MO
          OPENMOLCA            SOPE   NMO        LCAS  O    P  ENMO
     OPENMOLCASOPENMOLCASOPENMOLCASOPENMOLCA
        OPENMOLCASOPENMOLCASOPENMOLCASOPE
            OPENMOLCASOPENMOLCASOPENM
               OPENMOLCASOPENMOLCA        version: f37762c57
                   OPENMOLCASO
                       OPE                tag:

 OpenMolcas is free software; you can redistribute it and/or modify it
 under the terms of the GNU Lesser General Public License version 2.1.
 OpenMolcas is distributed in the hope that it will be useful, but it
 is provided "as is" and without any express or implied warranties.
 For more details see the full text of the license in the file
 LICENSE or in <http://www.gnu.org/licenses/>.

                 Copyright (C) The OpenMolcas Authors
           For the author list and the recommended citation,
                   consult the file CONTRIBUTORS.md

           *************************************************
           * pymolcas version py2.28                       *
           *   build c4a6d18ded8cb6cad61d2372a9abd97c      *
           *   (after the EMIL interpreter by V. Veryazov) *
           *************************************************

configuration info
------------------
C Compiler ID: Intel
C flags: -std=gnu99 -gcc-sys
Fortran Compiler ID: IntelLLVM
Fortran flags: -standard-semantics -fltconsistency -fpp -i8 -heap-arrays
Definitions: _MOLCAS_;_I8_;_LINUX_
Parallel: OFF (GA=OFF)


   --------------------------------------------------------------------------------------
  |
  |              Project: H8_2.66
  |       Submitted from: ${LOCALHOME}/DDCASPT2/hydrogen_comps/rerun/H8_chain/H8_2.66
  |         Scratch area: /tmp/H8_2.66
  |      Save outputs to: ${LOCALHOME}/DDCASPT2/hydrogen_comps/rerun/H8_chain/H8_2.66
  |               Molcas: ${LOCALHOME}/Test/build
  |
  | Scratch area is empty
  |
  |       MOLCAS_DRIVER = /usr/local/pymolcas
  | MOLCAS_KEEP_WORKDIR = NO
  |  MOLCAS_NEW_WORKDIR = YES
  |       MOLCAS_NPROCS = 1
  |        MOLCAS_PRINT = NORMAL
  |       MOLCAS_SOURCE = ${LOCALHOME}/Test
  |    MOLCAS_STRUCTURE = 0
  |
   --------------------------------------------------------------------------------------

++ ---------   Input file   ---------

&GATEWAY
coord=H8_2.66.xyz
Basis = ANO-RCC-VDZP
Group = nosymm
End of Input

&SEWARD
End of Input

&SCF

>>> COPY $WorkDir/H8_2.66.scf.h5 $CurrDir/

&RASSCF
Title= RASSCF
FileOrb
${LOCALHOME}/DDCASPT2/hydrogen_comps/rerun/H8_chain/H8_0.60/H8_0.60.RasOrb
NACTEL
8 0 0
Inactive
0
RAS2
8
Symmetry
1
Spin
1
orblisting
all

>>> COPY $WorkDir/H8_2.66.rasscf.h5 $CurrDir/

>>> COPY $WorkDir/DDCASPT2_Fock_MO.csv $CurrDir/H8_2.66.DDCASPT2_Fock_MO.csv

&MOTRA
Frozen=0
LUMORB

>>> COPY $WorkDir/DDCASPT2_one_int_indx.csv $CurrDir/H8_2.66.DDCASPT2_one_int_indx.csv

>>> COPY $WorkDir/DDCASPT2_one_int.csv $CurrDir/H8_2.66.DDCASPT2_one_int.csv

>>> COPY $WorkDir/DDCASPT2_two_int_indx.csv $CurrDir/H8_2.66.DDCASPT2_two_int_indx.csv

>>> COPY $WorkDir/DDCASPT2_two_int.csv $CurrDir/H8_2.66.DDCASPT2_two_int.csv

&CASPT2
Frozen
0

MAXITER
50

>>> FOREACH i IN (B,E,F,G,H)

  >>> FOREACH j IN (P,M)

    >>> IF (-FILE DDCASPT2_e2_${i}_${j}_1_.csv)

      >>> COPY $WorkDir/DDCASPT2_RHS_${i}_${j}_1_.csv $CurrDir/DDCASPT2_RHS_${i}_${j}_1_.csv

      >>> COPY $WorkDir/DDCASPT2_IVECW_${i}_${j}_1_.csv $CurrDir/DDCASPT2_IVECW_${i}_${j}_1_.csv

      >>> COPY $WorkDir/DDCASPT2_IVECX_${i}_${j}_1_.csv $CurrDir/DDCASPT2_IVECX_${i}_${j}_1_.csv

      >>> COPY $WorkDir/DDCASPT2_IVECC2_${i}_${j}_1_.csv $CurrDir/DDCASPT2_IVECC2_${i}_${j}_1_.csv

      >>> COPY $WorkDir/DDCASPT2_e2_${i}_${j}_1_.csv $CurrDir/DDCASPT2_e2_${i}_${j}_1_.csv

    >>> END IF

  >>> END FOREACH

>>> END FOREACH

>>> FOREACH i IN (A,C,D)

  >>> IF (-FILE DDCASPT2_e2_${i}_1_.csv)

    >>> COPY $WorkDir/DDCASPT2_RHS_${i}_1_.csv $CurrDir/DDCASPT2_RHS_${i}_1_.csv

    >>> COPY $WorkDir/DDCASPT2_IVECW_${i}_1_.csv $CurrDir/DDCASPT2_IVECW_${i}_1_.csv

    >>> COPY $WorkDir/DDCASPT2_IVECX_${i}_1_.csv $CurrDir/DDCASPT2_IVECX_${i}_1_.csv

    >>> COPY $WorkDir/DDCASPT2_IVECC2_${i}_1_.csv $CurrDir/DDCASPT2_IVECC2_${i}_1_.csv

    >>> COPY $WorkDir/DDCASPT2_e2_${i}_1_.csv $CurrDir/DDCASPT2_e2_${i}_1_.csv

  >>> END IF

>>> END FOREACH

-- ----------------------------------

--- Start Module: gateway at Sun Oct 26 13:43:03 2025 ---
 
()()()()()()()()()()()()()()()()()()()()()()()()()()()()()()()()()()()()()()()()()()()()()()()()()()

                                              &GATEWAY

                                   only a single process is used
                       available to each process: 2.0 GB of memory, 1 thread?
()()()()()()()()()()()()()()()()()()()()()()()()()()()()()()()()()()()()()()()()()()()()()()()()()()
 
 
++    Symmetry information:
      ---------------------
 
                    Character Table for C1 
 
                             E  
                    a        1  x, y, xy, Rz, z, xz, Ry, yz, Rx, I
--
 
 
++    Basis set information:
      ----------------------
 
 
      Basis set label: H.ANO-RCC...2S1P.
 
      Electronic valence basis set:
      ------------------
      Associated Effective Charge   1.000000 au
      Associated Actual Charge      1.000000 au
      Nuclear Model: Point charge
 
      Shell  nPrim  nBasis  Cartesian Spherical Contaminant
         s       8       2        X                  
         p       4       1        X                  
--
 
 
++    Molecular structure info:
      -------------------------
 
                    ************************************************ 
                    **** Cartesian Coordinates / Bohr, Angstrom **** 
                    ************************************************ 
 
     Center  Label                x              y              z                     x              y              z
        1      H1               0.000000       0.000000       0.000000              0.000000       0.000000       0.000000
        2      H2               0.000000       0.000000       5.027817              0.000000       0.000000       2.660606
        3      H3               0.000000       0.000000      10.055633              0.000000       0.000000       5.321212
        4      H4               0.000000       0.000000      15.083450              0.000000       0.000000       7.981818
        5      H5               0.000000       0.000000      20.111267              0.000000       0.000000      10.642424
        6      H6               0.000000       0.000000      25.139083              0.000000       0.000000      13.303030
        7      H7               0.000000       0.000000      30.166900              0.000000       0.000000      15.963636
        8      H8               0.000000       0.000000      35.194717              0.000000       0.000000      18.624242
 
                    *************************************** 
                    *    InterNuclear Distances / Bohr    * 
                    *************************************** 
 
               1 H1            2 H2            3 H3            4 H4            5 H5            6 H6    
    1 H1       0.000000
    2 H2       5.027817        0.000000
    3 H3      10.055633        5.027817        0.000000
    4 H4      15.083450       10.055633        5.027817        0.000000
    5 H5      20.111267       15.083450       10.055633        5.027817        0.000000
    6 H6      25.139083       20.111267       15.083450       10.055633        5.027817        0.000000
    7 H7      30.166900       25.139083       20.111267       15.083450       10.055633        5.027817
    8 H8      35.194717       30.166900       25.139083       20.111267       15.083450       10.055633
 
               7 H7            8 H8    
    7 H7       0.000000
    8 H8       5.027817        0.000000
 
                    ******************************************* 
                    *    InterNuclear Distances / Angstrom    * 
                    ******************************************* 
 
               1 H1            2 H2            3 H3            4 H4            5 H5            6 H6    
    1 H1       0.000000
    2 H2       2.660606        0.000000
    3 H3       5.321212        2.660606        0.000000
    4 H4       7.981818        5.321212        2.660606        0.000000
    5 H5      10.642424        7.981818        5.321212        2.660606        0.000000
    6 H6      13.303030       10.642424        7.981818        5.321212        2.660606        0.000000
    7 H7      15.963636       13.303030       10.642424        7.981818        5.321212        2.660606
    8 H8      18.624242       15.963636       13.303030       10.642424        7.981818        5.321212
 
               7 H7            8 H8    
    7 H7       0.000000
    8 H8       2.660606        0.000000
--
 
 
            Nuclear Potential Energy              2.73336481 au
 
--- Stop Module: gateway at Sun Oct 26 13:43:04 2025 /rc=_RC_ALL_IS_WELL_ ---
*** files: xmldump
    saved to directory ${LOCALHOME}/DDCASPT2/hydrogen_comps/rerun/H8_chain/H8_2.66

--- Start Module: seward at Sun Oct 26 13:43:04 2025 ---
 
()()()()()()()()()()()()()()()()()()()()()()()()()()()()()()()()()()()()()()()()()()()()()()()()()()

                                              &SEWARD

                                   only a single process is used
                       available to each process: 2.0 GB of memory, 1 thread?
()()()()()()()()()()()()()()()()()()()()()()()()()()()()()()()()()()()()()()()()()()()()()()()()()()
 
               SEWARD will generate:
                  Multipole Moment integrals up to order  2
                  Kinetic Energy integrals
                  Nuclear Attraction integrals (point charge)
                  One-Electron Hamiltonian integrals
                  Velocity integrals
                  Relativistic Douglas-Kroll-Hess integrals:
                    - Parametrization         : EXP
                    - DKH order of Hamiltonian: 2
                    - DKH order of Properties : 0
                         - multipole moment operators
                         - electric potential operators
                         - contact operators
                  Atomic mean-field integrals
                  Two-Electron Repulsion integrals
 
                   Integrals are discarded if absolute value <: 0.10E-13
                   Integral cutoff threshold is set to       <: 0.10E-15
 
            Nuclear Potential Energy              2.73336481 au
 
 
      Basis set specifications :
      Symmetry species         a  
      Basis functions           40
 
 
  Input file to MOLDEN was generated!
 
forrtl: warning (525): IEEE_DIVIDE_BY_ZERO is signaling
forrtl: warning (526): IEEE_INVALID is signaling
forrtl: warning (528): IEEE_UNDERFLOW is signaling
--- Stop Module: seward at Sun Oct 26 13:43:04 2025 /rc=_RC_ALL_IS_WELL_ ---
*** files: H8_2.66.GssOrb H8_2.66.guessorb.h5 H8_2.66.guessorb.molden xmldump
    saved to directory ${LOCALHOME}/DDCASPT2/hydrogen_comps/rerun/H8_chain/H8_2.66

*** symbolic link created: INPORB -> H8_2.66.GssOrb
--- Start Module: scf at Sun Oct 26 13:43:04 2025 ---
 
()()()()()()()()()()()()()()()()()()()()()()()()()()()()()()()()()()()()()()()()()()()()()()()()()()

                                                &SCF

                                   only a single process is used
                       available to each process: 2.0 GB of memory, 1 thread?
()()()()()()()()()()()()()()()()()()()()()()()()()()()()()()()()()()()()()()()()()()()()()()()()()()
 
++    Input section:
      --------------
 
      Header of the integral files:
      
       Integrals generated by seward 4.2.0  , Sun Oct 26 13:43:04 2025
 
 
      Cartesian coordinates in Angstrom:
      -----------------------------------------------------
      No.  Label        X            Y            Z        
      -----------------------------------------------------
       1   H1         0.00000000   0.00000000   0.00000000
       2   H2         0.00000000   0.00000000   2.66060600
       3   H3         0.00000000   0.00000000   5.32121200
       4   H4         0.00000000   0.00000000   7.98181800
       5   H5         0.00000000   0.00000000  10.64242400
       6   H6         0.00000000   0.00000000  13.30303000
       7   H7         0.00000000   0.00000000  15.96363600
       8   H8         0.00000000   0.00000000  18.62424200
      -----------------------------------------------------
      Nuclear repulsion energy =    2.73336481
--
 
++    Orbital specifications:
      -----------------------
 
      Symmetry species               1
                                     a
      Frozen orbitals                0
      Occupied orbitals              4
      Secondary orbitals            36
      Deleted orbitals               0
      Total number of orbitals      40
      Number of basis functions     40
--
 
      Molecular charge                           0.000
 
++    Optimization specifications:
      ----------------------------
 
      SCF Algorithm: Conventional
      Minimized density differences are used
      Number of density matrices in core                5
      Maximum number of NDDO SCF iterations           400
      Maximum number of HF SCF iterations             400
      Threshold for SCF energy change            0.10E-08
      Threshold for density matrix               0.10E-03
      Threshold for Fock matrix                  0.15E-03
      Threshold for linear dependence            0.10E-08
      Threshold at which DIIS is turned on       0.15E+00
      Threshold at which QNR/C2DIIS is turned on 0.75E-01
      Threshold for Norm(delta) (QNR/C2DIIS)     0.20E-04
      DIIS extrapolation of the SCF procedure
      All orbitals punched on: SCFORB
--
 
      Input vectors read from INPORB
      Orbital file label: *Guess orbitals
 
 
++ Convergence information
                                   SCF        iterations: Energy and convergence statistics
 
Iter     Tot. SCF        One-elec.       Two-elec.     Energy      Max Dij or  Max Fij      DNorm      TNorm      AccCon     Time
         Energy          Energy          Energy        Change      Delta Norm                                                in Sec.
   1    -3.160908606    -9.564615892     3.670342478   0.00E+00    0.40E+00*   0.13E+00*    0.45E+01   0.74E+01   None         0.
   2    -3.403203075    -9.533406572     3.396838688  -0.24E+00*   0.15E+00*   0.25E-01*    0.14E+01   0.71E+01   EDIIS        0.
   3    -3.415412750    -9.472089308     3.323311749  -0.12E-01*   0.97E-01*   0.96E-02*    0.32E+00   0.70E+01   EDIIS        0.
   4    -3.418043089    -9.478181775     3.326773878  -0.26E-02*   0.62E-01*   0.64E-02*    0.18E+00   0.70E+01   c2DIIS       0.
   5    -3.419098106    -9.465288062     3.312825148  -0.11E-02*   0.27E-01*   0.40E-02*    0.41E-01   0.70E+01   QNRc2DIIS    0.
   6    -3.419452535    -9.472409817     3.319592474  -0.35E-03*   0.25E-01*   0.26E-02*    0.20E-01   0.70E+01   QNRc2DIIS    0.
   7    -3.419661530    -9.469785865     3.316759526  -0.21E-03*   0.97E-02*   0.83E-03*    0.87E-02   0.70E+01   QNRc2DIIS    0.
   8    -3.419675495    -9.467616178     3.314575874  -0.14E-04*   0.22E-02*   0.42E-03*    0.38E-02   0.70E+01   QNRc2DIIS    0.
   9    -3.419678905    -9.468091447     3.315047734  -0.34E-05*   0.22E-03*   0.21E-04     0.13E-02   0.70E+01   QNRc2DIIS    0.
  10    -3.419678921    -9.468100667     3.315056937  -0.16E-07*   0.53E-04*   0.58E-05     0.30E-03   0.70E+01   QNRc2DIIS    0.
  11    -3.419678922    -9.468099001     3.315055270  -0.11E-08*   0.25E-04*   0.15E-05     0.39E-04   0.70E+01   QNRc2DIIS    0.
  12    -3.419678922    -9.468098919     3.315055189  -0.13E-09    0.29E-05    0.25E-06     0.39E-04   0.70E+01   QNRc2DIIS    0.
 
       Convergence after 12 Macro Iterations
--
 
 *****************************************************************************************************************************
 *                                                                                                                           *
 *                                             SCF/KS-DFT Program, Final results                                             *
 *                                                                                                                           *
 *                                                                                                                           *
 *                                                                                                                           *
 *                                                       Final Results                                                       *
 *                                                                                                                           *
 *****************************************************************************************************************************
 
::    Total SCF energy                                 -3.4196789224
      One-electron energy                              -9.4680989195
      Two-electron energy                               3.3150551887
      Nuclear repulsion energy                          2.7333648084
      Kinetic energy (interpolated)                     2.6282573848
      Virial theorem                                    1.3011202564
      Total spin, S(S+1)                                0.0000000000
      Total spin, S                                     0.0000000000
      Max non-diagonal density matrix element           0.0000030285
      Max non-diagonal Fock matrix element              0.0000002152
 
 
      All orbitals with orbital energies smaller than  E(LUMO)+0.5 are printed
 
++    Molecular orbitals:
      -------------------
 
      Title: SCF orbitals

      Molecular orbitals for symmetry species 1: a  
 
          Orbital            1         2         3         4         5         6         7         8         9        10    
          Energy           -0.3793   -0.3662   -0.3469   -0.3266   -0.1533   -0.1251   -0.0959   -0.0744    0.3190    0.3310
          Occ. No.          2.0000    2.0000    2.0000    2.0000    0.0000    0.0000    0.0000    0.0000    0.0000    0.0000
 
        1 H1     1s         0.1737   -0.3231    0.3974   -0.3069    0.3519   -0.4897    0.4350   -0.2506   -0.1084    0.1666
        2 H1     2s         0.0336   -0.0642    0.0826   -0.0670    0.1077   -0.1573    0.1446   -0.0842    0.2066   -0.3653
        3 H1     2px       -0.0000   -0.0000    0.0000   -0.0000    0.0000    0.0000   -0.0000    0.0000   -0.0000    0.0000
        4 H1     2py       -0.0000    0.0000   -0.0000   -0.0000    0.0000   -0.0000    0.0000    0.0000   -0.0000    0.0000
        5 H1     2pz        0.0057   -0.0095    0.0099   -0.0064   -0.0027    0.0078   -0.0115    0.0090   -0.0063    0.0090
        6 H2     1s         0.2289   -0.3814    0.3920   -0.2446   -0.1994    0.4362   -0.5417    0.3784   -0.1769    0.2230
        7 H2     2s         0.0382   -0.0775    0.0994   -0.0747   -0.0555    0.1425   -0.1876    0.1316    0.2206   -0.3054
        8 H2     2px       -0.0000    0.0000    0.0000   -0.0000    0.0000    0.0000   -0.0000   -0.0000    0.0000    0.0000
        9 H2     2py       -0.0000    0.0000   -0.0000   -0.0000    0.0000   -0.0000    0.0000    0.0000   -0.0000   -0.0000
       10 H2     2pz       -0.0011    0.0047   -0.0096    0.0098   -0.0135    0.0135   -0.0038   -0.0030    0.0024   -0.0020
       11 H3     1s         0.3572   -0.2885   -0.1581    0.4057   -0.4505    0.1508    0.4257   -0.5200   -0.1969    0.1602
       12 H3     2s         0.0687   -0.0501   -0.0502    0.1060   -0.1407    0.0444    0.1486   -0.1778    0.2711   -0.2462
       13 H3     2px       -0.0000    0.0000   -0.0000   -0.0000    0.0000   -0.0000    0.0000   -0.0000   -0.0000   -0.0000
       14 H3     2py        0.0000    0.0000   -0.0000   -0.0000   -0.0000   -0.0000    0.0000   -0.0000   -0.0000   -0.0000
       15 H3     2pz        0.0060   -0.0011   -0.0085    0.0093    0.0110   -0.0151    0.0036    0.0079   -0.0026    0.0021
       16 H4     1s         0.3793   -0.2022   -0.2732    0.3777    0.3881   -0.3897   -0.2222    0.5681   -0.2166    0.0563
       17 H4     2s         0.0686   -0.0522   -0.0540    0.1035    0.1179   -0.1344   -0.0733    0.1954    0.2928   -0.0870
       18 H4     2px        0.0000   -0.0000   -0.0000   -0.0000    0.0000    0.0000    0.0000   -0.0000   -0.0000    0.0000
       19 H4     2py       -0.0000   -0.0000    0.0000    0.0000   -0.0000   -0.0000   -0.0000    0.0000   -0.0000   -0.0000
       20 H4     2pz       -0.0043    0.0074    0.0007   -0.0110    0.0147    0.0022   -0.0142    0.0031    0.0030    0.0005
       21 H5     1s         0.3793    0.2022   -0.2732   -0.3777    0.3881    0.3897   -0.2222   -0.5681   -0.2166   -0.0563
       22 H5     2s         0.0686    0.0522   -0.0540   -0.1035    0.1179    0.1344   -0.0733   -0.1954    0.2928    0.0870
       23 H5     2px        0.0000    0.0000    0.0000    0.0000    0.0000    0.0000    0.0000   -0.0000   -0.0000    0.0000
       24 H5     2py        0.0000   -0.0000    0.0000   -0.0000   -0.0000   -0.0000    0.0000    0.0000   -0.0000   -0.0000
       25 H5     2pz        0.0043    0.0074   -0.0007   -0.0110   -0.0147    0.0022    0.0142    0.0031   -0.0030    0.0005
       26 H6     1s         0.3572    0.2885   -0.1581   -0.4057   -0.4505   -0.1508    0.4257    0.5200   -0.1969   -0.1602
       27 H6     2s         0.0687    0.0501   -0.0502   -0.1060   -0.1407   -0.0444    0.1486    0.1778    0.2711    0.2462
       28 H6     2px        0.0000   -0.0000   -0.0000    0.0000   -0.0000    0.0000   -0.0000   -0.0000    0.0000    0.0000
       29 H6     2py       -0.0000   -0.0000   -0.0000    0.0000   -0.0000    0.0000   -0.0000    0.0000   -0.0000    0.0000
       30 H6     2pz       -0.0060   -0.0011    0.0085    0.0093   -0.0110   -0.0151   -0.0036    0.0079    0.0026    0.0021
       31 H7     1s         0.2289    0.3814    0.3920    0.2446   -0.1994   -0.4362   -0.5417   -0.3784   -0.1769   -0.2230
       32 H7     2s         0.0382    0.0775    0.0994    0.0747   -0.0555   -0.1425   -0.1876   -0.1316    0.2206    0.3054
       33 H7     2px        0.0000   -0.0000    0.0000    0.0000    0.0000   -0.0000   -0.0000   -0.0000    0.0000   -0.0000
       34 H7     2py       -0.0000   -0.0000   -0.0000    0.0000    0.0000    0.0000    0.0000   -0.0000   -0.0000    0.0000
       35 H7     2pz        0.0011    0.0047    0.0096    0.0098    0.0135    0.0135    0.0038   -0.0030   -0.0024   -0.0020
       36 H8     1s         0.1737    0.3231    0.3974    0.3069    0.3519    0.4897    0.4350    0.2506   -0.1084   -0.1666
       37 H8     2s         0.0336    0.0642    0.0826    0.0670    0.1077    0.1573    0.1446    0.0842    0.2066    0.3653
       38 H8     2px       -0.0000    0.0000   -0.0000   -0.0000    0.0000    0.0000    0.0000    0.0000   -0.0000    0.0000
       39 H8     2py       -0.0000   -0.0000    0.0000    0.0000    0.0000    0.0000    0.0000   -0.0000    0.0000    0.0000
       40 H8     2pz       -0.0057   -0.0095   -0.0099   -0.0064    0.0027    0.0078    0.0115    0.0090    0.0063    0.0090
--
 
 
++    Molecular charges:
      ------------------
 
      Mulliken charges per centre and basis function type
      ---------------------------------------------------
 
                H1      H2      H3      H4      H5      H6      H7      H8    
      1s       0.8813  0.9264  0.9061  0.9107  0.9107  0.9061  0.9264  0.8813
      2s       0.0878  0.0955  0.0878  0.0894  0.0894  0.0878  0.0955  0.0878
      2px      0.0000  0.0000  0.0000  0.0000  0.0000  0.0000  0.0000  0.0000
      2pz      0.0034  0.0039  0.0039  0.0038  0.0038  0.0039  0.0039  0.0034
      2py      0.0000  0.0000  0.0000  0.0000  0.0000  0.0000  0.0000  0.0000
      Total    0.9725  1.0258  0.9978  1.0039  1.0039  0.9978  1.0258  0.9725
 
      N-E      0.0275 -0.0258  0.0022 -0.0039 -0.0039  0.0022 -0.0258  0.0275
 
      Total electronic charge=    8.000000
 
      Total            charge=   -0.000000
--
 
 
  Input file to MOLDEN was generated!
 
 
++    Static properties:
      ------------------
 
 
      LoProp Charges per center
 

                   H1       H2       H3       H4       H5       H6       H7       H8    
      Nuclear      1.0000   1.0000   1.0000   1.0000   1.0000   1.0000   1.0000   1.0000
      Electronic  -0.9823  -1.0152  -0.9987  -1.0038  -1.0038  -0.9987  -1.0152  -0.9823
 
      Total        0.0177  -0.0152   0.0013  -0.0038  -0.0038   0.0013  -0.0152   0.0177
--
 
 
++    Natural Bond Order analysis
      ---------------------------
      Based on LoProp computed density
      -------------------------------------------------------------------------------------
      Atom A       Atom B       Bond Order
      -------------------------------------------------------------------------------------
      NBO located      0.973 non-bonded electrons on atom H1        
      NBO located      1.005 non-bonded electrons on atom H3        
      NBO located      1.010 non-bonded electrons on atom H4        
      NBO located      1.010 non-bonded electrons on atom H5        
      NBO located      1.005 non-bonded electrons on atom H6        
      NBO located      0.973 non-bonded electrons on atom H8        
      The remaining    2.024 electrons are to be considered as diffuse
--
 
 
++    Molecular properties:
      ---------------------
 
      Charge (e):
                      =   -0.0000
      Dipole Moment (Debye):
      Origin of the operator (Ang)=    0.0000    0.0000    0.0000
                   X= -8.4760E-14               Y=  7.6361E-14               Z= -6.5017E-13           Total=  6.6010E-13
      Quadrupole Moment (Debye*Ang):
      Origin of the operator (Ang)=    0.0000    0.0000    9.3121
                  XX= -1.9354E+01              XY=  4.4454E-28              XZ=  8.2884E-13              YY= -1.9354E+01
                  YZ= -6.5073E-13              ZZ=  2.7505E-01
      In traceless form (Debye*Ang)
                  XX= -9.8146E+00              XY=  6.6681E-28              XZ=  1.2433E-12              YY= -9.8146E+00
                  YZ= -9.7609E-13              ZZ=  1.9629E+01
--
 
 
  Input file to MOLDEN was generated!
 
 ###############################################################################
 ###############################################################################
 ###                                                                         ###
 ###                                                                         ###
 ###    RunFile label nBas                                                   ###
 ###    was used       78 times                                              ###
 ###                                                                         ###
 ###                                                                         ###
 ###############################################################################
 ###############################################################################
forrtl: warning (528): IEEE_UNDERFLOW is signaling
--- Stop Module: scf at Sun Oct 26 13:43:04 2025 /rc=_RC_ALL_IS_WELL_ ---
*** files: H8_2.66.LprOrb H8_2.66.LoProp.molden H8_2.66.scf.molden H8_2.66.ScfOrb H8_2.66.scf.h5 xmldump
    saved to directory ${LOCALHOME}/DDCASPT2/hydrogen_comps/rerun/H8_chain/H8_2.66

>>> COPY /tmp/H8_2.66/H8_2.66.scf.h5 ${LOCALHOME}/DDCASPT2/hydrogen_comps/rerun/H8_chain/H8_2.66/

*** symbolic link created: INPORB -> H8_2.66.ScfOrb
--- Start Module: rasscf at Sun Oct 26 13:43:04 2025 ---
 
()()()()()()()()()()()()()()()()()()()()()()()()()()()()()()()()()()()()()()()()()()()()()()()()()()

                                              &RASSCF

                                   only a single process is used
                       available to each process: 2.0 GB of memory, 1 thread?
()()()()()()()()()()()()()()()()()()()()()()()()()()()()()()()()()()()()()()()()()()()()()()()()()()
 
 
      Header of the ONEINT file:
      --------------------------
      
      Integrals generated by seward 4.2.0  , Sun Oct 26 13:43:04 2025
 
 
      OrdInt status: non-squared
 
 
      Cartesian coordinates in Angstrom:
      -----------------------------------------------------
      No.  Label        X            Y            Z        
      -----------------------------------------------------
       1   H1         0.00000000   0.00000000   0.00000000
       2   H2         0.00000000   0.00000000   2.66060600
       3   H3         0.00000000   0.00000000   5.32121200
       4   H4         0.00000000   0.00000000   7.98181800
       5   H5         0.00000000   0.00000000  10.64242400
       6   H6         0.00000000   0.00000000  13.30303000
       7   H7         0.00000000   0.00000000  15.96363600
       8   H8         0.00000000   0.00000000  18.62424200
      -----------------------------------------------------
      Nuclear repulsion energy =    2.73336481
 
++    Wave function specifications:
      -----------------------------
 
      Number of closed shell electrons           0
      Number of electrons in active shells       8
      Max number of holes in RAS1 space          0
      Max nr of electrons in RAS3 space          0
      Number of inactive orbitals                0
      Number of active orbitals                  8
      Number of secondary orbitals              32
      Spin quantum number                      0.0
      State symmetry                             1
--
 
++    Orbital specifications:
      -----------------------
 
      Symmetry species                           1
                                                 a
      Frozen orbitals                            0
      Inactive orbitals                          0
      Active orbitals                            8
      RAS1 orbitals                              0
      RAS2 orbitals                              8
      RAS3 orbitals                              0
      Secondary orbitals                        32
      Deleted orbitals                           0
      Number of basis functions                 40
--
 
++    CI expansion specifications:
      ----------------------------
 
      Number of CSFs                          1764
      Number of determinants                  2485
      Number of root(s) required                 1
      Root chosen for geometry opt.              1
      CI root used                               1
         
      highest root included in the CI            1
      max. size of the explicit Hamiltonian    200
--
 
++    Optimization specifications:
      ----------------------------
 
      RASSCF algorithm: Conventional
      Maximum number of macro iterations       200
      Maximum number of SX iterations          100
      Threshold for RASSCF energy            0.100E-07
      Threshold for max MO rotation          0.100E+00
      Threshold for max BLB element          0.100E-03
      Level shift parameter                  0.500E+00
      Make Quasi-Newton update
--
 
      The MO-coefficients are taken from the file:
      ${LOCALHOME}/DDCASPT2/hydrogen_comps/rerun/H8_chain/H8_0.60/H8_0.60.RasOrb                                                  
      Title: RASSCF average (pseudo-natural) orbitals                                      
 
      Total molecular charge    0.00
 
      ************************************************************************************************************************
      *                                                                                                                      *
      *                                            Wave function control section                                             *
      *                                                                                                                      *
      ************************************************************************************************************************
 
 
                                         RASSCF iterations: Energy and convergence statistics
                                         ----------------------------------------------------
 
      Iter CI   SX   CI       RASSCF       Energy    max ROT     max BLB   max BLB  Level Ln srch  Step   QN   Walltime
          iter iter root      energy       change     param      element    value   shift minimum  type update hh:mm:ss
 Nr of preliminary CI iterations:   7
        1   1  100    1    -2.57238746    0.00E+00  -0.35E+00*   6  32 1 -0.34E+00*  0.44   0.00    SX    NO    0:00:00
 ###############################################################################
 ###############################################################################
 ###                                                                         ###
 ###                                                                         ###
 ###    Large orbital rotation.                                              ###
 ###                                                                         ###
 ###                                                                         ###
 ###############################################################################
 ###############################################################################
      Molecular orbital   8 of symmetry 1 MO space 2  weight is    0.021558
        2  11   88    1    -3.22124317   -0.65E+00*  0.68E+00*   3  18 1  0.19E+00*  0.29   0.00    SX    NO    0:00:00
        3   8  100    1    -3.57389856   -0.35E+00*  0.16E+00*   2  10 1  0.22E+00*  0.12   0.00    SX    NO    0:00:00
        4   5  100    1    -3.73161444   -0.16E+00*  0.17E+00*   2  21 1 -0.50E-01*  0.06   0.00    SX    NO    0:00:00
 ###############################################################################
 ###############################################################################
 ###                                                                         ###
 ###                                                                         ###
 ###    Large orbital rotation.                                              ###
 ###                                                                         ###
 ###                                                                         ###
 ###############################################################################
 ###############################################################################
      Molecular orbital   5 of symmetry 1 MO space 2  weight is    0.480448
        5   7  100    1    -3.82976681   -0.98E-01*  0.49E+00*   8  15 1 -0.45E-01*  0.00   0.00    SX    NO    0:00:00
        6   6  100    1    -3.92680473   -0.97E-01* -0.14E+00*   8  15 1 -0.46E-01*  0.00   0.00    SX    NO    0:00:00
        7   6   16    1    -3.99150695   -0.65E-01*  0.22E-01    5  12 1 -0.11E-01*  0.00   1.03    QN   YES    0:00:00
        8   4   13    1    -3.99347169   -0.20E-02*  0.57E-02    5  18 1  0.69E-02*  0.00   0.82    QN   YES    0:00:00
        9  29   12    1    -3.99607286   -0.26E-02*  0.82E-02    4  21 1  0.44E-02*  0.00   1.00    QN   YES    0:00:00
       10  10   13    1    -3.99614044   -0.68E-04* -0.44E-02    5  18 1 -0.43E-02*  0.00   0.61    QN   YES    0:00:00
       11  48   12    1    -3.99633979   -0.20E-03*  0.12E-02    5  18 1 -0.15E-02*  0.00   1.04    QN   YES    0:00:00
       12   4   10    1    -3.99636011   -0.20E-04* -0.67E-03    4  21 1  0.58E-03*  0.00   1.37    QN   YES    0:00:00
       13  23    9    1    -3.99636757   -0.75E-05*  0.29E-03    4  21 1  0.14E-03*  0.00   1.03    QN   YES    0:00:00
       14  16    8    1    -3.99636857   -0.10E-05* -0.36E-04    5  18 1  0.30E-04   0.00   0.99    QN   YES    0:00:00
       15  10    7    1    -3.99636877   -0.20E-06*  0.81E-04    4  21 1  0.32E-04   0.00   1.00    QN   YES    0:00:00
       16   9    8    1    -3.99636879   -0.21E-07* -0.40E-04    5  18 1 -0.41E-04   0.00   0.83    QN   YES    0:00:00
       17   1    7    1    -3.99636880   -0.12E-07* -0.16E-04    4  21 1  0.20E-04   0.00   1.07    QN   YES    0:00:00
       18   1    6    1    -3.99636881   -0.24E-08   0.69E-05    4  21 1  0.51E-05   0.00   1.42    QN   YES    0:00:00
      Convergence after 18 iterations
 
  Dmat in MO in SXCTL bf call to SXHAM                                                                                    
  mat. size =     8x    8
 
        1.2412774954078312
        0.0129958588238502      0.9685907607260048
       -0.0926113360134602      0.0006456697157718      1.0901826214954775
        0.0025544379267909     -0.0077717011492383      0.0042520173153138      1.1303053295609724
        0.1256819636291000      0.0258534219542358      0.1282953209130717     -0.0093708216467501      0.9023460108532839
        0.0067159557410437      0.1381475968446469      0.0057304128310139      0.0104302145932957     -0.0036457198757178
        0.7935205002707002
       -0.0626948618968593      0.0012174667487815     -0.1330111473822359      0.0026757609959085     -0.0134115651321545
        0.0020422483549698      0.8790156308942662
       -0.0254469512171389      0.2312978907957530     -0.0134561534024761     -0.0271754082330478     -0.0026609532405371
        0.0701326902663030     -0.0084567905420128      0.9947616507914671
       19   1    6    1    -3.99636881   -0.29E-09   0.69E-05    4  15 1  0.47E-06   0.00   1.42    QN   YES    0:00:00
 
      ************************************************************************************************************************
                                                      Wave function printout:
                       occupation of active orbitals, and spin coupling of open shells (u,d: Spin up or down)
      ************************************************************************************************************************
 
      Note: transformation to natural orbitals
      has been made, which may change the order of the CSFs.
 
      printout of CI-coefficients larger than  0.05 for root  1
      energy=      -3.996369
      conf/sym  11111111     Coeff  Weight
             1  22220000   0.33801 0.11425
            18  22202000  -0.18568 0.03448
            27  22200002  -0.05010 0.00251
            34  22udu00d   0.20087 0.04035
            41  2u2du0d0   0.16484 0.02717
            45  2u2d0u0d  -0.06822 0.00465
            47  2u2d0002  -0.06364 0.00405
            49  u22dud00   0.18400 0.03386
            56  u22d00ud  -0.09267 0.00859
            58  22022000  -0.05084 0.00258
            61  2202u0d0   0.06355 0.00404
            63  22020020  -0.05233 0.00274
            67  22020002  -0.12875 0.01658
            69  2ud2ud00   0.09281 0.00861
            76  2ud200ud  -0.17614 0.03103
            81  u2d2u0d0   0.06933 0.00481
            83  u2d20020  -0.05381 0.00290
            85  u2d20u0d  -0.14479 0.02096
            93  20220020  -0.11033 0.01217
            95  20220u0d  -0.05399 0.00291
            97  20220002  -0.05327 0.00284
           102  ud220ud0  -0.14533 0.02112
           104  ud22u00d   0.05036 0.00254
           110  02220200  -0.11257 0.01267
           121  22uud00d  -0.05816 0.00338
           125  2u2ud0d0  -0.05908 0.00349
           130  u22udd00  -0.07220 0.00521
           568  22002002   0.12005 0.01441
           582  2ud020ud   0.13377 0.01789
           600  u2d02u0d   0.11929 0.01423
           617  20202020   0.09604 0.00922
           635  ud202ud0   0.09738 0.00948
           654  02202200   0.09242 0.00854
           691  2u0du0d2   0.11280 0.01272
           709  u20dud02   0.10119 0.01024
           726  20udu02d   0.09490 0.00901
           743  udududud   0.09169 0.00841
           745  ududuudd   0.11123 0.01237
           761  02udu20d   0.08685 0.00754
           783  uuddudud   0.13619 0.01855
           785  uudduudd  -0.05114 0.00261
           798  u02dud20   0.08916 0.00795
           816  0u2du2d0   0.09067 0.00822
           853  20020022   0.08884 0.00789
           872  ud020ud2   0.08371 0.00701
           890  02020202   0.07645 0.00584
           907  u0d20u2d   0.09190 0.00844
           924  0ud202ud   0.09272 0.00860
           939  00220220   0.07299 0.00533
          1602  20002022  -0.09263 0.00858
          1610  ud002ud2  -0.10892 0.01186
          1619  02002202  -0.07510 0.00564
          1627  u0d02u2d  -0.09444 0.00892
          1636  0ud022ud  -0.10543 0.01111
          1643  0ud0ud22   0.05451 0.00297
          1645  00202220  -0.06763 0.00457
          1656  u00d22ud  -0.05450 0.00297
          1663  u00dud22   0.10412 0.01084
          1671  0u0du2d2   0.08556 0.00732
          1678  00udu22d   0.09228 0.00851
          1694  00020222  -0.07359 0.00542
          1764  00002222   0.11506 0.01324
 
      Natural orbitals and occupation numbers for root  1
      sym 1:   1.300615   1.263450   1.203956   1.128828   0.874195   0.696269   0.735349   0.797339
 
      ************************************************************************************************************************
      *                                                                                                                      *
      *                                                    Final results                                                     *
      *                                                                                                                      *
      ************************************************************************************************************************
 
 
++    Wave function specifications:
      -----------------------------
 
      Number of closed shell electrons           0
      Number of electrons in active shells       8
      Max number of holes in RAS1 space          0
      Max nr of electrons in RAS3 space          0
      Number of inactive orbitals                0
      Number of active orbitals                  8
      Number of secondary orbitals              32
      Spin quantum number                      0.0
      State symmetry                             1
--
 
++    Orbital specifications:
      -----------------------
 
      Symmetry species                           1
                                                 a
      Frozen orbitals                            0
      Inactive orbitals                          0
      Active orbitals                            8
      RAS1 orbitals                              0
      RAS2 orbitals                              8
      RAS3 orbitals                              0
      Secondary orbitals                        32
      Deleted orbitals                           0
      Number of basis functions                 40
--
 
++    CI expansion specifications:
      ----------------------------
 
      Number of CSFs                          1764
      Number of determinants                  2485
      Number of root(s) required                 1
      CI root used                               1
      highest root included in the CI            1
      Root passed to geometry opt.               1
--
 
++    Final optimization conditions:
      ------------------------------
 
      Average CI energy                              -3.99636881
      RASSCF energy for state  1                     -3.99636881
      Super-CI energy                                -0.00000000
      RASSCF energy change                            0.00000000
      Max change in MO coefficients               0.711E-05
      Max non-diagonal density matrix element     0.687E-05
      Maximum BLB matrix element                  0.468E-06
      (orbital pair   4,  15 in symmetry   1)
      Norm of electronic gradient            0.160E-05
--
 
 
      Final state energy(ies):
      ------------------------
 
::    RASSCF root number  1 Total energy:     -3.99636881
 
++    Molecular orbitals:
      -------------------
 
      Pseudonatural active orbitals and approximate occupation numbers
 
 
 
 
      Molecular orbitals for symmetry species 1: a  
 
 
      Orbital                1         2         3         4         5         6         7         8         9        10
      Energy            0.0000    0.0000    0.0000    0.0000    0.0000    0.0000    0.0000    0.0000    0.3290    0.3407
      Occ. No.          1.3006    1.2634    1.2040    1.1288    0.8742    0.6963    0.7353    0.7973    0.0000    0.0000
 
    1 H1     1s         0.2004   -0.3532    0.4111   -0.3281   -0.3547    0.2436    0.4172    0.4662    0.0787   -0.1118
    2 H1     2s         0.0150   -0.0270    0.0324   -0.0271   -0.0365    0.0322    0.0516    0.0527   -0.2093    0.3683
    3 H1     2px       -0.0000   -0.0000   -0.0000   -0.0000    0.0000    0.0000    0.0000    0.0000   -0.0000   -0.0000
    4 H1     2py        0.0000   -0.0000    0.0000    0.0000   -0.0000   -0.0000   -0.0000   -0.0000    0.0000   -0.0000
    5 H1     2pz        0.0007   -0.0010    0.0008   -0.0004   -0.0006    0.0016    0.0021    0.0015    0.0039   -0.0058
    6 H2     1s         0.2738   -0.4223    0.3835   -0.2006    0.1825   -0.3612   -0.5204   -0.4210    0.1384   -0.1740
    7 H2     2s         0.0178   -0.0333    0.0395   -0.0287    0.0121   -0.0602   -0.0775   -0.0501   -0.2282    0.3166
    8 H2     2px       -0.0000   -0.0000   -0.0000   -0.0000    0.0000   -0.0000   -0.0000   -0.0000   -0.0000   -0.0000
    9 H2     2py       -0.0000    0.0000   -0.0000   -0.0000   -0.0000    0.0000   -0.0000    0.0000   -0.0000    0.0000
   10 H2     2pz        0.0006   -0.0002   -0.0009    0.0011   -0.0001   -0.0001    0.0005    0.0007   -0.0000   -0.0006
   11 H3     1s         0.3656   -0.2997   -0.1452    0.4422    0.4686    0.4732    0.3898   -0.1416    0.1556   -0.1185
   12 H3     2s         0.0260   -0.0183   -0.0202    0.0461    0.0546    0.0782    0.0637   -0.0134   -0.2760    0.2502
   13 H3     2px        0.0000   -0.0000   -0.0000   -0.0000   -0.0000   -0.0000    0.0000   -0.0000    0.0000   -0.0000
   14 H3     2py        0.0000   -0.0000   -0.0000   -0.0000   -0.0000   -0.0000    0.0000   -0.0000    0.0000   -0.0000
   15 H3     2pz       -0.0000    0.0008   -0.0012    0.0004    0.0002    0.0012    0.0000   -0.0009   -0.0000   -0.0008
   16 H4     1s         0.3953   -0.1686   -0.3340    0.3768   -0.3867   -0.5173   -0.1923    0.4041    0.1686   -0.0482
   17 H4     2s         0.0270   -0.0176   -0.0246    0.0420   -0.0415   -0.0869   -0.0257    0.0595   -0.2975    0.0907
   18 H4     2px        0.0000    0.0000   -0.0000    0.0000    0.0000   -0.0000   -0.0000   -0.0000    0.0000    0.0000
   19 H4     2py        0.0000    0.0000   -0.0000    0.0000   -0.0000   -0.0000   -0.0000   -0.0000    0.0000    0.0000
   20 H4     2pz        0.0004    0.0009   -0.0007   -0.0008    0.0004    0.0007    0.0013   -0.0000   -0.0002   -0.0015
   21 H5     1s         0.3953    0.1685   -0.3342   -0.3767   -0.3865    0.5173   -0.1921   -0.4043    0.1686    0.0482
   22 H5     2s         0.0270    0.0176   -0.0246   -0.0420   -0.0415    0.0869   -0.0256   -0.0595   -0.2975   -0.0907
   23 H5     2px        0.0000    0.0000    0.0000    0.0000   -0.0000   -0.0000   -0.0000   -0.0000    0.0000    0.0000
   24 H5     2py        0.0000    0.0000    0.0000    0.0000   -0.0000   -0.0000   -0.0000   -0.0000    0.0000    0.0000
   25 H5     2pz       -0.0004    0.0009    0.0007   -0.0008   -0.0004    0.0007   -0.0013   -0.0000    0.0002   -0.0015
   26 H6     1s         0.3656    0.2996   -0.1455   -0.4422    0.4686   -0.4732    0.3896    0.1419    0.1556    0.1185
   27 H6     2s         0.0260    0.0183   -0.0202   -0.0461    0.0546   -0.0782    0.0637    0.0134   -0.2760   -0.2502
   28 H6     2px        0.0000   -0.0000    0.0000   -0.0000   -0.0000   -0.0000    0.0000   -0.0000    0.0000   -0.0000
   29 H6     2py        0.0000   -0.0000    0.0000   -0.0000   -0.0000   -0.0000    0.0000   -0.0000    0.0000   -0.0000
   30 H6     2pz        0.0000    0.0008    0.0012    0.0004   -0.0002    0.0012   -0.0000   -0.0009    0.0000   -0.0008
   31 H7     1s         0.2739    0.4224    0.3835    0.2004    0.1824    0.3613   -0.5204    0.4209    0.1383    0.1740
   32 H7     2s         0.0178    0.0333    0.0395    0.0287    0.0121    0.0602   -0.0775    0.0501   -0.2281   -0.3166
   33 H7     2px        0.0000   -0.0000    0.0000   -0.0000   -0.0000   -0.0000    0.0000   -0.0000    0.0000   -0.0000
   34 H7     2py        0.0000    0.0000    0.0000    0.0000    0.0000   -0.0000   -0.0000   -0.0000    0.0000    0.0000
   35 H7     2pz       -0.0006   -0.0002    0.0009    0.0011    0.0001   -0.0001   -0.0005    0.0007    0.0000   -0.0006
   36 H8     1s         0.2005    0.3533    0.4111    0.3279   -0.3545   -0.2437    0.4173   -0.4662    0.0787    0.1118
   37 H8     2s         0.0150    0.0270    0.0324    0.0271   -0.0365   -0.0322    0.0516   -0.0527   -0.2093   -0.3683
   38 H8     2px       -0.0000    0.0000    0.0000    0.0000   -0.0000   -0.0000    0.0000   -0.0000    0.0000    0.0000
   39 H8     2py        0.0000   -0.0000    0.0000   -0.0000   -0.0000   -0.0000   -0.0000   -0.0000    0.0000   -0.0000
   40 H8     2pz       -0.0007   -0.0010   -0.0008   -0.0004    0.0006    0.0016   -0.0021    0.0015   -0.0039   -0.0058
 
 
      Orbital               11        12        13        14        15        16        17        18        19        20
      Energy            0.3636    0.4009    0.4559    0.5367    0.6375    0.7424    0.7654    0.8682    0.8682    0.8822
      Occ. No.          0.0000    0.0000    0.0000    0.0000    0.0000    0.0000    0.0000    0.0000    0.0000    0.0000
 
    1 H1     1s         0.0843   -0.0124    0.0726   -0.1411    0.1574    0.1296   -0.0840   -0.0000    0.0000    0.0000
    2 H1     2s        -0.4646    0.5123    0.5120   -0.4663    0.3651    0.2382   -0.1441    0.0000   -0.0000   -0.0000
    3 H1     2px       -0.0000   -0.0000    0.0000    0.0000   -0.0000    0.0000    0.0000   -0.1168    0.0984    0.2245
    4 H1     2py        0.0000    0.0000   -0.0000   -0.0000    0.0000   -0.0000   -0.0000    0.0984    0.1168   -0.1828
    5 H1     2pz        0.0067   -0.0112   -0.0266    0.0657   -0.1413   -0.3220    0.2992   -0.0000    0.0000    0.0000
    6 H2     1s         0.1018   -0.0138   -0.0106    0.1132   -0.2071   -0.1572    0.0738    0.0000   -0.0000   -0.0000
    7 H2     2s        -0.2109   -0.0557   -0.3891    0.6732   -0.7103   -0.4325    0.2057   -0.0000    0.0000    0.0000
    8 H2     2px       -0.0000   -0.0000    0.0000   -0.0000    0.0000    0.0000   -0.0000   -0.2224    0.1874    0.3492
    9 H2     2py       -0.0000   -0.0000   -0.0000    0.0000   -0.0000   -0.0000   -0.0000    0.1874    0.2224   -0.2844
   10 H2     2pz        0.0069   -0.0250   -0.0474    0.0437    0.0442    0.3294   -0.3457    0.0000   -0.0000   -0.0000
   11 H3     1s        -0.0407    0.0919    0.0061   -0.0134    0.1919    0.1827   -0.0538   -0.0000    0.0000   -0.0000
   12 H3     2s         0.0912   -0.4441   -0.4186   -0.1156    0.6760    0.4973   -0.1508    0.0000   -0.0000    0.0000
   13 H3     2px       -0.0000   -0.0000   -0.0000   -0.0000   -0.0000    0.0000    0.0000   -0.3009    0.2535    0.3083
   14 H3     2py       -0.0000   -0.0000   -0.0000   -0.0000   -0.0000    0.0000   -0.0000    0.2535    0.3009   -0.2510
   15 H3     2pz        0.0057   -0.0034    0.0395   -0.1281    0.1295   -0.2192    0.3167    0.0000   -0.0000    0.0000
   16 H4     1s        -0.1255    0.0568   -0.0049   -0.0901   -0.0793   -0.1905    0.0198   -0.0000    0.0000    0.0000
   17 H4     2s         0.3480   -0.2580    0.4016   -0.5947   -0.2726   -0.5077    0.0527    0.0000   -0.0000   -0.0000
   18 H4     2px       -0.0000    0.0000    0.0000   -0.0000    0.0000   -0.0000   -0.0000   -0.3424    0.2884    0.1224
   19 H4     2py       -0.0000    0.0000    0.0000   -0.0000    0.0000    0.0000   -0.0000    0.2884    0.3424   -0.0997
   20 H4     2pz        0.0037    0.0167    0.0387    0.0700   -0.2555    0.0747   -0.2892   -0.0000    0.0000   -0.0000
   21 H5     1s        -0.1255   -0.0568   -0.0049    0.0901   -0.0793    0.1905    0.0198    0.0000   -0.0000   -0.0000
   22 H5     2s         0.3480    0.2580    0.4016    0.5947   -0.2726    0.5077    0.0527   -0.0000    0.0000    0.0000
   23 H5     2px        0.0000    0.0000   -0.0000   -0.0000    0.0000   -0.0000   -0.0000   -0.3424    0.2884   -0.1224
   24 H5     2py        0.0000    0.0000    0.0000   -0.0000    0.0000   -0.0000   -0.0000    0.2884    0.3424    0.0997
   25 H5     2pz       -0.0037    0.0167   -0.0387    0.0700    0.2555    0.0747    0.2892    0.0000   -0.0000    0.0000
   26 H6     1s        -0.0407   -0.0920    0.0061    0.0134    0.1919   -0.1827   -0.0538    0.0000   -0.0000   -0.0000
   27 H6     2s         0.0912    0.4441   -0.4186    0.1156    0.6760   -0.4973   -0.1508    0.0000   -0.0000    0.0000
   28 H6     2px        0.0000   -0.0000   -0.0000   -0.0000   -0.0000    0.0000   -0.0000   -0.3009    0.2535   -0.3083
   29 H6     2py        0.0000    0.0000   -0.0000   -0.0000   -0.0000    0.0000    0.0000    0.2535    0.3009    0.2510
   30 H6     2pz       -0.0057   -0.0034   -0.0395   -0.1281   -0.1295   -0.2192   -0.3167    0.0000   -0.0000    0.0000
   31 H7     1s         0.1018    0.0138   -0.0106   -0.1132   -0.2071    0.1572    0.0738    0.0000   -0.0000    0.0000
   32 H7     2s        -0.2109    0.0558   -0.3891   -0.6732   -0.7103    0.4325    0.2057    0.0000   -0.0000   -0.0000
   33 H7     2px        0.0000    0.0000   -0.0000   -0.0000   -0.0000    0.0000    0.0000   -0.2225    0.1874   -0.3492
   34 H7     2py        0.0000    0.0000    0.0000   -0.0000    0.0000    0.0000   -0.0000    0.1874    0.2225    0.2844
   35 H7     2pz       -0.0069   -0.0250    0.0474    0.0437   -0.0442    0.3294    0.3457   -0.0000    0.0000   -0.0000
   36 H8     1s         0.0843    0.0124    0.0726    0.1411    0.1574   -0.1296   -0.0840    0.0000   -0.0000    0.0000
   37 H8     2s        -0.4646   -0.5123    0.5120    0.4663    0.3651   -0.2382   -0.1441   -0.0000    0.0000   -0.0000
   38 H8     2px        0.0000    0.0000   -0.0000   -0.0000   -0.0000    0.0000    0.0000   -0.1168    0.0984   -0.2245
   39 H8     2py        0.0000    0.0000   -0.0000   -0.0000    0.0000    0.0000   -0.0000    0.0984    0.1168    0.1828
   40 H8     2pz       -0.0067   -0.0112    0.0266    0.0657    0.1413   -0.3220   -0.2992   -0.0000    0.0000    0.0000
 
 
      Orbital               21        22        23        24        25        26        27        28        29        30
      Energy            0.8822    0.9043    0.9043    0.9321    0.9321    0.9633    0.9633    0.9934    0.9934    1.0188
      Occ. No.          0.0000    0.0000    0.0000    0.0000    0.0000    0.0000    0.0000    0.0000    0.0000    0.0000
 
    1 H1     1s        -0.0000    0.0000   -0.0000    0.0000    0.0000   -0.0000    0.0000   -0.0000    0.0000    0.0000
    2 H1     2s         0.0000   -0.0000    0.0000   -0.0000   -0.0000    0.0000   -0.0000   -0.0000   -0.0000   -0.0000
    3 H1     2px       -0.1828   -0.2663    0.2931    0.2791   -0.3627   -0.2417    0.4010    0.3014   -0.2957   -0.2304
    4 H1     2py       -0.2245    0.2931    0.2663   -0.3627   -0.2791    0.4010    0.2417   -0.2957   -0.3014    0.2203
    5 H1     2pz        0.0000    0.0000   -0.0000    0.0000    0.0000    0.0000    0.0000   -0.0000   -0.0000   -0.0000
    6 H2     1s        -0.0000   -0.0000    0.0000   -0.0000   -0.0000   -0.0000   -0.0000    0.0000    0.0000   -0.0000
    7 H2     2s         0.0000    0.0000   -0.0000   -0.0000   -0.0000   -0.0000    0.0000    0.0000    0.0000    0.0000
    8 H2     2px       -0.2844   -0.2718    0.2991    0.1027   -0.1334    0.0802   -0.1331   -0.2948    0.2892    0.3465
    9 H2     2py       -0.3492    0.2991    0.2718   -0.1334   -0.1027   -0.1331   -0.0802    0.2892    0.2948   -0.3312
   10 H2     2pz       -0.0000   -0.0000    0.0000   -0.0000   -0.0000   -0.0000    0.0000    0.0000    0.0000    0.0000
   11 H3     1s         0.0000    0.0000   -0.0000    0.0000    0.0000    0.0000   -0.0000    0.0000   -0.0000   -0.0000
   12 H3     2s        -0.0000   -0.0000    0.0000    0.0000    0.0000    0.0000   -0.0000   -0.0000   -0.0000   -0.0000
   13 H3     2px       -0.2510   -0.0015    0.0016   -0.2464    0.3202    0.2137   -0.3545   -0.0038    0.0037   -0.3029
   14 H3     2py       -0.3083    0.0016    0.0015    0.3202    0.2464   -0.3545   -0.2137    0.0037    0.0038    0.2895
   15 H3     2pz        0.0000   -0.0000    0.0000    0.0000    0.0000    0.0000   -0.0000    0.0000   -0.0000   -0.0000
   16 H4     1s        -0.0000    0.0000   -0.0000   -0.0000    0.0000   -0.0000    0.0000    0.0000    0.0000    0.0000
   17 H4     2s        -0.0000    0.0000   -0.0000   -0.0000   -0.0000   -0.0000    0.0000    0.0000    0.0000    0.0000
   18 H4     2px       -0.0997    0.2688   -0.2958   -0.1850    0.2404   -0.1574    0.2612    0.2971   -0.2915    0.1198
   19 H4     2py       -0.1224   -0.2958   -0.2688    0.2404    0.1850    0.2612    0.1574   -0.2915   -0.2971   -0.1145
   20 H4     2pz        0.0000    0.0000   -0.0000    0.0000   -0.0000   -0.0000    0.0000   -0.0000    0.0000    0.0000
   21 H5     1s         0.0000   -0.0000    0.0000    0.0000   -0.0000    0.0000   -0.0000   -0.0000    0.0000   -0.0000
   22 H5     2s         0.0000   -0.0000    0.0000    0.0000    0.0000    0.0000   -0.0000   -0.0000   -0.0000   -0.0000
   23 H5     2px        0.0997    0.2688   -0.2958    0.1850   -0.2404   -0.1574    0.2612   -0.2971    0.2915    0.1198
   24 H5     2py        0.1224   -0.2958   -0.2688   -0.2404   -0.1850    0.2612    0.1574    0.2915    0.2971   -0.1145
   25 H5     2pz       -0.0000   -0.0000    0.0000   -0.0000    0.0000    0.0000   -0.0000    0.0000    0.0000   -0.0000
   26 H6     1s         0.0000    0.0000   -0.0000    0.0000   -0.0000   -0.0000    0.0000    0.0000   -0.0000    0.0000
   27 H6     2s        -0.0000    0.0000   -0.0000   -0.0000   -0.0000   -0.0000    0.0000    0.0000    0.0000    0.0000
   28 H6     2px        0.2510   -0.0015    0.0016    0.2464   -0.3202    0.2137   -0.3545    0.0038   -0.0037   -0.3029
   29 H6     2py        0.3083    0.0016    0.0015   -0.3202   -0.2464   -0.3545   -0.2137   -0.0037   -0.0038    0.2895
   30 H6     2pz       -0.0000   -0.0000    0.0000    0.0000    0.0000    0.0000   -0.0000    0.0000   -0.0000   -0.0000
   31 H7     1s        -0.0000   -0.0000    0.0000   -0.0000    0.0000    0.0000   -0.0000    0.0000   -0.0000   -0.0000
   32 H7     2s         0.0000   -0.0000    0.0000    0.0000   -0.0000    0.0000   -0.0000   -0.0000    0.0000   -0.0000
   33 H7     2px        0.2844   -0.2718    0.2991   -0.1027    0.1334    0.0802   -0.1331    0.2948   -0.2892    0.3465
   34 H7     2py        0.3492    0.2991    0.2718    0.1334    0.1027   -0.1331   -0.0802   -0.2892   -0.2948   -0.3312
   35 H7     2pz       -0.0000    0.0000   -0.0000    0.0000   -0.0000   -0.0000    0.0000   -0.0000    0.0000    0.0000
   36 H8     1s        -0.0000   -0.0000    0.0000   -0.0000    0.0000    0.0000   -0.0000    0.0000   -0.0000   -0.0000
   37 H8     2s         0.0000    0.0000   -0.0000   -0.0000   -0.0000   -0.0000    0.0000   -0.0000    0.0000    0.0000
   38 H8     2px        0.1828   -0.2663    0.2931   -0.2791    0.3627   -0.2417    0.4010   -0.3014    0.2957   -0.2304
   39 H8     2py        0.2245    0.2931    0.2663    0.3627    0.2791    0.4010    0.2417    0.2957    0.3014    0.2203
   40 H8     2pz        0.0000   -0.0000    0.0000   -0.0000    0.0000    0.0000   -0.0000    0.0000   -0.0000   -0.0000
 
 
      Orbital               31        32        33        34        35        36        37        38        39        40
      Energy            1.0188    1.0259    1.0359    1.0359    1.0422    1.0814    1.1389    1.2040    1.2650    1.3088
      Occ. No.          0.0000    0.0000    0.0000    0.0000    0.0000    0.0000    0.0000    0.0000    0.0000    0.0000
 
    1 H1     1s        -0.0000   -0.0780   -0.0000   -0.0000    0.1056   -0.1079    0.0979   -0.0859   -0.0662    0.0369
    2 H1     2s         0.0000   -0.1562    0.0000   -0.0000    0.2307   -0.2460    0.2162   -0.1697   -0.1141    0.0572
    3 H1     2px        0.2203    0.0000   -0.0884    0.1467    0.0000   -0.0000    0.0000    0.0000    0.0000   -0.0000
    4 H1     2py        0.2304    0.0000   -0.1467   -0.0884   -0.0000    0.0000    0.0000   -0.0000    0.0000   -0.0000
    5 H1     2pz        0.0000   -0.1776    0.0000   -0.0000    0.3286   -0.4300    0.4628   -0.4293   -0.3293    0.1787
    6 H2     1s        -0.0000    0.2368   -0.0000    0.0000   -0.2764    0.2301   -0.1454    0.0673    0.0085    0.0113
    7 H2     2s        -0.0000    0.5117   -0.0000    0.0000   -0.6108    0.4886   -0.2789    0.1195    0.0271    0.0026
    8 H2     2px       -0.3312   -0.0000    0.1633   -0.2709   -0.0000    0.0000   -0.0000   -0.0000   -0.0000   -0.0000
    9 H2     2py       -0.3465   -0.0000    0.2709    0.1633    0.0000   -0.0000   -0.0000   -0.0000   -0.0000    0.0000
   10 H2     2pz       -0.0000    0.2770   -0.0000    0.0000   -0.2953    0.0974    0.2243   -0.4851   -0.5468    0.3585
   11 H3     1s         0.0000   -0.4180    0.0000   -0.0000    0.3187   -0.1203   -0.0315    0.0580    0.0166    0.0172
   12 H3     2s         0.0000   -0.9175    0.0000   -0.0000    0.7111   -0.2528   -0.0537    0.0783    0.0129    0.0234
   13 H3     2px        0.2895    0.0000   -0.2194    0.3638    0.0000   -0.0000    0.0000    0.0000    0.0000   -0.0000
   14 H3     2py        0.3029    0.0000   -0.3638   -0.2194   -0.0000    0.0000    0.0000    0.0000    0.0000   -0.0000
   15 H3     2pz        0.0000   -0.2429   -0.0000    0.0000   -0.0864    0.4659   -0.4606    0.0025   -0.4695    0.4778
   16 H4     1s        -0.0000    0.5355   -0.0000    0.0000   -0.1423   -0.0894    0.0735    0.0476    0.0495    0.0024
   17 H4     2s        -0.0000    1.1833   -0.0000    0.0000   -0.3172   -0.1941    0.1339    0.0741    0.0626   -0.0008
   18 H4     2px       -0.1145   -0.0000    0.2491   -0.4132   -0.0000    0.0000   -0.0000    0.0000   -0.0000    0.0000
   19 H4     2py       -0.1198   -0.0000    0.4132    0.2491    0.0000    0.0000   -0.0000    0.0000   -0.0000    0.0000
   20 H4     2pz       -0.0000    0.0966    0.0000   -0.0000    0.4472   -0.3247   -0.3264    0.4574   -0.1918    0.5477
   21 H5     1s         0.0000   -0.5355   -0.0000    0.0000   -0.1423    0.0894    0.0735   -0.0476    0.0495   -0.0024
   22 H5     2s         0.0000   -1.1833   -0.0000    0.0000   -0.3172    0.1941    0.1339   -0.0741    0.0626    0.0008
   23 H5     2px       -0.1145   -0.0000   -0.2491    0.4132    0.0000    0.0000    0.0000   -0.0000    0.0000    0.0000
   24 H5     2py       -0.1198   -0.0000   -0.4132   -0.2491   -0.0000    0.0000   -0.0000   -0.0000    0.0000    0.0000
   25 H5     2pz        0.0000    0.0966   -0.0000    0.0000   -0.4472   -0.3247    0.3264    0.4574    0.1918    0.5477
   26 H6     1s        -0.0000    0.4180    0.0000   -0.0000    0.3187    0.1203   -0.0315   -0.0580    0.0166   -0.0172
   27 H6     2s        -0.0000    0.9175    0.0000   -0.0000    0.7110    0.2528   -0.0538   -0.0783    0.0129   -0.0234
   28 H6     2px        0.2895    0.0000    0.2193   -0.3638   -0.0000   -0.0000    0.0000    0.0000   -0.0000   -0.0000
   29 H6     2py        0.3029    0.0000    0.3638    0.2193    0.0000    0.0000    0.0000    0.0000   -0.0000   -0.0000
   30 H6     2pz        0.0000   -0.2429    0.0000   -0.0000    0.0864    0.4659    0.4606    0.0025    0.4695    0.4778
   31 H7     1s         0.0000   -0.2369    0.0000    0.0000   -0.2764   -0.2301   -0.1454   -0.0673    0.0085   -0.0113
   32 H7     2s         0.0000   -0.5117   -0.0000    0.0000   -0.6108   -0.4885   -0.2789   -0.1195    0.0271   -0.0026
   33 H7     2px       -0.3312   -0.0000   -0.1633    0.2709    0.0000    0.0000    0.0000   -0.0000    0.0000    0.0000
   34 H7     2py       -0.3465   -0.0000   -0.2709   -0.1633   -0.0000   -0.0000   -0.0000   -0.0000    0.0000    0.0000
   35 H7     2pz       -0.0000    0.2770    0.0000   -0.0000    0.2953    0.0974   -0.2243   -0.4851    0.5468    0.3585
   36 H8     1s         0.0000    0.0780    0.0000   -0.0000    0.1056    0.1079    0.0979    0.0859   -0.0662   -0.0369
   37 H8     2s        -0.0000    0.1562    0.0000   -0.0000    0.2307    0.2460    0.2162    0.1697   -0.1141   -0.0572
   38 H8     2px        0.2203    0.0000    0.0884   -0.1467   -0.0000   -0.0000    0.0000    0.0000   -0.0000   -0.0000
   39 H8     2py        0.2304    0.0000    0.1467    0.0884    0.0000    0.0000    0.0000    0.0000   -0.0000   -0.0000
   40 H8     2pz        0.0000   -0.1776   -0.0000    0.0000   -0.3286   -0.4300   -0.4628   -0.4293    0.3293    0.1787
--
 
      Von Neumann Entropy (Root  1) =  3.84034
 

      Mulliken population analysis for root number:  1
      -----------------------------------------------
 
 
++    Molecular charges:
      ------------------
 
      Mulliken charges per centre and basis function type
      ---------------------------------------------------
 
                H1      H2      H3      H4      H5      H6      H7      H8    
      1s       0.9930  1.0011  1.0017  1.0015  1.0015  1.0017  1.0011  0.9930
      2s       0.0057  0.0001 -0.0019 -0.0016 -0.0016 -0.0019  0.0001  0.0057
      2px      0.0000  0.0000  0.0000  0.0000  0.0000  0.0000  0.0000  0.0000
      2pz     -0.0001  0.0002  0.0001  0.0001  0.0001  0.0001  0.0002 -0.0001
      2py      0.0000  0.0000  0.0000  0.0000  0.0000  0.0000  0.0000  0.0000
      Total    0.9986  1.0014  1.0000  1.0000  1.0000  1.0000  1.0014  0.9986
 
      N-E      0.0014 -0.0014  0.0000  0.0000  0.0000  0.0000 -0.0014  0.0014
 
      Total electronic charge=    8.000000
 
      Total            charge=   -0.000000
--
 
 

      Expectation values of various properties for root number:  1
      -----------------------------------------------------------
 
 
++    Molecular properties:
      ---------------------
 
      Charge (e):
                      =   -0.0000
      Dipole Moment (Debye):
      Origin of the operator (Ang)=    0.0000    0.0000    0.0000
                   X= -2.6307E-09               Y= -1.3003E-09               Z=  2.0655E-05           Total=  2.0655E-05
      Quadrupole Moment (Debye*Ang):
      Origin of the operator (Ang)=    0.0000    0.0000    9.3121
                  XX= -1.2122E+01              XY= -2.3497E-16              XZ= -1.1390E-09              YY= -1.2122E+01
                  YZ= -2.3443E-08              ZZ= -1.1989E+01
      In traceless form (Debye*Ang)
                  XX= -6.6513E-02              XY= -3.5246E-16              XZ= -1.7085E-09              YY= -6.6513E-02
                  YZ= -3.5164E-08              ZZ=  1.3303E-01
--
 

      LoProp population analysis for root number:  1
      -----------------------------------------------
 
 
++    LoProp analysis:
      ----------------
 
 
 
  Input file to MOLDEN was generated!
 
 
++    Static properties:
      ------------------
 
 
      LoProp Charges per center
 

                   H1       H2       H3       H4       H5       H6       H7       H8    
      Nuclear      1.0000   1.0000   1.0000   1.0000   1.0000   1.0000   1.0000   1.0000
      Electronic  -1.0001  -0.9999  -1.0000  -1.0000  -1.0000  -1.0000  -0.9999  -1.0001
 
      Total       -0.0001   0.0001   0.0000  -0.0000  -0.0000   0.0000   0.0001  -0.0001
--
 
 
      Natural Bond Order analysis for root number:  1
 
++    Natural Bond Order analysis
      ---------------------------
      Based on LoProp computed density
      -------------------------------------------------------------------------------------
      Atom A       Atom B       Bond Order
      -------------------------------------------------------------------------------------
      The remaining    8.000 electrons are to be considered as diffuse
--
 
--
 
 
  Input file to MOLDEN was generated!
 
      Average orbitals are written to the RASORB file
      Natural orbitals for root   1 are written to the RASORB.1 file
      Spin density orbitals for root   1 are written to the SPDORB.1 file
 
forrtl: warning (525): IEEE_DIVIDE_BY_ZERO is signaling
forrtl: warning (526): IEEE_INVALID is signaling
forrtl: warning (528): IEEE_UNDERFLOW is signaling
--- Stop Module: rasscf at Sun Oct 26 13:43:07 2025 /rc=_RC_ALL_IS_WELL_ ---
*** files: H8_2.66.LprOrb H8_2.66.rasscf.molden H8_2.66.LoProp.molden H8_2.66.RasOrb.1 H8_2.66.RasOrb H8_2.66.rasscf.h5 H8_2.66.SpdOrb.1 xmldump
    saved to directory ${LOCALHOME}/DDCASPT2/hydrogen_comps/rerun/H8_chain/H8_2.66
--- Module rasscf spent 2 seconds ---

>>> COPY /tmp/H8_2.66/H8_2.66.rasscf.h5 ${LOCALHOME}/DDCASPT2/hydrogen_comps/rerun/H8_chain/H8_2.66/

>>> COPY /tmp/H8_2.66/DDCASPT2_Fock_MO.csv ${LOCALHOME}/DDCASPT2/hydrogen_comps/rerun/H8_chain/H8_2.66/H8_2.66.DDCASPT2_Fock_MO.csv

*** symbolic link created: INPORB -> H8_2.66.RasOrb
--- Start Module: motra at Sun Oct 26 13:43:07 2025 ---
 
()()()()()()()()()()()()()()()()()()()()()()()()()()()()()()()()()()()()()()()()()()()()()()()()()()

                                               &MOTRA

                                   only a single process is used
                       available to each process: 2.0 GB of memory, 1 thread?
()()()()()()()()()()()()()()()()()()()()()()()()()()()()()()()()()()()()()()()()()()()()()()()()()()
 
 
      *** WARNING: Default frozen orbitals is overwritten by user input.
      *** Default values:   0
 
      Header of the integral files:
      
       Integrals generated by seward 4.2.0  , Sun Oct 26 13:43:04 2025
 
 
      Header of MO coefficients source file:
      * RASSCF average (pseudo-natural) orbitals                                      
 
 
      Cartesian coordinates in Angstrom:
      -----------------------------------------------------
      No.  Label        X            Y            Z        
      -----------------------------------------------------
       1   H1         0.00000000   0.00000000   0.00000000
       2   H2         0.00000000   0.00000000   2.66060600
       3   H3         0.00000000   0.00000000   5.32121200
       4   H4         0.00000000   0.00000000   7.98181800
       5   H5         0.00000000   0.00000000  10.64242400
       6   H6         0.00000000   0.00000000  13.30303000
       7   H7         0.00000000   0.00000000  15.96363600
       8   H8         0.00000000   0.00000000  18.62424200
      -----------------------------------------------------
      Nuclear repulsion energy =    2.73336481
 
      Orbital specifications:
      -----------------------
 
      Symmetry species:              1
      Number of basis functions:    40
      Frozen orbitals:               0
      Deleted orbitals:              0
      Number of orbitals used:      40

       SYMMETRY  BASIS FUNCTIONS       ORBITALS      INTEGRALS   CPU(SEC)  I/O(SEC)
        1 1 1 1   40  40  40  40    40  40  40  40      336610       0.00      0.00

       TOTAL CPU TIME(SEC)    0.21TOTAL I/O TIME(SEC)    0.48
 
--- Stop Module: motra at Sun Oct 26 13:43:07 2025 /rc=_RC_ALL_IS_WELL_ ---
*** files: xmldump
    saved to directory ${LOCALHOME}/DDCASPT2/hydrogen_comps/rerun/H8_chain/H8_2.66

>>> COPY /tmp/H8_2.66/DDCASPT2_one_int_indx.csv ${LOCALHOME}/DDCASPT2/hydrogen_comps/rerun/H8_chain/H8_2.66/H8_2.66.DDCASPT2_one_int_indx.csv

>>> COPY /tmp/H8_2.66/DDCASPT2_one_int.csv ${LOCALHOME}/DDCASPT2/hydrogen_comps/rerun/H8_chain/H8_2.66/H8_2.66.DDCASPT2_one_int.csv

>>> COPY /tmp/H8_2.66/DDCASPT2_two_int_indx.csv ${LOCALHOME}/DDCASPT2/hydrogen_comps/rerun/H8_chain/H8_2.66/H8_2.66.DDCASPT2_two_int_indx.csv

>>> COPY /tmp/H8_2.66/DDCASPT2_two_int.csv ${LOCALHOME}/DDCASPT2/hydrogen_comps/rerun/H8_chain/H8_2.66/H8_2.66.DDCASPT2_two_int.csv

*** symbolic link created: INPORB -> H8_2.66.RasOrb
--- Start Module: caspt2 at Sun Oct 26 13:43:07 2025 ---
 
()()()()()()()()()()()()()()()()()()()()()()()()()()()()()()()()()()()()()()()()()()()()()()()()()()

                                              &CASPT2

                                   only a single process is used
                       available to each process: 2.0 GB of memory, 1 thread?
()()()()()()()()()()()()()()()()()()()()()()()()()()()()()()()()()()()()()()()()()()()()()()()()()()
 
 Cholesky algorithm in CASPT2 =    1
 
 ###############################################################################
 ###############################################################################
 ###                                                                         ###
 ###                                                                         ###
 ###    User changed nr of frozen orbitals.                                  ###
 ###                                                                         ###
 ###                                                                         ###
 ###############################################################################
 ###############################################################################
 
++    Wave function specifications:
      -----------------------------
 
      Number of closed shell electrons           0
      Number of electrons in active shells       8
      Max number of holes in RAS1 space          0
      Max number of electrons in RAS3 space      0
      Number of inactive orbitals                0
      Number of active orbitals                  8
      Number of secondary orbitals              32
      Spin quantum number                      0.0
      State symmetry                             1
      Number of CSFs                          1764
      Number of root(s) available                1
      Root passed to geometry opt.               1
      A file JOBMIX will be created.
      This is a CASSCF or RASSCF reference function
--
 
++    Orbital specifications:
      -----------------------
 
      Symmetry species                           1
                                                 a
      Frozen orbitals                            0
      Inactive orbitals                          0
      Active orbitals                            8
      Secondary orbitals                        32
      Deleted orbitals                           0
      Number of basis functions                 40
--
 
      Type of Fock operator: STANDARD
      Type of 0-order Hamiltonian: STANDARD WITH DEFAULT IPEA
        "IP-EA" denominator shift =      0.25
      The input orbitals and the CI vector will be transformed.
 
--------------------------------------------------------------------------------
 Estimated memory requirements:
  POLY3 :                   450746
  RHS:                      417296
  SIGMA :                   326032
  PRPCTL:                        0
 Available workspace:    230388092
 
++ CASPT2 computation for group   1
 
********************************************************************************
 Multi-State initialization phase begins for group   1
--------------------------------------------------------------------------------
********************************************************************************
 Compute H0 matrices for state    1
--------------------------------------------------------------------------------
--------------------------------------------------------------------------------
 H0 matrices have been computed.
 
********************************************************************************
  CASPT2 EQUATION SOLUTION
--------------------------------------------------------------------------------
 
  Total nr of CASPT2 parameters:
   Before reduction:       49280
   After  reduction:       48640
 
 The contributions to the second order correlation energy in atomic units.
-----------------------------------------------------------------------------------------------------------------------------
  IT.      VJTU        VJTI        ATVX        AIVX        VJAI        BVAT        BJAT        BJAI        TOTAL       RNORM  
-----------------------------------------------------------------------------------------------------------------------------
   1     0.000000    0.000000   -0.000548    0.000000    0.000000   -0.001544    0.000000    0.000000   -0.002092    0.000539
   2     0.000000    0.000000   -0.000554    0.000000    0.000000   -0.001546    0.000000    0.000000   -0.002100    0.000093
   3     0.000000    0.000000   -0.000555    0.000000    0.000000   -0.001546    0.000000    0.000000   -0.002101    0.000024
   4     0.000000    0.000000   -0.000555    0.000000    0.000000   -0.001546    0.000000    0.000000   -0.002101    0.000004
-------------------------------------------------------------------------------------------------------------------
 
  FINAL CASPT2 RESULT:
 
  Correlation energy /Case, /Symm, and sums:
 VJTU      0.00000000  0.00000000
 VJTIP     0.00000000  0.00000000
 VJTIM     0.00000000  0.00000000
 ATVX     -0.00055463 -0.00055463
 AIVX      0.00000000  0.00000000
 VJAIP     0.00000000  0.00000000
 VJAIM     0.00000000  0.00000000
 BVATP    -0.00137924 -0.00137924
 BVATM    -0.00016671 -0.00016671
 BJATP     0.00000000  0.00000000
 BJATM     0.00000000  0.00000000
 BJAIP     0.00000000  0.00000000
 BJAIM     0.00000000  0.00000000
 Summed:  -0.00210058 -0.00210058
 
      Reference energy:          -3.9963688059
      E2 (Non-variational):      -0.0021005791
      E2 (Variational):          -0.0021005861
      Total energy:              -3.9984693919
      Residual norm:              0.0000007816
      Reference weight:           0.99865
 
      Contributions to the CASPT2 correlation energy
      Active & Virtual Only:         -0.0021005791
      One Inactive Excited:           0.0000000000
      Two Inactive Excited:           0.0000000000
 
 
++ Denominators, etc.
----------------------------------------------------------------------------------------------------
 Report on small energy denominators, large coefficients, and large energy contributions.
CASE  SYMM ACTIVE-MIX  NON-ACTIVE INDICES          DENOMINATOR     RHS VALUE       COEFFICIENT     CONTRIBUTION
--
 
   (Skipping property calculation,
    use PROP keyword to activate)
--
 
  Total CASPT2 energies:
::    CASPT2 Root  1     Total energy:     -3.99846939
 
  A NEW JOBIPH FILE NAMED 'JOBMIX' IS PREPARED.
********************************************************************************
forrtl: warning (528): IEEE_UNDERFLOW is signaling
--- Stop Module: caspt2 at Sun Oct 26 13:43:08 2025 /rc=_RC_ALL_IS_WELL_ ---
*** files: xmldump
    saved to directory ${LOCALHOME}/DDCASPT2/hydrogen_comps/rerun/H8_chain/H8_2.66

>>> EXPORT i = B

>>> EXPORT j = P

>>> IF (-FILE DDCASPT2_e2_${i}_${j}_1_.csv)
(Skipped)

>>> END FOREACH

>>> EXPORT j = M

>>> IF (-FILE DDCASPT2_e2_${i}_${j}_1_.csv)
(Skipped)

>>> END FOREACH

>>> END FOREACH

>>> EXPORT i = E

>>> EXPORT j = P

>>> IF (-FILE DDCASPT2_e2_${i}_${j}_1_.csv)
(Skipped)

>>> END FOREACH

>>> EXPORT j = M

>>> IF (-FILE DDCASPT2_e2_${i}_${j}_1_.csv)
(Skipped)

>>> END FOREACH

>>> END FOREACH

>>> EXPORT i = F

>>> EXPORT j = P

>>> IF (-FILE DDCASPT2_e2_${i}_${j}_1_.csv)

>>> COPY /tmp/H8_2.66/DDCASPT2_RHS_F_P_1_.csv ${LOCALHOME}/DDCASPT2/hydrogen_comps/rerun/H8_chain/H8_2.66/DDCASPT2_RHS_F_P_1_.csv

>>> COPY /tmp/H8_2.66/DDCASPT2_IVECW_F_P_1_.csv ${LOCALHOME}/DDCASPT2/hydrogen_comps/rerun/H8_chain/H8_2.66/DDCASPT2_IVECW_F_P_1_.csv

>>> COPY /tmp/H8_2.66/DDCASPT2_IVECX_F_P_1_.csv ${LOCALHOME}/DDCASPT2/hydrogen_comps/rerun/H8_chain/H8_2.66/DDCASPT2_IVECX_F_P_1_.csv

>>> COPY /tmp/H8_2.66/DDCASPT2_IVECC2_F_P_1_.csv ${LOCALHOME}/DDCASPT2/hydrogen_comps/rerun/H8_chain/H8_2.66/DDCASPT2_IVECC2_F_P_1_.csv

>>> COPY /tmp/H8_2.66/DDCASPT2_e2_F_P_1_.csv ${LOCALHOME}/DDCASPT2/hydrogen_comps/rerun/H8_chain/H8_2.66/DDCASPT2_e2_F_P_1_.csv

>>> END FOREACH

>>> EXPORT j = M

>>> IF (-FILE DDCASPT2_e2_${i}_${j}_1_.csv)

>>> COPY /tmp/H8_2.66/DDCASPT2_RHS_F_M_1_.csv ${LOCALHOME}/DDCASPT2/hydrogen_comps/rerun/H8_chain/H8_2.66/DDCASPT2_RHS_F_M_1_.csv

>>> COPY /tmp/H8_2.66/DDCASPT2_IVECW_F_M_1_.csv ${LOCALHOME}/DDCASPT2/hydrogen_comps/rerun/H8_chain/H8_2.66/DDCASPT2_IVECW_F_M_1_.csv

>>> COPY /tmp/H8_2.66/DDCASPT2_IVECX_F_M_1_.csv ${LOCALHOME}/DDCASPT2/hydrogen_comps/rerun/H8_chain/H8_2.66/DDCASPT2_IVECX_F_M_1_.csv

>>> COPY /tmp/H8_2.66/DDCASPT2_IVECC2_F_M_1_.csv ${LOCALHOME}/DDCASPT2/hydrogen_comps/rerun/H8_chain/H8_2.66/DDCASPT2_IVECC2_F_M_1_.csv

>>> COPY /tmp/H8_2.66/DDCASPT2_e2_F_M_1_.csv ${LOCALHOME}/DDCASPT2/hydrogen_comps/rerun/H8_chain/H8_2.66/DDCASPT2_e2_F_M_1_.csv

>>> END FOREACH

>>> END FOREACH

>>> EXPORT i = G

>>> EXPORT j = P

>>> IF (-FILE DDCASPT2_e2_${i}_${j}_1_.csv)
(Skipped)

>>> END FOREACH

>>> EXPORT j = M

>>> IF (-FILE DDCASPT2_e2_${i}_${j}_1_.csv)
(Skipped)

>>> END FOREACH

>>> END FOREACH

>>> EXPORT i = H

>>> EXPORT j = P

>>> IF (-FILE DDCASPT2_e2_${i}_${j}_1_.csv)
(Skipped)

>>> END FOREACH

>>> EXPORT j = M

>>> IF (-FILE DDCASPT2_e2_${i}_${j}_1_.csv)
(Skipped)

>>> END FOREACH

>>> END FOREACH

>>> EXPORT i = A

>>> IF (-FILE DDCASPT2_e2_${i}_1_.csv)
(Skipped)

>>> END FOREACH

>>> EXPORT i = C

>>> IF (-FILE DDCASPT2_e2_${i}_1_.csv)

>>> COPY /tmp/H8_2.66/DDCASPT2_RHS_C_1_.csv ${LOCALHOME}/DDCASPT2/hydrogen_comps/rerun/H8_chain/H8_2.66/DDCASPT2_RHS_C_1_.csv

>>> COPY /tmp/H8_2.66/DDCASPT2_IVECW_C_1_.csv ${LOCALHOME}/DDCASPT2/hydrogen_comps/rerun/H8_chain/H8_2.66/DDCASPT2_IVECW_C_1_.csv

>>> COPY /tmp/H8_2.66/DDCASPT2_IVECX_C_1_.csv ${LOCALHOME}/DDCASPT2/hydrogen_comps/rerun/H8_chain/H8_2.66/DDCASPT2_IVECX_C_1_.csv

>>> COPY /tmp/H8_2.66/DDCASPT2_IVECC2_C_1_.csv ${LOCALHOME}/DDCASPT2/hydrogen_comps/rerun/H8_chain/H8_2.66/DDCASPT2_IVECC2_C_1_.csv

>>> COPY /tmp/H8_2.66/DDCASPT2_e2_C_1_.csv ${LOCALHOME}/DDCASPT2/hydrogen_comps/rerun/H8_chain/H8_2.66/DDCASPT2_e2_C_1_.csv

>>> END FOREACH

>>> EXPORT i = D

>>> IF (-FILE DDCASPT2_e2_${i}_1_.csv)
(Skipped)

>>> END FOREACH

.########################.
.# Non-zero return code #.
.########################.

    Timing: Wall=4.66 User=3.79 System=0.85
***************************************
*** WorkDir at /tmp/H8_2.66 cleaned ***
***************************************
