   This run of MOLCAS is using the pymolcas driver

                             OPE
                             OPE          NMOL  CASOP  ENMOLC A   SO
                 OPE        NMOLC        AS  OP EN  MO LC     AS  OP
                OPENM       OL CA        SO  PE NM  OL CA     SOP EN
                OP EN      MO   LC       AS  OP ENMOL  CASO   PENMOL
                OP  EN     MO   LC       AS  OP EN     MO     LC ASO
               OP   E  NMOL  C  AS       OP  EN MO     LC     AS  OP
               OP  E   NMO   LC AS        OPEN  MO     LCASOP EN   M
               O  PEN   MO  LCA  SO
            OPE   NMO   L   CAS    OP
        OPENMOL  CASOP     ENMOL   CASOPE
     OPENMOLCA   SOPENMOLCASOPEN   MOLCASOPE
    OPENMOLCAS   OP           EN   MOL    CAS
    OPENMOLCAS       OP  ENM        O     LCA
    OPENMOLCAS    OPEN  MOLCASO     P  E  NMO
    OPENMOLCAS     OP               E  N  MOL
    OPENMOLCA   SO           PENM   O  L  CAS    OPEN    MO    LCAS
    OPENMOLCA   SOP           ENM   O  L  CAS   OP  EN  MOLC  AS   O
    OPENMOLCA   SOPE           NM      O  LCA   S      OP  EN MO
    OPENMOLC                AS         O  PEN   M      OL  CA  SOPE
    OPENMO        LCASOPE  NMOL        C  ASO   P      ENMOLC     AS
    OPE     NMO      LCA  SO     P     E   NM   OL  CA SO  PE N   MO
          OPENMOLCA            SOPE   NMO        LCAS  O    P  ENMO
     OPENMOLCASOPENMOLCASOPENMOLCASOPENMOLCA
        OPENMOLCASOPENMOLCASOPENMOLCASOPE
            OPENMOLCASOPENMOLCASOPENM
               OPENMOLCASOPENMOLCA        version: f37762c57
                   OPENMOLCASO
                       OPE                tag:

 OpenMolcas is free software; you can redistribute it and/or modify it
 under the terms of the GNU Lesser General Public License version 2.1.
 OpenMolcas is distributed in the hope that it will be useful, but it
 is provided "as is" and without any express or implied warranties.
 For more details see the full text of the license in the file
 LICENSE or in <http://www.gnu.org/licenses/>.

                 Copyright (C) The OpenMolcas Authors
           For the author list and the recommended citation,
                   consult the file CONTRIBUTORS.md

           *************************************************
           * pymolcas version py2.28                       *
           *   build c4a6d18ded8cb6cad61d2372a9abd97c      *
           *   (after the EMIL interpreter by V. Veryazov) *
           *************************************************

configuration info
------------------
C Compiler ID: Intel
C flags: -std=gnu99 -gcc-sys
Fortran Compiler ID: IntelLLVM
Fortran flags: -standard-semantics -fltconsistency -fpp -i8 -heap-arrays
Definitions: _MOLCAS_;_I8_;_LINUX_
Parallel: OFF (GA=OFF)


   --------------------------------------------------------------------------------------
  |
  |              Project: H6_1.91
  |       Submitted from: ${LOCALHOME}/DDCASPT2/hydrogen_comps/rerun/H6_chain/H6_1.91
  |         Scratch area: /tmp/H6_1.91
  |      Save outputs to: ${LOCALHOME}/DDCASPT2/hydrogen_comps/rerun/H6_chain/H6_1.91
  |               Molcas: ${LOCALHOME}/Test/build
  |
  | Scratch area is empty
  |
  |       MOLCAS_DRIVER = /usr/local/pymolcas
  | MOLCAS_KEEP_WORKDIR = NO
  |  MOLCAS_NEW_WORKDIR = YES
  |       MOLCAS_NPROCS = 1
  |        MOLCAS_PRINT = NORMAL
  |       MOLCAS_SOURCE = ${LOCALHOME}/Test
  |    MOLCAS_STRUCTURE = 0
  |
   --------------------------------------------------------------------------------------

++ ---------   Input file   ---------

&GATEWAY
coord=H6_1.91.xyz
Basis = ANO-RCC-VDZP
Group = nosymm
End of Input

&SEWARD
End of Input

&SCF

>>> COPY $WorkDir/H6_1.91.scf.h5 $CurrDir/

&RASSCF
Title= RASSCF
FileOrb
${LOCALHOME}/DDCASPT2/hydrogen_comps/rerun/H6_chain/H6_0.60/H6_0.60.RasOrb
NACTEL
6 0 0
Inactive
0
RAS2
6
Symmetry
1
Spin
1
orblisting
all

>>> COPY $WorkDir/H6_1.91.rasscf.h5 $CurrDir/

>>> COPY $WorkDir/DDCASPT2_Fock_MO.csv $CurrDir/H6_1.91.DDCASPT2_Fock_MO.csv

&MOTRA
Frozen=0
LUMORB

>>> COPY $WorkDir/DDCASPT2_one_int_indx.csv $CurrDir/H6_1.91.DDCASPT2_one_int_indx.csv

>>> COPY $WorkDir/DDCASPT2_one_int.csv $CurrDir/H6_1.91.DDCASPT2_one_int.csv

>>> COPY $WorkDir/DDCASPT2_two_int_indx.csv $CurrDir/H6_1.91.DDCASPT2_two_int_indx.csv

>>> COPY $WorkDir/DDCASPT2_two_int.csv $CurrDir/H6_1.91.DDCASPT2_two_int.csv

&CASPT2
Frozen
0

MAXITER
50

>>> FOREACH i IN (B,E,F,G,H)

  >>> FOREACH j IN (P,M)

    >>> IF (-FILE DDCASPT2_e2_${i}_${j}_1_.csv)

      >>> COPY $WorkDir/DDCASPT2_RHS_${i}_${j}_1_.csv $CurrDir/DDCASPT2_RHS_${i}_${j}_1_.csv

      >>> COPY $WorkDir/DDCASPT2_IVECW_${i}_${j}_1_.csv $CurrDir/DDCASPT2_IVECW_${i}_${j}_1_.csv

      >>> COPY $WorkDir/DDCASPT2_IVECX_${i}_${j}_1_.csv $CurrDir/DDCASPT2_IVECX_${i}_${j}_1_.csv

      >>> COPY $WorkDir/DDCASPT2_IVECC2_${i}_${j}_1_.csv $CurrDir/DDCASPT2_IVECC2_${i}_${j}_1_.csv

      >>> COPY $WorkDir/DDCASPT2_e2_${i}_${j}_1_.csv $CurrDir/DDCASPT2_e2_${i}_${j}_1_.csv

    >>> END IF

  >>> END FOREACH

>>> END FOREACH

>>> FOREACH i IN (A,C,D)

  >>> IF (-FILE DDCASPT2_e2_${i}_1_.csv)

    >>> COPY $WorkDir/DDCASPT2_RHS_${i}_1_.csv $CurrDir/DDCASPT2_RHS_${i}_1_.csv

    >>> COPY $WorkDir/DDCASPT2_IVECW_${i}_1_.csv $CurrDir/DDCASPT2_IVECW_${i}_1_.csv

    >>> COPY $WorkDir/DDCASPT2_IVECX_${i}_1_.csv $CurrDir/DDCASPT2_IVECX_${i}_1_.csv

    >>> COPY $WorkDir/DDCASPT2_IVECC2_${i}_1_.csv $CurrDir/DDCASPT2_IVECC2_${i}_1_.csv

    >>> COPY $WorkDir/DDCASPT2_e2_${i}_1_.csv $CurrDir/DDCASPT2_e2_${i}_1_.csv

  >>> END IF

>>> END FOREACH

-- ----------------------------------

--- Start Module: gateway at Sun Oct 26 13:05:47 2025 ---
 
()()()()()()()()()()()()()()()()()()()()()()()()()()()()()()()()()()()()()()()()()()()()()()()()()()

                                              &GATEWAY

                                   only a single process is used
                       available to each process: 2.0 GB of memory, 1 thread?
()()()()()()()()()()()()()()()()()()()()()()()()()()()()()()()()()()()()()()()()()()()()()()()()()()
 
 
++    Symmetry information:
      ---------------------
 
                    Character Table for C1 
 
                             E  
                    a        1  x, y, xy, Rz, z, xz, Ry, yz, Rx, I
--
 
 
++    Basis set information:
      ----------------------
 
 
      Basis set label: H.ANO-RCC...2S1P.
 
      Electronic valence basis set:
      ------------------
      Associated Effective Charge   1.000000 au
      Associated Actual Charge      1.000000 au
      Nuclear Model: Point charge
 
      Shell  nPrim  nBasis  Cartesian Spherical Contaminant
         s       8       2        X                  
         p       4       1        X                  
--
 
 
++    Molecular structure info:
      -------------------------
 
                    ************************************************ 
                    **** Cartesian Coordinates / Bohr, Angstrom **** 
                    ************************************************ 
 
     Center  Label                x              y              z                     x              y              z
        1      H1               0.000000       0.000000       0.000000              0.000000       0.000000       0.000000
        2      H2               0.000000       0.000000       3.607659              0.000000       0.000000       1.909091
        3      H3               0.000000       0.000000       7.215318              0.000000       0.000000       3.818182
        4      H4               0.000000       0.000000      10.822977              0.000000       0.000000       5.727273
        5      H5               0.000000       0.000000      14.430637              0.000000       0.000000       7.636364
        6      H6               0.000000       0.000000      18.038296              0.000000       0.000000       9.545455
 
                    *************************************** 
                    *    InterNuclear Distances / Bohr    * 
                    *************************************** 
 
               1 H1            2 H2            3 H3            4 H4            5 H5            6 H6    
    1 H1       0.000000
    2 H2       3.607659        0.000000
    3 H3       7.215318        3.607659        0.000000
    4 H4      10.822977        7.215318        3.607659        0.000000
    5 H5      14.430637       10.822977        7.215318        3.607659        0.000000
    6 H6      18.038296       14.430637       10.822977        7.215318        3.607659        0.000000
 
                    ******************************************* 
                    *    InterNuclear Distances / Angstrom    * 
                    ******************************************* 
 
               1 H1            2 H2            3 H3            4 H4            5 H5            6 H6    
    1 H1       0.000000
    2 H2       1.909091        0.000000
    3 H3       3.818182        1.909091        0.000000
    4 H4       5.727273        3.818182        1.909091        0.000000
    5 H5       7.636364        5.727273        3.818182        1.909091        0.000000
    6 H6       9.545455        7.636364        5.727273        3.818182        1.909091        0.000000
--
 
 
            Nuclear Potential Energy              2.41153603 au
 
--- Stop Module: gateway at Sun Oct 26 13:05:47 2025 /rc=_RC_ALL_IS_WELL_ ---
*** files: xmldump
    saved to directory ${LOCALHOME}/DDCASPT2/hydrogen_comps/rerun/H6_chain/H6_1.91

--- Start Module: seward at Sun Oct 26 13:05:47 2025 ---
 
()()()()()()()()()()()()()()()()()()()()()()()()()()()()()()()()()()()()()()()()()()()()()()()()()()

                                              &SEWARD

                                   only a single process is used
                       available to each process: 2.0 GB of memory, 1 thread?
()()()()()()()()()()()()()()()()()()()()()()()()()()()()()()()()()()()()()()()()()()()()()()()()()()
 
               SEWARD will generate:
                  Multipole Moment integrals up to order  2
                  Kinetic Energy integrals
                  Nuclear Attraction integrals (point charge)
                  One-Electron Hamiltonian integrals
                  Velocity integrals
                  Relativistic Douglas-Kroll-Hess integrals:
                    - Parametrization         : EXP
                    - DKH order of Hamiltonian: 2
                    - DKH order of Properties : 0
                         - multipole moment operators
                         - electric potential operators
                         - contact operators
                  Atomic mean-field integrals
                  Two-Electron Repulsion integrals
 
                   Integrals are discarded if absolute value <: 0.10E-13
                   Integral cutoff threshold is set to       <: 0.10E-15
 
            Nuclear Potential Energy              2.41153603 au
 
 
      Basis set specifications :
      Symmetry species         a  
      Basis functions           30
 
 
  Input file to MOLDEN was generated!
 
forrtl: warning (525): IEEE_DIVIDE_BY_ZERO is signaling
forrtl: warning (526): IEEE_INVALID is signaling
forrtl: warning (528): IEEE_UNDERFLOW is signaling
--- Stop Module: seward at Sun Oct 26 13:05:48 2025 /rc=_RC_ALL_IS_WELL_ ---
*** files: H6_1.91.GssOrb H6_1.91.guessorb.h5 H6_1.91.guessorb.molden xmldump
    saved to directory ${LOCALHOME}/DDCASPT2/hydrogen_comps/rerun/H6_chain/H6_1.91

*** symbolic link created: INPORB -> H6_1.91.GssOrb
--- Start Module: scf at Sun Oct 26 13:05:48 2025 ---
 
()()()()()()()()()()()()()()()()()()()()()()()()()()()()()()()()()()()()()()()()()()()()()()()()()()

                                                &SCF

                                   only a single process is used
                       available to each process: 2.0 GB of memory, 1 thread?
()()()()()()()()()()()()()()()()()()()()()()()()()()()()()()()()()()()()()()()()()()()()()()()()()()
 
++    Input section:
      --------------
 
      Header of the integral files:
      
       Integrals generated by seward 4.2.0  , Sun Oct 26 13:05:47 2025
 
 
      Cartesian coordinates in Angstrom:
      -----------------------------------------------------
      No.  Label        X            Y            Z        
      -----------------------------------------------------
       1   H1         0.00000000   0.00000000   0.00000000
       2   H2         0.00000000   0.00000000   1.90909100
       3   H3         0.00000000   0.00000000   3.81818200
       4   H4         0.00000000   0.00000000   5.72727300
       5   H5         0.00000000   0.00000000   7.63636400
       6   H6         0.00000000   0.00000000   9.54545500
      -----------------------------------------------------
      Nuclear repulsion energy =    2.41153603
--
 
++    Orbital specifications:
      -----------------------
 
      Symmetry species               1
                                     a
      Frozen orbitals                0
      Occupied orbitals              3
      Secondary orbitals            27
      Deleted orbitals               0
      Total number of orbitals      30
      Number of basis functions     30
--
 
      Molecular charge                           0.000
 
++    Optimization specifications:
      ----------------------------
 
      SCF Algorithm: Conventional
      Minimized density differences are used
      Number of density matrices in core                5
      Maximum number of NDDO SCF iterations           400
      Maximum number of HF SCF iterations             400
      Threshold for SCF energy change            0.10E-08
      Threshold for density matrix               0.10E-03
      Threshold for Fock matrix                  0.15E-03
      Threshold for linear dependence            0.10E-08
      Threshold at which DIIS is turned on       0.15E+00
      Threshold at which QNR/C2DIIS is turned on 0.75E-01
      Threshold for Norm(delta) (QNR/C2DIIS)     0.20E-04
      DIIS extrapolation of the SCF procedure
      All orbitals punched on: SCFORB
--
 
      Input vectors read from INPORB
      Orbital file label: *Guess orbitals
 
 
++ Convergence information
                                   SCF        iterations: Energy and convergence statistics
 
Iter     Tot. SCF        One-elec.       Two-elec.     Energy      Max Dij or  Max Fij      DNorm      TNorm      AccCon     Time
         Energy          Energy          Energy        Change      Delta Norm                                                in Sec.
   1    -2.687749979    -8.046530297     2.947244287   0.00E+00    0.31E+00*   0.95E-01*    0.35E+01   0.70E+01   None         0.
   2    -2.802105308    -8.030308947     2.816667609  -0.11E+00*   0.94E-01*   0.17E-01*    0.10E+01   0.68E+01   EDIIS        0.
   3    -2.807817446    -7.988531334     2.769177857  -0.57E-02*   0.44E-01*   0.74E-02*    0.19E+00   0.68E+01   EDIIS        0.
   4    -2.808602014    -7.989137180     2.768999134  -0.78E-03*   0.21E-01*   0.46E-02*    0.84E-01   0.68E+01   c2DIIS       0.
   5    -2.808837650    -7.984655258     2.764281577  -0.24E-03*   0.47E-02*   0.14E-02*    0.11E-01   0.68E+01   QNRc2DIIS    0.
   6    -2.808858445    -7.986252201     2.765857724  -0.21E-04*   0.42E-02*   0.56E-03*    0.15E-02   0.68E+01   QNRc2DIIS    0.
   7    -2.808865393    -7.985917070     2.765515646  -0.69E-05*   0.42E-03*   0.87E-04     0.31E-03   0.68E+01   QNRc2DIIS    0.
   8    -2.808865484    -7.985726082     2.765324568  -0.91E-07*   0.17E-04    0.65E-05     0.85E-04   0.68E+01   QNRc2DIIS    0.
   9    -2.808865484    -7.985714435     2.765312920  -0.38E-09    0.50E-06    0.18E-06     0.69E-05   0.68E+01   QNRc2DIIS    0.
 
       Convergence after  9 Macro Iterations
--
 
 *****************************************************************************************************************************
 *                                                                                                                           *
 *                                             SCF/KS-DFT Program, Final results                                             *
 *                                                                                                                           *
 *                                                                                                                           *
 *                                                                                                                           *
 *                                                       Final Results                                                       *
 *                                                                                                                           *
 *****************************************************************************************************************************
 
::    Total SCF energy                                 -2.8088654839
      One-electron energy                              -7.9857144352
      Two-electron energy                               2.7653129204
      Nuclear repulsion energy                          2.4115360309
      Kinetic energy (interpolated)                     2.0786300196
      Virial theorem                                    1.3513061283
      Total spin, S(S+1)                                0.0000000000
      Total spin, S                                     0.0000000000
      Max non-diagonal density matrix element           0.0000005445
      Max non-diagonal Fock matrix element              0.0000000341
 
 
      All orbitals with orbital energies smaller than  E(LUMO)+0.5 are printed
 
++    Molecular orbitals:
      -------------------
 
      Title: SCF orbitals

      Molecular orbitals for symmetry species 1: a  
 
          Orbital            1         2         3         4         5         6         7         8    
          Energy           -0.4548   -0.4152   -0.3575   -0.1106   -0.0250    0.0598    0.3126    0.3494
          Occ. No.          2.0000    2.0000    2.0000    0.0000    0.0000    0.0000    0.0000    0.0000
 
        1 H1     1s         0.2133   -0.3812    0.3950   -0.5257    0.6197   -0.4088   -0.1529    0.1751
        2 H1     2s         0.0228   -0.0498    0.0687   -0.1871    0.2651   -0.2014    0.3161   -0.5418
        3 H1     2px        0.0000   -0.0000    0.0000   -0.0000    0.0000   -0.0000    0.0000   -0.0000
        4 H1     2py       -0.0000    0.0000   -0.0000   -0.0000    0.0000   -0.0000   -0.0000    0.0000
        5 H1     2pz        0.0123   -0.0173    0.0123    0.0048   -0.0218    0.0313   -0.0410    0.0512
        6 H2     1s         0.3096   -0.4481    0.3177    0.2893   -0.7209    0.6989   -0.1896    0.1399
        7 H2     2s         0.0308   -0.0846    0.0998    0.0961   -0.2999    0.2988    0.2407   -0.2447
        8 H2     2px       -0.0000    0.0000    0.0000   -0.0000    0.0000   -0.0000    0.0000   -0.0000
        9 H2     2py        0.0000    0.0000   -0.0000    0.0000   -0.0000   -0.0000   -0.0000    0.0000
       10 H2     2pz        0.0002    0.0107   -0.0201    0.0272   -0.0137   -0.0173    0.0108   -0.0429
       11 H3     1s         0.4130   -0.0949   -0.4493    0.5251    0.2618   -0.8696   -0.2166    0.1010
       12 H3     2s         0.0475    0.0064   -0.1166    0.1879    0.1130   -0.3666    0.2894   -0.1106
       13 H3     2px        0.0000   -0.0000   -0.0000   -0.0000    0.0000   -0.0000   -0.0000    0.0000
       14 H3     2py        0.0000   -0.0000   -0.0000   -0.0000   -0.0000    0.0000   -0.0000   -0.0000
       15 H3     2pz        0.0072    0.0111   -0.0163   -0.0220    0.0282    0.0132   -0.0122   -0.0264
       16 H4     1s         0.4130    0.0949   -0.4493   -0.5251    0.2618    0.8696   -0.2166   -0.1010
       17 H4     2s         0.0475   -0.0064   -0.1166   -0.1879    0.1130    0.3666    0.2894    0.1106
       18 H4     2px        0.0000   -0.0000   -0.0000   -0.0000    0.0000    0.0000   -0.0000    0.0000
       19 H4     2py       -0.0000   -0.0000   -0.0000   -0.0000   -0.0000   -0.0000   -0.0000   -0.0000
       20 H4     2pz       -0.0072    0.0111    0.0163   -0.0220   -0.0282    0.0132    0.0122   -0.0264
       21 H5     1s         0.3096    0.4481    0.3177   -0.2893   -0.7209   -0.6989   -0.1896   -0.1399
       22 H5     2s         0.0308    0.0846    0.0998   -0.0961   -0.2999   -0.2988    0.2407    0.2447
       23 H5     2px       -0.0000   -0.0000    0.0000   -0.0000   -0.0000   -0.0000   -0.0000    0.0000
       24 H5     2py        0.0000    0.0000   -0.0000   -0.0000    0.0000    0.0000   -0.0000   -0.0000
       25 H5     2pz       -0.0002    0.0107    0.0201    0.0272    0.0137   -0.0173   -0.0108   -0.0429
       26 H6     1s         0.2133    0.3812    0.3950    0.5257    0.6197    0.4088   -0.1529   -0.1751
       27 H6     2s         0.0228    0.0498    0.0687    0.1871    0.2651    0.2014    0.3161    0.5418
       28 H6     2px       -0.0000    0.0000   -0.0000    0.0000    0.0000    0.0000    0.0000    0.0000
       29 H6     2py       -0.0000    0.0000   -0.0000    0.0000   -0.0000    0.0000   -0.0000    0.0000
       30 H6     2pz       -0.0123   -0.0173   -0.0123    0.0048    0.0218    0.0313    0.0410    0.0512
--
 
 
++    Molecular charges:
      ------------------
 
      Mulliken charges per centre and basis function type
      ---------------------------------------------------
 
                H1      H2      H3      H4      H5      H6    
      1s       0.8882  0.9793  0.9478  0.9478  0.9793  0.8882
      2s       0.0504  0.0587  0.0410  0.0410  0.0587  0.0504
      2px      0.0000  0.0000  0.0000  0.0000  0.0000  0.0000
      2pz      0.0097  0.0128  0.0120  0.0120  0.0128  0.0097
      2py      0.0000  0.0000  0.0000  0.0000  0.0000  0.0000
      Total    0.9483  1.0508  1.0009  1.0009  1.0508  0.9483
 
      N-E      0.0517 -0.0508 -0.0009 -0.0009 -0.0508  0.0517
 
      Total electronic charge=    6.000000
 
      Total            charge=   -0.000000
--
 
 
  Input file to MOLDEN was generated!
 
 
++    Static properties:
      ------------------
 
 
      LoProp Charges per center
 

                   H1       H2       H3       H4       H5       H6    
      Nuclear      1.0000   1.0000   1.0000   1.0000   1.0000   1.0000
      Electronic  -0.9765  -1.0202  -1.0033  -1.0033  -1.0202  -0.9765
 
      Total        0.0235  -0.0202  -0.0033  -0.0033  -0.0202   0.0235
--
 
 
++    Natural Bond Order analysis
      ---------------------------
      Based on LoProp computed density
      -------------------------------------------------------------------------------------
      Atom A       Atom B       Bond Order
      -------------------------------------------------------------------------------------
      NBO located      0.951 non-bonded electrons on atom H1        
      NBO located      1.015 non-bonded electrons on atom H3        
      NBO located      1.015 non-bonded electrons on atom H4        
      NBO located      0.951 non-bonded electrons on atom H6        
      The remaining    2.068 electrons are to be considered as diffuse
--
 
 
++    Molecular properties:
      ---------------------
 
      Charge (e):
                      =   -0.0000
      Dipole Moment (Debye):
      Origin of the operator (Ang)=    0.0000    0.0000    0.0000
                   X= -3.1472E-14               Y=  2.2398E-14               Z=  9.5719E-13           Total=  9.5797E-13
      Quadrupole Moment (Debye*Ang):
      Origin of the operator (Ang)=    0.0000    0.0000    4.7727
                  XX= -1.2090E+01              XY=  5.2608E-29              XZ=  1.4581E-13              YY= -1.2090E+01
                  YZ= -1.2595E-13              ZZ= -1.7411E+00
      In traceless form (Debye*Ang)
                  XX= -5.1743E+00              XY=  7.8911E-29              XZ=  2.1871E-13              YY= -5.1743E+00
                  YZ= -1.8893E-13              ZZ=  1.0349E+01
--
 
 
  Input file to MOLDEN was generated!
 
 ###############################################################################
 ###############################################################################
 ###                                                                         ###
 ###                                                                         ###
 ###    RunFile label nBas                                                   ###
 ###    was used       78 times                                              ###
 ###                                                                         ###
 ###                                                                         ###
 ###############################################################################
 ###############################################################################
forrtl: warning (528): IEEE_UNDERFLOW is signaling
--- Stop Module: scf at Sun Oct 26 13:05:48 2025 /rc=_RC_ALL_IS_WELL_ ---
*** files: H6_1.91.LprOrb H6_1.91.LoProp.molden H6_1.91.scf.molden H6_1.91.ScfOrb H6_1.91.scf.h5 xmldump
    saved to directory ${LOCALHOME}/DDCASPT2/hydrogen_comps/rerun/H6_chain/H6_1.91

>>> COPY /tmp/H6_1.91/H6_1.91.scf.h5 ${LOCALHOME}/DDCASPT2/hydrogen_comps/rerun/H6_chain/H6_1.91/

*** symbolic link created: INPORB -> H6_1.91.ScfOrb
--- Start Module: rasscf at Sun Oct 26 13:05:48 2025 ---
 
()()()()()()()()()()()()()()()()()()()()()()()()()()()()()()()()()()()()()()()()()()()()()()()()()()

                                              &RASSCF

                                   only a single process is used
                       available to each process: 2.0 GB of memory, 1 thread?
()()()()()()()()()()()()()()()()()()()()()()()()()()()()()()()()()()()()()()()()()()()()()()()()()()
 
 
      Header of the ONEINT file:
      --------------------------
      
      Integrals generated by seward 4.2.0  , Sun Oct 26 13:05:47 2025
 
 
      OrdInt status: non-squared
 
 
      Cartesian coordinates in Angstrom:
      -----------------------------------------------------
      No.  Label        X            Y            Z        
      -----------------------------------------------------
       1   H1         0.00000000   0.00000000   0.00000000
       2   H2         0.00000000   0.00000000   1.90909100
       3   H3         0.00000000   0.00000000   3.81818200
       4   H4         0.00000000   0.00000000   5.72727300
       5   H5         0.00000000   0.00000000   7.63636400
       6   H6         0.00000000   0.00000000   9.54545500
      -----------------------------------------------------
      Nuclear repulsion energy =    2.41153603
 
++    Wave function specifications:
      -----------------------------
 
      Number of closed shell electrons           0
      Number of electrons in active shells       6
      Max number of holes in RAS1 space          0
      Max nr of electrons in RAS3 space          0
      Number of inactive orbitals                0
      Number of active orbitals                  6
      Number of secondary orbitals              24
      Spin quantum number                      0.0
      State symmetry                             1
--
 
++    Orbital specifications:
      -----------------------
 
      Symmetry species                           1
                                                 a
      Frozen orbitals                            0
      Inactive orbitals                          0
      Active orbitals                            6
      RAS1 orbitals                              0
      RAS2 orbitals                              6
      RAS3 orbitals                              0
      Secondary orbitals                        24
      Deleted orbitals                           0
      Number of basis functions                 30
--
 
++    CI expansion specifications:
      ----------------------------
 
      Number of CSFs                           175
      Number of determinants                   210
      Number of root(s) required                 1
      Root chosen for geometry opt.              1
      CI root used                               1
         
      highest root included in the CI            1
      max. size of the explicit Hamiltonian    175
--
 
++    Optimization specifications:
      ----------------------------
 
      RASSCF algorithm: Conventional
      Maximum number of macro iterations       200
      Maximum number of SX iterations          100
      Threshold for RASSCF energy            0.100E-07
      Threshold for max MO rotation          0.100E+00
      Threshold for max BLB element          0.100E-03
      Level shift parameter                  0.500E+00
      Make Quasi-Newton update
--
 
      The MO-coefficients are taken from the file:
      ${LOCALHOME}/DDCASPT2/hydrogen_comps/rerun/H6_chain/H6_0.60/H6_0.60.RasOrb                                                  
      Title: RASSCF average (pseudo-natural) orbitals                                      
 
      Total molecular charge    0.00
 
      ************************************************************************************************************************
      *                                                                                                                      *
      *                                            Wave function control section                                             *
      *                                                                                                                      *
      ************************************************************************************************************************
 
 
                                         RASSCF iterations: Energy and convergence statistics
                                         ----------------------------------------------------
 
      Iter CI   SX   CI       RASSCF       Energy    max ROT     max BLB   max BLB  Level Ln srch  Step   QN   Walltime
          iter iter root      energy       change     param      element    value   shift minimum  type update hh:mm:ss
 Nr of preliminary CI iterations:   1
        1   1   97    1    -2.11335073    0.00E+00  -0.54E+00*   1   8 1 -0.43E+00*  0.32   0.00    SX    NO    0:00:00
        2   1   97    1    -2.73074364   -0.62E+00* -0.26E+00*   2  11 1  0.20E+00*  0.24   0.00    SX    NO    0:00:00
        3   1   27    1    -2.88383425   -0.15E+00* -0.96E-01    2  11 1  0.97E-01*  0.11   0.00    SX    NO    0:00:00
        4   1   38    1    -2.91538948   -0.32E-01* -0.96E-01    2  11 1  0.28E-01*  0.08   0.00    SX    NO    0:00:00
        5   1   63    1    -2.92889393   -0.14E-01* -0.27E+00*   4   7 1  0.33E-01*  0.06   2.50    QN   YES    0:00:00
        6   1   34    1    -2.94911942   -0.20E-01*  0.69E-01    2  11 1 -0.67E-01*  0.07   0.84    QN   YES    0:00:00
        7   1   68    1    -2.94661256    0.25E-02* -0.88E-01    2  11 1 -0.63E-01*  0.05   0.10    SX   YES    0:00:00
        8   1   25    1    -2.96355050   -0.17E-01* -0.87E-01    2  11 1 -0.33E-01*  0.07   2.28    LS   YES    0:00:00
        9   1   24    1    -2.97156119   -0.80E-02* -0.81E-01    2   7 1 -0.19E-01*  0.08   1.37    QN   YES    0:00:00
       10   1   25    1    -2.97421895   -0.27E-02*  0.17E-01    3  16 1 -0.38E-02*  0.11   1.03    QN   YES    0:00:00
       11   1   24    1    -2.97440931   -0.19E-03*  0.22E-01    1   8 1 -0.10E-02*  0.11   1.33    QN   YES    0:00:00
       12   1   24    1    -2.97449242   -0.83E-04*  0.57E-01    1   8 1 -0.15E-02*  0.11   2.50    QN   YES    0:00:00
       13   1   24    1    -2.97463645   -0.14E-03*  0.61E-01    3   8 1  0.23E-02*  0.11   1.81    QN   YES    0:00:00
       14   1   26    1    -2.97474521   -0.11E-03*  0.43E-01    3   8 1  0.23E-02*  0.11   1.71    QN   YES    0:00:00
       15   1   26    1    -2.97481513   -0.70E-04* -0.26E-01    1  21 1  0.13E-02*  0.11   1.73    QN   YES    0:00:00
       16   1   25    1    -2.97486590   -0.51E-04* -0.43E-01    6   7 1 -0.42E-03*  0.11   2.12    QN   YES    0:00:00
       17   1   28    1    -2.97495754   -0.92E-04* -0.19E+00*   3   8 1 -0.19E-02*  0.10   2.50    QN   YES    0:00:00
       18   1   33    1    -2.97538472   -0.43E-03* -0.21E+00*   3   8 1 -0.10E-01*  0.08   1.51    QN   YES    0:00:00
       19   1   83    1    -2.97558443   -0.20E-03* -0.17E+00*   3   8 1 -0.21E-01*  0.02   0.73    QN   YES    0:00:00
       20   1   92    1    -2.97547458    0.11E-03*  0.14E+00*   3   8 1 -0.30E-01*  0.00   0.47    SX   YES    0:00:00
       21   1  100    1    -2.98862201   -0.13E-01*  0.27E+00*   3   8 1 -0.20E-01*  0.00   2.50    QN   YES    0:00:00
       22   1   70    1    -2.99235848   -0.37E-02*  0.15E+00*   6   7 1 -0.20E-01*  0.00   0.70    QN   YES    0:00:00
       23   1  100    1    -3.00695837   -0.15E-01*  0.12E+00*   6   7 1 -0.34E-01*  0.00   2.50    LS   YES    0:00:00
       24   1  100    1    -3.01976315   -0.13E-01*  0.27E+00*   3  29 1  0.41E-01*  0.00   2.08    QN   YES    0:00:00
       25   1  100    1    -3.03079298   -0.11E-01* -0.75E-01    3  29 1  0.53E-01*  0.00   0.71    QN   YES    0:00:00
       26   1   30    1    -3.04163736   -0.11E-01*  0.41E-01    3  29 1  0.41E-01*  0.00   1.24    QN   YES    0:00:00
       27   1  100    1    -3.02516159    0.16E-01* -0.33E-01    3   8 1 -0.50E-01*  0.00  -0.44    LS   YES    0:00:00
       28   1  100    1    -3.03973993   -0.15E-01* -0.38E-01    3  29 1  0.37E-01*  0.00   1.79    QN   YES    0:00:00
       29   1   97    1    -3.05112297   -0.11E-01*  0.40E-01    3  29 1  0.31E-01*  0.00   1.75    QN   YES    0:00:00
       30   1   20    1    -3.05649065   -0.54E-02*  0.18E-01    3  29 1  0.13E-01*  0.00   1.24    QN   YES    0:00:00
       31   1   17    1    -3.05708902   -0.60E-03* -0.17E-01    6  27 1  0.53E-02*  0.00   0.78    QN   YES    0:00:00
       32   1   16    1    -3.05728538   -0.20E-03* -0.67E-02    6  27 1 -0.25E-02*  0.00   0.75    QN   YES    0:00:00
       33   1   14    1    -3.05733612   -0.51E-04*  0.17E-02    6  16 1 -0.55E-03*  0.00   0.92    QN   YES    0:00:00
       34   1   12    1    -3.05733828   -0.22E-05* -0.93E-03    2   7 1 -0.45E-03*  0.00   0.74    QN   YES    0:00:00
       35   1   13    1    -3.05733866   -0.38E-06* -0.46E-03    2   7 1  0.23E-03*  0.00   0.65    QN   YES    0:00:00
       36   1   10    1    -3.05733888   -0.23E-06*  0.11E-03    6   8 1  0.46E-04   0.00   0.85    QN   YES    0:00:00
       37   1    8    1    -3.05733890   -0.16E-07* -0.10E-04    2   7 1 -0.97E-05   0.00   0.92    QN   YES    0:00:00
       38   1    6    1    -3.05733890   -0.36E-09   0.16E-05    6  29 1 -0.12E-05   0.00   1.02    QN   YES    0:00:00
      Convergence after 38 iterations
 
  Dmat in MO in SXCTL bf call to SXHAM                                                                                    
  mat. size =     6x    6
 
        1.3482566998075367
        0.0193121164293219      1.6052405468393078
       -0.0365287903325508     -0.0083133690943044      1.4297616749537621
       -0.0396126774886890      0.0425553060451262      0.0171080368077450      0.4849383445491417
        0.2328835442242013      0.0286928151312764      0.1323508518128177     -0.0577996363535485      0.4642533398288606
        0.5145003726674928     -0.0497640568651349     -0.1127666774864420      0.1009715235359350      0.1147909294251185
        0.6675493940213902
       39   1    6    1    -3.05733890   -0.99E-11   0.16E-05    6  29 1 -0.27E-06   0.00   1.02    QN   YES    0:00:00
 
      ************************************************************************************************************************
                                                      Wave function printout:
                       occupation of active orbitals, and spin coupling of open shells (u,d: Spin up or down)
      ************************************************************************************************************************
 
      Note: transformation to natural orbitals
      has been made, which may change the order of the CSFs.
 
      printout of CI-coefficients larger than  0.05 for root  1
      energy=      -3.057339
      conf/sym  111111     Coeff  Weight
             1  222000   0.69070 0.47706
            11  220200  -0.30386 0.09233
            13  220020  -0.07566 0.00572
            16  220002  -0.05256 0.00276
            18  2udud0  -0.29164 0.08505
            21  2ud0ud   0.08946 0.00800
            25  u2d020  -0.09971 0.00994
            26  u2du0d   0.26375 0.06956
            29  202200  -0.08557 0.00732
            31  202020  -0.17329 0.03003
            32  202u0d   0.10009 0.01002
            34  202002  -0.05722 0.00327
            36  ud2ud0  -0.10163 0.01033
            39  ud20ud   0.18178 0.03305
            41  022200  -0.06691 0.00448
            43  022020  -0.06485 0.00421
            46  022002  -0.12512 0.01565
            47  2uudd0   0.08656 0.00749
            51  u2ud0d  -0.09057 0.00820
           120  200220   0.13238 0.01752
           127  ud02ud  -0.12904 0.01665
           135  020202   0.08924 0.00796
           140  u0du2d  -0.11719 0.01373
           148  0udud2   0.09163 0.00840
           155  002022   0.05887 0.00347
           175  000222  -0.06963 0.00485
 
      Natural orbitals and occupation numbers for root  1
      sym 1:   1.693139   1.609481   1.444072   0.568161   0.389463   0.295684
 
      ************************************************************************************************************************
      *                                                                                                                      *
      *                                                    Final results                                                     *
      *                                                                                                                      *
      ************************************************************************************************************************
 
 
++    Wave function specifications:
      -----------------------------
 
      Number of closed shell electrons           0
      Number of electrons in active shells       6
      Max number of holes in RAS1 space          0
      Max nr of electrons in RAS3 space          0
      Number of inactive orbitals                0
      Number of active orbitals                  6
      Number of secondary orbitals              24
      Spin quantum number                      0.0
      State symmetry                             1
--
 
++    Orbital specifications:
      -----------------------
 
      Symmetry species                           1
                                                 a
      Frozen orbitals                            0
      Inactive orbitals                          0
      Active orbitals                            6
      RAS1 orbitals                              0
      RAS2 orbitals                              6
      RAS3 orbitals                              0
      Secondary orbitals                        24
      Deleted orbitals                           0
      Number of basis functions                 30
--
 
++    CI expansion specifications:
      ----------------------------
 
      Number of CSFs                           175
      Number of determinants                   210
      Number of root(s) required                 1
      CI root used                               1
      highest root included in the CI            1
      Root passed to geometry opt.               1
--
 
++    Final optimization conditions:
      ------------------------------
 
      Average CI energy                              -3.05733890
      RASSCF energy for state  1                     -3.05733890
      Super-CI energy                                -0.00000000
      RASSCF energy change                           -0.00000000
      Max change in MO coefficients               0.232E-05
      Max non-diagonal density matrix element     0.161E-05
      Maximum BLB matrix element                 -0.269E-06
      (orbital pair   6,  29 in symmetry   1)
      Norm of electronic gradient            0.666E-06
--
 
 
      Final state energy(ies):
      ------------------------
 
::    RASSCF root number  1 Total energy:     -3.05733890
 
++    Molecular orbitals:
      -------------------
 
      Pseudonatural active orbitals and approximate occupation numbers
 
 
 
 
      Molecular orbitals for symmetry species 1: a  
 
 
      Orbital                1         2         3         4         5         6         7         8         9        10
      Energy            0.0000    0.0000    0.0000    0.0000    0.0000    0.0000    0.3197    0.3550    0.4323    0.5731
      Occ. No.          1.6931    1.6095    1.4441    0.5682    0.3895    0.2957    0.0000    0.0000    0.0000    0.0000
 
    1 H1     1s         0.2344   -0.4062    0.4069   -0.4951   -0.5679    0.3656   -0.1021   -0.0718   -0.1093    0.3332
    2 H1     2s         0.0128   -0.0270    0.0344   -0.0509   -0.0625    0.0446    0.3320    0.5796   -0.7177    0.7321
    3 H1     2px        0.0000   -0.0000    0.0000   -0.0000   -0.0000    0.0000   -0.0000   -0.0000    0.0000   -0.0000
    4 H1     2py       -0.0000    0.0000   -0.0000    0.0000    0.0000   -0.0000    0.0000    0.0000   -0.0000    0.0000
    5 H1     2pz        0.0055   -0.0071    0.0044   -0.0030   -0.0049    0.0044   -0.0388   -0.0524    0.0452   -0.0591
    6 H2     1s         0.3286   -0.4512    0.3021    0.2771    0.6415   -0.5821   -0.2016   -0.2058    0.0925   -0.1789
    7 H2     2s         0.0162   -0.0465    0.0604    0.0160    0.0997   -0.1112    0.2267    0.2008    0.1733   -0.8052
    8 H2     2px       -0.0000    0.0000   -0.0000   -0.0000   -0.0000    0.0000    0.0000   -0.0000    0.0000   -0.0000
    9 H2     2py        0.0000   -0.0000    0.0000    0.0000    0.0000   -0.0000    0.0000    0.0000   -0.0000    0.0000
   10 H2     2pz        0.0026    0.0037   -0.0103    0.0058    0.0001    0.0018    0.0067    0.0413   -0.0758    0.0494
   11 H3     1s         0.4156   -0.1025   -0.4632    0.5261   -0.2186    0.7257   -0.1858   -0.0217   -0.1229   -0.0292
   12 H3     2s         0.0229    0.0067   -0.0687    0.0705   -0.0522    0.1384    0.2960    0.1369    0.4122   -0.4744
   13 H3     2px        0.0000   -0.0000   -0.0000    0.0000   -0.0000    0.0000   -0.0000   -0.0000    0.0000   -0.0000
   14 H3     2py       -0.0000    0.0000    0.0000   -0.0000    0.0000   -0.0000    0.0000    0.0000    0.0000    0.0000
   15 H3     2pz        0.0010    0.0074   -0.0072   -0.0030   -0.0034    0.0038   -0.0074    0.0253   -0.0150   -0.0357
   16 H4     1s         0.4156    0.1025   -0.4632   -0.5261   -0.2186   -0.7257   -0.1858    0.0217   -0.1229    0.0292
   17 H4     2s         0.0229   -0.0067   -0.0687   -0.0705   -0.0522   -0.1384    0.2960   -0.1369    0.4122    0.4744
   18 H4     2px        0.0000    0.0000   -0.0000   -0.0000   -0.0000   -0.0000   -0.0000    0.0000    0.0000    0.0000
   19 H4     2py        0.0000    0.0000   -0.0000   -0.0000   -0.0000   -0.0000   -0.0000    0.0000   -0.0000   -0.0000
   20 H4     2pz       -0.0010    0.0074    0.0072   -0.0030    0.0034    0.0038    0.0074    0.0253    0.0150   -0.0357
   21 H5     1s         0.3286    0.4512    0.3021   -0.2771    0.6415    0.5821   -0.2016    0.2058    0.0925    0.1789
   22 H5     2s         0.0162    0.0465    0.0604   -0.0160    0.0997    0.1112    0.2267   -0.2008    0.1733    0.8052
   23 H5     2px       -0.0000   -0.0000   -0.0000    0.0000   -0.0000   -0.0000    0.0000    0.0000    0.0000    0.0000
   24 H5     2py        0.0000    0.0000    0.0000   -0.0000    0.0000    0.0000   -0.0000   -0.0000   -0.0000   -0.0000
   25 H5     2pz       -0.0026    0.0037    0.0103    0.0058   -0.0001    0.0018   -0.0067    0.0413    0.0758    0.0494
   26 H6     1s         0.2344    0.4062    0.4069    0.4951   -0.5679   -0.3656   -0.1021    0.0718   -0.1093   -0.3332
   27 H6     2s         0.0128    0.0270    0.0344    0.0509   -0.0625   -0.0446    0.3320   -0.5796   -0.7177   -0.7321
   28 H6     2px        0.0000    0.0000    0.0000    0.0000   -0.0000   -0.0000   -0.0000    0.0000    0.0000    0.0000
   29 H6     2py       -0.0000   -0.0000   -0.0000   -0.0000    0.0000    0.0000    0.0000   -0.0000   -0.0000   -0.0000
   30 H6     2pz       -0.0055   -0.0071   -0.0044   -0.0030    0.0049    0.0044    0.0388   -0.0524   -0.0452   -0.0591
 
 
      Orbital               11        12        13        14        15        16        17        18        19        20
      Energy            0.7437    0.7446    0.7446    0.7637    0.8025    0.8025    0.8098    0.8938    0.8938    1.0117
      Occ. No.          0.0000    0.0000    0.0000    0.0000    0.0000    0.0000    0.0000    0.0000    0.0000    0.0000
 
    1 H1     1s         0.0657    0.0000   -0.0000    0.4042    0.0000   -0.0000    0.1993   -0.0000    0.0000    0.0000
    2 H1     2s         0.2577    0.0000   -0.0000    0.4419   -0.0000    0.0000    0.0345    0.0000   -0.0000   -0.0000
    3 H1     2px       -0.0000    0.1834    0.0962    0.0000   -0.3755   -0.0976    0.0000    0.5018    0.0764   -0.5214
    4 H1     2py        0.0000   -0.0962    0.1834   -0.0000    0.0976   -0.3755   -0.0000   -0.0764    0.5018    0.1318
    5 H1     2pz        0.1731    0.0000   -0.0000   -0.2764   -0.0000    0.0000   -0.3686   -0.0000   -0.0000   -0.0000
    6 H2     1s        -0.1422   -0.0000    0.0000   -0.4274   -0.0000    0.0000   -0.1992    0.0000   -0.0000    0.0000
    7 H2     2s        -0.4741   -0.0000    0.0000   -1.0961   -0.0000    0.0000   -0.4097   -0.0000    0.0000    0.0000
    8 H2     2px       -0.0000    0.3293    0.1727    0.0000   -0.4654   -0.1210    0.0000    0.2235    0.0340    0.2355
    9 H2     2py        0.0000   -0.1727    0.3293   -0.0000    0.1210   -0.4654   -0.0000   -0.0340    0.2235   -0.0595
   10 H2     2pz       -0.3090   -0.0000    0.0000    0.1749    0.0000   -0.0000    0.3450    0.0000    0.0000    0.0000
   11 H3     1s         0.0714    0.0000    0.0000    0.2052    0.0000   -0.0000    0.2769   -0.0000   -0.0000   -0.0000
   12 H3     2s         0.2531    0.0000   -0.0000    0.6310    0.0000   -0.0000    0.7451    0.0000    0.0000   -0.0000
   13 H3     2px       -0.0000    0.4127    0.2164    0.0000   -0.2063   -0.0536    0.0000   -0.4027   -0.0613    0.4210
   14 H3     2py        0.0000   -0.2164    0.4127   -0.0000    0.0536   -0.2063   -0.0000    0.0613   -0.4027   -0.1064
   15 H3     2pz        0.4049    0.0000   -0.0000   -0.0687   -0.0000    0.0000   -0.1442    0.0000   -0.0000   -0.0000
   16 H4     1s         0.0714    0.0000   -0.0000    0.2052   -0.0000    0.0000   -0.2769    0.0000    0.0000    0.0000
   17 H4     2s         0.2531    0.0000   -0.0000    0.6310   -0.0000    0.0000   -0.7451    0.0000   -0.0000    0.0000
   18 H4     2px       -0.0000    0.4127    0.2164    0.0000    0.2063    0.0536   -0.0000   -0.4027   -0.0613   -0.4210
   19 H4     2py        0.0000   -0.2164    0.4127   -0.0000   -0.0536    0.2063    0.0000    0.0613   -0.4027    0.1064
   20 H4     2pz       -0.4049   -0.0000    0.0000    0.0687   -0.0000    0.0000   -0.1442   -0.0000    0.0000   -0.0000
   21 H5     1s        -0.1422   -0.0000    0.0000   -0.4274    0.0000   -0.0000    0.1992   -0.0000   -0.0000   -0.0000
   22 H5     2s        -0.4741   -0.0000    0.0000   -1.0961    0.0000   -0.0000    0.4097   -0.0000    0.0000   -0.0000
   23 H5     2px       -0.0000    0.3293    0.1727    0.0000    0.4654    0.1210   -0.0000    0.2235    0.0340   -0.2355
   24 H5     2py        0.0000   -0.1727    0.3293   -0.0000   -0.1210    0.4654    0.0000   -0.0340    0.2235    0.0595
   25 H5     2pz        0.3090    0.0000   -0.0000   -0.1749    0.0000   -0.0000    0.3450    0.0000    0.0000    0.0000
   26 H6     1s         0.0657    0.0000   -0.0000    0.4042   -0.0000    0.0000   -0.1993   -0.0000    0.0000   -0.0000
   27 H6     2s         0.2577    0.0000   -0.0000    0.4419   -0.0000    0.0000   -0.0345    0.0000   -0.0000    0.0000
   28 H6     2px       -0.0000    0.1834    0.0962    0.0000    0.3755    0.0976   -0.0000    0.5018    0.0764    0.5214
   29 H6     2py        0.0000   -0.0962    0.1834   -0.0000   -0.0976    0.3755    0.0000   -0.0764    0.5018   -0.1318
   30 H6     2pz       -0.1731   -0.0000    0.0000    0.2764   -0.0000    0.0000   -0.3686    0.0000   -0.0000   -0.0000
 
 
      Orbital               21        22        23        24        25        26        27        28        29        30
      Energy            1.0117    1.1333    1.1333    1.2286    1.2286    1.2838    1.3379    1.4374    1.6764    1.9095
      Occ. No.          0.0000    0.0000    0.0000    0.0000    0.0000    0.0000    0.0000    0.0000    0.0000    0.0000
 
    1 H1     1s        -0.0000    0.0000    0.0000   -0.0000    0.0000    0.3807    0.3259   -0.3580   -0.2832    0.1814
    2 H1     2s         0.0000    0.0000    0.0000   -0.0000    0.0000    0.5791    0.4527   -0.4400   -0.2282    0.1063
    3 H1     2px       -0.1318    0.4572    0.0126   -0.1909    0.1831   -0.0000   -0.0000    0.0000    0.0000   -0.0000
    4 H1     2py       -0.5214   -0.0126    0.4572   -0.1831   -0.1909    0.0000   -0.0000   -0.0000   -0.0000    0.0000
    5 H1     2pz        0.0000    0.0000   -0.0000   -0.0000    0.0000    0.5361    0.1883   -0.6362   -0.5297    0.3120
    6 H2     1s        -0.0000   -0.0000    0.0000    0.0000   -0.0000   -0.8606   -0.9805    0.5800    0.1150    0.0607
    7 H2     2s        -0.0000   -0.0000   -0.0000    0.0000   -0.0000   -1.0946   -1.4130    0.5797    0.1250   -0.0369
    8 H2     2px        0.0595   -0.5739   -0.0159    0.3461   -0.3319    0.0000    0.0000   -0.0000    0.0000   -0.0000
    9 H2     2py        0.2355    0.0159   -0.5739    0.3319    0.3461   -0.0000   -0.0000    0.0000   -0.0000    0.0000
   10 H2     2pz       -0.0000   -0.0000    0.0000    0.0000   -0.0000   -0.1549   -0.3720   -0.3412   -0.7683    0.6384
   11 H3     1s         0.0000    0.0000    0.0000   -0.0000    0.0000    0.4688    1.5871   -0.0068    0.2202    0.0609
   12 H3     2s         0.0000    0.0000   -0.0000   -0.0000    0.0000    0.5815    2.2260   -0.1810    0.0511    0.0451
   13 H3     2px        0.1064    0.2544    0.0070   -0.4315    0.4138   -0.0000   -0.0000    0.0000   -0.0000    0.0000
   14 H3     2py        0.4210   -0.0070    0.2544   -0.4138   -0.4315   -0.0000   -0.0000    0.0000    0.0000    0.0000
   15 H3     2pz        0.0000   -0.0000    0.0000    0.0000   -0.0000   -0.5416    0.2002    0.5152   -0.3308    0.8083
   16 H4     1s        -0.0000   -0.0000   -0.0000    0.0000   -0.0000    0.4688   -1.5871    0.0068    0.2202   -0.0609
   17 H4     2s        -0.0000   -0.0000   -0.0000    0.0000   -0.0000    0.5815   -2.2260    0.1810    0.0511   -0.0451
   18 H4     2px       -0.1064    0.2544    0.0070    0.4315   -0.4138    0.0000    0.0000    0.0000   -0.0000   -0.0000
   19 H4     2py       -0.4210   -0.0070    0.2544    0.4138    0.4315    0.0000   -0.0000    0.0000    0.0000    0.0000
   20 H4     2pz        0.0000    0.0000   -0.0000   -0.0000    0.0000    0.5416    0.2002    0.5152    0.3308    0.8083
   21 H5     1s         0.0000   -0.0000    0.0000   -0.0000    0.0000   -0.8606    0.9805   -0.5800    0.1150   -0.0607
   22 H5     2s         0.0000    0.0000    0.0000   -0.0000    0.0000   -1.0946    1.4130   -0.5797    0.1250    0.0369
   23 H5     2px       -0.0595   -0.5739   -0.0159   -0.3461    0.3319    0.0000   -0.0000    0.0000    0.0000    0.0000
   24 H5     2py       -0.2355    0.0159   -0.5739   -0.3319   -0.3461   -0.0000    0.0000   -0.0000   -0.0000   -0.0000
   25 H5     2pz       -0.0000   -0.0000   -0.0000    0.0000   -0.0000    0.1549   -0.3720   -0.3412    0.7683    0.6384
   26 H6     1s        -0.0000   -0.0000    0.0000    0.0000   -0.0000    0.3807   -0.3259    0.3580   -0.2832   -0.1814
   27 H6     2s        -0.0000   -0.0000   -0.0000    0.0000   -0.0000    0.5791   -0.4527    0.4400   -0.2282   -0.1063
   28 H6     2px        0.1318    0.4572    0.0126    0.1909   -0.1831    0.0000    0.0000   -0.0000    0.0000    0.0000
   29 H6     2py        0.5214   -0.0126    0.4572    0.1831    0.1909    0.0000   -0.0000    0.0000   -0.0000   -0.0000
   30 H6     2pz        0.0000   -0.0000    0.0000    0.0000   -0.0000   -0.5361    0.1883   -0.6362    0.5297    0.3120
--
 
      Von Neumann Entropy (Root  1) =  2.17806
 

      Mulliken population analysis for root number:  1
      -----------------------------------------------
 
 
++    Molecular charges:
      ------------------
 
      Mulliken charges per centre and basis function type
      ---------------------------------------------------
 
                H1      H2      H3      H4      H5      H6    
      1s       0.9769  1.0043  1.0003  1.0003  1.0043  0.9769
      2s       0.0086  0.0027 -0.0056 -0.0056  0.0027  0.0086
      2px      0.0000  0.0000  0.0000  0.0000  0.0000  0.0000
      2pz      0.0023  0.0055  0.0049  0.0049  0.0055  0.0023
      2py      0.0000  0.0000  0.0000  0.0000  0.0000  0.0000
      Total    0.9878  1.0126  0.9996  0.9996  1.0126  0.9878
 
      N-E      0.0122 -0.0126  0.0004  0.0004 -0.0126  0.0122
 
      Total electronic charge=    6.000000
 
      Total            charge=   -0.000000
--
 
 

      Expectation values of various properties for root number:  1
      -----------------------------------------------------------
 
 
++    Molecular properties:
      ---------------------
 
      Charge (e):
                      =   -0.0000
      Dipole Moment (Debye):
      Origin of the operator (Ang)=    0.0000    0.0000    0.0000
                   X=  5.4682E-10               Y= -9.2678E-11               Z= -2.7513E-06           Total=  2.7513E-06
      Quadrupole Moment (Debye*Ang):
      Origin of the operator (Ang)=    0.0000    0.0000    4.7727
                  XX= -9.2171E+00              XY=  2.2985E-18              XZ=  3.3862E-10              YY= -9.2171E+00
                  YZ= -1.8170E-09              ZZ= -6.6028E+00
      In traceless form (Debye*Ang)
                  XX= -1.3072E+00              XY=  3.4478E-18              XZ=  5.0793E-10              YY= -1.3072E+00
                  YZ= -2.7255E-09              ZZ=  2.6143E+00
--
 

      LoProp population analysis for root number:  1
      -----------------------------------------------
 
 
++    LoProp analysis:
      ----------------
 
 
 
  Input file to MOLDEN was generated!
 
 
++    Static properties:
      ------------------
 
 
      LoProp Charges per center
 

                   H1       H2       H3       H4       H5       H6    
      Nuclear      1.0000   1.0000   1.0000   1.0000   1.0000   1.0000
      Electronic  -0.9997  -1.0003  -1.0000  -1.0000  -1.0003  -0.9997
 
      Total        0.0003  -0.0003  -0.0000  -0.0000  -0.0003   0.0003
--
 
 
      Natural Bond Order analysis for root number:  1
 
++    Natural Bond Order analysis
      ---------------------------
      Based on LoProp computed density
      -------------------------------------------------------------------------------------
      Atom A       Atom B       Bond Order
      -------------------------------------------------------------------------------------
      NBO located      0.993 non-bonded electrons on atom H1        
      NBO located      1.018 non-bonded electrons on atom H3        
      NBO located      1.018 non-bonded electrons on atom H4        
      NBO located      0.993 non-bonded electrons on atom H6        
      The remaining    1.979 electrons are to be considered as diffuse
--
 
--
 
 
  Input file to MOLDEN was generated!
 
      Average orbitals are written to the RASORB file
      Natural orbitals for root   1 are written to the RASORB.1 file
      Spin density orbitals for root   1 are written to the SPDORB.1 file
 
 ###############################################################################
 ###############################################################################
 ###                                                                         ###
 ###                                                                         ###
 ###    RunFile label BirthCertificate                                       ###
 ###    was used       44 times                                              ###
 ###                                                                         ###
 ###                                                                         ###
 ###############################################################################
 ###############################################################################
forrtl: warning (525): IEEE_DIVIDE_BY_ZERO is signaling
forrtl: warning (526): IEEE_INVALID is signaling
forrtl: warning (528): IEEE_UNDERFLOW is signaling
--- Stop Module: rasscf at Sun Oct 26 13:05:51 2025 /rc=_RC_ALL_IS_WELL_ ---
*** files: H6_1.91.LprOrb H6_1.91.rasscf.molden H6_1.91.LoProp.molden H6_1.91.RasOrb.1 H6_1.91.RasOrb H6_1.91.rasscf.h5 H6_1.91.SpdOrb.1 xmldump
    saved to directory ${LOCALHOME}/DDCASPT2/hydrogen_comps/rerun/H6_chain/H6_1.91
--- Module rasscf spent 2 seconds ---

>>> COPY /tmp/H6_1.91/H6_1.91.rasscf.h5 ${LOCALHOME}/DDCASPT2/hydrogen_comps/rerun/H6_chain/H6_1.91/

>>> COPY /tmp/H6_1.91/DDCASPT2_Fock_MO.csv ${LOCALHOME}/DDCASPT2/hydrogen_comps/rerun/H6_chain/H6_1.91/H6_1.91.DDCASPT2_Fock_MO.csv

*** symbolic link created: INPORB -> H6_1.91.RasOrb
--- Start Module: motra at Sun Oct 26 13:05:51 2025 ---
 
()()()()()()()()()()()()()()()()()()()()()()()()()()()()()()()()()()()()()()()()()()()()()()()()()()

                                               &MOTRA

                                   only a single process is used
                       available to each process: 2.0 GB of memory, 1 thread?
()()()()()()()()()()()()()()()()()()()()()()()()()()()()()()()()()()()()()()()()()()()()()()()()()()
 
 
      *** WARNING: Default frozen orbitals is overwritten by user input.
      *** Default values:   0
 
      Header of the integral files:
      
       Integrals generated by seward 4.2.0  , Sun Oct 26 13:05:47 2025
 
 
      Header of MO coefficients source file:
      * RASSCF average (pseudo-natural) orbitals                                      
 
 
      Cartesian coordinates in Angstrom:
      -----------------------------------------------------
      No.  Label        X            Y            Z        
      -----------------------------------------------------
       1   H1         0.00000000   0.00000000   0.00000000
       2   H2         0.00000000   0.00000000   1.90909100
       3   H3         0.00000000   0.00000000   3.81818200
       4   H4         0.00000000   0.00000000   5.72727300
       5   H5         0.00000000   0.00000000   7.63636400
       6   H6         0.00000000   0.00000000   9.54545500
      -----------------------------------------------------
      Nuclear repulsion energy =    2.41153603
 
      Orbital specifications:
      -----------------------
 
      Symmetry species:              1
      Number of basis functions:    30
      Frozen orbitals:               0
      Deleted orbitals:              0
      Number of orbitals used:      30

       SYMMETRY  BASIS FUNCTIONS       ORBITALS      INTEGRALS   CPU(SEC)  I/O(SEC)
        1 1 1 1   30  30  30  30    30  30  30  30      108345       0.00      0.00

       TOTAL CPU TIME(SEC)    0.05TOTAL I/O TIME(SEC)    0.15
 
--- Stop Module: motra at Sun Oct 26 13:05:51 2025 /rc=_RC_ALL_IS_WELL_ ---
*** files: xmldump
    saved to directory ${LOCALHOME}/DDCASPT2/hydrogen_comps/rerun/H6_chain/H6_1.91

>>> COPY /tmp/H6_1.91/DDCASPT2_one_int_indx.csv ${LOCALHOME}/DDCASPT2/hydrogen_comps/rerun/H6_chain/H6_1.91/H6_1.91.DDCASPT2_one_int_indx.csv

>>> COPY /tmp/H6_1.91/DDCASPT2_one_int.csv ${LOCALHOME}/DDCASPT2/hydrogen_comps/rerun/H6_chain/H6_1.91/H6_1.91.DDCASPT2_one_int.csv

>>> COPY /tmp/H6_1.91/DDCASPT2_two_int_indx.csv ${LOCALHOME}/DDCASPT2/hydrogen_comps/rerun/H6_chain/H6_1.91/H6_1.91.DDCASPT2_two_int_indx.csv

>>> COPY /tmp/H6_1.91/DDCASPT2_two_int.csv ${LOCALHOME}/DDCASPT2/hydrogen_comps/rerun/H6_chain/H6_1.91/H6_1.91.DDCASPT2_two_int.csv

*** symbolic link created: INPORB -> H6_1.91.RasOrb
--- Start Module: caspt2 at Sun Oct 26 13:05:51 2025 ---
 
()()()()()()()()()()()()()()()()()()()()()()()()()()()()()()()()()()()()()()()()()()()()()()()()()()

                                              &CASPT2

                                   only a single process is used
                       available to each process: 2.0 GB of memory, 1 thread?
()()()()()()()()()()()()()()()()()()()()()()()()()()()()()()()()()()()()()()()()()()()()()()()()()()
 
 Cholesky algorithm in CASPT2 =    1
 
 ###############################################################################
 ###############################################################################
 ###                                                                         ###
 ###                                                                         ###
 ###    User changed nr of frozen orbitals.                                  ###
 ###                                                                         ###
 ###                                                                         ###
 ###############################################################################
 ###############################################################################
 
++    Wave function specifications:
      -----------------------------
 
      Number of closed shell electrons           0
      Number of electrons in active shells       6
      Max number of holes in RAS1 space          0
      Max number of electrons in RAS3 space      0
      Number of inactive orbitals                0
      Number of active orbitals                  6
      Number of secondary orbitals              24
      Spin quantum number                      0.0
      State symmetry                             1
      Number of CSFs                           175
      Number of root(s) available                1
      Root passed to geometry opt.               1
      A file JOBMIX will be created.
      This is a CASSCF or RASSCF reference function
--
 
++    Orbital specifications:
      -----------------------
 
      Symmetry species                           1
                                                 a
      Frozen orbitals                            0
      Inactive orbitals                          0
      Active orbitals                            6
      Secondary orbitals                        24
      Deleted orbitals                           0
      Number of basis functions                 30
--
 
      Type of Fock operator: STANDARD
      Type of 0-order Hamiltonian: STANDARD WITH DEFAULT IPEA
        "IP-EA" denominator shift =      0.25
      The input orbitals and the CI vector will be transformed.
 
--------------------------------------------------------------------------------
 Estimated memory requirements:
  POLY3 :                   262414
  RHS:                      285604
  SIGMA :                   275200
  PRPCTL:                        0
 Available workspace:    230396124
 
++ CASPT2 computation for group   1
 
********************************************************************************
 Multi-State initialization phase begins for group   1
--------------------------------------------------------------------------------
********************************************************************************
 Compute H0 matrices for state    1
--------------------------------------------------------------------------------
--------------------------------------------------------------------------------
 H0 matrices have been computed.
 
********************************************************************************
  CASPT2 EQUATION SOLUTION
--------------------------------------------------------------------------------
 
  Total nr of CASPT2 parameters:
   Before reduction:       15624
   After  reduction:       15192
 
 The contributions to the second order correlation energy in atomic units.
-----------------------------------------------------------------------------------------------------------------------------
  IT.      VJTU        VJTI        ATVX        AIVX        VJAI        BVAT        BJAT        BJAI        TOTAL       RNORM  
-----------------------------------------------------------------------------------------------------------------------------
   1     0.000000    0.000000   -0.003251    0.000000    0.000000   -0.008363    0.000000    0.000000   -0.011614    0.000964
   2     0.000000    0.000000   -0.003284    0.000000    0.000000   -0.008374    0.000000    0.000000   -0.011659    0.000086
   3     0.000000    0.000000   -0.003285    0.000000    0.000000   -0.008374    0.000000    0.000000   -0.011659    0.000013
   4     0.000000    0.000000   -0.003285    0.000000    0.000000   -0.008374    0.000000    0.000000   -0.011659    0.000001
-------------------------------------------------------------------------------------------------------------------
 
  FINAL CASPT2 RESULT:
 
  Correlation energy /Case, /Symm, and sums:
 VJTU      0.00000000  0.00000000
 VJTIP     0.00000000  0.00000000
 VJTIM     0.00000000  0.00000000
 ATVX     -0.00328467 -0.00328467
 AIVX      0.00000000  0.00000000
 VJAIP     0.00000000  0.00000000
 VJAIM     0.00000000  0.00000000
 BVATP    -0.00797573 -0.00797573
 BVATM    -0.00039862 -0.00039862
 BJATP     0.00000000  0.00000000
 BJATM     0.00000000  0.00000000
 BJAIP     0.00000000  0.00000000
 BJAIM     0.00000000  0.00000000
 Summed:  -0.01165903 -0.01165903
 
      Reference energy:          -3.0573389001
      E2 (Non-variational):      -0.0116590265
      E2 (Variational):          -0.0116590288
      Total energy:              -3.0689979288
      Residual norm:              0.0000001515
      Reference weight:           0.99329
 
      Contributions to the CASPT2 correlation energy
      Active & Virtual Only:         -0.0116590265
      One Inactive Excited:           0.0000000000
      Two Inactive Excited:           0.0000000000
 
 
++ Denominators, etc.
----------------------------------------------------------------------------------------------------
 Report on small energy denominators, large coefficients, and large energy contributions.
CASE  SYMM ACTIVE-MIX  NON-ACTIVE INDICES          DENOMINATOR     RHS VALUE       COEFFICIENT     CONTRIBUTION
--
 
   (Skipping property calculation,
    use PROP keyword to activate)
--
 
  Total CASPT2 energies:
::    CASPT2 Root  1     Total energy:     -3.06899793
 
  A NEW JOBIPH FILE NAMED 'JOBMIX' IS PREPARED.
********************************************************************************
forrtl: warning (528): IEEE_UNDERFLOW is signaling
--- Stop Module: caspt2 at Sun Oct 26 13:05:51 2025 /rc=_RC_ALL_IS_WELL_ ---
*** files: xmldump
    saved to directory ${LOCALHOME}/DDCASPT2/hydrogen_comps/rerun/H6_chain/H6_1.91

>>> EXPORT i = B

>>> EXPORT j = P

>>> IF (-FILE DDCASPT2_e2_${i}_${j}_1_.csv)
(Skipped)

>>> END FOREACH

>>> EXPORT j = M

>>> IF (-FILE DDCASPT2_e2_${i}_${j}_1_.csv)
(Skipped)

>>> END FOREACH

>>> END FOREACH

>>> EXPORT i = E

>>> EXPORT j = P

>>> IF (-FILE DDCASPT2_e2_${i}_${j}_1_.csv)
(Skipped)

>>> END FOREACH

>>> EXPORT j = M

>>> IF (-FILE DDCASPT2_e2_${i}_${j}_1_.csv)
(Skipped)

>>> END FOREACH

>>> END FOREACH

>>> EXPORT i = F

>>> EXPORT j = P

>>> IF (-FILE DDCASPT2_e2_${i}_${j}_1_.csv)

>>> COPY /tmp/H6_1.91/DDCASPT2_RHS_F_P_1_.csv ${LOCALHOME}/DDCASPT2/hydrogen_comps/rerun/H6_chain/H6_1.91/DDCASPT2_RHS_F_P_1_.csv

>>> COPY /tmp/H6_1.91/DDCASPT2_IVECW_F_P_1_.csv ${LOCALHOME}/DDCASPT2/hydrogen_comps/rerun/H6_chain/H6_1.91/DDCASPT2_IVECW_F_P_1_.csv

>>> COPY /tmp/H6_1.91/DDCASPT2_IVECX_F_P_1_.csv ${LOCALHOME}/DDCASPT2/hydrogen_comps/rerun/H6_chain/H6_1.91/DDCASPT2_IVECX_F_P_1_.csv

>>> COPY /tmp/H6_1.91/DDCASPT2_IVECC2_F_P_1_.csv ${LOCALHOME}/DDCASPT2/hydrogen_comps/rerun/H6_chain/H6_1.91/DDCASPT2_IVECC2_F_P_1_.csv

>>> COPY /tmp/H6_1.91/DDCASPT2_e2_F_P_1_.csv ${LOCALHOME}/DDCASPT2/hydrogen_comps/rerun/H6_chain/H6_1.91/DDCASPT2_e2_F_P_1_.csv

>>> END FOREACH

>>> EXPORT j = M

>>> IF (-FILE DDCASPT2_e2_${i}_${j}_1_.csv)

>>> COPY /tmp/H6_1.91/DDCASPT2_RHS_F_M_1_.csv ${LOCALHOME}/DDCASPT2/hydrogen_comps/rerun/H6_chain/H6_1.91/DDCASPT2_RHS_F_M_1_.csv

>>> COPY /tmp/H6_1.91/DDCASPT2_IVECW_F_M_1_.csv ${LOCALHOME}/DDCASPT2/hydrogen_comps/rerun/H6_chain/H6_1.91/DDCASPT2_IVECW_F_M_1_.csv

>>> COPY /tmp/H6_1.91/DDCASPT2_IVECX_F_M_1_.csv ${LOCALHOME}/DDCASPT2/hydrogen_comps/rerun/H6_chain/H6_1.91/DDCASPT2_IVECX_F_M_1_.csv

>>> COPY /tmp/H6_1.91/DDCASPT2_IVECC2_F_M_1_.csv ${LOCALHOME}/DDCASPT2/hydrogen_comps/rerun/H6_chain/H6_1.91/DDCASPT2_IVECC2_F_M_1_.csv

>>> COPY /tmp/H6_1.91/DDCASPT2_e2_F_M_1_.csv ${LOCALHOME}/DDCASPT2/hydrogen_comps/rerun/H6_chain/H6_1.91/DDCASPT2_e2_F_M_1_.csv

>>> END FOREACH

>>> END FOREACH

>>> EXPORT i = G

>>> EXPORT j = P

>>> IF (-FILE DDCASPT2_e2_${i}_${j}_1_.csv)
(Skipped)

>>> END FOREACH

>>> EXPORT j = M

>>> IF (-FILE DDCASPT2_e2_${i}_${j}_1_.csv)
(Skipped)

>>> END FOREACH

>>> END FOREACH

>>> EXPORT i = H

>>> EXPORT j = P

>>> IF (-FILE DDCASPT2_e2_${i}_${j}_1_.csv)
(Skipped)

>>> END FOREACH

>>> EXPORT j = M

>>> IF (-FILE DDCASPT2_e2_${i}_${j}_1_.csv)
(Skipped)

>>> END FOREACH

>>> END FOREACH

>>> EXPORT i = A

>>> IF (-FILE DDCASPT2_e2_${i}_1_.csv)
(Skipped)

>>> END FOREACH

>>> EXPORT i = C

>>> IF (-FILE DDCASPT2_e2_${i}_1_.csv)

>>> COPY /tmp/H6_1.91/DDCASPT2_RHS_C_1_.csv ${LOCALHOME}/DDCASPT2/hydrogen_comps/rerun/H6_chain/H6_1.91/DDCASPT2_RHS_C_1_.csv

>>> COPY /tmp/H6_1.91/DDCASPT2_IVECW_C_1_.csv ${LOCALHOME}/DDCASPT2/hydrogen_comps/rerun/H6_chain/H6_1.91/DDCASPT2_IVECW_C_1_.csv

>>> COPY /tmp/H6_1.91/DDCASPT2_IVECX_C_1_.csv ${LOCALHOME}/DDCASPT2/hydrogen_comps/rerun/H6_chain/H6_1.91/DDCASPT2_IVECX_C_1_.csv

>>> COPY /tmp/H6_1.91/DDCASPT2_IVECC2_C_1_.csv ${LOCALHOME}/DDCASPT2/hydrogen_comps/rerun/H6_chain/H6_1.91/DDCASPT2_IVECC2_C_1_.csv

>>> COPY /tmp/H6_1.91/DDCASPT2_e2_C_1_.csv ${LOCALHOME}/DDCASPT2/hydrogen_comps/rerun/H6_chain/H6_1.91/DDCASPT2_e2_C_1_.csv

>>> END FOREACH

>>> EXPORT i = D

>>> IF (-FILE DDCASPT2_e2_${i}_1_.csv)
(Skipped)

>>> END FOREACH

.########################.
.# Non-zero return code #.
.########################.

    Timing: Wall=4.26 User=3.43 System=0.81
***************************************
*** WorkDir at /tmp/H6_1.91 cleaned ***
***************************************
