   This run of MOLCAS is using the pymolcas driver

                             OPE
                             OPE          NMOL  CASOP  ENMOLC A   SO
                 OPE        NMOLC        AS  OP EN  MO LC     AS  OP
                OPENM       OL CA        SO  PE NM  OL CA     SOP EN
                OP EN      MO   LC       AS  OP ENMOL  CASO   PENMOL
                OP  EN     MO   LC       AS  OP EN     MO     LC ASO
               OP   E  NMOL  C  AS       OP  EN MO     LC     AS  OP
               OP  E   NMO   LC AS        OPEN  MO     LCASOP EN   M
               O  PEN   MO  LCA  SO
            OPE   NMO   L   CAS    OP
        OPENMOL  CASOP     ENMOL   CASOPE
     OPENMOLCA   SOPENMOLCASOPEN   MOLCASOPE
    OPENMOLCAS   OP           EN   MOL    CAS
    OPENMOLCAS       OP  ENM        O     LCA
    OPENMOLCAS    OPEN  MOLCASO     P  E  NMO
    OPENMOLCAS     OP               E  N  MOL
    OPENMOLCA   SO           PENM   O  L  CAS    OPEN    MO    LCAS
    OPENMOLCA   SOP           ENM   O  L  CAS   OP  EN  MOLC  AS   O
    OPENMOLCA   SOPE           NM      O  LCA   S      OP  EN MO
    OPENMOLC                AS         O  PEN   M      OL  CA  SOPE
    OPENMO        LCASOPE  NMOL        C  ASO   P      ENMOLC     AS
    OPE     NMO      LCA  SO     P     E   NM   OL  CA SO  PE N   MO
          OPENMOLCA            SOPE   NMO        LCAS  O    P  ENMO
     OPENMOLCASOPENMOLCASOPENMOLCASOPENMOLCA
        OPENMOLCASOPENMOLCASOPENMOLCASOPE
            OPENMOLCASOPENMOLCASOPENM
               OPENMOLCASOPENMOLCA        version: f37762c57
                   OPENMOLCASO
                       OPE                tag:

 OpenMolcas is free software; you can redistribute it and/or modify it
 under the terms of the GNU Lesser General Public License version 2.1.
 OpenMolcas is distributed in the hope that it will be useful, but it
 is provided "as is" and without any express or implied warranties.
 For more details see the full text of the license in the file
 LICENSE or in <http://www.gnu.org/licenses/>.

                 Copyright (C) The OpenMolcas Authors
           For the author list and the recommended citation,
                   consult the file CONTRIBUTORS.md

           *************************************************
           * pymolcas version py2.28                       *
           *   build c4a6d18ded8cb6cad61d2372a9abd97c      *
           *   (after the EMIL interpreter by V. Veryazov) *
           *************************************************

configuration info
------------------
C Compiler ID: Intel
C flags: -std=gnu99 -gcc-sys
Fortran Compiler ID: IntelLLVM
Fortran flags: -standard-semantics -fltconsistency -fpp -i8 -heap-arrays
Definitions: _MOLCAS_;_I8_;_LINUX_
Parallel: OFF (GA=OFF)


   --------------------------------------------------------------------------------------
  |
  |              Project: H4_1.11
  |       Submitted from: ${LOCALHOME}/DDCASPT2/hydrogen_comps/rerun/H4_chain/H4_1.11
  |         Scratch area: /tmp/H4_1.11
  |      Save outputs to: ${LOCALHOME}/DDCASPT2/hydrogen_comps/rerun/H4_chain/H4_1.11
  |               Molcas: ${LOCALHOME}/Test/build
  |
  | Scratch area is empty
  |
  |       MOLCAS_DRIVER = /usr/local/pymolcas
  | MOLCAS_KEEP_WORKDIR = NO
  |  MOLCAS_NEW_WORKDIR = YES
  |       MOLCAS_NPROCS = 1
  |        MOLCAS_PRINT = NORMAL
  |       MOLCAS_SOURCE = ${LOCALHOME}/Test
  |    MOLCAS_STRUCTURE = 0
  |
   --------------------------------------------------------------------------------------

++ ---------   Input file   ---------

&GATEWAY
coord=H4_1.11.xyz
Basis = ANO-RCC-VDZP
Group = nosymm
End of Input

&SEWARD
End of Input

&SCF

>>> COPY $WorkDir/H4_1.11.scf.h5 $CurrDir/

&RASSCF
Title= RASSCF
FileOrb
${LOCALHOME}/DDCASPT2/hydrogen_comps/rerun/H4_chain/H4_0.60/H4_0.60.RasOrb
NACTEL
4 0 0
Inactive
0
RAS2
4
Symmetry
1
Spin
1
orblisting
all

>>> COPY $WorkDir/H4_1.11.rasscf.h5 $CurrDir/

>>> COPY $WorkDir/DDCASPT2_Fock_MO.csv $CurrDir/H4_1.11.DDCASPT2_Fock_MO.csv

&MOTRA
Frozen=0
LUMORB

>>> COPY $WorkDir/DDCASPT2_one_int_indx.csv $CurrDir/H4_1.11.DDCASPT2_one_int_indx.csv

>>> COPY $WorkDir/DDCASPT2_one_int.csv $CurrDir/H4_1.11.DDCASPT2_one_int.csv

>>> COPY $WorkDir/DDCASPT2_two_int_indx.csv $CurrDir/H4_1.11.DDCASPT2_two_int_indx.csv

>>> COPY $WorkDir/DDCASPT2_two_int.csv $CurrDir/H4_1.11.DDCASPT2_two_int.csv

&CASPT2
Frozen
0

MAXITER
50

>>> FOREACH i IN (B,E,F,G,H)

  >>> FOREACH j IN (P,M)

    >>> IF (-FILE DDCASPT2_e2_${i}_${j}_1_.csv)

      >>> COPY $WorkDir/DDCASPT2_RHS_${i}_${j}_1_.csv $CurrDir/DDCASPT2_RHS_${i}_${j}_1_.csv

      >>> COPY $WorkDir/DDCASPT2_IVECW_${i}_${j}_1_.csv $CurrDir/DDCASPT2_IVECW_${i}_${j}_1_.csv

      >>> COPY $WorkDir/DDCASPT2_IVECX_${i}_${j}_1_.csv $CurrDir/DDCASPT2_IVECX_${i}_${j}_1_.csv

      >>> COPY $WorkDir/DDCASPT2_IVECC2_${i}_${j}_1_.csv $CurrDir/DDCASPT2_IVECC2_${i}_${j}_1_.csv

      >>> COPY $WorkDir/DDCASPT2_e2_${i}_${j}_1_.csv $CurrDir/DDCASPT2_e2_${i}_${j}_1_.csv

    >>> END IF

  >>> END FOREACH

>>> END FOREACH

>>> FOREACH i IN (A,C,D)

  >>> IF (-FILE DDCASPT2_e2_${i}_1_.csv)

    >>> COPY $WorkDir/DDCASPT2_RHS_${i}_1_.csv $CurrDir/DDCASPT2_RHS_${i}_1_.csv

    >>> COPY $WorkDir/DDCASPT2_IVECW_${i}_1_.csv $CurrDir/DDCASPT2_IVECW_${i}_1_.csv

    >>> COPY $WorkDir/DDCASPT2_IVECX_${i}_1_.csv $CurrDir/DDCASPT2_IVECX_${i}_1_.csv

    >>> COPY $WorkDir/DDCASPT2_IVECC2_${i}_1_.csv $CurrDir/DDCASPT2_IVECC2_${i}_1_.csv

    >>> COPY $WorkDir/DDCASPT2_e2_${i}_1_.csv $CurrDir/DDCASPT2_e2_${i}_1_.csv

  >>> END IF

>>> END FOREACH

-- ----------------------------------

--- Start Module: gateway at Sun Oct 26 12:59:49 2025 ---
 
()()()()()()()()()()()()()()()()()()()()()()()()()()()()()()()()()()()()()()()()()()()()()()()()()()

                                              &GATEWAY

                                   only a single process is used
                       available to each process: 2.0 GB of memory, 1 thread?
()()()()()()()()()()()()()()()()()()()()()()()()()()()()()()()()()()()()()()()()()()()()()()()()()()
 
 
++    Symmetry information:
      ---------------------
 
                    Character Table for C1 
 
                             E  
                    a        1  x, y, xy, Rz, z, xz, Ry, yz, Rx, I
--
 
 
++    Basis set information:
      ----------------------
 
 
      Basis set label: H.ANO-RCC...2S1P.
 
      Electronic valence basis set:
      ------------------
      Associated Effective Charge   1.000000 au
      Associated Actual Charge      1.000000 au
      Nuclear Model: Point charge
 
      Shell  nPrim  nBasis  Cartesian Spherical Contaminant
         s       8       2        X                  
         p       4       1        X                  
--
 
 
++    Molecular structure info:
      -------------------------
 
                    ************************************************ 
                    **** Cartesian Coordinates / Bohr, Angstrom **** 
                    ************************************************ 
 
     Center  Label                x              y              z                     x              y              z
        1      H1               0.000000       0.000000       0.000000              0.000000       0.000000       0.000000
        2      H2               0.000000       0.000000       2.095878              0.000000       0.000000       1.109091
        3      H3               0.000000       0.000000       4.191756              0.000000       0.000000       2.218182
        4      H4               0.000000       0.000000       6.287635              0.000000       0.000000       3.327273
 
                    *************************************** 
                    *    InterNuclear Distances / Bohr    * 
                    *************************************** 
 
               1 H1            2 H2            3 H3            4 H4    
    1 H1       0.000000
    2 H2       2.095878        0.000000
    3 H3       4.191756        2.095878        0.000000
    4 H4       6.287635        4.191756        2.095878        0.000000
 
                    ******************************************* 
                    *    InterNuclear Distances / Angstrom    * 
                    ******************************************* 
 
               1 H1            2 H2            3 H3            4 H4    
    1 H1       0.000000
    2 H2       1.109091        0.000000
    3 H3       2.218182        1.109091        0.000000
    4 H4       3.327273        2.218182        1.109091        0.000000
 
                    ************************************** 
                    *    Valence Bond Angles / Degree    * 
                    ************************************** 
                          Atom centers                 Phi
                      1 H1       2 H2       3 H3       180.00
                      2 H2       3 H3       4 H4       180.00
--
 
 
            Nuclear Potential Energy              2.06755013 au
 
--- Stop Module: gateway at Sun Oct 26 12:59:50 2025 /rc=_RC_ALL_IS_WELL_ ---
*** files: xmldump
    saved to directory ${LOCALHOME}/DDCASPT2/hydrogen_comps/rerun/H4_chain/H4_1.11

--- Start Module: seward at Sun Oct 26 12:59:50 2025 ---
 
()()()()()()()()()()()()()()()()()()()()()()()()()()()()()()()()()()()()()()()()()()()()()()()()()()

                                              &SEWARD

                                   only a single process is used
                       available to each process: 2.0 GB of memory, 1 thread?
()()()()()()()()()()()()()()()()()()()()()()()()()()()()()()()()()()()()()()()()()()()()()()()()()()
 
               SEWARD will generate:
                  Multipole Moment integrals up to order  2
                  Kinetic Energy integrals
                  Nuclear Attraction integrals (point charge)
                  One-Electron Hamiltonian integrals
                  Velocity integrals
                  Relativistic Douglas-Kroll-Hess integrals:
                    - Parametrization         : EXP
                    - DKH order of Hamiltonian: 2
                    - DKH order of Properties : 0
                         - multipole moment operators
                         - electric potential operators
                         - contact operators
                  Atomic mean-field integrals
                  Two-Electron Repulsion integrals
 
                   Integrals are discarded if absolute value <: 0.10E-13
                   Integral cutoff threshold is set to       <: 0.10E-15
 
            Nuclear Potential Energy              2.06755013 au
 
 
      Basis set specifications :
      Symmetry species         a  
      Basis functions           20
 
 
  Input file to MOLDEN was generated!
 
forrtl: warning (525): IEEE_DIVIDE_BY_ZERO is signaling
forrtl: warning (526): IEEE_INVALID is signaling
forrtl: warning (528): IEEE_UNDERFLOW is signaling
--- Stop Module: seward at Sun Oct 26 12:59:50 2025 /rc=_RC_ALL_IS_WELL_ ---
*** files: H4_1.11.GssOrb H4_1.11.guessorb.h5 H4_1.11.guessorb.molden xmldump
    saved to directory ${LOCALHOME}/DDCASPT2/hydrogen_comps/rerun/H4_chain/H4_1.11

*** symbolic link created: INPORB -> H4_1.11.GssOrb
--- Start Module: scf at Sun Oct 26 12:59:50 2025 ---
 
()()()()()()()()()()()()()()()()()()()()()()()()()()()()()()()()()()()()()()()()()()()()()()()()()()

                                                &SCF

                                   only a single process is used
                       available to each process: 2.0 GB of memory, 1 thread?
()()()()()()()()()()()()()()()()()()()()()()()()()()()()()()()()()()()()()()()()()()()()()()()()()()
 
++    Input section:
      --------------
 
      Header of the integral files:
      
       Integrals generated by seward 4.2.0  , Sun Oct 26 12:59:50 2025
 
 
      Cartesian coordinates in Angstrom:
      -----------------------------------------------------
      No.  Label        X            Y            Z        
      -----------------------------------------------------
       1   H1         0.00000000   0.00000000   0.00000000
       2   H2         0.00000000   0.00000000   1.10909100
       3   H3         0.00000000   0.00000000   2.21818200
       4   H4         0.00000000   0.00000000   3.32727300
      -----------------------------------------------------
      Nuclear repulsion energy =    2.06755013
--
 
++    Orbital specifications:
      -----------------------
 
      Symmetry species               1
                                     a
      Frozen orbitals                0
      Occupied orbitals              2
      Secondary orbitals            18
      Deleted orbitals               0
      Total number of orbitals      20
      Number of basis functions     20
--
 
      Molecular charge                           0.000
 
++    Optimization specifications:
      ----------------------------
 
      SCF Algorithm: Conventional
      Minimized density differences are used
      Number of density matrices in core                5
      Maximum number of NDDO SCF iterations           400
      Maximum number of HF SCF iterations             400
      Threshold for SCF energy change            0.10E-08
      Threshold for density matrix               0.10E-03
      Threshold for Fock matrix                  0.15E-03
      Threshold for linear dependence            0.10E-08
      Threshold at which DIIS is turned on       0.15E+00
      Threshold at which QNR/C2DIIS is turned on 0.75E-01
      Threshold for Norm(delta) (QNR/C2DIIS)     0.20E-04
      DIIS extrapolation of the SCF procedure
      All orbitals punched on: SCFORB
--
 
      Input vectors read from INPORB
      Orbital file label: *Guess orbitals
 
 
++ Convergence information
                                   SCF        iterations: Energy and convergence statistics
 
Iter     Tot. SCF        One-elec.       Two-elec.     Energy      Max Dij or  Max Fij      DNorm      TNorm      AccCon     Time
         Energy          Energy          Energy        Change      Delta Norm                                                in Sec.
   1    -2.106672046    -6.254174300     2.079952120   0.00E+00    0.20E+00*   0.96E-01*    0.24E+01   0.64E+01   None         0.
   2    -2.140592199    -6.335031596     2.126889262  -0.34E-01*   0.22E-01*   0.11E-01*    0.90E+00   0.65E+01   EDIIS        0.
   3    -2.141497463    -6.326681042     2.117633444  -0.91E-03*   0.46E-02*   0.40E-02*    0.74E-01   0.65E+01   c2DIIS       0.
   4    -2.141552764    -6.326557031     2.117454132  -0.55E-04*   0.84E-03*   0.44E-03*    0.17E-01   0.65E+01   QNRc2DIIS    0.
   5    -2.141554167    -6.326469333     2.117365031  -0.14E-05*   0.47E-03*   0.13E-03     0.13E-02   0.65E+01   QNRc2DIIS    0.
   6    -2.141554379    -6.326494037     2.117389523  -0.21E-06*   0.63E-05    0.62E-05     0.22E-03   0.65E+01   QNRc2DIIS    0.
   7    -2.141554379    -6.326491308     2.117386794  -0.12E-09    0.20E-05    0.99E-06     0.23E-04   0.65E+01   QNRc2DIIS    0.
 
       Convergence after  7 Macro Iterations
--
 
 *****************************************************************************************************************************
 *                                                                                                                           *
 *                                             SCF/KS-DFT Program, Final results                                             *
 *                                                                                                                           *
 *                                                                                                                           *
 *                                                                                                                           *
 *                                                       Final Results                                                       *
 *                                                                                                                           *
 *****************************************************************************************************************************
 
::    Total SCF energy                                 -2.1415543794
      One-electron energy                              -6.3264913083
      Two-electron energy                               2.1173867944
      Nuclear repulsion energy                          2.0675501345
      Kinetic energy (interpolated)                     1.8284489387
      Virial theorem                                    1.1712410088
      Total spin, S(S+1)                                0.0000000000
      Total spin, S                                     0.0000000000
      Max non-diagonal density matrix element           0.0000025929
      Max non-diagonal Fock matrix element              0.0000003464
 
 
      All orbitals with orbital energies smaller than  E(LUMO)+0.5 are printed
 
++    Molecular orbitals:
      -------------------
 
      Title: SCF orbitals

      Molecular orbitals for symmetry species 1: a  
 
          Orbital            1         2         3         4         5    
          Energy           -0.6161   -0.4297    0.0498    0.2453    0.2611
          Occ. No.          2.0000    2.0000    0.0000    0.0000    0.0000
 
        1 H1     1s         0.3025   -0.4712    0.9393   -1.0350   -0.4532
        2 H1     2s         0.0057   -0.0226    0.5373   -1.0693    0.1736
        3 H1     2px        0.0000   -0.0000    0.0000    0.0000    0.0000
        4 H1     2py        0.0000   -0.0000    0.0000   -0.0000    0.0000
        5 H1     2pz        0.0247   -0.0161   -0.0107   -0.0032   -0.0260
        6 H2     1s         0.4027   -0.4709   -0.7100    1.7250    0.1249
        7 H2     2s        -0.0323   -0.1234   -0.3091    1.0241    0.4389
        8 H2     2px        0.0000   -0.0000    0.0000    0.0000    0.0000
        9 H2     2py       -0.0000    0.0000    0.0000   -0.0000    0.0000
       10 H2     2pz        0.0038    0.0365   -0.0166   -0.0947    0.0238
       11 H3     1s         0.4027    0.4709   -0.7100   -1.7250    0.1249
       12 H3     2s        -0.0323    0.1234   -0.3091   -1.0241    0.4389
       13 H3     2px        0.0000   -0.0000    0.0000    0.0000    0.0000
       14 H3     2py        0.0000   -0.0000    0.0000   -0.0000    0.0000
       15 H3     2pz       -0.0038    0.0365    0.0166   -0.0947   -0.0238
       16 H4     1s         0.3025    0.4712    0.9393    1.0350   -0.4532
       17 H4     2s         0.0057    0.0226    0.5373    1.0693    0.1736
       18 H4     2px       -0.0000    0.0000    0.0000   -0.0000    0.0000
       19 H4     2py       -0.0000   -0.0000   -0.0000   -0.0000    0.0000
       20 H4     2pz       -0.0247   -0.0161    0.0107   -0.0032    0.0260
--
 
 
++    Molecular charges:
      ------------------
 
      Mulliken charges per centre and basis function type
      ---------------------------------------------------
 
                H1      H2      H3      H4    
      1s       0.9511  1.0277  1.0277  0.9511
      2s       0.0008 -0.0412 -0.0412  0.0008
      2px      0.0000  0.0000  0.0000 -0.0000
      2pz      0.0194  0.0422  0.0422  0.0194
      2py      0.0000  0.0000  0.0000  0.0000
      Total    0.9713  1.0287  1.0287  0.9713
 
      N-E      0.0287 -0.0287 -0.0287  0.0287
 
      Total electronic charge=    4.000000
 
      Total            charge=   -0.000000
--
 
 
  Input file to MOLDEN was generated!
 
 
++    Static properties:
      ------------------
 
 
      LoProp Charges per center
 

                   H1       H2       H3       H4    
      Nuclear      1.0000   1.0000   1.0000   1.0000
      Electronic  -1.0034  -0.9966  -0.9966  -1.0034
 
      Total       -0.0034   0.0034   0.0034  -0.0034
--
 
 
++    Natural Bond Order analysis
      ---------------------------
      Based on LoProp computed density
      -------------------------------------------------------------------------------------
      Atom A       Atom B       Bond Order | Atom A       Atom B       Bond Order
        H1           H2             0.996  |   H3           H4             0.996
      -------------------------------------------------------------------------------------
      NBO located      3.983 electrons involved in    2 bonds.
      The remaining    0.017 electrons are to be considered as diffuse
--
 
 
++    Molecular properties:
      ---------------------
 
      Charge (e):
                      =   -0.0000
      Dipole Moment (Debye):
      Origin of the operator (Ang)=    0.0000    0.0000    0.0000
                   X= -9.4353E-14               Y=  5.9030E-15               Z=  6.9080E-13           Total=  6.9724E-13
      Quadrupole Moment (Debye*Ang):
      Origin of the operator (Ang)=    0.0000    0.0000    1.6636
                  XX= -5.1603E+00              XY=  3.3256E-30              XZ=  1.1956E-13              YY= -5.1603E+00
                  YZ=  6.0709E-15              ZZ= -3.5315E+00
      In traceless form (Debye*Ang)
                  XX= -8.1441E-01              XY=  4.9883E-30              XZ=  1.7934E-13              YY= -8.1441E-01
                  YZ=  9.1064E-15              ZZ=  1.6288E+00
--
 
 
  Input file to MOLDEN was generated!
 
 ###############################################################################
 ###############################################################################
 ###                                                                         ###
 ###                                                                         ###
 ###    RunFile label nBas                                                   ###
 ###    was used       78 times                                              ###
 ###                                                                         ###
 ###                                                                         ###
 ###############################################################################
 ###############################################################################
forrtl: warning (528): IEEE_UNDERFLOW is signaling
--- Stop Module: scf at Sun Oct 26 12:59:51 2025 /rc=_RC_ALL_IS_WELL_ ---
*** files: H4_1.11.LprOrb H4_1.11.LoProp.molden H4_1.11.scf.molden H4_1.11.ScfOrb H4_1.11.scf.h5 xmldump
    saved to directory ${LOCALHOME}/DDCASPT2/hydrogen_comps/rerun/H4_chain/H4_1.11

>>> COPY /tmp/H4_1.11/H4_1.11.scf.h5 ${LOCALHOME}/DDCASPT2/hydrogen_comps/rerun/H4_chain/H4_1.11/

*** symbolic link created: INPORB -> H4_1.11.ScfOrb
--- Start Module: rasscf at Sun Oct 26 12:59:51 2025 ---
 
()()()()()()()()()()()()()()()()()()()()()()()()()()()()()()()()()()()()()()()()()()()()()()()()()()

                                              &RASSCF

                                   only a single process is used
                       available to each process: 2.0 GB of memory, 1 thread?
()()()()()()()()()()()()()()()()()()()()()()()()()()()()()()()()()()()()()()()()()()()()()()()()()()
 
 
      Header of the ONEINT file:
      --------------------------
      
      Integrals generated by seward 4.2.0  , Sun Oct 26 12:59:50 2025
 
 
      OrdInt status: non-squared
 
 
      Cartesian coordinates in Angstrom:
      -----------------------------------------------------
      No.  Label        X            Y            Z        
      -----------------------------------------------------
       1   H1         0.00000000   0.00000000   0.00000000
       2   H2         0.00000000   0.00000000   1.10909100
       3   H3         0.00000000   0.00000000   2.21818200
       4   H4         0.00000000   0.00000000   3.32727300
      -----------------------------------------------------
      Nuclear repulsion energy =    2.06755013
 
++    Wave function specifications:
      -----------------------------
 
      Number of closed shell electrons           0
      Number of electrons in active shells       4
      Max number of holes in RAS1 space          0
      Max nr of electrons in RAS3 space          0
      Number of inactive orbitals                0
      Number of active orbitals                  4
      Number of secondary orbitals              16
      Spin quantum number                      0.0
      State symmetry                             1
--
 
++    Orbital specifications:
      -----------------------
 
      Symmetry species                           1
                                                 a
      Frozen orbitals                            0
      Inactive orbitals                          0
      Active orbitals                            4
      RAS1 orbitals                              0
      RAS2 orbitals                              4
      RAS3 orbitals                              0
      Secondary orbitals                        16
      Deleted orbitals                           0
      Number of basis functions                 20
--
 
++    CI expansion specifications:
      ----------------------------
 
      Number of CSFs                            20
      Number of determinants                    21
      Number of root(s) required                 1
      Root chosen for geometry opt.              1
      CI root used                               1
         
      highest root included in the CI            1
      max. size of the explicit Hamiltonian     20
--
 
++    Optimization specifications:
      ----------------------------
 
      RASSCF algorithm: Conventional
      Maximum number of macro iterations       200
      Maximum number of SX iterations          100
      Threshold for RASSCF energy            0.100E-07
      Threshold for max MO rotation          0.100E+00
      Threshold for max BLB element          0.100E-03
      Level shift parameter                  0.500E+00
      Make Quasi-Newton update
--
 
      The MO-coefficients are taken from the file:
      ${LOCALHOME}/DDCASPT2/hydrogen_comps/rerun/H4_chain/H4_0.60/H4_0.60.RasOrb                                                  
      Title: RASSCF average (pseudo-natural) orbitals                                      
 
      Total molecular charge    0.00
 
      ************************************************************************************************************************
      *                                                                                                                      *
      *                                            Wave function control section                                             *
      *                                                                                                                      *
      ************************************************************************************************************************
 
 
                                         RASSCF iterations: Energy and convergence statistics
                                         ----------------------------------------------------
 
      Iter CI   SX   CI       RASSCF       Energy    max ROT     max BLB   max BLB  Level Ln srch  Step   QN   Walltime
          iter iter root      energy       change     param      element    value   shift minimum  type update hh:mm:ss
 Nr of preliminary CI iterations:   1
        1   1   18    1    -2.00674564    0.00E+00   0.32E+00*   1   9 1 -0.37E+00*  0.00   0.00    SX    NO    0:00:00
        2   1   20    1    -2.19102392   -0.18E+00*  0.98E-01    1   9 1 -0.94E-01*  0.00   0.00    SX    NO    0:00:00
        3   1   11    1    -2.20267821   -0.12E-01*  0.37E-01    1   9 1 -0.20E-01*  0.00   0.00    SX    NO    0:00:00
        4   1   11    1    -2.20355220   -0.87E-03* -0.16E-01    1   9 1 -0.53E-02*  0.00   0.00    SX    NO    0:00:00
        5   1   10    1    -2.20369341   -0.14E-03* -0.12E-01    1   9 1 -0.18E-02*  0.00   1.82    LS   YES    0:00:00
        6   1   10    1    -2.20372964   -0.36E-04* -0.36E-02    1   9 1  0.11E-02*  0.00   1.04    QN   YES    0:00:00
        7   1    9    1    -2.20373426   -0.46E-05*  0.20E-02    1   9 1  0.31E-03*  0.00   1.58    LS   YES    0:00:00
        8   1    9    1    -2.20373498   -0.71E-06*  0.65E-03    1   9 1 -0.14E-03*  0.00   1.01    QN   YES    0:00:00
        9   1    7    1    -2.20373517   -0.19E-06*  0.31E-03    1   9 1 -0.78E-04   0.00   1.48    LS   YES    0:00:00
       10   1    7    1    -2.20373519   -0.23E-07*  0.99E-04    1   9 1 -0.47E-04   0.00   1.00    QN   YES    0:00:00
       11   1    5    1    -2.20373520   -0.48E-08  -0.13E-04    2  12 1  0.84E-05   0.00   1.15    QN   YES    0:00:00
      Convergence after 11 iterations
 
  Dmat in MO in SXCTL bf call to SXHAM                                                                                    
  mat. size =     4x    4
 
        1.9189277805928260
       -0.0000000000414506      1.8956523878402880
       -0.2551014710203975     -0.0000000003825149      0.1467419314676971
        0.0000000003556926     -0.0585463589418021     -0.0000000000268011      0.0386779000991905
       12   1    5    1    -2.20373520   -0.16E-09  -0.13E-04    1   9 1  0.13E-05   0.00   1.15    QN   YES    0:00:00
 
      ************************************************************************************************************************
                                                      Wave function printout:
                       occupation of active orbitals, and spin coupling of open shells (u,d: Spin up or down)
      ************************************************************************************************************************
 
      Note: transformation to natural orbitals
      has been made, which may change the order of the CSFs.
 
      printout of CI-coefficients larger than  0.05 for root  1
      energy=      -2.203735
      conf/sym  1111     Coeff  Weight
             1  2200   0.96279 0.92696
             6  2020  -0.19084 0.03642
            10  udud   0.14419 0.02079
            12  0220  -0.07892 0.00623
            14  0202  -0.05986 0.00358
            15  uudd  -0.05599 0.00314
 
      Natural orbitals and occupation numbers for root  1
      sym 1:   1.954918   1.897496   0.110752   0.036834
 
      ************************************************************************************************************************
      *                                                                                                                      *
      *                                                    Final results                                                     *
      *                                                                                                                      *
      ************************************************************************************************************************
 
 
++    Wave function specifications:
      -----------------------------
 
      Number of closed shell electrons           0
      Number of electrons in active shells       4
      Max number of holes in RAS1 space          0
      Max nr of electrons in RAS3 space          0
      Number of inactive orbitals                0
      Number of active orbitals                  4
      Number of secondary orbitals              16
      Spin quantum number                      0.0
      State symmetry                             1
--
 
++    Orbital specifications:
      -----------------------
 
      Symmetry species                           1
                                                 a
      Frozen orbitals                            0
      Inactive orbitals                          0
      Active orbitals                            4
      RAS1 orbitals                              0
      RAS2 orbitals                              4
      RAS3 orbitals                              0
      Secondary orbitals                        16
      Deleted orbitals                           0
      Number of basis functions                 20
--
 
++    CI expansion specifications:
      ----------------------------
 
      Number of CSFs                            20
      Number of determinants                    21
      Number of root(s) required                 1
      CI root used                               1
      highest root included in the CI            1
      Root passed to geometry opt.               1
--
 
++    Final optimization conditions:
      ------------------------------
 
      Average CI energy                              -2.20373520
      RASSCF energy for state  1                     -2.20373520
      Super-CI energy                                -0.00000000
      RASSCF energy change                           -0.00000000
      Max change in MO coefficients              -0.916E-04
      Max non-diagonal density matrix element    -0.132E-04
      Maximum BLB matrix element                  0.125E-05
      (orbital pair   1,   9 in symmetry   1)
      Norm of electronic gradient            0.186E-05
--
 
 
      Final state energy(ies):
      ------------------------
 
::    RASSCF root number  1 Total energy:     -2.20373520
 
++    Molecular orbitals:
      -------------------
 
      Pseudonatural active orbitals and approximate occupation numbers
 
 
 
 
      Molecular orbitals for symmetry species 1: a  
 
 
      Orbital                1         2         3         4         5         6         7         8         9        10
      Energy            0.0000    0.0000    0.0000    0.0000    0.2417    0.3592    0.6171    0.6171    0.6460    0.8609
      Occ. No.          1.9549    1.8975    0.1108    0.0368    0.0000    0.0000    0.0000    0.0000    0.0000    0.0000
 
    1 H1     1s         0.3048   -0.4853    0.7333   -0.8022    0.0770    0.4385    0.0000    0.0000   -1.3021    0.0000
    2 H1     2s         0.0033   -0.0125   -0.0145   -0.0592   -0.4020    1.0318    0.0000    0.0000   -1.4832    0.0000
    3 H1     2px        0.0000   -0.0000   -0.0000   -0.0000   -0.0000   -0.0000    0.2988    0.0050    0.0000   -0.5689
    4 H1     2py       -0.0000    0.0000   -0.0000    0.0000   -0.0000    0.0000   -0.0050    0.2988    0.0000    0.0211
    5 H1     2pz        0.0199   -0.0111    0.0022   -0.0083    0.0234    0.0576    0.0000    0.0000   -0.0734   -0.0000
    6 H2     1s         0.4052   -0.4452   -0.4927    1.3955    0.1417   -0.4304   -0.0000   -0.0000    0.9952   -0.0000
    7 H2     2s        -0.0389   -0.0919    0.0148    0.2943   -0.2541   -0.2430   -0.0000   -0.0000    1.4313   -0.0000
    8 H2     2px       -0.0000   -0.0000    0.0000    0.0000   -0.0000    0.0000    0.4386    0.0074    0.0000   -0.3156
    9 H2     2py        0.0000    0.0000   -0.0000    0.0000   -0.0000    0.0000   -0.0074    0.4386    0.0000    0.0117
   10 H2     2pz        0.0073    0.0323   -0.0368   -0.0170   -0.0283    0.1596    0.0000    0.0000   -0.2894    0.0000
   11 H3     1s         0.4052    0.4452   -0.4927   -1.3955    0.1417    0.4304   -0.0000   -0.0000    0.9952   -0.0000
   12 H3     2s        -0.0389    0.0919    0.0148   -0.2943   -0.2541    0.2430   -0.0000   -0.0000    1.4313   -0.0000
   13 H3     2px       -0.0000   -0.0000   -0.0000    0.0000   -0.0000    0.0000    0.4386    0.0074    0.0000    0.3156
   14 H3     2py       -0.0000   -0.0000   -0.0000   -0.0000   -0.0000   -0.0000   -0.0074    0.4386    0.0000   -0.0117
   15 H3     2pz       -0.0073    0.0323    0.0368   -0.0170    0.0283    0.1596   -0.0000   -0.0000    0.2894   -0.0000
   16 H4     1s         0.3048    0.4853    0.7333    0.8022    0.0770   -0.4385    0.0000    0.0000   -1.3021    0.0000
   17 H4     2s         0.0033    0.0125   -0.0145    0.0592   -0.4020   -1.0318    0.0000    0.0000   -1.4832    0.0000
   18 H4     2px        0.0000    0.0000    0.0000   -0.0000    0.0000    0.0000    0.2988    0.0050    0.0000    0.5689
   19 H4     2py       -0.0000   -0.0000    0.0000   -0.0000   -0.0000   -0.0000   -0.0050    0.2988    0.0000   -0.0211
   20 H4     2pz       -0.0199   -0.0111   -0.0022   -0.0083   -0.0234    0.0576   -0.0000   -0.0000    0.0734   -0.0000
 
 
      Orbital               11        12        13        14        15        16        17        18        19        20
      Energy            0.8609    1.2697    1.3010    1.3010    1.3394    1.9272    1.9272    1.9330    2.6736    3.8509
      Occ. No.          0.0000    0.0000    0.0000    0.0000    0.0000    0.0000    0.0000    0.0000    0.0000    0.0000
 
    1 H1     1s        -0.0000   -1.7567    0.0000    0.0000   -0.4211   -0.0000   -0.0000    1.9557   -1.5072    1.3526
    2 H1     2s         0.0000   -1.4471    0.0000    0.0000   -0.7417   -0.0000   -0.0000    1.5801   -0.6509    0.2704
    3 H1     2px       -0.0211    0.0000   -0.2004    0.6879    0.0000    0.2595   -0.4995   -0.0000   -0.0000    0.0000
    4 H1     2py       -0.5689    0.0000    0.6879    0.2004    0.0000   -0.4995   -0.2595   -0.0000   -0.0000    0.0000
    5 H1     2pz        0.0000    0.0576    0.0000    0.0000   -0.6597   -0.0000   -0.0000    1.1089   -1.0372    0.8122
    6 H2     1s         0.0000    4.1466   -0.0000   -0.0000    0.5443    0.0000    0.0000   -4.7460    1.6196    0.4799
    7 H2     2s         0.0000    4.4467   -0.0000   -0.0000    0.5958    0.0000    0.0000   -3.6367    0.5402   -0.1324
    8 H2     2px       -0.0117   -0.0000    0.1357   -0.4659   -0.0000   -0.4624    0.8898    0.0000    0.0000   -0.0000
    9 H2     2py       -0.3156   -0.0000   -0.4659   -0.1357   -0.0000    0.8898    0.4624    0.0000    0.0000    0.0000
   10 H2     2pz        0.0000    0.1678   -0.0000   -0.0000    0.3228    0.0000    0.0000   -0.2812   -1.0649    2.0607
   11 H3     1s        -0.0000   -4.1466    0.0000    0.0000    0.5443   -0.0000   -0.0000    4.7460    1.6196   -0.4799
   12 H3     2s        -0.0000   -4.4467    0.0000    0.0000    0.5958   -0.0000   -0.0000    3.6367    0.5402    0.1324
   13 H3     2px        0.0117   -0.0000    0.1357   -0.4659   -0.0000    0.4624   -0.8898   -0.0000   -0.0000    0.0000
   14 H3     2py        0.3156   -0.0000   -0.4659   -0.1357   -0.0000   -0.8898   -0.4624   -0.0000   -0.0000   -0.0000
   15 H3     2pz       -0.0000    0.1678    0.0000   -0.0000   -0.3228    0.0000    0.0000   -0.2812    1.0649    2.0607
   16 H4     1s         0.0000    1.7567   -0.0000   -0.0000   -0.4211    0.0000    0.0000   -1.9557   -1.5072   -1.3526
   17 H4     2s         0.0000    1.4471   -0.0000   -0.0000   -0.7417    0.0000    0.0000   -1.5801   -0.6509   -0.2704
   18 H4     2px        0.0211    0.0000   -0.2004    0.6879    0.0000   -0.2595    0.4995    0.0000    0.0000   -0.0000
   19 H4     2py        0.5689    0.0000    0.6879    0.2004    0.0000    0.4995    0.2595    0.0000    0.0000   -0.0000
   20 H4     2pz        0.0000    0.0576   -0.0000   -0.0000    0.6597   -0.0000   -0.0000    1.1089    1.0372    0.8122
--
 
      Von Neumann Entropy (Root  1) =  0.44147
 

      Mulliken population analysis for root number:  1
      -----------------------------------------------
 
 
++    Molecular charges:
      ------------------
 
      Mulliken charges per centre and basis function type
      ---------------------------------------------------
 
                H1      H2      H3      H4    
      1s       0.9775  1.0089  1.0089  0.9775
      2s       0.0002 -0.0394 -0.0394  0.0002
      2px      0.0000 -0.0000  0.0000  0.0000
      2pz      0.0143  0.0385  0.0385  0.0143
      2py      0.0000 -0.0000  0.0000  0.0000
      Total    0.9920  1.0080  1.0080  0.9920
 
      N-E      0.0080 -0.0080 -0.0080  0.0080
 
      Total electronic charge=    4.000000
 
      Total            charge=   -0.000000
--
 
 

      Expectation values of various properties for root number:  1
      -----------------------------------------------------------
 
 
++    Molecular properties:
      ---------------------
 
      Charge (e):
                      =   -0.0000
      Dipole Moment (Debye):
      Origin of the operator (Ang)=    0.0000    0.0000    0.0000
                   X= -2.0431E-13               Y=  3.7542E-13               Z= -4.2336E-09           Total=  4.2336E-09
      Quadrupole Moment (Debye*Ang):
      Origin of the operator (Ang)=    0.0000    0.0000    1.6636
                  XX= -4.8389E+00              XY=  1.3117E-27              XZ=  9.9206E-14              YY= -4.8389E+00
                  YZ=  1.3003E-14              ZZ= -3.7127E+00
      In traceless form (Debye*Ang)
                  XX= -5.6314E-01              XY=  1.9676E-27              XZ=  1.4881E-13              YY= -5.6314E-01
                  YZ=  1.9505E-14              ZZ=  1.1263E+00
--
 

      LoProp population analysis for root number:  1
      -----------------------------------------------
 
 
++    LoProp analysis:
      ----------------
 
 
 
  Input file to MOLDEN was generated!
 
 
++    Static properties:
      ------------------
 
 
      LoProp Charges per center
 

                   H1       H2       H3       H4    
      Nuclear      1.0000   1.0000   1.0000   1.0000
      Electronic  -1.0092  -0.9908  -0.9908  -1.0092
 
      Total       -0.0092   0.0092   0.0092  -0.0092
--
 
 
      Natural Bond Order analysis for root number:  1
 
++    Natural Bond Order analysis
      ---------------------------
      Based on LoProp computed density
      -------------------------------------------------------------------------------------
      Atom A       Atom B       Bond Order | Atom A       Atom B       Bond Order
        H1           H2             0.952  |   H3           H4             0.952
      -------------------------------------------------------------------------------------
      NBO located      3.807 electrons involved in    2 bonds.
      The remaining    0.193 electrons are to be considered as diffuse
--
 
--
 
 
  Input file to MOLDEN was generated!
 
      Average orbitals are written to the RASORB file
      Natural orbitals for root   1 are written to the RASORB.1 file
      Spin density orbitals for root   1 are written to the SPDORB.1 file
 
forrtl: warning (525): IEEE_DIVIDE_BY_ZERO is signaling
forrtl: warning (526): IEEE_INVALID is signaling
forrtl: warning (528): IEEE_UNDERFLOW is signaling
--- Stop Module: rasscf at Sun Oct 26 12:59:51 2025 /rc=_RC_ALL_IS_WELL_ ---
*** files: H4_1.11.LprOrb H4_1.11.rasscf.molden H4_1.11.LoProp.molden H4_1.11.RasOrb.1 H4_1.11.RasOrb H4_1.11.rasscf.h5 H4_1.11.SpdOrb.1 xmldump
    saved to directory ${LOCALHOME}/DDCASPT2/hydrogen_comps/rerun/H4_chain/H4_1.11

>>> COPY /tmp/H4_1.11/H4_1.11.rasscf.h5 ${LOCALHOME}/DDCASPT2/hydrogen_comps/rerun/H4_chain/H4_1.11/

>>> COPY /tmp/H4_1.11/DDCASPT2_Fock_MO.csv ${LOCALHOME}/DDCASPT2/hydrogen_comps/rerun/H4_chain/H4_1.11/H4_1.11.DDCASPT2_Fock_MO.csv

*** symbolic link created: INPORB -> H4_1.11.RasOrb
--- Start Module: motra at Sun Oct 26 12:59:51 2025 ---
 
()()()()()()()()()()()()()()()()()()()()()()()()()()()()()()()()()()()()()()()()()()()()()()()()()()

                                               &MOTRA

                                   only a single process is used
                       available to each process: 2.0 GB of memory, 1 thread?
()()()()()()()()()()()()()()()()()()()()()()()()()()()()()()()()()()()()()()()()()()()()()()()()()()
 
 
      *** WARNING: Default frozen orbitals is overwritten by user input.
      *** Default values:   0
 
      Header of the integral files:
      
       Integrals generated by seward 4.2.0  , Sun Oct 26 12:59:50 2025
 
 
      Header of MO coefficients source file:
      * RASSCF average (pseudo-natural) orbitals                                      
 
 
      Cartesian coordinates in Angstrom:
      -----------------------------------------------------
      No.  Label        X            Y            Z        
      -----------------------------------------------------
       1   H1         0.00000000   0.00000000   0.00000000
       2   H2         0.00000000   0.00000000   1.10909100
       3   H3         0.00000000   0.00000000   2.21818200
       4   H4         0.00000000   0.00000000   3.32727300
      -----------------------------------------------------
      Nuclear repulsion energy =    2.06755013
 
      Orbital specifications:
      -----------------------
 
      Symmetry species:              1
      Number of basis functions:    20
      Frozen orbitals:               0
      Deleted orbitals:              0
      Number of orbitals used:      20

       SYMMETRY  BASIS FUNCTIONS       ORBITALS      INTEGRALS   CPU(SEC)  I/O(SEC)
        1 1 1 1   20  20  20  20    20  20  20  20       22155       0.00      0.00

       TOTAL CPU TIME(SEC)    0.00TOTAL I/O TIME(SEC)    0.03
 
--- Stop Module: motra at Sun Oct 26 12:59:51 2025 /rc=_RC_ALL_IS_WELL_ ---
*** files: xmldump
    saved to directory ${LOCALHOME}/DDCASPT2/hydrogen_comps/rerun/H4_chain/H4_1.11

>>> COPY /tmp/H4_1.11/DDCASPT2_one_int_indx.csv ${LOCALHOME}/DDCASPT2/hydrogen_comps/rerun/H4_chain/H4_1.11/H4_1.11.DDCASPT2_one_int_indx.csv

>>> COPY /tmp/H4_1.11/DDCASPT2_one_int.csv ${LOCALHOME}/DDCASPT2/hydrogen_comps/rerun/H4_chain/H4_1.11/H4_1.11.DDCASPT2_one_int.csv

>>> COPY /tmp/H4_1.11/DDCASPT2_two_int_indx.csv ${LOCALHOME}/DDCASPT2/hydrogen_comps/rerun/H4_chain/H4_1.11/H4_1.11.DDCASPT2_two_int_indx.csv

>>> COPY /tmp/H4_1.11/DDCASPT2_two_int.csv ${LOCALHOME}/DDCASPT2/hydrogen_comps/rerun/H4_chain/H4_1.11/H4_1.11.DDCASPT2_two_int.csv

*** symbolic link created: INPORB -> H4_1.11.RasOrb
--- Start Module: caspt2 at Sun Oct 26 12:59:51 2025 ---
 
()()()()()()()()()()()()()()()()()()()()()()()()()()()()()()()()()()()()()()()()()()()()()()()()()()

                                              &CASPT2

                                   only a single process is used
                       available to each process: 2.0 GB of memory, 1 thread?
()()()()()()()()()()()()()()()()()()()()()()()()()()()()()()()()()()()()()()()()()()()()()()()()()()
 
 Cholesky algorithm in CASPT2 =    1
 
 ###############################################################################
 ###############################################################################
 ###                                                                         ###
 ###                                                                         ###
 ###    User changed nr of frozen orbitals.                                  ###
 ###                                                                         ###
 ###                                                                         ###
 ###############################################################################
 ###############################################################################
 
++    Wave function specifications:
      -----------------------------
 
      Number of closed shell electrons           0
      Number of electrons in active shells       4
      Max number of holes in RAS1 space          0
      Max number of electrons in RAS3 space      0
      Number of inactive orbitals                0
      Number of active orbitals                  4
      Number of secondary orbitals              16
      Spin quantum number                      0.0
      State symmetry                             1
      Number of CSFs                            20
      Number of root(s) available                1
      Root passed to geometry opt.               1
      A file JOBMIX will be created.
      This is a CASSCF or RASSCF reference function
--
 
++    Orbital specifications:
      -----------------------
 
      Symmetry species                           1
                                                 a
      Frozen orbitals                            0
      Inactive orbitals                          0
      Active orbitals                            4
      Secondary orbitals                        16
      Deleted orbitals                           0
      Number of basis functions                 20
--
 
      Type of Fock operator: STANDARD
      Type of 0-order Hamiltonian: STANDARD WITH DEFAULT IPEA
        "IP-EA" denominator shift =      0.25
      The input orbitals and the CI vector will be transformed.
 
--------------------------------------------------------------------------------
 Estimated memory requirements:
  POLY3 :                   250840
  RHS:                      254928
  SIGMA :                   255440
  PRPCTL:                        0
 Available workspace:    230398724
 
++ CASPT2 computation for group   1
 
********************************************************************************
 Multi-State initialization phase begins for group   1
--------------------------------------------------------------------------------
********************************************************************************
 Compute H0 matrices for state    1
--------------------------------------------------------------------------------
--------------------------------------------------------------------------------
 H0 matrices have been computed.
 
********************************************************************************
  CASPT2 EQUATION SOLUTION
--------------------------------------------------------------------------------
 
  Total nr of CASPT2 parameters:
   Before reduction:        3104
   After  reduction:        2400
 
 The contributions to the second order correlation energy in atomic units.
-----------------------------------------------------------------------------------------------------------------------------
  IT.      VJTU        VJTI        ATVX        AIVX        VJAI        BVAT        BJAT        BJAI        TOTAL       RNORM  
-----------------------------------------------------------------------------------------------------------------------------
   1     0.000000    0.000000   -0.004703    0.000000    0.000000   -0.019244    0.000000    0.000000   -0.023947    0.002424
   2     0.000000    0.000000   -0.004782    0.000000    0.000000   -0.019279    0.000000    0.000000   -0.024061    0.000210
   3     0.000000    0.000000   -0.004782    0.000000    0.000000   -0.019279    0.000000    0.000000   -0.024061    0.000032
   4     0.000000    0.000000   -0.004781    0.000000    0.000000   -0.019279    0.000000    0.000000   -0.024060    0.000003
-------------------------------------------------------------------------------------------------------------------
 
  FINAL CASPT2 RESULT:
 
  Correlation energy /Case, /Symm, and sums:
 VJTU      0.00000000  0.00000000
 VJTIP     0.00000000  0.00000000
 VJTIM     0.00000000  0.00000000
 ATVX     -0.00478113 -0.00478113
 AIVX      0.00000000  0.00000000
 VJAIP     0.00000000  0.00000000
 VJAIM     0.00000000  0.00000000
 BVATP    -0.01846980 -0.01846980
 BVATM    -0.00080935 -0.00080935
 BJATP     0.00000000  0.00000000
 BJATM     0.00000000  0.00000000
 BJAIP     0.00000000  0.00000000
 BJAIM     0.00000000  0.00000000
 Summed:  -0.02406029 -0.02406029
 
      Reference energy:          -2.2037351982
      E2 (Non-variational):      -0.0240602858
      E2 (Variational):          -0.0240602901
      Total energy:              -2.2277954883
      Residual norm:              0.0000003757
      Reference weight:           0.99042
 
      Contributions to the CASPT2 correlation energy
      Active & Virtual Only:         -0.0240602858
      One Inactive Excited:           0.0000000000
      Two Inactive Excited:           0.0000000000
 
 
++ Denominators, etc.
----------------------------------------------------------------------------------------------------
 Report on small energy denominators, large coefficients, and large energy contributions.
CASE  SYMM ACTIVE-MIX  NON-ACTIVE INDICES          DENOMINATOR     RHS VALUE       COEFFICIENT     CONTRIBUTION
BVATP    1  Mu1.0002  Se1.010 Se1.007               2.43679495     -0.07000399      0.02872790     -0.00201107
BVATP    1  Mu1.0002  Se1.011 Se1.008               2.43679495     -0.07000399      0.02872790     -0.00201107
--
 
   (Skipping property calculation,
    use PROP keyword to activate)
--
 
  Total CASPT2 energies:
::    CASPT2 Root  1     Total energy:     -2.22779549
 
  A NEW JOBIPH FILE NAMED 'JOBMIX' IS PREPARED.
********************************************************************************
forrtl: warning (528): IEEE_UNDERFLOW is signaling
--- Stop Module: caspt2 at Sun Oct 26 12:59:51 2025 /rc=_RC_ALL_IS_WELL_ ---
*** files: xmldump
    saved to directory ${LOCALHOME}/DDCASPT2/hydrogen_comps/rerun/H4_chain/H4_1.11

>>> EXPORT i = B

>>> EXPORT j = P

>>> IF (-FILE DDCASPT2_e2_${i}_${j}_1_.csv)
(Skipped)

>>> END FOREACH

>>> EXPORT j = M

>>> IF (-FILE DDCASPT2_e2_${i}_${j}_1_.csv)
(Skipped)

>>> END FOREACH

>>> END FOREACH

>>> EXPORT i = E

>>> EXPORT j = P

>>> IF (-FILE DDCASPT2_e2_${i}_${j}_1_.csv)
(Skipped)

>>> END FOREACH

>>> EXPORT j = M

>>> IF (-FILE DDCASPT2_e2_${i}_${j}_1_.csv)
(Skipped)

>>> END FOREACH

>>> END FOREACH

>>> EXPORT i = F

>>> EXPORT j = P

>>> IF (-FILE DDCASPT2_e2_${i}_${j}_1_.csv)

>>> COPY /tmp/H4_1.11/DDCASPT2_RHS_F_P_1_.csv ${LOCALHOME}/DDCASPT2/hydrogen_comps/rerun/H4_chain/H4_1.11/DDCASPT2_RHS_F_P_1_.csv

>>> COPY /tmp/H4_1.11/DDCASPT2_IVECW_F_P_1_.csv ${LOCALHOME}/DDCASPT2/hydrogen_comps/rerun/H4_chain/H4_1.11/DDCASPT2_IVECW_F_P_1_.csv

>>> COPY /tmp/H4_1.11/DDCASPT2_IVECX_F_P_1_.csv ${LOCALHOME}/DDCASPT2/hydrogen_comps/rerun/H4_chain/H4_1.11/DDCASPT2_IVECX_F_P_1_.csv

>>> COPY /tmp/H4_1.11/DDCASPT2_IVECC2_F_P_1_.csv ${LOCALHOME}/DDCASPT2/hydrogen_comps/rerun/H4_chain/H4_1.11/DDCASPT2_IVECC2_F_P_1_.csv

>>> COPY /tmp/H4_1.11/DDCASPT2_e2_F_P_1_.csv ${LOCALHOME}/DDCASPT2/hydrogen_comps/rerun/H4_chain/H4_1.11/DDCASPT2_e2_F_P_1_.csv

>>> END FOREACH

>>> EXPORT j = M

>>> IF (-FILE DDCASPT2_e2_${i}_${j}_1_.csv)

>>> COPY /tmp/H4_1.11/DDCASPT2_RHS_F_M_1_.csv ${LOCALHOME}/DDCASPT2/hydrogen_comps/rerun/H4_chain/H4_1.11/DDCASPT2_RHS_F_M_1_.csv

>>> COPY /tmp/H4_1.11/DDCASPT2_IVECW_F_M_1_.csv ${LOCALHOME}/DDCASPT2/hydrogen_comps/rerun/H4_chain/H4_1.11/DDCASPT2_IVECW_F_M_1_.csv

>>> COPY /tmp/H4_1.11/DDCASPT2_IVECX_F_M_1_.csv ${LOCALHOME}/DDCASPT2/hydrogen_comps/rerun/H4_chain/H4_1.11/DDCASPT2_IVECX_F_M_1_.csv

>>> COPY /tmp/H4_1.11/DDCASPT2_IVECC2_F_M_1_.csv ${LOCALHOME}/DDCASPT2/hydrogen_comps/rerun/H4_chain/H4_1.11/DDCASPT2_IVECC2_F_M_1_.csv

>>> COPY /tmp/H4_1.11/DDCASPT2_e2_F_M_1_.csv ${LOCALHOME}/DDCASPT2/hydrogen_comps/rerun/H4_chain/H4_1.11/DDCASPT2_e2_F_M_1_.csv

>>> END FOREACH

>>> END FOREACH

>>> EXPORT i = G

>>> EXPORT j = P

>>> IF (-FILE DDCASPT2_e2_${i}_${j}_1_.csv)
(Skipped)

>>> END FOREACH

>>> EXPORT j = M

>>> IF (-FILE DDCASPT2_e2_${i}_${j}_1_.csv)
(Skipped)

>>> END FOREACH

>>> END FOREACH

>>> EXPORT i = H

>>> EXPORT j = P

>>> IF (-FILE DDCASPT2_e2_${i}_${j}_1_.csv)
(Skipped)

>>> END FOREACH

>>> EXPORT j = M

>>> IF (-FILE DDCASPT2_e2_${i}_${j}_1_.csv)
(Skipped)

>>> END FOREACH

>>> END FOREACH

>>> EXPORT i = A

>>> IF (-FILE DDCASPT2_e2_${i}_1_.csv)
(Skipped)

>>> END FOREACH

>>> EXPORT i = C

>>> IF (-FILE DDCASPT2_e2_${i}_1_.csv)

>>> COPY /tmp/H4_1.11/DDCASPT2_RHS_C_1_.csv ${LOCALHOME}/DDCASPT2/hydrogen_comps/rerun/H4_chain/H4_1.11/DDCASPT2_RHS_C_1_.csv

>>> COPY /tmp/H4_1.11/DDCASPT2_IVECW_C_1_.csv ${LOCALHOME}/DDCASPT2/hydrogen_comps/rerun/H4_chain/H4_1.11/DDCASPT2_IVECW_C_1_.csv

>>> COPY /tmp/H4_1.11/DDCASPT2_IVECX_C_1_.csv ${LOCALHOME}/DDCASPT2/hydrogen_comps/rerun/H4_chain/H4_1.11/DDCASPT2_IVECX_C_1_.csv

>>> COPY /tmp/H4_1.11/DDCASPT2_IVECC2_C_1_.csv ${LOCALHOME}/DDCASPT2/hydrogen_comps/rerun/H4_chain/H4_1.11/DDCASPT2_IVECC2_C_1_.csv

>>> COPY /tmp/H4_1.11/DDCASPT2_e2_C_1_.csv ${LOCALHOME}/DDCASPT2/hydrogen_comps/rerun/H4_chain/H4_1.11/DDCASPT2_e2_C_1_.csv

>>> END FOREACH

>>> EXPORT i = D

>>> IF (-FILE DDCASPT2_e2_${i}_1_.csv)
(Skipped)

>>> END FOREACH

.########################.
.# Non-zero return code #.
.########################.

    Timing: Wall=1.65 User=0.94 System=0.69
***************************************
*** WorkDir at /tmp/H4_1.11 cleaned ***
***************************************
