   This run of MOLCAS is using the pymolcas driver

                             OPE
                             OPE          NMOL  CASOP  ENMOLC A   SO
                 OPE        NMOLC        AS  OP EN  MO LC     AS  OP
                OPENM       OL CA        SO  PE NM  OL CA     SOP EN
                OP EN      MO   LC       AS  OP ENMOL  CASO   PENMOL
                OP  EN     MO   LC       AS  OP EN     MO     LC ASO
               OP   E  NMOL  C  AS       OP  EN MO     LC     AS  OP
               OP  E   NMO   LC AS        OPEN  MO     LCASOP EN   M
               O  PEN   MO  LCA  SO
            OPE   NMO   L   CAS    OP
        OPENMOL  CASOP     ENMOL   CASOPE
     OPENMOLCA   SOPENMOLCASOPEN   MOLCASOPE
    OPENMOLCAS   OP           EN   MOL    CAS
    OPENMOLCAS       OP  ENM        O     LCA
    OPENMOLCAS    OPEN  MOLCASO     P  E  NMO
    OPENMOLCAS     OP               E  N  MOL
    OPENMOLCA   SO           PENM   O  L  CAS    OPEN    MO    LCAS
    OPENMOLCA   SOP           ENM   O  L  CAS   OP  EN  MOLC  AS   O
    OPENMOLCA   SOPE           NM      O  LCA   S      OP  EN MO
    OPENMOLC                AS         O  PEN   M      OL  CA  SOPE
    OPENMO        LCASOPE  NMOL        C  ASO   P      ENMOLC     AS
    OPE     NMO      LCA  SO     P     E   NM   OL  CA SO  PE N   MO
          OPENMOLCA            SOPE   NMO        LCAS  O    P  ENMO
     OPENMOLCASOPENMOLCASOPENMOLCASOPENMOLCA
        OPENMOLCASOPENMOLCASOPENMOLCASOPE
            OPENMOLCASOPENMOLCASOPENM
               OPENMOLCASOPENMOLCA        version: f37762c57
                   OPENMOLCASO
                       OPE                tag:

 OpenMolcas is free software; you can redistribute it and/or modify it
 under the terms of the GNU Lesser General Public License version 2.1.
 OpenMolcas is distributed in the hope that it will be useful, but it
 is provided "as is" and without any express or implied warranties.
 For more details see the full text of the license in the file
 LICENSE or in <http://www.gnu.org/licenses/>.

                 Copyright (C) The OpenMolcas Authors
           For the author list and the recommended citation,
                   consult the file CONTRIBUTORS.md

           *************************************************
           * pymolcas version py2.28                       *
           *   build c4a6d18ded8cb6cad61d2372a9abd97c      *
           *   (after the EMIL interpreter by V. Veryazov) *
           *************************************************

configuration info
------------------
C Compiler ID: Intel
C flags: -std=gnu99 -gcc-sys
Fortran Compiler ID: IntelLLVM
Fortran flags: -standard-semantics -fltconsistency -fpp -i8 -heap-arrays
Definitions: _MOLCAS_;_I8_;_LINUX_
Parallel: OFF (GA=OFF)


   --------------------------------------------------------------------------------------
  |
  |              Project: H4_1.06
  |       Submitted from: ${LOCALHOME}/DDCASPT2/hydrogen_comps/rerun/H4_chain/H4_1.06
  |         Scratch area: /tmp/H4_1.06
  |      Save outputs to: ${LOCALHOME}/DDCASPT2/hydrogen_comps/rerun/H4_chain/H4_1.06
  |               Molcas: ${LOCALHOME}/Test/build
  |
  | Scratch area is empty
  |
  |       MOLCAS_DRIVER = /usr/local/pymolcas
  | MOLCAS_KEEP_WORKDIR = NO
  |  MOLCAS_NEW_WORKDIR = YES
  |       MOLCAS_NPROCS = 1
  |        MOLCAS_PRINT = NORMAL
  |       MOLCAS_SOURCE = ${LOCALHOME}/Test
  |    MOLCAS_STRUCTURE = 0
  |
   --------------------------------------------------------------------------------------

++ ---------   Input file   ---------

&GATEWAY
coord=H4_1.06.xyz
Basis = ANO-RCC-VDZP
Group = nosymm
End of Input

&SEWARD
End of Input

&SCF

>>> COPY $WorkDir/H4_1.06.scf.h5 $CurrDir/

&RASSCF
Title= RASSCF
FileOrb
${LOCALHOME}/DDCASPT2/hydrogen_comps/rerun/H4_chain/H4_0.60/H4_0.60.RasOrb
NACTEL
4 0 0
Inactive
0
RAS2
4
Symmetry
1
Spin
1
orblisting
all

>>> COPY $WorkDir/H4_1.06.rasscf.h5 $CurrDir/

>>> COPY $WorkDir/DDCASPT2_Fock_MO.csv $CurrDir/H4_1.06.DDCASPT2_Fock_MO.csv

&MOTRA
Frozen=0
LUMORB

>>> COPY $WorkDir/DDCASPT2_one_int_indx.csv $CurrDir/H4_1.06.DDCASPT2_one_int_indx.csv

>>> COPY $WorkDir/DDCASPT2_one_int.csv $CurrDir/H4_1.06.DDCASPT2_one_int.csv

>>> COPY $WorkDir/DDCASPT2_two_int_indx.csv $CurrDir/H4_1.06.DDCASPT2_two_int_indx.csv

>>> COPY $WorkDir/DDCASPT2_two_int.csv $CurrDir/H4_1.06.DDCASPT2_two_int.csv

&CASPT2
Frozen
0

MAXITER
50

>>> FOREACH i IN (B,E,F,G,H)

  >>> FOREACH j IN (P,M)

    >>> IF (-FILE DDCASPT2_e2_${i}_${j}_1_.csv)

      >>> COPY $WorkDir/DDCASPT2_RHS_${i}_${j}_1_.csv $CurrDir/DDCASPT2_RHS_${i}_${j}_1_.csv

      >>> COPY $WorkDir/DDCASPT2_IVECW_${i}_${j}_1_.csv $CurrDir/DDCASPT2_IVECW_${i}_${j}_1_.csv

      >>> COPY $WorkDir/DDCASPT2_IVECX_${i}_${j}_1_.csv $CurrDir/DDCASPT2_IVECX_${i}_${j}_1_.csv

      >>> COPY $WorkDir/DDCASPT2_IVECC2_${i}_${j}_1_.csv $CurrDir/DDCASPT2_IVECC2_${i}_${j}_1_.csv

      >>> COPY $WorkDir/DDCASPT2_e2_${i}_${j}_1_.csv $CurrDir/DDCASPT2_e2_${i}_${j}_1_.csv

    >>> END IF

  >>> END FOREACH

>>> END FOREACH

>>> FOREACH i IN (A,C,D)

  >>> IF (-FILE DDCASPT2_e2_${i}_1_.csv)

    >>> COPY $WorkDir/DDCASPT2_RHS_${i}_1_.csv $CurrDir/DDCASPT2_RHS_${i}_1_.csv

    >>> COPY $WorkDir/DDCASPT2_IVECW_${i}_1_.csv $CurrDir/DDCASPT2_IVECW_${i}_1_.csv

    >>> COPY $WorkDir/DDCASPT2_IVECX_${i}_1_.csv $CurrDir/DDCASPT2_IVECX_${i}_1_.csv

    >>> COPY $WorkDir/DDCASPT2_IVECC2_${i}_1_.csv $CurrDir/DDCASPT2_IVECC2_${i}_1_.csv

    >>> COPY $WorkDir/DDCASPT2_e2_${i}_1_.csv $CurrDir/DDCASPT2_e2_${i}_1_.csv

  >>> END IF

>>> END FOREACH

-- ----------------------------------

--- Start Module: gateway at Sun Oct 26 12:59:44 2025 ---
 
()()()()()()()()()()()()()()()()()()()()()()()()()()()()()()()()()()()()()()()()()()()()()()()()()()

                                              &GATEWAY

                                   only a single process is used
                       available to each process: 2.0 GB of memory, 1 thread?
()()()()()()()()()()()()()()()()()()()()()()()()()()()()()()()()()()()()()()()()()()()()()()()()()()
 
 
++    Symmetry information:
      ---------------------
 
                    Character Table for C1 
 
                             E  
                    a        1  x, y, xy, Rz, z, xz, Ry, yz, Rx, I
--
 
 
++    Basis set information:
      ----------------------
 
 
      Basis set label: H.ANO-RCC...2S1P.
 
      Electronic valence basis set:
      ------------------
      Associated Effective Charge   1.000000 au
      Associated Actual Charge      1.000000 au
      Nuclear Model: Point charge
 
      Shell  nPrim  nBasis  Cartesian Spherical Contaminant
         s       8       2        X                  
         p       4       1        X                  
--
 
 
++    Molecular structure info:
      -------------------------
 
                    ************************************************ 
                    **** Cartesian Coordinates / Bohr, Angstrom **** 
                    ************************************************ 
 
     Center  Label                x              y              z                     x              y              z
        1      H1               0.000000       0.000000       0.000000              0.000000       0.000000       0.000000
        2      H2               0.000000       0.000000       2.004255              0.000000       0.000000       1.060606
        3      H3               0.000000       0.000000       4.008510              0.000000       0.000000       2.121212
        4      H4               0.000000       0.000000       6.012765              0.000000       0.000000       3.181818
 
                    *************************************** 
                    *    InterNuclear Distances / Bohr    * 
                    *************************************** 
 
               1 H1            2 H2            3 H3            4 H4    
    1 H1       0.000000
    2 H2       2.004255        0.000000
    3 H3       4.008510        2.004255        0.000000
    4 H4       6.012765        4.008510        2.004255        0.000000
 
                    ******************************************* 
                    *    InterNuclear Distances / Angstrom    * 
                    ******************************************* 
 
               1 H1            2 H2            3 H3            4 H4    
    1 H1       0.000000
    2 H2       1.060606        0.000000
    3 H3       2.121212        1.060606        0.000000
    4 H4       3.181818        2.121212        1.060606        0.000000
 
                    ************************************** 
                    *    Valence Bond Angles / Degree    * 
                    ************************************** 
                          Atom centers                 Phi
                      1 H1       2 H2       3 H3       180.00
                      2 H2       3 H3       4 H4       180.00
--
 
 
            Nuclear Potential Energy              2.16206701 au
 
--- Stop Module: gateway at Sun Oct 26 12:59:45 2025 /rc=_RC_ALL_IS_WELL_ ---
*** files: xmldump
    saved to directory ${LOCALHOME}/DDCASPT2/hydrogen_comps/rerun/H4_chain/H4_1.06

--- Start Module: seward at Sun Oct 26 12:59:45 2025 ---
 
()()()()()()()()()()()()()()()()()()()()()()()()()()()()()()()()()()()()()()()()()()()()()()()()()()

                                              &SEWARD

                                   only a single process is used
                       available to each process: 2.0 GB of memory, 1 thread?
()()()()()()()()()()()()()()()()()()()()()()()()()()()()()()()()()()()()()()()()()()()()()()()()()()
 
               SEWARD will generate:
                  Multipole Moment integrals up to order  2
                  Kinetic Energy integrals
                  Nuclear Attraction integrals (point charge)
                  One-Electron Hamiltonian integrals
                  Velocity integrals
                  Relativistic Douglas-Kroll-Hess integrals:
                    - Parametrization         : EXP
                    - DKH order of Hamiltonian: 2
                    - DKH order of Properties : 0
                         - multipole moment operators
                         - electric potential operators
                         - contact operators
                  Atomic mean-field integrals
                  Two-Electron Repulsion integrals
 
                   Integrals are discarded if absolute value <: 0.10E-13
                   Integral cutoff threshold is set to       <: 0.10E-15
 
            Nuclear Potential Energy              2.16206701 au
 
 
      Basis set specifications :
      Symmetry species         a  
      Basis functions           20
 
 
  Input file to MOLDEN was generated!
 
forrtl: warning (525): IEEE_DIVIDE_BY_ZERO is signaling
forrtl: warning (526): IEEE_INVALID is signaling
forrtl: warning (528): IEEE_UNDERFLOW is signaling
--- Stop Module: seward at Sun Oct 26 12:59:45 2025 /rc=_RC_ALL_IS_WELL_ ---
*** files: H4_1.06.GssOrb H4_1.06.guessorb.h5 H4_1.06.guessorb.molden xmldump
    saved to directory ${LOCALHOME}/DDCASPT2/hydrogen_comps/rerun/H4_chain/H4_1.06

*** symbolic link created: INPORB -> H4_1.06.GssOrb
--- Start Module: scf at Sun Oct 26 12:59:45 2025 ---
 
()()()()()()()()()()()()()()()()()()()()()()()()()()()()()()()()()()()()()()()()()()()()()()()()()()

                                                &SCF

                                   only a single process is used
                       available to each process: 2.0 GB of memory, 1 thread?
()()()()()()()()()()()()()()()()()()()()()()()()()()()()()()()()()()()()()()()()()()()()()()()()()()
 
++    Input section:
      --------------
 
      Header of the integral files:
      
       Integrals generated by seward 4.2.0  , Sun Oct 26 12:59:45 2025
 
 
      Cartesian coordinates in Angstrom:
      -----------------------------------------------------
      No.  Label        X            Y            Z        
      -----------------------------------------------------
       1   H1         0.00000000   0.00000000   0.00000000
       2   H2         0.00000000   0.00000000   1.06060600
       3   H3         0.00000000   0.00000000   2.12121200
       4   H4         0.00000000   0.00000000   3.18181800
      -----------------------------------------------------
      Nuclear repulsion energy =    2.16206701
--
 
++    Orbital specifications:
      -----------------------
 
      Symmetry species               1
                                     a
      Frozen orbitals                0
      Occupied orbitals              2
      Secondary orbitals            18
      Deleted orbitals               0
      Total number of orbitals      20
      Number of basis functions     20
--
 
      Molecular charge                           0.000
 
++    Optimization specifications:
      ----------------------------
 
      SCF Algorithm: Conventional
      Minimized density differences are used
      Number of density matrices in core                5
      Maximum number of NDDO SCF iterations           400
      Maximum number of HF SCF iterations             400
      Threshold for SCF energy change            0.10E-08
      Threshold for density matrix               0.10E-03
      Threshold for Fock matrix                  0.15E-03
      Threshold for linear dependence            0.10E-08
      Threshold at which DIIS is turned on       0.15E+00
      Threshold at which QNR/C2DIIS is turned on 0.75E-01
      Threshold for Norm(delta) (QNR/C2DIIS)     0.20E-04
      DIIS extrapolation of the SCF procedure
      All orbitals punched on: SCFORB
--
 
      Input vectors read from INPORB
      Orbital file label: *Guess orbitals
 
 
++ Convergence information
                                   SCF        iterations: Energy and convergence statistics
 
Iter     Tot. SCF        One-elec.       Two-elec.     Energy      Max Dij or  Max Fij      DNorm      TNorm      AccCon     Time
         Energy          Energy          Energy        Change      Delta Norm                                                in Sec.
   1    -2.119101944    -6.407912065     2.126743109   0.00E+00    0.19E+00*   0.99E-01*    0.24E+01   0.66E+01   None         0.
   2    -2.154556400    -6.504846870     2.188223457  -0.35E-01*   0.20E-01*   0.10E-01*    0.93E+00   0.67E+01   EDIIS        0.
   3    -2.155434335    -6.498023594     2.180522246  -0.88E-03*   0.37E-02*   0.38E-02*    0.77E-01   0.67E+01   c2DIIS       0.
   4    -2.155484382    -6.498044858     2.180493463  -0.50E-04*   0.68E-03*   0.36E-03*    0.15E-01   0.67E+01   QNRc2DIIS    0.
   5    -2.155485355    -6.497987692     2.180435324  -0.97E-06*   0.37E-03*   0.11E-03     0.12E-02   0.67E+01   QNRc2DIIS    0.
   6    -2.155485493    -6.498008465     2.180455959  -0.14E-06*   0.69E-05    0.58E-05     0.22E-03   0.67E+01   QNRc2DIIS    0.
   7    -2.155485493    -6.498007102     2.180454596  -0.13E-09    0.21E-05    0.99E-06     0.23E-04   0.67E+01   QNRc2DIIS    0.
 
       Convergence after  7 Macro Iterations
--
 
 *****************************************************************************************************************************
 *                                                                                                                           *
 *                                             SCF/KS-DFT Program, Final results                                             *
 *                                                                                                                           *
 *                                                                                                                           *
 *                                                                                                                           *
 *                                                       Final Results                                                       *
 *                                                                                                                           *
 *****************************************************************************************************************************
 
::    Total SCF energy                                 -2.1554854934
      One-electron energy                              -6.4980071020
      Two-electron energy                               2.1804545958
      Nuclear repulsion energy                          2.1620670129
      Kinetic energy (interpolated)                     1.8832479993
      Virial theorem                                    1.1445574317
      Total spin, S(S+1)                                0.0000000000
      Total spin, S                                     0.0000000000
      Max non-diagonal density matrix element           0.0000029054
      Max non-diagonal Fock matrix element              0.0000003580
 
 
      All orbitals with orbital energies smaller than  E(LUMO)+0.5 are printed
 
++    Molecular orbitals:
      -------------------
 
      Title: SCF orbitals

      Molecular orbitals for symmetry species 1: a  
 
          Orbital            1         2         3         4         5    
          Energy           -0.6347   -0.4339    0.0623    0.2507    0.2611
          Occ. No.          2.0000    2.0000    0.0000    0.0000    0.0000
 
        1 H1     1s         0.3039   -0.4714    0.9651   -1.1017   -0.5265
        2 H1     2s         0.0072   -0.0182    0.5766   -1.1448    0.1182
        3 H1     2px        0.0000    0.0000    0.0000    0.0000    0.0000
        4 H1     2py        0.0000    0.0000    0.0000    0.0000    0.0000
        5 H1     2pz        0.0254   -0.0158   -0.0092   -0.0217   -0.0206
        6 H2     1s         0.3939   -0.4740   -0.7402    1.8239    0.1964
        7 H2     2s        -0.0425   -0.1221   -0.3212    1.1068    0.4765
        8 H2     2px       -0.0000    0.0000   -0.0000    0.0000   -0.0000
        9 H2     2py       -0.0000   -0.0000    0.0000   -0.0000    0.0000
       10 H2     2pz        0.0047    0.0381   -0.0133   -0.1069    0.0226
       11 H3     1s         0.3939    0.4740   -0.7402   -1.8239    0.1964
       12 H3     2s        -0.0425    0.1221   -0.3212   -1.1068    0.4765
       13 H3     2px        0.0000   -0.0000    0.0000    0.0000    0.0000
       14 H3     2py        0.0000    0.0000    0.0000   -0.0000    0.0000
       15 H3     2pz       -0.0047    0.0381    0.0133   -0.1069   -0.0226
       16 H4     1s         0.3039    0.4714    0.9651    1.1017   -0.5265
       17 H4     2s         0.0072    0.0182    0.5766    1.1448    0.1182
       18 H4     2px        0.0000    0.0000   -0.0000    0.0000    0.0000
       19 H4     2py        0.0000    0.0000    0.0000   -0.0000    0.0000
       20 H4     2pz       -0.0254   -0.0158    0.0092   -0.0217    0.0206
--
 
 
++    Molecular charges:
      ------------------
 
      Mulliken charges per centre and basis function type
      ---------------------------------------------------
 
                H1      H2      H3      H4    
      1s       0.9600  1.0193  1.0193  0.9600
      2s       0.0012 -0.0465 -0.0465  0.0012
      2px      0.0000  0.0000  0.0000  0.0000
      2pz      0.0201  0.0460  0.0460  0.0201
      2py      0.0000 -0.0000  0.0000  0.0000
      Total    0.9812  1.0188  1.0188  0.9812
 
      N-E      0.0188 -0.0188 -0.0188  0.0188
 
      Total electronic charge=    4.000000
 
      Total            charge=   -0.000000
--
 
 
  Input file to MOLDEN was generated!
 
 
++    Static properties:
      ------------------
 
 
      LoProp Charges per center
 

                   H1       H2       H3       H4    
      Nuclear      1.0000   1.0000   1.0000   1.0000
      Electronic  -1.0069  -0.9931  -0.9931  -1.0069
 
      Total       -0.0069   0.0069   0.0069  -0.0069
--
 
 
++    Natural Bond Order analysis
      ---------------------------
      Based on LoProp computed density
      -------------------------------------------------------------------------------------
      Atom A       Atom B       Bond Order | Atom A       Atom B       Bond Order
        H1           H2             0.996  |   H3           H4             0.996
      -------------------------------------------------------------------------------------
      NBO located      3.984 electrons involved in    2 bonds.
      The remaining    0.016 electrons are to be considered as diffuse
--
 
 
++    Molecular properties:
      ---------------------
 
      Charge (e):
                      =   -0.0000
      Dipole Moment (Debye):
      Origin of the operator (Ang)=    0.0000    0.0000    0.0000
                   X=  1.1307E-14               Y=  5.2322E-16               Z= -7.9916E-13           Total=  7.9924E-13
      Quadrupole Moment (Debye*Ang):
      Origin of the operator (Ang)=    0.0000    0.0000    1.5909
                  XX= -4.9811E+00              XY= -2.5936E-29              XZ= -2.9646E-14              YY= -4.9811E+00
                  YZ= -1.5075E-14              ZZ= -3.6386E+00
      In traceless form (Debye*Ang)
                  XX= -6.7125E-01              XY= -3.8903E-29              XZ= -4.4468E-14              YY= -6.7125E-01
                  YZ= -2.2613E-14              ZZ=  1.3425E+00
--
 
 
  Input file to MOLDEN was generated!
 
 ###############################################################################
 ###############################################################################
 ###                                                                         ###
 ###                                                                         ###
 ###    RunFile label nBas                                                   ###
 ###    was used       78 times                                              ###
 ###                                                                         ###
 ###                                                                         ###
 ###############################################################################
 ###############################################################################
forrtl: warning (528): IEEE_UNDERFLOW is signaling
--- Stop Module: scf at Sun Oct 26 12:59:45 2025 /rc=_RC_ALL_IS_WELL_ ---
*** files: H4_1.06.LprOrb H4_1.06.LoProp.molden H4_1.06.scf.molden H4_1.06.ScfOrb H4_1.06.scf.h5 xmldump
    saved to directory ${LOCALHOME}/DDCASPT2/hydrogen_comps/rerun/H4_chain/H4_1.06

>>> COPY /tmp/H4_1.06/H4_1.06.scf.h5 ${LOCALHOME}/DDCASPT2/hydrogen_comps/rerun/H4_chain/H4_1.06/

*** symbolic link created: INPORB -> H4_1.06.ScfOrb
--- Start Module: rasscf at Sun Oct 26 12:59:45 2025 ---
 
()()()()()()()()()()()()()()()()()()()()()()()()()()()()()()()()()()()()()()()()()()()()()()()()()()

                                              &RASSCF

                                   only a single process is used
                       available to each process: 2.0 GB of memory, 1 thread?
()()()()()()()()()()()()()()()()()()()()()()()()()()()()()()()()()()()()()()()()()()()()()()()()()()
 
 
      Header of the ONEINT file:
      --------------------------
      
      Integrals generated by seward 4.2.0  , Sun Oct 26 12:59:45 2025
 
 
      OrdInt status: non-squared
 
 
      Cartesian coordinates in Angstrom:
      -----------------------------------------------------
      No.  Label        X            Y            Z        
      -----------------------------------------------------
       1   H1         0.00000000   0.00000000   0.00000000
       2   H2         0.00000000   0.00000000   1.06060600
       3   H3         0.00000000   0.00000000   2.12121200
       4   H4         0.00000000   0.00000000   3.18181800
      -----------------------------------------------------
      Nuclear repulsion energy =    2.16206701
 
++    Wave function specifications:
      -----------------------------
 
      Number of closed shell electrons           0
      Number of electrons in active shells       4
      Max number of holes in RAS1 space          0
      Max nr of electrons in RAS3 space          0
      Number of inactive orbitals                0
      Number of active orbitals                  4
      Number of secondary orbitals              16
      Spin quantum number                      0.0
      State symmetry                             1
--
 
++    Orbital specifications:
      -----------------------
 
      Symmetry species                           1
                                                 a
      Frozen orbitals                            0
      Inactive orbitals                          0
      Active orbitals                            4
      RAS1 orbitals                              0
      RAS2 orbitals                              4
      RAS3 orbitals                              0
      Secondary orbitals                        16
      Deleted orbitals                           0
      Number of basis functions                 20
--
 
++    CI expansion specifications:
      ----------------------------
 
      Number of CSFs                            20
      Number of determinants                    21
      Number of root(s) required                 1
      Root chosen for geometry opt.              1
      CI root used                               1
         
      highest root included in the CI            1
      max. size of the explicit Hamiltonian     20
--
 
++    Optimization specifications:
      ----------------------------
 
      RASSCF algorithm: Conventional
      Maximum number of macro iterations       200
      Maximum number of SX iterations          100
      Threshold for RASSCF energy            0.100E-07
      Threshold for max MO rotation          0.100E+00
      Threshold for max BLB element          0.100E-03
      Level shift parameter                  0.500E+00
      Make Quasi-Newton update
--
 
      The MO-coefficients are taken from the file:
      ${LOCALHOME}/DDCASPT2/hydrogen_comps/rerun/H4_chain/H4_0.60/H4_0.60.RasOrb                                                  
      Title: RASSCF average (pseudo-natural) orbitals                                      
 
      Total molecular charge    0.00
 
      ************************************************************************************************************************
      *                                                                                                                      *
      *                                            Wave function control section                                             *
      *                                                                                                                      *
      ************************************************************************************************************************
 
 
                                         RASSCF iterations: Energy and convergence statistics
                                         ----------------------------------------------------
 
      Iter CI   SX   CI       RASSCF       Energy    max ROT     max BLB   max BLB  Level Ln srch  Step   QN   Walltime
          iter iter root      energy       change     param      element    value   shift minimum  type update hh:mm:ss
 Nr of preliminary CI iterations:   1
        1   1   18    1    -2.04949023    0.00E+00   0.28E+00*   1   9 1 -0.35E+00*  0.00   0.00    SX    NO    0:00:00
        2   1   19    1    -2.20325381   -0.15E+00* -0.94E-01    1   9 1 -0.86E-01*  0.00   0.00    SX    NO    0:00:00
        3   1   11    1    -2.21269568   -0.94E-02*  0.37E-01    1   9 1 -0.19E-01*  0.00   0.00    SX    NO    0:00:00
        4   1   10    1    -2.21342552   -0.73E-03* -0.16E-01    1   9 1 -0.51E-02*  0.00   0.00    SX    NO    0:00:00
        5   1   10    1    -2.21354692   -0.12E-03* -0.13E-01    1   9 1 -0.17E-02*  0.00   1.86    LS   YES    0:00:00
        6   1    9    1    -2.21357998   -0.33E-04*  0.38E-02    1   9 1  0.11E-02*  0.00   1.04    QN   YES    0:00:00
        7   1    9    1    -2.21358450   -0.45E-05*  0.22E-02    1   9 1  0.34E-03*  0.00   1.58    LS   YES    0:00:00
        8   1    8    1    -2.21358520   -0.70E-06*  0.68E-03    1   9 1 -0.12E-03*  0.00   1.01    QN   YES    0:00:00
        9   1    7    1    -2.21358538   -0.18E-06*  0.33E-03    1   9 1 -0.71E-04   0.00   1.49    LS   YES    0:00:00
       10   1    7    1    -2.21358540   -0.21E-07*  0.10E-03    1   9 1 -0.48E-04   0.00   1.00    QN   YES    0:00:00
       11   1    5    1    -2.21358541   -0.49E-08   0.14E-04    2  12 1  0.89E-05   0.00   1.16    QN   YES    0:00:00
      Convergence after 11 iterations
 
  Dmat in MO in SXCTL bf call to SXHAM                                                                                    
  mat. size =     4x    4
 
        1.9337019757661906
        0.0000000000452440      1.9087534511935536
       -0.2247522809494751     -0.0000000006184767      0.1250826789756757
        0.0000000045325686     -0.0515374521896571      0.0000000006216356      0.0324618940645805
       12   1    5    1    -2.21358541   -0.16E-09   0.14E-04    1   9 1  0.12E-05   0.00   1.16    QN   YES    0:00:00
 
      ************************************************************************************************************************
                                                      Wave function printout:
                       occupation of active orbitals, and spin coupling of open shells (u,d: Spin up or down)
      ************************************************************************************************************************
 
      Note: transformation to natural orbitals
      has been made, which may change the order of the CSFs.
 
      printout of CI-coefficients larger than  0.05 for root  1
      energy=      -2.213585
      conf/sym  1111     Coeff  Weight
             1  2200   0.96760 0.93625
             6  2020  -0.17995 0.03238
            10  udud   0.13182 0.01738
            12  0220  -0.07556 0.00571
            14  0202  -0.05469 0.00299
            15  uudd  -0.05371 0.00288
 
      Natural orbitals and occupation numbers for root  1
      sym 1:   1.961213   1.910168   0.097572   0.031047
 
      ************************************************************************************************************************
      *                                                                                                                      *
      *                                                    Final results                                                     *
      *                                                                                                                      *
      ************************************************************************************************************************
 
 
++    Wave function specifications:
      -----------------------------
 
      Number of closed shell electrons           0
      Number of electrons in active shells       4
      Max number of holes in RAS1 space          0
      Max nr of electrons in RAS3 space          0
      Number of inactive orbitals                0
      Number of active orbitals                  4
      Number of secondary orbitals              16
      Spin quantum number                      0.0
      State symmetry                             1
--
 
++    Orbital specifications:
      -----------------------
 
      Symmetry species                           1
                                                 a
      Frozen orbitals                            0
      Inactive orbitals                          0
      Active orbitals                            4
      RAS1 orbitals                              0
      RAS2 orbitals                              4
      RAS3 orbitals                              0
      Secondary orbitals                        16
      Deleted orbitals                           0
      Number of basis functions                 20
--
 
++    CI expansion specifications:
      ----------------------------
 
      Number of CSFs                            20
      Number of determinants                    21
      Number of root(s) required                 1
      CI root used                               1
      highest root included in the CI            1
      Root passed to geometry opt.               1
--
 
++    Final optimization conditions:
      ------------------------------
 
      Average CI energy                              -2.21358541
      RASSCF energy for state  1                     -2.21358541
      Super-CI energy                                -0.00000000
      RASSCF energy change                           -0.00000000
      Max change in MO coefficients              -0.108E-03
      Max non-diagonal density matrix element     0.141E-04
      Maximum BLB matrix element                  0.121E-05
      (orbital pair   1,   9 in symmetry   1)
      Norm of electronic gradient            0.192E-05
--
 
 
      Final state energy(ies):
      ------------------------
 
::    RASSCF root number  1 Total energy:     -2.21358541
 
++    Molecular orbitals:
      -------------------
 
      Pseudonatural active orbitals and approximate occupation numbers
 
 
 
 
      Molecular orbitals for symmetry species 1: a  
 
 
      Orbital                1         2         3         4         5         6         7         8         9        10
      Energy            0.0000    0.0000    0.0000    0.0000    0.2363    0.3588    0.6113    0.6113    0.6534    0.8681
      Occ. No.          1.9612    1.9102    0.0976    0.0310    0.0000    0.0000    0.0000    0.0000    0.0000    0.0000
 
    1 H1     1s         0.3056   -0.4854    0.7380   -0.8354    0.0731    0.5088   -0.0000   -0.0000   -1.4307   -0.0000
    2 H1     2s         0.0054   -0.0096   -0.0273   -0.0606   -0.3978    1.0759   -0.0000   -0.0000   -1.5700   -0.0000
    3 H1     2px        0.0000    0.0000    0.0000    0.0000   -0.0000    0.0000    0.2957   -0.0233    0.0000   -0.5701
    4 H1     2py       -0.0000    0.0000    0.0000    0.0000   -0.0000   -0.0000    0.0233    0.2957   -0.0000   -0.0338
    5 H1     2pz        0.0209   -0.0110   -0.0002   -0.0047    0.0167    0.0806    0.0000   -0.0000   -0.0968    0.0000
    6 H2     1s         0.3962   -0.4465   -0.4944    1.4715    0.1323   -0.4953    0.0000    0.0000    1.1213    0.0000
    7 H2     2s        -0.0485   -0.0905    0.0251    0.3071   -0.2524   -0.3010    0.0000    0.0000    1.5164    0.0000
    8 H2     2px       -0.0000    0.0000    0.0000   -0.0000    0.0000   -0.0000    0.4287   -0.0338   -0.0000   -0.3110
    9 H2     2py       -0.0000    0.0000   -0.0000   -0.0000   -0.0000   -0.0000    0.0338    0.4287   -0.0000   -0.0185
   10 H2     2pz        0.0080    0.0343   -0.0411   -0.0212   -0.0292    0.1723   -0.0000   -0.0000   -0.2984   -0.0000
   11 H3     1s         0.3962    0.4465   -0.4944   -1.4715    0.1323    0.4953   -0.0000    0.0000    1.1213   -0.0000
   12 H3     2s        -0.0485    0.0905    0.0251   -0.3071   -0.2524    0.3010   -0.0000    0.0000    1.5164   -0.0000
   13 H3     2px        0.0000    0.0000   -0.0000   -0.0000    0.0000   -0.0000    0.4287   -0.0338   -0.0000    0.3110
   14 H3     2py       -0.0000    0.0000    0.0000    0.0000    0.0000   -0.0000    0.0338    0.4287   -0.0000    0.0185
   15 H3     2pz       -0.0080    0.0343    0.0411   -0.0212    0.0292    0.1723    0.0000    0.0000    0.2984    0.0000
   16 H4     1s         0.3056    0.4854    0.7380    0.8354    0.0731   -0.5088   -0.0000   -0.0000   -1.4307    0.0000
   17 H4     2s         0.0054    0.0096   -0.0273    0.0606   -0.3978   -1.0759   -0.0000   -0.0000   -1.5700   -0.0000
   18 H4     2px       -0.0000    0.0000    0.0000    0.0000   -0.0000   -0.0000    0.2957   -0.0233   -0.0000    0.5701
   19 H4     2py        0.0000    0.0000   -0.0000   -0.0000    0.0000    0.0000    0.0233    0.2957   -0.0000    0.0338
   20 H4     2pz       -0.0209   -0.0110    0.0002   -0.0047   -0.0167    0.0806    0.0000    0.0000    0.0968    0.0000
 
 
      Orbital               11        12        13        14        15        16        17        18        19        20
      Energy            0.8681    1.2966    1.3341    1.3341    1.4123    2.0173    2.0173    2.0177    2.8392    4.0908
      Occ. No.          0.0000    0.0000    0.0000    0.0000    0.0000    0.0000    0.0000    0.0000    0.0000    0.0000
 
    1 H1     1s         0.0000   -2.0312   -0.0000    0.0000   -0.5185   -0.0000    0.0000    2.1561   -1.6857    1.5173
    2 H1     2s         0.0000   -1.6483   -0.0000    0.0000   -0.7950   -0.0000    0.0000    1.6455   -0.6813    0.2688
    3 H1     2px        0.0338   -0.0000    0.5207   -0.5106   -0.0000    0.4762   -0.3385    0.0000    0.0000    0.0000
    4 H1     2py       -0.5701   -0.0000    0.5106    0.5207    0.0000   -0.3385   -0.4762    0.0000    0.0000    0.0000
    5 H1     2pz       -0.0000    0.0034    0.0000    0.0000   -0.7098   -0.0000    0.0000    1.1773   -1.0737    0.8487
    6 H2     1s        -0.0000    4.9139    0.0000   -0.0000    0.6474    0.0000   -0.0000   -5.1277    1.7959    0.6415
    7 H2     2s        -0.0000    5.0187    0.0000   -0.0000    0.6456    0.0000   -0.0000   -3.7812    0.5718   -0.0914
    8 H2     2px        0.0185    0.0000   -0.3560    0.3491    0.0000   -0.8574    0.6094   -0.0000    0.0000   -0.0000
    9 H2     2py       -0.3110    0.0000   -0.3491   -0.3560   -0.0000    0.6094    0.8574   -0.0000   -0.0000   -0.0000
   10 H2     2pz       -0.0000    0.2061    0.0000   -0.0000    0.3068    0.0000   -0.0000   -0.2365   -1.1387    2.2516
   11 H3     1s         0.0000   -4.9139   -0.0000    0.0000    0.6474   -0.0000    0.0000    5.1277    1.7959   -0.6415
   12 H3     2s         0.0000   -5.0187   -0.0000    0.0000    0.6456   -0.0000    0.0000    3.7812    0.5718    0.0914
   13 H3     2px       -0.0185    0.0000   -0.3560    0.3491    0.0000    0.8574   -0.6094    0.0000   -0.0000   -0.0000
   14 H3     2py        0.3110    0.0000   -0.3491   -0.3560   -0.0000   -0.6094   -0.8574    0.0000    0.0000    0.0000
   15 H3     2pz       -0.0000    0.2061    0.0000   -0.0000   -0.3068    0.0000   -0.0000   -0.2365    1.1387    2.2516
   16 H4     1s        -0.0000    2.0312    0.0000   -0.0000   -0.5185    0.0000   -0.0000   -2.1561   -1.6857   -1.5173
   17 H4     2s        -0.0000    1.6483    0.0000   -0.0000   -0.7950    0.0000   -0.0000   -1.6455   -0.6813   -0.2688
   18 H4     2px       -0.0338   -0.0000    0.5207   -0.5106   -0.0000   -0.4762    0.3385   -0.0000    0.0000    0.0000
   19 H4     2py        0.5701   -0.0000    0.5106    0.5207    0.0000    0.3385    0.4762   -0.0000   -0.0000   -0.0000
   20 H4     2pz       -0.0000    0.0034   -0.0000   -0.0000    0.7098   -0.0000    0.0000    1.1773    1.0737    0.8487
--
 
      Von Neumann Entropy (Root  1) =  0.39690
 

      Mulliken population analysis for root number:  1
      -----------------------------------------------
 
 
++    Molecular charges:
      ------------------
 
      Mulliken charges per centre and basis function type
      ---------------------------------------------------
 
                H1      H2      H3      H4    
      1s       0.9842  0.9990  0.9990  0.9842
      2s       0.0014 -0.0427 -0.0427  0.0014
      2px      0.0000  0.0000  0.0000  0.0000
      2pz      0.0155  0.0426  0.0426  0.0155
      2py      0.0000  0.0000  0.0000  0.0000
      Total    1.0010  0.9990  0.9990  1.0010
 
      N-E     -0.0010  0.0010  0.0010 -0.0010
 
      Total electronic charge=    4.000000
 
      Total            charge=   -0.000000
--
 
 

      Expectation values of various properties for root number:  1
      -----------------------------------------------------------
 
 
++    Molecular properties:
      ---------------------
 
      Charge (e):
                      =   -0.0000
      Dipole Moment (Debye):
      Origin of the operator (Ang)=    0.0000    0.0000    0.0000
                   X=  4.4567E-14               Y=  5.5425E-13               Z= -1.8876E-09           Total=  1.8876E-09
      Quadrupole Moment (Debye*Ang):
      Origin of the operator (Ang)=    0.0000    0.0000    1.5909
                  XX= -4.7058E+00              XY=  1.1369E-27              XZ=  3.3804E-14              YY= -4.7058E+00
                  YZ= -1.8666E-12              ZZ= -3.7816E+00
      In traceless form (Debye*Ang)
                  XX= -4.6209E-01              XY=  1.7053E-27              XZ=  5.0706E-14              YY= -4.6209E-01
                  YZ= -2.7999E-12              ZZ=  9.2417E-01
--
 

      LoProp population analysis for root number:  1
      -----------------------------------------------
 
 
++    LoProp analysis:
      ----------------
 
 
 
  Input file to MOLDEN was generated!
 
 
++    Static properties:
      ------------------
 
 
      LoProp Charges per center
 

                   H1       H2       H3       H4    
      Nuclear      1.0000   1.0000   1.0000   1.0000
      Electronic  -1.0116  -0.9884  -0.9884  -1.0116
 
      Total       -0.0116   0.0116   0.0116  -0.0116
--
 
 
      Natural Bond Order analysis for root number:  1
 
++    Natural Bond Order analysis
      ---------------------------
      Based on LoProp computed density
      -------------------------------------------------------------------------------------
      Atom A       Atom B       Bond Order | Atom A       Atom B       Bond Order
        H1           H2             0.956  |   H3           H4             0.956
      -------------------------------------------------------------------------------------
      NBO located      3.824 electrons involved in    2 bonds.
      The remaining    0.176 electrons are to be considered as diffuse
--
 
--
 
 
  Input file to MOLDEN was generated!
 
      Average orbitals are written to the RASORB file
      Natural orbitals for root   1 are written to the RASORB.1 file
      Spin density orbitals for root   1 are written to the SPDORB.1 file
 
forrtl: warning (525): IEEE_DIVIDE_BY_ZERO is signaling
forrtl: warning (526): IEEE_INVALID is signaling
forrtl: warning (528): IEEE_UNDERFLOW is signaling
--- Stop Module: rasscf at Sun Oct 26 12:59:46 2025 /rc=_RC_ALL_IS_WELL_ ---
*** files: H4_1.06.LprOrb H4_1.06.rasscf.molden H4_1.06.LoProp.molden H4_1.06.RasOrb.1 H4_1.06.RasOrb H4_1.06.rasscf.h5 H4_1.06.SpdOrb.1 xmldump
    saved to directory ${LOCALHOME}/DDCASPT2/hydrogen_comps/rerun/H4_chain/H4_1.06

>>> COPY /tmp/H4_1.06/H4_1.06.rasscf.h5 ${LOCALHOME}/DDCASPT2/hydrogen_comps/rerun/H4_chain/H4_1.06/

>>> COPY /tmp/H4_1.06/DDCASPT2_Fock_MO.csv ${LOCALHOME}/DDCASPT2/hydrogen_comps/rerun/H4_chain/H4_1.06/H4_1.06.DDCASPT2_Fock_MO.csv

*** symbolic link created: INPORB -> H4_1.06.RasOrb
--- Start Module: motra at Sun Oct 26 12:59:46 2025 ---
 
()()()()()()()()()()()()()()()()()()()()()()()()()()()()()()()()()()()()()()()()()()()()()()()()()()

                                               &MOTRA

                                   only a single process is used
                       available to each process: 2.0 GB of memory, 1 thread?
()()()()()()()()()()()()()()()()()()()()()()()()()()()()()()()()()()()()()()()()()()()()()()()()()()
 
 
      *** WARNING: Default frozen orbitals is overwritten by user input.
      *** Default values:   0
 
      Header of the integral files:
      
       Integrals generated by seward 4.2.0  , Sun Oct 26 12:59:45 2025
 
 
      Header of MO coefficients source file:
      * RASSCF average (pseudo-natural) orbitals                                      
 
 
      Cartesian coordinates in Angstrom:
      -----------------------------------------------------
      No.  Label        X            Y            Z        
      -----------------------------------------------------
       1   H1         0.00000000   0.00000000   0.00000000
       2   H2         0.00000000   0.00000000   1.06060600
       3   H3         0.00000000   0.00000000   2.12121200
       4   H4         0.00000000   0.00000000   3.18181800
      -----------------------------------------------------
      Nuclear repulsion energy =    2.16206701
 
      Orbital specifications:
      -----------------------
 
      Symmetry species:              1
      Number of basis functions:    20
      Frozen orbitals:               0
      Deleted orbitals:              0
      Number of orbitals used:      20

       SYMMETRY  BASIS FUNCTIONS       ORBITALS      INTEGRALS   CPU(SEC)  I/O(SEC)
        1 1 1 1   20  20  20  20    20  20  20  20       22155       0.00      0.00

       TOTAL CPU TIME(SEC)    0.01TOTAL I/O TIME(SEC)    0.03
 
--- Stop Module: motra at Sun Oct 26 12:59:46 2025 /rc=_RC_ALL_IS_WELL_ ---
*** files: xmldump
    saved to directory ${LOCALHOME}/DDCASPT2/hydrogen_comps/rerun/H4_chain/H4_1.06

>>> COPY /tmp/H4_1.06/DDCASPT2_one_int_indx.csv ${LOCALHOME}/DDCASPT2/hydrogen_comps/rerun/H4_chain/H4_1.06/H4_1.06.DDCASPT2_one_int_indx.csv

>>> COPY /tmp/H4_1.06/DDCASPT2_one_int.csv ${LOCALHOME}/DDCASPT2/hydrogen_comps/rerun/H4_chain/H4_1.06/H4_1.06.DDCASPT2_one_int.csv

>>> COPY /tmp/H4_1.06/DDCASPT2_two_int_indx.csv ${LOCALHOME}/DDCASPT2/hydrogen_comps/rerun/H4_chain/H4_1.06/H4_1.06.DDCASPT2_two_int_indx.csv

>>> COPY /tmp/H4_1.06/DDCASPT2_two_int.csv ${LOCALHOME}/DDCASPT2/hydrogen_comps/rerun/H4_chain/H4_1.06/H4_1.06.DDCASPT2_two_int.csv

*** symbolic link created: INPORB -> H4_1.06.RasOrb
--- Start Module: caspt2 at Sun Oct 26 12:59:46 2025 ---
 
()()()()()()()()()()()()()()()()()()()()()()()()()()()()()()()()()()()()()()()()()()()()()()()()()()

                                              &CASPT2

                                   only a single process is used
                       available to each process: 2.0 GB of memory, 1 thread?
()()()()()()()()()()()()()()()()()()()()()()()()()()()()()()()()()()()()()()()()()()()()()()()()()()
 
 Cholesky algorithm in CASPT2 =    1
 
 ###############################################################################
 ###############################################################################
 ###                                                                         ###
 ###                                                                         ###
 ###    User changed nr of frozen orbitals.                                  ###
 ###                                                                         ###
 ###                                                                         ###
 ###############################################################################
 ###############################################################################
 
++    Wave function specifications:
      -----------------------------
 
      Number of closed shell electrons           0
      Number of electrons in active shells       4
      Max number of holes in RAS1 space          0
      Max number of electrons in RAS3 space      0
      Number of inactive orbitals                0
      Number of active orbitals                  4
      Number of secondary orbitals              16
      Spin quantum number                      0.0
      State symmetry                             1
      Number of CSFs                            20
      Number of root(s) available                1
      Root passed to geometry opt.               1
      A file JOBMIX will be created.
      This is a CASSCF or RASSCF reference function
--
 
++    Orbital specifications:
      -----------------------
 
      Symmetry species                           1
                                                 a
      Frozen orbitals                            0
      Inactive orbitals                          0
      Active orbitals                            4
      Secondary orbitals                        16
      Deleted orbitals                           0
      Number of basis functions                 20
--
 
      Type of Fock operator: STANDARD
      Type of 0-order Hamiltonian: STANDARD WITH DEFAULT IPEA
        "IP-EA" denominator shift =      0.25
      The input orbitals and the CI vector will be transformed.
 
--------------------------------------------------------------------------------
 Estimated memory requirements:
  POLY3 :                   250840
  RHS:                      254928
  SIGMA :                   255440
  PRPCTL:                        0
 Available workspace:    230398724
 
++ CASPT2 computation for group   1
 
********************************************************************************
 Multi-State initialization phase begins for group   1
--------------------------------------------------------------------------------
********************************************************************************
 Compute H0 matrices for state    1
--------------------------------------------------------------------------------
--------------------------------------------------------------------------------
 H0 matrices have been computed.
 
********************************************************************************
  CASPT2 EQUATION SOLUTION
--------------------------------------------------------------------------------
 
  Total nr of CASPT2 parameters:
   Before reduction:        3104
   After  reduction:        2400
 
 The contributions to the second order correlation energy in atomic units.
-----------------------------------------------------------------------------------------------------------------------------
  IT.      VJTU        VJTI        ATVX        AIVX        VJAI        BVAT        BJAT        BJAI        TOTAL       RNORM  
-----------------------------------------------------------------------------------------------------------------------------
   1     0.000000    0.000000   -0.004835    0.000000    0.000000   -0.020131    0.000000    0.000000   -0.024966    0.002649
   2     0.000000    0.000000   -0.004919    0.000000    0.000000   -0.020170    0.000000    0.000000   -0.025089    0.000243
   3     0.000000    0.000000   -0.004919    0.000000    0.000000   -0.020170    0.000000    0.000000   -0.025089    0.000038
   4     0.000000    0.000000   -0.004918    0.000000    0.000000   -0.020170    0.000000    0.000000   -0.025088    0.000003
-------------------------------------------------------------------------------------------------------------------
 
  FINAL CASPT2 RESULT:
 
  Correlation energy /Case, /Symm, and sums:
 VJTU      0.00000000  0.00000000
 VJTIP     0.00000000  0.00000000
 VJTIM     0.00000000  0.00000000
 ATVX     -0.00491830 -0.00491830
 AIVX      0.00000000  0.00000000
 VJAIP     0.00000000  0.00000000
 VJAIM     0.00000000  0.00000000
 BVATP    -0.01928601 -0.01928601
 BVATM    -0.00088398 -0.00088398
 BJATP     0.00000000  0.00000000
 BJATM     0.00000000  0.00000000
 BJAIP     0.00000000  0.00000000
 BJAIM     0.00000000  0.00000000
 Summed:  -0.02508829 -0.02508829
 
      Reference energy:          -2.2135854054
      E2 (Non-variational):      -0.0250882928
      E2 (Variational):          -0.0250882985
      Total energy:              -2.2386737039
      Residual norm:              0.0000004955
      Reference weight:           0.99025
 
      Contributions to the CASPT2 correlation energy
      Active & Virtual Only:         -0.0250882928
      One Inactive Excited:           0.0000000000
      Two Inactive Excited:           0.0000000000
 
 
++ Denominators, etc.
----------------------------------------------------------------------------------------------------
 Report on small energy denominators, large coefficients, and large energy contributions.
CASE  SYMM ACTIVE-MIX  NON-ACTIVE INDICES          DENOMINATOR     RHS VALUE       COEFFICIENT     CONTRIBUTION
BVATP    1  Mu1.0002  Se1.010 Se1.007               2.46642349      0.07235062     -0.02933423     -0.00212235
BVATP    1  Mu1.0002  Se1.011 Se1.008               2.46642349      0.07235062     -0.02933423     -0.00212235
--
 
   (Skipping property calculation,
    use PROP keyword to activate)
--
 
  Total CASPT2 energies:
::    CASPT2 Root  1     Total energy:     -2.23867370
 
  A NEW JOBIPH FILE NAMED 'JOBMIX' IS PREPARED.
********************************************************************************
forrtl: warning (528): IEEE_UNDERFLOW is signaling
--- Stop Module: caspt2 at Sun Oct 26 12:59:46 2025 /rc=_RC_ALL_IS_WELL_ ---
*** files: xmldump
    saved to directory ${LOCALHOME}/DDCASPT2/hydrogen_comps/rerun/H4_chain/H4_1.06

>>> EXPORT i = B

>>> EXPORT j = P

>>> IF (-FILE DDCASPT2_e2_${i}_${j}_1_.csv)
(Skipped)

>>> END FOREACH

>>> EXPORT j = M

>>> IF (-FILE DDCASPT2_e2_${i}_${j}_1_.csv)
(Skipped)

>>> END FOREACH

>>> END FOREACH

>>> EXPORT i = E

>>> EXPORT j = P

>>> IF (-FILE DDCASPT2_e2_${i}_${j}_1_.csv)
(Skipped)

>>> END FOREACH

>>> EXPORT j = M

>>> IF (-FILE DDCASPT2_e2_${i}_${j}_1_.csv)
(Skipped)

>>> END FOREACH

>>> END FOREACH

>>> EXPORT i = F

>>> EXPORT j = P

>>> IF (-FILE DDCASPT2_e2_${i}_${j}_1_.csv)

>>> COPY /tmp/H4_1.06/DDCASPT2_RHS_F_P_1_.csv ${LOCALHOME}/DDCASPT2/hydrogen_comps/rerun/H4_chain/H4_1.06/DDCASPT2_RHS_F_P_1_.csv

>>> COPY /tmp/H4_1.06/DDCASPT2_IVECW_F_P_1_.csv ${LOCALHOME}/DDCASPT2/hydrogen_comps/rerun/H4_chain/H4_1.06/DDCASPT2_IVECW_F_P_1_.csv

>>> COPY /tmp/H4_1.06/DDCASPT2_IVECX_F_P_1_.csv ${LOCALHOME}/DDCASPT2/hydrogen_comps/rerun/H4_chain/H4_1.06/DDCASPT2_IVECX_F_P_1_.csv

>>> COPY /tmp/H4_1.06/DDCASPT2_IVECC2_F_P_1_.csv ${LOCALHOME}/DDCASPT2/hydrogen_comps/rerun/H4_chain/H4_1.06/DDCASPT2_IVECC2_F_P_1_.csv

>>> COPY /tmp/H4_1.06/DDCASPT2_e2_F_P_1_.csv ${LOCALHOME}/DDCASPT2/hydrogen_comps/rerun/H4_chain/H4_1.06/DDCASPT2_e2_F_P_1_.csv

>>> END FOREACH

>>> EXPORT j = M

>>> IF (-FILE DDCASPT2_e2_${i}_${j}_1_.csv)

>>> COPY /tmp/H4_1.06/DDCASPT2_RHS_F_M_1_.csv ${LOCALHOME}/DDCASPT2/hydrogen_comps/rerun/H4_chain/H4_1.06/DDCASPT2_RHS_F_M_1_.csv

>>> COPY /tmp/H4_1.06/DDCASPT2_IVECW_F_M_1_.csv ${LOCALHOME}/DDCASPT2/hydrogen_comps/rerun/H4_chain/H4_1.06/DDCASPT2_IVECW_F_M_1_.csv

>>> COPY /tmp/H4_1.06/DDCASPT2_IVECX_F_M_1_.csv ${LOCALHOME}/DDCASPT2/hydrogen_comps/rerun/H4_chain/H4_1.06/DDCASPT2_IVECX_F_M_1_.csv

>>> COPY /tmp/H4_1.06/DDCASPT2_IVECC2_F_M_1_.csv ${LOCALHOME}/DDCASPT2/hydrogen_comps/rerun/H4_chain/H4_1.06/DDCASPT2_IVECC2_F_M_1_.csv

>>> COPY /tmp/H4_1.06/DDCASPT2_e2_F_M_1_.csv ${LOCALHOME}/DDCASPT2/hydrogen_comps/rerun/H4_chain/H4_1.06/DDCASPT2_e2_F_M_1_.csv

>>> END FOREACH

>>> END FOREACH

>>> EXPORT i = G

>>> EXPORT j = P

>>> IF (-FILE DDCASPT2_e2_${i}_${j}_1_.csv)
(Skipped)

>>> END FOREACH

>>> EXPORT j = M

>>> IF (-FILE DDCASPT2_e2_${i}_${j}_1_.csv)
(Skipped)

>>> END FOREACH

>>> END FOREACH

>>> EXPORT i = H

>>> EXPORT j = P

>>> IF (-FILE DDCASPT2_e2_${i}_${j}_1_.csv)
(Skipped)

>>> END FOREACH

>>> EXPORT j = M

>>> IF (-FILE DDCASPT2_e2_${i}_${j}_1_.csv)
(Skipped)

>>> END FOREACH

>>> END FOREACH

>>> EXPORT i = A

>>> IF (-FILE DDCASPT2_e2_${i}_1_.csv)
(Skipped)

>>> END FOREACH

>>> EXPORT i = C

>>> IF (-FILE DDCASPT2_e2_${i}_1_.csv)

>>> COPY /tmp/H4_1.06/DDCASPT2_RHS_C_1_.csv ${LOCALHOME}/DDCASPT2/hydrogen_comps/rerun/H4_chain/H4_1.06/DDCASPT2_RHS_C_1_.csv

>>> COPY /tmp/H4_1.06/DDCASPT2_IVECW_C_1_.csv ${LOCALHOME}/DDCASPT2/hydrogen_comps/rerun/H4_chain/H4_1.06/DDCASPT2_IVECW_C_1_.csv

>>> COPY /tmp/H4_1.06/DDCASPT2_IVECX_C_1_.csv ${LOCALHOME}/DDCASPT2/hydrogen_comps/rerun/H4_chain/H4_1.06/DDCASPT2_IVECX_C_1_.csv

>>> COPY /tmp/H4_1.06/DDCASPT2_IVECC2_C_1_.csv ${LOCALHOME}/DDCASPT2/hydrogen_comps/rerun/H4_chain/H4_1.06/DDCASPT2_IVECC2_C_1_.csv

>>> COPY /tmp/H4_1.06/DDCASPT2_e2_C_1_.csv ${LOCALHOME}/DDCASPT2/hydrogen_comps/rerun/H4_chain/H4_1.06/DDCASPT2_e2_C_1_.csv

>>> END FOREACH

>>> EXPORT i = D

>>> IF (-FILE DDCASPT2_e2_${i}_1_.csv)
(Skipped)

>>> END FOREACH

.########################.
.# Non-zero return code #.
.########################.

    Timing: Wall=1.63 User=0.97 System=0.65
***************************************
*** WorkDir at /tmp/H4_1.06 cleaned ***
***************************************
