   This run of MOLCAS is using the pymolcas driver

                             OPE
                             OPE          NMOL  CASOP  ENMOLC A   SO
                 OPE        NMOLC        AS  OP EN  MO LC     AS  OP
                OPENM       OL CA        SO  PE NM  OL CA     SOP EN
                OP EN      MO   LC       AS  OP ENMOL  CASO   PENMOL
                OP  EN     MO   LC       AS  OP EN     MO     LC ASO
               OP   E  NMOL  C  AS       OP  EN MO     LC     AS  OP
               OP  E   NMO   LC AS        OPEN  MO     LCASOP EN   M
               O  PEN   MO  LCA  SO
            OPE   NMO   L   CAS    OP
        OPENMOL  CASOP     ENMOL   CASOPE
     OPENMOLCA   SOPENMOLCASOPEN   MOLCASOPE
    OPENMOLCAS   OP           EN   MOL    CAS
    OPENMOLCAS       OP  ENM        O     LCA
    OPENMOLCAS    OPEN  MOLCASO     P  E  NMO
    OPENMOLCAS     OP               E  N  MOL
    OPENMOLCA   SO           PENM   O  L  CAS    OPEN    MO    LCAS
    OPENMOLCA   SOP           ENM   O  L  CAS   OP  EN  MOLC  AS   O
    OPENMOLCA   SOPE           NM      O  LCA   S      OP  EN MO
    OPENMOLC                AS         O  PEN   M      OL  CA  SOPE
    OPENMO        LCASOPE  NMOL        C  ASO   P      ENMOLC     AS
    OPE     NMO      LCA  SO     P     E   NM   OL  CA SO  PE N   MO
          OPENMOLCA            SOPE   NMO        LCAS  O    P  ENMO
     OPENMOLCASOPENMOLCASOPENMOLCASOPENMOLCA
        OPENMOLCASOPENMOLCASOPENMOLCASOPE
            OPENMOLCASOPENMOLCASOPENM
               OPENMOLCASOPENMOLCA        version: f37762c57
                   OPENMOLCASO
                       OPE                tag:

 OpenMolcas is free software; you can redistribute it and/or modify it
 under the terms of the GNU Lesser General Public License version 2.1.
 OpenMolcas is distributed in the hope that it will be useful, but it
 is provided "as is" and without any express or implied warranties.
 For more details see the full text of the license in the file
 LICENSE or in <http://www.gnu.org/licenses/>.

                 Copyright (C) The OpenMolcas Authors
           For the author list and the recommended citation,
                   consult the file CONTRIBUTORS.md

           *************************************************
           * pymolcas version py2.28                       *
           *   build c4a6d18ded8cb6cad61d2372a9abd97c      *
           *   (after the EMIL interpreter by V. Veryazov) *
           *************************************************

configuration info
------------------
C Compiler ID: Intel
C flags: -std=gnu99 -gcc-sys
Fortran Compiler ID: IntelLLVM
Fortran flags: -standard-semantics -fltconsistency -fpp -i8 -heap-arrays
Definitions: _MOLCAS_;_I8_;_LINUX_
Parallel: OFF (GA=OFF)


   ----------------------------------------------------------------------------------------
  |
  |              Project: H10_0.99
  |       Submitted from: /home/grierjones/DDCASPT2/hydrogen_comps/rerun/H10_chain/H10_0.99
  |         Scratch area: /tmp/H10_0.99
  |      Save outputs to: /home/grierjones/DDCASPT2/hydrogen_comps/rerun/H10_chain/H10_0.99
  |               Molcas: /home/grierjones/Test/build
  |
  | Scratch area is empty
  |
  |       MOLCAS_DRIVER = /usr/local/pymolcas
  | MOLCAS_KEEP_WORKDIR = NO
  |  MOLCAS_NEW_WORKDIR = YES
  |       MOLCAS_NPROCS = 1
  |        MOLCAS_PRINT = NORMAL
  |       MOLCAS_SOURCE = /home/grierjones/Test
  |    MOLCAS_STRUCTURE = 0
  |
   ----------------------------------------------------------------------------------------

++ ---------   Input file   ---------

&GATEWAY
coord=H10_0.99.xyz
Basis = ANO-RCC-VDZP
Group = nosymm
End of Input

&SEWARD
End of Input

&SCF

>>> COPY $WorkDir/H10_0.99.scf.h5 $CurrDir/

&RASSCF
Title= RASSCF
FileOrb
/home/grierjones/DDCASPT2/hydrogen_comps/rerun/H10_chain/H10_0.60/H10_0.60.RasOrb
NACTEL
10 0 0
Inactive
0
RAS2
10
Symmetry
1
Spin
1
orblisting
all

>>> COPY $WorkDir/H10_0.99.rasscf.h5 $CurrDir/

>>> COPY $WorkDir/GMJ_Fock_MO.csv $CurrDir/H10_0.99.GMJ_Fock_MO.csv

&MOTRA
Frozen=0
LUMORB

>>> COPY $WorkDir/GMJ_one_int_indx.csv $CurrDir/H10_0.99.GMJ_one_int_indx.csv

>>> COPY $WorkDir/GMJ_one_int.csv $CurrDir/H10_0.99.GMJ_one_int.csv

>>> COPY $WorkDir/GMJ_two_int_indx.csv $CurrDir/H10_0.99.GMJ_two_int_indx.csv

>>> COPY $WorkDir/GMJ_two_int.csv $CurrDir/H10_0.99.GMJ_two_int.csv

&CASPT2
Frozen
0

MAXITER
50

>>> FOREACH i IN (B,E,F,G,H)

  >>> FOREACH j IN (P,M)

    >>> IF (-FILE GMJ_e2_${i}_${j}_1_.csv)

      >>> COPY $WorkDir/GMJ_RHS_${i}_${j}_1_.csv $CurrDir/GMJ_RHS_${i}_${j}_1_.csv

      >>> COPY $WorkDir/GMJ_IVECW_${i}_${j}_1_.csv $CurrDir/GMJ_IVECW_${i}_${j}_1_.csv

      >>> COPY $WorkDir/GMJ_IVECX_${i}_${j}_1_.csv $CurrDir/GMJ_IVECX_${i}_${j}_1_.csv

      >>> COPY $WorkDir/GMJ_IVECC2_${i}_${j}_1_.csv $CurrDir/GMJ_IVECC2_${i}_${j}_1_.csv

      >>> COPY $WorkDir/GMJ_e2_${i}_${j}_1_.csv $CurrDir/GMJ_e2_${i}_${j}_1_.csv

    >>> END IF

  >>> END FOREACH

>>> END FOREACH

>>> FOREACH i IN (A,C,D)

  >>> IF (-FILE GMJ_e2_${i}_1_.csv)

    >>> COPY $WorkDir/GMJ_RHS_${i}_1_.csv $CurrDir/GMJ_RHS_${i}_1_.csv

    >>> COPY $WorkDir/GMJ_IVECW_${i}_1_.csv $CurrDir/GMJ_IVECW_${i}_1_.csv

    >>> COPY $WorkDir/GMJ_IVECX_${i}_1_.csv $CurrDir/GMJ_IVECX_${i}_1_.csv

    >>> COPY $WorkDir/GMJ_IVECC2_${i}_1_.csv $CurrDir/GMJ_IVECC2_${i}_1_.csv

    >>> COPY $WorkDir/GMJ_e2_${i}_1_.csv $CurrDir/GMJ_e2_${i}_1_.csv

  >>> END IF

>>> END FOREACH

-- ----------------------------------

--- Start Module: gateway at Sun Oct 26 13:59:43 2025 ---
 
()()()()()()()()()()()()()()()()()()()()()()()()()()()()()()()()()()()()()()()()()()()()()()()()()()

                                              &GATEWAY

                                   only a single process is used
                       available to each process: 2.0 GB of memory, 1 thread?
()()()()()()()()()()()()()()()()()()()()()()()()()()()()()()()()()()()()()()()()()()()()()()()()()()
 
 
++    Symmetry information:
      ---------------------
 
                    Character Table for C1 
 
                             E  
                    a        1  x, y, xy, Rz, z, xz, Ry, yz, Rx, I
--
 
 
++    Basis set information:
      ----------------------
 
 
      Basis set label: H.ANO-RCC...2S1P.
 
      Electronic valence basis set:
      ------------------
      Associated Effective Charge   1.000000 au
      Associated Actual Charge      1.000000 au
      Nuclear Model: Point charge
 
      Shell  nPrim  nBasis  Cartesian Spherical Contaminant
         s       8       2        X                  
         p       4       1        X                  
--
 
 
++    Molecular structure info:
      -------------------------
 
                    ************************************************ 
                    **** Cartesian Coordinates / Bohr, Angstrom **** 
                    ************************************************ 
 
     Center  Label                x              y              z                     x              y              z
        1      H1               0.000000       0.000000       0.000000              0.000000       0.000000       0.000000
        2      H2               0.000000       0.000000       1.866821              0.000000       0.000000       0.987879
        3      H3               0.000000       0.000000       3.733642              0.000000       0.000000       1.975758
        4      H4               0.000000       0.000000       5.600460              0.000000       0.000000       2.963636
        5      H5               0.000000       0.000000       7.467281              0.000000       0.000000       3.951515
        6      H6               0.000000       0.000000       9.334102              0.000000       0.000000       4.939394
        7      H7               0.000000       0.000000      11.200923              0.000000       0.000000       5.927273
        8      H8               0.000000       0.000000      13.067743              0.000000       0.000000       6.915152
        9      H9               0.000000       0.000000      14.934562              0.000000       0.000000       7.903030
       10      H10              0.000000       0.000000      16.801383              0.000000       0.000000       8.890909
 
                    *************************************** 
                    *    InterNuclear Distances / Bohr    * 
                    *************************************** 
 
               1 H1            2 H2            3 H3            4 H4            5 H5            6 H6    
    1 H1       0.000000
    2 H2       1.866821        0.000000
    3 H3       3.733642        1.866821        0.000000
    4 H4       5.600460        3.733640        1.866819        0.000000
    5 H5       7.467281        5.600460        3.733640        1.866821        0.000000
    6 H6       9.334102        7.467281        5.600460        3.733642        1.866821        0.000000
    7 H7      11.200923        9.334102        7.467281        5.600462        3.733642        1.866821
    8 H8      13.067743       11.200923        9.334102        7.467283        5.600462        3.733642
    9 H9      14.934562       13.067742       11.200921        9.334102        7.467281        5.600460
   10 H10     16.801383       14.934562       13.067742       11.200923        9.334102        7.467281
 
               7 H7            8 H8            9 H9           10 H10   
    7 H7       0.000000
    8 H8       1.866821        0.000000
    9 H9       3.733640        1.866819        0.000000
   10 H10      5.600460        3.733640        1.866821        0.000000
 
                    ******************************************* 
                    *    InterNuclear Distances / Angstrom    * 
                    ******************************************* 
 
               1 H1            2 H2            3 H3            4 H4            5 H5            6 H6    
    1 H1       0.000000
    2 H2       0.987879        0.000000
    3 H3       1.975758        0.987879        0.000000
    4 H4       2.963636        1.975757        0.987878        0.000000
    5 H5       3.951515        2.963636        1.975757        0.987879        0.000000
    6 H6       4.939394        3.951515        2.963636        1.975758        0.987879        0.000000
    7 H7       5.927273        4.939394        3.951515        2.963637        1.975758        0.987879
    8 H8       6.915152        5.927273        4.939394        3.951516        2.963637        1.975758
    9 H9       7.903030        6.915151        5.927272        4.939394        3.951515        2.963636
   10 H10      8.890909        7.903030        6.915151        5.927273        4.939394        3.951515
 
               7 H7            8 H8            9 H9           10 H10   
    7 H7       0.000000
    8 H8       0.987879        0.000000
    9 H9       1.975757        0.987878        0.000000
   10 H10      2.963636        1.975757        0.987879        0.000000
 
                    ************************************** 
                    *    Valence Bond Angles / Degree    * 
                    ************************************** 
                          Atom centers                 Phi
                      1 H1       2 H2       3 H3       180.00
                      2 H2       3 H3       4 H4       180.00
                      3 H3       4 H4       5 H5       180.00
                      4 H4       5 H5       6 H6       180.00
                      5 H5       6 H6       7 H7       180.00
                      6 H6       7 H7       8 H8       180.00
                      7 H7       8 H8       9 H9       180.00
                      8 H8       9 H9      10 H10      180.00
--
 
 
            Nuclear Potential Energy             10.33290793 au
 
--- Stop Module: gateway at Sun Oct 26 13:59:43 2025 /rc=_RC_ALL_IS_WELL_ ---
*** files: xmldump
    saved to directory /home/grierjones/DDCASPT2/hydrogen_comps/rerun/H10_chain/H10_0.99

--- Start Module: seward at Sun Oct 26 13:59:43 2025 ---
 
()()()()()()()()()()()()()()()()()()()()()()()()()()()()()()()()()()()()()()()()()()()()()()()()()()

                                              &SEWARD

                                   only a single process is used
                       available to each process: 2.0 GB of memory, 1 thread?
()()()()()()()()()()()()()()()()()()()()()()()()()()()()()()()()()()()()()()()()()()()()()()()()()()
 
               SEWARD will generate:
                  Multipole Moment integrals up to order  2
                  Kinetic Energy integrals
                  Nuclear Attraction integrals (point charge)
                  One-Electron Hamiltonian integrals
                  Velocity integrals
                  Relativistic Douglas-Kroll-Hess integrals:
                    - Parametrization         : EXP
                    - DKH order of Hamiltonian: 2
                    - DKH order of Properties : 0
                         - multipole moment operators
                         - electric potential operators
                         - contact operators
                  Atomic mean-field integrals
                  Two-Electron Repulsion integrals
 
                   Integrals are discarded if absolute value <: 0.10E-13
                   Integral cutoff threshold is set to       <: 0.10E-15
 
            Nuclear Potential Energy             10.33290793 au
 
 
      Basis set specifications :
      Symmetry species         a  
      Basis functions           50
 
 
  Input file to MOLDEN was generated!
 
forrtl: warning (525): IEEE_DIVIDE_BY_ZERO is signaling
forrtl: warning (526): IEEE_INVALID is signaling
forrtl: warning (528): IEEE_UNDERFLOW is signaling
--- Stop Module: seward at Sun Oct 26 13:59:44 2025 /rc=_RC_ALL_IS_WELL_ ---
*** files: H10_0.99.GssOrb H10_0.99.guessorb.h5 H10_0.99.guessorb.molden xmldump
    saved to directory /home/grierjones/DDCASPT2/hydrogen_comps/rerun/H10_chain/H10_0.99
--- Module seward spent 1 second ---

*** symbolic link created: INPORB -> H10_0.99.GssOrb
--- Start Module: scf at Sun Oct 26 13:59:44 2025 ---
 
()()()()()()()()()()()()()()()()()()()()()()()()()()()()()()()()()()()()()()()()()()()()()()()()()()

                                                &SCF

                                   only a single process is used
                       available to each process: 2.0 GB of memory, 1 thread?
()()()()()()()()()()()()()()()()()()()()()()()()()()()()()()()()()()()()()()()()()()()()()()()()()()
 
++    Input section:
      --------------
 
      Header of the integral files:
      
       Integrals generated by seward 4.2.0  , Sun Oct 26 13:59:43 2025
 
 
      Cartesian coordinates in Angstrom:
      -----------------------------------------------------
      No.  Label        X            Y            Z        
      -----------------------------------------------------
       1   H1         0.00000000   0.00000000   0.00000000
       2   H2         0.00000000   0.00000000   0.98787900
       3   H3         0.00000000   0.00000000   1.97575800
       4   H4         0.00000000   0.00000000   2.96363600
       5   H5         0.00000000   0.00000000   3.95151500
       6   H6         0.00000000   0.00000000   4.93939400
       7   H7         0.00000000   0.00000000   5.92727300
       8   H8         0.00000000   0.00000000   6.91515200
       9   H9         0.00000000   0.00000000   7.90303000
      10   H10        0.00000000   0.00000000   8.89090900
      -----------------------------------------------------
      Nuclear repulsion energy =   10.33290793
--
 
++    Orbital specifications:
      -----------------------
 
      Symmetry species               1
                                     a
      Frozen orbitals                0
      Occupied orbitals              5
      Secondary orbitals            45
      Deleted orbitals               0
      Total number of orbitals      50
      Number of basis functions     50
--
 
      Molecular charge                           0.000
 
++    Optimization specifications:
      ----------------------------
 
      SCF Algorithm: Conventional
      Minimized density differences are used
      Number of density matrices in core                5
      Maximum number of NDDO SCF iterations           400
      Maximum number of HF SCF iterations             400
      Threshold for SCF energy change            0.10E-08
      Threshold for density matrix               0.10E-03
      Threshold for Fock matrix                  0.15E-03
      Threshold for linear dependence            0.10E-08
      Threshold at which DIIS is turned on       0.15E+00
      Threshold at which QNR/C2DIIS is turned on 0.75E-01
      Threshold for Norm(delta) (QNR/C2DIIS)     0.20E-04
      DIIS extrapolation of the SCF procedure
      All orbitals punched on: SCFORB
--
 
      Input vectors read from INPORB
      Orbital file label: *Guess orbitals
 
 
++ Convergence information
                                   SCF        iterations: Energy and convergence statistics
 
Iter     Tot. SCF        One-elec.       Two-elec.     Energy      Max Dij or  Max Fij      DNorm      TNorm      AccCon     Time
         Energy          Energy          Energy        Change      Delta Norm                                                in Sec.
   1    -5.268764160   -25.425334204     9.823662110   0.00E+00    0.19E+00*   0.17E+00*    0.42E+01   0.18E+02   None         0.
   2    -5.381388739   -25.798684200    10.084387528  -0.11E+00*   0.69E-01*   0.19E-01*    0.19E+01   0.19E+02   EDIIS        0.
   3    -5.386177493   -25.774487895    10.055402469  -0.48E-02*   0.18E-01*   0.45E-02*    0.39E+00   0.19E+02   EDIIS        0.
   4    -5.386694124   -25.781736762    10.062134704  -0.52E-03*   0.76E-02*   0.33E-02*    0.11E+00   0.19E+02   c2DIIS       0.
   5    -5.386809336   -25.781375244    10.061657975  -0.12E-03*   0.16E-02*   0.56E-03*    0.21E-01   0.19E+02   QNRc2DIIS    0.
   6    -5.386814066   -25.781772540    10.062050541  -0.47E-05*   0.13E-02*   0.23E-03*    0.22E-02   0.19E+02   QNRc2DIIS    0.
   7    -5.386815288   -25.781628785    10.061905565  -0.12E-05*   0.43E-04*   0.20E-04     0.41E-03   0.19E+02   QNRc2DIIS    0.
   8    -5.386815291   -25.781631258    10.061908034  -0.39E-08*   0.11E-04    0.47E-05     0.67E-04   0.19E+02   QNRc2DIIS    0.
   9    -5.386815292   -25.781634952    10.061911728  -0.18E-09    0.30E-06    0.13E-06     0.70E-05   0.19E+02   QNRc2DIIS    0.
 
       Convergence after  9 Macro Iterations
--
 
 *****************************************************************************************************************************
 *                                                                                                                           *
 *                                             SCF/KS-DFT Program, Final results                                             *
 *                                                                                                                           *
 *                                                                                                                           *
 *                                                                                                                           *
 *                                                       Final Results                                                       *
 *                                                                                                                           *
 *****************************************************************************************************************************
 
::    Total SCF energy                                 -5.3868152916
      One-electron energy                             -25.7816349522
      Two-electron energy                              10.0619117276
      Nuclear repulsion energy                         10.3329079330
      Kinetic energy (interpolated)                     5.1151925968
      Virial theorem                                    1.0531011667
      Total spin, S(S+1)                                0.0000000000
      Total spin, S                                     0.0000000000
      Max non-diagonal density matrix element           0.0000003011
      Max non-diagonal Fock matrix element              0.0000000076
 
 
      All orbitals with orbital energies smaller than  E(LUMO)+0.5 are printed
 
++    Molecular orbitals:
      -------------------
 
      Title: SCF orbitals

      Molecular orbitals for symmetry species 1: a  
 
          Orbital            1         2         3         4         5         6         7         8         9        10    
          Energy           -0.7337   -0.6815   -0.5964   -0.4794   -0.3379    0.0210    0.1507    0.2065    0.2291    0.3476
          Occ. No.          2.0000    2.0000    2.0000    2.0000    2.0000    0.0000    0.0000    0.0000    0.0000    0.0000
 
        1 H1     1s         0.0922   -0.1849    0.2636   -0.3300    0.3599   -0.6814    0.8684   -0.5711   -0.3478   -1.1771
        2 H1     2s         0.0083   -0.0096    0.0009   -0.0056    0.0498   -0.3634    0.7159   -0.2882   -0.6116   -0.8518
        3 H1     2px       -0.0000    0.0000   -0.0000    0.0000   -0.0000    0.0000    0.0000   -0.0000   -0.0000   -0.0000
        4 H1     2py        0.0000   -0.0000    0.0000   -0.0000    0.0000   -0.0000    0.0000   -0.0000   -0.0000   -0.0000
        5 H1     2pz        0.0090   -0.0170    0.0189   -0.0140    0.0069   -0.0021    0.0039   -0.0190   -0.0073   -0.0348
        6 H2     1s         0.1189   -0.2313    0.3128   -0.3402    0.2310    0.3935   -1.0708    0.4557    0.8358    1.5840
        7 H2     2s        -0.0291    0.0425   -0.0186   -0.0524    0.0842    0.1802   -0.5271    0.4078    0.3197    1.2379
        8 H2     2px       -0.0000    0.0000    0.0000   -0.0000   -0.0000    0.0000   -0.0000   -0.0000    0.0000   -0.0000
        9 H2     2py       -0.0000   -0.0000    0.0000   -0.0000    0.0000   -0.0000    0.0000   -0.0000    0.0000   -0.0000
       10 H2     2pz        0.0056   -0.0070   -0.0054    0.0243   -0.0308    0.0161    0.0220   -0.0312   -0.0570   -0.0821
       11 H3     1s         0.2269   -0.2855    0.1223    0.2047   -0.4676    0.5436    0.0861   -0.0445   -0.7193   -1.0262
       12 H3     2s        -0.0105    0.0326   -0.0384    0.0542   -0.1156    0.1923    0.1699    0.1526   -0.6068   -0.3499
       13 H3     2px       -0.0000    0.0000    0.0000   -0.0000    0.0000    0.0000   -0.0000   -0.0000    0.0000   -0.0000
       14 H3     2py       -0.0000    0.0000   -0.0000   -0.0000    0.0000   -0.0000   -0.0000   -0.0000    0.0000   -0.0000
       15 H3     2pz        0.0067   -0.0008   -0.0199    0.0292   -0.0156   -0.0202    0.0299   -0.0416   -0.0322   -0.0102
       16 H4     1s         0.2471   -0.2544   -0.0206    0.3306   -0.3338   -0.3741    0.5153   -0.4340    0.2663    0.1491
       17 H4     2s        -0.0333    0.0070    0.0371    0.0078   -0.0898   -0.1293    0.2822    0.0345    0.0546    0.3686
       18 H4     2px       -0.0000   -0.0000    0.0000   -0.0000   -0.0000    0.0000   -0.0000   -0.0000    0.0000   -0.0000
       19 H4     2py       -0.0000    0.0000    0.0000   -0.0000    0.0000   -0.0000    0.0000   -0.0000    0.0000   -0.0000
       20 H4     2pz        0.0015    0.0115   -0.0242    0.0014    0.0278   -0.0301    0.0054   -0.0207   -0.0277    0.0711
       21 H5     1s         0.2882   -0.0431   -0.3046    0.1236    0.4252   -0.5632   -0.3740    0.1228    0.3897    0.7658
       22 H5     2s        -0.0265    0.0336    0.0043   -0.0175    0.1065   -0.2338   -0.1200    0.3276    0.1339    0.4968
       23 H5     2px        0.0000    0.0000    0.0000   -0.0000   -0.0000    0.0000   -0.0000   -0.0000    0.0000   -0.0000
       24 H5     2py       -0.0000    0.0000    0.0000   -0.0000    0.0000    0.0000   -0.0000   -0.0000    0.0000   -0.0000
       25 H5     2pz        0.0030    0.0153   -0.0123   -0.0231    0.0234    0.0231   -0.0194    0.0045   -0.0575    0.0726
       26 H6     1s         0.2882    0.0431   -0.3046   -0.1236    0.4252    0.5632   -0.3740    0.1228   -0.3897   -0.7658
       27 H6     2s        -0.0265   -0.0336    0.0043    0.0175    0.1065    0.2338   -0.1200    0.3276   -0.1339   -0.4968
       28 H6     2px        0.0000   -0.0000    0.0000   -0.0000   -0.0000   -0.0000   -0.0000   -0.0000   -0.0000    0.0000
       29 H6     2py       -0.0000   -0.0000    0.0000    0.0000   -0.0000   -0.0000   -0.0000    0.0000    0.0000   -0.0000
       30 H6     2pz       -0.0030    0.0153    0.0123   -0.0231   -0.0234    0.0231    0.0194   -0.0045   -0.0575    0.0726
       31 H7     1s         0.2471    0.2544   -0.0206   -0.3306   -0.3338    0.3741    0.5153   -0.4340   -0.2663   -0.1492
       32 H7     2s        -0.0333   -0.0070    0.0371   -0.0078   -0.0898    0.1293    0.2822    0.0345   -0.0546   -0.3686
       33 H7     2px       -0.0000    0.0000   -0.0000    0.0000   -0.0000   -0.0000    0.0000   -0.0000   -0.0000   -0.0000
       34 H7     2py       -0.0000    0.0000    0.0000   -0.0000    0.0000   -0.0000   -0.0000    0.0000    0.0000   -0.0000
       35 H7     2pz       -0.0015    0.0115    0.0242    0.0014   -0.0278   -0.0301   -0.0054    0.0207   -0.0277    0.0711
       36 H8     1s         0.2269    0.2855    0.1223   -0.2047   -0.4676   -0.5436    0.0861   -0.0445    0.7193    1.0262
       37 H8     2s        -0.0105   -0.0326   -0.0384   -0.0542   -0.1157   -0.1923    0.1699    0.1526    0.6068    0.3499
       38 H8     2px        0.0000    0.0000    0.0000   -0.0000    0.0000    0.0000   -0.0000   -0.0000   -0.0000   -0.0000
       39 H8     2py       -0.0000   -0.0000   -0.0000    0.0000    0.0000    0.0000    0.0000    0.0000    0.0000   -0.0000
       40 H8     2pz       -0.0067   -0.0008    0.0199    0.0292    0.0156   -0.0202   -0.0299    0.0416   -0.0322   -0.0102
       41 H9     1s         0.1189    0.2313    0.3128    0.3402    0.2310   -0.3935   -1.0708    0.4557   -0.8358   -1.5840
       42 H9     2s        -0.0291   -0.0425   -0.0186    0.0524    0.0842   -0.1802   -0.5271    0.4078   -0.3197   -1.2379
       43 H9     2px       -0.0000   -0.0000   -0.0000    0.0000    0.0000    0.0000    0.0000   -0.0000   -0.0000   -0.0000
       44 H9     2py        0.0000    0.0000   -0.0000    0.0000    0.0000   -0.0000    0.0000   -0.0000   -0.0000    0.0000
       45 H9     2pz       -0.0056   -0.0070    0.0054    0.0243    0.0308    0.0161   -0.0220    0.0312   -0.0570   -0.0821
       46 H10    1s         0.0922    0.1849    0.2636    0.3300    0.3599    0.6814    0.8684   -0.5711    0.3478    1.1771
       47 H10    2s         0.0083    0.0096    0.0009    0.0056    0.0498    0.3634    0.7159   -0.2882    0.6116    0.8518
       48 H10    2px        0.0000    0.0000   -0.0000    0.0000    0.0000    0.0000    0.0000    0.0000    0.0000    0.0000
       49 H10    2py       -0.0000    0.0000   -0.0000    0.0000    0.0000   -0.0000   -0.0000    0.0000   -0.0000   -0.0000
       50 H10    2pz       -0.0090   -0.0170   -0.0189   -0.0140   -0.0069   -0.0021   -0.0039    0.0190   -0.0073   -0.0348
 
          Orbital           11    
          Energy            0.3549
          Occ. No.          0.0000
 
        1 H1     1s        -0.0062
        2 H1     2s         0.5168
        3 H1     2px        0.0000
        4 H1     2py        0.0000
        5 H1     2pz        0.0425
        6 H2     1s        -0.2346
        7 H2     2s        -0.0285
        8 H2     2px        0.0000
        9 H2     2py       -0.0000
       10 H2     2pz        0.1287
       11 H3     1s         0.8841
       12 H3     2s         0.5877
       13 H3     2px        0.0000
       14 H3     2py       -0.0000
       15 H3     2pz        0.0660
       16 H4     1s        -1.1119
       17 H4     2s        -0.7943
       18 H4     2px        0.0000
       19 H4     2py       -0.0000
       20 H4     2pz        0.0758
       21 H5     1s         0.4191
       22 H5     2s        -0.0147
       23 H5     2px       -0.0000
       24 H5     2py       -0.0000
       25 H5     2pz        0.0463
       26 H6     1s         0.4191
       27 H6     2s        -0.0147
       28 H6     2px       -0.0000
       29 H6     2py        0.0000
       30 H6     2pz       -0.0463
       31 H7     1s        -1.1119
       32 H7     2s        -0.7943
       33 H7     2px        0.0000
       34 H7     2py       -0.0000
       35 H7     2pz       -0.0758
       36 H8     1s         0.8840
       37 H8     2s         0.5877
       38 H8     2px        0.0000
       39 H8     2py        0.0000
       40 H8     2pz       -0.0660
       41 H9     1s        -0.2345
       42 H9     2s        -0.0284
       43 H9     2px        0.0000
       44 H9     2py        0.0000
       45 H9     2pz       -0.1287
       46 H10    1s        -0.0062
       47 H10    2s         0.5168
       48 H10    2px        0.0000
       49 H10    2py       -0.0000
       50 H10    2pz       -0.0425
--
 
 
++    Molecular charges:
      ------------------
 
      Mulliken charges per centre and basis function type
      ---------------------------------------------------
 
                H1      H2      H3      H4      H5      H6      H7      H8      H9      H10   
      1s       1.0145  0.9720  1.0206  0.9735  0.9985  0.9985  0.9735  1.0206  0.9720  1.0145
      2s      -0.0003 -0.0261 -0.0798 -0.0463 -0.0485 -0.0485 -0.0463 -0.0798 -0.0261 -0.0003
      2px      0.0000  0.0000  0.0000  0.0000  0.0000  0.0000  0.0000  0.0000  0.0000  0.0000
      2pz      0.0213  0.0514  0.0504  0.0497  0.0491  0.0491  0.0497  0.0504  0.0514  0.0213
      2py      0.0000  0.0000  0.0000  0.0000  0.0000  0.0000  0.0000  0.0000  0.0000  0.0000
      Total    1.0355  0.9973  0.9912  0.9768  0.9991  0.9991  0.9768  0.9912  0.9973  1.0355
 
      N-E     -0.0355  0.0027  0.0088  0.0232  0.0009  0.0009  0.0232  0.0088  0.0027 -0.0355
 
      Total electronic charge=   10.000000
 
      Total            charge=   -0.000000
--
 
 
  Input file to MOLDEN was generated!
 
 
++    Static properties:
      ------------------
 
 
      LoProp Charges per center
 

                   H1       H2       H3       H4       H5       H6       H7       H8       H9       H10   
      Nuclear      1.0000   1.0000   1.0000   1.0000   1.0000   1.0000   1.0000   1.0000   1.0000   1.0000
      Electronic  -1.0320  -0.9869  -0.9967  -0.9892  -0.9952  -0.9952  -0.9892  -0.9967  -0.9869  -1.0320
 
      Total       -0.0320   0.0131   0.0033   0.0108   0.0048   0.0048   0.0108   0.0033   0.0131  -0.0320
--
 
 
++    Natural Bond Order analysis
      ---------------------------
      Based on LoProp computed density
      -------------------------------------------------------------------------------------
      Atom A       Atom B       Bond Order | Atom A       Atom B       Bond Order
        H1           H2             0.985  |   H5           H6             0.943
        H3           H4             0.950  |   H7           H8             0.950
        H9           H10            0.985  |
      -------------------------------------------------------------------------------------
      NBO located      9.627 electrons involved in    5 bonds.
      The remaining    0.373 electrons are to be considered as diffuse
--
 
 
++    Molecular properties:
      ---------------------
 
      Charge (e):
                      =   -0.0000
      Dipole Moment (Debye):
      Origin of the operator (Ang)=    0.0000    0.0000    0.0000
                   X=  1.5601E-13               Y= -1.6125E-14               Z= -1.5699E-06           Total=  1.5699E-06
      Quadrupole Moment (Debye*Ang):
      Origin of the operator (Ang)=    0.0000    0.0000    4.4455
                  XX= -1.1211E+01              XY=  1.2393E-28              XZ= -5.4968E-13              YY= -1.1211E+01
                  YZ=  1.5182E-13              ZZ= -1.3971E+01
      In traceless form (Debye*Ang)
                  XX=  1.3799E+00              XY=  1.8589E-28              XZ= -8.2452E-13              YY=  1.3799E+00
                  YZ=  2.2773E-13              ZZ= -2.7598E+00
--
 
 
  Input file to MOLDEN was generated!
 
 ###############################################################################
 ###############################################################################
 ###                                                                         ###
 ###                                                                         ###
 ###    RunFile label nBas                                                   ###
 ###    was used       78 times                                              ###
 ###                                                                         ###
 ###                                                                         ###
 ###############################################################################
 ###############################################################################
forrtl: warning (528): IEEE_UNDERFLOW is signaling
--- Stop Module: scf at Sun Oct 26 13:59:45 2025 /rc=_RC_ALL_IS_WELL_ ---
*** files: H10_0.99.LprOrb H10_0.99.LoProp.molden H10_0.99.scf.molden H10_0.99.ScfOrb H10_0.99.scf.h5 xmldump
    saved to directory /home/grierjones/DDCASPT2/hydrogen_comps/rerun/H10_chain/H10_0.99

>>> COPY /tmp/H10_0.99/H10_0.99.scf.h5 /home/grierjones/DDCASPT2/hydrogen_comps/rerun/H10_chain/H10_0.99/

*** symbolic link created: INPORB -> H10_0.99.ScfOrb
--- Start Module: rasscf at Sun Oct 26 13:59:45 2025 ---
 
()()()()()()()()()()()()()()()()()()()()()()()()()()()()()()()()()()()()()()()()()()()()()()()()()()

                                              &RASSCF

                                   only a single process is used
                       available to each process: 2.0 GB of memory, 1 thread?
()()()()()()()()()()()()()()()()()()()()()()()()()()()()()()()()()()()()()()()()()()()()()()()()()()
 
 
      Header of the ONEINT file:
      --------------------------
      
      Integrals generated by seward 4.2.0  , Sun Oct 26 13:59:43 2025
 
 
      OrdInt status: non-squared
 
 
      Cartesian coordinates in Angstrom:
      -----------------------------------------------------
      No.  Label        X            Y            Z        
      -----------------------------------------------------
       1   H1         0.00000000   0.00000000   0.00000000
       2   H2         0.00000000   0.00000000   0.98787900
       3   H3         0.00000000   0.00000000   1.97575800
       4   H4         0.00000000   0.00000000   2.96363600
       5   H5         0.00000000   0.00000000   3.95151500
       6   H6         0.00000000   0.00000000   4.93939400
       7   H7         0.00000000   0.00000000   5.92727300
       8   H8         0.00000000   0.00000000   6.91515200
       9   H9         0.00000000   0.00000000   7.90303000
      10   H10        0.00000000   0.00000000   8.89090900
      -----------------------------------------------------
      Nuclear repulsion energy =   10.33290793
 
++    Wave function specifications:
      -----------------------------
 
      Number of closed shell electrons           0
      Number of electrons in active shells      10
      Max number of holes in RAS1 space          0
      Max nr of electrons in RAS3 space          0
      Number of inactive orbitals                0
      Number of active orbitals                 10
      Number of secondary orbitals              40
      Spin quantum number                      0.0
      State symmetry                             1
--
 
++    Orbital specifications:
      -----------------------
 
      Symmetry species                           1
                                                 a
      Frozen orbitals                            0
      Inactive orbitals                          0
      Active orbitals                           10
      RAS1 orbitals                              0
      RAS2 orbitals                             10
      RAS3 orbitals                              0
      Secondary orbitals                        40
      Deleted orbitals                           0
      Number of basis functions                 50
--
 
++    CI expansion specifications:
      ----------------------------
 
      Number of CSFs                         19404
      Number of determinants                 31878
      Number of root(s) required                 1
      Root chosen for geometry opt.              1
      CI root used                               1
         
      highest root included in the CI            1
      max. size of the explicit Hamiltonian    200
--
 
++    Optimization specifications:
      ----------------------------
 
      RASSCF algorithm: Conventional
      Maximum number of macro iterations       200
      Maximum number of SX iterations          100
      Threshold for RASSCF energy            0.100E-07
      Threshold for max MO rotation          0.100E+00
      Threshold for max BLB element          0.100E-03
      Level shift parameter                  0.500E+00
      Make Quasi-Newton update
--
 
      The MO-coefficients are taken from the file:
      /home/grierjones/DDCASPT2/hydrogen_comps/rerun/H10_chain/H10_0.60/H10_0.60.RasOrb                                               
      Title: RASSCF average (pseudo-natural) orbitals                                      
 
      Total molecular charge    0.00
 
      ************************************************************************************************************************
      *                                                                                                                      *
      *                                            Wave function control section                                             *
      *                                                                                                                      *
      ************************************************************************************************************************
 
 
                                         RASSCF iterations: Energy and convergence statistics
                                         ----------------------------------------------------
 
      Iter CI   SX   CI       RASSCF       Energy    max ROT     max BLB   max BLB  Level Ln srch  Step   QN   Walltime
          iter iter root      energy       change     param      element    value   shift minimum  type update hh:mm:ss
 Nr of preliminary CI iterations:   5
        1   1  100    1    -5.12679203    0.00E+00  -0.15E+00*   2  46 1  0.81E+00*  0.00   0.00    SX    NO    0:00:00
        2   4  100    1    -5.46280618   -0.34E+00*  0.85E-01    2  12 1  0.10E+00*  0.00   0.00    SX    NO    0:00:00
        3   3   22    1    -5.49424218   -0.31E-01*  0.59E-01    1  11 1 -0.25E-01*  0.00   0.00    SX    NO    0:00:00
        4   4   21    1    -5.49779598   -0.36E-02*  0.40E-01    1  11 1 -0.58E-02*  0.00   0.00    SX    NO    0:00:00
        5   4   18    1    -5.49884248   -0.10E-02*  0.43E-01    7  37 1  0.23E-02*  0.00   2.33    LS   YES    0:00:00
        6   5   18    1    -5.49936982   -0.53E-03* -0.33E-01    1  11 1  0.34E-02*  0.00   1.23    QN   YES    0:00:00
        7   4   17    1    -5.49961512   -0.25E-03* -0.53E-01    1  11 1  0.21E-02*  0.00   2.28    QN   YES    0:00:00
        8   5   16    1    -5.49986638   -0.25E-03* -0.34E-01    4  17 1  0.11E-02*  0.00   1.27    QN   YES    0:00:00
        9   5   17    1    -5.50002188   -0.16E-03* -0.43E-01    2  12 1  0.12E-02*  0.00   2.50    LS   YES    0:00:00
       10   5   17    1    -5.50027159   -0.25E-03* -0.15E+00*   1  11 1 -0.20E-02*  0.00   2.50    QN   YES    0:00:00
       11   7   21    1    -5.49965557    0.62E-03* -0.11E+00*   5  41 1  0.91E-02*  0.00   0.31    SX   YES    0:00:00
       12   5   24    1    -5.50347322   -0.38E-02* -0.11E+00*   5  41 1  0.73E-02*  0.00   2.50    LS   YES    0:00:00
       13   4   25    1    -5.50763859   -0.42E-02*  0.16E+00*  10  17 1  0.64E-02*  0.00   2.50    QN   YES    0:00:00
       14   5   39    1    -5.51020163   -0.26E-02*  0.14E+00*   5  49 1 -0.18E-01*  0.00   0.70    QN   YES    0:00:00
       15   4   31    1    -5.50690934    0.33E-02* -0.18E+00*   5  49 1 -0.18E-01*  0.00  -0.50    QN   YES    0:00:00
       16   5   45    1    -5.51206189   -0.52E-02* -0.21E+00*   5  49 1 -0.16E-01*  0.00   2.50    QN   YES    0:00:00
       17   4   26    1    -5.51698121   -0.49E-02* -0.10E+00*   1  11 1  0.13E-01*  0.00   1.60    QN   YES    0:00:00
       18   4   23    1    -5.51917815   -0.22E-02* -0.61E-01    1  11 1  0.82E-02*  0.00   1.74    LS   YES    0:00:00
       19   3   22    1    -5.51968874   -0.51E-03* -0.30E-01    1  11 1  0.54E-02*  0.00   1.30    QN   YES    0:00:00
       20   4   19    1    -5.52028961   -0.60E-03* -0.13E-01    4  37 1 -0.23E-02*  0.00   1.48    LS   YES    0:00:00
       21   3   18    1    -5.52036121   -0.72E-04*  0.10E-01    5  41 1 -0.18E-02*  0.00   1.07    QN   YES    0:00:00
       22   4   17    1    -5.52044953   -0.88E-04* -0.12E-01    5  45 1  0.13E-02*  0.00   2.26    LS   YES    0:00:00
       23   4   16    1    -5.52048948   -0.40E-04* -0.69E-02    1  11 1 -0.11E-02*  0.00   1.07    QN   YES    0:00:00
       24   3   13    1    -5.52049783   -0.83E-05* -0.25E-02    1  11 1 -0.28E-03*  0.00   1.31    QN   YES    0:00:00
       25   4   12    1    -5.52049890   -0.11E-05* -0.22E-03    1  49 1 -0.43E-04   0.00   1.00    QN   YES    0:00:00
       26   3    9    1    -5.52049894   -0.43E-07* -0.60E-04    4  17 1  0.14E-04   0.00   1.08    QN   YES    0:00:00
       27   1    7    1    -5.52049895   -0.36E-08  -0.30E-04    4  17 1  0.32E-05   0.00   1.17    QN   YES    0:00:00
      Convergence after 27 iterations
 
  Dmat in MO in SXCTL bf call to SXHAM                                                                                    
  mat. size =    10x   10
 
        1.9707910856450663
        0.0000047650171076      1.9645974825332049
       -0.0151317500494630      0.0000067772097153      1.9430058850044671
        0.0000012529454940      0.0039646066685971      0.0000018067341309      1.9322532954750125
       -0.0177570903264657      0.0000036096396498     -0.0316187335067391      0.0000012361251967      1.8592275965197691
       -0.0402316743481471      0.0000518308521472     -0.0853891987054696      0.0000148826419617     -0.0384357676960697
        0.0356592587969477
       -0.0000169816019318      0.1069052081915777     -0.0000170981035500     -0.0078326242247643      0.0000194965632495
        0.0000030408364368      0.0413597764912278
        0.1017687996561660     -0.0000466788595404      0.1309428714687647     -0.0000143577446326      0.1458484475975734
        0.0066761822178019     -0.0000037908741184      0.0868387540984379
       -0.0000080715790650      0.0475495571588071     -0.0000084402465890      0.0449814776533694      0.0000096611229786
        0.0000004732921774     -0.0080196223885847     -0.0000008380559253      0.1485897064017524
       -0.0000006869134339      0.0008960534417121      0.0000005302326478     -0.0064955697341110      0.0000008886826797
       -0.0000003808379594     -0.0074374672222778     -0.0000003991099426      0.0087668326677726      0.0176771590343146
       28   1    7    1    -5.52049895   -0.33E-09  -0.30E-04    3  41 1  0.94E-06   0.00   1.17    QN   YES    0:00:00
 
      ************************************************************************************************************************
                                                      Wave function printout:
                       occupation of active orbitals, and spin coupling of open shells (u,d: Spin up or down)
      ************************************************************************************************************************
 
      Note: transformation to natural orbitals
      has been made, which may change the order of the CSFs.
 
      printout of CI-coefficients larger than  0.05 for root  1
      energy=      -5.520499
      conf/sym  1111111111     Coeff  Weight
             1  2222200000  -0.92801 0.86121
            36  2222000020   0.18454 0.03406
            50  222ud00ud0   0.12531 0.01570
            64  22u2d0u0d0   0.08234 0.00678
            78  2u22du00d0   0.06360 0.00405
           100  u222d000ud   0.05832 0.00340
           107  2220200200   0.05970 0.00356
           111  2220200020   0.06314 0.00399
           121  22ud20ud00   0.05543 0.00307
           257  222uu00dd0   0.07902 0.00624
 
      Natural orbitals and occupation numbers for root  1
      sym 1:   1.978970   1.972299   1.959384   1.932874   1.866996   0.021810   0.036652   0.068363   0.147927   0.014725

 
      ************************************************************************************************************************
      *                                                                                                                      *
      *                                                    Final results                                                     *
      *                                                                                                                      *
      ************************************************************************************************************************
 
 
++    Wave function specifications:
      -----------------------------
 
      Number of closed shell electrons           0
      Number of electrons in active shells      10
      Max number of holes in RAS1 space          0
      Max nr of electrons in RAS3 space          0
      Number of inactive orbitals                0
      Number of active orbitals                 10
      Number of secondary orbitals              40
      Spin quantum number                      0.0
      State symmetry                             1
--
 
++    Orbital specifications:
      -----------------------
 
      Symmetry species                           1
                                                 a
      Frozen orbitals                            0
      Inactive orbitals                          0
      Active orbitals                           10
      RAS1 orbitals                              0
      RAS2 orbitals                             10
      RAS3 orbitals                              0
      Secondary orbitals                        40
      Deleted orbitals                           0
      Number of basis functions                 50
--
 
++    CI expansion specifications:
      ----------------------------
 
      Number of CSFs                         19404
      Number of determinants                 31878
      Number of root(s) required                 1
      CI root used                               1
      highest root included in the CI            1
      Root passed to geometry opt.               1
--
 
++    Final optimization conditions:
      ------------------------------
 
      Average CI energy                              -5.52049895
      RASSCF energy for state  1                     -5.52049895
      Super-CI energy                                -0.00000000
      RASSCF energy change                            0.00000000
      Max change in MO coefficients               0.311E-04
      Max non-diagonal density matrix element    -0.304E-04
      Maximum BLB matrix element                  0.942E-06
      (orbital pair   3,  41 in symmetry   1)
      Norm of electronic gradient            0.358E-05
--
 
 
      Final state energy(ies):
      ------------------------
 
::    RASSCF root number  1 Total energy:     -5.52049895
 
++    Molecular orbitals:
      -------------------
 
      Pseudonatural active orbitals and approximate occupation numbers
 
 
 
 
      Molecular orbitals for symmetry species 1: a  
 
 
      Orbital                1         2         3         4         5         6         7         8         9        10
      Energy            0.0000    0.0000    0.0000    0.0000    0.0000    0.0000    0.0000    0.0000    0.0000    0.0000
      Occ. No.          1.9790    1.9723    1.9594    1.9329    1.8670    0.0218    0.0367    0.0684    0.1479    0.0147
 
    1 H1     1s         0.0946    0.1940    0.2798   -0.3290    0.3621    0.6105   -0.6217   -0.5478   -0.4225   -0.4316
    2 H1     2s         0.0078    0.0093    0.0023   -0.0016    0.0406    0.0773   -0.0198    0.0186    0.0180   -0.0897
    3 H1     2px        0.0000    0.0000    0.0000   -0.0000    0.0000    0.0000   -0.0000   -0.0000   -0.0000   -0.0000
    4 H1     2py        0.0000    0.0000    0.0000   -0.0000    0.0000    0.0000   -0.0000   -0.0000   -0.0000   -0.0000
    5 H1     2pz        0.0077    0.0149    0.0162   -0.0104    0.0027   -0.0031    0.0080    0.0087    0.0051   -0.0021
    6 H2     1s         0.1256    0.2419    0.3131   -0.3134    0.1977   -1.1596    0.8843    0.4684    0.0876    0.9681
    7 H2     2s        -0.0275   -0.0445   -0.0280   -0.0318    0.0686   -0.2980    0.1264   -0.0039   -0.0635    0.3369
    8 H2     2px       -0.0000    0.0000    0.0000   -0.0000    0.0000   -0.0000    0.0000    0.0000   -0.0000    0.0000
    9 H2     2py       -0.0000    0.0000    0.0000   -0.0000    0.0000   -0.0000    0.0000    0.0000   -0.0000    0.0000
   10 H2     2pz        0.0058    0.0078   -0.0037    0.0215   -0.0302    0.0228    0.0018    0.0287    0.0381   -0.0226
   11 H3     1s         0.2212    0.2844    0.1199    0.1851   -0.4651    1.3299   -0.4680    0.2606    0.5420   -1.4583
   12 H3     2s        -0.0150   -0.0341   -0.0352    0.0350   -0.0939    0.3766   -0.0912    0.0269    0.0585   -0.5412
   13 H3     2px       -0.0000   -0.0000   -0.0000   -0.0000    0.0000   -0.0000    0.0000   -0.0000   -0.0000    0.0000
   14 H3     2py       -0.0000   -0.0000   -0.0000   -0.0000    0.0000   -0.0000    0.0000   -0.0000   -0.0000    0.0000
   15 H3     2pz        0.0045   -0.0014   -0.0202    0.0279   -0.0127    0.0186   -0.0422   -0.0399   -0.0147    0.0052
   16 H4     1s         0.2488    0.2369   -0.0526    0.3427   -0.3115   -1.0386   -0.3021   -0.7342   -0.3265    1.7903
   17 H4     2s        -0.0331   -0.0154    0.0253   -0.0000   -0.0704   -0.3006   -0.1051   -0.1230   -0.0121    0.6956
   18 H4     2px        0.0000    0.0000   -0.0000    0.0000   -0.0000   -0.0000    0.0000   -0.0000   -0.0000    0.0000
   19 H4     2py        0.0000    0.0000   -0.0000    0.0000   -0.0000   -0.0000    0.0000   -0.0000   -0.0000    0.0000
   20 H4     2pz        0.0027   -0.0091   -0.0220    0.0030    0.0272   -0.0213    0.0477    0.0113   -0.0320   -0.0222
   21 H5     1s         0.2893    0.0531   -0.2823    0.1425    0.4165    0.3779    0.9126    0.3851   -0.4382   -1.9728
   22 H5     2s        -0.0281   -0.0254    0.0179   -0.0158    0.0842    0.1290    0.2091    0.0864   -0.0162   -0.7714
   23 H5     2px       -0.0000    0.0000    0.0000   -0.0000   -0.0000   -0.0000   -0.0000   -0.0000    0.0000    0.0000
   24 H5     2py       -0.0000    0.0000    0.0000   -0.0000   -0.0000   -0.0000   -0.0000   -0.0000    0.0000    0.0000
   25 H5     2pz        0.0012   -0.0136   -0.0094   -0.0238    0.0217    0.0439   -0.0134    0.0384    0.0264   -0.0081
   26 H6     1s         0.2893   -0.0531   -0.2823   -0.1425    0.4165    0.3779   -0.9126    0.3851    0.4382    1.9728
   27 H6     2s        -0.0281    0.0254    0.0179    0.0158    0.0842    0.1290   -0.2091    0.0864    0.0162    0.7714
   28 H6     2px        0.0000    0.0000   -0.0000   -0.0000    0.0000    0.0000   -0.0000    0.0000    0.0000    0.0000
   29 H6     2py        0.0000    0.0000   -0.0000   -0.0000    0.0000    0.0000   -0.0000    0.0000    0.0000    0.0000
   30 H6     2pz       -0.0012   -0.0136    0.0094   -0.0238   -0.0217   -0.0439   -0.0134   -0.0384    0.0264   -0.0081
   31 H7     1s         0.2488   -0.2369   -0.0526   -0.3427   -0.3115   -1.0386    0.3021   -0.7342    0.3265   -1.7903
   32 H7     2s        -0.0331    0.0154    0.0253    0.0000   -0.0704   -0.3006    0.1051   -0.1230    0.0121   -0.6956
   33 H7     2px       -0.0000    0.0000    0.0000    0.0000    0.0000    0.0000    0.0000    0.0000   -0.0000    0.0000
   34 H7     2py       -0.0000    0.0000    0.0000    0.0000    0.0000    0.0000    0.0000    0.0000   -0.0000    0.0000
   35 H7     2pz       -0.0027   -0.0091    0.0220    0.0030   -0.0272    0.0213    0.0477   -0.0113   -0.0320   -0.0222
   36 H8     1s         0.2212   -0.2844    0.1199   -0.1851   -0.4651    1.3299    0.4680    0.2606   -0.5420    1.4583
   37 H8     2s        -0.0150    0.0341   -0.0352   -0.0350   -0.0939    0.3766    0.0912    0.0269   -0.0585    0.5412
   38 H8     2px        0.0000   -0.0000    0.0000   -0.0000   -0.0000    0.0000    0.0000    0.0000   -0.0000    0.0000
   39 H8     2py        0.0000   -0.0000    0.0000   -0.0000   -0.0000    0.0000    0.0000    0.0000   -0.0000    0.0000
   40 H8     2pz       -0.0045   -0.0014    0.0202    0.0279    0.0127   -0.0186   -0.0422    0.0399   -0.0147    0.0052
   41 H9     1s         0.1256   -0.2420    0.3131    0.3134    0.1977   -1.1596   -0.8843    0.4684   -0.0876   -0.9681
   42 H9     2s        -0.0275    0.0445   -0.0280    0.0318    0.0686   -0.2980   -0.1264   -0.0039    0.0635   -0.3369
   43 H9     2px        0.0000    0.0000   -0.0000   -0.0000   -0.0000    0.0000    0.0000   -0.0000   -0.0000    0.0000
   44 H9     2py        0.0000    0.0000   -0.0000   -0.0000   -0.0000    0.0000    0.0000   -0.0000   -0.0000    0.0000
   45 H9     2pz       -0.0058    0.0078    0.0037    0.0215    0.0302   -0.0228    0.0018   -0.0287    0.0381   -0.0226
   46 H10    1s         0.0946   -0.1940    0.2798    0.3290    0.3621    0.6105    0.6217   -0.5478    0.4225    0.4316
   47 H10    2s         0.0078   -0.0093    0.0023    0.0016    0.0406    0.0773    0.0198    0.0186   -0.0180    0.0897
   48 H10    2px       -0.0000    0.0000   -0.0000   -0.0000   -0.0000   -0.0000   -0.0000    0.0000   -0.0000   -0.0000
   49 H10    2py       -0.0000    0.0000   -0.0000   -0.0000   -0.0000   -0.0000   -0.0000    0.0000   -0.0000   -0.0000
   50 H10    2pz       -0.0077    0.0149   -0.0162   -0.0104   -0.0027    0.0031    0.0080   -0.0087    0.0051   -0.0021
 
 
      Orbital               11        12        13        14        15        16        17        18        19        20
      Energy            0.1958    0.2470    0.3295    0.4664    0.5331    0.5331    0.5971    0.5971    0.6847    0.7019
      Occ. No.          0.0000    0.0000    0.0000    0.0000    0.0000    0.0000    0.0000    0.0000    0.0000    0.0000
 
    1 H1     1s        -0.0962    0.0010   -0.3203    0.8290    0.0000   -0.0000   -0.0000   -0.0000   -1.2927    0.0000
    2 H1     2s         0.1276   -0.3959   -0.7632    1.1324    0.0000   -0.0000   -0.0000   -0.0000   -1.3593    0.0000
    3 H1     2px        0.0000   -0.0000   -0.0000    0.0000   -0.0094    0.0928   -0.1897    0.0191    0.0000    0.2873
    4 H1     2py        0.0000   -0.0000   -0.0000    0.0000    0.0928    0.0094   -0.0191   -0.1897    0.0000    0.0287
    5 H1     2pz       -0.0081   -0.0124   -0.0616    0.1194    0.0000   -0.0000   -0.0000   -0.0000   -0.1409   -0.0000
    6 H2     1s        -0.0608    0.1506    0.2959   -0.6367    0.0000   -0.0000    0.0001    0.0000    1.3486   -0.0000
    7 H2     2s         0.1359   -0.1489    0.0722   -0.6408    0.0000   -0.0000    0.0001    0.0000    1.5376   -0.0000
    8 H2     2px        0.0000   -0.0000   -0.0000    0.0000   -0.0158    0.1565   -0.2759    0.0278    0.0000    0.3154
    9 H2     2py        0.0000   -0.0000   -0.0000    0.0000    0.1565    0.0158   -0.0278   -0.2759    0.0000    0.0315
   10 H2     2pz       -0.0071   -0.0440   -0.1382    0.2069    0.0000   -0.0000   -0.0000   -0.0000   -0.1936   -0.0000
   11 H3     1s        -0.0688   -0.0555   -0.1874    0.0965   -0.0000    0.0001   -0.0001   -0.0000    0.0719    0.0000
   12 H3     2s         0.1760   -0.2945   -0.1616   -0.2097   -0.0000    0.0001   -0.0000   -0.0000    0.4288    0.0000
   13 H3     2px        0.0000   -0.0000   -0.0000    0.0000   -0.0218    0.2157   -0.2930    0.0295    0.0000    0.1566
   14 H3     2py        0.0000   -0.0000   -0.0000    0.0000    0.2157    0.0218   -0.0295   -0.2930    0.0000    0.0156
   15 H3     2pz       -0.0176   -0.0313   -0.0868    0.0484    0.0000   -0.0000    0.0000    0.0000    0.1308   -0.0000
   16 H4     1s        -0.0804    0.1147    0.1192   -0.2869    0.0000   -0.0001    0.0001    0.0000    0.1151   -0.0000
   17 H4     2s         0.1864   -0.0752    0.2769   -0.6105    0.0000   -0.0000    0.0000    0.0000    0.1304   -0.0000
   18 H4     2px        0.0000   -0.0000   -0.0000    0.0000   -0.0260    0.2572   -0.2203    0.0222    0.0000   -0.1052
   19 H4     2py        0.0000   -0.0000   -0.0000    0.0000    0.2572    0.0260   -0.0222   -0.2203    0.0000   -0.0105
   20 H4     2pz       -0.0090   -0.0584   -0.0880   -0.0289   -0.0000    0.0000    0.0000    0.0000    0.1642   -0.0000
   21 H5     1s        -0.0918   -0.0724    0.0263   -0.0666   -0.0000    0.0001   -0.0000   -0.0000   -0.4549    0.0000
   22 H5     2s         0.1999   -0.1110    0.2917   -0.1693   -0.0000    0.0001   -0.0000   -0.0000   -0.7898    0.0000
   23 H5     2px        0.0000   -0.0000   -0.0000    0.0000   -0.0282    0.2794   -0.0816    0.0082    0.0000   -0.2996
   24 H5     2py        0.0000   -0.0000   -0.0000    0.0000    0.2794    0.0282   -0.0082   -0.0816    0.0000   -0.0299
   25 H5     2pz       -0.0054   -0.0621   -0.0207   -0.1258   -0.0000    0.0000    0.0000    0.0000    0.1173    0.0000
   26 H6     1s        -0.0918    0.0724    0.0263    0.0666    0.0000   -0.0001   -0.0000   -0.0000   -0.4549   -0.0000
   27 H6     2s         0.1999    0.1110    0.2917    0.1693    0.0000   -0.0001   -0.0000   -0.0000   -0.7898   -0.0000
   28 H6     2px       -0.0000   -0.0000    0.0000    0.0000   -0.0282    0.2794    0.0816   -0.0082   -0.0000   -0.2996
   29 H6     2py       -0.0000   -0.0000    0.0000    0.0000    0.2794    0.0282    0.0082    0.0816   -0.0000   -0.0299
   30 H6     2pz        0.0054   -0.0621    0.0207   -0.1258   -0.0000    0.0000   -0.0000   -0.0000   -0.1173    0.0000
   31 H7     1s        -0.0804   -0.1147    0.1192    0.2869   -0.0000    0.0001    0.0001    0.0000    0.1151    0.0000
   32 H7     2s         0.1864    0.0752    0.2769    0.6105   -0.0000    0.0000    0.0000    0.0000    0.1304    0.0000
   33 H7     2px       -0.0000   -0.0000    0.0000    0.0000   -0.0260    0.2572    0.2203   -0.0222   -0.0000   -0.1052
   34 H7     2py       -0.0000   -0.0000    0.0000    0.0000    0.2572    0.0260    0.0222    0.2203   -0.0000   -0.0105
   35 H7     2pz        0.0090   -0.0584    0.0880   -0.0289   -0.0000    0.0000   -0.0000   -0.0000   -0.1642   -0.0000
   36 H8     1s        -0.0688    0.0555   -0.1874   -0.0965    0.0000   -0.0001   -0.0001   -0.0000    0.0719   -0.0000
   37 H8     2s         0.1760    0.2945   -0.1616    0.2097    0.0000   -0.0001   -0.0000   -0.0000    0.4288   -0.0000
   38 H8     2px       -0.0000   -0.0000    0.0000    0.0000   -0.0218    0.2157    0.2930   -0.0295   -0.0000    0.1566
   39 H8     2py       -0.0000   -0.0000    0.0000    0.0000    0.2157    0.0218    0.0295    0.2930   -0.0000    0.0156
   40 H8     2pz        0.0176   -0.0313    0.0868    0.0484    0.0000   -0.0000   -0.0000   -0.0000   -0.1308   -0.0000
   41 H9     1s        -0.0608   -0.1506    0.2959    0.6367   -0.0000    0.0000    0.0001    0.0000    1.3486    0.0000
   42 H9     2s         0.1359    0.1489    0.0722    0.6408   -0.0000    0.0000    0.0001    0.0000    1.5376    0.0000
   43 H9     2px       -0.0000   -0.0000    0.0000    0.0000   -0.0158    0.1565    0.2759   -0.0278   -0.0000    0.3154
   44 H9     2py       -0.0000   -0.0000    0.0000    0.0000    0.1565    0.0158    0.0278    0.2759   -0.0000    0.0315
   45 H9     2pz        0.0071   -0.0440    0.1382    0.2069    0.0000   -0.0000    0.0000    0.0000    0.1936   -0.0000
   46 H10    1s        -0.0962   -0.0010   -0.3203   -0.8290   -0.0000    0.0000   -0.0000   -0.0000   -1.2927   -0.0000
   47 H10    2s         0.1276    0.3959   -0.7632   -1.1324   -0.0000    0.0000   -0.0000   -0.0000   -1.3593   -0.0000
   48 H10    2px       -0.0000   -0.0000    0.0000    0.0000   -0.0094    0.0928    0.1897   -0.0191   -0.0000    0.2873
   49 H10    2py       -0.0000   -0.0000    0.0000    0.0000    0.0928    0.0094    0.0191    0.1897   -0.0000    0.0287
   50 H10    2pz        0.0081   -0.0124    0.0616    0.1194    0.0000   -0.0000    0.0000    0.0000    0.1409   -0.0000
 
 
      Orbital               21        22        23        24        25        26        27        28        29        30
      Energy            0.7019    0.8492    0.8492    0.9579    1.0417    1.0417    1.2449    1.2865    1.2865    1.5153
      Occ. No.          0.0000    0.0000    0.0000    0.0000    0.0000    0.0000    0.0000    0.0000    0.0000    0.0000
 
    1 H1     1s         0.0000    0.0000    0.0000    1.5117   -0.0000    0.0000    1.3999    0.0000   -0.0000    0.8469
    2 H1     2s         0.0000   -0.0000   -0.0000    1.3410   -0.0000    0.0000    1.0755    0.0000   -0.0000    0.5384
    3 H1     2px       -0.0287   -0.3768    0.0380   -0.0000   -0.4468   -0.0451   -0.0000    0.0515   -0.4917    0.0000
    4 H1     2py        0.2873   -0.0380   -0.3768   -0.0000   -0.0451    0.4468   -0.0000   -0.4917   -0.0515    0.0000
    5 H1     2pz       -0.0000   -0.0000   -0.0000    0.1102   -0.0000    0.0000   -0.0200    0.0000   -0.0000   -0.2910
    6 H2     1s        -0.0000   -0.0000   -0.0000   -2.2700   -0.0000    0.0000   -3.0669   -0.0000    0.0000   -2.8149
    7 H2     2s        -0.0000   -0.0000   -0.0000   -2.4542    0.0000   -0.0000   -3.0325   -0.0000    0.0000   -2.6629
    8 H2     2px       -0.0315   -0.2407    0.0243   -0.0000   -0.0475   -0.0048    0.0000   -0.0243    0.2320   -0.0000
    9 H2     2py        0.3154   -0.0243   -0.2407   -0.0000   -0.0048    0.0475    0.0000    0.2320    0.0243   -0.0000
   10 H2     2pz       -0.0000   -0.0000   -0.0000    0.0837   -0.0000    0.0000   -0.0404    0.0000   -0.0000   -0.0797
   11 H3     1s         0.0000    0.0000    0.0000    0.2979    0.0001   -0.0000    1.9166    0.0000   -0.0000    3.7806
   12 H3     2s         0.0000    0.0000    0.0000    0.1999    0.0000   -0.0000    1.9578    0.0000   -0.0000    3.6907
   13 H3     2px       -0.0156    0.1417   -0.0143    0.0000    0.4132    0.0417    0.0000   -0.0456    0.4348   -0.0000
   14 H3     2py        0.1566    0.0143    0.1417    0.0000    0.0417   -0.4132    0.0000    0.4348    0.0456   -0.0000
   15 H3     2pz       -0.0000    0.0000    0.0000   -0.3037    0.0000   -0.0000   -0.3447   -0.0000    0.0000   -0.2008
   16 H4     1s        -0.0000   -0.0000   -0.0000    0.7876   -0.0001    0.0000    1.2742    0.0000   -0.0000   -1.0499
   17 H4     2s        -0.0000   -0.0000   -0.0000    1.1102   -0.0001    0.0000    1.4514    0.0000   -0.0000   -1.1193
   18 H4     2px        0.0105    0.3705   -0.0374    0.0000    0.2082    0.0210   -0.0000    0.0324   -0.3096    0.0000
   19 H4     2py       -0.1052    0.0374    0.3705    0.0000    0.0210   -0.2082   -0.0000   -0.3096   -0.0324    0.0000
   20 H4     2pz       -0.0000    0.0000    0.0000   -0.0822    0.0000   -0.0000    0.2675    0.0000   -0.0000    0.3740
   21 H5     1s         0.0000    0.0000    0.0000    0.9008    0.0000   -0.0000   -1.3419   -0.0000    0.0000   -2.5069
   22 H5     2s         0.0000    0.0000    0.0000    1.0981    0.0000   -0.0000   -1.5000   -0.0000    0.0000   -2.3318
   23 H5     2px        0.0299    0.1939   -0.0196   -0.0000   -0.3353   -0.0338   -0.0000    0.0397   -0.3793   -0.0000
   24 H5     2py       -0.2996    0.0196    0.1939   -0.0000   -0.0338    0.3353   -0.0000   -0.3793   -0.0397   -0.0000
   25 H5     2pz        0.0000    0.0000    0.0000    0.1957   -0.0000    0.0000    0.1649    0.0000   -0.0000   -0.2100
   26 H6     1s        -0.0000    0.0000    0.0000   -0.9008   -0.0000    0.0000   -1.3419   -0.0000    0.0000    2.5069
   27 H6     2s        -0.0000    0.0000    0.0000   -1.0981   -0.0000    0.0000   -1.5000   -0.0000    0.0000    2.3318
   28 H6     2px        0.0299   -0.1939    0.0196   -0.0000   -0.3353   -0.0338    0.0000   -0.0397    0.3793   -0.0000
   29 H6     2py       -0.2996   -0.0196   -0.1939   -0.0000   -0.0338    0.3353    0.0000    0.3793    0.0397   -0.0000
   30 H6     2pz        0.0000   -0.0000   -0.0000    0.1957   -0.0000    0.0000   -0.1649   -0.0000    0.0000   -0.2100
   31 H7     1s         0.0000   -0.0000   -0.0000   -0.7876    0.0001   -0.0000    1.2742    0.0000   -0.0000    1.0499
   32 H7     2s         0.0000   -0.0000   -0.0000   -1.1102    0.0001   -0.0000    1.4514    0.0000   -0.0000    1.1193
   33 H7     2px        0.0105   -0.3705    0.0374    0.0000    0.2082    0.0210    0.0000   -0.0324    0.3096    0.0000
   34 H7     2py       -0.1052   -0.0374   -0.3705    0.0000    0.0210   -0.2082    0.0000    0.3096    0.0324    0.0000
   35 H7     2pz       -0.0000   -0.0000   -0.0000   -0.0822    0.0000   -0.0000   -0.2675   -0.0000    0.0000    0.3740
   36 H8     1s        -0.0000    0.0000    0.0000   -0.2979   -0.0001    0.0000    1.9166    0.0000   -0.0000   -3.7806
   37 H8     2s        -0.0000    0.0000    0.0000   -0.1999   -0.0000    0.0000    1.9578    0.0000   -0.0000   -3.6907
   38 H8     2px       -0.0156   -0.1417    0.0143    0.0000    0.4132    0.0417   -0.0000    0.0456   -0.4348   -0.0000
   39 H8     2py        0.1566   -0.0143   -0.1417    0.0000    0.0417   -0.4132   -0.0000   -0.4348   -0.0456   -0.0000
   40 H8     2pz       -0.0000   -0.0000   -0.0000   -0.3037    0.0000   -0.0000    0.3447    0.0000   -0.0000   -0.2008
   41 H9     1s         0.0000   -0.0000   -0.0000    2.2700    0.0000   -0.0000   -3.0669   -0.0000    0.0000    2.8150
   42 H9     2s         0.0000   -0.0000   -0.0000    2.4542   -0.0000    0.0000   -3.0325   -0.0000    0.0000    2.6629
   43 H9     2px       -0.0315    0.2407   -0.0243   -0.0000   -0.0475   -0.0048   -0.0000    0.0243   -0.2320   -0.0000
   44 H9     2py        0.3154    0.0243    0.2407   -0.0000   -0.0048    0.0475   -0.0000   -0.2320   -0.0243   -0.0000
   45 H9     2pz       -0.0000    0.0000    0.0000    0.0837   -0.0000    0.0000    0.0404   -0.0000    0.0000   -0.0797
   46 H10    1s        -0.0000    0.0000    0.0000   -1.5117    0.0000   -0.0000    1.3999    0.0000   -0.0000   -0.8469
   47 H10    2s        -0.0000   -0.0000   -0.0000   -1.3410    0.0000   -0.0000    1.0755    0.0000   -0.0000   -0.5384
   48 H10    2px       -0.0287    0.3768   -0.0380   -0.0000   -0.4468   -0.0451    0.0000   -0.0515    0.4917    0.0000
   49 H10    2py        0.2873    0.0380    0.3768   -0.0000   -0.0451    0.4468    0.0000    0.4917    0.0515    0.0000
   50 H10    2pz       -0.0000    0.0000    0.0000    0.1102   -0.0000    0.0000    0.0200   -0.0000    0.0000   -0.2910
 
 
      Orbital               31        32        33        34        35        36        37        38        39        40
      Energy            1.5704    1.5816    1.5816    1.7584    1.8935    1.9277    1.9277    2.1567    2.2974    2.2974
      Occ. No.          0.0000    0.0000    0.0000    0.0000    0.0000    0.0000    0.0000    0.0000    0.0000    0.0000
 
    1 H1     1s        -0.6645   -0.0000   -0.0000    1.4514    0.5947   -0.0000    0.0000   -1.9180    0.0000    0.0000
    2 H1     2s        -0.7341   -0.0000   -0.0000    1.2727    0.4757   -0.0000    0.0000   -1.4001    0.0000    0.0000
    3 H1     2px        0.0000    0.5025   -0.0506    0.0000    0.0000    0.0469   -0.4645    0.0000    0.3675   -0.0371
    4 H1     2py        0.0000    0.0506    0.5025    0.0000    0.0000   -0.4645   -0.0469    0.0000    0.0371    0.3675
    5 H1     2pz       -0.5735    0.0000    0.0000    0.7258   -0.2022    0.0000   -0.0000   -0.8101    0.0000    0.0000
    6 H2     1s         0.8903    0.0000    0.0000   -3.2577   -2.5324    0.0000   -0.0001    5.0610   -0.0000   -0.0000
    7 H2     2s         0.8440    0.0000    0.0000   -2.7441   -2.4475    0.0000   -0.0001    3.7618   -0.0000   -0.0000
    8 H2     2px       -0.0000   -0.5214    0.0525   -0.0000   -0.0000   -0.0726    0.7191   -0.0000   -0.7178    0.0725
    9 H2     2py       -0.0000   -0.0525   -0.5214   -0.0000   -0.0000    0.7191    0.0726   -0.0000   -0.0725   -0.7178
   10 H2     2pz        0.1675    0.0000    0.0000   -0.3019   -0.2226    0.0000   -0.0000    0.2839   -0.0000   -0.0000
   11 H3     1s         0.6105   -0.0000   -0.0000    2.5356    4.9114   -0.0000    0.0001   -6.4073    0.0000    0.0000
   12 H3     2s         0.5199   -0.0000   -0.0000    2.1306    4.6150   -0.0000    0.0001   -5.0010    0.0000    0.0000
   13 H3     2px       -0.0000   -0.1017    0.0103    0.0000    0.0000    0.0450   -0.4451    0.0000    0.8267   -0.0834
   14 H3     2py       -0.0000   -0.0103   -0.1017    0.0000    0.0000   -0.4451   -0.0450    0.0000    0.0834    0.8267
   15 H3     2pz       -0.1897    0.0000    0.0000    0.1572    0.2247   -0.0000    0.0000   -0.0166    0.0000    0.0000
   16 H4     1s        -1.6785   -0.0000   -0.0000    0.0695   -4.9464    0.0000   -0.0001    5.3568   -0.0000   -0.0000
   17 H4     2s        -1.6158   -0.0000   -0.0000    0.3835   -4.6247    0.0000   -0.0001    4.1682   -0.0000   -0.0000
   18 H4     2px       -0.0000    0.5944   -0.0599    0.0000    0.0000    0.0163   -0.1615    0.0000   -0.6484    0.0654
   19 H4     2py       -0.0000    0.0599    0.5944    0.0000    0.0000   -0.1615   -0.0163    0.0000   -0.0654   -0.6484
   20 H4     2pz        0.2552   -0.0000   -0.0000    0.0517   -0.1621    0.0000   -0.0000   -0.4191   -0.0000   -0.0000
   21 H5     1s         0.9257    0.0001    0.0000   -2.4377    2.0811   -0.0000    0.0001   -2.0551    0.0000    0.0000
   22 H5     2s         0.8815    0.0001    0.0000   -2.5631    1.9317   -0.0000    0.0001   -1.6157    0.0000    0.0000
   23 H5     2px       -0.0000   -0.3402    0.0343   -0.0000   -0.0000   -0.0654    0.6470   -0.0000    0.2444   -0.0247
   24 H5     2py       -0.0000   -0.0343   -0.3402   -0.0000   -0.0000    0.6470    0.0654   -0.0000    0.0247    0.2444
   25 H5     2pz       -0.4135    0.0000    0.0000   -0.0350    0.0611   -0.0000    0.0000    0.6427    0.0000    0.0000
   26 H6     1s         0.9257   -0.0001   -0.0000    2.4377    2.0811   -0.0000    0.0001   -2.0551   -0.0000   -0.0000
   27 H6     2s         0.8815   -0.0001   -0.0000    2.5631    1.9317   -0.0000    0.0001   -1.6157   -0.0000   -0.0000
   28 H6     2px        0.0000   -0.3402    0.0343   -0.0000    0.0000    0.0654   -0.6470    0.0000    0.2444   -0.0247
   29 H6     2py        0.0000   -0.0343   -0.3402   -0.0000    0.0000   -0.6470   -0.0654    0.0000    0.0247    0.2444
   30 H6     2pz        0.4135    0.0000    0.0000   -0.0350   -0.0611    0.0000   -0.0000   -0.6427    0.0000    0.0000
   31 H7     1s        -1.6785    0.0000    0.0000   -0.0695   -4.9464    0.0000   -0.0001    5.3568    0.0000    0.0000
   32 H7     2s        -1.6158    0.0000    0.0000   -0.3835   -4.6247    0.0000   -0.0001    4.1682    0.0000    0.0000
   33 H7     2px        0.0000    0.5944   -0.0599    0.0000   -0.0000   -0.0163    0.1615   -0.0000   -0.6484    0.0654
   34 H7     2py        0.0000    0.0599    0.5944    0.0000   -0.0000    0.1615    0.0163   -0.0000   -0.0654   -0.6484
   35 H7     2pz       -0.2552   -0.0000   -0.0000    0.0517    0.1621   -0.0000    0.0000    0.4191   -0.0000   -0.0000
   36 H8     1s         0.6105    0.0000    0.0000   -2.5356    4.9114   -0.0000    0.0001   -6.4073   -0.0000   -0.0000
   37 H8     2s         0.5200    0.0000    0.0000   -2.1306    4.6150   -0.0000    0.0001   -5.0010   -0.0000   -0.0000
   38 H8     2px        0.0000   -0.1017    0.0103    0.0000   -0.0000   -0.0450    0.4451   -0.0000    0.8267   -0.0834
   39 H8     2py        0.0000   -0.0103   -0.1017    0.0000   -0.0000    0.4451    0.0450   -0.0000    0.0834    0.8267
   40 H8     2pz        0.1897    0.0000    0.0000    0.1572   -0.2247    0.0000   -0.0000    0.0166    0.0000    0.0000
   41 H9     1s         0.8903   -0.0000   -0.0000    3.2577   -2.5324    0.0000   -0.0001    5.0610    0.0000    0.0000
   42 H9     2s         0.8440   -0.0000   -0.0000    2.7441   -2.4475    0.0000   -0.0001    3.7619    0.0000    0.0000
   43 H9     2px        0.0000   -0.5214    0.0525   -0.0000    0.0000    0.0726   -0.7191    0.0000   -0.7178    0.0725
   44 H9     2py        0.0000   -0.0525   -0.5214   -0.0000    0.0000   -0.7191   -0.0726    0.0000   -0.0725   -0.7178
   45 H9     2pz       -0.1675    0.0000    0.0000   -0.3019    0.2226   -0.0000    0.0000   -0.2839   -0.0000   -0.0000
   46 H10    1s        -0.6645    0.0000    0.0000   -1.4514    0.5947   -0.0000    0.0000   -1.9180   -0.0000   -0.0000
   47 H10    2s        -0.7341    0.0000    0.0000   -1.2727    0.4757   -0.0000    0.0000   -1.4001   -0.0000   -0.0000
   48 H10    2px       -0.0000    0.5025   -0.0506    0.0000   -0.0000   -0.0469    0.4645   -0.0000    0.3675   -0.0371
   49 H10    2py       -0.0000    0.0506    0.5025    0.0000   -0.0000    0.4645    0.0469   -0.0000    0.0371    0.3675
   50 H10    2pz        0.5735    0.0000    0.0000    0.7258    0.2022   -0.0000    0.0000    0.8101    0.0000    0.0000
 
 
      Orbital               41        42        43        44        45        46        47        48        49        50
      Energy            2.4507    2.5062    2.6089    2.6089    2.9026    3.3679    3.8751    4.4301    5.0826    5.8635
      Occ. No.          0.0000    0.0000    0.0000    0.0000    0.0000    0.0000    0.0000    0.0000    0.0000    0.0000
 
    1 H1     1s        -0.2247    1.9199    0.0000   -0.0000   -1.4247   -1.3869    1.2450    1.0388   -0.8478    0.5664
    2 H1     2s         0.0179    1.2554    0.0000   -0.0000   -0.6252   -0.4698    0.2957    0.1374   -0.0543    0.0387
    3 H1     2px       -0.0000   -0.0000   -0.2066    0.0209    0.0000    0.0000   -0.0000   -0.0000    0.0000   -0.0000
    4 H1     2py       -0.0000   -0.0000   -0.0209   -0.2066    0.0000    0.0000   -0.0000   -0.0000    0.0000   -0.0000
    5 H1     2pz       -0.4198    0.7502    0.0000   -0.0000   -0.7801   -0.7289    0.6452    0.5359   -0.4248    0.2723
    6 H2     1s        -0.7704   -5.1490   -0.0000    0.0000    2.0822    1.2036   -0.1579    0.5903   -0.8813    0.6557
    7 H2     2s        -1.1541   -3.6393   -0.0000    0.0000    0.9354    0.4931   -0.0775    0.1017   -0.0608   -0.0211
    8 H2     2px        0.0000    0.0000    0.4572   -0.0463   -0.0000   -0.0000   -0.0000   -0.0000    0.0000    0.0000
    9 H2     2py        0.0000    0.0000    0.0463    0.4572   -0.0000   -0.0000   -0.0000   -0.0000    0.0000    0.0000
   10 H2     2pz       -0.3577   -0.1213    0.0000   -0.0000   -0.6077   -1.0314    1.3722    1.5118   -1.4213    0.9603
   11 H3     1s         4.0426    7.2144   -0.0000    0.0000    0.0707    1.2889   -1.6610   -0.8324   -0.2483    0.6672
   12 H3     2s         3.5751    5.6929    0.0000   -0.0000   -0.2220    0.1207   -0.2512   -0.0224   -0.1029    0.0929
   13 H3     2px       -0.0000   -0.0000   -0.6716    0.0680    0.0000    0.0000    0.0000    0.0000   -0.0000    0.0000
   14 H3     2py       -0.0000   -0.0000   -0.0680   -0.6716    0.0000    0.0000    0.0000    0.0000   -0.0000    0.0000
   15 H3     2pz        0.6211   -0.1439   -0.0000    0.0000    0.7746    0.4765    0.3399    1.3490   -2.0060    1.6412
   16 H4     1s        -7.5977   -8.1765    0.0000   -0.0000   -1.6548   -0.7383   -0.9367   -1.7853    0.7486    0.3190
   17 H4     2s        -6.1188   -6.8774    0.0000   -0.0000   -0.4726   -0.0283   -0.2612   -0.3347    0.0883   -0.0430
   18 H4     2px       -0.0000   -0.0000    0.8261   -0.0836    0.0000    0.0000   -0.0000    0.0000   -0.0000    0.0000
   19 H4     2py       -0.0000   -0.0000    0.0836    0.8261    0.0000    0.0000   -0.0000    0.0000   -0.0000    0.0000
   20 H4     2pz       -0.6444    0.3288   -0.0000    0.0000   -0.1654    0.8069   -1.1162   -0.0605   -1.7325    2.1471
   21 H5     1s         9.9118    8.3493   -0.0000    0.0000    0.9974   -1.7640    1.4601   -0.7298    1.2710    0.1737
   22 H5     2s         7.6804    7.3840   -0.0000    0.0000    0.3095   -0.6982    0.3533   -0.0510    0.0875    0.0434
   23 H5     2px       -0.0000   -0.0000   -0.9069    0.0918   -0.0000   -0.0000    0.0000   -0.0000   -0.0000    0.0000
   24 H5     2py       -0.0000   -0.0000   -0.0918   -0.9069   -0.0000   -0.0000    0.0000   -0.0000   -0.0000    0.0000
   25 H5     2pz        0.2606   -0.1523    0.0000   -0.0000   -0.6802   -0.6735   -0.7955   -1.4156   -0.6757    2.4094
   26 H6     1s        -9.9118   -8.3493   -0.0000    0.0000    0.9974    1.7640    1.4601    0.7298    1.2710   -0.1737
   27 H6     2s        -7.6804   -7.3840   -0.0000    0.0000    0.3095    0.6982    0.3533    0.0510    0.0875   -0.0434
   28 H6     2px       -0.0000   -0.0000    0.9069   -0.0918    0.0000   -0.0000   -0.0000   -0.0000    0.0000    0.0000
   29 H6     2py       -0.0000   -0.0000    0.0918    0.9069    0.0000   -0.0000   -0.0000   -0.0000    0.0000    0.0000
   30 H6     2pz        0.2606   -0.1523   -0.0000    0.0000    0.6802   -0.6735    0.7955   -1.4156    0.6757    2.4094
   31 H7     1s         7.5976    8.1765    0.0000   -0.0000   -1.6548    0.7383   -0.9367    1.7853    0.7486   -0.3190
   32 H7     2s         6.1188    6.8774    0.0000   -0.0000   -0.4726    0.0283   -0.2612    0.3347    0.0883    0.0430
   33 H7     2px       -0.0000   -0.0000   -0.8261    0.0836   -0.0000    0.0000    0.0000    0.0000    0.0000    0.0000
   34 H7     2py       -0.0000   -0.0000   -0.0836   -0.8261   -0.0000    0.0000    0.0000    0.0000    0.0000    0.0000
   35 H7     2pz       -0.6444    0.3288    0.0000   -0.0000    0.1654    0.8069    1.1162   -0.0605    1.7325    2.1471
   36 H8     1s        -4.0425   -7.2144   -0.0000    0.0000    0.0706   -1.2889   -1.6610    0.8324   -0.2483   -0.6672
   37 H8     2s        -3.5751   -5.6929    0.0000    0.0000   -0.2220   -0.1207   -0.2512    0.0224   -0.1029   -0.0929
   38 H8     2px       -0.0000   -0.0000    0.6716   -0.0680   -0.0000    0.0000   -0.0000    0.0000    0.0000    0.0000
   39 H8     2py       -0.0000   -0.0000    0.0680    0.6716   -0.0000    0.0000   -0.0000    0.0000    0.0000    0.0000
   40 H8     2pz        0.6211   -0.1439    0.0000   -0.0000   -0.7746    0.4765   -0.3399    1.3490    2.0060    1.6412
   41 H9     1s         0.7704    5.1490   -0.0000    0.0000    2.0822   -1.2036   -0.1579   -0.5903   -0.8813   -0.6557
   42 H9     2s         1.1541    3.6393   -0.0000    0.0000    0.9354   -0.4931   -0.0775   -0.1017   -0.0608    0.0211
   43 H9     2px        0.0000    0.0000   -0.4572    0.0463    0.0000   -0.0000    0.0000   -0.0000   -0.0000    0.0000
   44 H9     2py        0.0000    0.0000   -0.0463   -0.4572    0.0000   -0.0000    0.0000   -0.0000   -0.0000    0.0000
   45 H9     2pz       -0.3577   -0.1213   -0.0000    0.0000    0.6077   -1.0314   -1.3722    1.5118    1.4213    0.9603
   46 H10    1s         0.2247   -1.9199    0.0000   -0.0000   -1.4247    1.3869    1.2450   -1.0388   -0.8478   -0.5664
   47 H10    2s        -0.0179   -1.2554    0.0000   -0.0000   -0.6252    0.4698    0.2957   -0.1374   -0.0543   -0.0387
   48 H10    2px       -0.0000   -0.0000    0.2066   -0.0209   -0.0000    0.0000    0.0000   -0.0000   -0.0000   -0.0000
   49 H10    2py       -0.0000   -0.0000    0.0209    0.2066   -0.0000    0.0000    0.0000   -0.0000   -0.0000   -0.0000
   50 H10    2pz       -0.4198    0.7502   -0.0000    0.0000    0.7801   -0.7289   -0.6452    0.5359    0.4248    0.2723
--
 
      Von Neumann Entropy (Root  1) =  0.87758
 

      Mulliken population analysis for root number:  1
      -----------------------------------------------
 
 
++    Molecular charges:
      ------------------
 
      Mulliken charges per centre and basis function type
      ---------------------------------------------------
 
                H1      H2      H3      H4      H5      H6      H7      H8      H9      H10   
      1s       1.0312  0.9486  1.0188  0.9746  0.9941  0.9941  0.9746  1.0188  0.9486  1.0312
      2s       0.0003 -0.0246 -0.0686 -0.0411 -0.0427 -0.0427 -0.0411 -0.0686 -0.0246  0.0003
      2px      0.0000  0.0000  0.0000  0.0000  0.0000  0.0000  0.0000  0.0000  0.0000  0.0000
      2pz      0.0180  0.0493  0.0482  0.0471  0.0469  0.0469  0.0471  0.0482  0.0493  0.0180
      2py      0.0000  0.0000  0.0000  0.0000  0.0000  0.0000  0.0000  0.0000  0.0000  0.0000
      Total    1.0496  0.9733  0.9983  0.9806  0.9983  0.9983  0.9806  0.9983  0.9733  1.0496
 
      N-E     -0.0496  0.0267  0.0017  0.0194  0.0017  0.0017  0.0194  0.0017  0.0267 -0.0496
 
      Total electronic charge=   10.000000
 
      Total            charge=   -0.000000
--
 
 

      Expectation values of various properties for root number:  1
      -----------------------------------------------------------
 
 
++    Molecular properties:
      ---------------------
 
      Charge (e):
                      =   -0.0000
      Dipole Moment (Debye):
      Origin of the operator (Ang)=    0.0000    0.0000    0.0000
                   X=  6.4546E-10               Y=  6.5555E-11               Z= -9.1673E-07           Total=  9.1673E-07
      Quadrupole Moment (Debye*Ang):
      Origin of the operator (Ang)=    0.0000    0.0000    4.4455
                  XX= -1.0786E+01              XY= -8.0485E-12              XZ=  3.3377E-06              YY= -1.0786E+01
                  YZ=  3.3707E-07              ZZ= -1.3874E+01
      In traceless form (Debye*Ang)
                  XX=  1.5442E+00              XY= -1.2073E-11              XZ=  5.0065E-06              YY=  1.5442E+00
                  YZ=  5.0560E-07              ZZ= -3.0884E+00
--
 

      LoProp population analysis for root number:  1
      -----------------------------------------------
 
 
++    LoProp analysis:
      ----------------
 
 
 
  Input file to MOLDEN was generated!
 
 
++    Static properties:
      ------------------
 
 
      LoProp Charges per center
 

                   H1       H2       H3       H4       H5       H6       H7       H8       H9       H10   
      Nuclear      1.0000   1.0000   1.0000   1.0000   1.0000   1.0000   1.0000   1.0000   1.0000   1.0000
      Electronic  -1.0326  -0.9846  -0.9964  -0.9909  -0.9955  -0.9955  -0.9909  -0.9964  -0.9846  -1.0326
 
      Total       -0.0326   0.0154   0.0036   0.0091   0.0045   0.0045   0.0091   0.0036   0.0154  -0.0326
--
 
 
      Natural Bond Order analysis for root number:  1
 
++    Natural Bond Order analysis
      ---------------------------
      Based on LoProp computed density
      -------------------------------------------------------------------------------------
      Atom A       Atom B       Bond Order | Atom A       Atom B       Bond Order
        H1           H2             0.947  |   H5           H6             0.897
        H3           H4             0.906  |   H7           H8             0.906
        H9           H10            0.947  |
      -------------------------------------------------------------------------------------
      NBO located      9.204 electrons involved in    5 bonds.
      The remaining    0.796 electrons are to be considered as diffuse
--
 
--
 
 
  Input file to MOLDEN was generated!
 
      Average orbitals are written to the RASORB file
      Natural orbitals for root   1 are written to the RASORB.1 file
      Spin density orbitals for root   1 are written to the SPDORB.1 file
 
forrtl: warning (525): IEEE_DIVIDE_BY_ZERO is signaling
forrtl: warning (526): IEEE_INVALID is signaling
forrtl: warning (528): IEEE_UNDERFLOW is signaling
--- Stop Module: rasscf at Sun Oct 26 13:59:58 2025 /rc=_RC_ALL_IS_WELL_ ---
*** files: H10_0.99.LprOrb H10_0.99.rasscf.molden H10_0.99.LoProp.molden H10_0.99.RasOrb.1 H10_0.99.RasOrb H10_0.99.rasscf.h5 H10_0.99.SpdOrb.1 xmldump
    saved to directory /home/grierjones/DDCASPT2/hydrogen_comps/rerun/H10_chain/H10_0.99
--- Module rasscf spent 12 seconds ---

>>> COPY /tmp/H10_0.99/H10_0.99.rasscf.h5 /home/grierjones/DDCASPT2/hydrogen_comps/rerun/H10_chain/H10_0.99/

>>> COPY /tmp/H10_0.99/GMJ_Fock_MO.csv /home/grierjones/DDCASPT2/hydrogen_comps/rerun/H10_chain/H10_0.99/H10_0.99.GMJ_Fock_MO.csv

*** symbolic link created: INPORB -> H10_0.99.RasOrb
--- Start Module: motra at Sun Oct 26 13:59:58 2025 ---
 
()()()()()()()()()()()()()()()()()()()()()()()()()()()()()()()()()()()()()()()()()()()()()()()()()()

                                               &MOTRA

                                   only a single process is used
                       available to each process: 2.0 GB of memory, 1 thread?
()()()()()()()()()()()()()()()()()()()()()()()()()()()()()()()()()()()()()()()()()()()()()()()()()()
 
 
      *** WARNING: Default frozen orbitals is overwritten by user input.
      *** Default values:   0
 
      Header of the integral files:
      
       Integrals generated by seward 4.2.0  , Sun Oct 26 13:59:43 2025
 
 
      Header of MO coefficients source file:
      * RASSCF average (pseudo-natural) orbitals                                      
 
 
      Cartesian coordinates in Angstrom:
      -----------------------------------------------------
      No.  Label        X            Y            Z        
      -----------------------------------------------------
       1   H1         0.00000000   0.00000000   0.00000000
       2   H2         0.00000000   0.00000000   0.98787900
       3   H3         0.00000000   0.00000000   1.97575800
       4   H4         0.00000000   0.00000000   2.96363600
       5   H5         0.00000000   0.00000000   3.95151500
       6   H6         0.00000000   0.00000000   4.93939400
       7   H7         0.00000000   0.00000000   5.92727300
       8   H8         0.00000000   0.00000000   6.91515200
       9   H9         0.00000000   0.00000000   7.90303000
      10   H10        0.00000000   0.00000000   8.89090900
      -----------------------------------------------------
      Nuclear repulsion energy =   10.33290793
 
      Orbital specifications:
      -----------------------
 
      Symmetry species:              1
      Number of basis functions:    50
      Frozen orbitals:               0
      Deleted orbitals:              0
      Number of orbitals used:      50

       SYMMETRY  BASIS FUNCTIONS       ORBITALS      INTEGRALS   CPU(SEC)  I/O(SEC)
        1 1 1 1   50  50  50  50    50  50  50  50      813450       0.00      0.00

       TOTAL CPU TIME(SEC)    0.49TOTAL I/O TIME(SEC)    1.17
 
--- Stop Module: motra at Sun Oct 26 13:59:59 2025 /rc=_RC_ALL_IS_WELL_ ---
*** files: xmldump
    saved to directory /home/grierjones/DDCASPT2/hydrogen_comps/rerun/H10_chain/H10_0.99
--- Module motra spent 1 second ---

>>> COPY /tmp/H10_0.99/GMJ_one_int_indx.csv /home/grierjones/DDCASPT2/hydrogen_comps/rerun/H10_chain/H10_0.99/H10_0.99.GMJ_one_int_indx.csv

>>> COPY /tmp/H10_0.99/GMJ_one_int.csv /home/grierjones/DDCASPT2/hydrogen_comps/rerun/H10_chain/H10_0.99/H10_0.99.GMJ_one_int.csv

>>> COPY /tmp/H10_0.99/GMJ_two_int_indx.csv /home/grierjones/DDCASPT2/hydrogen_comps/rerun/H10_chain/H10_0.99/H10_0.99.GMJ_two_int_indx.csv

>>> COPY /tmp/H10_0.99/GMJ_two_int.csv /home/grierjones/DDCASPT2/hydrogen_comps/rerun/H10_chain/H10_0.99/H10_0.99.GMJ_two_int.csv

*** symbolic link created: INPORB -> H10_0.99.RasOrb
--- Start Module: caspt2 at Sun Oct 26 13:59:59 2025 ---
 
()()()()()()()()()()()()()()()()()()()()()()()()()()()()()()()()()()()()()()()()()()()()()()()()()()

                                              &CASPT2

                                   only a single process is used
                       available to each process: 2.0 GB of memory, 1 thread?
()()()()()()()()()()()()()()()()()()()()()()()()()()()()()()()()()()()()()()()()()()()()()()()()()()
 
 Cholesky algorithm in CASPT2 =    1
 
 ###############################################################################
 ###############################################################################
 ###                                                                         ###
 ###                                                                         ###
 ###    User changed nr of frozen orbitals.                                  ###
 ###                                                                         ###
 ###                                                                         ###
 ###############################################################################
 ###############################################################################
 
++    Wave function specifications:
      -----------------------------
 
      Number of closed shell electrons           0
      Number of electrons in active shells      10
      Max number of holes in RAS1 space          0
      Max number of electrons in RAS3 space      0
      Number of inactive orbitals                0
      Number of active orbitals                 10
      Number of secondary orbitals              40
      Spin quantum number                      0.0
      State symmetry                             1
      Number of CSFs                         19404
      Number of root(s) available                1
      Root passed to geometry opt.               1
      A file JOBMIX will be created.
      This is a CASSCF or RASSCF reference function
--
 
++    Orbital specifications:
      -----------------------
 
      Symmetry species                           1
                                                 a
      Frozen orbitals                            0
      Inactive orbitals                          0
      Active orbitals                           10
      Secondary orbitals                        40
      Deleted orbitals                           0
      Number of basis functions                 50
--
 
      Type of Fock operator: STANDARD
      Type of 0-order Hamiltonian: STANDARD WITH DEFAULT IPEA
        "IP-EA" denominator shift =      0.25
      The input orbitals and the CI vector will be transformed.
 
--------------------------------------------------------------------------------
 Estimated memory requirements:
  POLY3 :                  3551880
  RHS:                      835500
  SIGMA :                   430400
  PRPCTL:                        0
 Available workspace:    230354915
 
++ CASPT2 computation for group   1
 
********************************************************************************
 Multi-State initialization phase begins for group   1
--------------------------------------------------------------------------------
********************************************************************************
 Compute H0 matrices for state    1
--------------------------------------------------------------------------------
--------------------------------------------------------------------------------
 H0 matrices have been computed.
 
********************************************************************************
  CASPT2 EQUATION SOLUTION
--------------------------------------------------------------------------------
 
  Total nr of CASPT2 parameters:
   Before reduction:      120200
   After  reduction:      119800
 
 The contributions to the second order correlation energy in atomic units.
-----------------------------------------------------------------------------------------------------------------------------
  IT.      VJTU        VJTI        ATVX        AIVX        VJAI        BVAT        BJAT        BJAI        TOTAL       RNORM  
-----------------------------------------------------------------------------------------------------------------------------
   1     0.000000    0.000000   -0.022233    0.000000    0.000000   -0.056744    0.000000    0.000000   -0.078977    0.003770
   2     0.000000    0.000000   -0.022470    0.000000    0.000000   -0.056798    0.000000    0.000000   -0.079269    0.000460
   3     0.000000    0.000000   -0.022476    0.000000    0.000000   -0.056801    0.000000    0.000000   -0.079276    0.000073
   4     0.000000    0.000000   -0.022472    0.000000    0.000000   -0.056801    0.000000    0.000000   -0.079273    0.000009
   5     0.000000    0.000000   -0.022472    0.000000    0.000000   -0.056801    0.000000    0.000000   -0.079273    0.000001
-------------------------------------------------------------------------------------------------------------------
 
  FINAL CASPT2 RESULT:
 
  Correlation energy /Case, /Symm, and sums:
 VJTU      0.00000000  0.00000000
 VJTIP     0.00000000  0.00000000
 VJTIM     0.00000000  0.00000000
 ATVX     -0.02247158 -0.02247158
 AIVX      0.00000000  0.00000000
 VJAIP     0.00000000  0.00000000
 VJAIM     0.00000000  0.00000000
 BVATP    -0.05257708 -0.05257708
 BVATM    -0.00422416 -0.00422416
 BJATP     0.00000000  0.00000000
 BJATM     0.00000000  0.00000000
 BJAIP     0.00000000  0.00000000
 BJAIM     0.00000000  0.00000000
 Summed:  -0.07927281 -0.07927281
 
      Reference energy:          -5.5204989479
      E2 (Non-variational):      -0.0792728125
      E2 (Variational):          -0.0792728131
      Total energy:              -5.5997717609
      Residual norm:              0.0000001631
      Reference weight:           0.97149
 
      Contributions to the CASPT2 correlation energy
      Active & Virtual Only:         -0.0792728125
      One Inactive Excited:           0.0000000000
      Two Inactive Excited:           0.0000000000
 
 
++ Denominators, etc.
----------------------------------------------------------------------------------------------------
 Report on small energy denominators, large coefficients, and large energy contributions.
CASE  SYMM ACTIVE-MIX  NON-ACTIVE INDICES          DENOMINATOR     RHS VALUE       COEFFICIENT     CONTRIBUTION
--
 
   (Skipping property calculation,
    use PROP keyword to activate)
--
 
  Total CASPT2 energies:
::    CASPT2 Root  1     Total energy:     -5.59977176
 
  A NEW JOBIPH FILE NAMED 'JOBMIX' IS PREPARED.
********************************************************************************
forrtl: warning (528): IEEE_UNDERFLOW is signaling
--- Stop Module: caspt2 at Sun Oct 26 14:00:05 2025 /rc=_RC_ALL_IS_WELL_ ---
*** files: xmldump
    saved to directory /home/grierjones/DDCASPT2/hydrogen_comps/rerun/H10_chain/H10_0.99
--- Module caspt2 spent 6 seconds ---

>>> EXPORT i = B

>>> EXPORT j = P

>>> IF (-FILE GMJ_e2_${i}_${j}_1_.csv)
(Skipped)

>>> END FOREACH

>>> EXPORT j = M

>>> IF (-FILE GMJ_e2_${i}_${j}_1_.csv)
(Skipped)

>>> END FOREACH

>>> END FOREACH

>>> EXPORT i = E

>>> EXPORT j = P

>>> IF (-FILE GMJ_e2_${i}_${j}_1_.csv)
(Skipped)

>>> END FOREACH

>>> EXPORT j = M

>>> IF (-FILE GMJ_e2_${i}_${j}_1_.csv)
(Skipped)

>>> END FOREACH

>>> END FOREACH

>>> EXPORT i = F

>>> EXPORT j = P

>>> IF (-FILE GMJ_e2_${i}_${j}_1_.csv)

>>> COPY /tmp/H10_0.99/GMJ_RHS_F_P_1_.csv /home/grierjones/DDCASPT2/hydrogen_comps/rerun/H10_chain/H10_0.99/GMJ_RHS_F_P_1_.csv

>>> COPY /tmp/H10_0.99/GMJ_IVECW_F_P_1_.csv /home/grierjones/DDCASPT2/hydrogen_comps/rerun/H10_chain/H10_0.99/GMJ_IVECW_F_P_1_.csv

>>> COPY /tmp/H10_0.99/GMJ_IVECX_F_P_1_.csv /home/grierjones/DDCASPT2/hydrogen_comps/rerun/H10_chain/H10_0.99/GMJ_IVECX_F_P_1_.csv

>>> COPY /tmp/H10_0.99/GMJ_IVECC2_F_P_1_.csv /home/grierjones/DDCASPT2/hydrogen_comps/rerun/H10_chain/H10_0.99/GMJ_IVECC2_F_P_1_.csv

>>> COPY /tmp/H10_0.99/GMJ_e2_F_P_1_.csv /home/grierjones/DDCASPT2/hydrogen_comps/rerun/H10_chain/H10_0.99/GMJ_e2_F_P_1_.csv

>>> END FOREACH

>>> EXPORT j = M

>>> IF (-FILE GMJ_e2_${i}_${j}_1_.csv)

>>> COPY /tmp/H10_0.99/GMJ_RHS_F_M_1_.csv /home/grierjones/DDCASPT2/hydrogen_comps/rerun/H10_chain/H10_0.99/GMJ_RHS_F_M_1_.csv

>>> COPY /tmp/H10_0.99/GMJ_IVECW_F_M_1_.csv /home/grierjones/DDCASPT2/hydrogen_comps/rerun/H10_chain/H10_0.99/GMJ_IVECW_F_M_1_.csv

>>> COPY /tmp/H10_0.99/GMJ_IVECX_F_M_1_.csv /home/grierjones/DDCASPT2/hydrogen_comps/rerun/H10_chain/H10_0.99/GMJ_IVECX_F_M_1_.csv

>>> COPY /tmp/H10_0.99/GMJ_IVECC2_F_M_1_.csv /home/grierjones/DDCASPT2/hydrogen_comps/rerun/H10_chain/H10_0.99/GMJ_IVECC2_F_M_1_.csv

>>> COPY /tmp/H10_0.99/GMJ_e2_F_M_1_.csv /home/grierjones/DDCASPT2/hydrogen_comps/rerun/H10_chain/H10_0.99/GMJ_e2_F_M_1_.csv

>>> END FOREACH

>>> END FOREACH

>>> EXPORT i = G

>>> EXPORT j = P

>>> IF (-FILE GMJ_e2_${i}_${j}_1_.csv)
(Skipped)

>>> END FOREACH

>>> EXPORT j = M

>>> IF (-FILE GMJ_e2_${i}_${j}_1_.csv)
(Skipped)

>>> END FOREACH

>>> END FOREACH

>>> EXPORT i = H

>>> EXPORT j = P

>>> IF (-FILE GMJ_e2_${i}_${j}_1_.csv)
(Skipped)

>>> END FOREACH

>>> EXPORT j = M

>>> IF (-FILE GMJ_e2_${i}_${j}_1_.csv)
(Skipped)

>>> END FOREACH

>>> END FOREACH

>>> EXPORT i = A

>>> IF (-FILE GMJ_e2_${i}_1_.csv)
(Skipped)

>>> END FOREACH

>>> EXPORT i = C

>>> IF (-FILE GMJ_e2_${i}_1_.csv)

>>> COPY /tmp/H10_0.99/GMJ_RHS_C_1_.csv /home/grierjones/DDCASPT2/hydrogen_comps/rerun/H10_chain/H10_0.99/GMJ_RHS_C_1_.csv

>>> COPY /tmp/H10_0.99/GMJ_IVECW_C_1_.csv /home/grierjones/DDCASPT2/hydrogen_comps/rerun/H10_chain/H10_0.99/GMJ_IVECW_C_1_.csv

>>> COPY /tmp/H10_0.99/GMJ_IVECX_C_1_.csv /home/grierjones/DDCASPT2/hydrogen_comps/rerun/H10_chain/H10_0.99/GMJ_IVECX_C_1_.csv

>>> COPY /tmp/H10_0.99/GMJ_IVECC2_C_1_.csv /home/grierjones/DDCASPT2/hydrogen_comps/rerun/H10_chain/H10_0.99/GMJ_IVECC2_C_1_.csv

>>> COPY /tmp/H10_0.99/GMJ_e2_C_1_.csv /home/grierjones/DDCASPT2/hydrogen_comps/rerun/H10_chain/H10_0.99/GMJ_e2_C_1_.csv

>>> END FOREACH

>>> EXPORT i = D

>>> IF (-FILE GMJ_e2_${i}_1_.csv)
(Skipped)

>>> END FOREACH

.########################.
.# Non-zero return code #.
.########################.

    Timing: Wall=21.86 User=20.36 System=1.49
****************************************
*** WorkDir at /tmp/H10_0.99 cleaned ***
****************************************
