   This run of MOLCAS is using the pymolcas driver

                             OPE
                             OPE          NMOL  CASOP  ENMOLC A   SO
                 OPE        NMOLC        AS  OP EN  MO LC     AS  OP
                OPENM       OL CA        SO  PE NM  OL CA     SOP EN
                OP EN      MO   LC       AS  OP ENMOL  CASO   PENMOL
                OP  EN     MO   LC       AS  OP EN     MO     LC ASO
               OP   E  NMOL  C  AS       OP  EN MO     LC     AS  OP
               OP  E   NMO   LC AS        OPEN  MO     LCASOP EN   M
               O  PEN   MO  LCA  SO
            OPE   NMO   L   CAS    OP
        OPENMOL  CASOP     ENMOL   CASOPE
     OPENMOLCA   SOPENMOLCASOPEN   MOLCASOPE
    OPENMOLCAS   OP           EN   MOL    CAS
    OPENMOLCAS       OP  ENM        O     LCA
    OPENMOLCAS    OPEN  MOLCASO     P  E  NMO
    OPENMOLCAS     OP               E  N  MOL
    OPENMOLCA   SO           PENM   O  L  CAS    OPEN    MO    LCAS
    OPENMOLCA   SOP           ENM   O  L  CAS   OP  EN  MOLC  AS   O
    OPENMOLCA   SOPE           NM      O  LCA   S      OP  EN MO
    OPENMOLC                AS         O  PEN   M      OL  CA  SOPE
    OPENMO        LCASOPE  NMOL        C  ASO   P      ENMOLC     AS
    OPE     NMO      LCA  SO     P     E   NM   OL  CA SO  PE N   MO
          OPENMOLCA            SOPE   NMO        LCAS  O    P  ENMO
     OPENMOLCASOPENMOLCASOPENMOLCASOPENMOLCA
        OPENMOLCASOPENMOLCASOPENMOLCASOPE
            OPENMOLCASOPENMOLCASOPENM
               OPENMOLCASOPENMOLCA        version: f37762c57
                   OPENMOLCASO
                       OPE                tag:

 OpenMolcas is free software; you can redistribute it and/or modify it
 under the terms of the GNU Lesser General Public License version 2.1.
 OpenMolcas is distributed in the hope that it will be useful, but it
 is provided "as is" and without any express or implied warranties.
 For more details see the full text of the license in the file
 LICENSE or in <http://www.gnu.org/licenses/>.

                 Copyright (C) The OpenMolcas Authors
           For the author list and the recommended citation,
                   consult the file CONTRIBUTORS.md

           *************************************************
           * pymolcas version py2.28                       *
           *   build c4a6d18ded8cb6cad61d2372a9abd97c      *
           *   (after the EMIL interpreter by V. Veryazov) *
           *************************************************

configuration info
------------------
C Compiler ID: Intel
C flags: -std=gnu99 -gcc-sys
Fortran Compiler ID: IntelLLVM
Fortran flags: -standard-semantics -fltconsistency -fpp -i8 -heap-arrays
Definitions: _MOLCAS_;_I8_;_LINUX_
Parallel: OFF (GA=OFF)


   --------------------------------------------------------------------------------------
  |
  |              Project: H6_2.08
  |       Submitted from: /home/grierjones/DDCASPT2/hydrogen_comps/rerun/H6_chain/H6_2.08
  |         Scratch area: /tmp/H6_2.08
  |      Save outputs to: /home/grierjones/DDCASPT2/hydrogen_comps/rerun/H6_chain/H6_2.08
  |               Molcas: /home/grierjones/Test/build
  |
  | Scratch area is empty
  |
  |       MOLCAS_DRIVER = /usr/local/pymolcas
  | MOLCAS_KEEP_WORKDIR = NO
  |  MOLCAS_NEW_WORKDIR = YES
  |       MOLCAS_NPROCS = 1
  |        MOLCAS_PRINT = NORMAL
  |       MOLCAS_SOURCE = /home/grierjones/Test
  |    MOLCAS_STRUCTURE = 0
  |
   --------------------------------------------------------------------------------------

++ ---------   Input file   ---------

&GATEWAY
coord=H6_2.08.xyz
Basis = ANO-RCC-VDZP
Group = nosymm
End of Input

&SEWARD
End of Input

&SCF

>>> COPY $WorkDir/H6_2.08.scf.h5 $CurrDir/

&RASSCF
Title= RASSCF
FileOrb
/home/grierjones/DDCASPT2/hydrogen_comps/rerun/H6_chain/H6_0.60/H6_0.60.RasOrb
NACTEL
6 0 0
Inactive
0
RAS2
6
Symmetry
1
Spin
1
orblisting
all

>>> COPY $WorkDir/H6_2.08.rasscf.h5 $CurrDir/

>>> COPY $WorkDir/GMJ_Fock_MO.csv $CurrDir/H6_2.08.GMJ_Fock_MO.csv

&MOTRA
Frozen=0
LUMORB

>>> COPY $WorkDir/GMJ_one_int_indx.csv $CurrDir/H6_2.08.GMJ_one_int_indx.csv

>>> COPY $WorkDir/GMJ_one_int.csv $CurrDir/H6_2.08.GMJ_one_int.csv

>>> COPY $WorkDir/GMJ_two_int_indx.csv $CurrDir/H6_2.08.GMJ_two_int_indx.csv

>>> COPY $WorkDir/GMJ_two_int.csv $CurrDir/H6_2.08.GMJ_two_int.csv

&CASPT2
Frozen
0

MAXITER
50

>>> FOREACH i IN (B,E,F,G,H)

  >>> FOREACH j IN (P,M)

    >>> IF (-FILE GMJ_e2_${i}_${j}_1_.csv)

      >>> COPY $WorkDir/GMJ_RHS_${i}_${j}_1_.csv $CurrDir/GMJ_RHS_${i}_${j}_1_.csv

      >>> COPY $WorkDir/GMJ_IVECW_${i}_${j}_1_.csv $CurrDir/GMJ_IVECW_${i}_${j}_1_.csv

      >>> COPY $WorkDir/GMJ_IVECX_${i}_${j}_1_.csv $CurrDir/GMJ_IVECX_${i}_${j}_1_.csv

      >>> COPY $WorkDir/GMJ_IVECC2_${i}_${j}_1_.csv $CurrDir/GMJ_IVECC2_${i}_${j}_1_.csv

      >>> COPY $WorkDir/GMJ_e2_${i}_${j}_1_.csv $CurrDir/GMJ_e2_${i}_${j}_1_.csv

    >>> END IF

  >>> END FOREACH

>>> END FOREACH

>>> FOREACH i IN (A,C,D)

  >>> IF (-FILE GMJ_e2_${i}_1_.csv)

    >>> COPY $WorkDir/GMJ_RHS_${i}_1_.csv $CurrDir/GMJ_RHS_${i}_1_.csv

    >>> COPY $WorkDir/GMJ_IVECW_${i}_1_.csv $CurrDir/GMJ_IVECW_${i}_1_.csv

    >>> COPY $WorkDir/GMJ_IVECX_${i}_1_.csv $CurrDir/GMJ_IVECX_${i}_1_.csv

    >>> COPY $WorkDir/GMJ_IVECC2_${i}_1_.csv $CurrDir/GMJ_IVECC2_${i}_1_.csv

    >>> COPY $WorkDir/GMJ_e2_${i}_1_.csv $CurrDir/GMJ_e2_${i}_1_.csv

  >>> END IF

>>> END FOREACH

-- ----------------------------------

--- Start Module: gateway at Sun Oct 26 13:06:47 2025 ---
 
()()()()()()()()()()()()()()()()()()()()()()()()()()()()()()()()()()()()()()()()()()()()()()()()()()

                                              &GATEWAY

                                   only a single process is used
                       available to each process: 2.0 GB of memory, 1 thread?
()()()()()()()()()()()()()()()()()()()()()()()()()()()()()()()()()()()()()()()()()()()()()()()()()()
 
 
++    Symmetry information:
      ---------------------
 
                    Character Table for C1 
 
                             E  
                    a        1  x, y, xy, Rz, z, xz, Ry, yz, Rx, I
--
 
 
++    Basis set information:
      ----------------------
 
 
      Basis set label: H.ANO-RCC...2S1P.
 
      Electronic valence basis set:
      ------------------
      Associated Effective Charge   1.000000 au
      Associated Actual Charge      1.000000 au
      Nuclear Model: Point charge
 
      Shell  nPrim  nBasis  Cartesian Spherical Contaminant
         s       8       2        X                  
         p       4       1        X                  
--
 
 
++    Molecular structure info:
      -------------------------
 
                    ************************************************ 
                    **** Cartesian Coordinates / Bohr, Angstrom **** 
                    ************************************************ 
 
     Center  Label                x              y              z                     x              y              z
        1      H1               0.000000       0.000000       0.000000              0.000000       0.000000       0.000000
        2      H2               0.000000       0.000000       3.928340              0.000000       0.000000       2.078788
        3      H3               0.000000       0.000000       7.856680              0.000000       0.000000       4.157576
        4      H4               0.000000       0.000000      11.785020              0.000000       0.000000       6.236364
        5      H5               0.000000       0.000000      15.713360              0.000000       0.000000       8.315152
        6      H6               0.000000       0.000000      19.641698              0.000000       0.000000      10.393939
 
                    *************************************** 
                    *    InterNuclear Distances / Bohr    * 
                    *************************************** 
 
               1 H1            2 H2            3 H3            4 H4            5 H5            6 H6    
    1 H1       0.000000
    2 H2       3.928340        0.000000
    3 H3       7.856680        3.928340        0.000000
    4 H4      11.785020        7.856680        3.928340        0.000000
    5 H5      15.713360       11.785020        7.856680        3.928340        0.000000
    6 H6      19.641698       15.713358       11.785018        7.856678        3.928338        0.000000
 
                    ******************************************* 
                    *    InterNuclear Distances / Angstrom    * 
                    ******************************************* 
 
               1 H1            2 H2            3 H3            4 H4            5 H5            6 H6    
    1 H1       0.000000
    2 H2       2.078788        0.000000
    3 H3       4.157576        2.078788        0.000000
    4 H4       6.236364        4.157576        2.078788        0.000000
    5 H5       8.315152        6.236364        4.157576        2.078788        0.000000
    6 H6      10.393939        8.315151        6.236363        4.157575        2.078787        0.000000
--
 
 
            Nuclear Potential Energy              2.21467610 au
 
--- Stop Module: gateway at Sun Oct 26 13:06:47 2025 /rc=_RC_ALL_IS_WELL_ ---
*** files: xmldump
    saved to directory /home/grierjones/DDCASPT2/hydrogen_comps/rerun/H6_chain/H6_2.08

--- Start Module: seward at Sun Oct 26 13:06:47 2025 ---
 
()()()()()()()()()()()()()()()()()()()()()()()()()()()()()()()()()()()()()()()()()()()()()()()()()()

                                              &SEWARD

                                   only a single process is used
                       available to each process: 2.0 GB of memory, 1 thread?
()()()()()()()()()()()()()()()()()()()()()()()()()()()()()()()()()()()()()()()()()()()()()()()()()()
 
               SEWARD will generate:
                  Multipole Moment integrals up to order  2
                  Kinetic Energy integrals
                  Nuclear Attraction integrals (point charge)
                  One-Electron Hamiltonian integrals
                  Velocity integrals
                  Relativistic Douglas-Kroll-Hess integrals:
                    - Parametrization         : EXP
                    - DKH order of Hamiltonian: 2
                    - DKH order of Properties : 0
                         - multipole moment operators
                         - electric potential operators
                         - contact operators
                  Atomic mean-field integrals
                  Two-Electron Repulsion integrals
 
                   Integrals are discarded if absolute value <: 0.10E-13
                   Integral cutoff threshold is set to       <: 0.10E-15
 
            Nuclear Potential Energy              2.21467610 au
 
 
      Basis set specifications :
      Symmetry species         a  
      Basis functions           30
 
 
  Input file to MOLDEN was generated!
 
forrtl: warning (525): IEEE_DIVIDE_BY_ZERO is signaling
forrtl: warning (526): IEEE_INVALID is signaling
forrtl: warning (528): IEEE_UNDERFLOW is signaling
--- Stop Module: seward at Sun Oct 26 13:06:48 2025 /rc=_RC_ALL_IS_WELL_ ---
*** files: H6_2.08.GssOrb H6_2.08.guessorb.h5 H6_2.08.guessorb.molden xmldump
    saved to directory /home/grierjones/DDCASPT2/hydrogen_comps/rerun/H6_chain/H6_2.08

*** symbolic link created: INPORB -> H6_2.08.GssOrb
--- Start Module: scf at Sun Oct 26 13:06:48 2025 ---
 
()()()()()()()()()()()()()()()()()()()()()()()()()()()()()()()()()()()()()()()()()()()()()()()()()()

                                                &SCF

                                   only a single process is used
                       available to each process: 2.0 GB of memory, 1 thread?
()()()()()()()()()()()()()()()()()()()()()()()()()()()()()()()()()()()()()()()()()()()()()()()()()()
 
++    Input section:
      --------------
 
      Header of the integral files:
      
       Integrals generated by seward 4.2.0  , Sun Oct 26 13:06:47 2025
 
 
      Cartesian coordinates in Angstrom:
      -----------------------------------------------------
      No.  Label        X            Y            Z        
      -----------------------------------------------------
       1   H1         0.00000000   0.00000000   0.00000000
       2   H2         0.00000000   0.00000000   2.07878800
       3   H3         0.00000000   0.00000000   4.15757600
       4   H4         0.00000000   0.00000000   6.23636400
       5   H5         0.00000000   0.00000000   8.31515200
       6   H6         0.00000000   0.00000000  10.39393900
      -----------------------------------------------------
      Nuclear repulsion energy =    2.21467610
--
 
++    Orbital specifications:
      -----------------------
 
      Symmetry species               1
                                     a
      Frozen orbitals                0
      Occupied orbitals              3
      Secondary orbitals            27
      Deleted orbitals               0
      Total number of orbitals      30
      Number of basis functions     30
--
 
      Molecular charge                           0.000
 
++    Optimization specifications:
      ----------------------------
 
      SCF Algorithm: Conventional
      Minimized density differences are used
      Number of density matrices in core                5
      Maximum number of NDDO SCF iterations           400
      Maximum number of HF SCF iterations             400
      Threshold for SCF energy change            0.10E-08
      Threshold for density matrix               0.10E-03
      Threshold for Fock matrix                  0.15E-03
      Threshold for linear dependence            0.10E-08
      Threshold at which DIIS is turned on       0.15E+00
      Threshold at which QNR/C2DIIS is turned on 0.75E-01
      Threshold for Norm(delta) (QNR/C2DIIS)     0.20E-04
      DIIS extrapolation of the SCF procedure
      All orbitals punched on: SCFORB
--
 
      Input vectors read from INPORB
      Orbital file label: *Guess orbitals
 
 
++ Convergence information
                                   SCF        iterations: Energy and convergence statistics
 
Iter     Tot. SCF        One-elec.       Two-elec.     Energy      Max Dij or  Max Fij      DNorm      TNorm      AccCon     Time
         Energy          Energy          Energy        Change      Delta Norm                                                in Sec.
   1    -2.599764366    -7.614429401     2.799988933   0.00E+00    0.33E+00*   0.10E+00*    0.36E+01   0.67E+01   None         0.
   2    -2.732674799    -7.594883990     2.647533088  -0.13E+00*   0.10E+00*   0.20E-01*    0.11E+01   0.65E+01   EDIIS        0.
   3    -2.739289497    -7.551095623     2.597130024  -0.66E-02*   0.53E-01*   0.79E-02*    0.20E+00   0.64E+01   EDIIS        0.
   4    -2.740241910    -7.552597924     2.597679912  -0.95E-03*   0.28E-01*   0.50E-02*    0.98E-01   0.64E+01   c2DIIS       0.
   5    -2.740540133    -7.546813416     2.591597180  -0.30E-03*   0.69E-02*   0.18E-02*    0.14E-01   0.64E+01   QNRc2DIIS    0.
   6    -2.740578481    -7.549245248     2.593990665  -0.38E-04*   0.56E-02*   0.82E-03*    0.24E-02   0.64E+01   QNRc2DIIS    0.
   7    -2.740591974    -7.548681764     2.593413688  -0.13E-04*   0.12E-02*   0.21E-03*    0.40E-03   0.64E+01   QNRc2DIIS    0.
   8    -2.740592539    -7.548313612     2.593044971  -0.57E-06*   0.18E-04    0.64E-05     0.15E-03   0.64E+01   QNRc2DIIS    0.
   9    -2.740592539    -7.548302272     2.593033630  -0.38E-09    0.72E-06    0.23E-06     0.13E-04   0.64E+01   QNRc2DIIS    0.
 
       Convergence after  9 Macro Iterations
--
 
 *****************************************************************************************************************************
 *                                                                                                                           *
 *                                             SCF/KS-DFT Program, Final results                                             *
 *                                                                                                                           *
 *                                                                                                                           *
 *                                                                                                                           *
 *                                                       Final Results                                                       *
 *                                                                                                                           *
 *****************************************************************************************************************************
 
::    Total SCF energy                                 -2.7405925391
      One-electron energy                              -7.5483022719
      Two-electron energy                               2.5930336305
      Nuclear repulsion energy                          2.2146761023
      Kinetic energy (interpolated)                     2.0298629386
      Virial theorem                                    1.3501367442
      Total spin, S(S+1)                                0.0000000000
      Total spin, S                                     0.0000000000
      Max non-diagonal density matrix element           0.0000006992
      Max non-diagonal Fock matrix element              0.0000000422
 
 
      All orbitals with orbital energies smaller than  E(LUMO)+0.5 are printed
 
++    Molecular orbitals:
      -------------------
 
      Title: SCF orbitals

      Molecular orbitals for symmetry species 1: a  
 
          Orbital            1         2         3         4         5         6         7         8    
          Energy           -0.4321   -0.3985   -0.3505   -0.1222   -0.0514    0.0160    0.3205    0.3510
          Occ. No.          2.0000    2.0000    2.0000    0.0000    0.0000    0.0000    0.0000    0.0000
 
        1 H1     1s         0.2217   -0.3918    0.3922   -0.5040    0.5928   -0.3844   -0.1487    0.1759
        2 H1     2s         0.0293   -0.0597    0.0731   -0.1724    0.2336   -0.1657    0.3189   -0.5349
        3 H1     2px        0.0000   -0.0000   -0.0000    0.0000   -0.0000   -0.0000    0.0000   -0.0000
        4 H1     2py       -0.0000    0.0000   -0.0000    0.0000   -0.0000    0.0000   -0.0000    0.0000
        5 H1     2pz        0.0113   -0.0161    0.0116    0.0047   -0.0189    0.0247   -0.0353    0.0454
        6 H2     1s         0.3130   -0.4497    0.3159    0.2840   -0.6717    0.6307   -0.2091    0.1785
        7 H2     2s         0.0383   -0.0907    0.0981    0.0909   -0.2649    0.2543    0.2444   -0.2472
        8 H2     2px        0.0000   -0.0000    0.0000    0.0000   -0.0000    0.0000    0.0000   -0.0000
        9 H2     2py       -0.0000    0.0000    0.0000    0.0000   -0.0000    0.0000   -0.0000    0.0000
       10 H2     2pz       -0.0006    0.0103   -0.0181    0.0252   -0.0138   -0.0118    0.0087   -0.0313
       11 H3     1s         0.4194   -0.0905   -0.4485    0.5139    0.2323   -0.7888   -0.2212    0.0815
       12 H3     2s         0.0576    0.0040   -0.1172    0.1782    0.0965   -0.3133    0.2966   -0.1208
       13 H3     2px        0.0000   -0.0000   -0.0000   -0.0000   -0.0000    0.0000    0.0000   -0.0000
       14 H3     2py       -0.0000   -0.0000   -0.0000    0.0000   -0.0000   -0.0000   -0.0000   -0.0000
       15 H3     2pz        0.0072    0.0094   -0.0153   -0.0207    0.0245    0.0115   -0.0091   -0.0188
       16 H4     1s         0.4194    0.0905   -0.4485   -0.5139    0.2323    0.7888   -0.2212   -0.0815
       17 H4     2s         0.0576   -0.0040   -0.1172   -0.1782    0.0965    0.3133    0.2966    0.1208
       18 H4     2px       -0.0000   -0.0000   -0.0000    0.0000    0.0000   -0.0000   -0.0000    0.0000
       19 H4     2py        0.0000    0.0000   -0.0000   -0.0000    0.0000    0.0000    0.0000   -0.0000
       20 H4     2pz       -0.0072    0.0094    0.0153   -0.0207   -0.0245    0.0115    0.0091   -0.0188
       21 H5     1s         0.3130    0.4497    0.3159   -0.2840   -0.6717   -0.6307   -0.2091   -0.1785
       22 H5     2s         0.0383    0.0907    0.0981   -0.0909   -0.2649   -0.2543    0.2444    0.2472
       23 H5     2px        0.0000    0.0000   -0.0000    0.0000   -0.0000    0.0000    0.0000    0.0000
       24 H5     2py       -0.0000    0.0000    0.0000    0.0000    0.0000   -0.0000    0.0000   -0.0000
       25 H5     2pz        0.0006    0.0103    0.0181    0.0252    0.0138   -0.0118   -0.0087   -0.0313
       26 H6     1s         0.2217    0.3918    0.3922    0.5040    0.5928    0.3844   -0.1487   -0.1759
       27 H6     2s         0.0293    0.0597    0.0731    0.1724    0.2336    0.1657    0.3189    0.5349
       28 H6     2px        0.0000    0.0000    0.0000    0.0000    0.0000   -0.0000   -0.0000    0.0000
       29 H6     2py        0.0000    0.0000    0.0000   -0.0000    0.0000    0.0000   -0.0000   -0.0000
       30 H6     2pz       -0.0113   -0.0161   -0.0116    0.0047    0.0189    0.0247    0.0353    0.0454
--
 
 
++    Molecular charges:
      ------------------
 
      Mulliken charges per centre and basis function type
      ---------------------------------------------------
 
                H1      H2      H3      H4      H5      H6    
      1s       0.8842  0.9628  0.9349  0.9349  0.9628  0.8842
      2s       0.0623  0.0715  0.0568  0.0568  0.0715  0.0623
      2px      0.0000  0.0000  0.0000  0.0000  0.0000  0.0000
      2pz      0.0079  0.0100  0.0095  0.0095  0.0100  0.0079
      2py      0.0000  0.0000  0.0000  0.0000  0.0000  0.0000
      Total    0.9544  1.0444  1.0012  1.0012  1.0444  0.9544
 
      N-E      0.0456 -0.0444 -0.0012 -0.0012 -0.0444  0.0456
 
      Total electronic charge=    6.000000
 
      Total            charge=   -0.000000
--
 
 
  Input file to MOLDEN was generated!
 
 
++    Static properties:
      ------------------
 
 
      LoProp Charges per center
 

                   H1       H2       H3       H4       H5       H6    
      Nuclear      1.0000   1.0000   1.0000   1.0000   1.0000   1.0000
      Electronic  -0.9772  -1.0197  -1.0031  -1.0031  -1.0197  -0.9772
 
      Total        0.0228  -0.0197  -0.0031  -0.0031  -0.0197   0.0228
--
 
 
++    Natural Bond Order analysis
      ---------------------------
      Based on LoProp computed density
      -------------------------------------------------------------------------------------
      Atom A       Atom B       Bond Order
      -------------------------------------------------------------------------------------
      NBO located      0.957 non-bonded electrons on atom H1        
      NBO located      1.013 non-bonded electrons on atom H3        
      NBO located      1.013 non-bonded electrons on atom H4        
      NBO located      0.957 non-bonded electrons on atom H6        
      The remaining    2.061 electrons are to be considered as diffuse
--
 
 
++    Molecular properties:
      ---------------------
 
      Charge (e):
                      =   -0.0000
      Dipole Moment (Debye):
      Origin of the operator (Ang)=    0.0000    0.0000    0.0000
                   X= -1.0475E-13               Y=  2.6857E-14               Z=  4.1182E-08           Total=  4.1182E-08
      Quadrupole Moment (Debye*Ang):
      Origin of the operator (Ang)=    0.0000    0.0000    5.1970
                  XX= -1.2838E+01              XY=  2.2885E-28              XZ=  4.1090E-13              YY= -1.2838E+01
                  YZ= -2.1470E-13              ZZ= -1.3825E+00
      In traceless form (Debye*Ang)
                  XX= -5.7279E+00              XY=  3.4327E-28              XZ=  6.1636E-13              YY= -5.7279E+00
                  YZ= -3.2205E-13              ZZ=  1.1456E+01
--
 
 
  Input file to MOLDEN was generated!
 
 ###############################################################################
 ###############################################################################
 ###                                                                         ###
 ###                                                                         ###
 ###    RunFile label nBas                                                   ###
 ###    was used       78 times                                              ###
 ###                                                                         ###
 ###                                                                         ###
 ###############################################################################
 ###############################################################################
forrtl: warning (528): IEEE_UNDERFLOW is signaling
--- Stop Module: scf at Sun Oct 26 13:06:48 2025 /rc=_RC_ALL_IS_WELL_ ---
*** files: H6_2.08.LprOrb H6_2.08.LoProp.molden H6_2.08.scf.molden H6_2.08.ScfOrb H6_2.08.scf.h5 xmldump
    saved to directory /home/grierjones/DDCASPT2/hydrogen_comps/rerun/H6_chain/H6_2.08

>>> COPY /tmp/H6_2.08/H6_2.08.scf.h5 /home/grierjones/DDCASPT2/hydrogen_comps/rerun/H6_chain/H6_2.08/

*** symbolic link created: INPORB -> H6_2.08.ScfOrb
--- Start Module: rasscf at Sun Oct 26 13:06:48 2025 ---
 
()()()()()()()()()()()()()()()()()()()()()()()()()()()()()()()()()()()()()()()()()()()()()()()()()()

                                              &RASSCF

                                   only a single process is used
                       available to each process: 2.0 GB of memory, 1 thread?
()()()()()()()()()()()()()()()()()()()()()()()()()()()()()()()()()()()()()()()()()()()()()()()()()()
 
 
      Header of the ONEINT file:
      --------------------------
      
      Integrals generated by seward 4.2.0  , Sun Oct 26 13:06:47 2025
 
 
      OrdInt status: non-squared
 
 
      Cartesian coordinates in Angstrom:
      -----------------------------------------------------
      No.  Label        X            Y            Z        
      -----------------------------------------------------
       1   H1         0.00000000   0.00000000   0.00000000
       2   H2         0.00000000   0.00000000   2.07878800
       3   H3         0.00000000   0.00000000   4.15757600
       4   H4         0.00000000   0.00000000   6.23636400
       5   H5         0.00000000   0.00000000   8.31515200
       6   H6         0.00000000   0.00000000  10.39393900
      -----------------------------------------------------
      Nuclear repulsion energy =    2.21467610
 
++    Wave function specifications:
      -----------------------------
 
      Number of closed shell electrons           0
      Number of electrons in active shells       6
      Max number of holes in RAS1 space          0
      Max nr of electrons in RAS3 space          0
      Number of inactive orbitals                0
      Number of active orbitals                  6
      Number of secondary orbitals              24
      Spin quantum number                      0.0
      State symmetry                             1
--
 
++    Orbital specifications:
      -----------------------
 
      Symmetry species                           1
                                                 a
      Frozen orbitals                            0
      Inactive orbitals                          0
      Active orbitals                            6
      RAS1 orbitals                              0
      RAS2 orbitals                              6
      RAS3 orbitals                              0
      Secondary orbitals                        24
      Deleted orbitals                           0
      Number of basis functions                 30
--
 
++    CI expansion specifications:
      ----------------------------
 
      Number of CSFs                           175
      Number of determinants                   210
      Number of root(s) required                 1
      Root chosen for geometry opt.              1
      CI root used                               1
         
      highest root included in the CI            1
      max. size of the explicit Hamiltonian    175
--
 
++    Optimization specifications:
      ----------------------------
 
      RASSCF algorithm: Conventional
      Maximum number of macro iterations       200
      Maximum number of SX iterations          100
      Threshold for RASSCF energy            0.100E-07
      Threshold for max MO rotation          0.100E+00
      Threshold for max BLB element          0.100E-03
      Level shift parameter                  0.500E+00
      Make Quasi-Newton update
--
 
      The MO-coefficients are taken from the file:
      /home/grierjones/DDCASPT2/hydrogen_comps/rerun/H6_chain/H6_0.60/H6_0.60.RasOrb                                                  
      Title: RASSCF average (pseudo-natural) orbitals                                      
 
      Total molecular charge    0.00
 
      ************************************************************************************************************************
      *                                                                                                                      *
      *                                            Wave function control section                                             *
      *                                                                                                                      *
      ************************************************************************************************************************
 
 
                                         RASSCF iterations: Energy and convergence statistics
                                         ----------------------------------------------------
 
      Iter CI   SX   CI       RASSCF       Energy    max ROT     max BLB   max BLB  Level Ln srch  Step   QN   Walltime
          iter iter root      energy       change     param      element    value   shift minimum  type update hh:mm:ss
 Nr of preliminary CI iterations:   1
        1   1   95    1    -2.05997369    0.00E+00   0.53E+00*   1   8 1 -0.37E+00*  0.35   0.00    SX    NO    0:00:00
        2   1   37    1    -2.67353509   -0.61E+00* -0.23E+00*   1   8 1 -0.14E+00*  0.28   0.00    SX    NO    0:00:00
        3   1   21    1    -2.79442963   -0.12E+00* -0.14E+00*   2  11 1  0.89E-01*  0.18   0.00    SX    NO    0:00:00
        4   1   75    1    -2.84126498   -0.47E-01*  0.71E-01    2  11 1  0.55E-01*  0.13   0.00    SX    NO    0:00:00
        5   1   54    1    -2.85955507   -0.18E-01* -0.15E+00*   2   7 1 -0.24E-01*  0.11   2.24    QN   YES    0:00:00
        6   1   66    1    -2.88418973   -0.25E-01* -0.29E+00*   4   7 1  0.46E-01*  0.07   2.50    QN   YES    0:00:00
        7   1   80    1    -2.90481964   -0.21E-01*  0.69E-01    2  11 1 -0.78E-01*  0.13   0.79    QN   YES    0:00:00
        8   1   63    1    -2.91011610   -0.53E-02*  0.28E-01    2  11 1 -0.59E-01*  0.12   1.21    QN   YES    0:00:00
        9   1   84    1    -2.91124563   -0.11E-02* -0.11E-01    2  11 1 -0.56E-01*  0.13   1.19    QN   YES    0:00:00
       10   1   63    1    -2.91068702    0.56E-03*  0.82E-01    2  11 1 -0.58E-01*  0.13  -0.50    QN   YES    0:00:00
       11   1   62    1    -2.91458668   -0.39E-02*  0.13E+00*   2  11 1 -0.47E-01*  0.13   2.50    QN   YES    0:00:00
       12   1   55    1    -2.91912726   -0.45E-02* -0.10E+00*   4   7 1  0.42E-01*  0.13   2.48    SX   YES    0:00:00
       13   1   28    1    -2.93278465   -0.14E-01* -0.51E-01    1   8 1  0.19E-01*  0.13   1.57    LS   YES    0:00:00
       14   1   26    1    -2.93484820   -0.21E-02*  0.32E-01    2   7 1 -0.13E-01*  0.14   1.18    QN   YES    0:00:00
       15   1   25    1    -2.93584420   -0.10E-02* -0.97E-02    3   8 1 -0.27E-02*  0.15   1.06    QN   YES    0:00:00
       16   1   24    1    -2.93597035   -0.13E-03* -0.60E-01    2  11 1  0.14E-02*  0.15   2.50    QN   YES    0:00:00
       17   1   26    1    -2.93656135   -0.59E-03* -0.21E+00*   3   8 1  0.59E-02*  0.14   2.50    QN   YES    0:00:00
       18   1   64    1    -2.93915070   -0.26E-02* -0.20E+00*   3   8 1  0.29E-01*  0.06   2.50    QN   YES    0:00:00
       19   1  100    1    -2.93734975    0.18E-02* -0.11E+00*   3   8 1  0.56E-01*  0.00   0.34    SX   YES    0:00:00
       20   1  100    1    -2.96707198   -0.30E-01* -0.10E+00    3   8 1  0.41E-01*  0.00   2.50    LS   YES    0:00:00
       21   1  100    1    -2.99908435   -0.32E-01* -0.26E+00*   6   7 1  0.53E-01*  0.00   2.22    QN   YES    0:00:00
       22   1  100    1    -3.00522247   -0.61E-02*  0.82E-01    6  29 1  0.36E-01*  0.00   0.56    LS   YES    0:00:00
       23   1   84    1    -3.01921577   -0.14E-01*  0.84E-01    3  11 1  0.34E-01*  0.00   1.43    QN   YES    0:00:00
       24   1  100    1    -3.01086821    0.83E-02* -0.37E-01    6  27 1  0.41E-01*  0.00   0.22    LS   YES    0:00:00
       25   1   79    1    -3.01824296   -0.74E-02*  0.13E+00*   6  27 1  0.36E-01*  0.00   1.72    QN   YES    0:00:00
       26   1  100    1    -2.99611733    0.22E-01* -0.61E-01    6  29 1  0.61E-01*  0.00   0.07    LS   YES    0:00:00
       27   1   35    1    -3.01269135   -0.17E-01* -0.67E-01    6  29 1  0.51E-01*  0.00   1.83    SX   YES    0:00:00
       28   1   13    1    -3.02951918   -0.17E-01* -0.29E-01    6  29 1  0.20E-01*  0.00   1.48    LS   YES    0:00:00
       29   1   16    1    -3.03204015   -0.25E-02* -0.18E-01    3  24 1 -0.95E-02*  0.00   1.20    QN   YES    0:00:00
       30   1   14    1    -3.03267062   -0.63E-03*  0.32E-02    3  24 1 -0.27E-02*  0.00   1.08    QN   YES    0:00:00
       31   1   14    1    -3.03273770   -0.67E-04*  0.13E-02    3  27 1 -0.11E-02*  0.00   1.20    QN   YES    0:00:00
       32   1   13    1    -3.03275001   -0.12E-04*  0.78E-03    2   7 1 -0.50E-03*  0.00   1.21    QN   YES    0:00:00
       33   1   11    1    -3.03275248   -0.25E-05*  0.52E-03    5  16 1 -0.25E-03*  0.00   1.00    QN   YES    0:00:00
       34   1   11    1    -3.03275294   -0.46E-06* -0.13E-03    4   7 1  0.63E-04   0.00   0.92    QN   YES    0:00:00
       35   1    9    1    -3.03275298   -0.44E-07* -0.27E-04    1  16 1 -0.17E-04   0.00   1.09    QN   YES    0:00:00
       36   1    7    1    -3.03275299   -0.30E-08   0.93E-05    2  28 1 -0.75E-05   0.00   1.32    QN   YES    0:00:00
      Convergence after 36 iterations
 
  Dmat in MO in SXCTL bf call to SXHAM                                                                                    
  mat. size =     6x    6
 
        1.2812103072841989
       -0.0263817623765646      1.4973091509760561
       -0.0367645236179953      0.0131781784481825      1.3392892928450253
        0.0348850357506411      0.0702222587715212     -0.0172026762458339      0.5736024429501357
        0.2259657319093741     -0.0427825341726982      0.1124998690713766      0.0568459581527493      0.5728603848065782
        0.4335826499786077      0.0716094302556924     -0.1020111035591051     -0.0946278670635999      0.1124477701752923
        0.7357284211380078
       37   1    7    1    -3.03275299   -0.56E-09   0.93E-05    6  29 1 -0.16E-05   0.00   1.32    QN   YES    0:00:00
 
      ************************************************************************************************************************
                                                      Wave function printout:
                       occupation of active orbitals, and spin coupling of open shells (u,d: Spin up or down)
      ************************************************************************************************************************
 
      Note: transformation to natural orbitals
      has been made, which may change the order of the CSFs.
 
      printout of CI-coefficients larger than  0.05 for root  1
      energy=      -3.032753
      conf/sym  111111     Coeff  Weight
             1  222000   0.62312 0.38827
            11  220200  -0.29997 0.08998
            13  220020  -0.07647 0.00585
            16  220002  -0.05572 0.00310
            18  2udud0  -0.29878 0.08927
            21  2ud0ud  -0.09453 0.00894
            25  u2d020  -0.10696 0.01144
            26  u2du0d  -0.27923 0.07797
            29  202200  -0.08336 0.00695
            31  202020  -0.18694 0.03495
            32  202u0d  -0.10730 0.01151
            34  202002  -0.06331 0.00401
            36  ud2ud0  -0.10337 0.01068
            39  ud20ud  -0.20293 0.04118
            41  022200  -0.06599 0.00435
            43  022020  -0.06909 0.00477
            44  022u0d   0.05172 0.00267
            46  022002  -0.14291 0.02042
            47  2uudd0   0.08671 0.00752
            51  u2ud0d   0.09535 0.00909
           120  200220   0.15283 0.02336
           127  ud02ud   0.15596 0.02432
           132  020220   0.05024 0.00252
           134  020u2d   0.05967 0.00356
           135  020202   0.10948 0.01199
           140  u0du2d   0.14648 0.02146
           141  u0d202   0.05956 0.00355
           145  0ud2ud   0.05277 0.00278
           148  0udud2   0.11740 0.01378
           155  002022   0.07966 0.00635
           175  000222  -0.10021 0.01004
 
      Natural orbitals and occupation numbers for root  1
      sym 1:   1.594956   1.508904   1.353628   0.655992   0.490641   0.395880
 
      ************************************************************************************************************************
      *                                                                                                                      *
      *                                                    Final results                                                     *
      *                                                                                                                      *
      ************************************************************************************************************************
 
 
++    Wave function specifications:
      -----------------------------
 
      Number of closed shell electrons           0
      Number of electrons in active shells       6
      Max number of holes in RAS1 space          0
      Max nr of electrons in RAS3 space          0
      Number of inactive orbitals                0
      Number of active orbitals                  6
      Number of secondary orbitals              24
      Spin quantum number                      0.0
      State symmetry                             1
--
 
++    Orbital specifications:
      -----------------------
 
      Symmetry species                           1
                                                 a
      Frozen orbitals                            0
      Inactive orbitals                          0
      Active orbitals                            6
      RAS1 orbitals                              0
      RAS2 orbitals                              6
      RAS3 orbitals                              0
      Secondary orbitals                        24
      Deleted orbitals                           0
      Number of basis functions                 30
--
 
++    CI expansion specifications:
      ----------------------------
 
      Number of CSFs                           175
      Number of determinants                   210
      Number of root(s) required                 1
      CI root used                               1
      highest root included in the CI            1
      Root passed to geometry opt.               1
--
 
++    Final optimization conditions:
      ------------------------------
 
      Average CI energy                              -3.03275299
      RASSCF energy for state  1                     -3.03275299
      Super-CI energy                                -0.00000000
      RASSCF energy change                           -0.00000000
      Max change in MO coefficients              -0.157E-04
      Max non-diagonal density matrix element     0.929E-05
      Maximum BLB matrix element                 -0.159E-05
      (orbital pair   6,  29 in symmetry   1)
      Norm of electronic gradient            0.480E-05
--
 
 
      Final state energy(ies):
      ------------------------
 
::    RASSCF root number  1 Total energy:     -3.03275299
 
++    Molecular orbitals:
      -------------------
 
      Pseudonatural active orbitals and approximate occupation numbers
 
 
 
 
      Molecular orbitals for symmetry species 1: a  
 
 
      Orbital                1         2         3         4         5         6         7         8         9        10
      Energy            0.0000    0.0000    0.0000    0.0000    0.0000    0.0000    0.3292    0.3594    0.4252    0.5408
      Occ. No.          1.5950    1.5089    1.3536    0.6560    0.4906    0.3959    0.0000    0.0000    0.0000    0.0000
 
    1 H1     1s         0.2464   -0.4179    0.4062   -0.4799   -0.5520   -0.3546   -0.1052   -0.0922    0.0574    0.2476
    2 H1     2s         0.0158   -0.0304    0.0342   -0.0511   -0.0640   -0.0449    0.3250    0.5571    0.6773    0.6811
    3 H1     2px       -0.0000    0.0000   -0.0000    0.0000    0.0000    0.0000    0.0000    0.0000    0.0000    0.0000
    4 H1     2py       -0.0000    0.0000   -0.0000    0.0000    0.0000    0.0000    0.0000    0.0000    0.0000    0.0000
    5 H1     2pz        0.0041   -0.0052    0.0032   -0.0022   -0.0039   -0.0035   -0.0318   -0.0436   -0.0393   -0.0521
    6 H2     1s         0.3373   -0.4572    0.2983    0.2767    0.6134    0.5463   -0.2006   -0.2010   -0.0724   -0.1089
    7 H2     2s         0.0195   -0.0464    0.0540    0.0187    0.0930    0.1010    0.2406    0.2294   -0.1233   -0.6952
    8 H2     2px       -0.0000    0.0000   -0.0000    0.0000   -0.0000   -0.0000    0.0000   -0.0000    0.0000    0.0000
    9 H2     2py        0.0000   -0.0000    0.0000    0.0000    0.0000    0.0000   -0.0000    0.0000    0.0000    0.0000
   10 H2     2pz        0.0019    0.0028   -0.0074    0.0036   -0.0003   -0.0013    0.0042    0.0280    0.0452    0.0116
   11 H3     1s         0.4235   -0.1010   -0.4672    0.5207   -0.1981   -0.6758   -0.1902   -0.0326    0.1288   -0.0123
   12 H3     2s         0.0266    0.0050   -0.0635    0.0683   -0.0450   -0.1249    0.3032    0.1329   -0.4119   -0.4807
   13 H3     2px        0.0000   -0.0000   -0.0000    0.0000   -0.0000   -0.0000   -0.0000   -0.0000    0.0000    0.0000
   14 H3     2py        0.0000   -0.0000   -0.0000    0.0000   -0.0000   -0.0000   -0.0000   -0.0000    0.0000    0.0000
   15 H3     2pz        0.0006    0.0054   -0.0051   -0.0018   -0.0019   -0.0029   -0.0047    0.0188    0.0134   -0.0036
   16 H4     1s         0.4235    0.1010   -0.4672   -0.5207   -0.1981    0.6758   -0.1902    0.0326    0.1288    0.0123
   17 H4     2s         0.0266   -0.0050   -0.0635   -0.0683   -0.0450    0.1249    0.3032   -0.1329   -0.4119    0.4807
   18 H4     2px        0.0000    0.0000   -0.0000   -0.0000   -0.0000    0.0000   -0.0000    0.0000    0.0000   -0.0000
   19 H4     2py        0.0000    0.0000   -0.0000   -0.0000    0.0000    0.0000   -0.0000    0.0000    0.0000    0.0000
   20 H4     2pz       -0.0006    0.0054    0.0051   -0.0018    0.0019   -0.0029    0.0047    0.0188   -0.0134   -0.0036
   21 H5     1s         0.3373    0.4572    0.2983   -0.2767    0.6134   -0.5463   -0.2006    0.2010   -0.0724    0.1089
   22 H5     2s         0.0195    0.0464    0.0540   -0.0187    0.0930   -0.1010    0.2406   -0.2294   -0.1233    0.6952
   23 H5     2px       -0.0000   -0.0000   -0.0000    0.0000   -0.0000   -0.0000   -0.0000    0.0000   -0.0000    0.0000
   24 H5     2py       -0.0000   -0.0000   -0.0000    0.0000   -0.0000    0.0000    0.0000   -0.0000   -0.0000    0.0000
   25 H5     2pz       -0.0019    0.0028    0.0074    0.0036    0.0003   -0.0013   -0.0042    0.0280   -0.0452    0.0116
   26 H6     1s         0.2464    0.4179    0.4061    0.4799   -0.5520    0.3546   -0.1052    0.0922    0.0574   -0.2476
   27 H6     2s         0.0158    0.0304    0.0342    0.0511   -0.0640    0.0449    0.3250   -0.5571    0.6773   -0.6811
   28 H6     2px        0.0000    0.0000    0.0000    0.0000   -0.0000    0.0000   -0.0000    0.0000   -0.0000    0.0000
   29 H6     2py        0.0000    0.0000    0.0000   -0.0000   -0.0000   -0.0000   -0.0000   -0.0000   -0.0000   -0.0000
   30 H6     2pz       -0.0041   -0.0052   -0.0032   -0.0022    0.0039   -0.0035    0.0318   -0.0436    0.0393   -0.0521
 
 
      Orbital               11        12        13        14        15        16        17        18        19        20
      Energy            0.6917    0.7383    0.7694    0.7802    0.7802    0.8281    0.8281    0.9025    0.9025    0.9959
      Occ. No.          0.0000    0.0000    0.0000    0.0000    0.0000    0.0000    0.0000    0.0000    0.0000    0.0000
 
    1 H1     1s         0.2720   -0.2174    0.2068    0.0000    0.0000   -0.0000   -0.0000    0.0000    0.0000   -0.0000
    2 H1     2s         0.4648   -0.1802    0.1280    0.0000   -0.0000    0.0000    0.0000   -0.0000   -0.0000   -0.0000
    3 H1     2px       -0.0000    0.0000   -0.0000    0.2072   -0.0398   -0.3906    0.0379    0.5086    0.0179   -0.5338
    4 H1     2py        0.0000   -0.0000    0.0000    0.0398    0.2072   -0.0379   -0.3906   -0.0179    0.5086   -0.0129
    5 H1     2pz       -0.0607    0.3270   -0.3616   -0.0000    0.0000    0.0000   -0.0000    0.0000    0.0000   -0.0000
    6 H2     1s        -0.3066    0.1741   -0.2118   -0.0000   -0.0000   -0.0000    0.0000   -0.0000   -0.0000    0.0000
    7 H2     2s        -0.9823    0.4416   -0.4755   -0.0000    0.0000    0.0000   -0.0000    0.0000    0.0000    0.0000
    8 H2     2px       -0.0000    0.0000   -0.0000    0.3745   -0.0719   -0.4881    0.0474    0.2300    0.0081    0.2373
    9 H2     2py        0.0000   -0.0000    0.0000    0.0719    0.3745   -0.0474   -0.4881   -0.0081    0.2300    0.0057
   10 H2     2pz       -0.1036   -0.3513    0.3466    0.0000   -0.0000   -0.0000    0.0000   -0.0000   -0.0000    0.0000
   11 H3     1s         0.1433   -0.0772    0.2629   -0.0000   -0.0000    0.0000   -0.0000    0.0000    0.0000   -0.0000
   12 H3     2s         0.5390   -0.2451    0.7005    0.0000   -0.0000   -0.0000    0.0000    0.0000    0.0000   -0.0000
   13 H3     2px       -0.0000    0.0000   -0.0000    0.4695   -0.0901   -0.2167    0.0210   -0.4089   -0.0144    0.4305
   14 H3     2py       -0.0000    0.0000    0.0000    0.0901    0.4695   -0.0210   -0.2167    0.0144   -0.4089    0.0104
   15 H3     2pz        0.2616    0.3179   -0.1428   -0.0000    0.0000    0.0000    0.0000   -0.0000   -0.0000   -0.0000
   16 H4     1s         0.1433   -0.0772   -0.2629   -0.0000    0.0000   -0.0000    0.0000    0.0000    0.0000    0.0000
   17 H4     2s         0.5390   -0.2451   -0.7005   -0.0000    0.0000    0.0000    0.0000   -0.0000   -0.0000    0.0000
   18 H4     2px       -0.0000    0.0000   -0.0000    0.4695   -0.0901    0.2167   -0.0210   -0.4089   -0.0144   -0.4305
   19 H4     2py       -0.0000    0.0000    0.0000    0.0901    0.4695    0.0210    0.2167    0.0144   -0.4089   -0.0104
   20 H4     2pz       -0.2616   -0.3179   -0.1428   -0.0000    0.0000    0.0000   -0.0000    0.0000    0.0000   -0.0000
   21 H5     1s        -0.3066    0.1741    0.2118    0.0000    0.0000    0.0000    0.0000    0.0000    0.0000   -0.0000
   22 H5     2s        -0.9823    0.4416    0.4755   -0.0000   -0.0000   -0.0000   -0.0000    0.0000    0.0000   -0.0000
   23 H5     2px       -0.0000    0.0000   -0.0000    0.3745   -0.0719    0.4881   -0.0474    0.2300    0.0081   -0.2373
   24 H5     2py       -0.0000    0.0000    0.0000    0.0719    0.3745    0.0474    0.4881   -0.0081    0.2300   -0.0057
   25 H5     2pz        0.1036    0.3513    0.3466    0.0000   -0.0000   -0.0000   -0.0000   -0.0000   -0.0000    0.0000
   26 H6     1s         0.2720   -0.2174   -0.2068   -0.0000    0.0000   -0.0000    0.0000   -0.0000   -0.0000    0.0000
   27 H6     2s         0.4648   -0.1802   -0.1280    0.0000    0.0000    0.0000    0.0000    0.0000   -0.0000    0.0000
   28 H6     2px       -0.0000    0.0000   -0.0000    0.2072   -0.0398    0.3906   -0.0379    0.5086    0.0179    0.5338
   29 H6     2py       -0.0000    0.0000    0.0000    0.0398    0.2072    0.0379    0.3906   -0.0179    0.5086    0.0129
   30 H6     2pz        0.0607   -0.3270   -0.3616   -0.0000    0.0000    0.0000    0.0000   -0.0000    0.0000   -0.0000
 
 
      Orbital               21        22        23        24        25        26        27        28        29        30
      Energy            0.9959    1.0893    1.0893    1.1605    1.1605    1.2172    1.2507    1.3423    1.5301    1.7055
      Occ. No.          0.0000    0.0000    0.0000    0.0000    0.0000    0.0000    0.0000    0.0000    0.0000    0.0000
 
    1 H1     1s        -0.0000    0.0000    0.0000    0.0000    0.0000    0.2934   -0.2576   -0.2796   -0.2184    0.1377
    2 H1     2s        -0.0000    0.0000   -0.0000    0.0000    0.0000    0.4956   -0.3914   -0.3975   -0.2167    0.1020
    3 H1     2px        0.0129    0.4493    0.0177   -0.2579   -0.0076   -0.0000   -0.0000    0.0000    0.0000    0.0000
    4 H1     2py       -0.5338   -0.0177    0.4493    0.0076   -0.2579    0.0000   -0.0000    0.0000   -0.0000    0.0000
    5 H1     2pz       -0.0000    0.0000   -0.0000    0.0000    0.0000    0.5046   -0.1868   -0.6070   -0.5076    0.2962
    6 H2     1s         0.0000   -0.0000    0.0000   -0.0000   -0.0000   -0.6600    0.7620    0.4557    0.0977    0.0395
    7 H2     2s         0.0000   -0.0000    0.0000   -0.0000   -0.0000   -0.9474    1.2105    0.5284    0.1183   -0.0290
    8 H2     2px       -0.0057   -0.5588   -0.0220    0.4634    0.0136   -0.0000    0.0000    0.0000   -0.0000    0.0000
    9 H2     2py        0.2373    0.0220   -0.5588   -0.0136    0.4634   -0.0000    0.0000    0.0000   -0.0000    0.0000
   10 H2     2pz        0.0000   -0.0000    0.0000   -0.0000   -0.0000   -0.1602    0.3686   -0.3100   -0.7139    0.5882
   11 H3     1s        -0.0000    0.0000   -0.0000    0.0000    0.0000    0.3617   -1.2295   -0.0168    0.1611    0.0466
   12 H3     2s        -0.0000    0.0000   -0.0000    0.0000    0.0000    0.5062   -1.9077   -0.1486    0.0550    0.0420
   13 H3     2px       -0.0104    0.2471    0.0097   -0.5768   -0.0169    0.0000   -0.0000   -0.0000   -0.0000   -0.0000
   14 H3     2py        0.4305   -0.0097    0.2471    0.0169   -0.5768    0.0000   -0.0000   -0.0000    0.0000   -0.0000
   15 H3     2pz       -0.0000    0.0000   -0.0000    0.0000   -0.0000   -0.5257   -0.1986    0.4958   -0.3009    0.7371
   16 H4     1s         0.0000   -0.0000    0.0000   -0.0000   -0.0000    0.3618    1.2295    0.0168    0.1611   -0.0466
   17 H4     2s         0.0000   -0.0000    0.0000   -0.0000   -0.0000    0.5062    1.9077    0.1486    0.0550   -0.0420
   18 H4     2px        0.0104    0.2471    0.0097    0.5768    0.0169   -0.0000    0.0000    0.0000   -0.0000    0.0000
   19 H4     2py       -0.4305   -0.0097    0.2471   -0.0169    0.5768   -0.0000    0.0000    0.0000   -0.0000    0.0000
   20 H4     2pz       -0.0000    0.0000   -0.0000    0.0000    0.0000    0.5257   -0.1987    0.4958    0.3009    0.7371
   21 H5     1s        -0.0000   -0.0000   -0.0000    0.0000    0.0000   -0.6600   -0.7620   -0.4557    0.0977   -0.0395
   22 H5     2s        -0.0000    0.0000   -0.0000    0.0000    0.0000   -0.9474   -1.2105   -0.5284    0.1183    0.0290
   23 H5     2px        0.0057   -0.5588   -0.0220   -0.4634   -0.0136    0.0000   -0.0000   -0.0000    0.0000   -0.0000
   24 H5     2py       -0.2373    0.0220   -0.5588    0.0136   -0.4634    0.0000   -0.0000   -0.0000    0.0000    0.0000
   25 H5     2pz        0.0000   -0.0000    0.0000   -0.0000   -0.0000    0.1602    0.3686   -0.3100    0.7139    0.5882
   26 H6     1s         0.0000   -0.0000    0.0000   -0.0000   -0.0000    0.2934    0.2576    0.2796   -0.2184   -0.1377
   27 H6     2s         0.0000   -0.0000    0.0000   -0.0000   -0.0000    0.4956    0.3914    0.3975   -0.2167   -0.1020
   28 H6     2px       -0.0129    0.4493    0.0177    0.2579    0.0076    0.0000    0.0000    0.0000    0.0000    0.0000
   29 H6     2py        0.5338   -0.0177    0.4493   -0.0076    0.2579   -0.0000   -0.0000   -0.0000    0.0000   -0.0000
   30 H6     2pz       -0.0000    0.0000   -0.0000    0.0000    0.0000   -0.5046   -0.1868   -0.6070    0.5076    0.2962
--
 
      Von Neumann Entropy (Root  1) =  2.43560
 

      Mulliken population analysis for root number:  1
      -----------------------------------------------
 
 
++    Molecular charges:
      ------------------
 
      Mulliken charges per centre and basis function type
      ---------------------------------------------------
 
                H1      H2      H3      H4      H5      H6    
      1s       0.9825  1.0026  1.0007  1.0007  1.0026  0.9825
      2s       0.0085  0.0024 -0.0037 -0.0037  0.0024  0.0085
      2px      0.0000  0.0000  0.0000  0.0000  0.0000  0.0000
      2pz      0.0012  0.0032  0.0028  0.0028  0.0032  0.0012
      2py      0.0000  0.0000  0.0000  0.0000  0.0000  0.0000
      Total    0.9922  1.0081  0.9997  0.9997  1.0081  0.9922
 
      N-E      0.0078 -0.0081  0.0003  0.0003 -0.0081  0.0078
 
      Total electronic charge=    6.000000
 
      Total            charge=   -0.000000
--
 
 

      Expectation values of various properties for root number:  1
      -----------------------------------------------------------
 
 
++    Molecular properties:
      ---------------------
 
      Charge (e):
                      =   -0.0000
      Dipole Moment (Debye):
      Origin of the operator (Ang)=    0.0000    0.0000    0.0000
                   X= -3.0516E-08               Y= -9.7236E-09               Z=  2.8221E-06           Total=  2.8223E-06
      Quadrupole Moment (Debye*Ang):
      Origin of the operator (Ang)=    0.0000    0.0000    5.1970
                  XX= -9.2530E+00              XY= -4.9400E-17              XZ= -7.0690E-08              YY= -9.2530E+00
                  YZ= -1.6761E-08              ZZ= -7.2995E+00
      In traceless form (Debye*Ang)
                  XX= -9.7672E-01              XY= -7.4100E-17              XZ= -1.0603E-07              YY= -9.7672E-01
                  YZ= -2.5142E-08              ZZ=  1.9534E+00
--
 

      LoProp population analysis for root number:  1
      -----------------------------------------------
 
 
++    LoProp analysis:
      ----------------
 
 
 
  Input file to MOLDEN was generated!
 
 
++    Static properties:
      ------------------
 
 
      LoProp Charges per center
 

                   H1       H2       H3       H4       H5       H6    
      Nuclear      1.0000   1.0000   1.0000   1.0000   1.0000   1.0000
      Electronic  -1.0000  -1.0001  -1.0000  -1.0000  -1.0001  -1.0000
 
      Total        0.0000  -0.0001   0.0000   0.0000  -0.0001   0.0000
--
 
 
      Natural Bond Order analysis for root number:  1
 
++    Natural Bond Order analysis
      ---------------------------
      Based on LoProp computed density
      -------------------------------------------------------------------------------------
      Atom A       Atom B       Bond Order
      -------------------------------------------------------------------------------------
      NBO located      0.997 non-bonded electrons on atom H1        
      NBO located      1.017 non-bonded electrons on atom H3        
      NBO located      1.017 non-bonded electrons on atom H4        
      NBO located      0.997 non-bonded electrons on atom H6        
      The remaining    1.971 electrons are to be considered as diffuse
--
 
--
 
 
  Input file to MOLDEN was generated!
 
      Average orbitals are written to the RASORB file
      Natural orbitals for root   1 are written to the RASORB.1 file
      Spin density orbitals for root   1 are written to the SPDORB.1 file
 
 ###############################################################################
 ###############################################################################
 ###                                                                         ###
 ###                                                                         ###
 ###    RunFile label BirthCertificate                                       ###
 ###    was used       42 times                                              ###
 ###                                                                         ###
 ###                                                                         ###
 ###############################################################################
 ###############################################################################
forrtl: warning (525): IEEE_DIVIDE_BY_ZERO is signaling
forrtl: warning (526): IEEE_INVALID is signaling
forrtl: warning (528): IEEE_UNDERFLOW is signaling
--- Stop Module: rasscf at Sun Oct 26 13:06:50 2025 /rc=_RC_ALL_IS_WELL_ ---
*** files: H6_2.08.LprOrb H6_2.08.rasscf.molden H6_2.08.LoProp.molden H6_2.08.RasOrb.1 H6_2.08.RasOrb H6_2.08.rasscf.h5 H6_2.08.SpdOrb.1 xmldump
    saved to directory /home/grierjones/DDCASPT2/hydrogen_comps/rerun/H6_chain/H6_2.08
--- Module rasscf spent 2 seconds ---

>>> COPY /tmp/H6_2.08/H6_2.08.rasscf.h5 /home/grierjones/DDCASPT2/hydrogen_comps/rerun/H6_chain/H6_2.08/

>>> COPY /tmp/H6_2.08/GMJ_Fock_MO.csv /home/grierjones/DDCASPT2/hydrogen_comps/rerun/H6_chain/H6_2.08/H6_2.08.GMJ_Fock_MO.csv

*** symbolic link created: INPORB -> H6_2.08.RasOrb
--- Start Module: motra at Sun Oct 26 13:06:51 2025 ---
 
()()()()()()()()()()()()()()()()()()()()()()()()()()()()()()()()()()()()()()()()()()()()()()()()()()

                                               &MOTRA

                                   only a single process is used
                       available to each process: 2.0 GB of memory, 1 thread?
()()()()()()()()()()()()()()()()()()()()()()()()()()()()()()()()()()()()()()()()()()()()()()()()()()
 
 
      *** WARNING: Default frozen orbitals is overwritten by user input.
      *** Default values:   0
 
      Header of the integral files:
      
       Integrals generated by seward 4.2.0  , Sun Oct 26 13:06:47 2025
 
 
      Header of MO coefficients source file:
      * RASSCF average (pseudo-natural) orbitals                                      
 
 
      Cartesian coordinates in Angstrom:
      -----------------------------------------------------
      No.  Label        X            Y            Z        
      -----------------------------------------------------
       1   H1         0.00000000   0.00000000   0.00000000
       2   H2         0.00000000   0.00000000   2.07878800
       3   H3         0.00000000   0.00000000   4.15757600
       4   H4         0.00000000   0.00000000   6.23636400
       5   H5         0.00000000   0.00000000   8.31515200
       6   H6         0.00000000   0.00000000  10.39393900
      -----------------------------------------------------
      Nuclear repulsion energy =    2.21467610
 
      Orbital specifications:
      -----------------------
 
      Symmetry species:              1
      Number of basis functions:    30
      Frozen orbitals:               0
      Deleted orbitals:              0
      Number of orbitals used:      30

       SYMMETRY  BASIS FUNCTIONS       ORBITALS      INTEGRALS   CPU(SEC)  I/O(SEC)
        1 1 1 1   30  30  30  30    30  30  30  30      108345       0.00      0.00

       TOTAL CPU TIME(SEC)    0.06TOTAL I/O TIME(SEC)    0.16
 
--- Stop Module: motra at Sun Oct 26 13:06:51 2025 /rc=_RC_ALL_IS_WELL_ ---
*** files: xmldump
    saved to directory /home/grierjones/DDCASPT2/hydrogen_comps/rerun/H6_chain/H6_2.08

>>> COPY /tmp/H6_2.08/GMJ_one_int_indx.csv /home/grierjones/DDCASPT2/hydrogen_comps/rerun/H6_chain/H6_2.08/H6_2.08.GMJ_one_int_indx.csv

>>> COPY /tmp/H6_2.08/GMJ_one_int.csv /home/grierjones/DDCASPT2/hydrogen_comps/rerun/H6_chain/H6_2.08/H6_2.08.GMJ_one_int.csv

>>> COPY /tmp/H6_2.08/GMJ_two_int_indx.csv /home/grierjones/DDCASPT2/hydrogen_comps/rerun/H6_chain/H6_2.08/H6_2.08.GMJ_two_int_indx.csv

>>> COPY /tmp/H6_2.08/GMJ_two_int.csv /home/grierjones/DDCASPT2/hydrogen_comps/rerun/H6_chain/H6_2.08/H6_2.08.GMJ_two_int.csv

*** symbolic link created: INPORB -> H6_2.08.RasOrb
--- Start Module: caspt2 at Sun Oct 26 13:06:51 2025 ---
 
()()()()()()()()()()()()()()()()()()()()()()()()()()()()()()()()()()()()()()()()()()()()()()()()()()

                                              &CASPT2

                                   only a single process is used
                       available to each process: 2.0 GB of memory, 1 thread?
()()()()()()()()()()()()()()()()()()()()()()()()()()()()()()()()()()()()()()()()()()()()()()()()()()
 
 Cholesky algorithm in CASPT2 =    1
 
 ###############################################################################
 ###############################################################################
 ###                                                                         ###
 ###                                                                         ###
 ###    User changed nr of frozen orbitals.                                  ###
 ###                                                                         ###
 ###                                                                         ###
 ###############################################################################
 ###############################################################################
 
++    Wave function specifications:
      -----------------------------
 
      Number of closed shell electrons           0
      Number of electrons in active shells       6
      Max number of holes in RAS1 space          0
      Max number of electrons in RAS3 space      0
      Number of inactive orbitals                0
      Number of active orbitals                  6
      Number of secondary orbitals              24
      Spin quantum number                      0.0
      State symmetry                             1
      Number of CSFs                           175
      Number of root(s) available                1
      Root passed to geometry opt.               1
      A file JOBMIX will be created.
      This is a CASSCF or RASSCF reference function
--
 
++    Orbital specifications:
      -----------------------
 
      Symmetry species                           1
                                                 a
      Frozen orbitals                            0
      Inactive orbitals                          0
      Active orbitals                            6
      Secondary orbitals                        24
      Deleted orbitals                           0
      Number of basis functions                 30
--
 
      Type of Fock operator: STANDARD
      Type of 0-order Hamiltonian: STANDARD WITH DEFAULT IPEA
        "IP-EA" denominator shift =      0.25
      The input orbitals and the CI vector will be transformed.
 
--------------------------------------------------------------------------------
 Estimated memory requirements:
  POLY3 :                   262414
  RHS:                      285604
  SIGMA :                   275200
  PRPCTL:                        0
 Available workspace:    230396124
 
++ CASPT2 computation for group   1
 
********************************************************************************
 Multi-State initialization phase begins for group   1
--------------------------------------------------------------------------------
********************************************************************************
 Compute H0 matrices for state    1
--------------------------------------------------------------------------------
--------------------------------------------------------------------------------
 H0 matrices have been computed.
 
********************************************************************************
  CASPT2 EQUATION SOLUTION
--------------------------------------------------------------------------------
 
  Total nr of CASPT2 parameters:
   Before reduction:       15624
   After  reduction:       15096
 
 The contributions to the second order correlation energy in atomic units.
-----------------------------------------------------------------------------------------------------------------------------
  IT.      VJTU        VJTI        ATVX        AIVX        VJAI        BVAT        BJAT        BJAI        TOTAL       RNORM  
-----------------------------------------------------------------------------------------------------------------------------
   1     0.000000    0.000000   -0.002116    0.000000    0.000000   -0.005550    0.000000    0.000000   -0.007666    0.000836
   2     0.000000    0.000000   -0.002138    0.000000    0.000000   -0.005557    0.000000    0.000000   -0.007695    0.000093
   3     0.000000    0.000000   -0.002139    0.000000    0.000000   -0.005558    0.000000    0.000000   -0.007696    0.000016
   4     0.000000    0.000000   -0.002138    0.000000    0.000000   -0.005558    0.000000    0.000000   -0.007696    0.000002
-------------------------------------------------------------------------------------------------------------------
 
  FINAL CASPT2 RESULT:
 
  Correlation energy /Case, /Symm, and sums:
 VJTU      0.00000000  0.00000000
 VJTIP     0.00000000  0.00000000
 VJTIM     0.00000000  0.00000000
 ATVX     -0.00213844 -0.00213844
 AIVX      0.00000000  0.00000000
 VJAIP     0.00000000  0.00000000
 VJAIM     0.00000000  0.00000000
 BVATP    -0.00525549 -0.00525549
 BVATM    -0.00030206 -0.00030206
 BJATP     0.00000000  0.00000000
 BJATM     0.00000000  0.00000000
 BJAIP     0.00000000  0.00000000
 BJAIM     0.00000000  0.00000000
 Summed:  -0.00769599 -0.00769599
 
      Reference energy:          -3.0327529885
      E2 (Non-variational):      -0.0076959921
      E2 (Variational):          -0.0076959957
      Total energy:              -3.0404489842
      Residual norm:              0.0000002503
      Reference weight:           0.99537
 
      Contributions to the CASPT2 correlation energy
      Active & Virtual Only:         -0.0076959921
      One Inactive Excited:           0.0000000000
      Two Inactive Excited:           0.0000000000
 
 
++ Denominators, etc.
----------------------------------------------------------------------------------------------------
 Report on small energy denominators, large coefficients, and large energy contributions.
CASE  SYMM ACTIVE-MIX  NON-ACTIVE INDICES          DENOMINATOR     RHS VALUE       COEFFICIENT     CONTRIBUTION
--
 
   (Skipping property calculation,
    use PROP keyword to activate)
--
 
  Total CASPT2 energies:
::    CASPT2 Root  1     Total energy:     -3.04044898
 
  A NEW JOBIPH FILE NAMED 'JOBMIX' IS PREPARED.
********************************************************************************
forrtl: warning (528): IEEE_UNDERFLOW is signaling
--- Stop Module: caspt2 at Sun Oct 26 13:06:51 2025 /rc=_RC_ALL_IS_WELL_ ---
*** files: xmldump
    saved to directory /home/grierjones/DDCASPT2/hydrogen_comps/rerun/H6_chain/H6_2.08

>>> EXPORT i = B

>>> EXPORT j = P

>>> IF (-FILE GMJ_e2_${i}_${j}_1_.csv)
(Skipped)

>>> END FOREACH

>>> EXPORT j = M

>>> IF (-FILE GMJ_e2_${i}_${j}_1_.csv)
(Skipped)

>>> END FOREACH

>>> END FOREACH

>>> EXPORT i = E

>>> EXPORT j = P

>>> IF (-FILE GMJ_e2_${i}_${j}_1_.csv)
(Skipped)

>>> END FOREACH

>>> EXPORT j = M

>>> IF (-FILE GMJ_e2_${i}_${j}_1_.csv)
(Skipped)

>>> END FOREACH

>>> END FOREACH

>>> EXPORT i = F

>>> EXPORT j = P

>>> IF (-FILE GMJ_e2_${i}_${j}_1_.csv)

>>> COPY /tmp/H6_2.08/GMJ_RHS_F_P_1_.csv /home/grierjones/DDCASPT2/hydrogen_comps/rerun/H6_chain/H6_2.08/GMJ_RHS_F_P_1_.csv

>>> COPY /tmp/H6_2.08/GMJ_IVECW_F_P_1_.csv /home/grierjones/DDCASPT2/hydrogen_comps/rerun/H6_chain/H6_2.08/GMJ_IVECW_F_P_1_.csv

>>> COPY /tmp/H6_2.08/GMJ_IVECX_F_P_1_.csv /home/grierjones/DDCASPT2/hydrogen_comps/rerun/H6_chain/H6_2.08/GMJ_IVECX_F_P_1_.csv

>>> COPY /tmp/H6_2.08/GMJ_IVECC2_F_P_1_.csv /home/grierjones/DDCASPT2/hydrogen_comps/rerun/H6_chain/H6_2.08/GMJ_IVECC2_F_P_1_.csv

>>> COPY /tmp/H6_2.08/GMJ_e2_F_P_1_.csv /home/grierjones/DDCASPT2/hydrogen_comps/rerun/H6_chain/H6_2.08/GMJ_e2_F_P_1_.csv

>>> END FOREACH

>>> EXPORT j = M

>>> IF (-FILE GMJ_e2_${i}_${j}_1_.csv)

>>> COPY /tmp/H6_2.08/GMJ_RHS_F_M_1_.csv /home/grierjones/DDCASPT2/hydrogen_comps/rerun/H6_chain/H6_2.08/GMJ_RHS_F_M_1_.csv

>>> COPY /tmp/H6_2.08/GMJ_IVECW_F_M_1_.csv /home/grierjones/DDCASPT2/hydrogen_comps/rerun/H6_chain/H6_2.08/GMJ_IVECW_F_M_1_.csv

>>> COPY /tmp/H6_2.08/GMJ_IVECX_F_M_1_.csv /home/grierjones/DDCASPT2/hydrogen_comps/rerun/H6_chain/H6_2.08/GMJ_IVECX_F_M_1_.csv

>>> COPY /tmp/H6_2.08/GMJ_IVECC2_F_M_1_.csv /home/grierjones/DDCASPT2/hydrogen_comps/rerun/H6_chain/H6_2.08/GMJ_IVECC2_F_M_1_.csv

>>> COPY /tmp/H6_2.08/GMJ_e2_F_M_1_.csv /home/grierjones/DDCASPT2/hydrogen_comps/rerun/H6_chain/H6_2.08/GMJ_e2_F_M_1_.csv

>>> END FOREACH

>>> END FOREACH

>>> EXPORT i = G

>>> EXPORT j = P

>>> IF (-FILE GMJ_e2_${i}_${j}_1_.csv)
(Skipped)

>>> END FOREACH

>>> EXPORT j = M

>>> IF (-FILE GMJ_e2_${i}_${j}_1_.csv)
(Skipped)

>>> END FOREACH

>>> END FOREACH

>>> EXPORT i = H

>>> EXPORT j = P

>>> IF (-FILE GMJ_e2_${i}_${j}_1_.csv)
(Skipped)

>>> END FOREACH

>>> EXPORT j = M

>>> IF (-FILE GMJ_e2_${i}_${j}_1_.csv)
(Skipped)

>>> END FOREACH

>>> END FOREACH

>>> EXPORT i = A

>>> IF (-FILE GMJ_e2_${i}_1_.csv)
(Skipped)

>>> END FOREACH

>>> EXPORT i = C

>>> IF (-FILE GMJ_e2_${i}_1_.csv)

>>> COPY /tmp/H6_2.08/GMJ_RHS_C_1_.csv /home/grierjones/DDCASPT2/hydrogen_comps/rerun/H6_chain/H6_2.08/GMJ_RHS_C_1_.csv

>>> COPY /tmp/H6_2.08/GMJ_IVECW_C_1_.csv /home/grierjones/DDCASPT2/hydrogen_comps/rerun/H6_chain/H6_2.08/GMJ_IVECW_C_1_.csv

>>> COPY /tmp/H6_2.08/GMJ_IVECX_C_1_.csv /home/grierjones/DDCASPT2/hydrogen_comps/rerun/H6_chain/H6_2.08/GMJ_IVECX_C_1_.csv

>>> COPY /tmp/H6_2.08/GMJ_IVECC2_C_1_.csv /home/grierjones/DDCASPT2/hydrogen_comps/rerun/H6_chain/H6_2.08/GMJ_IVECC2_C_1_.csv

>>> COPY /tmp/H6_2.08/GMJ_e2_C_1_.csv /home/grierjones/DDCASPT2/hydrogen_comps/rerun/H6_chain/H6_2.08/GMJ_e2_C_1_.csv

>>> END FOREACH

>>> EXPORT i = D

>>> IF (-FILE GMJ_e2_${i}_1_.csv)
(Skipped)

>>> END FOREACH

.########################.
.# Non-zero return code #.
.########################.

    Timing: Wall=4.00 User=3.24 System=0.75
***************************************
*** WorkDir at /tmp/H6_2.08 cleaned ***
***************************************
