   This run of MOLCAS is using the pymolcas driver

                             OPE
                             OPE          NMOL  CASOP  ENMOLC A   SO
                 OPE        NMOLC        AS  OP EN  MO LC     AS  OP
                OPENM       OL CA        SO  PE NM  OL CA     SOP EN
                OP EN      MO   LC       AS  OP ENMOL  CASO   PENMOL
                OP  EN     MO   LC       AS  OP EN     MO     LC ASO
               OP   E  NMOL  C  AS       OP  EN MO     LC     AS  OP
               OP  E   NMO   LC AS        OPEN  MO     LCASOP EN   M
               O  PEN   MO  LCA  SO
            OPE   NMO   L   CAS    OP
        OPENMOL  CASOP     ENMOL   CASOPE
     OPENMOLCA   SOPENMOLCASOPEN   MOLCASOPE
    OPENMOLCAS   OP           EN   MOL    CAS
    OPENMOLCAS       OP  ENM        O     LCA
    OPENMOLCAS    OPEN  MOLCASO     P  E  NMO
    OPENMOLCAS     OP               E  N  MOL
    OPENMOLCA   SO           PENM   O  L  CAS    OPEN    MO    LCAS
    OPENMOLCA   SOP           ENM   O  L  CAS   OP  EN  MOLC  AS   O
    OPENMOLCA   SOPE           NM      O  LCA   S      OP  EN MO
    OPENMOLC                AS         O  PEN   M      OL  CA  SOPE
    OPENMO        LCASOPE  NMOL        C  ASO   P      ENMOLC     AS
    OPE     NMO      LCA  SO     P     E   NM   OL  CA SO  PE N   MO
          OPENMOLCA            SOPE   NMO        LCAS  O    P  ENMO
     OPENMOLCASOPENMOLCASOPENMOLCASOPENMOLCA
        OPENMOLCASOPENMOLCASOPENMOLCASOPE
            OPENMOLCASOPENMOLCASOPENM
               OPENMOLCASOPENMOLCA        version: f37762c57
                   OPENMOLCASO
                       OPE                tag:

 OpenMolcas is free software; you can redistribute it and/or modify it
 under the terms of the GNU Lesser General Public License version 2.1.
 OpenMolcas is distributed in the hope that it will be useful, but it
 is provided "as is" and without any express or implied warranties.
 For more details see the full text of the license in the file
 LICENSE or in <http://www.gnu.org/licenses/>.

                 Copyright (C) The OpenMolcas Authors
           For the author list and the recommended citation,
                   consult the file CONTRIBUTORS.md

           *************************************************
           * pymolcas version py2.28                       *
           *   build c4a6d18ded8cb6cad61d2372a9abd97c      *
           *   (after the EMIL interpreter by V. Veryazov) *
           *************************************************

configuration info
------------------
C Compiler ID: Intel
C flags: -std=gnu99 -gcc-sys
Fortran Compiler ID: IntelLLVM
Fortran flags: -standard-semantics -fltconsistency -fpp -i8 -heap-arrays
Definitions: _MOLCAS_;_I8_;_LINUX_
Parallel: OFF (GA=OFF)


   --------------------------------------------------------------------------------------
  |
  |              Project: H8_2.76
  |       Submitted from: ${LOCALHOME}/DDCASPT2/hydrogen_comps/rerun/H8_chain/H8_2.76
  |         Scratch area: /tmp/H8_2.76
  |      Save outputs to: ${LOCALHOME}/DDCASPT2/hydrogen_comps/rerun/H8_chain/H8_2.76
  |               Molcas: ${LOCALHOME}/Test/build
  |
  | Scratch area is empty
  |
  |       MOLCAS_DRIVER = /usr/local/pymolcas
  | MOLCAS_KEEP_WORKDIR = NO
  |  MOLCAS_NEW_WORKDIR = YES
  |       MOLCAS_NPROCS = 1
  |        MOLCAS_PRINT = NORMAL
  |       MOLCAS_SOURCE = ${LOCALHOME}/Test
  |    MOLCAS_STRUCTURE = 0
  |
   --------------------------------------------------------------------------------------

++ ---------   Input file   ---------

&GATEWAY
coord=H8_2.76.xyz
Basis = ANO-RCC-VDZP
Group = nosymm
End of Input

&SEWARD
End of Input

&SCF

>>> COPY $WorkDir/H8_2.76.scf.h5 $CurrDir/

&RASSCF
Title= RASSCF
FileOrb
${LOCALHOME}/DDCASPT2/hydrogen_comps/rerun/H8_chain/H8_0.60/H8_0.60.RasOrb
NACTEL
8 0 0
Inactive
0
RAS2
8
Symmetry
1
Spin
1
orblisting
all

>>> COPY $WorkDir/H8_2.76.rasscf.h5 $CurrDir/

>>> COPY $WorkDir/DDCASPT2_Fock_MO.csv $CurrDir/H8_2.76.DDCASPT2_Fock_MO.csv

&MOTRA
Frozen=0
LUMORB

>>> COPY $WorkDir/DDCASPT2_one_int_indx.csv $CurrDir/H8_2.76.DDCASPT2_one_int_indx.csv

>>> COPY $WorkDir/DDCASPT2_one_int.csv $CurrDir/H8_2.76.DDCASPT2_one_int.csv

>>> COPY $WorkDir/DDCASPT2_two_int_indx.csv $CurrDir/H8_2.76.DDCASPT2_two_int_indx.csv

>>> COPY $WorkDir/DDCASPT2_two_int.csv $CurrDir/H8_2.76.DDCASPT2_two_int.csv

&CASPT2
Frozen
0

MAXITER
50

>>> FOREACH i IN (B,E,F,G,H)

  >>> FOREACH j IN (P,M)

    >>> IF (-FILE DDCASPT2_e2_${i}_${j}_1_.csv)

      >>> COPY $WorkDir/DDCASPT2_RHS_${i}_${j}_1_.csv $CurrDir/DDCASPT2_RHS_${i}_${j}_1_.csv

      >>> COPY $WorkDir/DDCASPT2_IVECW_${i}_${j}_1_.csv $CurrDir/DDCASPT2_IVECW_${i}_${j}_1_.csv

      >>> COPY $WorkDir/DDCASPT2_IVECX_${i}_${j}_1_.csv $CurrDir/DDCASPT2_IVECX_${i}_${j}_1_.csv

      >>> COPY $WorkDir/DDCASPT2_IVECC2_${i}_${j}_1_.csv $CurrDir/DDCASPT2_IVECC2_${i}_${j}_1_.csv

      >>> COPY $WorkDir/DDCASPT2_e2_${i}_${j}_1_.csv $CurrDir/DDCASPT2_e2_${i}_${j}_1_.csv

    >>> END IF

  >>> END FOREACH

>>> END FOREACH

>>> FOREACH i IN (A,C,D)

  >>> IF (-FILE DDCASPT2_e2_${i}_1_.csv)

    >>> COPY $WorkDir/DDCASPT2_RHS_${i}_1_.csv $CurrDir/DDCASPT2_RHS_${i}_1_.csv

    >>> COPY $WorkDir/DDCASPT2_IVECW_${i}_1_.csv $CurrDir/DDCASPT2_IVECW_${i}_1_.csv

    >>> COPY $WorkDir/DDCASPT2_IVECX_${i}_1_.csv $CurrDir/DDCASPT2_IVECX_${i}_1_.csv

    >>> COPY $WorkDir/DDCASPT2_IVECC2_${i}_1_.csv $CurrDir/DDCASPT2_IVECC2_${i}_1_.csv

    >>> COPY $WorkDir/DDCASPT2_e2_${i}_1_.csv $CurrDir/DDCASPT2_e2_${i}_1_.csv

  >>> END IF

>>> END FOREACH

-- ----------------------------------

--- Start Module: gateway at Sun Oct 26 13:44:49 2025 ---
 
()()()()()()()()()()()()()()()()()()()()()()()()()()()()()()()()()()()()()()()()()()()()()()()()()()

                                              &GATEWAY

                                   only a single process is used
                       available to each process: 2.0 GB of memory, 1 thread?
()()()()()()()()()()()()()()()()()()()()()()()()()()()()()()()()()()()()()()()()()()()()()()()()()()
 
 
++    Symmetry information:
      ---------------------
 
                    Character Table for C1 
 
                             E  
                    a        1  x, y, xy, Rz, z, xz, Ry, yz, Rx, I
--
 
 
++    Basis set information:
      ----------------------
 
 
      Basis set label: H.ANO-RCC...2S1P.
 
      Electronic valence basis set:
      ------------------
      Associated Effective Charge   1.000000 au
      Associated Actual Charge      1.000000 au
      Nuclear Model: Point charge
 
      Shell  nPrim  nBasis  Cartesian Spherical Contaminant
         s       8       2        X                  
         p       4       1        X                  
--
 
 
++    Molecular structure info:
      -------------------------
 
                    ************************************************ 
                    **** Cartesian Coordinates / Bohr, Angstrom **** 
                    ************************************************ 
 
     Center  Label                x              y              z                     x              y              z
        1      H1               0.000000       0.000000       0.000000              0.000000       0.000000       0.000000
        2      H2               0.000000       0.000000       5.211063              0.000000       0.000000       2.757576
        3      H3               0.000000       0.000000      10.422127              0.000000       0.000000       5.515152
        4      H4               0.000000       0.000000      15.633188              0.000000       0.000000       8.272727
        5      H5               0.000000       0.000000      20.844252              0.000000       0.000000      11.030303
        6      H6               0.000000       0.000000      26.055315              0.000000       0.000000      13.787879
        7      H7               0.000000       0.000000      31.266379              0.000000       0.000000      16.545455
        8      H8               0.000000       0.000000      36.477440              0.000000       0.000000      19.303030
 
                    *************************************** 
                    *    InterNuclear Distances / Bohr    * 
                    *************************************** 
 
               1 H1            2 H2            3 H3            4 H4            5 H5            6 H6    
    1 H1       0.000000
    2 H2       5.211063        0.000000
    3 H3      10.422127        5.211063        0.000000
    4 H4      15.633188       10.422125        5.211062        0.000000
    5 H5      20.844252       15.633188       10.422125        5.211063        0.000000
    6 H6      26.055315       20.844252       15.633188       10.422127        5.211063        0.000000
    7 H7      31.266379       26.055315       20.844252       15.633190       10.422127        5.211063
    8 H8      36.477440       31.266377       26.055313       20.844252       15.633188       10.422125
 
               7 H7            8 H8    
    7 H7       0.000000
    8 H8       5.211062        0.000000
 
                    ******************************************* 
                    *    InterNuclear Distances / Angstrom    * 
                    ******************************************* 
 
               1 H1            2 H2            3 H3            4 H4            5 H5            6 H6    
    1 H1       0.000000
    2 H2       2.757576        0.000000
    3 H3       5.515152        2.757576        0.000000
    4 H4       8.272727        5.515151        2.757575        0.000000
    5 H5      11.030303        8.272727        5.515151        2.757576        0.000000
    6 H6      13.787879       11.030303        8.272727        5.515152        2.757576        0.000000
    7 H7      16.545455       13.787879       11.030303        8.272728        5.515152        2.757576
    8 H8      19.303030       16.545454       13.787878       11.030303        8.272727        5.515151
 
               7 H7            8 H8    
    7 H7       0.000000
    8 H8       2.757575        0.000000
--
 
 
            Nuclear Potential Energy              2.63724645 au
 
--- Stop Module: gateway at Sun Oct 26 13:44:49 2025 /rc=_RC_ALL_IS_WELL_ ---
*** files: xmldump
    saved to directory ${LOCALHOME}/DDCASPT2/hydrogen_comps/rerun/H8_chain/H8_2.76

--- Start Module: seward at Sun Oct 26 13:44:49 2025 ---
 
()()()()()()()()()()()()()()()()()()()()()()()()()()()()()()()()()()()()()()()()()()()()()()()()()()

                                              &SEWARD

                                   only a single process is used
                       available to each process: 2.0 GB of memory, 1 thread?
()()()()()()()()()()()()()()()()()()()()()()()()()()()()()()()()()()()()()()()()()()()()()()()()()()
 
               SEWARD will generate:
                  Multipole Moment integrals up to order  2
                  Kinetic Energy integrals
                  Nuclear Attraction integrals (point charge)
                  One-Electron Hamiltonian integrals
                  Velocity integrals
                  Relativistic Douglas-Kroll-Hess integrals:
                    - Parametrization         : EXP
                    - DKH order of Hamiltonian: 2
                    - DKH order of Properties : 0
                         - multipole moment operators
                         - electric potential operators
                         - contact operators
                  Atomic mean-field integrals
                  Two-Electron Repulsion integrals
 
                   Integrals are discarded if absolute value <: 0.10E-13
                   Integral cutoff threshold is set to       <: 0.10E-15
 
            Nuclear Potential Energy              2.63724645 au
 
 
      Basis set specifications :
      Symmetry species         a  
      Basis functions           40
 
 
  Input file to MOLDEN was generated!
 
forrtl: warning (525): IEEE_DIVIDE_BY_ZERO is signaling
forrtl: warning (526): IEEE_INVALID is signaling
forrtl: warning (528): IEEE_UNDERFLOW is signaling
--- Stop Module: seward at Sun Oct 26 13:44:50 2025 /rc=_RC_ALL_IS_WELL_ ---
*** files: H8_2.76.GssOrb H8_2.76.guessorb.h5 H8_2.76.guessorb.molden xmldump
    saved to directory ${LOCALHOME}/DDCASPT2/hydrogen_comps/rerun/H8_chain/H8_2.76

*** symbolic link created: INPORB -> H8_2.76.GssOrb
--- Start Module: scf at Sun Oct 26 13:44:50 2025 ---
 
()()()()()()()()()()()()()()()()()()()()()()()()()()()()()()()()()()()()()()()()()()()()()()()()()()

                                                &SCF

                                   only a single process is used
                       available to each process: 2.0 GB of memory, 1 thread?
()()()()()()()()()()()()()()()()()()()()()()()()()()()()()()()()()()()()()()()()()()()()()()()()()()
 
++    Input section:
      --------------
 
      Header of the integral files:
      
       Integrals generated by seward 4.2.0  , Sun Oct 26 13:44:49 2025
 
 
      Cartesian coordinates in Angstrom:
      -----------------------------------------------------
      No.  Label        X            Y            Z        
      -----------------------------------------------------
       1   H1         0.00000000   0.00000000   0.00000000
       2   H2         0.00000000   0.00000000   2.75757600
       3   H3         0.00000000   0.00000000   5.51515200
       4   H4         0.00000000   0.00000000   8.27272700
       5   H5         0.00000000   0.00000000  11.03030300
       6   H6         0.00000000   0.00000000  13.78787900
       7   H7         0.00000000   0.00000000  16.54545500
       8   H8         0.00000000   0.00000000  19.30303000
      -----------------------------------------------------
      Nuclear repulsion energy =    2.63724645
--
 
++    Orbital specifications:
      -----------------------
 
      Symmetry species               1
                                     a
      Frozen orbitals                0
      Occupied orbitals              4
      Secondary orbitals            36
      Deleted orbitals               0
      Total number of orbitals      40
      Number of basis functions     40
--
 
      Molecular charge                           0.000
 
++    Optimization specifications:
      ----------------------------
 
      SCF Algorithm: Conventional
      Minimized density differences are used
      Number of density matrices in core                5
      Maximum number of NDDO SCF iterations           400
      Maximum number of HF SCF iterations             400
      Threshold for SCF energy change            0.10E-08
      Threshold for density matrix               0.10E-03
      Threshold for Fock matrix                  0.15E-03
      Threshold for linear dependence            0.10E-08
      Threshold at which DIIS is turned on       0.15E+00
      Threshold at which QNR/C2DIIS is turned on 0.75E-01
      Threshold for Norm(delta) (QNR/C2DIIS)     0.20E-04
      DIIS extrapolation of the SCF procedure
      All orbitals punched on: SCFORB
--
 
      Input vectors read from INPORB
      Orbital file label: *Guess orbitals
 
 
++ Convergence information
                                   SCF        iterations: Energy and convergence statistics
 
Iter     Tot. SCF        One-elec.       Two-elec.     Energy      Max Dij or  Max Fij      DNorm      TNorm      AccCon     Time
         Energy          Energy          Energy        Change      Delta Norm                                                in Sec.
   1    -3.123385978    -9.354175271     3.593542840   0.00E+00    0.41E+00*   0.13E+00*    0.45E+01   0.72E+01   None         0.
   2    -3.373021602    -9.323217415     3.312949360  -0.25E+00*   0.15E+00*   0.25E-01*    0.14E+01   0.69E+01   EDIIS        0.
   3    -3.385470396    -9.261955508     3.239238659  -0.12E-01*   0.10E+00*   0.97E-02*    0.33E+00   0.68E+01   EDIIS        0.
   4    -3.388221366    -9.269301053     3.243833234  -0.28E-02*   0.66E-01*   0.61E-02*    0.19E+00   0.68E+01   c2DIIS       0.
   5    -3.389308724    -9.255775573     3.229220396  -0.11E-02*   0.30E-01*   0.43E-02*    0.42E-01   0.68E+01   QNRc2DIIS    0.
   6    -3.389735085    -9.263248174     3.236266636  -0.43E-03*   0.30E-01*   0.30E-02*    0.22E-01   0.68E+01   QNRc2DIIS    0.
   7    -3.390007047    -9.260178631     3.232925132  -0.27E-03*   0.11E-01*   0.88E-03*    0.10E-01   0.68E+01   QNRc2DIIS    0.
   8    -3.390022014    -9.257859090     3.230590623  -0.15E-04*   0.27E-02*   0.51E-03*    0.46E-02   0.68E+01   QNRc2DIIS    0.
   9    -3.390027268    -9.258452986     3.231179265  -0.53E-05*   0.28E-03*   0.25E-04     0.18E-02   0.68E+01   QNRc2DIIS    0.
  10    -3.390027295    -9.258473329     3.231199581  -0.27E-07*   0.68E-04*   0.72E-05     0.38E-03   0.68E+01   QNRc2DIIS    0.
  11    -3.390027296    -9.258470467     3.231196718  -0.17E-08*   0.30E-04*   0.21E-05     0.51E-04   0.68E+01   QNRc2DIIS    0.
  12    -3.390027297    -9.258470176     3.231196426  -0.22E-09    0.14E-05    0.22E-06     0.15E-04   0.68E+01   QNRc2DIIS    0.
 
       Convergence after 12 Macro Iterations
--
 
 *****************************************************************************************************************************
 *                                                                                                                           *
 *                                             SCF/KS-DFT Program, Final results                                             *
 *                                                                                                                           *
 *                                                                                                                           *
 *                                                                                                                           *
 *                                                       Final Results                                                       *
 *                                                                                                                           *
 *****************************************************************************************************************************
 
::    Total SCF energy                                 -3.3900272967
      One-electron energy                              -9.2584701757
      Two-electron energy                               3.2311964260
      Nuclear repulsion energy                          2.6372464530
      Kinetic energy (interpolated)                     2.6291468437
      Virial theorem                                    1.2894020373
      Total spin, S(S+1)                                0.0000000000
      Total spin, S                                     0.0000000000
      Max non-diagonal density matrix element           0.0000018062
      Max non-diagonal Fock matrix element              0.0000000625
 
 
      All orbitals with orbital energies smaller than  E(LUMO)+0.5 are printed
 
++    Molecular orbitals:
      -------------------
 
      Title: SCF orbitals

      Molecular orbitals for symmetry species 1: a  
 
          Orbital            1         2         3         4         5         6         7         8         9        10    
          Energy           -0.3719   -0.3598   -0.3422   -0.3240   -0.1554   -0.1302   -0.1041   -0.0850    0.3168    0.3281
          Occ. No.          2.0000    2.0000    2.0000    2.0000    0.0000    0.0000    0.0000    0.0000    0.0000    0.0000
 
        1 H1     1s         0.1767   -0.3278    0.3999   -0.3045    0.3449   -0.4840    0.4318   -0.2493   -0.1051    0.1643
        2 H1     2s         0.0354   -0.0672    0.0851   -0.0674    0.1044   -0.1528    0.1404   -0.0818    0.1967   -0.3515
        3 H1     2px        0.0000   -0.0000    0.0000   -0.0000   -0.0000    0.0000   -0.0000    0.0000   -0.0000   -0.0000
        4 H1     2py        0.0000   -0.0000   -0.0000   -0.0000   -0.0000    0.0000   -0.0000   -0.0000   -0.0000    0.0000
        5 H1     2pz        0.0054   -0.0089    0.0093   -0.0059   -0.0027    0.0073   -0.0104    0.0080   -0.0035    0.0048
        6 H2     1s         0.2295   -0.3824    0.3930   -0.2454   -0.2013    0.4311   -0.5304    0.3691   -0.1737    0.2221
        7 H2     2s         0.0398   -0.0794    0.1002   -0.0742   -0.0556    0.1382   -0.1802    0.1263    0.2230   -0.3136
        8 H2     2px        0.0000    0.0000   -0.0000   -0.0000    0.0000   -0.0000   -0.0000   -0.0000   -0.0000    0.0000
        9 H2     2py        0.0000   -0.0000   -0.0000    0.0000    0.0000    0.0000   -0.0000   -0.0000    0.0000   -0.0000
       10 H2     2pz       -0.0013    0.0046   -0.0090    0.0089   -0.0122    0.0124   -0.0039   -0.0022    0.0026   -0.0010
       11 H3     1s         0.3604   -0.2881   -0.1627    0.4050   -0.4476    0.1571    0.4126   -0.5085   -0.1966    0.1626
       12 H3     2s         0.0715   -0.0518   -0.0510    0.1058   -0.1379    0.0457    0.1415   -0.1710    0.2743   -0.2525
       13 H3     2px        0.0000   -0.0000   -0.0000    0.0000   -0.0000    0.0000    0.0000    0.0000   -0.0000   -0.0000
       14 H3     2py        0.0000   -0.0000   -0.0000    0.0000   -0.0000   -0.0000    0.0000   -0.0000    0.0000   -0.0000
       15 H3     2pz        0.0058   -0.0013   -0.0078    0.0087    0.0102   -0.0136    0.0029    0.0072   -0.0020    0.0036
       16 H4     1s         0.3816   -0.2054   -0.2713    0.3790    0.3889   -0.3810   -0.2208    0.5534   -0.2171    0.0575
       17 H4     2s         0.0716   -0.0535   -0.0547    0.1036    0.1167   -0.1290   -0.0713    0.1873    0.2985   -0.0899
       18 H4     2px       -0.0000   -0.0000    0.0000    0.0000   -0.0000   -0.0000   -0.0000    0.0000    0.0000    0.0000
       19 H4     2py       -0.0000    0.0000    0.0000   -0.0000    0.0000    0.0000   -0.0000    0.0000    0.0000    0.0000
       20 H4     2pz       -0.0043    0.0069    0.0009   -0.0102    0.0136    0.0016   -0.0126    0.0032    0.0030    0.0029
       21 H5     1s         0.3816    0.2054   -0.2713   -0.3790    0.3889    0.3810   -0.2208   -0.5534   -0.2171   -0.0575
       22 H5     2s         0.0716    0.0535   -0.0547   -0.1036    0.1167    0.1290   -0.0713   -0.1873    0.2985    0.0899
       23 H5     2px        0.0000    0.0000   -0.0000   -0.0000   -0.0000   -0.0000   -0.0000   -0.0000   -0.0000    0.0000
       24 H5     2py       -0.0000    0.0000    0.0000   -0.0000   -0.0000   -0.0000   -0.0000    0.0000   -0.0000    0.0000
       25 H5     2pz        0.0043    0.0069   -0.0009   -0.0102   -0.0136    0.0016    0.0126    0.0032   -0.0030    0.0029
       26 H6     1s         0.3604    0.2881   -0.1627   -0.4050   -0.4476   -0.1571    0.4126    0.5085   -0.1966   -0.1626
       27 H6     2s         0.0715    0.0518   -0.0510   -0.1058   -0.1379   -0.0457    0.1415    0.1710    0.2743    0.2525
       28 H6     2px        0.0000    0.0000    0.0000   -0.0000   -0.0000   -0.0000   -0.0000   -0.0000   -0.0000    0.0000
       29 H6     2py        0.0000    0.0000    0.0000    0.0000   -0.0000    0.0000   -0.0000   -0.0000    0.0000    0.0000
       30 H6     2pz       -0.0058   -0.0013    0.0078    0.0087   -0.0102   -0.0136   -0.0029    0.0072    0.0020    0.0036
       31 H7     1s         0.2295    0.3824    0.3930    0.2454   -0.2013   -0.4311   -0.5304   -0.3691   -0.1737   -0.2221
       32 H7     2s         0.0398    0.0794    0.1002    0.0742   -0.0556   -0.1382   -0.1802   -0.1263    0.2230    0.3136
       33 H7     2px       -0.0000   -0.0000   -0.0000    0.0000    0.0000    0.0000   -0.0000    0.0000   -0.0000    0.0000
       34 H7     2py       -0.0000   -0.0000   -0.0000   -0.0000    0.0000    0.0000    0.0000   -0.0000    0.0000   -0.0000
       35 H7     2pz        0.0013    0.0046    0.0090    0.0089    0.0122    0.0124    0.0039   -0.0022   -0.0026   -0.0010
       36 H8     1s         0.1767    0.3278    0.3999    0.3045    0.3449    0.4840    0.4318    0.2493   -0.1051   -0.1643
       37 H8     2s         0.0354    0.0672    0.0851    0.0674    0.1044    0.1528    0.1404    0.0818    0.1967    0.3515
       38 H8     2px       -0.0000   -0.0000   -0.0000   -0.0000   -0.0000    0.0000    0.0000   -0.0000   -0.0000    0.0000
       39 H8     2py       -0.0000   -0.0000   -0.0000   -0.0000   -0.0000   -0.0000   -0.0000    0.0000    0.0000    0.0000
       40 H8     2pz       -0.0054   -0.0089   -0.0093   -0.0059    0.0027    0.0073    0.0104    0.0080    0.0035    0.0048
--
 
 
++    Molecular charges:
      ------------------
 
      Mulliken charges per centre and basis function type
      ---------------------------------------------------
 
                H1      H2      H3      H4      H5      H6      H7      H8    
      1s       0.8823  0.9229  0.9044  0.9086  0.9086  0.9044  0.9229  0.8823
      2s       0.0900  0.0971  0.0903  0.0917  0.0917  0.0903  0.0971  0.0900
      2px      0.0000  0.0000  0.0000  0.0000  0.0000  0.0000  0.0000  0.0000
      2pz      0.0029  0.0033  0.0033  0.0032  0.0032  0.0033  0.0033  0.0029
      2py      0.0000  0.0000  0.0000  0.0000  0.0000  0.0000  0.0000  0.0000
      Total    0.9752  1.0233  0.9979  1.0035  1.0035  0.9979  1.0233  0.9752
 
      N-E      0.0248 -0.0233  0.0021 -0.0035 -0.0035  0.0021 -0.0233  0.0248
 
      Total electronic charge=    8.000000
 
      Total            charge=   -0.000000
--
 
 
  Input file to MOLDEN was generated!
 
 
++    Static properties:
      ------------------
 
 
      LoProp Charges per center
 

                   H1       H2       H3       H4       H5       H6       H7       H8    
      Nuclear      1.0000   1.0000   1.0000   1.0000   1.0000   1.0000   1.0000   1.0000
      Electronic  -0.9837  -1.0141  -0.9987  -1.0035  -1.0035  -0.9987  -1.0141  -0.9837
 
      Total        0.0163  -0.0141   0.0013  -0.0035  -0.0035   0.0013  -0.0141   0.0163
--
 
 
++    Natural Bond Order analysis
      ---------------------------
      Based on LoProp computed density
      -------------------------------------------------------------------------------------
      Atom A       Atom B       Bond Order
      -------------------------------------------------------------------------------------
      NBO located      0.976 non-bonded electrons on atom H1        
      NBO located      1.004 non-bonded electrons on atom H3        
      NBO located      1.009 non-bonded electrons on atom H4        
      NBO located      1.009 non-bonded electrons on atom H5        
      NBO located      1.004 non-bonded electrons on atom H6        
      NBO located      0.976 non-bonded electrons on atom H8        
      The remaining    2.022 electrons are to be considered as diffuse
--
 
 
++    Molecular properties:
      ---------------------
 
      Charge (e):
                      =   -0.0000
      Dipole Moment (Debye):
      Origin of the operator (Ang)=    0.0000    0.0000    0.0000
                   X= -4.3987E-14               Y= -2.6364E-15               Z= -2.0969E-07           Total=  2.0969E-07
      Quadrupole Moment (Debye*Ang):
      Origin of the operator (Ang)=    0.0000    0.0000    9.6515
                  XX= -1.9579E+01              XY= -2.8329E-29              XZ=  4.8182E-13              YY= -1.9579E+01
                  YZ=  1.4193E-13              ZZ= -3.7730E-02
      In traceless form (Debye*Ang)
                  XX= -9.7706E+00              XY= -4.2493E-29              XZ=  7.2274E-13              YY= -9.7706E+00
                  YZ=  2.1290E-13              ZZ=  1.9541E+01
--
 
 
  Input file to MOLDEN was generated!
 
 ###############################################################################
 ###############################################################################
 ###                                                                         ###
 ###                                                                         ###
 ###    RunFile label nBas                                                   ###
 ###    was used       78 times                                              ###
 ###                                                                         ###
 ###                                                                         ###
 ###############################################################################
 ###############################################################################
forrtl: warning (528): IEEE_UNDERFLOW is signaling
--- Stop Module: scf at Sun Oct 26 13:44:50 2025 /rc=_RC_ALL_IS_WELL_ ---
*** files: H8_2.76.LprOrb H8_2.76.LoProp.molden H8_2.76.scf.molden H8_2.76.ScfOrb H8_2.76.scf.h5 xmldump
    saved to directory ${LOCALHOME}/DDCASPT2/hydrogen_comps/rerun/H8_chain/H8_2.76

>>> COPY /tmp/H8_2.76/H8_2.76.scf.h5 ${LOCALHOME}/DDCASPT2/hydrogen_comps/rerun/H8_chain/H8_2.76/

*** symbolic link created: INPORB -> H8_2.76.ScfOrb
--- Start Module: rasscf at Sun Oct 26 13:44:50 2025 ---
 
()()()()()()()()()()()()()()()()()()()()()()()()()()()()()()()()()()()()()()()()()()()()()()()()()()

                                              &RASSCF

                                   only a single process is used
                       available to each process: 2.0 GB of memory, 1 thread?
()()()()()()()()()()()()()()()()()()()()()()()()()()()()()()()()()()()()()()()()()()()()()()()()()()
 
 
      Header of the ONEINT file:
      --------------------------
      
      Integrals generated by seward 4.2.0  , Sun Oct 26 13:44:49 2025
 
 
      OrdInt status: non-squared
 
 
      Cartesian coordinates in Angstrom:
      -----------------------------------------------------
      No.  Label        X            Y            Z        
      -----------------------------------------------------
       1   H1         0.00000000   0.00000000   0.00000000
       2   H2         0.00000000   0.00000000   2.75757600
       3   H3         0.00000000   0.00000000   5.51515200
       4   H4         0.00000000   0.00000000   8.27272700
       5   H5         0.00000000   0.00000000  11.03030300
       6   H6         0.00000000   0.00000000  13.78787900
       7   H7         0.00000000   0.00000000  16.54545500
       8   H8         0.00000000   0.00000000  19.30303000
      -----------------------------------------------------
      Nuclear repulsion energy =    2.63724645
 
++    Wave function specifications:
      -----------------------------
 
      Number of closed shell electrons           0
      Number of electrons in active shells       8
      Max number of holes in RAS1 space          0
      Max nr of electrons in RAS3 space          0
      Number of inactive orbitals                0
      Number of active orbitals                  8
      Number of secondary orbitals              32
      Spin quantum number                      0.0
      State symmetry                             1
--
 
++    Orbital specifications:
      -----------------------
 
      Symmetry species                           1
                                                 a
      Frozen orbitals                            0
      Inactive orbitals                          0
      Active orbitals                            8
      RAS1 orbitals                              0
      RAS2 orbitals                              8
      RAS3 orbitals                              0
      Secondary orbitals                        32
      Deleted orbitals                           0
      Number of basis functions                 40
--
 
++    CI expansion specifications:
      ----------------------------
 
      Number of CSFs                          1764
      Number of determinants                  2485
      Number of root(s) required                 1
      Root chosen for geometry opt.              1
      CI root used                               1
         
      highest root included in the CI            1
      max. size of the explicit Hamiltonian    200
--
 
++    Optimization specifications:
      ----------------------------
 
      RASSCF algorithm: Conventional
      Maximum number of macro iterations       200
      Maximum number of SX iterations          100
      Threshold for RASSCF energy            0.100E-07
      Threshold for max MO rotation          0.100E+00
      Threshold for max BLB element          0.100E-03
      Level shift parameter                  0.500E+00
      Make Quasi-Newton update
--
 
      The MO-coefficients are taken from the file:
      ${LOCALHOME}/DDCASPT2/hydrogen_comps/rerun/H8_chain/H8_0.60/H8_0.60.RasOrb                                                  
      Title: RASSCF average (pseudo-natural) orbitals                                      
 
      Total molecular charge    0.00
 
      ************************************************************************************************************************
      *                                                                                                                      *
      *                                            Wave function control section                                             *
      *                                                                                                                      *
      ************************************************************************************************************************
 
 
                                         RASSCF iterations: Energy and convergence statistics
                                         ----------------------------------------------------
 
      Iter CI   SX   CI       RASSCF       Energy    max ROT     max BLB   max BLB  Level Ln srch  Step   QN   Walltime
          iter iter root      energy       change     param      element    value   shift minimum  type update hh:mm:ss
 Nr of preliminary CI iterations:   7
        1   1  100    1    -2.56236636    0.00E+00  -0.40E+00*   6  32 1 -0.33E+00*  0.44   0.00    SX    NO    0:00:00
        2   7  100    1    -3.20623372   -0.64E+00* -0.52E+00*   3  18 1  0.17E+00*  0.29   0.00    SX    NO    0:00:00
        3   7  100    1    -3.47011367   -0.26E+00*  0.25E+00*   2  10 1 -0.22E+00*  0.14   0.00    SX    NO    0:00:00
        4   6  100    1    -3.66782082   -0.20E+00*  0.10E+00*   2  36 1  0.61E-01*  0.08   0.00    SX    NO    0:00:00
        5   5  100    1    -3.70881449   -0.41E-01* -0.20E+00*   8  29 1  0.26E-01*  0.03   2.50    QN   YES    0:00:00
        6   8  100    1    -3.78303785   -0.74E-01*  0.13E+00*   2  10 1  0.72E-01*  0.00   2.50    LS   YES    0:00:00
        7   6  100    1    -3.82861132   -0.46E-01* -0.16E+00*   8  25 1 -0.10E+00*  0.00   1.28    QN   YES    0:00:00
        8   7  100    1    -3.72242221    0.11E+00*  0.96E-01    2  10 1  0.11E+00*  0.00  -0.50    LS   YES    0:00:00
        9   6  100    1    -3.79075100   -0.68E-01*  0.22E+00*   2  10 1  0.97E-01*  0.00   2.50    QN   YES    0:00:00
       10   6  100    1    -3.84104781   -0.50E-01*  0.12E+00*   8  25 1 -0.12E+00*  0.00   0.74    QN   YES    0:00:00
       11   9  100    1    -3.78028009    0.61E-01*  0.76E-01    8  25 1 -0.13E+00*  0.00  -0.03    SX   YES    0:00:00
       12   5  100    1    -3.90271482   -0.12E+00*  0.66E-01    8  25 1 -0.10E+00*  0.00   2.38    LS   YES    0:00:00
       13   4  100    1    -3.96728708   -0.65E-01*  0.36E-01    5  12 1 -0.59E-01*  0.00   1.67    LS   YES    0:00:00
       14   3  100    1    -3.98058661   -0.13E-01*  0.54E-01    5  12 1 -0.42E-01*  0.00   1.30    QN   YES    0:00:00
       15  11   16    1    -3.99116647   -0.11E-01*  0.27E-01    8  15 1 -0.15E-01*  0.00   1.35    QN   YES    0:00:00
       16   4   11    1    -3.99323819   -0.21E-02*  0.25E-02    8  10 1 -0.21E-02*  0.00   1.04    QN   YES    0:00:00
       17  10   10    1    -3.99345283   -0.21E-03* -0.92E-03    8  21 1 -0.67E-03*  0.00   0.99    QN   YES    0:00:00
       18  10    9    1    -3.99348959   -0.37E-04*  0.64E-03    8  10 1  0.46E-03*  0.00   1.01    QN   YES    0:00:00
       19  10    8    1    -3.99349878   -0.92E-05*  0.12E-03    5   9 1 -0.62E-04   0.00   1.00    QN   YES    0:00:00
       20  10    8    1    -3.99350087   -0.21E-05*  0.84E-03    5  24 1  0.67E-04   0.00   1.01    QN   YES    0:00:00
       21  84   10    1    -3.99349883    0.20E-05* -0.46E-03    8  21 1  0.47E-03*  0.00   0.22    LS   YES    0:00:00
       22   5    9    1    -3.99350113   -0.23E-05* -0.20E-03    8  21 1  0.16E-03*  0.00   1.44    LS   YES    0:00:00
       23   4    8    1    -3.99350137   -0.24E-06*  0.66E-04    5   9 1  0.59E-04   0.00   1.01    QN   YES    0:00:00
       24   9    7    1    -3.99350145   -0.83E-07* -0.27E-04    5  18 1 -0.35E-04   0.00   1.04    QN   YES    0:00:00
       25   1    7    1    -3.99350146   -0.11E-07*  0.18E-04    3   9 1 -0.14E-04   0.00   1.30    QN   YES    0:00:00
       26   1    5    1    -3.99350147   -0.18E-08   0.26E-05    1  18 1 -0.19E-05   0.00   0.97    QN   YES    0:00:00
      Convergence after 26 iterations
 
  Dmat in MO in SXCTL bf call to SXHAM                                                                                    
  mat. size =     8x    8
 
        1.2168517620696022
       -0.0041437679486985      0.9826523811828793
       -0.0800453531430708     -0.0030670417087577      1.0708981364726045
       -0.0006145012019216     -0.0021099099228505     -0.0009929866543216      1.1111298360070390
        0.1042651632267039     -0.0046097630147463      0.1198566155231837      0.0027334784528251      0.9167264441031813
       -0.0017335946177384      0.1257935218562774     -0.0017122937068450      0.0120739322901390      0.0009126390412769
        0.8244435374134541
       -0.0532232539018631      0.0007778720506378     -0.1145927217291407     -0.0008517014754789     -0.0112246674635762
       -0.0002751968572709      0.8954767207321217
        0.0057788471234505      0.2028510174863010      0.0039570101794767     -0.0304873666187605      0.0033278576607688
        0.0570946474886082     -0.0000611236141393      0.9818211820191194
       27   1    5    1    -3.99350147   -0.32E-10   0.26E-05    3  18 1  0.54E-06   0.00   0.97    QN   YES    0:00:00
 
      ************************************************************************************************************************
                                                      Wave function printout:
                       occupation of active orbitals, and spin coupling of open shells (u,d: Spin up or down)
      ************************************************************************************************************************
 
      Note: transformation to natural orbitals
      has been made, which may change the order of the CSFs.
 
      printout of CI-coefficients larger than  0.05 for root  1
      energy=      -3.993501
      conf/sym  11111111     Coeff  Weight
             1  22220000  -0.31976 0.10224
            18  22202000   0.17739 0.03147
            29  22udud00   0.19458 0.03786
            40  2u2d0200   0.06200 0.00384
            41  2u2du0d0  -0.16040 0.02573
            45  2u2d0u0d  -0.06726 0.00452
            52  u22d0ud0  -0.09132 0.00834
            54  u22du00d  -0.17985 0.03235
            60  22020200   0.12550 0.01575
            61  2202u0d0  -0.06191 0.00383
            63  22020020   0.05109 0.00261
            72  2ud20ud0  -0.17293 0.02990
            74  2ud2u00d  -0.09143 0.00836
            81  u2d2u0d0  -0.06811 0.00464
            83  u2d20020   0.05336 0.00285
            85  u2d20u0d  -0.14330 0.02053
            90  20220200   0.05179 0.00268
            93  20220020   0.10937 0.01196
            95  20220u0d  -0.05348 0.00286
           106  ud2200ud   0.14548 0.02116
           117  02220002   0.11281 0.01273
           118  22uudd00  -0.05591 0.00313
           125  2u2ud0d0   0.05737 0.00329
           133  u22ud00d   0.07055 0.00498
           554  22002200  -0.11868 0.01409
           575  2ud02ud0   0.13278 0.01763
           600  u2d02u0d   0.11950 0.01428
           617  20202020  -0.09611 0.00924
           642  ud2020ud  -0.09825 0.00965
           668  02202002  -0.09349 0.00874
           676  2u0du2d0   0.11311 0.01279
           701  u20du20d   0.10210 0.01042
           718  20udud20  -0.09608 0.00923
           743  udududud  -0.14499 0.02102
           769  02udud02  -0.08893 0.00791
           785  uudduudd  -0.14604 0.02133
           806  u02du02d   0.09144 0.00836
           831  0u2du0d2   0.09353 0.00875
           839  20020220  -0.09037 0.00817
           864  ud0202ud  -0.08617 0.00742
           890  02020202  -0.07881 0.00621
           907  u0d20u2d   0.09524 0.00907
           932  0ud20ud2   0.09651 0.00932
           953  00220022  -0.07697 0.00592
          1097  uudududd   0.05173 0.00268
          1595  20002220   0.09539 0.00910
          1606  ud0022ud   0.11338 0.01286
          1619  02002202   0.07839 0.00615
          1627  u0d02u2d  -0.09898 0.00980
          1638  0ud0u22d  -0.05766 0.00333
          1640  0ud02ud2  -0.11080 0.01228
          1652  00202022   0.07176 0.00515
          1658  u00du22d  -0.10978 0.01205
          1660  u00d2ud2  -0.05765 0.00332
          1671  0u0du2d2  -0.09081 0.00825
          1683  00udud22   0.09906 0.00981
          1694  00020222   0.07943 0.00631
          1764  00002222  -0.12564 0.01579
 
      Natural orbitals and occupation numbers for root  1
      sym 1:   1.262966   1.229818   1.176814   1.111243   0.891119   0.824199   0.769264   0.734578
 
      ************************************************************************************************************************
      *                                                                                                                      *
      *                                                    Final results                                                     *
      *                                                                                                                      *
      ************************************************************************************************************************
 
 
++    Wave function specifications:
      -----------------------------
 
      Number of closed shell electrons           0
      Number of electrons in active shells       8
      Max number of holes in RAS1 space          0
      Max nr of electrons in RAS3 space          0
      Number of inactive orbitals                0
      Number of active orbitals                  8
      Number of secondary orbitals              32
      Spin quantum number                      0.0
      State symmetry                             1
--
 
++    Orbital specifications:
      -----------------------
 
      Symmetry species                           1
                                                 a
      Frozen orbitals                            0
      Inactive orbitals                          0
      Active orbitals                            8
      RAS1 orbitals                              0
      RAS2 orbitals                              8
      RAS3 orbitals                              0
      Secondary orbitals                        32
      Deleted orbitals                           0
      Number of basis functions                 40
--
 
++    CI expansion specifications:
      ----------------------------
 
      Number of CSFs                          1764
      Number of determinants                  2485
      Number of root(s) required                 1
      CI root used                               1
      highest root included in the CI            1
      Root passed to geometry opt.               1
--
 
++    Final optimization conditions:
      ------------------------------
 
      Average CI energy                              -3.99350147
      RASSCF energy for state  1                     -3.99350147
      Super-CI energy                                -0.00000000
      RASSCF energy change                            0.00000000
      Max change in MO coefficients               0.313E-05
      Max non-diagonal density matrix element     0.264E-05
      Maximum BLB matrix element                  0.544E-06
      (orbital pair   3,  18 in symmetry   1)
      Norm of electronic gradient            0.192E-05
--
 
 
      Final state energy(ies):
      ------------------------
 
::    RASSCF root number  1 Total energy:     -3.99350147
 
++    Molecular orbitals:
      -------------------
 
      Pseudonatural active orbitals and approximate occupation numbers
 
 
 
 
      Molecular orbitals for symmetry species 1: a  
 
 
      Orbital                1         2         3         4         5         6         7         8         9        10
      Energy            0.0000    0.0000    0.0000    0.0000    0.0000    0.0000    0.0000    0.0000    0.3265    0.3375
      Occ. No.          1.2630    1.2298    1.1768    1.1112    0.8911    0.8242    0.7693    0.7346    0.0000    0.0000
 
    1 H1     1s         0.2031   -0.3559    0.4131   -0.3287   -0.3526   -0.4625    0.4136    0.2421    0.0758   -0.1097
    2 H1     2s         0.0153   -0.0272    0.0325   -0.0270   -0.0360   -0.0519    0.0508    0.0318   -0.2007    0.3551
    3 H1     2px        0.0000   -0.0000    0.0000   -0.0000   -0.0000   -0.0000    0.0000    0.0000    0.0000   -0.0000
    4 H1     2py        0.0000   -0.0000    0.0000   -0.0000   -0.0000   -0.0000    0.0000    0.0000    0.0000   -0.0000
    5 H1     2pz        0.0005   -0.0006    0.0005   -0.0002   -0.0006   -0.0014    0.0020    0.0015    0.0014   -0.0020
    6 H2     1s         0.2773   -0.4254    0.3839   -0.1993    0.1832    0.4174   -0.5137   -0.3561    0.1327   -0.1678
    7 H2     2s         0.0182   -0.0332    0.0385   -0.0273    0.0126    0.0489   -0.0749   -0.0581   -0.2314    0.3256
    8 H2     2px       -0.0000    0.0000   -0.0000    0.0000   -0.0000   -0.0000    0.0000    0.0000   -0.0000    0.0000
    9 H2     2py       -0.0000    0.0000   -0.0000    0.0000   -0.0000   -0.0000    0.0000    0.0000   -0.0000    0.0000
   10 H2     2pz        0.0005   -0.0002   -0.0005    0.0006   -0.0004   -0.0009    0.0004   -0.0002   -0.0004   -0.0013
   11 H3     1s         0.3689   -0.3024   -0.1466    0.4423    0.4659    0.1434    0.3833    0.4657    0.1521   -0.1181
   12 H3     2s         0.0263   -0.0188   -0.0195    0.0449    0.0531    0.0136    0.0610    0.0752   -0.2797    0.2564
   13 H3     2px        0.0000   -0.0000   -0.0000    0.0000    0.0000    0.0000    0.0000    0.0000    0.0000   -0.0000
   14 H3     2py        0.0000   -0.0000   -0.0000    0.0000    0.0000    0.0000   -0.0000   -0.0000    0.0000   -0.0000
   15 H3     2pz       -0.0001    0.0007   -0.0007    0.0001    0.0004    0.0011   -0.0001    0.0011   -0.0005   -0.0023
   16 H4     1s         0.3981   -0.1696   -0.3373    0.3767   -0.3855   -0.4004   -0.1906   -0.5078    0.1650   -0.0474
   17 H4     2s         0.0273   -0.0173   -0.0248    0.0407   -0.0407   -0.0573   -0.0250   -0.0834   -0.3029    0.0938
   18 H4     2px       -0.0000    0.0000   -0.0000   -0.0000    0.0000   -0.0000    0.0000    0.0000   -0.0000   -0.0000
   19 H4     2py       -0.0000   -0.0000   -0.0000   -0.0000    0.0000   -0.0000    0.0000    0.0000   -0.0000   -0.0000
   20 H4     2pz        0.0004    0.0006   -0.0006   -0.0003    0.0007   -0.0001    0.0013    0.0006   -0.0003   -0.0037
   21 H5     1s         0.3981    0.1697   -0.3368   -0.3771   -0.3860    0.3999   -0.1908    0.5077    0.1650    0.0474
   22 H5     2s         0.0273    0.0173   -0.0248   -0.0408   -0.0408    0.0573   -0.0250    0.0834   -0.3029   -0.0938
   23 H5     2px        0.0000    0.0000    0.0000   -0.0000    0.0000   -0.0000   -0.0000    0.0000    0.0000   -0.0000
   24 H5     2py        0.0000    0.0000    0.0000   -0.0000    0.0000   -0.0000   -0.0000    0.0000    0.0000    0.0000
   25 H5     2pz       -0.0004    0.0006    0.0006   -0.0003   -0.0007   -0.0001   -0.0013    0.0006    0.0003   -0.0037
   26 H6     1s         0.3690    0.3026   -0.1458   -0.4424    0.4660   -0.1426    0.3834   -0.4657    0.1521    0.1181
   27 H6     2s         0.0263    0.0188   -0.0194   -0.0449    0.0532   -0.0136    0.0611   -0.0752   -0.2797   -0.2564
   28 H6     2px        0.0000   -0.0000   -0.0000   -0.0000   -0.0000    0.0000    0.0000   -0.0000    0.0000   -0.0000
   29 H6     2py        0.0000   -0.0000   -0.0000   -0.0000   -0.0000    0.0000    0.0000   -0.0000    0.0000   -0.0000
   30 H6     2pz        0.0001    0.0007    0.0007    0.0001   -0.0004    0.0011    0.0001    0.0011    0.0005   -0.0023
   31 H7     1s         0.2773    0.4253    0.3838    0.1997    0.1836   -0.4174   -0.5135    0.3561    0.1327    0.1678
   32 H7     2s         0.0182    0.0332    0.0385    0.0273    0.0127   -0.0489   -0.0749    0.0581   -0.2314   -0.3256
   33 H7     2px       -0.0000   -0.0000   -0.0000   -0.0000   -0.0000    0.0000    0.0000   -0.0000   -0.0000   -0.0000
   34 H7     2py       -0.0000   -0.0000   -0.0000   -0.0000   -0.0000    0.0000    0.0000   -0.0000   -0.0000   -0.0000
   35 H7     2pz       -0.0005   -0.0002    0.0005    0.0006    0.0004   -0.0009   -0.0004   -0.0002    0.0004   -0.0013
   36 H8     1s         0.2030    0.3557    0.4129    0.3293   -0.3532    0.4623    0.4133   -0.2420    0.0758    0.1097
   37 H8     2s         0.0153    0.0272    0.0325    0.0270   -0.0361    0.0519    0.0508   -0.0318   -0.2007   -0.3552
   38 H8     2px        0.0000    0.0000    0.0000    0.0000   -0.0000    0.0000    0.0000   -0.0000    0.0000    0.0000
   39 H8     2py        0.0000   -0.0000    0.0000    0.0000    0.0000    0.0000   -0.0000   -0.0000    0.0000   -0.0000
   40 H8     2pz       -0.0005   -0.0006   -0.0005   -0.0002    0.0006   -0.0014   -0.0020    0.0015   -0.0014   -0.0020
 
 
      Orbital               11        12        13        14        15        16        17        18        19        20
      Energy            0.3587    0.3935    0.4454    0.5236    0.6267    0.7419    0.7767    0.8789    0.8789    0.8911
      Occ. No.          0.0000    0.0000    0.0000    0.0000    0.0000    0.0000    0.0000    0.0000    0.0000    0.0000
 
    1 H1     1s         0.0872   -0.0219    0.0584   -0.1263    0.1489    0.1218    0.0711    0.0000    0.0000    0.0000
    2 H1     2s        -0.4512    0.5014    0.5068   -0.4698    0.3806    0.2506    0.1364   -0.0000   -0.0000   -0.0000
    3 H1     2px        0.0000   -0.0000   -0.0000    0.0000   -0.0000   -0.0000   -0.0000   -0.1348   -0.0733   -0.2567
    4 H1     2py        0.0000   -0.0000   -0.0000    0.0000   -0.0000   -0.0000   -0.0000   -0.0733    0.1348   -0.1359
    5 H1     2pz        0.0029   -0.0083   -0.0244    0.0630   -0.1387   -0.3089   -0.2947    0.0000    0.0000    0.0000
    6 H2     1s         0.0992   -0.0129   -0.0056    0.1008   -0.1982   -0.1584   -0.0630   -0.0000   -0.0000   -0.0000
    7 H2     2s        -0.2277   -0.0316   -0.3621    0.6517   -0.7151   -0.4507   -0.1806    0.0000    0.0000   -0.0000
    8 H2     2px        0.0000    0.0000   -0.0000    0.0000   -0.0000   -0.0000   -0.0000   -0.2570   -0.1398   -0.3999
    9 H2     2py        0.0000    0.0000   -0.0000    0.0000   -0.0000   -0.0000   -0.0000   -0.1398    0.2570   -0.2117
   10 H2     2pz        0.0100   -0.0294   -0.0504    0.0435    0.0453    0.3125    0.3442   -0.0000   -0.0000   -0.0000
   11 H3     1s        -0.0355    0.0883    0.0078   -0.0107    0.1826    0.1902    0.0449    0.0000    0.0000    0.0000
   12 H3     2s         0.0844   -0.4393   -0.4207   -0.1001    0.6716    0.5340    0.1277    0.0000    0.0000    0.0000
   13 H3     2px       -0.0000    0.0000    0.0000    0.0000   -0.0000   -0.0000   -0.0000   -0.3475   -0.1890   -0.3530
   14 H3     2py       -0.0000    0.0000    0.0000    0.0000    0.0000   -0.0000    0.0000   -0.1890    0.3475   -0.1869
   15 H3     2pz        0.0095   -0.0056    0.0401   -0.1238    0.1172   -0.2076   -0.3240    0.0000    0.0000    0.0000
   16 H4     1s        -0.1218    0.0554   -0.0065   -0.0821   -0.0750   -0.2027   -0.0164   -0.0000   -0.0000   -0.0000
   17 H4     2s         0.3486   -0.2611    0.3910   -0.5807   -0.2698   -0.5608   -0.0440   -0.0000   -0.0000   -0.0000
   18 H4     2px       -0.0000   -0.0000    0.0000    0.0000   -0.0000   -0.0000   -0.0000   -0.3953   -0.2150   -0.1401
   19 H4     2py       -0.0000   -0.0000    0.0000    0.0000   -0.0000   -0.0000   -0.0000   -0.2150    0.3953   -0.0741
   20 H4     2pz        0.0051    0.0204    0.0416    0.0671   -0.2333    0.0710    0.3039    0.0000    0.0000    0.0000
   21 H5     1s        -0.1218   -0.0554   -0.0065    0.0821   -0.0750    0.2027   -0.0164   -0.0000   -0.0000    0.0000
   22 H5     2s         0.3486    0.2611    0.3910    0.5807   -0.2699    0.5608   -0.0440    0.0000    0.0000    0.0000
   23 H5     2px        0.0000   -0.0000    0.0000    0.0000    0.0000   -0.0000    0.0000   -0.3953   -0.2150    0.1401
   24 H5     2py        0.0000   -0.0000    0.0000    0.0000    0.0000   -0.0000    0.0000   -0.2150    0.3953    0.0742
   25 H5     2pz       -0.0051    0.0204   -0.0416    0.0671    0.2333    0.0710   -0.3039    0.0000   -0.0000   -0.0000
   26 H6     1s        -0.0355   -0.0883    0.0078    0.0107    0.1826   -0.1902    0.0449   -0.0000   -0.0000   -0.0000
   27 H6     2s         0.0844    0.4393   -0.4207    0.1001    0.6716   -0.5340    0.1277   -0.0000   -0.0000   -0.0000
   28 H6     2px       -0.0000   -0.0000   -0.0000    0.0000   -0.0000    0.0000   -0.0000   -0.3475   -0.1890    0.3530
   29 H6     2py       -0.0000   -0.0000   -0.0000    0.0000   -0.0000   -0.0000   -0.0000   -0.1890    0.3475    0.1869
   30 H6     2pz       -0.0095   -0.0056   -0.0401   -0.1238   -0.1172   -0.2076    0.3240    0.0000    0.0000    0.0000
   31 H7     1s         0.0992    0.0129   -0.0055   -0.1008   -0.1982    0.1584   -0.0630    0.0000    0.0000    0.0000
   32 H7     2s        -0.2277    0.0316   -0.3621   -0.6517   -0.7151    0.4507   -0.1806   -0.0000   -0.0000    0.0000
   33 H7     2px       -0.0000    0.0000   -0.0000   -0.0000   -0.0000    0.0000   -0.0000   -0.2570   -0.1398    0.3999
   34 H7     2py       -0.0000   -0.0000   -0.0000   -0.0000   -0.0000    0.0000   -0.0000   -0.1398    0.2570    0.2117
   35 H7     2pz       -0.0100   -0.0294    0.0504    0.0435   -0.0453    0.3125   -0.3442   -0.0000   -0.0000   -0.0000
   36 H8     1s         0.0872    0.0219    0.0584    0.1263    0.1489   -0.1218    0.0711   -0.0000   -0.0000   -0.0000
   37 H8     2s        -0.4512   -0.5014    0.5068    0.4698    0.3806   -0.2506    0.1364    0.0000    0.0000    0.0000
   38 H8     2px        0.0000    0.0000   -0.0000   -0.0000   -0.0000    0.0000   -0.0000   -0.1348   -0.0733    0.2567
   39 H8     2py        0.0000    0.0000    0.0000   -0.0000    0.0000    0.0000   -0.0000   -0.0733    0.1348    0.1359
   40 H8     2pz       -0.0029   -0.0083    0.0244    0.0630    0.1387   -0.3089    0.2947    0.0000    0.0000    0.0000
 
 
      Orbital               21        22        23        24        25        26        27        28        29        30
      Energy            0.8911    0.9103    0.9103    0.9345    0.9345    0.9614    0.9614    0.9872    0.9872    0.9965
      Occ. No.          0.0000    0.0000    0.0000    0.0000    0.0000    0.0000    0.0000    0.0000    0.0000    0.0000
 
    1 H1     1s        -0.0000    0.0000   -0.0000    0.0000    0.0000   -0.0000   -0.0000    0.0000    0.0000   -0.0677
    2 H1     2s         0.0000   -0.0000    0.0000   -0.0000   -0.0000   -0.0000   -0.0000    0.0000    0.0000   -0.1438
    3 H1     2px        0.1359    0.3674   -0.1498   -0.4536    0.0631    0.4578   -0.0963   -0.4212   -0.0087   -0.0000
    4 H1     2py       -0.2567    0.1498    0.3674   -0.0631   -0.4536    0.0963    0.4578    0.0087   -0.4212   -0.0000
    5 H1     2pz       -0.0000    0.0000   -0.0000   -0.0000    0.0000   -0.0000   -0.0000    0.0000    0.0000   -0.2153
    6 H2     1s         0.0000   -0.0000    0.0000    0.0000   -0.0000    0.0000    0.0000   -0.0000   -0.0000    0.2087
    7 H2     2s        -0.0000   -0.0000    0.0000    0.0000   -0.0000    0.0000    0.0000   -0.0000   -0.0000    0.4764
    8 H2     2px        0.2117    0.3755   -0.1531   -0.1673    0.0233   -0.1514    0.0319    0.4113    0.0085    0.0000
    9 H2     2py       -0.3999    0.1531    0.3755   -0.0233   -0.1673   -0.0319   -0.1514   -0.0085    0.4113    0.0000
   10 H2     2pz        0.0000   -0.0000    0.0000    0.0000   -0.0000    0.0000    0.0000   -0.0000   -0.0000    0.2993
   11 H3     1s        -0.0000    0.0000   -0.0000   -0.0000   -0.0000   -0.0000   -0.0000    0.0000    0.0000   -0.3616
   12 H3     2s        -0.0000    0.0000   -0.0000   -0.0000    0.0000   -0.0000   -0.0000    0.0000    0.0000   -0.8416
   13 H3     2px        0.1869    0.0022   -0.0009    0.4005   -0.0557   -0.4047    0.0851    0.0053    0.0001   -0.0000
   14 H3     2py       -0.3530    0.0009    0.0022    0.0557    0.4005   -0.0851   -0.4047   -0.0001    0.0053   -0.0000
   15 H3     2pz       -0.0000    0.0000    0.0000   -0.0000   -0.0000   -0.0000   -0.0000    0.0000    0.0000   -0.2416
   16 H4     1s         0.0000   -0.0000    0.0000    0.0000    0.0000    0.0000    0.0000   -0.0000   -0.0000    0.4572
   17 H4     2s         0.0000   -0.0000    0.0000    0.0000   -0.0000    0.0000    0.0000   -0.0000   -0.0000    1.0721
   18 H4     2px        0.0741   -0.3714    0.1514    0.3008   -0.0418    0.2979   -0.0627   -0.4147   -0.0085   -0.0000
   19 H4     2py       -0.1401   -0.1514   -0.3714    0.0418    0.3008    0.0627    0.2979    0.0085   -0.4147   -0.0000
   20 H4     2pz       -0.0000   -0.0000   -0.0000   -0.0000    0.0000    0.0000    0.0000    0.0000    0.0000    0.0919
   21 H5     1s        -0.0000   -0.0000    0.0000   -0.0000   -0.0000   -0.0000   -0.0000    0.0000    0.0000   -0.4572
   22 H5     2s        -0.0000    0.0000   -0.0000   -0.0000   -0.0000   -0.0000   -0.0000    0.0000    0.0000   -1.0721
   23 H5     2px       -0.0742   -0.3714    0.1514   -0.3008    0.0418    0.2979   -0.0627    0.4147    0.0085   -0.0000
   24 H5     2py        0.1401   -0.1514   -0.3714   -0.0418   -0.3008    0.0627    0.2979   -0.0085    0.4147   -0.0000
   25 H5     2pz        0.0000    0.0000    0.0000    0.0000   -0.0000   -0.0000   -0.0000   -0.0000   -0.0000    0.0919
   26 H6     1s        -0.0000   -0.0000    0.0000   -0.0000    0.0000    0.0000    0.0000    0.0000    0.0000    0.3616
   27 H6     2s         0.0000   -0.0000    0.0000    0.0000    0.0000    0.0000    0.0000   -0.0000   -0.0000    0.8416
   28 H6     2px       -0.1869    0.0022   -0.0009   -0.4005    0.0557   -0.4047    0.0851   -0.0053   -0.0001   -0.0000
   29 H6     2py        0.3530    0.0009    0.0022   -0.0557   -0.4005   -0.0851   -0.4047    0.0001   -0.0053   -0.0000
   30 H6     2pz       -0.0000   -0.0000    0.0000   -0.0000    0.0000   -0.0000   -0.0000    0.0000    0.0000   -0.2416
   31 H7     1s         0.0000    0.0000   -0.0000    0.0000    0.0000   -0.0000   -0.0000   -0.0000   -0.0000   -0.2087
   32 H7     2s        -0.0000    0.0000    0.0000   -0.0000   -0.0000   -0.0000   -0.0000   -0.0000   -0.0000   -0.4764
   33 H7     2px       -0.2117    0.3755   -0.1531    0.1673   -0.0233   -0.1514    0.0319   -0.4113   -0.0085    0.0000
   34 H7     2py        0.3999    0.1531    0.3755    0.0233    0.1673   -0.0319   -0.1514    0.0085   -0.4113    0.0000
   35 H7     2pz        0.0000   -0.0000    0.0000    0.0000    0.0000    0.0000    0.0000    0.0000    0.0000    0.2993
   36 H8     1s         0.0000   -0.0000    0.0000   -0.0000    0.0000    0.0000    0.0000   -0.0000    0.0000    0.0677
   37 H8     2s         0.0000    0.0000   -0.0000    0.0000   -0.0000    0.0000    0.0000    0.0000    0.0000    0.1438
   38 H8     2px       -0.1359    0.3674   -0.1498    0.4536   -0.0631    0.4578   -0.0963    0.4212    0.0087   -0.0000
   39 H8     2py        0.2567    0.1498    0.3674    0.0631    0.4536    0.0963    0.4578   -0.0087    0.4212   -0.0000
   40 H8     2pz       -0.0000    0.0000   -0.0000    0.0000   -0.0000   -0.0000   -0.0000   -0.0000   -0.0000   -0.2153
 
 
      Orbital               31        32        33        34        35        36        37        38        39        40
      Energy            1.0089    1.0089    1.0234    1.0234    1.0255    1.0664    1.1190    1.1762    1.2287    1.2660
      Occ. No.          0.0000    0.0000    0.0000    0.0000    0.0000    0.0000    0.0000    0.0000    0.0000    0.0000
 
    1 H1     1s         0.0000    0.0000   -0.0000   -0.0000    0.0898   -0.0912    0.0842   -0.0737   -0.0564    0.0312
    2 H1     2s        -0.0000   -0.0000   -0.0000   -0.0000    0.2050   -0.2184    0.1984   -0.1592   -0.1089    0.0550
    3 H1     2px        0.3130    0.0534    0.0296   -0.1678   -0.0000    0.0000   -0.0000    0.0000    0.0000   -0.0000
    4 H1     2py       -0.0534    0.3130   -0.1678   -0.0296   -0.0000   -0.0000    0.0000   -0.0000   -0.0000    0.0000
    5 H1     2pz       -0.0000   -0.0000   -0.0000   -0.0000    0.3413   -0.4247    0.4546   -0.4211   -0.3229    0.1751
    6 H2     1s        -0.0000   -0.0000    0.0000    0.0000   -0.2360    0.1906   -0.1217    0.0560    0.0072    0.0092
    7 H2     2s         0.0000    0.0000    0.0000    0.0000   -0.5524    0.4354   -0.2559    0.1092    0.0223    0.0049
    8 H2     2px       -0.4700   -0.0803   -0.0547    0.3095    0.0000   -0.0000    0.0000   -0.0000   -0.0000    0.0000
    9 H2     2py        0.0803   -0.4700    0.3095    0.0547    0.0000   -0.0000    0.0000    0.0000    0.0000   -0.0000
   10 H2     2pz        0.0000    0.0000    0.0000    0.0000   -0.2948    0.0858    0.2261   -0.4799   -0.5382    0.3520
   11 H3     1s        -0.0000   -0.0000   -0.0000   -0.0000    0.2707   -0.0908   -0.0300    0.0501    0.0140    0.0141
   12 H3     2s        -0.0000   -0.0000   -0.0000   -0.0000    0.6433   -0.2051   -0.0621    0.0833    0.0155    0.0221
   13 H3     2px        0.4109    0.0702    0.0734   -0.4158   -0.0000    0.0000   -0.0000    0.0000    0.0000    0.0000
   14 H3     2py       -0.0702    0.4109   -0.4158   -0.0734   -0.0000    0.0000   -0.0000    0.0000    0.0000   -0.0000
   15 H3     2pz       -0.0000   -0.0000    0.0000    0.0000   -0.0925    0.4707   -0.4549    0.0016   -0.4621    0.4689
   16 H4     1s         0.0000    0.0000    0.0000    0.0000   -0.1205   -0.0918    0.0641    0.0391    0.0412    0.0021
   17 H4     2s         0.0000    0.0000    0.0000    0.0000   -0.2864   -0.2183    0.1329    0.0690    0.0618    0.0002
   18 H4     2px       -0.1625   -0.0277   -0.0834    0.4723    0.0000   -0.0000    0.0000   -0.0000   -0.0000   -0.0000
   19 H4     2py        0.0277   -0.1625    0.4723    0.0834    0.0000   -0.0000    0.0000   -0.0000   -0.0000   -0.0000
   20 H4     2pz        0.0000    0.0000   -0.0000   -0.0000    0.4479   -0.3241   -0.3273    0.4522   -0.1884    0.5374
   21 H5     1s        -0.0000   -0.0000    0.0000    0.0000   -0.1205    0.0918    0.0641   -0.0391    0.0412   -0.0021
   22 H5     2s        -0.0000   -0.0000    0.0000    0.0000   -0.2864    0.2183    0.1329   -0.0690    0.0618   -0.0002
   23 H5     2px       -0.1625   -0.0277    0.0834   -0.4723   -0.0000   -0.0000   -0.0000   -0.0000    0.0000    0.0000
   24 H5     2py        0.0277   -0.1625   -0.4723   -0.0834   -0.0000   -0.0000   -0.0000   -0.0000    0.0000    0.0000
   25 H5     2pz        0.0000    0.0000    0.0000    0.0000   -0.4479   -0.3242    0.3273    0.4522    0.1884    0.5374
   26 H6     1s         0.0000    0.0000   -0.0000   -0.0000    0.2707    0.0908   -0.0300   -0.0501    0.0140   -0.0141
   27 H6     2s         0.0000    0.0000   -0.0000   -0.0000    0.6433    0.2051   -0.0621   -0.0833    0.0155   -0.0221
   28 H6     2px        0.4109    0.0702   -0.0734    0.4158    0.0000    0.0000    0.0000    0.0000   -0.0000   -0.0000
   29 H6     2py       -0.0702    0.4109    0.4158    0.0734    0.0000    0.0000    0.0000    0.0000   -0.0000   -0.0000
   30 H6     2pz       -0.0000   -0.0000   -0.0000   -0.0000    0.0924    0.4707    0.4549    0.0016    0.4621    0.4689
   31 H7     1s         0.0000    0.0000    0.0000    0.0000   -0.2360   -0.1906   -0.1217   -0.0560    0.0072   -0.0092
   32 H7     2s        -0.0000   -0.0000    0.0000    0.0000   -0.5524   -0.4354   -0.2559   -0.1092    0.0223   -0.0049
   33 H7     2px       -0.4700   -0.0803    0.0547   -0.3095   -0.0000    0.0000    0.0000    0.0000    0.0000    0.0000
   34 H7     2py        0.0803   -0.4700   -0.3095   -0.0547   -0.0000    0.0000    0.0000    0.0000    0.0000   -0.0000
   35 H7     2pz        0.0000    0.0000   -0.0000   -0.0000    0.2948    0.0858   -0.2261   -0.4799    0.5382    0.3520
   36 H8     1s        -0.0000   -0.0000   -0.0000   -0.0000    0.0898    0.0912    0.0842    0.0737   -0.0564   -0.0312
   37 H8     2s         0.0000    0.0000   -0.0000   -0.0000    0.2050    0.2184    0.1984    0.1592   -0.1089   -0.0550
   38 H8     2px        0.3130    0.0534   -0.0296    0.1678    0.0000    0.0000    0.0000    0.0000   -0.0000   -0.0000
   39 H8     2py       -0.0534    0.3130    0.1678    0.0296    0.0000    0.0000   -0.0000   -0.0000    0.0000    0.0000
   40 H8     2pz       -0.0000   -0.0000    0.0000    0.0000   -0.3413   -0.4247   -0.4546   -0.4211    0.3229    0.1751
--
 
      Von Neumann Entropy (Root  1) =  3.87909
 

      Mulliken population analysis for root number:  1
      -----------------------------------------------
 
 
++    Molecular charges:
      ------------------
 
      Mulliken charges per centre and basis function type
      ---------------------------------------------------
 
                H1      H2      H3      H4      H5      H6      H7      H8    
      1s       0.9936  1.0008  1.0014  1.0012  1.0012  1.0014  1.0008  0.9936
      2s       0.0055  0.0002 -0.0014 -0.0012 -0.0012 -0.0014  0.0002  0.0055
      2px      0.0000  0.0000  0.0000  0.0000  0.0000  0.0000  0.0000  0.0000
      2pz     -0.0001  0.0000 -0.0000 -0.0000 -0.0000 -0.0000  0.0000 -0.0001
      2py      0.0000  0.0000  0.0000  0.0000  0.0000  0.0000  0.0000  0.0000
      Total    0.9990  1.0011  1.0000  1.0000  1.0000  1.0000  1.0011  0.9990
 
      N-E      0.0010 -0.0011  0.0000  0.0000  0.0000  0.0000 -0.0011  0.0010
 
      Total electronic charge=    8.000000
 
      Total            charge=   -0.000000
--
 
 

      Expectation values of various properties for root number:  1
      -----------------------------------------------------------
 
 
++    Molecular properties:
      ---------------------
 
      Charge (e):
                      =   -0.0000
      Dipole Moment (Debye):
      Origin of the operator (Ang)=    0.0000    0.0000    0.0000
                   X=  4.2357E-08               Y= -3.7388E-09               Z=  1.7397E-05           Total=  1.7397E-05
      Quadrupole Moment (Debye*Ang):
      Origin of the operator (Ang)=    0.0000    0.0000    9.6515
                  XX= -1.2089E+01              XY= -1.5186E-14              XZ= -1.9395E-08              YY= -1.2089E+01
                  YZ=  4.3871E-07              ZZ= -1.2183E+01
      In traceless form (Debye*Ang)
                  XX=  4.7139E-02              XY= -2.2779E-14              XZ= -2.9093E-08              YY=  4.7139E-02
                  YZ=  6.5807E-07              ZZ= -9.4279E-02
--
 

      LoProp population analysis for root number:  1
      -----------------------------------------------
 
 
++    LoProp analysis:
      ----------------
 
 
 
  Input file to MOLDEN was generated!
 
 
++    Static properties:
      ------------------
 
 
      LoProp Charges per center
 

                   H1       H2       H3       H4       H5       H6       H7       H8    
      Nuclear      1.0000   1.0000   1.0000   1.0000   1.0000   1.0000   1.0000   1.0000
      Electronic  -1.0001  -0.9999  -1.0000  -1.0000  -1.0000  -1.0000  -0.9999  -1.0001
 
      Total       -0.0001   0.0001   0.0000  -0.0000  -0.0000   0.0000   0.0001  -0.0001
--
 
 
      Natural Bond Order analysis for root number:  1
 
++    Natural Bond Order analysis
      ---------------------------
      Based on LoProp computed density
      -------------------------------------------------------------------------------------
      Atom A       Atom B       Bond Order
      -------------------------------------------------------------------------------------
      The remaining    8.000 electrons are to be considered as diffuse
--
 
--
 
 
  Input file to MOLDEN was generated!
 
      Average orbitals are written to the RASORB file
      Natural orbitals for root   1 are written to the RASORB.1 file
      Spin density orbitals for root   1 are written to the SPDORB.1 file
 
forrtl: warning (525): IEEE_DIVIDE_BY_ZERO is signaling
forrtl: warning (526): IEEE_INVALID is signaling
forrtl: warning (528): IEEE_UNDERFLOW is signaling
--- Stop Module: rasscf at Sun Oct 26 13:44:54 2025 /rc=_RC_ALL_IS_WELL_ ---
*** files: H8_2.76.LprOrb H8_2.76.rasscf.molden H8_2.76.LoProp.molden H8_2.76.RasOrb.1 H8_2.76.RasOrb H8_2.76.rasscf.h5 H8_2.76.SpdOrb.1 xmldump
    saved to directory ${LOCALHOME}/DDCASPT2/hydrogen_comps/rerun/H8_chain/H8_2.76
--- Module rasscf spent 4 seconds ---

>>> COPY /tmp/H8_2.76/H8_2.76.rasscf.h5 ${LOCALHOME}/DDCASPT2/hydrogen_comps/rerun/H8_chain/H8_2.76/

>>> COPY /tmp/H8_2.76/DDCASPT2_Fock_MO.csv ${LOCALHOME}/DDCASPT2/hydrogen_comps/rerun/H8_chain/H8_2.76/H8_2.76.DDCASPT2_Fock_MO.csv

*** symbolic link created: INPORB -> H8_2.76.RasOrb
--- Start Module: motra at Sun Oct 26 13:44:54 2025 ---
 
()()()()()()()()()()()()()()()()()()()()()()()()()()()()()()()()()()()()()()()()()()()()()()()()()()

                                               &MOTRA

                                   only a single process is used
                       available to each process: 2.0 GB of memory, 1 thread?
()()()()()()()()()()()()()()()()()()()()()()()()()()()()()()()()()()()()()()()()()()()()()()()()()()
 
 
      *** WARNING: Default frozen orbitals is overwritten by user input.
      *** Default values:   0
 
      Header of the integral files:
      
       Integrals generated by seward 4.2.0  , Sun Oct 26 13:44:49 2025
 
 
      Header of MO coefficients source file:
      * RASSCF average (pseudo-natural) orbitals                                      
 
 
      Cartesian coordinates in Angstrom:
      -----------------------------------------------------
      No.  Label        X            Y            Z        
      -----------------------------------------------------
       1   H1         0.00000000   0.00000000   0.00000000
       2   H2         0.00000000   0.00000000   2.75757600
       3   H3         0.00000000   0.00000000   5.51515200
       4   H4         0.00000000   0.00000000   8.27272700
       5   H5         0.00000000   0.00000000  11.03030300
       6   H6         0.00000000   0.00000000  13.78787900
       7   H7         0.00000000   0.00000000  16.54545500
       8   H8         0.00000000   0.00000000  19.30303000
      -----------------------------------------------------
      Nuclear repulsion energy =    2.63724645
 
      Orbital specifications:
      -----------------------
 
      Symmetry species:              1
      Number of basis functions:    40
      Frozen orbitals:               0
      Deleted orbitals:              0
      Number of orbitals used:      40

       SYMMETRY  BASIS FUNCTIONS       ORBITALS      INTEGRALS   CPU(SEC)  I/O(SEC)
        1 1 1 1   40  40  40  40    40  40  40  40      336610       0.00      0.00

       TOTAL CPU TIME(SEC)    0.18TOTAL I/O TIME(SEC)    0.49
 
--- Stop Module: motra at Sun Oct 26 13:44:55 2025 /rc=_RC_ALL_IS_WELL_ ---
*** files: xmldump
    saved to directory ${LOCALHOME}/DDCASPT2/hydrogen_comps/rerun/H8_chain/H8_2.76

>>> COPY /tmp/H8_2.76/DDCASPT2_one_int_indx.csv ${LOCALHOME}/DDCASPT2/hydrogen_comps/rerun/H8_chain/H8_2.76/H8_2.76.DDCASPT2_one_int_indx.csv

>>> COPY /tmp/H8_2.76/DDCASPT2_one_int.csv ${LOCALHOME}/DDCASPT2/hydrogen_comps/rerun/H8_chain/H8_2.76/H8_2.76.DDCASPT2_one_int.csv

>>> COPY /tmp/H8_2.76/DDCASPT2_two_int_indx.csv ${LOCALHOME}/DDCASPT2/hydrogen_comps/rerun/H8_chain/H8_2.76/H8_2.76.DDCASPT2_two_int_indx.csv

>>> COPY /tmp/H8_2.76/DDCASPT2_two_int.csv ${LOCALHOME}/DDCASPT2/hydrogen_comps/rerun/H8_chain/H8_2.76/H8_2.76.DDCASPT2_two_int.csv

*** symbolic link created: INPORB -> H8_2.76.RasOrb
--- Start Module: caspt2 at Sun Oct 26 13:44:55 2025 ---
 
()()()()()()()()()()()()()()()()()()()()()()()()()()()()()()()()()()()()()()()()()()()()()()()()()()

                                              &CASPT2

                                   only a single process is used
                       available to each process: 2.0 GB of memory, 1 thread?
()()()()()()()()()()()()()()()()()()()()()()()()()()()()()()()()()()()()()()()()()()()()()()()()()()
 
 Cholesky algorithm in CASPT2 =    1
 
 ###############################################################################
 ###############################################################################
 ###                                                                         ###
 ###                                                                         ###
 ###    User changed nr of frozen orbitals.                                  ###
 ###                                                                         ###
 ###                                                                         ###
 ###############################################################################
 ###############################################################################
 
++    Wave function specifications:
      -----------------------------
 
      Number of closed shell electrons           0
      Number of electrons in active shells       8
      Max number of holes in RAS1 space          0
      Max number of electrons in RAS3 space      0
      Number of inactive orbitals                0
      Number of active orbitals                  8
      Number of secondary orbitals              32
      Spin quantum number                      0.0
      State symmetry                             1
      Number of CSFs                          1764
      Number of root(s) available                1
      Root passed to geometry opt.               1
      A file JOBMIX will be created.
      This is a CASSCF or RASSCF reference function
--
 
++    Orbital specifications:
      -----------------------
 
      Symmetry species                           1
                                                 a
      Frozen orbitals                            0
      Inactive orbitals                          0
      Active orbitals                            8
      Secondary orbitals                        32
      Deleted orbitals                           0
      Number of basis functions                 40
--
 
      Type of Fock operator: STANDARD
      Type of 0-order Hamiltonian: STANDARD WITH DEFAULT IPEA
        "IP-EA" denominator shift =      0.25
      The input orbitals and the CI vector will be transformed.
 
--------------------------------------------------------------------------------
 Estimated memory requirements:
  POLY3 :                   450746
  RHS:                      417296
  SIGMA :                   326032
  PRPCTL:                        0
 Available workspace:    230388092
 
++ CASPT2 computation for group   1
 
********************************************************************************
 Multi-State initialization phase begins for group   1
--------------------------------------------------------------------------------
********************************************************************************
 Compute H0 matrices for state    1
--------------------------------------------------------------------------------
--------------------------------------------------------------------------------
 H0 matrices have been computed.
 
********************************************************************************
  CASPT2 EQUATION SOLUTION
--------------------------------------------------------------------------------
 
  Total nr of CASPT2 parameters:
   Before reduction:       49280
   After  reduction:       48512
 
 The contributions to the second order correlation energy in atomic units.
-----------------------------------------------------------------------------------------------------------------------------
  IT.      VJTU        VJTI        ATVX        AIVX        VJAI        BVAT        BJAT        BJAI        TOTAL       RNORM  
-----------------------------------------------------------------------------------------------------------------------------
   1     0.000000    0.000000   -0.000398    0.000000    0.000000   -0.001179    0.000000    0.000000   -0.001577    0.000463
   2     0.000000    0.000000   -0.000403    0.000000    0.000000   -0.001180    0.000000    0.000000   -0.001583    0.000080
   3     0.000000    0.000000   -0.000403    0.000000    0.000000   -0.001181    0.000000    0.000000   -0.001584    0.000022
   4     0.000000    0.000000   -0.000403    0.000000    0.000000   -0.001181    0.000000    0.000000   -0.001584    0.000004
-------------------------------------------------------------------------------------------------------------------
 
  FINAL CASPT2 RESULT:
 
  Correlation energy /Case, /Symm, and sums:
 VJTU      0.00000000  0.00000000
 VJTIP     0.00000000  0.00000000
 VJTIM     0.00000000  0.00000000
 ATVX     -0.00040311 -0.00040311
 AIVX      0.00000000  0.00000000
 VJAIP     0.00000000  0.00000000
 VJAIM     0.00000000  0.00000000
 BVATP    -0.00103971 -0.00103971
 BVATM    -0.00014082 -0.00014082
 BJATP     0.00000000  0.00000000
 BJATM     0.00000000  0.00000000
 BJAIP     0.00000000  0.00000000
 BJAIM     0.00000000  0.00000000
 Summed:  -0.00158365 -0.00158365
 
      Reference energy:          -3.9935014659
      E2 (Non-variational):      -0.0015836486
      E2 (Variational):          -0.0015836540
      Total energy:              -3.9950851199
      Residual norm:              0.0000007074
      Reference weight:           0.99899
 
      Contributions to the CASPT2 correlation energy
      Active & Virtual Only:         -0.0015836486
      One Inactive Excited:           0.0000000000
      Two Inactive Excited:           0.0000000000
 
 
++ Denominators, etc.
----------------------------------------------------------------------------------------------------
 Report on small energy denominators, large coefficients, and large energy contributions.
CASE  SYMM ACTIVE-MIX  NON-ACTIVE INDICES          DENOMINATOR     RHS VALUE       COEFFICIENT     CONTRIBUTION
--
 
   (Skipping property calculation,
    use PROP keyword to activate)
--
 
  Total CASPT2 energies:
::    CASPT2 Root  1     Total energy:     -3.99508512
 
  A NEW JOBIPH FILE NAMED 'JOBMIX' IS PREPARED.
********************************************************************************
forrtl: warning (528): IEEE_UNDERFLOW is signaling
--- Stop Module: caspt2 at Sun Oct 26 13:44:56 2025 /rc=_RC_ALL_IS_WELL_ ---
*** files: xmldump
    saved to directory ${LOCALHOME}/DDCASPT2/hydrogen_comps/rerun/H8_chain/H8_2.76

>>> EXPORT i = B

>>> EXPORT j = P

>>> IF (-FILE DDCASPT2_e2_${i}_${j}_1_.csv)
(Skipped)

>>> END FOREACH

>>> EXPORT j = M

>>> IF (-FILE DDCASPT2_e2_${i}_${j}_1_.csv)
(Skipped)

>>> END FOREACH

>>> END FOREACH

>>> EXPORT i = E

>>> EXPORT j = P

>>> IF (-FILE DDCASPT2_e2_${i}_${j}_1_.csv)
(Skipped)

>>> END FOREACH

>>> EXPORT j = M

>>> IF (-FILE DDCASPT2_e2_${i}_${j}_1_.csv)
(Skipped)

>>> END FOREACH

>>> END FOREACH

>>> EXPORT i = F

>>> EXPORT j = P

>>> IF (-FILE DDCASPT2_e2_${i}_${j}_1_.csv)

>>> COPY /tmp/H8_2.76/DDCASPT2_RHS_F_P_1_.csv ${LOCALHOME}/DDCASPT2/hydrogen_comps/rerun/H8_chain/H8_2.76/DDCASPT2_RHS_F_P_1_.csv

>>> COPY /tmp/H8_2.76/DDCASPT2_IVECW_F_P_1_.csv ${LOCALHOME}/DDCASPT2/hydrogen_comps/rerun/H8_chain/H8_2.76/DDCASPT2_IVECW_F_P_1_.csv

>>> COPY /tmp/H8_2.76/DDCASPT2_IVECX_F_P_1_.csv ${LOCALHOME}/DDCASPT2/hydrogen_comps/rerun/H8_chain/H8_2.76/DDCASPT2_IVECX_F_P_1_.csv

>>> COPY /tmp/H8_2.76/DDCASPT2_IVECC2_F_P_1_.csv ${LOCALHOME}/DDCASPT2/hydrogen_comps/rerun/H8_chain/H8_2.76/DDCASPT2_IVECC2_F_P_1_.csv

>>> COPY /tmp/H8_2.76/DDCASPT2_e2_F_P_1_.csv ${LOCALHOME}/DDCASPT2/hydrogen_comps/rerun/H8_chain/H8_2.76/DDCASPT2_e2_F_P_1_.csv

>>> END FOREACH

>>> EXPORT j = M

>>> IF (-FILE DDCASPT2_e2_${i}_${j}_1_.csv)

>>> COPY /tmp/H8_2.76/DDCASPT2_RHS_F_M_1_.csv ${LOCALHOME}/DDCASPT2/hydrogen_comps/rerun/H8_chain/H8_2.76/DDCASPT2_RHS_F_M_1_.csv

>>> COPY /tmp/H8_2.76/DDCASPT2_IVECW_F_M_1_.csv ${LOCALHOME}/DDCASPT2/hydrogen_comps/rerun/H8_chain/H8_2.76/DDCASPT2_IVECW_F_M_1_.csv

>>> COPY /tmp/H8_2.76/DDCASPT2_IVECX_F_M_1_.csv ${LOCALHOME}/DDCASPT2/hydrogen_comps/rerun/H8_chain/H8_2.76/DDCASPT2_IVECX_F_M_1_.csv

>>> COPY /tmp/H8_2.76/DDCASPT2_IVECC2_F_M_1_.csv ${LOCALHOME}/DDCASPT2/hydrogen_comps/rerun/H8_chain/H8_2.76/DDCASPT2_IVECC2_F_M_1_.csv

>>> COPY /tmp/H8_2.76/DDCASPT2_e2_F_M_1_.csv ${LOCALHOME}/DDCASPT2/hydrogen_comps/rerun/H8_chain/H8_2.76/DDCASPT2_e2_F_M_1_.csv

>>> END FOREACH

>>> END FOREACH

>>> EXPORT i = G

>>> EXPORT j = P

>>> IF (-FILE DDCASPT2_e2_${i}_${j}_1_.csv)
(Skipped)

>>> END FOREACH

>>> EXPORT j = M

>>> IF (-FILE DDCASPT2_e2_${i}_${j}_1_.csv)
(Skipped)

>>> END FOREACH

>>> END FOREACH

>>> EXPORT i = H

>>> EXPORT j = P

>>> IF (-FILE DDCASPT2_e2_${i}_${j}_1_.csv)
(Skipped)

>>> END FOREACH

>>> EXPORT j = M

>>> IF (-FILE DDCASPT2_e2_${i}_${j}_1_.csv)
(Skipped)

>>> END FOREACH

>>> END FOREACH

>>> EXPORT i = A

>>> IF (-FILE DDCASPT2_e2_${i}_1_.csv)
(Skipped)

>>> END FOREACH

>>> EXPORT i = C

>>> IF (-FILE DDCASPT2_e2_${i}_1_.csv)

>>> COPY /tmp/H8_2.76/DDCASPT2_RHS_C_1_.csv ${LOCALHOME}/DDCASPT2/hydrogen_comps/rerun/H8_chain/H8_2.76/DDCASPT2_RHS_C_1_.csv

>>> COPY /tmp/H8_2.76/DDCASPT2_IVECW_C_1_.csv ${LOCALHOME}/DDCASPT2/hydrogen_comps/rerun/H8_chain/H8_2.76/DDCASPT2_IVECW_C_1_.csv

>>> COPY /tmp/H8_2.76/DDCASPT2_IVECX_C_1_.csv ${LOCALHOME}/DDCASPT2/hydrogen_comps/rerun/H8_chain/H8_2.76/DDCASPT2_IVECX_C_1_.csv

>>> COPY /tmp/H8_2.76/DDCASPT2_IVECC2_C_1_.csv ${LOCALHOME}/DDCASPT2/hydrogen_comps/rerun/H8_chain/H8_2.76/DDCASPT2_IVECC2_C_1_.csv

>>> COPY /tmp/H8_2.76/DDCASPT2_e2_C_1_.csv ${LOCALHOME}/DDCASPT2/hydrogen_comps/rerun/H8_chain/H8_2.76/DDCASPT2_e2_C_1_.csv

>>> END FOREACH

>>> EXPORT i = D

>>> IF (-FILE DDCASPT2_e2_${i}_1_.csv)
(Skipped)

>>> END FOREACH

.########################.
.# Non-zero return code #.
.########################.

    Timing: Wall=6.44 User=5.40 System=1.03
***************************************
*** WorkDir at /tmp/H8_2.76 cleaned ***
***************************************
