   This run of MOLCAS is using the pymolcas driver

                             OPE
                             OPE          NMOL  CASOP  ENMOLC A   SO
                 OPE        NMOLC        AS  OP EN  MO LC     AS  OP
                OPENM       OL CA        SO  PE NM  OL CA     SOP EN
                OP EN      MO   LC       AS  OP ENMOL  CASO   PENMOL
                OP  EN     MO   LC       AS  OP EN     MO     LC ASO
               OP   E  NMOL  C  AS       OP  EN MO     LC     AS  OP
               OP  E   NMO   LC AS        OPEN  MO     LCASOP EN   M
               O  PEN   MO  LCA  SO
            OPE   NMO   L   CAS    OP
        OPENMOL  CASOP     ENMOL   CASOPE
     OPENMOLCA   SOPENMOLCASOPEN   MOLCASOPE
    OPENMOLCAS   OP           EN   MOL    CAS
    OPENMOLCAS       OP  ENM        O     LCA
    OPENMOLCAS    OPEN  MOLCASO     P  E  NMO
    OPENMOLCAS     OP               E  N  MOL
    OPENMOLCA   SO           PENM   O  L  CAS    OPEN    MO    LCAS
    OPENMOLCA   SOP           ENM   O  L  CAS   OP  EN  MOLC  AS   O
    OPENMOLCA   SOPE           NM      O  LCA   S      OP  EN MO
    OPENMOLC                AS         O  PEN   M      OL  CA  SOPE
    OPENMO        LCASOPE  NMOL        C  ASO   P      ENMOLC     AS
    OPE     NMO      LCA  SO     P     E   NM   OL  CA SO  PE N   MO
          OPENMOLCA            SOPE   NMO        LCAS  O    P  ENMO
     OPENMOLCASOPENMOLCASOPENMOLCASOPENMOLCA
        OPENMOLCASOPENMOLCASOPENMOLCASOPE
            OPENMOLCASOPENMOLCASOPENM
               OPENMOLCASOPENMOLCA        version: f37762c57
                   OPENMOLCASO
                       OPE                tag:

 OpenMolcas is free software; you can redistribute it and/or modify it
 under the terms of the GNU Lesser General Public License version 2.1.
 OpenMolcas is distributed in the hope that it will be useful, but it
 is provided "as is" and without any express or implied warranties.
 For more details see the full text of the license in the file
 LICENSE or in <http://www.gnu.org/licenses/>.

                 Copyright (C) The OpenMolcas Authors
           For the author list and the recommended citation,
                   consult the file CONTRIBUTORS.md

           *************************************************
           * pymolcas version py2.28                       *
           *   build c4a6d18ded8cb6cad61d2372a9abd97c      *
           *   (after the EMIL interpreter by V. Veryazov) *
           *************************************************

configuration info
------------------
C Compiler ID: Intel
C flags: -std=gnu99 -gcc-sys
Fortran Compiler ID: IntelLLVM
Fortran flags: -standard-semantics -fltconsistency -fpp -i8 -heap-arrays
Definitions: _MOLCAS_;_I8_;_LINUX_
Parallel: OFF (GA=OFF)


   --------------------------------------------------------------------------------------
  |
  |              Project: H8_2.64
  |       Submitted from: ${LOCALHOME}/DDCASPT2/hydrogen_comps/rerun/H8_chain/H8_2.64
  |         Scratch area: /tmp/H8_2.64
  |      Save outputs to: ${LOCALHOME}/DDCASPT2/hydrogen_comps/rerun/H8_chain/H8_2.64
  |               Molcas: ${LOCALHOME}/Test/build
  |
  | Scratch area is empty
  |
  |       MOLCAS_DRIVER = /usr/local/pymolcas
  | MOLCAS_KEEP_WORKDIR = NO
  |  MOLCAS_NEW_WORKDIR = YES
  |       MOLCAS_NPROCS = 1
  |        MOLCAS_PRINT = NORMAL
  |       MOLCAS_SOURCE = ${LOCALHOME}/Test
  |    MOLCAS_STRUCTURE = 0
  |
   --------------------------------------------------------------------------------------

++ ---------   Input file   ---------

&GATEWAY
coord=H8_2.64.xyz
Basis = ANO-RCC-VDZP
Group = nosymm
End of Input

&SEWARD
End of Input

&SCF

>>> COPY $WorkDir/H8_2.64.scf.h5 $CurrDir/

&RASSCF
Title= RASSCF
FileOrb
${LOCALHOME}/DDCASPT2/hydrogen_comps/rerun/H8_chain/H8_0.60/H8_0.60.RasOrb
NACTEL
8 0 0
Inactive
0
RAS2
8
Symmetry
1
Spin
1
orblisting
all

>>> COPY $WorkDir/H8_2.64.rasscf.h5 $CurrDir/

>>> COPY $WorkDir/DDCASPT2_Fock_MO.csv $CurrDir/H8_2.64.DDCASPT2_Fock_MO.csv

&MOTRA
Frozen=0
LUMORB

>>> COPY $WorkDir/DDCASPT2_one_int_indx.csv $CurrDir/H8_2.64.DDCASPT2_one_int_indx.csv

>>> COPY $WorkDir/DDCASPT2_one_int.csv $CurrDir/H8_2.64.DDCASPT2_one_int.csv

>>> COPY $WorkDir/DDCASPT2_two_int_indx.csv $CurrDir/H8_2.64.DDCASPT2_two_int_indx.csv

>>> COPY $WorkDir/DDCASPT2_two_int.csv $CurrDir/H8_2.64.DDCASPT2_two_int.csv

&CASPT2
Frozen
0

MAXITER
50

>>> FOREACH i IN (B,E,F,G,H)

  >>> FOREACH j IN (P,M)

    >>> IF (-FILE DDCASPT2_e2_${i}_${j}_1_.csv)

      >>> COPY $WorkDir/DDCASPT2_RHS_${i}_${j}_1_.csv $CurrDir/DDCASPT2_RHS_${i}_${j}_1_.csv

      >>> COPY $WorkDir/DDCASPT2_IVECW_${i}_${j}_1_.csv $CurrDir/DDCASPT2_IVECW_${i}_${j}_1_.csv

      >>> COPY $WorkDir/DDCASPT2_IVECX_${i}_${j}_1_.csv $CurrDir/DDCASPT2_IVECX_${i}_${j}_1_.csv

      >>> COPY $WorkDir/DDCASPT2_IVECC2_${i}_${j}_1_.csv $CurrDir/DDCASPT2_IVECC2_${i}_${j}_1_.csv

      >>> COPY $WorkDir/DDCASPT2_e2_${i}_${j}_1_.csv $CurrDir/DDCASPT2_e2_${i}_${j}_1_.csv

    >>> END IF

  >>> END FOREACH

>>> END FOREACH

>>> FOREACH i IN (A,C,D)

  >>> IF (-FILE DDCASPT2_e2_${i}_1_.csv)

    >>> COPY $WorkDir/DDCASPT2_RHS_${i}_1_.csv $CurrDir/DDCASPT2_RHS_${i}_1_.csv

    >>> COPY $WorkDir/DDCASPT2_IVECW_${i}_1_.csv $CurrDir/DDCASPT2_IVECW_${i}_1_.csv

    >>> COPY $WorkDir/DDCASPT2_IVECX_${i}_1_.csv $CurrDir/DDCASPT2_IVECX_${i}_1_.csv

    >>> COPY $WorkDir/DDCASPT2_IVECC2_${i}_1_.csv $CurrDir/DDCASPT2_IVECC2_${i}_1_.csv

    >>> COPY $WorkDir/DDCASPT2_e2_${i}_1_.csv $CurrDir/DDCASPT2_e2_${i}_1_.csv

  >>> END IF

>>> END FOREACH

-- ----------------------------------

--- Start Module: gateway at Sun Oct 26 13:42:39 2025 ---
 
()()()()()()()()()()()()()()()()()()()()()()()()()()()()()()()()()()()()()()()()()()()()()()()()()()

                                              &GATEWAY

                                   only a single process is used
                       available to each process: 2.0 GB of memory, 1 thread?
()()()()()()()()()()()()()()()()()()()()()()()()()()()()()()()()()()()()()()()()()()()()()()()()()()
 
 
++    Symmetry information:
      ---------------------
 
                    Character Table for C1 
 
                             E  
                    a        1  x, y, xy, Rz, z, xz, Ry, yz, Rx, I
--
 
 
++    Basis set information:
      ----------------------
 
 
      Basis set label: H.ANO-RCC...2S1P.
 
      Electronic valence basis set:
      ------------------
      Associated Effective Charge   1.000000 au
      Associated Actual Charge      1.000000 au
      Nuclear Model: Point charge
 
      Shell  nPrim  nBasis  Cartesian Spherical Contaminant
         s       8       2        X                  
         p       4       1        X                  
--
 
 
++    Molecular structure info:
      -------------------------
 
                    ************************************************ 
                    **** Cartesian Coordinates / Bohr, Angstrom **** 
                    ************************************************ 
 
     Center  Label                x              y              z                     x              y              z
        1      H1               0.000000       0.000000       0.000000              0.000000       0.000000       0.000000
        2      H2               0.000000       0.000000       4.982006              0.000000       0.000000       2.636364
        3      H3               0.000000       0.000000       9.964010              0.000000       0.000000       5.272727
        4      H4               0.000000       0.000000      14.946016              0.000000       0.000000       7.909091
        5      H5               0.000000       0.000000      19.928022              0.000000       0.000000      10.545455
        6      H6               0.000000       0.000000      24.910026              0.000000       0.000000      13.181818
        7      H7               0.000000       0.000000      29.892032              0.000000       0.000000      15.818182
        8      H8               0.000000       0.000000      34.874036              0.000000       0.000000      18.454545
 
                    *************************************** 
                    *    InterNuclear Distances / Bohr    * 
                    *************************************** 
 
               1 H1            2 H2            3 H3            4 H4            5 H5            6 H6    
    1 H1       0.000000
    2 H2       4.982006        0.000000
    3 H3       9.964010        4.982004        0.000000
    4 H4      14.946016        9.964010        4.982006        0.000000
    5 H5      19.928022       14.946016        9.964012        4.982006        0.000000
    6 H6      24.910026       19.928020       14.946016        9.964010        4.982004        0.000000
    7 H7      29.892032       24.910026       19.928022       14.946016        9.964010        4.982006
    8 H8      34.874036       29.892030       24.910026       19.928020       14.946014        9.964010
 
               7 H7            8 H8    
    7 H7       0.000000
    8 H8       4.982004        0.000000
 
                    ******************************************* 
                    *    InterNuclear Distances / Angstrom    * 
                    ******************************************* 
 
               1 H1            2 H2            3 H3            4 H4            5 H5            6 H6    
    1 H1       0.000000
    2 H2       2.636364        0.000000
    3 H3       5.272727        2.636363        0.000000
    4 H4       7.909091        5.272727        2.636364        0.000000
    5 H5      10.545455        7.909091        5.272728        2.636364        0.000000
    6 H6      13.181818       10.545454        7.909091        5.272727        2.636363        0.000000
    7 H7      15.818182       13.181818       10.545455        7.909091        5.272727        2.636364
    8 H8      18.454545       15.818181       13.181818       10.545454        7.909090        5.272727
 
               7 H7            8 H8    
    7 H7       0.000000
    8 H8       2.636363        0.000000
--
 
 
            Nuclear Potential Energy              2.75849919 au
 
--- Stop Module: gateway at Sun Oct 26 13:42:39 2025 /rc=_RC_ALL_IS_WELL_ ---
*** files: xmldump
    saved to directory ${LOCALHOME}/DDCASPT2/hydrogen_comps/rerun/H8_chain/H8_2.64

--- Start Module: seward at Sun Oct 26 13:42:39 2025 ---
 
()()()()()()()()()()()()()()()()()()()()()()()()()()()()()()()()()()()()()()()()()()()()()()()()()()

                                              &SEWARD

                                   only a single process is used
                       available to each process: 2.0 GB of memory, 1 thread?
()()()()()()()()()()()()()()()()()()()()()()()()()()()()()()()()()()()()()()()()()()()()()()()()()()
 
               SEWARD will generate:
                  Multipole Moment integrals up to order  2
                  Kinetic Energy integrals
                  Nuclear Attraction integrals (point charge)
                  One-Electron Hamiltonian integrals
                  Velocity integrals
                  Relativistic Douglas-Kroll-Hess integrals:
                    - Parametrization         : EXP
                    - DKH order of Hamiltonian: 2
                    - DKH order of Properties : 0
                         - multipole moment operators
                         - electric potential operators
                         - contact operators
                  Atomic mean-field integrals
                  Two-Electron Repulsion integrals
 
                   Integrals are discarded if absolute value <: 0.10E-13
                   Integral cutoff threshold is set to       <: 0.10E-15
 
            Nuclear Potential Energy              2.75849919 au
 
 
      Basis set specifications :
      Symmetry species         a  
      Basis functions           40
 
 
  Input file to MOLDEN was generated!
 
forrtl: warning (525): IEEE_DIVIDE_BY_ZERO is signaling
forrtl: warning (526): IEEE_INVALID is signaling
forrtl: warning (528): IEEE_UNDERFLOW is signaling
--- Stop Module: seward at Sun Oct 26 13:42:39 2025 /rc=_RC_ALL_IS_WELL_ ---
*** files: H8_2.64.GssOrb H8_2.64.guessorb.h5 H8_2.64.guessorb.molden xmldump
    saved to directory ${LOCALHOME}/DDCASPT2/hydrogen_comps/rerun/H8_chain/H8_2.64

*** symbolic link created: INPORB -> H8_2.64.GssOrb
--- Start Module: scf at Sun Oct 26 13:42:39 2025 ---
 
()()()()()()()()()()()()()()()()()()()()()()()()()()()()()()()()()()()()()()()()()()()()()()()()()()

                                                &SCF

                                   only a single process is used
                       available to each process: 2.0 GB of memory, 1 thread?
()()()()()()()()()()()()()()()()()()()()()()()()()()()()()()()()()()()()()()()()()()()()()()()()()()
 
++    Input section:
      --------------
 
      Header of the integral files:
      
       Integrals generated by seward 4.2.0  , Sun Oct 26 13:42:39 2025
 
 
      Cartesian coordinates in Angstrom:
      -----------------------------------------------------
      No.  Label        X            Y            Z        
      -----------------------------------------------------
       1   H1         0.00000000   0.00000000   0.00000000
       2   H2         0.00000000   0.00000000   2.63636400
       3   H3         0.00000000   0.00000000   5.27272700
       4   H4         0.00000000   0.00000000   7.90909100
       5   H5         0.00000000   0.00000000  10.54545500
       6   H6         0.00000000   0.00000000  13.18181800
       7   H7         0.00000000   0.00000000  15.81818200
       8   H8         0.00000000   0.00000000  18.45454500
      -----------------------------------------------------
      Nuclear repulsion energy =    2.75849919
--
 
++    Orbital specifications:
      -----------------------
 
      Symmetry species               1
                                     a
      Frozen orbitals                0
      Occupied orbitals              4
      Secondary orbitals            36
      Deleted orbitals               0
      Total number of orbitals      40
      Number of basis functions     40
--
 
      Molecular charge                           0.000
 
++    Optimization specifications:
      ----------------------------
 
      SCF Algorithm: Conventional
      Minimized density differences are used
      Number of density matrices in core                5
      Maximum number of NDDO SCF iterations           400
      Maximum number of HF SCF iterations             400
      Threshold for SCF energy change            0.10E-08
      Threshold for density matrix               0.10E-03
      Threshold for Fock matrix                  0.15E-03
      Threshold for linear dependence            0.10E-08
      Threshold at which DIIS is turned on       0.15E+00
      Threshold at which QNR/C2DIIS is turned on 0.75E-01
      Threshold for Norm(delta) (QNR/C2DIIS)     0.20E-04
      DIIS extrapolation of the SCF procedure
      All orbitals punched on: SCFORB
--
 
      Input vectors read from INPORB
      Orbital file label: *Guess orbitals
 
 
++ Convergence information
                                   SCF        iterations: Energy and convergence statistics
 
Iter     Tot. SCF        One-elec.       Two-elec.     Energy      Max Dij or  Max Fij      DNorm      TNorm      AccCon     Time
         Energy          Energy          Energy        Change      Delta Norm                                                in Sec.
   1    -3.170834693    -9.619743354     3.690409470   0.00E+00    0.40E+00*   0.13E+00*    0.45E+01   0.74E+01   None         0.
   2    -3.411136675    -9.588445828     3.418809962  -0.24E+00*   0.15E+00*   0.25E-01*    0.14E+01   0.71E+01   EDIIS        0.
   3    -3.423276881    -9.527133509     3.345357437  -0.12E-01*   0.95E-01*   0.95E-02*    0.31E+00   0.70E+01   EDIIS        0.
   4    -3.425874687    -9.532918993     3.348545115  -0.26E-02*   0.61E-01*   0.64E-02*    0.18E+00   0.70E+01   c2DIIS       0.
   5    -3.426920948    -9.520217605     3.334797466  -0.10E-02*   0.26E-01*   0.39E-02*    0.40E-01   0.70E+01   QNRc2DIIS    0.
   6    -3.427258300    -9.527191855     3.341434364  -0.34E-03*   0.24E-01*   0.25E-02*    0.19E-01   0.70E+01   QNRc2DIIS    0.
   7    -3.427453449    -9.524680847     3.338728208  -0.20E-03*   0.93E-02*   0.81E-03*    0.83E-02   0.70E+01   QNRc2DIIS    0.
   8    -3.427466635    -9.522572406     3.336606581  -0.13E-04*   0.20E-02*   0.40E-03*    0.37E-02   0.70E+01   QNRc2DIIS    0.
   9    -3.427469646    -9.523015341     3.337046504  -0.30E-05*   0.20E-03*   0.20E-04     0.12E-02   0.70E+01   QNRc2DIIS    0.
  10    -3.427469660    -9.523022227     3.337053376  -0.14E-07*   0.49E-04*   0.55E-05     0.29E-03   0.70E+01   QNRc2DIIS    0.
  11    -3.427469661    -9.523020876     3.337052025  -0.96E-09    0.23E-04*   0.13E-05     0.35E-04   0.70E+01   QNRc2DIIS    0.
  12    -3.427469661    -9.523020883     3.337052031  -0.11E-09    0.28E-05    0.24E-06     0.39E-04   0.70E+01   QNRc2DIIS    0.
 
       Convergence after 12 Macro Iterations
--
 
 *****************************************************************************************************************************
 *                                                                                                                           *
 *                                             SCF/KS-DFT Program, Final results                                             *
 *                                                                                                                           *
 *                                                                                                                           *
 *                                                                                                                           *
 *                                                       Final Results                                                       *
 *                                                                                                                           *
 *****************************************************************************************************************************
 
::    Total SCF energy                                 -3.4274696612
      One-electron energy                              -9.5230208832
      Two-electron energy                               3.3370520315
      Nuclear repulsion energy                          2.7584991905
      Kinetic energy (interpolated)                     2.6284455616
      Virial theorem                                    1.3039911160
      Total spin, S(S+1)                                0.0000000000
      Total spin, S                                     0.0000000000
      Max non-diagonal density matrix element           0.0000030357
      Max non-diagonal Fock matrix element              0.0000002125
 
 
      All orbitals with orbital energies smaller than  E(LUMO)+0.5 are printed
 
++    Molecular orbitals:
      -------------------
 
      Title: SCF orbitals

      Molecular orbitals for symmetry species 1: a  
 
          Orbital            1         2         3         4         5         6         7         8         9        10    
          Energy           -0.3812   -0.3679   -0.3481   -0.3273   -0.1528   -0.1238   -0.0938   -0.0715    0.3195    0.3317
          Occ. No.          2.0000    2.0000    2.0000    2.0000    0.0000    0.0000    0.0000    0.0000    0.0000    0.0000
 
        1 H1     1s         0.1729   -0.3219    0.3968   -0.3075    0.3538   -0.4911    0.4358   -0.2510   -0.1092    0.1670
        2 H1     2s         0.0331   -0.0634    0.0819   -0.0669    0.1086   -0.1585    0.1458   -0.0849    0.2092   -0.3687
        3 H1     2px       -0.0000    0.0000   -0.0000    0.0000    0.0000   -0.0000    0.0000   -0.0000   -0.0000    0.0000
        4 H1     2py       -0.0000    0.0000   -0.0000    0.0000   -0.0000   -0.0000    0.0000   -0.0000   -0.0000   -0.0000
        5 H1     2pz        0.0058   -0.0097    0.0101   -0.0065   -0.0028    0.0079   -0.0118    0.0093   -0.0071    0.0101
        6 H2     1s         0.2287   -0.3812    0.3918   -0.2444   -0.1989    0.4376   -0.5448    0.3809   -0.1776    0.2232
        7 H2     2s         0.0378   -0.0769    0.0992   -0.0748   -0.0554    0.1437   -0.1896    0.1331    0.2199   -0.3032
        8 H2     2px       -0.0000    0.0000   -0.0000    0.0000    0.0000   -0.0000   -0.0000   -0.0000   -0.0000    0.0000
        9 H2     2py        0.0000   -0.0000    0.0000   -0.0000   -0.0000    0.0000   -0.0000    0.0000   -0.0000   -0.0000
       10 H2     2pz       -0.0011    0.0047   -0.0098    0.0100   -0.0138    0.0138   -0.0038   -0.0032    0.0023   -0.0024
       11 H3     1s         0.3564   -0.2885   -0.1570    0.4058   -0.4512    0.1492    0.4291   -0.5231   -0.1969    0.1595
       12 H3     2s         0.0679   -0.0496   -0.0500    0.1060   -0.1414    0.0440    0.1505   -0.1797    0.2703   -0.2447
       13 H3     2px        0.0000    0.0000   -0.0000    0.0000    0.0000    0.0000    0.0000   -0.0000   -0.0000   -0.0000
       14 H3     2py        0.0000    0.0000    0.0000   -0.0000   -0.0000    0.0000   -0.0000   -0.0000    0.0000   -0.0000
       15 H3     2pz        0.0061   -0.0010   -0.0087    0.0095    0.0111   -0.0155    0.0038    0.0081   -0.0028    0.0017
       16 H4     1s         0.3787   -0.2013   -0.2737    0.3774    0.3879   -0.3921   -0.2226    0.5720   -0.2164    0.0560
       17 H4     2s         0.0679   -0.0518   -0.0538    0.1035    0.1182   -0.1358   -0.0738    0.1976    0.2914   -0.0863
       18 H4     2px       -0.0000    0.0000   -0.0000    0.0000   -0.0000   -0.0000   -0.0000   -0.0000   -0.0000    0.0000
       19 H4     2py        0.0000    0.0000    0.0000   -0.0000    0.0000    0.0000   -0.0000   -0.0000   -0.0000    0.0000
       20 H4     2pz       -0.0043    0.0075    0.0006   -0.0112    0.0150    0.0023   -0.0146    0.0031    0.0030   -0.0001
       21 H5     1s         0.3787    0.2013   -0.2737   -0.3774    0.3879    0.3921   -0.2226   -0.5720   -0.2164   -0.0560
       22 H5     2s         0.0679    0.0518   -0.0538   -0.1035    0.1182    0.1358   -0.0738   -0.1976    0.2914    0.0863
       23 H5     2px       -0.0000    0.0000    0.0000    0.0000   -0.0000   -0.0000   -0.0000   -0.0000   -0.0000   -0.0000
       24 H5     2py       -0.0000   -0.0000   -0.0000    0.0000   -0.0000   -0.0000   -0.0000    0.0000    0.0000   -0.0000
       25 H5     2pz        0.0043    0.0075   -0.0006   -0.0112   -0.0150    0.0023    0.0146    0.0031   -0.0030   -0.0001
       26 H6     1s         0.3564    0.2885   -0.1570   -0.4058   -0.4512   -0.1492    0.4291    0.5231   -0.1969   -0.1595
       27 H6     2s         0.0679    0.0496   -0.0500   -0.1060   -0.1414   -0.0440    0.1505    0.1797    0.2703    0.2447
       28 H6     2px        0.0000    0.0000    0.0000    0.0000   -0.0000    0.0000    0.0000   -0.0000   -0.0000   -0.0000
       29 H6     2py       -0.0000    0.0000    0.0000   -0.0000   -0.0000   -0.0000   -0.0000   -0.0000   -0.0000    0.0000
       30 H6     2pz       -0.0061   -0.0010    0.0087    0.0095   -0.0111   -0.0155   -0.0038    0.0081    0.0028    0.0017
       31 H7     1s         0.2287    0.3812    0.3918    0.2444   -0.1989   -0.4376   -0.5448   -0.3809   -0.1776   -0.2232
       32 H7     2s         0.0378    0.0769    0.0992    0.0748   -0.0554   -0.1437   -0.1896   -0.1331    0.2199    0.3032
       33 H7     2px        0.0000    0.0000   -0.0000    0.0000   -0.0000    0.0000    0.0000    0.0000   -0.0000   -0.0000
       34 H7     2py        0.0000    0.0000    0.0000    0.0000    0.0000   -0.0000    0.0000    0.0000    0.0000   -0.0000
       35 H7     2pz        0.0011    0.0047    0.0098    0.0100    0.0138    0.0138    0.0038   -0.0032   -0.0023   -0.0024
       36 H8     1s         0.1729    0.3219    0.3968    0.3075    0.3538    0.4911    0.4358    0.2510   -0.1092   -0.1670
       37 H8     2s         0.0331    0.0634    0.0819    0.0669    0.1086    0.1585    0.1458    0.0849    0.2092    0.3687
       38 H8     2px        0.0000   -0.0000   -0.0000    0.0000    0.0000   -0.0000    0.0000    0.0000    0.0000    0.0000
       39 H8     2py        0.0000    0.0000    0.0000    0.0000    0.0000    0.0000    0.0000    0.0000   -0.0000    0.0000
       40 H8     2pz       -0.0058   -0.0097   -0.0101   -0.0065    0.0028    0.0079    0.0118    0.0093    0.0071    0.0101
--
 
 
++    Molecular charges:
      ------------------
 
      Mulliken charges per centre and basis function type
      ---------------------------------------------------
 
                H1      H2      H3      H4      H5      H6      H7      H8    
      1s       0.8811  0.9274  0.9066  0.9113  0.9113  0.9066  0.9274  0.8811
      2s       0.0871  0.0951  0.0871  0.0887  0.0887  0.0871  0.0951  0.0871
      2px      0.0000  0.0000  0.0000  0.0000  0.0000  0.0000  0.0000  0.0000
      2pz      0.0035  0.0041  0.0040  0.0040  0.0040  0.0040  0.0041  0.0035
      2py      0.0000  0.0000  0.0000  0.0000  0.0000  0.0000  0.0000  0.0000
      Total    0.9718  1.0265  0.9977  1.0040  1.0040  0.9977  1.0265  0.9718
 
      N-E      0.0282 -0.0265  0.0023 -0.0040 -0.0040  0.0023 -0.0265  0.0282
 
      Total electronic charge=    8.000000
 
      Total            charge=   -0.000000
--
 
 
  Input file to MOLDEN was generated!
 
 
++    Static properties:
      ------------------
 
 
      LoProp Charges per center
 

                   H1       H2       H3       H4       H5       H6       H7       H8    
      Nuclear      1.0000   1.0000   1.0000   1.0000   1.0000   1.0000   1.0000   1.0000
      Electronic  -0.9820  -1.0154  -0.9987  -1.0039  -1.0039  -0.9987  -1.0154  -0.9820
 
      Total        0.0180  -0.0154   0.0013  -0.0039  -0.0039   0.0013  -0.0154   0.0180
--
 
 
++    Natural Bond Order analysis
      ---------------------------
      Based on LoProp computed density
      -------------------------------------------------------------------------------------
      Atom A       Atom B       Bond Order
      -------------------------------------------------------------------------------------
      NBO located      0.972 non-bonded electrons on atom H1        
      NBO located      1.005 non-bonded electrons on atom H3        
      NBO located      1.010 non-bonded electrons on atom H4        
      NBO located      1.010 non-bonded electrons on atom H5        
      NBO located      1.005 non-bonded electrons on atom H6        
      NBO located      0.972 non-bonded electrons on atom H8        
      The remaining    2.025 electrons are to be considered as diffuse
--
 
 
++    Molecular properties:
      ---------------------
 
      Charge (e):
                      =   -0.0000
      Dipole Moment (Debye):
      Origin of the operator (Ang)=    0.0000    0.0000    0.0000
                   X=  1.8978E-13               Y=  5.0503E-14               Z= -6.0658E-07           Total=  6.0658E-07
      Quadrupole Moment (Debye*Ang):
      Origin of the operator (Ang)=    0.0000    0.0000    9.2273
                  XX= -1.9292E+01              XY= -8.6654E-28              XZ= -1.7084E-12              YY= -1.9292E+01
                  YZ= -5.5880E-13              ZZ=  3.4377E-01
      In traceless form (Debye*Ang)
                  XX= -9.8177E+00              XY= -1.2998E-27              XZ= -2.5626E-12              YY= -9.8177E+00
                  YZ= -8.3820E-13              ZZ=  1.9635E+01
--
 
 
  Input file to MOLDEN was generated!
 
 ###############################################################################
 ###############################################################################
 ###                                                                         ###
 ###                                                                         ###
 ###    RunFile label nBas                                                   ###
 ###    was used       78 times                                              ###
 ###                                                                         ###
 ###                                                                         ###
 ###############################################################################
 ###############################################################################
forrtl: warning (528): IEEE_UNDERFLOW is signaling
--- Stop Module: scf at Sun Oct 26 13:42:40 2025 /rc=_RC_ALL_IS_WELL_ ---
*** files: H8_2.64.LprOrb H8_2.64.LoProp.molden H8_2.64.scf.molden H8_2.64.ScfOrb H8_2.64.scf.h5 xmldump
    saved to directory ${LOCALHOME}/DDCASPT2/hydrogen_comps/rerun/H8_chain/H8_2.64

>>> COPY /tmp/H8_2.64/H8_2.64.scf.h5 ${LOCALHOME}/DDCASPT2/hydrogen_comps/rerun/H8_chain/H8_2.64/

*** symbolic link created: INPORB -> H8_2.64.ScfOrb
--- Start Module: rasscf at Sun Oct 26 13:42:40 2025 ---
 
()()()()()()()()()()()()()()()()()()()()()()()()()()()()()()()()()()()()()()()()()()()()()()()()()()

                                              &RASSCF

                                   only a single process is used
                       available to each process: 2.0 GB of memory, 1 thread?
()()()()()()()()()()()()()()()()()()()()()()()()()()()()()()()()()()()()()()()()()()()()()()()()()()
 
 
      Header of the ONEINT file:
      --------------------------
      
      Integrals generated by seward 4.2.0  , Sun Oct 26 13:42:39 2025
 
 
      OrdInt status: non-squared
 
 
      Cartesian coordinates in Angstrom:
      -----------------------------------------------------
      No.  Label        X            Y            Z        
      -----------------------------------------------------
       1   H1         0.00000000   0.00000000   0.00000000
       2   H2         0.00000000   0.00000000   2.63636400
       3   H3         0.00000000   0.00000000   5.27272700
       4   H4         0.00000000   0.00000000   7.90909100
       5   H5         0.00000000   0.00000000  10.54545500
       6   H6         0.00000000   0.00000000  13.18181800
       7   H7         0.00000000   0.00000000  15.81818200
       8   H8         0.00000000   0.00000000  18.45454500
      -----------------------------------------------------
      Nuclear repulsion energy =    2.75849919
 
++    Wave function specifications:
      -----------------------------
 
      Number of closed shell electrons           0
      Number of electrons in active shells       8
      Max number of holes in RAS1 space          0
      Max nr of electrons in RAS3 space          0
      Number of inactive orbitals                0
      Number of active orbitals                  8
      Number of secondary orbitals              32
      Spin quantum number                      0.0
      State symmetry                             1
--
 
++    Orbital specifications:
      -----------------------
 
      Symmetry species                           1
                                                 a
      Frozen orbitals                            0
      Inactive orbitals                          0
      Active orbitals                            8
      RAS1 orbitals                              0
      RAS2 orbitals                              8
      RAS3 orbitals                              0
      Secondary orbitals                        32
      Deleted orbitals                           0
      Number of basis functions                 40
--
 
++    CI expansion specifications:
      ----------------------------
 
      Number of CSFs                          1764
      Number of determinants                  2485
      Number of root(s) required                 1
      Root chosen for geometry opt.              1
      CI root used                               1
         
      highest root included in the CI            1
      max. size of the explicit Hamiltonian    200
--
 
++    Optimization specifications:
      ----------------------------
 
      RASSCF algorithm: Conventional
      Maximum number of macro iterations       200
      Maximum number of SX iterations          100
      Threshold for RASSCF energy            0.100E-07
      Threshold for max MO rotation          0.100E+00
      Threshold for max BLB element          0.100E-03
      Level shift parameter                  0.500E+00
      Make Quasi-Newton update
--
 
      The MO-coefficients are taken from the file:
      ${LOCALHOME}/DDCASPT2/hydrogen_comps/rerun/H8_chain/H8_0.60/H8_0.60.RasOrb                                                  
      Title: RASSCF average (pseudo-natural) orbitals                                      
 
      Total molecular charge    0.00
 
      ************************************************************************************************************************
      *                                                                                                                      *
      *                                            Wave function control section                                             *
      *                                                                                                                      *
      ************************************************************************************************************************
 
 
                                         RASSCF iterations: Energy and convergence statistics
                                         ----------------------------------------------------
 
      Iter CI   SX   CI       RASSCF       Energy    max ROT     max BLB   max BLB  Level Ln srch  Step   QN   Walltime
          iter iter root      energy       change     param      element    value   shift minimum  type update hh:mm:ss
 Nr of preliminary CI iterations:   8
        1   1  100    1    -2.57538648    0.00E+00  -0.35E+00*   6  32 1 -0.33E+00*  0.44   0.00    SX    NO    0:00:00
        2   7  100    1    -3.22429041   -0.65E+00*  0.53E+00*   3  18 1  0.19E+00*  0.29   0.00    SX    NO    0:00:00
 ###############################################################################
 ###############################################################################
 ###                                                                         ###
 ###                                                                         ###
 ###    Large orbital rotation.                                              ###
 ###                                                                         ###
 ###                                                                         ###
 ###############################################################################
 ###############################################################################
      Molecular orbital   8 of symmetry 1 MO space 2  weight is    0.428435
        3   4  100    1    -3.41392139   -0.19E+00* -0.50E+00*   2  10 1 -0.17E+00*  0.12   0.00    SX    NO    0:00:00
        4   6  100    1    -3.46136177   -0.47E-01*  0.30E+00*   2  21 1 -0.30E+00*  0.07   0.00    SX    NO    0:00:00
        5  18  100    1    -3.71358830   -0.25E+00* -0.12E+00*   2  32 1  0.65E-01*  0.02   0.95    QN   YES    0:00:00
 ###############################################################################
 ###############################################################################
 ###                                                                         ###
 ###                                                                         ###
 ###    Large orbital rotation.                                              ###
 ###                                                                         ###
 ###                                                                         ###
 ###############################################################################
 ###############################################################################
      Molecular orbital   5 of symmetry 1 MO space 2  weight is    0.326588
        6   6  100    1    -3.76207431   -0.48E-01*  0.53E+00*   8  21 1 -0.74E-01*  0.00   0.95    QN   YES    0:00:00
        7  12  100    1    -3.86798161   -0.11E+00* -0.29E+00*   8  15 1  0.42E-01*  0.00   0.00    SX    NO    0:00:00
        8   6  100    1    -3.97988327   -0.11E+00* -0.32E-01    5  25 1 -0.31E-01*  0.00   0.94    QN   YES    0:00:00
        9   4   28    1    -3.98629075   -0.64E-02*  0.28E-01    5   9 1 -0.42E-01*  0.00   0.80    QN   YES    0:00:00
       10  23   96    1    -3.99406105   -0.78E-02*  0.34E-01    5   9 1 -0.24E-01*  0.00   1.33    QN   YES    0:00:00
       11  10   12    1    -3.99707157   -0.30E-02* -0.25E-02    4  21 1 -0.18E-02*  0.00   1.01    QN   YES    0:00:00
       12   4   10    1    -3.99713245   -0.61E-04*  0.41E-03    3  35 1 -0.33E-03*  0.00   0.94    QN   YES    0:00:00
       13  23   11    1    -3.99720685   -0.74E-04*  0.38E-01    7  18 1 -0.53E-03*  0.00   1.00    QN   YES    0:00:00
       14  67   16    1    -3.98831642    0.89E-02* -0.23E-01    3  35 1  0.28E-01*  0.00   0.01    LS   YES    0:00:00
       15   4   26    1    -3.99584868   -0.75E-02* -0.13E-01    3  35 1  0.11E-01*  0.00   1.62    LS   YES    0:00:00
       16   4   11    1    -3.99712818   -0.13E-02* -0.15E-02    4  15 1  0.12E-02*  0.00   1.08    QN   YES    0:00:00
       17   1   11    1    -3.99713865   -0.10E-04* -0.13E-03    6  40 1 -0.84E-03*  0.00   0.98    QN   YES    0:00:00
       18  48   11    1    -3.99720858   -0.70E-04* -0.51E-02    5  12 1  0.58E-03*  0.00   1.00    QN   YES    0:00:00
       19  36   12    1    -3.99704837    0.16E-03*  0.31E-02    3  35 1 -0.43E-02*  0.00   0.12    LS   YES    0:00:00
       20   4   11    1    -3.99719573   -0.15E-03*  0.12E-02    3  35 1 -0.15E-02*  0.00   1.40    LS   YES    0:00:00
       21   4   10    1    -3.99720924   -0.14E-04*  0.40E-03    1   9 1  0.46E-03*  0.00   1.02    QN   YES    0:00:00
       22  17   10    1    -3.99721286   -0.36E-05* -0.23E-03    4  21 1  0.19E-03*  0.00   1.02    QN   YES    0:00:00
       23  16    9    1    -3.99721354   -0.68E-06*  0.86E-04    3  24 1 -0.14E-03*  0.00   1.04    QN   YES    0:00:00
       24  10    9    1    -3.99721371   -0.17E-06*  0.60E-04    6  40 1 -0.13E-03*  0.00   1.04    QN   YES    0:00:00
       25   9    9    1    -3.99721377   -0.59E-07*  0.45E-04    6  40 1 -0.12E-03*  0.00   1.09    QN   YES    0:00:00
       26   4    9    1    -3.99721381   -0.39E-07*  0.49E-04    7  18 1 -0.96E-04   0.00   1.69    QN   YES    0:00:00
       27   4    9    1    -3.99721387   -0.62E-07*  0.61E-04    7  18 1 -0.66E-04   0.00   1.85    QN   YES    0:00:00
       28   4    8    1    -3.99721393   -0.62E-07*  0.41E-04    6  15 1 -0.40E-04   0.00   1.42    QN   YES    0:00:00
       29   1    7    1    -3.99721395   -0.18E-07*  0.15E-04    5  12 1  0.12E-04   0.00   1.19    QN   YES    0:00:00
       30   1    5    1    -3.99721395   -0.19E-08  -0.20E-05    6  10 1  0.16E-05   0.00   1.10    QN   YES    0:00:00
      Convergence after 30 iterations
 
  Dmat in MO in SXCTL bf call to SXHAM                                                                                    
  mat. size =     8x    8
 
        1.2508960579742947
        0.0021357406906992      1.1144330985969415
       -0.0938937890798666     -0.0041480331653934      1.0962069079853456
        0.0028410336576566     -0.0131982670165427      0.0046523446899677      1.1340409964541474
        0.1299869655933732      0.0213916949024200      0.1307767963026046     -0.0097607946912077      0.8969722476514433
        0.0035252163503593      0.1691552199093138      0.0045270810717821      0.0107363835700515     -0.0059816819959109
        0.7932701201193652
       -0.0653263233217030     -0.0001924131836651     -0.1385261396069560      0.0025646670062068     -0.0125743984810896
        0.0034028647674751      0.8733865239334131
        0.0206242547435068     -0.1912363924789616      0.0108243395455284      0.0315373416422914      0.0079372461105065
       -0.0258817688243568      0.0110655114852535      0.8407940472850503
       31   1    5    1    -3.99721395   -0.38E-10  -0.20E-05    1   9 1 -0.42E-06   0.00   1.10    QN   YES    0:00:00
 
      ************************************************************************************************************************
                                                      Wave function printout:
                       occupation of active orbitals, and spin coupling of open shells (u,d: Spin up or down)
      ************************************************************************************************************************
 
      Note: transformation to natural orbitals
      has been made, which may change the order of the CSFs.
 
      printout of CI-coefficients larger than  0.05 for root  1
      energy=      -3.997214
      conf/sym  11111111     Coeff  Weight
             1  22220000   0.34306 0.11769
            18  22202000  -0.18785 0.03529
            27  22200002  -0.05047 0.00255
            34  22udu00d  -0.20248 0.04100
            41  2u2du0d0   0.16602 0.02756
            45  2u2d0u0d   0.06844 0.00468
            47  2u2d0002  -0.06417 0.00412
            49  u22dud00   0.18506 0.03425
            56  u22d00ud   0.09303 0.00865
            58  22022000  -0.05127 0.00263
            61  2202u0d0   0.06408 0.00411
            63  22020020  -0.05269 0.00278
            67  22020002  -0.12954 0.01678
            69  2ud2ud00   0.09317 0.00868
            76  2ud200ud   0.17695 0.03131
            81  u2d2u0d0   0.06963 0.00485
            83  u2d20020  -0.05393 0.00291
            85  u2d20u0d   0.14508 0.02105
            93  20220020  -0.11051 0.01221
            95  20220u0d   0.05412 0.00293
            97  20220002  -0.05370 0.00288
           102  ud220ud0  -0.14520 0.02108
           104  ud22u00d  -0.05070 0.00257
           110  02220200  -0.11253 0.01266
           121  22uud00d   0.05868 0.00344
           125  2u2ud0d0  -0.05949 0.00354
           130  u22udd00  -0.07265 0.00528
           568  22002002   0.12034 0.01448
           582  2ud020ud  -0.13400 0.01795
           600  u2d02u0d  -0.11911 0.01419
           617  20202020   0.09595 0.00921
           635  ud202ud0   0.09703 0.00942
           654  02202200   0.09208 0.00848
           691  2u0du0d2   0.11270 0.01270
           709  u20dud02   0.10086 0.01017
           726  20udu02d  -0.09453 0.00894
           743  udududud  -0.09123 0.00832
           745  ududuudd  -0.11051 0.01221
           761  02udu20d  -0.08624 0.00744
           783  uuddudud  -0.13550 0.01836
           785  uudduudd   0.05078 0.00258
           798  u02dud20   0.08848 0.00783
           816  0u2du2d0   0.08989 0.00808
           853  20020022   0.08838 0.00781
           872  ud020ud2   0.08298 0.00688
           890  02020202   0.07577 0.00574
           907  u0d20u2d  -0.09092 0.00827
           924  0ud202ud  -0.09170 0.00841
           939  00220220   0.07189 0.00517
          1602  20002022  -0.09191 0.00845
          1610  ud002ud2  -0.10767 0.01159
          1619  02002202  -0.07417 0.00550
          1627  u0d02u2d   0.09315 0.00868
          1636  0ud022ud   0.10396 0.01081
          1643  0ud0ud22   0.05368 0.00288
          1645  00202220  -0.06649 0.00442
          1656  u00d22ud   0.05366 0.00288
          1663  u00dud22   0.10258 0.01052
          1671  0u0du2d2   0.08416 0.00708
          1678  00udu22d  -0.09045 0.00818
          1694  00020222  -0.07204 0.00519
          1764  00002222   0.11230 0.01261
 
      Natural orbitals and occupation numbers for root  1
      sym 1:   1.310704   1.272477   1.211327   1.133709   0.869508   0.685991   0.726246   0.790039
 
      ************************************************************************************************************************
      *                                                                                                                      *
      *                                                    Final results                                                     *
      *                                                                                                                      *
      ************************************************************************************************************************
 
 
++    Wave function specifications:
      -----------------------------
 
      Number of closed shell electrons           0
      Number of electrons in active shells       8
      Max number of holes in RAS1 space          0
      Max nr of electrons in RAS3 space          0
      Number of inactive orbitals                0
      Number of active orbitals                  8
      Number of secondary orbitals              32
      Spin quantum number                      0.0
      State symmetry                             1
--
 
++    Orbital specifications:
      -----------------------
 
      Symmetry species                           1
                                                 a
      Frozen orbitals                            0
      Inactive orbitals                          0
      Active orbitals                            8
      RAS1 orbitals                              0
      RAS2 orbitals                              8
      RAS3 orbitals                              0
      Secondary orbitals                        32
      Deleted orbitals                           0
      Number of basis functions                 40
--
 
++    CI expansion specifications:
      ----------------------------
 
      Number of CSFs                          1764
      Number of determinants                  2485
      Number of root(s) required                 1
      CI root used                               1
      highest root included in the CI            1
      Root passed to geometry opt.               1
--
 
++    Final optimization conditions:
      ------------------------------
 
      Average CI energy                              -3.99721395
      RASSCF energy for state  1                     -3.99721395
      Super-CI energy                                -0.00000000
      RASSCF energy change                            0.00000000
      Max change in MO coefficients              -0.222E-05
      Max non-diagonal density matrix element    -0.198E-05
      Maximum BLB matrix element                 -0.420E-06
      (orbital pair   1,   9 in symmetry   1)
      Norm of electronic gradient            0.105E-05
--
 
 
      Final state energy(ies):
      ------------------------
 
::    RASSCF root number  1 Total energy:     -3.99721395
 
++    Molecular orbitals:
      -------------------
 
      Pseudonatural active orbitals and approximate occupation numbers
 
 
 
 
      Molecular orbitals for symmetry species 1: a  
 
 
      Orbital                1         2         3         4         5         6         7         8         9        10
      Energy            0.0000    0.0000    0.0000    0.0000    0.0000    0.0000    0.0000    0.0000    0.3295    0.3415
      Occ. No.          1.3107    1.2725    1.2113    1.1337    0.8695    0.6860    0.7262    0.7900    0.0000    0.0000
 
    1 H1     1s         0.1996   -0.3525    0.4107   -0.3279   -0.3553    0.2439    0.4182   -0.4672    0.0794   -0.1122
    2 H1     2s         0.0149   -0.0269    0.0324   -0.0271   -0.0366    0.0322    0.0518   -0.0529   -0.2115    0.3717
    3 H1     2px        0.0000   -0.0000    0.0000    0.0000    0.0000    0.0000   -0.0000   -0.0000    0.0000   -0.0000
    4 H1     2py        0.0000    0.0000    0.0000    0.0000   -0.0000   -0.0000    0.0000    0.0000    0.0000   -0.0000
    5 H1     2pz        0.0008   -0.0011    0.0009   -0.0004   -0.0007    0.0016    0.0022   -0.0016    0.0046   -0.0069
    6 H2     1s         0.2728   -0.4215    0.3835   -0.2010    0.1824   -0.3625   -0.5222    0.4220    0.1398   -0.1755
    7 H2     2s         0.0177   -0.0333    0.0398   -0.0291    0.0120   -0.0607   -0.0782    0.0504   -0.2272    0.3142
    8 H2     2px        0.0000   -0.0000   -0.0000   -0.0000    0.0000    0.0000   -0.0000   -0.0000   -0.0000   -0.0000
    9 H2     2py        0.0000   -0.0000    0.0000   -0.0000   -0.0000   -0.0000   -0.0000   -0.0000    0.0000   -0.0000
   10 H2     2pz        0.0006   -0.0002   -0.0010    0.0013   -0.0000   -0.0000    0.0005   -0.0007    0.0000   -0.0003
   11 H3     1s         0.3649   -0.2990   -0.1449    0.4422    0.4692    0.4753    0.3915    0.1411    0.1565   -0.1185
   12 H3     2s         0.0259   -0.0182   -0.0204    0.0465    0.0550    0.0789    0.0644    0.0133   -0.2750    0.2487
   13 H3     2px        0.0000    0.0000   -0.0000    0.0000   -0.0000   -0.0000    0.0000    0.0000    0.0000    0.0000
   14 H3     2py        0.0000    0.0000   -0.0000    0.0000   -0.0000   -0.0000    0.0000    0.0000    0.0000    0.0000
   15 H3     2pz        0.0000    0.0009   -0.0013    0.0005    0.0002    0.0012    0.0001    0.0008    0.0001   -0.0004
   16 H4     1s         0.3947   -0.1683   -0.3330    0.3768   -0.3869   -0.5201   -0.1927   -0.4050    0.1694   -0.0484
   17 H4     2s         0.0269   -0.0177   -0.0246    0.0424   -0.0417   -0.0878   -0.0258   -0.0600   -0.2962    0.0899
   18 H4     2px        0.0000    0.0000    0.0000    0.0000   -0.0000   -0.0000   -0.0000    0.0000    0.0000    0.0000
   19 H4     2py        0.0000    0.0000    0.0000    0.0000   -0.0000   -0.0000   -0.0000    0.0000    0.0000    0.0000
   20 H4     2pz        0.0004    0.0010   -0.0008   -0.0009    0.0004    0.0007    0.0012    0.0000   -0.0001   -0.0009
   21 H5     1s         0.3947    0.1684   -0.3331   -0.3766   -0.3867    0.5200   -0.1928    0.4051    0.1694    0.0484
   22 H5     2s         0.0269    0.0177   -0.0246   -0.0424   -0.0417    0.0878   -0.0259    0.0600   -0.2962   -0.0899
   23 H5     2px        0.0000    0.0000    0.0000    0.0000   -0.0000   -0.0000   -0.0000    0.0000    0.0000    0.0000
   24 H5     2py        0.0000    0.0000    0.0000    0.0000   -0.0000   -0.0000   -0.0000    0.0000    0.0000    0.0000
   25 H5     2pz       -0.0004    0.0010    0.0008   -0.0009   -0.0004    0.0007   -0.0012    0.0000    0.0001   -0.0009
   26 H6     1s         0.3648    0.2990   -0.1451   -0.4421    0.4692   -0.4753    0.3915   -0.1413    0.1565    0.1185
   27 H6     2s         0.0259    0.0182   -0.0204   -0.0465    0.0550   -0.0789    0.0644   -0.0133   -0.2750   -0.2487
   28 H6     2px       -0.0000    0.0000   -0.0000    0.0000    0.0000   -0.0000   -0.0000   -0.0000   -0.0000    0.0000
   29 H6     2py       -0.0000    0.0000   -0.0000    0.0000    0.0000   -0.0000   -0.0000   -0.0000    0.0000    0.0000
   30 H6     2pz       -0.0000    0.0009    0.0013    0.0005   -0.0002    0.0012   -0.0001    0.0008   -0.0001   -0.0004
   31 H7     1s         0.2727    0.4215    0.3836    0.2008    0.1823    0.3624   -0.5222   -0.4221    0.1398    0.1755
   32 H7     2s         0.0177    0.0333    0.0398    0.0291    0.0120    0.0607   -0.0782   -0.0504   -0.2272   -0.3142
   33 H7     2px       -0.0000   -0.0000   -0.0000   -0.0000    0.0000    0.0000   -0.0000   -0.0000   -0.0000   -0.0000
   34 H7     2py        0.0000   -0.0000    0.0000   -0.0000    0.0000    0.0000   -0.0000   -0.0000    0.0000    0.0000
   35 H7     2pz       -0.0006   -0.0002    0.0010    0.0013    0.0000   -0.0000   -0.0005   -0.0007   -0.0000   -0.0003
   36 H8     1s         0.1995    0.3526    0.4108    0.3277   -0.3550   -0.2439    0.4182    0.4674    0.0794    0.1122
   37 H8     2s         0.0149    0.0269    0.0324    0.0271   -0.0366   -0.0322    0.0518    0.0529   -0.2115   -0.3717
   38 H8     2px       -0.0000   -0.0000   -0.0000   -0.0000   -0.0000   -0.0000    0.0000    0.0000   -0.0000   -0.0000
   39 H8     2py       -0.0000    0.0000   -0.0000    0.0000   -0.0000   -0.0000    0.0000    0.0000   -0.0000    0.0000
   40 H8     2pz       -0.0008   -0.0011   -0.0009   -0.0004    0.0007    0.0016   -0.0022   -0.0016   -0.0046   -0.0069
 
 
      Orbital               11        12        13        14        15        16        17        18        19        20
      Energy            0.3648    0.4029    0.4587    0.5403    0.6402    0.7423    0.7627    0.8653    0.8653    0.8798
      Occ. No.          0.0000    0.0000    0.0000    0.0000    0.0000    0.0000    0.0000    0.0000    0.0000    0.0000
 
    1 H1     1s         0.0834   -0.0097    0.0765   -0.1449    0.1593    0.1317    0.0877    0.0000    0.0000    0.0000
    2 H1     2s        -0.4681    0.5153    0.5136   -0.4654    0.3606    0.2349    0.1462   -0.0000   -0.0000   -0.0000
    3 H1     2px        0.0000    0.0000    0.0000    0.0000    0.0000   -0.0000    0.0000   -0.0075    0.1523    0.0243
    4 H1     2py        0.0000    0.0000   -0.0000   -0.0000   -0.0000    0.0000   -0.0000    0.1523    0.0075   -0.2882
    5 H1     2pz        0.0077   -0.0119   -0.0272    0.0664   -0.1413   -0.3246   -0.3005    0.0000    0.0000    0.0000
    6 H2     1s         0.1024   -0.0142   -0.0122    0.1166   -0.2090   -0.1569   -0.0769   -0.0000   -0.0000    0.0000
    7 H2     2s        -0.2064   -0.0622   -0.3964    0.6789   -0.7084   -0.4284   -0.2130   -0.0000   -0.0000    0.0000
    8 H2     2px       -0.0000   -0.0000    0.0000    0.0000    0.0000   -0.0000    0.0000   -0.0144    0.2900    0.0378
    9 H2     2py        0.0000   -0.0000   -0.0000    0.0000    0.0000    0.0000    0.0000    0.2900    0.0144   -0.4482
   10 H2     2pz        0.0060   -0.0237   -0.0465    0.0437    0.0434    0.3329    0.3462   -0.0000   -0.0000   -0.0000
   11 H3     1s        -0.0420    0.0928    0.0057   -0.0141    0.1940    0.1808    0.0564    0.0000    0.0000   -0.0000
   12 H3     2s         0.0928   -0.4453   -0.4180   -0.1199    0.6768    0.4890    0.1578    0.0000    0.0000   -0.0000
   13 H3     2px       -0.0000    0.0000   -0.0000   -0.0000   -0.0000    0.0000   -0.0000   -0.0194    0.3924    0.0333
   14 H3     2py        0.0000    0.0000   -0.0000   -0.0000   -0.0000    0.0000   -0.0000    0.3924    0.0194   -0.3957
   15 H3     2pz        0.0047   -0.0028    0.0392   -0.1291    0.1330   -0.2217   -0.3146    0.0000    0.0000   -0.0000
   16 H4     1s        -0.1264    0.0572   -0.0044   -0.0922   -0.0804   -0.1874   -0.0209   -0.0000   -0.0000    0.0000
   17 H4     2s         0.3478   -0.2572    0.4044   -0.5986   -0.2732   -0.4952   -0.0554   -0.0000   -0.0000    0.0000
   18 H4     2px        0.0000    0.0000   -0.0000    0.0000    0.0000    0.0000    0.0000   -0.0221    0.4465    0.0132
   19 H4     2py        0.0000    0.0000   -0.0000    0.0000    0.0000    0.0000    0.0000    0.4465    0.0221   -0.1571
   20 H4     2pz        0.0033    0.0157    0.0379    0.0707   -0.2614    0.0755    0.2850   -0.0000   -0.0000    0.0000
   21 H5     1s        -0.1264   -0.0572   -0.0044    0.0922   -0.0804    0.1874   -0.0208    0.0000    0.0000    0.0000
   22 H5     2s         0.3478    0.2572    0.4044    0.5986   -0.2732    0.4952   -0.0554    0.0000    0.0000   -0.0000
   23 H5     2px        0.0000    0.0000   -0.0000    0.0000    0.0000    0.0000    0.0000   -0.0221    0.4465   -0.0132
   24 H5     2py        0.0000    0.0000   -0.0000   -0.0000    0.0000    0.0000    0.0000    0.4465    0.0221    0.1571
   25 H5     2pz       -0.0033    0.0157   -0.0379    0.0707    0.2614    0.0755   -0.2850   -0.0000   -0.0000   -0.0000
   26 H6     1s        -0.0420   -0.0928    0.0057    0.0141    0.1940   -0.1808    0.0564   -0.0000   -0.0000    0.0000
   27 H6     2s         0.0928    0.4453   -0.4180    0.1199    0.6768   -0.4890    0.1578   -0.0000   -0.0000    0.0000
   28 H6     2px       -0.0000    0.0000    0.0000    0.0000    0.0000    0.0000    0.0000   -0.0194    0.3924   -0.0333
   29 H6     2py       -0.0000    0.0000    0.0000    0.0000    0.0000    0.0000    0.0000    0.3924    0.0194    0.3957
   30 H6     2pz       -0.0047   -0.0028   -0.0392   -0.1291   -0.1330   -0.2217    0.3146    0.0000    0.0000    0.0000
   31 H7     1s         0.1024    0.0142   -0.0122   -0.1166   -0.2090    0.1569   -0.0769   -0.0000   -0.0000   -0.0000
   32 H7     2s        -0.2064    0.0622   -0.3964   -0.6788   -0.7084    0.4284   -0.2130    0.0000    0.0000    0.0000
   33 H7     2px       -0.0000   -0.0000    0.0000    0.0000    0.0000   -0.0000    0.0000   -0.0144    0.2900   -0.0378
   34 H7     2py        0.0000   -0.0000    0.0000    0.0000    0.0000   -0.0000    0.0000    0.2900    0.0144    0.4482
   35 H7     2pz       -0.0060   -0.0237    0.0465    0.0437   -0.0434    0.3329   -0.3461   -0.0000   -0.0000    0.0000
   36 H8     1s         0.0834    0.0097    0.0765    0.1449    0.1593   -0.1317    0.0877   -0.0000   -0.0000    0.0000
   37 H8     2s        -0.4681   -0.5153    0.5136    0.4654    0.3606   -0.2349    0.1462    0.0000   -0.0000   -0.0000
   38 H8     2px       -0.0000    0.0000   -0.0000   -0.0000   -0.0000    0.0000    0.0000   -0.0075    0.1523   -0.0243
   39 H8     2py        0.0000    0.0000   -0.0000   -0.0000   -0.0000    0.0000    0.0000    0.1523    0.0075    0.2882
   40 H8     2pz       -0.0077   -0.0119    0.0272    0.0664    0.1413   -0.3246    0.3005    0.0000    0.0000   -0.0000
 
 
      Orbital               21        22        23        24        25        26        27        28        29        30
      Energy            0.8798    0.9026    0.9026    0.9315    0.9315    0.9638    0.9638    0.9951    0.9951    1.0215
      Occ. No.          0.0000    0.0000    0.0000    0.0000    0.0000    0.0000    0.0000    0.0000    0.0000    0.0000
 
    1 H1     1s         0.0000   -0.0000   -0.0000   -0.0000   -0.0000   -0.0000   -0.0000    0.0000    0.0000    0.0000
    2 H1     2s         0.0000    0.0000   -0.0000   -0.0000    0.0000    0.0000   -0.0000    0.0000    0.0000   -0.0000
    3 H1     2px       -0.2882   -0.0653    0.3904    0.0549   -0.4543   -0.0756   -0.4621    0.1154   -0.4064   -0.0879
    4 H1     2py       -0.0243    0.3904    0.0653   -0.4543   -0.0549    0.4621   -0.0756   -0.4064   -0.1154    0.3068
    5 H1     2pz        0.0000   -0.0000   -0.0000   -0.0000    0.0000    0.0000   -0.0000    0.0000    0.0000   -0.0000
    6 H2     1s         0.0000    0.0000    0.0000    0.0000    0.0000   -0.0000    0.0000   -0.0000   -0.0000    0.0000
    7 H2     2s        -0.0000    0.0000    0.0000    0.0000   -0.0000   -0.0000    0.0000   -0.0000   -0.0000    0.0000
    8 H2     2px       -0.4482   -0.0666    0.3982    0.0202   -0.1670    0.0251    0.1536   -0.1129    0.3977    0.1322
    9 H2     2py       -0.0378    0.3982    0.0666   -0.1670   -0.0202   -0.1536    0.0251    0.3977    0.1129   -0.4614
   10 H2     2pz       -0.0000    0.0000    0.0000    0.0000   -0.0000   -0.0000    0.0000   -0.0000   -0.0000    0.0000
   11 H3     1s         0.0000   -0.0000   -0.0000   -0.0000    0.0000    0.0000   -0.0000    0.0000    0.0000   -0.0000
   12 H3     2s         0.0000   -0.0000   -0.0000   -0.0000    0.0000    0.0000   -0.0000    0.0000    0.0000   -0.0000
   13 H3     2px       -0.3957   -0.0004    0.0022   -0.0485    0.4010    0.0668    0.4086   -0.0014    0.0051   -0.1156
   14 H3     2py       -0.0333    0.0022    0.0004    0.4010    0.0485   -0.4086    0.0668    0.0051    0.0014    0.4034
   15 H3     2pz        0.0000   -0.0000   -0.0000   -0.0000    0.0000    0.0000   -0.0000    0.0000    0.0000   -0.0000
   16 H4     1s        -0.0000    0.0000    0.0000    0.0000   -0.0000   -0.0000    0.0000   -0.0000   -0.0000    0.0000
   17 H4     2s        -0.0000    0.0000    0.0000    0.0000   -0.0000   -0.0000    0.0000   -0.0000   -0.0000    0.0000
   18 H4     2px       -0.1571    0.0659   -0.3939   -0.0364    0.3010   -0.0492   -0.3011    0.1138   -0.4008    0.0457
   19 H4     2py       -0.0132   -0.3939   -0.0659    0.3010    0.0364    0.3011   -0.0492   -0.4008   -0.1138   -0.1595
   20 H4     2pz       -0.0000    0.0000    0.0000   -0.0000   -0.0000    0.0000   -0.0000   -0.0000   -0.0000   -0.0000
   21 H5     1s         0.0000   -0.0000   -0.0000   -0.0000    0.0000    0.0000   -0.0000    0.0000    0.0000   -0.0000
   22 H5     2s         0.0000   -0.0000   -0.0000    0.0000    0.0000    0.0000   -0.0000    0.0000    0.0000   -0.0000
   23 H5     2px        0.1571    0.0659   -0.3939    0.0364   -0.3010   -0.0492   -0.3011   -0.1138    0.4008    0.0457
   24 H5     2py        0.0132   -0.3939   -0.0659   -0.3010   -0.0364    0.3011   -0.0492    0.4008    0.1138   -0.1596
   25 H5     2pz       -0.0000    0.0000    0.0000    0.0000    0.0000   -0.0000    0.0000    0.0000    0.0000    0.0000
   26 H6     1s         0.0000    0.0000    0.0000   -0.0000   -0.0000    0.0000    0.0000   -0.0000    0.0000   -0.0000
   27 H6     2s        -0.0000    0.0000    0.0000   -0.0000   -0.0000   -0.0000    0.0000   -0.0000   -0.0000   -0.0000
   28 H6     2px        0.3957   -0.0004    0.0022    0.0485   -0.4010    0.0668    0.4086    0.0014   -0.0051   -0.1156
   29 H6     2py        0.0333    0.0022    0.0004   -0.4010   -0.0485   -0.4086    0.0668   -0.0051   -0.0014    0.4034
   30 H6     2pz       -0.0000   -0.0000   -0.0000   -0.0000   -0.0000    0.0000   -0.0000    0.0000   -0.0000   -0.0000
   31 H7     1s        -0.0000    0.0000    0.0000    0.0000    0.0000    0.0000    0.0000    0.0000    0.0000    0.0000
   32 H7     2s         0.0000   -0.0000   -0.0000   -0.0000    0.0000    0.0000   -0.0000    0.0000    0.0000    0.0000
   33 H7     2px        0.4482   -0.0666    0.3982   -0.0202    0.1670    0.0251    0.1536    0.1129   -0.3977    0.1322
   34 H7     2py        0.0378    0.3982    0.0666    0.1670    0.0202   -0.1536    0.0251   -0.3977   -0.1129   -0.4614
   35 H7     2pz        0.0000    0.0000    0.0000   -0.0000   -0.0000   -0.0000    0.0000   -0.0000   -0.0000   -0.0000
   36 H8     1s         0.0000    0.0000    0.0000   -0.0000   -0.0000   -0.0000    0.0000   -0.0000   -0.0000    0.0000
   37 H8     2s        -0.0000   -0.0000   -0.0000    0.0000    0.0000   -0.0000    0.0000   -0.0000    0.0000   -0.0000
   38 H8     2px        0.2882   -0.0653    0.3903   -0.0549    0.4543   -0.0756   -0.4621   -0.1154    0.4064   -0.0879
   39 H8     2py        0.0243    0.3903    0.0653    0.4543    0.0549    0.4621   -0.0756    0.4064    0.1154    0.3068
   40 H8     2pz       -0.0000   -0.0000   -0.0000    0.0000    0.0000    0.0000   -0.0000    0.0000    0.0000    0.0000
 
 
      Orbital               31        32        33        34        35        36        37        38        39        40
      Energy            1.0215    1.0339    1.0393    1.0393    1.0468    1.0855    1.1442    1.2115    1.2748    1.3205
      Occ. No.          0.0000    0.0000    0.0000    0.0000    0.0000    0.0000    0.0000    0.0000    0.0000    0.0000
 
    1 H1     1s         0.0000   -0.0800   -0.0000    0.0000    0.1099    0.1128    0.1016   -0.0892   -0.0689    0.0384
    2 H1     2s        -0.0000   -0.1576   -0.0000    0.0000    0.2373    0.2538    0.2209   -0.1724   -0.1155    0.0577
    3 H1     2px        0.3068    0.0000    0.1450   -0.0916    0.0000   -0.0000    0.0000   -0.0000   -0.0000    0.0000
    4 H1     2py        0.0879    0.0000   -0.0916   -0.1450    0.0000   -0.0000    0.0000   -0.0000   -0.0000    0.0000
    5 H1     2pz       -0.0000   -0.1671   -0.0000    0.0000    0.3254    0.4318    0.4649   -0.4314   -0.3309    0.1796
    6 H2     1s         0.0000    0.2429    0.0000   -0.0000   -0.2874   -0.2419   -0.1519    0.0704    0.0089    0.0119
    7 H2     2s         0.0000    0.5177    0.0000   -0.0000   -0.6261   -0.5046   -0.2850    0.1221    0.0283    0.0019
    8 H2     2px       -0.4614   -0.0000   -0.2679    0.1692   -0.0000    0.0000   -0.0000   -0.0000   -0.0000   -0.0000
    9 H2     2py       -0.1322   -0.0000    0.1692    0.2679   -0.0000    0.0000   -0.0000    0.0000    0.0000   -0.0000
   10 H2     2pz        0.0000    0.2715    0.0000   -0.0000   -0.2954   -0.1011    0.2240   -0.4866   -0.5492    0.3602
   11 H3     1s        -0.0000   -0.4322   -0.0000    0.0000    0.3318    0.1302   -0.0318    0.0601    0.0173    0.0180
   12 H3     2s        -0.0000   -0.9348   -0.0000    0.0000    0.7289    0.2690   -0.0513    0.0768    0.0121    0.0237
   13 H3     2px        0.4034    0.0000    0.3599   -0.2272    0.0000   -0.0000    0.0000    0.0000   -0.0000    0.0000
   14 H3     2py        0.1156    0.0000   -0.2272   -0.3599    0.0000   -0.0000    0.0000   -0.0000   -0.0000    0.0000
   15 H3     2pz        0.0000   -0.2452    0.0000   -0.0000   -0.0848   -0.4640   -0.4621    0.0026   -0.4716    0.4803
   16 H4     1s        -0.0000    0.5564    0.0000   -0.0000   -0.1483    0.0865    0.0760    0.0500    0.0518    0.0025
   17 H4     2s        -0.0000    1.2115    0.0000   -0.0000   -0.3253    0.1829    0.1340    0.0755    0.0627   -0.0010
   18 H4     2px       -0.1595    0.0000   -0.4087    0.2580   -0.0000   -0.0000   -0.0000    0.0000    0.0000    0.0000
   19 H4     2py       -0.0457    0.0000    0.2580    0.4087   -0.0000   -0.0000   -0.0000    0.0000    0.0000    0.0000
   20 H4     2pz       -0.0000    0.0990   -0.0000    0.0000    0.4470    0.3245   -0.3263    0.4589   -0.1927    0.5506
   21 H5     1s         0.0000   -0.5564   -0.0000   -0.0000   -0.1483   -0.0865    0.0760   -0.0500    0.0518   -0.0025
   22 H5     2s         0.0000   -1.2115   -0.0000   -0.0000   -0.3253   -0.1829    0.1340   -0.0755    0.0627    0.0010
   23 H5     2px       -0.1596    0.0000    0.4087   -0.2580    0.0000   -0.0000   -0.0000    0.0000    0.0000    0.0000
   24 H5     2py       -0.0457    0.0000   -0.2580   -0.4087    0.0000   -0.0000    0.0000    0.0000    0.0000    0.0000
   25 H5     2pz        0.0000    0.0990    0.0000   -0.0000   -0.4470    0.3245    0.3263    0.4589    0.1928    0.5506
   26 H6     1s        -0.0000    0.4322   -0.0000    0.0000    0.3318   -0.1302   -0.0318   -0.0601    0.0173   -0.0180
   27 H6     2s        -0.0000    0.9348   -0.0000    0.0000    0.7289   -0.2690   -0.0513   -0.0768    0.0121   -0.0237
   28 H6     2px        0.4034    0.0000   -0.3598    0.2272    0.0000   -0.0000    0.0000    0.0000    0.0000    0.0000
   29 H6     2py        0.1156   -0.0000    0.2272    0.3598    0.0000   -0.0000    0.0000   -0.0000   -0.0000    0.0000
   30 H6     2pz       -0.0000   -0.2452   -0.0000    0.0000    0.0848   -0.4640    0.4621    0.0026    0.4716    0.4803
   31 H7     1s         0.0000   -0.2429    0.0000   -0.0000   -0.2874    0.2419   -0.1519   -0.0704    0.0089   -0.0119
   32 H7     2s         0.0000   -0.5177    0.0000   -0.0000   -0.6261    0.5045   -0.2850   -0.1221    0.0283   -0.0019
   33 H7     2px       -0.4614   -0.0000    0.2679   -0.1692   -0.0000    0.0000   -0.0000    0.0000   -0.0000   -0.0000
   34 H7     2py       -0.1322   -0.0000   -0.1692   -0.2679   -0.0000    0.0000   -0.0000    0.0000   -0.0000   -0.0000
   35 H7     2pz       -0.0000    0.2715   -0.0000    0.0000    0.2954   -0.1011   -0.2240   -0.4866    0.5492    0.3602
   36 H8     1s        -0.0000    0.0800   -0.0000    0.0000    0.1099   -0.1128    0.1016    0.0892   -0.0689   -0.0384
   37 H8     2s        -0.0000    0.1576   -0.0000    0.0000    0.2373   -0.2538    0.2209    0.1724   -0.1155   -0.0577
   38 H8     2px        0.3068    0.0000   -0.1450    0.0916    0.0000   -0.0000    0.0000   -0.0000    0.0000    0.0000
   39 H8     2py        0.0879    0.0000    0.0916    0.1450    0.0000   -0.0000    0.0000    0.0000    0.0000    0.0000
   40 H8     2pz        0.0000   -0.1671    0.0000   -0.0000   -0.3254    0.4318   -0.4649   -0.4314    0.3309    0.1796
--
 
      Von Neumann Entropy (Root  1) =  3.82894
 

      Mulliken population analysis for root number:  1
      -----------------------------------------------
 
 
++    Molecular charges:
      ------------------
 
      Mulliken charges per centre and basis function type
      ---------------------------------------------------
 
                H1      H2      H3      H4      H5      H6      H7      H8    
      1s       0.9928  1.0012  1.0018  1.0015  1.0015  1.0018  1.0012  0.9928
      2s       0.0058  0.0001 -0.0020 -0.0017 -0.0016 -0.0020  0.0001  0.0058
      2px      0.0000  0.0000  0.0000  0.0000  0.0000  0.0000  0.0000  0.0000
      2pz     -0.0001  0.0002  0.0001  0.0001  0.0001  0.0001  0.0002 -0.0001
      2py      0.0000  0.0000  0.0000  0.0000  0.0000  0.0000  0.0000  0.0000
      Total    0.9985  1.0015  1.0000  1.0000  1.0000  1.0000  1.0015  0.9985
 
      N-E      0.0015 -0.0015  0.0000  0.0000  0.0000  0.0000 -0.0015  0.0015
 
      Total electronic charge=    8.000000
 
      Total            charge=   -0.000000
--
 
 

      Expectation values of various properties for root number:  1
      -----------------------------------------------------------
 
 
++    Molecular properties:
      ---------------------
 
      Charge (e):
                      =   -0.0000
      Dipole Moment (Debye):
      Origin of the operator (Ang)=    0.0000    0.0000    0.0000
                   X= -5.8945E-09               Y= -1.3273E-08               Z=  3.0883E-06           Total=  3.0883E-06
      Quadrupole Moment (Debye*Ang):
      Origin of the operator (Ang)=    0.0000    0.0000    9.2273
                  XX= -1.2132E+01              XY= -2.4555E-16              XZ= -1.8456E-08              YY= -1.2132E+01
                  YZ= -2.2208E-08              ZZ= -1.1933E+01
      In traceless form (Debye*Ang)
                  XX= -9.9170E-02              XY= -3.6833E-16              XZ= -2.7684E-08              YY= -9.9170E-02
                  YZ= -3.3312E-08              ZZ=  1.9834E-01
--
 

      LoProp population analysis for root number:  1
      -----------------------------------------------
 
 
++    LoProp analysis:
      ----------------
 
 
 
  Input file to MOLDEN was generated!
 
 
++    Static properties:
      ------------------
 
 
      LoProp Charges per center
 

                   H1       H2       H3       H4       H5       H6       H7       H8    
      Nuclear      1.0000   1.0000   1.0000   1.0000   1.0000   1.0000   1.0000   1.0000
      Electronic  -1.0001  -0.9999  -1.0000  -1.0000  -1.0000  -1.0000  -0.9999  -1.0001
 
      Total       -0.0001   0.0001   0.0000  -0.0000  -0.0000   0.0000   0.0001  -0.0001
--
 
 
      Natural Bond Order analysis for root number:  1
 
++    Natural Bond Order analysis
      ---------------------------
      Based on LoProp computed density
      -------------------------------------------------------------------------------------
      Atom A       Atom B       Bond Order
      -------------------------------------------------------------------------------------
      The remaining    8.000 electrons are to be considered as diffuse
--
 
--
 
 
  Input file to MOLDEN was generated!
 
      Average orbitals are written to the RASORB file
      Natural orbitals for root   1 are written to the RASORB.1 file
      Spin density orbitals for root   1 are written to the SPDORB.1 file
 
forrtl: warning (525): IEEE_DIVIDE_BY_ZERO is signaling
forrtl: warning (526): IEEE_INVALID is signaling
forrtl: warning (528): IEEE_UNDERFLOW is signaling
--- Stop Module: rasscf at Sun Oct 26 13:42:43 2025 /rc=_RC_ALL_IS_WELL_ ---
*** files: H8_2.64.LprOrb H8_2.64.rasscf.molden H8_2.64.LoProp.molden H8_2.64.RasOrb.1 H8_2.64.RasOrb H8_2.64.rasscf.h5 H8_2.64.SpdOrb.1 xmldump
    saved to directory ${LOCALHOME}/DDCASPT2/hydrogen_comps/rerun/H8_chain/H8_2.64
--- Module rasscf spent 3 seconds ---

>>> COPY /tmp/H8_2.64/H8_2.64.rasscf.h5 ${LOCALHOME}/DDCASPT2/hydrogen_comps/rerun/H8_chain/H8_2.64/

>>> COPY /tmp/H8_2.64/DDCASPT2_Fock_MO.csv ${LOCALHOME}/DDCASPT2/hydrogen_comps/rerun/H8_chain/H8_2.64/H8_2.64.DDCASPT2_Fock_MO.csv

*** symbolic link created: INPORB -> H8_2.64.RasOrb
--- Start Module: motra at Sun Oct 26 13:42:43 2025 ---
 
()()()()()()()()()()()()()()()()()()()()()()()()()()()()()()()()()()()()()()()()()()()()()()()()()()

                                               &MOTRA

                                   only a single process is used
                       available to each process: 2.0 GB of memory, 1 thread?
()()()()()()()()()()()()()()()()()()()()()()()()()()()()()()()()()()()()()()()()()()()()()()()()()()
 
 
      *** WARNING: Default frozen orbitals is overwritten by user input.
      *** Default values:   0
 
      Header of the integral files:
      
       Integrals generated by seward 4.2.0  , Sun Oct 26 13:42:39 2025
 
 
      Header of MO coefficients source file:
      * RASSCF average (pseudo-natural) orbitals                                      
 
 
      Cartesian coordinates in Angstrom:
      -----------------------------------------------------
      No.  Label        X            Y            Z        
      -----------------------------------------------------
       1   H1         0.00000000   0.00000000   0.00000000
       2   H2         0.00000000   0.00000000   2.63636400
       3   H3         0.00000000   0.00000000   5.27272700
       4   H4         0.00000000   0.00000000   7.90909100
       5   H5         0.00000000   0.00000000  10.54545500
       6   H6         0.00000000   0.00000000  13.18181800
       7   H7         0.00000000   0.00000000  15.81818200
       8   H8         0.00000000   0.00000000  18.45454500
      -----------------------------------------------------
      Nuclear repulsion energy =    2.75849919
 
      Orbital specifications:
      -----------------------
 
      Symmetry species:              1
      Number of basis functions:    40
      Frozen orbitals:               0
      Deleted orbitals:              0
      Number of orbitals used:      40

       SYMMETRY  BASIS FUNCTIONS       ORBITALS      INTEGRALS   CPU(SEC)  I/O(SEC)
        1 1 1 1   40  40  40  40    40  40  40  40      336610       0.00      0.00

       TOTAL CPU TIME(SEC)    0.20TOTAL I/O TIME(SEC)    0.48
 
--- Stop Module: motra at Sun Oct 26 13:42:44 2025 /rc=_RC_ALL_IS_WELL_ ---
*** files: xmldump
    saved to directory ${LOCALHOME}/DDCASPT2/hydrogen_comps/rerun/H8_chain/H8_2.64

>>> COPY /tmp/H8_2.64/DDCASPT2_one_int_indx.csv ${LOCALHOME}/DDCASPT2/hydrogen_comps/rerun/H8_chain/H8_2.64/H8_2.64.DDCASPT2_one_int_indx.csv

>>> COPY /tmp/H8_2.64/DDCASPT2_one_int.csv ${LOCALHOME}/DDCASPT2/hydrogen_comps/rerun/H8_chain/H8_2.64/H8_2.64.DDCASPT2_one_int.csv

>>> COPY /tmp/H8_2.64/DDCASPT2_two_int_indx.csv ${LOCALHOME}/DDCASPT2/hydrogen_comps/rerun/H8_chain/H8_2.64/H8_2.64.DDCASPT2_two_int_indx.csv

>>> COPY /tmp/H8_2.64/DDCASPT2_two_int.csv ${LOCALHOME}/DDCASPT2/hydrogen_comps/rerun/H8_chain/H8_2.64/H8_2.64.DDCASPT2_two_int.csv

*** symbolic link created: INPORB -> H8_2.64.RasOrb
--- Start Module: caspt2 at Sun Oct 26 13:42:44 2025 ---
 
()()()()()()()()()()()()()()()()()()()()()()()()()()()()()()()()()()()()()()()()()()()()()()()()()()

                                              &CASPT2

                                   only a single process is used
                       available to each process: 2.0 GB of memory, 1 thread?
()()()()()()()()()()()()()()()()()()()()()()()()()()()()()()()()()()()()()()()()()()()()()()()()()()
 
 Cholesky algorithm in CASPT2 =    1
 
 ###############################################################################
 ###############################################################################
 ###                                                                         ###
 ###                                                                         ###
 ###    User changed nr of frozen orbitals.                                  ###
 ###                                                                         ###
 ###                                                                         ###
 ###############################################################################
 ###############################################################################
 
++    Wave function specifications:
      -----------------------------
 
      Number of closed shell electrons           0
      Number of electrons in active shells       8
      Max number of holes in RAS1 space          0
      Max number of electrons in RAS3 space      0
      Number of inactive orbitals                0
      Number of active orbitals                  8
      Number of secondary orbitals              32
      Spin quantum number                      0.0
      State symmetry                             1
      Number of CSFs                          1764
      Number of root(s) available                1
      Root passed to geometry opt.               1
      A file JOBMIX will be created.
      This is a CASSCF or RASSCF reference function
--
 
++    Orbital specifications:
      -----------------------
 
      Symmetry species                           1
                                                 a
      Frozen orbitals                            0
      Inactive orbitals                          0
      Active orbitals                            8
      Secondary orbitals                        32
      Deleted orbitals                           0
      Number of basis functions                 40
--
 
      Type of Fock operator: STANDARD
      Type of 0-order Hamiltonian: STANDARD WITH DEFAULT IPEA
        "IP-EA" denominator shift =      0.25
      The input orbitals and the CI vector will be transformed.
 
--------------------------------------------------------------------------------
 Estimated memory requirements:
  POLY3 :                   450746
  RHS:                      417296
  SIGMA :                   326032
  PRPCTL:                        0
 Available workspace:    230388092
 
++ CASPT2 computation for group   1
 
********************************************************************************
 Multi-State initialization phase begins for group   1
--------------------------------------------------------------------------------
********************************************************************************
 Compute H0 matrices for state    1
--------------------------------------------------------------------------------
--------------------------------------------------------------------------------
 H0 matrices have been computed.
 
********************************************************************************
  CASPT2 EQUATION SOLUTION
--------------------------------------------------------------------------------
 
  Total nr of CASPT2 parameters:
   Before reduction:       49280
   After  reduction:       48640
 
 The contributions to the second order correlation energy in atomic units.
-----------------------------------------------------------------------------------------------------------------------------
  IT.      VJTU        VJTI        ATVX        AIVX        VJAI        BVAT        BJAT        BJAI        TOTAL       RNORM  
-----------------------------------------------------------------------------------------------------------------------------
   1     0.000000    0.000000   -0.000593    0.000000    0.000000   -0.001652    0.000000    0.000000   -0.002246    0.000560
   2     0.000000    0.000000   -0.000600    0.000000    0.000000   -0.001654    0.000000    0.000000   -0.002254    0.000096
   3     0.000000    0.000000   -0.000601    0.000000    0.000000   -0.001655    0.000000    0.000000   -0.002255    0.000025
   4     0.000000    0.000000   -0.000600    0.000000    0.000000   -0.001655    0.000000    0.000000   -0.002255    0.000004
-------------------------------------------------------------------------------------------------------------------
 
  FINAL CASPT2 RESULT:
 
  Correlation energy /Case, /Symm, and sums:
 VJTU      0.00000000  0.00000000
 VJTIP     0.00000000  0.00000000
 VJTIM     0.00000000  0.00000000
 ATVX     -0.00060039 -0.00060039
 AIVX      0.00000000  0.00000000
 VJAIP     0.00000000  0.00000000
 VJAIM     0.00000000  0.00000000
 BVATP    -0.00148063 -0.00148063
 BVATM    -0.00017388 -0.00017388
 BJATP     0.00000000  0.00000000
 BJATM     0.00000000  0.00000000
 BJAIP     0.00000000  0.00000000
 BJAIM     0.00000000  0.00000000
 Summed:  -0.00225491 -0.00225491
 
      Reference energy:          -3.9972139494
      E2 (Non-variational):      -0.0022549057
      E2 (Variational):          -0.0022549131
      Total energy:              -3.9994688625
      Residual norm:              0.0000007997
      Reference weight:           0.99855
 
      Contributions to the CASPT2 correlation energy
      Active & Virtual Only:         -0.0022549057
      One Inactive Excited:           0.0000000000
      Two Inactive Excited:           0.0000000000
 
 
++ Denominators, etc.
----------------------------------------------------------------------------------------------------
 Report on small energy denominators, large coefficients, and large energy contributions.
CASE  SYMM ACTIVE-MIX  NON-ACTIVE INDICES          DENOMINATOR     RHS VALUE       COEFFICIENT     CONTRIBUTION
--
 
   (Skipping property calculation,
    use PROP keyword to activate)
--
 
  Total CASPT2 energies:
::    CASPT2 Root  1     Total energy:     -3.99946886
 
  A NEW JOBIPH FILE NAMED 'JOBMIX' IS PREPARED.
********************************************************************************
forrtl: warning (528): IEEE_UNDERFLOW is signaling
--- Stop Module: caspt2 at Sun Oct 26 13:42:44 2025 /rc=_RC_ALL_IS_WELL_ ---
*** files: xmldump
    saved to directory ${LOCALHOME}/DDCASPT2/hydrogen_comps/rerun/H8_chain/H8_2.64

>>> EXPORT i = B

>>> EXPORT j = P

>>> IF (-FILE DDCASPT2_e2_${i}_${j}_1_.csv)
(Skipped)

>>> END FOREACH

>>> EXPORT j = M

>>> IF (-FILE DDCASPT2_e2_${i}_${j}_1_.csv)
(Skipped)

>>> END FOREACH

>>> END FOREACH

>>> EXPORT i = E

>>> EXPORT j = P

>>> IF (-FILE DDCASPT2_e2_${i}_${j}_1_.csv)
(Skipped)

>>> END FOREACH

>>> EXPORT j = M

>>> IF (-FILE DDCASPT2_e2_${i}_${j}_1_.csv)
(Skipped)

>>> END FOREACH

>>> END FOREACH

>>> EXPORT i = F

>>> EXPORT j = P

>>> IF (-FILE DDCASPT2_e2_${i}_${j}_1_.csv)

>>> COPY /tmp/H8_2.64/DDCASPT2_RHS_F_P_1_.csv ${LOCALHOME}/DDCASPT2/hydrogen_comps/rerun/H8_chain/H8_2.64/DDCASPT2_RHS_F_P_1_.csv

>>> COPY /tmp/H8_2.64/DDCASPT2_IVECW_F_P_1_.csv ${LOCALHOME}/DDCASPT2/hydrogen_comps/rerun/H8_chain/H8_2.64/DDCASPT2_IVECW_F_P_1_.csv

>>> COPY /tmp/H8_2.64/DDCASPT2_IVECX_F_P_1_.csv ${LOCALHOME}/DDCASPT2/hydrogen_comps/rerun/H8_chain/H8_2.64/DDCASPT2_IVECX_F_P_1_.csv

>>> COPY /tmp/H8_2.64/DDCASPT2_IVECC2_F_P_1_.csv ${LOCALHOME}/DDCASPT2/hydrogen_comps/rerun/H8_chain/H8_2.64/DDCASPT2_IVECC2_F_P_1_.csv

>>> COPY /tmp/H8_2.64/DDCASPT2_e2_F_P_1_.csv ${LOCALHOME}/DDCASPT2/hydrogen_comps/rerun/H8_chain/H8_2.64/DDCASPT2_e2_F_P_1_.csv

>>> END FOREACH

>>> EXPORT j = M

>>> IF (-FILE DDCASPT2_e2_${i}_${j}_1_.csv)

>>> COPY /tmp/H8_2.64/DDCASPT2_RHS_F_M_1_.csv ${LOCALHOME}/DDCASPT2/hydrogen_comps/rerun/H8_chain/H8_2.64/DDCASPT2_RHS_F_M_1_.csv

>>> COPY /tmp/H8_2.64/DDCASPT2_IVECW_F_M_1_.csv ${LOCALHOME}/DDCASPT2/hydrogen_comps/rerun/H8_chain/H8_2.64/DDCASPT2_IVECW_F_M_1_.csv

>>> COPY /tmp/H8_2.64/DDCASPT2_IVECX_F_M_1_.csv ${LOCALHOME}/DDCASPT2/hydrogen_comps/rerun/H8_chain/H8_2.64/DDCASPT2_IVECX_F_M_1_.csv

>>> COPY /tmp/H8_2.64/DDCASPT2_IVECC2_F_M_1_.csv ${LOCALHOME}/DDCASPT2/hydrogen_comps/rerun/H8_chain/H8_2.64/DDCASPT2_IVECC2_F_M_1_.csv

>>> COPY /tmp/H8_2.64/DDCASPT2_e2_F_M_1_.csv ${LOCALHOME}/DDCASPT2/hydrogen_comps/rerun/H8_chain/H8_2.64/DDCASPT2_e2_F_M_1_.csv

>>> END FOREACH

>>> END FOREACH

>>> EXPORT i = G

>>> EXPORT j = P

>>> IF (-FILE DDCASPT2_e2_${i}_${j}_1_.csv)
(Skipped)

>>> END FOREACH

>>> EXPORT j = M

>>> IF (-FILE DDCASPT2_e2_${i}_${j}_1_.csv)
(Skipped)

>>> END FOREACH

>>> END FOREACH

>>> EXPORT i = H

>>> EXPORT j = P

>>> IF (-FILE DDCASPT2_e2_${i}_${j}_1_.csv)
(Skipped)

>>> END FOREACH

>>> EXPORT j = M

>>> IF (-FILE DDCASPT2_e2_${i}_${j}_1_.csv)
(Skipped)

>>> END FOREACH

>>> END FOREACH

>>> EXPORT i = A

>>> IF (-FILE DDCASPT2_e2_${i}_1_.csv)
(Skipped)

>>> END FOREACH

>>> EXPORT i = C

>>> IF (-FILE DDCASPT2_e2_${i}_1_.csv)

>>> COPY /tmp/H8_2.64/DDCASPT2_RHS_C_1_.csv ${LOCALHOME}/DDCASPT2/hydrogen_comps/rerun/H8_chain/H8_2.64/DDCASPT2_RHS_C_1_.csv

>>> COPY /tmp/H8_2.64/DDCASPT2_IVECW_C_1_.csv ${LOCALHOME}/DDCASPT2/hydrogen_comps/rerun/H8_chain/H8_2.64/DDCASPT2_IVECW_C_1_.csv

>>> COPY /tmp/H8_2.64/DDCASPT2_IVECX_C_1_.csv ${LOCALHOME}/DDCASPT2/hydrogen_comps/rerun/H8_chain/H8_2.64/DDCASPT2_IVECX_C_1_.csv

>>> COPY /tmp/H8_2.64/DDCASPT2_IVECC2_C_1_.csv ${LOCALHOME}/DDCASPT2/hydrogen_comps/rerun/H8_chain/H8_2.64/DDCASPT2_IVECC2_C_1_.csv

>>> COPY /tmp/H8_2.64/DDCASPT2_e2_C_1_.csv ${LOCALHOME}/DDCASPT2/hydrogen_comps/rerun/H8_chain/H8_2.64/DDCASPT2_e2_C_1_.csv

>>> END FOREACH

>>> EXPORT i = D

>>> IF (-FILE DDCASPT2_e2_${i}_1_.csv)
(Skipped)

>>> END FOREACH

.########################.
.# Non-zero return code #.
.########################.

    Timing: Wall=5.91 User=4.94 System=0.96
***************************************
*** WorkDir at /tmp/H8_2.64 cleaned ***
***************************************
