   This run of MOLCAS is using the pymolcas driver

                             OPE
                             OPE          NMOL  CASOP  ENMOLC A   SO
                 OPE        NMOLC        AS  OP EN  MO LC     AS  OP
                OPENM       OL CA        SO  PE NM  OL CA     SOP EN
                OP EN      MO   LC       AS  OP ENMOL  CASO   PENMOL
                OP  EN     MO   LC       AS  OP EN     MO     LC ASO
               OP   E  NMOL  C  AS       OP  EN MO     LC     AS  OP
               OP  E   NMO   LC AS        OPEN  MO     LCASOP EN   M
               O  PEN   MO  LCA  SO
            OPE   NMO   L   CAS    OP
        OPENMOL  CASOP     ENMOL   CASOPE
     OPENMOLCA   SOPENMOLCASOPEN   MOLCASOPE
    OPENMOLCAS   OP           EN   MOL    CAS
    OPENMOLCAS       OP  ENM        O     LCA
    OPENMOLCAS    OPEN  MOLCASO     P  E  NMO
    OPENMOLCAS     OP               E  N  MOL
    OPENMOLCA   SO           PENM   O  L  CAS    OPEN    MO    LCAS
    OPENMOLCA   SOP           ENM   O  L  CAS   OP  EN  MOLC  AS   O
    OPENMOLCA   SOPE           NM      O  LCA   S      OP  EN MO
    OPENMOLC                AS         O  PEN   M      OL  CA  SOPE
    OPENMO        LCASOPE  NMOL        C  ASO   P      ENMOLC     AS
    OPE     NMO      LCA  SO     P     E   NM   OL  CA SO  PE N   MO
          OPENMOLCA            SOPE   NMO        LCAS  O    P  ENMO
     OPENMOLCASOPENMOLCASOPENMOLCASOPENMOLCA
        OPENMOLCASOPENMOLCASOPENMOLCASOPE
            OPENMOLCASOPENMOLCASOPENM
               OPENMOLCASOPENMOLCA        version: f37762c57
                   OPENMOLCASO
                       OPE                tag:

 OpenMolcas is free software; you can redistribute it and/or modify it
 under the terms of the GNU Lesser General Public License version 2.1.
 OpenMolcas is distributed in the hope that it will be useful, but it
 is provided "as is" and without any express or implied warranties.
 For more details see the full text of the license in the file
 LICENSE or in <http://www.gnu.org/licenses/>.

                 Copyright (C) The OpenMolcas Authors
           For the author list and the recommended citation,
                   consult the file CONTRIBUTORS.md

           *************************************************
           * pymolcas version py2.28                       *
           *   build c4a6d18ded8cb6cad61d2372a9abd97c      *
           *   (after the EMIL interpreter by V. Veryazov) *
           *************************************************

configuration info
------------------
C Compiler ID: Intel
C flags: -std=gnu99 -gcc-sys
Fortran Compiler ID: IntelLLVM
Fortran flags: -standard-semantics -fltconsistency -fpp -i8 -heap-arrays
Definitions: _MOLCAS_;_I8_;_LINUX_
Parallel: OFF (GA=OFF)


   --------------------------------------------------------------------------------------
  |
  |              Project: H8_0.75
  |       Submitted from: /home/grierjones/DDCASPT2/hydrogen_comps/rerun/H8_chain/H8_0.75
  |         Scratch area: /tmp/H8_0.75
  |      Save outputs to: /home/grierjones/DDCASPT2/hydrogen_comps/rerun/H8_chain/H8_0.75
  |               Molcas: /home/grierjones/Test/build
  |
  | Scratch area is empty
  |
  |       MOLCAS_DRIVER = /usr/local/pymolcas
  | MOLCAS_KEEP_WORKDIR = NO
  |  MOLCAS_NEW_WORKDIR = YES
  |       MOLCAS_NPROCS = 1
  |        MOLCAS_PRINT = NORMAL
  |       MOLCAS_SOURCE = /home/grierjones/Test
  |    MOLCAS_STRUCTURE = 0
  |
   --------------------------------------------------------------------------------------

++ ---------   Input file   ---------

&GATEWAY
coord=H8_0.75.xyz
Basis = ANO-RCC-VDZP
Group = nosymm
End of Input

&SEWARD
End of Input

&SCF

>>> COPY $WorkDir/H8_0.75.scf.h5 $CurrDir/

&RASSCF
Title= RASSCF
FileOrb
/home/grierjones/DDCASPT2/hydrogen_comps/rerun/H8_chain/H8_0.60/H8_0.60.RasOrb
NACTEL
8 0 0
Inactive
0
RAS2
8
Symmetry
1
Spin
1
orblisting
all

>>> COPY $WorkDir/H8_0.75.rasscf.h5 $CurrDir/

>>> COPY $WorkDir/GMJ_Fock_MO.csv $CurrDir/H8_0.75.GMJ_Fock_MO.csv

&MOTRA
Frozen=0
LUMORB

>>> COPY $WorkDir/GMJ_one_int_indx.csv $CurrDir/H8_0.75.GMJ_one_int_indx.csv

>>> COPY $WorkDir/GMJ_one_int.csv $CurrDir/H8_0.75.GMJ_one_int.csv

>>> COPY $WorkDir/GMJ_two_int_indx.csv $CurrDir/H8_0.75.GMJ_two_int_indx.csv

>>> COPY $WorkDir/GMJ_two_int.csv $CurrDir/H8_0.75.GMJ_two_int.csv

&CASPT2
Frozen
0

MAXITER
50

>>> FOREACH i IN (B,E,F,G,H)

  >>> FOREACH j IN (P,M)

    >>> IF (-FILE GMJ_e2_${i}_${j}_1_.csv)

      >>> COPY $WorkDir/GMJ_RHS_${i}_${j}_1_.csv $CurrDir/GMJ_RHS_${i}_${j}_1_.csv

      >>> COPY $WorkDir/GMJ_IVECW_${i}_${j}_1_.csv $CurrDir/GMJ_IVECW_${i}_${j}_1_.csv

      >>> COPY $WorkDir/GMJ_IVECX_${i}_${j}_1_.csv $CurrDir/GMJ_IVECX_${i}_${j}_1_.csv

      >>> COPY $WorkDir/GMJ_IVECC2_${i}_${j}_1_.csv $CurrDir/GMJ_IVECC2_${i}_${j}_1_.csv

      >>> COPY $WorkDir/GMJ_e2_${i}_${j}_1_.csv $CurrDir/GMJ_e2_${i}_${j}_1_.csv

    >>> END IF

  >>> END FOREACH

>>> END FOREACH

>>> FOREACH i IN (A,C,D)

  >>> IF (-FILE GMJ_e2_${i}_1_.csv)

    >>> COPY $WorkDir/GMJ_RHS_${i}_1_.csv $CurrDir/GMJ_RHS_${i}_1_.csv

    >>> COPY $WorkDir/GMJ_IVECW_${i}_1_.csv $CurrDir/GMJ_IVECW_${i}_1_.csv

    >>> COPY $WorkDir/GMJ_IVECX_${i}_1_.csv $CurrDir/GMJ_IVECX_${i}_1_.csv

    >>> COPY $WorkDir/GMJ_IVECC2_${i}_1_.csv $CurrDir/GMJ_IVECC2_${i}_1_.csv

    >>> COPY $WorkDir/GMJ_e2_${i}_1_.csv $CurrDir/GMJ_e2_${i}_1_.csv

  >>> END IF

>>> END FOREACH

-- ----------------------------------

--- Start Module: gateway at Sun Oct 26 13:02:48 2025 ---
 
()()()()()()()()()()()()()()()()()()()()()()()()()()()()()()()()()()()()()()()()()()()()()()()()()()

                                              &GATEWAY

                                   only a single process is used
                       available to each process: 2.0 GB of memory, 1 thread?
()()()()()()()()()()()()()()()()()()()()()()()()()()()()()()()()()()()()()()()()()()()()()()()()()()
 
 
++    Symmetry information:
      ---------------------
 
                    Character Table for C1 
 
                             E  
                    a        1  x, y, xy, Rz, z, xz, Ry, yz, Rx, I
--
 
 
++    Basis set information:
      ----------------------
 
 
      Basis set label: H.ANO-RCC...2S1P.
 
      Electronic valence basis set:
      ------------------
      Associated Effective Charge   1.000000 au
      Associated Actual Charge      1.000000 au
      Nuclear Model: Point charge
 
      Shell  nPrim  nBasis  Cartesian Spherical Contaminant
         s       8       2        X                  
         p       4       1        X                  
--
 
 
++    Molecular structure info:
      -------------------------
 
                    ************************************************ 
                    **** Cartesian Coordinates / Bohr, Angstrom **** 
                    ************************************************ 
 
     Center  Label                x              y              z                     x              y              z
        1      H1               0.000000       0.000000       0.000000              0.000000       0.000000       0.000000
        2      H2               0.000000       0.000000       1.408706              0.000000       0.000000       0.745455
        3      H3               0.000000       0.000000       2.817410              0.000000       0.000000       1.490909
        4      H4               0.000000       0.000000       4.226115              0.000000       0.000000       2.236364
        5      H5               0.000000       0.000000       5.634819              0.000000       0.000000       2.981818
        6      H6               0.000000       0.000000       7.043525              0.000000       0.000000       3.727273
        7      H7               0.000000       0.000000       8.452229              0.000000       0.000000       4.472727
        8      H8               0.000000       0.000000       9.860935              0.000000       0.000000       5.218182
 
                    *************************************** 
                    *    InterNuclear Distances / Bohr    * 
                    *************************************** 
 
               1 H1            2 H2            3 H3            4 H4            5 H5            6 H6    
    1 H1       0.000000
    2 H2       1.408706        0.000000
    3 H3       2.817410        1.408704        0.000000
    4 H4       4.226115        2.817410        1.408706        0.000000
    5 H5       5.634819        4.226114        2.817410        1.408704        0.000000
    6 H6       7.043525        5.634819        4.226115        2.817410        1.408706        0.000000
    7 H7       8.452229        7.043523        5.634819        4.226114        2.817410        1.408704
    8 H8       9.860935        8.452229        7.043525        5.634819        4.226115        2.817410
 
               7 H7            8 H8    
    7 H7       0.000000
    8 H8       1.408706        0.000000
 
                    ******************************************* 
                    *    InterNuclear Distances / Angstrom    * 
                    ******************************************* 
 
               1 H1            2 H2            3 H3            4 H4            5 H5            6 H6    
    1 H1       0.000000
    2 H2       0.745455        0.000000
    3 H3       1.490909        0.745454        0.000000
    4 H4       2.236364        1.490909        0.745455        0.000000
    5 H5       2.981818        2.236363        1.490909        0.745454        0.000000
    6 H6       3.727273        2.981818        2.236364        1.490909        0.745455        0.000000
    7 H7       4.472727        3.727272        2.981818        2.236363        1.490909        0.745454
    8 H8       5.218182        4.472727        3.727273        2.981818        2.236364        1.490909
 
               7 H7            8 H8    
    7 H7       0.000000
    8 H8       0.745455        0.000000
 
                    ************************************** 
                    *    Valence Bond Angles / Degree    * 
                    ************************************** 
                          Atom centers                 Phi
                      2 H2       1 H1       3 H3         0.00
                      1 H1       2 H2       3 H3       180.00
                      1 H1       2 H2       4 H4       180.00
                      3 H3       2 H2       4 H4         0.00
                      1 H1       3 H3       2 H2         0.00
                      1 H1       3 H3       4 H4       180.00
                      1 H1       3 H3       5 H5       180.00
                      2 H2       3 H3       4 H4       180.00
                      2 H2       3 H3       5 H5       180.00
                      4 H4       3 H3       5 H5         0.00
                      2 H2       4 H4       3 H3         0.00
                      2 H2       4 H4       5 H5       180.00
                      2 H2       4 H4       6 H6       180.00
                      3 H3       4 H4       5 H5       180.00
                      3 H3       4 H4       6 H6       180.00
                      5 H5       4 H4       6 H6         0.00
                      3 H3       5 H5       4 H4         0.00
                      3 H3       5 H5       6 H6       180.00
                      3 H3       5 H5       7 H7       180.00
                      4 H4       5 H5       6 H6       180.00
                      4 H4       5 H5       7 H7       180.00
                      6 H6       5 H5       7 H7         0.00
                      4 H4       6 H6       5 H5         0.00
                      4 H4       6 H6       7 H7       180.00
                      4 H4       6 H6       8 H8       180.00
                      5 H5       6 H6       7 H7       180.00
                      5 H5       6 H6       8 H8       180.00
                      7 H7       6 H6       8 H8         0.00
                      5 H5       7 H7       6 H6         0.00
                      5 H5       7 H7       8 H8       180.00
                      6 H6       7 H7       8 H8       180.00
                      6 H6       8 H8       7 H7         0.00
--
 
 
            Nuclear Potential Energy              9.75566771 au
 
--- Stop Module: gateway at Sun Oct 26 13:02:48 2025 /rc=_RC_ALL_IS_WELL_ ---
*** files: xmldump
    saved to directory /home/grierjones/DDCASPT2/hydrogen_comps/rerun/H8_chain/H8_0.75

--- Start Module: seward at Sun Oct 26 13:02:48 2025 ---
 
()()()()()()()()()()()()()()()()()()()()()()()()()()()()()()()()()()()()()()()()()()()()()()()()()()

                                              &SEWARD

                                   only a single process is used
                       available to each process: 2.0 GB of memory, 1 thread?
()()()()()()()()()()()()()()()()()()()()()()()()()()()()()()()()()()()()()()()()()()()()()()()()()()
 
               SEWARD will generate:
                  Multipole Moment integrals up to order  2
                  Kinetic Energy integrals
                  Nuclear Attraction integrals (point charge)
                  One-Electron Hamiltonian integrals
                  Velocity integrals
                  Relativistic Douglas-Kroll-Hess integrals:
                    - Parametrization         : EXP
                    - DKH order of Hamiltonian: 2
                    - DKH order of Properties : 0
                         - multipole moment operators
                         - electric potential operators
                         - contact operators
                  Atomic mean-field integrals
                  Two-Electron Repulsion integrals
 
                   Integrals are discarded if absolute value <: 0.10E-13
                   Integral cutoff threshold is set to       <: 0.10E-15
 
            Nuclear Potential Energy              9.75566771 au
 
 
      Basis set specifications :
      Symmetry species         a  
      Basis functions           40
 
 
  Input file to MOLDEN was generated!
 
forrtl: warning (525): IEEE_DIVIDE_BY_ZERO is signaling
forrtl: warning (526): IEEE_INVALID is signaling
forrtl: warning (528): IEEE_UNDERFLOW is signaling
--- Stop Module: seward at Sun Oct 26 13:02:49 2025 /rc=_RC_ALL_IS_WELL_ ---
*** files: H8_0.75.GssOrb H8_0.75.guessorb.h5 H8_0.75.guessorb.molden xmldump
    saved to directory /home/grierjones/DDCASPT2/hydrogen_comps/rerun/H8_chain/H8_0.75

*** symbolic link created: INPORB -> H8_0.75.GssOrb
--- Start Module: scf at Sun Oct 26 13:02:49 2025 ---
 
()()()()()()()()()()()()()()()()()()()()()()()()()()()()()()()()()()()()()()()()()()()()()()()()()()

                                                &SCF

                                   only a single process is used
                       available to each process: 2.0 GB of memory, 1 thread?
()()()()()()()()()()()()()()()()()()()()()()()()()()()()()()()()()()()()()()()()()()()()()()()()()()
 
++    Input section:
      --------------
 
      Header of the integral files:
      
       Integrals generated by seward 4.2.0  , Sun Oct 26 13:02:49 2025
 
 
      Cartesian coordinates in Angstrom:
      -----------------------------------------------------
      No.  Label        X            Y            Z        
      -----------------------------------------------------
       1   H1         0.00000000   0.00000000   0.00000000
       2   H2         0.00000000   0.00000000   0.74545500
       3   H3         0.00000000   0.00000000   1.49090900
       4   H4         0.00000000   0.00000000   2.23636400
       5   H5         0.00000000   0.00000000   2.98181800
       6   H6         0.00000000   0.00000000   3.72727300
       7   H7         0.00000000   0.00000000   4.47272700
       8   H8         0.00000000   0.00000000   5.21818200
      -----------------------------------------------------
      Nuclear repulsion energy =    9.75566771
--
 
++    Orbital specifications:
      -----------------------
 
      Symmetry species               1
                                     a
      Frozen orbitals                0
      Occupied orbitals              4
      Secondary orbitals            36
      Deleted orbitals               0
      Total number of orbitals      40
      Number of basis functions     40
--
 
      Molecular charge                           0.000
 
++    Optimization specifications:
      ----------------------------
 
      SCF Algorithm: Conventional
      Minimized density differences are used
      Number of density matrices in core                5
      Maximum number of NDDO SCF iterations           400
      Maximum number of HF SCF iterations             400
      Threshold for SCF energy change            0.10E-08
      Threshold for density matrix               0.10E-03
      Threshold for Fock matrix                  0.15E-03
      Threshold for linear dependence            0.10E-08
      Threshold at which DIIS is turned on       0.15E+00
      Threshold at which QNR/C2DIIS is turned on 0.75E-01
      Threshold for Norm(delta) (QNR/C2DIIS)     0.20E-04
      DIIS extrapolation of the SCF procedure
      All orbitals punched on: SCFORB
--
 
      Input vectors read from INPORB
      Orbital file label: *Guess orbitals
 
 
++ Convergence information
                                   SCF        iterations: Energy and convergence statistics
 
Iter     Tot. SCF        One-elec.       Two-elec.     Energy      Max Dij or  Max Fij      DNorm      TNorm      AccCon     Time
         Energy          Energy          Energy        Change      Delta Norm                                                in Sec.
   1    -3.993094295   -22.054896203     8.306134200   0.00E+00    0.27E+00*   0.19E+00*    0.43E+01   0.18E+02   None         0.
   2    -4.176960145   -22.713671804     8.781043950  -0.18E+00*   0.45E-01*   0.24E-01*    0.24E+01   0.19E+02   EDIIS        0.
   3    -4.183135202   -22.688322584     8.749519674  -0.62E-02*   0.12E-01*   0.66E-02*    0.67E+00   0.19E+02   EDIIS        0.
   4    -4.183410840   -22.693477606     8.754399058  -0.28E-03*   0.13E-02*   0.17E-02*    0.12E+00   0.19E+02   c2DIIS       0.
   5    -4.183426475   -22.693042124     8.753947941  -0.16E-04*   0.21E-03*   0.12E-03     0.75E-02   0.19E+02   QNRc2DIIS    0.
   6    -4.183426573   -22.693224491     8.754130210  -0.98E-07*   0.86E-04*   0.24E-04     0.14E-02   0.19E+02   QNRc2DIIS    0.
   7    -4.183426584   -22.693205025     8.754110733  -0.11E-07*   0.14E-04    0.55E-05     0.25E-03   0.19E+02   QNRc2DIIS    0.
   8    -4.183426584   -22.693198303     8.754104011  -0.29E-09    0.33E-05    0.99E-06     0.24E-04   0.19E+02   QNRc2DIIS    0.
 
       Convergence after  8 Macro Iterations
--
 
 *****************************************************************************************************************************
 *                                                                                                                           *
 *                                             SCF/KS-DFT Program, Final results                                             *
 *                                                                                                                           *
 *                                                                                                                           *
 *                                                                                                                           *
 *                                                       Final Results                                                       *
 *                                                                                                                           *
 *****************************************************************************************************************************
 
::    Total SCF energy                                 -4.1834265841
      One-electron energy                             -22.6931983033
      Two-electron energy                               8.7541040108
      Nuclear repulsion energy                          9.7556677083
      Kinetic energy (interpolated)                     5.1230361472
      Virial theorem                                    0.8165912681
      Total spin, S(S+1)                                0.0000000000
      Total spin, S                                     0.0000000000
      Max non-diagonal density matrix element           0.0000055703
      Max non-diagonal Fock matrix element              0.0000004887
 
 
      All orbitals with orbital energies smaller than  E(LUMO)+0.5 are printed
 
++    Molecular orbitals:
      -------------------
 
      Title: SCF orbitals

      Molecular orbitals for symmetry species 1: a  
 
          Orbital            1         2         3         4         5         6         7         8         9        10    
          Energy           -0.9020   -0.7796   -0.5825   -0.3284    0.1171    0.2033    0.2042    0.4160    0.4618    0.4949
          Occ. No.          2.0000    2.0000    2.0000    2.0000    0.0000    0.0000    0.0000    0.0000    0.0000    0.0000
 
        1 H1     1s         0.1485   -0.3334    0.3845   -0.4712    1.0795   -1.1514   -1.2875   -1.3485   -2.4955   -0.0000
        2 H1     2s         0.0461   -0.0684    0.0119   -0.0688    0.8168   -0.6358   -1.1943   -1.4384   -1.6112   -0.0000
        3 H1     2px        0.0000    0.0000    0.0000   -0.0000    0.0000    0.0000   -0.0000   -0.0000    0.0000   -0.0677
        4 H1     2py        0.0000    0.0000   -0.0000    0.0000   -0.0000    0.0000   -0.0000   -0.0000   -0.0000    0.0999
        5 H1     2pz        0.0157   -0.0377    0.0258   -0.0080    0.0470   -0.0522   -0.1159   -0.2243   -0.0706   -0.0000
        6 H2     1s         0.0917   -0.1475    0.2808   -0.2660   -1.1675    0.9121    2.0424    2.3257    3.9775    0.0000
        7 H2     2s        -0.0789    0.1782   -0.0698   -0.0832   -0.6154    0.7497    1.2149    1.6633    3.0466    0.0000
        8 H2     2px       -0.0000   -0.0000    0.0000   -0.0000    0.0000    0.0000   -0.0000   -0.0000    0.0000   -0.1009
        9 H2     2py        0.0000   -0.0000    0.0000    0.0000   -0.0000    0.0000   -0.0000   -0.0000   -0.0000    0.1490
       10 H2     2pz        0.0061   -0.0234   -0.0208    0.0487    0.0292   -0.0573   -0.1497   -0.3056   -0.0041   -0.0000
       11 H3     1s         0.2879   -0.3077   -0.0648    0.5302   -0.0090    0.0843   -1.6232   -2.6816   -2.1785   -0.0000
       12 H3     2s        -0.0223    0.0382   -0.0287    0.1051    0.2360    0.1395   -1.2304   -1.6594   -1.2943    0.0000
       13 H3     2px        0.0000    0.0000    0.0000   -0.0000    0.0000    0.0000   -0.0000   -0.0000    0.0000   -0.1363
       14 H3     2py        0.0000   -0.0000   -0.0000    0.0000   -0.0000    0.0000    0.0000   -0.0000   -0.0000    0.2013
       15 H3     2pz        0.0035   -0.0074   -0.0413    0.0289    0.0372   -0.0668   -0.1447   -0.1398    0.1238   -0.0000
       16 H4     1s         0.2756   -0.1119   -0.2496    0.4568    0.1827   -0.2382    0.8714    1.6457    1.2834    0.0000
       17 H4     2s        -0.0719    0.0365    0.0691    0.1169    0.0990    0.1841    0.7038    1.2118    1.1993    0.0000
       18 H4     2px        0.0000    0.0000   -0.0000   -0.0000    0.0000    0.0000   -0.0000   -0.0000    0.0000   -0.1536
       19 H4     2py        0.0000   -0.0000    0.0000    0.0000   -0.0000    0.0000    0.0000   -0.0000   -0.0000    0.2269
       20 H4     2pz       -0.0015    0.0073   -0.0178   -0.0388    0.0377   -0.0490   -0.1216   -0.0541    0.2533    0.0000
       21 H5     1s         0.2756    0.1119   -0.2496   -0.4568    0.1827   -0.2382   -0.8714    1.6457   -1.2834   -0.0000
       22 H5     2s        -0.0719   -0.0365    0.0691   -0.1169    0.0990    0.1841   -0.7038    1.2118   -1.1993   -0.0000
       23 H5     2px       -0.0000    0.0000   -0.0000   -0.0000    0.0000    0.0000   -0.0000   -0.0000    0.0000   -0.1536
       24 H5     2py        0.0000   -0.0000   -0.0000    0.0000   -0.0000    0.0000   -0.0000   -0.0000   -0.0000    0.2269
       25 H5     2pz        0.0015    0.0073    0.0178   -0.0388   -0.0377    0.0490   -0.1216    0.0541    0.2533    0.0000
       26 H6     1s         0.2879    0.3077   -0.0648   -0.5302   -0.0090    0.0843    1.6232   -2.6816    2.1785    0.0000
       27 H6     2s        -0.0223   -0.0382   -0.0287   -0.1051    0.2360    0.1395    1.2304   -1.6594    1.2943    0.0000
       28 H6     2px        0.0000    0.0000   -0.0000   -0.0000    0.0000    0.0000   -0.0000   -0.0000    0.0000   -0.1363
       29 H6     2py       -0.0000   -0.0000   -0.0000   -0.0000   -0.0000    0.0000    0.0000   -0.0000   -0.0000    0.2013
       30 H6     2pz       -0.0035   -0.0074    0.0413    0.0289   -0.0372    0.0668   -0.1447    0.1398    0.1238    0.0000
       31 H7     1s         0.0917    0.1475    0.2808    0.2660   -1.1675    0.9121   -2.0424    2.3257   -3.9775   -0.0000
       32 H7     2s        -0.0789   -0.1782   -0.0698    0.0832   -0.6154    0.7497   -1.2149    1.6633   -3.0466   -0.0000
       33 H7     2px       -0.0000   -0.0000   -0.0000   -0.0000    0.0000   -0.0000   -0.0000   -0.0000    0.0000   -0.1009
       34 H7     2py       -0.0000   -0.0000   -0.0000    0.0000   -0.0000   -0.0000   -0.0000   -0.0000   -0.0000    0.1490
       35 H7     2pz       -0.0061   -0.0234    0.0208    0.0487   -0.0292    0.0573   -0.1497    0.3056   -0.0041    0.0000
       36 H8     1s         0.1485    0.3334    0.3845    0.4712    1.0795   -1.1514    1.2875   -1.3485    2.4955    0.0000
       37 H8     2s         0.0461    0.0684    0.0119    0.0688    0.8168   -0.6358    1.1943   -1.4384    1.6112    0.0000
       38 H8     2px        0.0000    0.0000   -0.0000    0.0000   -0.0000    0.0000    0.0000   -0.0000    0.0000   -0.0677
       39 H8     2py        0.0000    0.0000   -0.0000    0.0000    0.0000    0.0000    0.0000   -0.0000   -0.0000    0.0999
       40 H8     2pz       -0.0157   -0.0377   -0.0258   -0.0080   -0.0470    0.0522   -0.1159    0.2243   -0.0706   -0.0000
 
          Orbital           11    
          Energy            0.4949
          Occ. No.          0.0000
 
        1 H1     1s         0.0000
        2 H1     2s        -0.0000
        3 H1     2px        0.0999
        4 H1     2py        0.0677
        5 H1     2pz        0.0000
        6 H2     1s        -0.0000
        7 H2     2s        -0.0000
        8 H2     2px        0.1490
        9 H2     2py        0.1009
       10 H2     2pz        0.0000
       11 H3     1s         0.0000
       12 H3     2s         0.0000
       13 H3     2px        0.2013
       14 H3     2py        0.1363
       15 H3     2pz       -0.0000
       16 H4     1s        -0.0000
       17 H4     2s        -0.0000
       18 H4     2px        0.2269
       19 H4     2py        0.1536
       20 H4     2pz       -0.0000
       21 H5     1s         0.0000
       22 H5     2s         0.0000
       23 H5     2px        0.2269
       24 H5     2py        0.1536
       25 H5     2pz       -0.0000
       26 H6     1s        -0.0000
       27 H6     2s        -0.0000
       28 H6     2px        0.2013
       29 H6     2py        0.1363
       30 H6     2pz        0.0000
       31 H7     1s         0.0000
       32 H7     2s         0.0000
       33 H7     2px        0.1490
       34 H7     2py        0.1009
       35 H7     2pz        0.0000
       36 H8     1s        -0.0000
       37 H8     2s        -0.0000
       38 H8     2px        0.0999
       39 H8     2py        0.0677
       40 H8     2pz        0.0000
--
 
 
++    Molecular charges:
      ------------------
 
      Mulliken charges per centre and basis function type
      ---------------------------------------------------
 
                H1      H2      H3      H4      H5      H6      H7      H8    
      1s       1.2652  0.6194  1.0567  0.8855  0.8855  1.0567  0.6194  1.2652
      2s       0.0087  0.0234 -0.0717 -0.0213 -0.0213 -0.0717  0.0234  0.0087
      2px      0.0000  0.0000  0.0000  0.0000  0.0000  0.0000  0.0000 -0.0000
      2pz      0.0353  0.0803  0.0663  0.0523  0.0523  0.0663  0.0803  0.0353
      2py      0.0000  0.0000  0.0000  0.0000  0.0000 -0.0000  0.0000  0.0000
      Total    1.3091  0.7230  1.0513  0.9165  0.9165  1.0513  0.7230  1.3091
 
      N-E     -0.3091  0.2770 -0.0513  0.0835  0.0835 -0.0513  0.2770 -0.3091
 
      Total electronic charge=    8.000000
 
      Total            charge=   -0.000000
--
 
 
  Input file to MOLDEN was generated!
 
 
++    Static properties:
      ------------------
 
 
      LoProp Charges per center
 

                   H1       H2       H3       H4       H5       H6       H7       H8    
      Nuclear      1.0000   1.0000   1.0000   1.0000   1.0000   1.0000   1.0000   1.0000
      Electronic  -1.0910  -0.9604  -0.9799  -0.9687  -0.9687  -0.9799  -0.9604  -1.0910
 
      Total       -0.0910   0.0396   0.0201   0.0313   0.0313   0.0201   0.0396  -0.0910
--
 
 
++    Natural Bond Order analysis
      ---------------------------
      Based on LoProp computed density
      -------------------------------------------------------------------------------------
      Atom A       Atom B       Bond Order | Atom A       Atom B       Bond Order
        H1           H2             0.963  |   H3           H4             0.930
        H7           H8             0.963  |   H5           H6             0.930
      -------------------------------------------------------------------------------------
      NBO located      7.575 electrons involved in    4 bonds.
      The remaining    0.425 electrons are to be considered as diffuse
--
 
 
++    Molecular properties:
      ---------------------
 
      Charge (e):
                      =   -0.0000
      Dipole Moment (Debye):
      Origin of the operator (Ang)=    0.0000    0.0000    0.0000
                   X= -4.6097E-14               Y= -7.4556E-15               Z=  5.3296E-11           Total=  5.3296E-11
      Quadrupole Moment (Debye*Ang):
      Origin of the operator (Ang)=    0.0000    0.0000    2.6091
                  XX= -7.7190E+00              XY=  4.0559E-28              XZ=  1.2959E-13              YY= -7.7190E+00
                  YZ= -5.0585E-14              ZZ= -1.3996E+01
      In traceless form (Debye*Ang)
                  XX=  3.1385E+00              XY=  6.0839E-28              XZ=  1.9439E-13              YY=  3.1385E+00
                  YZ= -7.5877E-14              ZZ= -6.2770E+00
--
 
 
  Input file to MOLDEN was generated!
 
 ###############################################################################
 ###############################################################################
 ###                                                                         ###
 ###                                                                         ###
 ###    RunFile label nBas                                                   ###
 ###    was used       78 times                                              ###
 ###                                                                         ###
 ###                                                                         ###
 ###############################################################################
 ###############################################################################
forrtl: warning (528): IEEE_UNDERFLOW is signaling
--- Stop Module: scf at Sun Oct 26 13:02:50 2025 /rc=_RC_ALL_IS_WELL_ ---
*** files: H8_0.75.LprOrb H8_0.75.LoProp.molden H8_0.75.scf.molden H8_0.75.ScfOrb H8_0.75.scf.h5 xmldump
    saved to directory /home/grierjones/DDCASPT2/hydrogen_comps/rerun/H8_chain/H8_0.75

>>> COPY /tmp/H8_0.75/H8_0.75.scf.h5 /home/grierjones/DDCASPT2/hydrogen_comps/rerun/H8_chain/H8_0.75/

*** symbolic link created: INPORB -> H8_0.75.ScfOrb
--- Start Module: rasscf at Sun Oct 26 13:02:50 2025 ---
 
()()()()()()()()()()()()()()()()()()()()()()()()()()()()()()()()()()()()()()()()()()()()()()()()()()

                                              &RASSCF

                                   only a single process is used
                       available to each process: 2.0 GB of memory, 1 thread?
()()()()()()()()()()()()()()()()()()()()()()()()()()()()()()()()()()()()()()()()()()()()()()()()()()
 
 
      Header of the ONEINT file:
      --------------------------
      
      Integrals generated by seward 4.2.0  , Sun Oct 26 13:02:49 2025
 
 
      OrdInt status: non-squared
 
 
      Cartesian coordinates in Angstrom:
      -----------------------------------------------------
      No.  Label        X            Y            Z        
      -----------------------------------------------------
       1   H1         0.00000000   0.00000000   0.00000000
       2   H2         0.00000000   0.00000000   0.74545500
       3   H3         0.00000000   0.00000000   1.49090900
       4   H4         0.00000000   0.00000000   2.23636400
       5   H5         0.00000000   0.00000000   2.98181800
       6   H6         0.00000000   0.00000000   3.72727300
       7   H7         0.00000000   0.00000000   4.47272700
       8   H8         0.00000000   0.00000000   5.21818200
      -----------------------------------------------------
      Nuclear repulsion energy =    9.75566771
 
++    Wave function specifications:
      -----------------------------
 
      Number of closed shell electrons           0
      Number of electrons in active shells       8
      Max number of holes in RAS1 space          0
      Max nr of electrons in RAS3 space          0
      Number of inactive orbitals                0
      Number of active orbitals                  8
      Number of secondary orbitals              32
      Spin quantum number                      0.0
      State symmetry                             1
--
 
++    Orbital specifications:
      -----------------------
 
      Symmetry species                           1
                                                 a
      Frozen orbitals                            0
      Inactive orbitals                          0
      Active orbitals                            8
      RAS1 orbitals                              0
      RAS2 orbitals                              8
      RAS3 orbitals                              0
      Secondary orbitals                        32
      Deleted orbitals                           0
      Number of basis functions                 40
--
 
++    CI expansion specifications:
      ----------------------------
 
      Number of CSFs                          1764
      Number of determinants                  2485
      Number of root(s) required                 1
      Root chosen for geometry opt.              1
      CI root used                               1
         
      highest root included in the CI            1
      max. size of the explicit Hamiltonian    200
--
 
++    Optimization specifications:
      ----------------------------
 
      RASSCF algorithm: Conventional
      Maximum number of macro iterations       200
      Maximum number of SX iterations          100
      Threshold for RASSCF energy            0.100E-07
      Threshold for max MO rotation          0.100E+00
      Threshold for max BLB element          0.100E-03
      Level shift parameter                  0.500E+00
      Make Quasi-Newton update
--
 
      The MO-coefficients are taken from the file:
      /home/grierjones/DDCASPT2/hydrogen_comps/rerun/H8_chain/H8_0.60/H8_0.60.RasOrb                                                  
      Title: RASSCF average (pseudo-natural) orbitals                                      
 
      Total molecular charge    0.00
 
      ************************************************************************************************************************
      *                                                                                                                      *
      *                                            Wave function control section                                             *
      *                                                                                                                      *
      ************************************************************************************************************************
 
 
                                         RASSCF iterations: Energy and convergence statistics
                                         ----------------------------------------------------
 
      Iter CI   SX   CI       RASSCF       Energy    max ROT     max BLB   max BLB  Level Ln srch  Step   QN   Walltime
          iter iter root      energy       change     param      element    value   shift minimum  type update hh:mm:ss
 Nr of preliminary CI iterations:   4
        1   1   71    1    -4.20258145    0.00E+00   0.58E-01    2  38 1 -0.32E+00*  0.05   0.00    SX    NO    0:00:00
        2   3   11    1    -4.24741582   -0.45E-01* -0.33E-01    1   9 1 -0.38E-01*  0.03   0.00    SX    NO    0:00:00
        3   3   10    1    -4.24993651   -0.25E-02* -0.18E-01    1   9 1 -0.95E-02*  0.03   0.00    SX    NO    0:00:00
        4   3    9    1    -4.25023813   -0.30E-03*  0.11E-01    4  10 1 -0.26E-02*  0.03   0.00    SX    NO    0:00:00
        5   3    9    1    -4.25030627   -0.68E-04*  0.12E-01    4  10 1 -0.12E-02*  0.03   2.11    LS   YES    0:00:00
        6   4    8    1    -4.25033217   -0.26E-04*  0.32E-02    1   9 1  0.12E-02*  0.03   1.05    QN   YES    0:00:00
        7   3    7    1    -4.25033515   -0.30E-05*  0.16E-02    1   9 1  0.41E-03*  0.03   1.51    LS   YES    0:00:00
        8   3    7    1    -4.25033553   -0.38E-06* -0.45E-03    4  10 1  0.67E-04   0.03   1.01    QN   YES    0:00:00
        9   3    6    1    -4.25033560   -0.67E-07* -0.39E-03    1   9 1 -0.27E-04   0.03   1.49    QN   YES    0:00:00
       10   3    5    1    -4.25033562   -0.17E-07* -0.94E-04    4  32 1  0.11E-04   0.03   1.19    QN   YES    0:00:00
       11   2    5    1    -4.25033562   -0.19E-08  -0.49E-04    3  12 1 -0.45E-05   0.03   1.43    QN   YES    0:00:00
      Convergence after 11 iterations
 
  Dmat in MO in SXCTL bf call to SXHAM                                                                                    
  mat. size =     8x    8
 
        1.9926988439474280
        0.0000000001315705      1.9864503709384926
       -0.0024926446928735     -0.0000000005645135      1.9743498362829544
       -0.0000000005083059     -0.0056118827779208      0.0000000004929548      1.9472300234091617
       -0.0145217162639856      0.0000000042367991     -0.0089827373610262     -0.0000000071882306      0.0101808980031408
       -0.0000000018854814     -0.0369816831240184      0.0000000017033091     -0.0595543998459282      0.0000000002362842
        0.0257469284447826
        0.0125513968813387     -0.0000000034849340     -0.0078033316342921      0.0000000010528783      0.0053381161580125
       -0.0000000003553761      0.0599417596303960
       -0.0000000000018514      0.0000000004096746      0.0000000000087893     -0.0000000042943226     -0.0000000000010696
        0.0000000009164629     -0.0000000000038999      0.0034013393436403
       12   1    5    1    -4.25033562   -0.25E-09  -0.49E-04    1   9 1  0.17E-05   0.03   1.43    QN   YES    0:00:00
 
      ************************************************************************************************************************
                                                      Wave function printout:
                       occupation of active orbitals, and spin coupling of open shells (u,d: Spin up or down)
      ************************************************************************************************************************
 
      Note: transformation to natural orbitals
      has been made, which may change the order of the CSFs.
 
      printout of CI-coefficients larger than  0.05 for root  1
      energy=      -4.250336
      conf/sym  11111111     Coeff  Weight
             1  22220000   0.97587 0.95233
            23  22200020  -0.12919 0.01669
            32  22ud0ud0  -0.06906 0.00477
            63  22020020  -0.05361 0.00287
           120  22uu0dd0  -0.06615 0.00438
 
      Natural orbitals and occupation numbers for root  1
      sym 1:   1.993213   1.987669   1.974096   1.948558   0.009456   0.023200   0.060406   0.003401
 
      ************************************************************************************************************************
      *                                                                                                                      *
      *                                                    Final results                                                     *
      *                                                                                                                      *
      ************************************************************************************************************************
 
 
++    Wave function specifications:
      -----------------------------
 
      Number of closed shell electrons           0
      Number of electrons in active shells       8
      Max number of holes in RAS1 space          0
      Max nr of electrons in RAS3 space          0
      Number of inactive orbitals                0
      Number of active orbitals                  8
      Number of secondary orbitals              32
      Spin quantum number                      0.0
      State symmetry                             1
--
 
++    Orbital specifications:
      -----------------------
 
      Symmetry species                           1
                                                 a
      Frozen orbitals                            0
      Inactive orbitals                          0
      Active orbitals                            8
      RAS1 orbitals                              0
      RAS2 orbitals                              8
      RAS3 orbitals                              0
      Secondary orbitals                        32
      Deleted orbitals                           0
      Number of basis functions                 40
--
 
++    CI expansion specifications:
      ----------------------------
 
      Number of CSFs                          1764
      Number of determinants                  2485
      Number of root(s) required                 1
      CI root used                               1
      highest root included in the CI            1
      Root passed to geometry opt.               1
--
 
++    Final optimization conditions:
      ------------------------------
 
      Average CI energy                              -4.25033562
      RASSCF energy for state  1                     -4.25033562
      Super-CI energy                                -0.00000000
      RASSCF energy change                            0.00000000
      Max change in MO coefficients               0.505E-03
      Max non-diagonal density matrix element    -0.489E-04
      Maximum BLB matrix element                  0.174E-05
      (orbital pair   1,   9 in symmetry   1)
      Norm of electronic gradient            0.424E-05
--
 
 
      Final state energy(ies):
      ------------------------
 
::    RASSCF root number  1 Total energy:     -4.25033562
 
++    Molecular orbitals:
      -------------------
 
      Pseudonatural active orbitals and approximate occupation numbers
 
 
 
 
      Molecular orbitals for symmetry species 1: a  
 
 
      Orbital                1         2         3         4         5         6         7         8         9        10
      Energy            0.0000    0.0000    0.0000    0.0000    0.0000    0.0000    0.0000    0.0000    0.1714    0.2663
      Occ. No.          1.9932    1.9877    1.9741    1.9486    0.0095    0.0232    0.0604    0.0034    0.0000    0.0000
 
    1 H1     1s         0.1693   -0.3513    0.3789   -0.4761    0.7381   -0.6034   -0.4742    0.0000   -0.1794    0.5134
    2 H1     2s         0.0460   -0.0733    0.0131   -0.0653    0.0218    0.0720    0.1063    0.0000    0.0885    0.7793
    3 H1     2px       -0.0000    0.0000   -0.0000    0.0000   -0.0000    0.0000    0.0000   -0.0071    0.0000   -0.0000
    4 H1     2py       -0.0000    0.0000   -0.0000    0.0000   -0.0000    0.0000    0.0000   -0.0028    0.0000   -0.0000
    5 H1     2pz        0.0163   -0.0368    0.0230   -0.0020   -0.0917    0.0736    0.0385   -0.0000    0.0148    0.1414
    6 H2     1s         0.1136   -0.1476    0.2441   -0.2270   -1.3690    0.4940    0.0588   -0.0000    0.0314   -0.9080
    7 H2     2s        -0.0810    0.1864   -0.0931   -0.0665   -0.1757   -0.2437   -0.1807   -0.0000    0.2110   -0.4546
    8 H2     2px       -0.0000   -0.0000    0.0000   -0.0000   -0.0000   -0.0000   -0.0000   -0.0331   -0.0000   -0.0000
    9 H2     2py       -0.0000   -0.0000    0.0000   -0.0000   -0.0000   -0.0000   -0.0000   -0.0129   -0.0000   -0.0000
   10 H2     2pz        0.0057   -0.0241   -0.0181    0.0509    0.0361    0.0383    0.0850    0.0000   -0.0022    0.1863
   11 H3     1s         0.2745   -0.3118   -0.0351    0.5253    1.4211    0.4412    0.6754    0.0000   -0.0717    1.3970
   12 H3     2s        -0.0292    0.0281   -0.0014    0.0879    0.3314    0.3974    0.0903    0.0000    0.1788    1.1442
   13 H3     2px        0.0000   -0.0000   -0.0000    0.0000    0.0000    0.0000    0.0000    0.0213   -0.0000   -0.0000
   14 H3     2py        0.0000   -0.0000   -0.0000    0.0000    0.0000    0.0000    0.0000    0.0083   -0.0000   -0.0000
   15 H3     2pz        0.0004   -0.0064   -0.0427    0.0292    0.0954   -0.1249   -0.0414    0.0000   -0.0207    0.1656
   16 H4     1s         0.2656   -0.0635   -0.2854    0.4199   -0.6276   -1.2849   -0.4673   -0.0000   -0.0313   -1.4697
   17 H4     2s        -0.0642    0.0615    0.0669    0.0892   -0.1913   -0.4833   -0.0143   -0.0000    0.2168   -0.9852
   18 H4     2px       -0.0000    0.0000    0.0000   -0.0000    0.0000    0.0000    0.0000    0.5076   -0.0000   -0.0000
   19 H4     2py       -0.0000    0.0000    0.0000   -0.0000    0.0000    0.0000    0.0000    0.1970   -0.0000   -0.0000
   20 H4     2pz       -0.0012    0.0045   -0.0201   -0.0385   -0.1709    0.0880   -0.0718   -0.0000   -0.0027    0.2029
   21 H5     1s         0.2656    0.0635   -0.2854   -0.4199   -0.6276    1.2849   -0.4673    0.0000   -0.0313    1.4697
   22 H5     2s        -0.0642   -0.0615    0.0669   -0.0892   -0.1913    0.4833   -0.0143    0.0000    0.2168    0.9852
   23 H5     2px        0.0000    0.0000   -0.0000   -0.0000   -0.0000    0.0000   -0.0000    0.5076    0.0000   -0.0000
   24 H5     2py        0.0000    0.0000   -0.0000   -0.0000   -0.0000    0.0000   -0.0000    0.1970    0.0000   -0.0000
   25 H5     2pz        0.0012    0.0045    0.0201   -0.0385    0.1709    0.0880    0.0718   -0.0000    0.0027    0.2029
   26 H6     1s         0.2745    0.3118   -0.0351   -0.5253    1.4211   -0.4412    0.6754   -0.0000   -0.0717   -1.3970
   27 H6     2s        -0.0292   -0.0281   -0.0014   -0.0879    0.3314   -0.3974    0.0903   -0.0000    0.1788   -1.1442
   28 H6     2px       -0.0000   -0.0000    0.0000    0.0000   -0.0000    0.0000   -0.0000    0.0213    0.0000   -0.0000
   29 H6     2py       -0.0000   -0.0000    0.0000    0.0000   -0.0000    0.0000   -0.0000    0.0083    0.0000   -0.0000
   30 H6     2pz       -0.0004   -0.0064    0.0427    0.0292   -0.0954   -0.1249    0.0414    0.0000    0.0207    0.1656
   31 H7     1s         0.1136    0.1476    0.2441    0.2270   -1.3690   -0.4940    0.0588    0.0000    0.0314    0.9080
   32 H7     2s        -0.0810   -0.1864   -0.0931    0.0665   -0.1757    0.2437   -0.1807    0.0000    0.2110    0.4546
   33 H7     2px        0.0000   -0.0000   -0.0000   -0.0000    0.0000   -0.0000    0.0000   -0.0331    0.0000   -0.0000
   34 H7     2py        0.0000   -0.0000   -0.0000   -0.0000    0.0000   -0.0000    0.0000   -0.0129    0.0000   -0.0000
   35 H7     2pz       -0.0057   -0.0241    0.0181    0.0509   -0.0361    0.0383   -0.0850    0.0000    0.0022    0.1863
   36 H8     1s         0.1693    0.3513    0.3789    0.4761    0.7381    0.6034   -0.4742   -0.0000   -0.1794   -0.5134
   37 H8     2s         0.0460    0.0733    0.0131    0.0653    0.0218   -0.0720    0.1063   -0.0000    0.0885   -0.7793
   38 H8     2px        0.0000    0.0000    0.0000    0.0000    0.0000    0.0000   -0.0000   -0.0071   -0.0000   -0.0000
   39 H8     2py        0.0000    0.0000    0.0000    0.0000    0.0000    0.0000   -0.0000   -0.0028   -0.0000   -0.0000
   40 H8     2pz       -0.0163   -0.0368   -0.0230   -0.0020    0.0917    0.0736   -0.0385   -0.0000   -0.0148    0.1414
 
 
      Orbital               11        12        13        14        15        16        17        18        19        20
      Energy            0.4147    0.4985    0.6131    0.6418    0.6418    0.7493    0.8678    1.0025    1.1837    1.1837
      Occ. No.          0.0000    0.0000    0.0000    0.0000    0.0000    0.0000    0.0000    0.0000    0.0000    0.0000
 
    1 H1     1s        -1.5053   -0.0000    3.2737    0.0000    0.0000    0.0000    0.0000    3.5198    0.0000    0.0000
    2 H1     2s        -1.5638   -0.0000    2.6312    0.0000    0.0000    0.0000    0.0000    2.6553    0.0000   -0.0000
    3 H1     2px        0.0000   -0.0440   -0.0000   -0.2457    0.0953    0.3549   -0.1505    0.0000   -0.5137    0.1994
    4 H1     2py        0.0000    0.1135   -0.0000   -0.0953   -0.2457    0.1378    0.3878    0.0000   -0.1994   -0.5137
    5 H1     2pz       -0.3092   -0.0000    0.3256   -0.0000    0.0000    0.0000   -0.0000    0.3001    0.0000   -0.0000
    6 H2     1s         1.3462   -0.0000   -5.5004   -0.0000   -0.0000   -0.0000   -0.0000   -6.4171    0.0000   -0.0000
    7 H2     2s         1.0270   -0.0000   -4.3815   -0.0000   -0.0000   -0.0000   -0.0000   -5.4019   -0.0000   -0.0000
    8 H2     2px        0.0000   -0.0653   -0.0000   -0.2822    0.1095    0.3206   -0.0996    0.0000   -0.0256    0.0099
    9 H2     2py        0.0000    0.1683   -0.0000   -0.1095   -0.2822    0.1244    0.2566    0.0000   -0.0100   -0.0256
   10 H2     2pz       -0.3537   -0.0000    0.2537   -0.0000    0.0000    0.0000    0.0000    0.0383    0.0000   -0.0000
   11 H3     1s        -0.6142    0.0000    4.8251    0.0000    0.0000   -0.0000    0.0000    2.5877   -0.0000    0.0000
   12 H3     2s        -0.4199    0.0000    3.1506    0.0000    0.0000   -0.0000    0.0000    1.8968   -0.0000    0.0000
   13 H3     2px        0.0000   -0.0880   -0.0000   -0.2446    0.0949    0.1273    0.0150   -0.0000    0.4310   -0.1673
   14 H3     2py        0.0000    0.2267   -0.0000   -0.0949   -0.2446    0.0494   -0.0388   -0.0000    0.1673    0.4310
   15 H3     2pz       -0.1823   -0.0000   -0.0902   -0.0000   -0.0000    0.0000   -0.0000   -0.4619   -0.0000   -0.0000
   16 H4     1s         0.6171    0.0000   -5.9410   -0.0000   -0.0000    0.0000   -0.0000    0.5561    0.0000   -0.0000
   17 H4     2s         0.6876    0.0000   -4.4063   -0.0000   -0.0000    0.0000   -0.0000    0.8385    0.0000   -0.0000
   18 H4     2px        0.0000   -0.0988   -0.0000   -0.0938    0.0364   -0.1382    0.1230   -0.0000    0.2837   -0.1101
   19 H4     2py        0.0000    0.2545   -0.0000   -0.0364   -0.0938   -0.0536   -0.3168   -0.0000    0.1101    0.2836
   20 H4     2pz       -0.1295   -0.0000   -0.2081   -0.0000   -0.0000   -0.0000    0.0000   -0.1214   -0.0000    0.0000
   21 H5     1s         0.6171    0.0000    5.9410   -0.0000    0.0000   -0.0000   -0.0000    0.5561    0.0000   -0.0000
   22 H5     2s         0.6876    0.0000    4.4063   -0.0000    0.0000   -0.0000   -0.0000    0.8385    0.0000   -0.0000
   23 H5     2px       -0.0000   -0.0988   -0.0000    0.0938   -0.0364   -0.1382    0.1230    0.0000   -0.2837    0.1101
   24 H5     2py       -0.0000    0.2545   -0.0000    0.0364    0.0938   -0.0536   -0.3168    0.0000   -0.1101   -0.2836
   25 H5     2pz        0.1295    0.0000   -0.2081    0.0000   -0.0000   -0.0000    0.0000    0.1214    0.0000    0.0000
   26 H6     1s        -0.6142    0.0000   -4.8251    0.0000   -0.0000    0.0000   -0.0000    2.5877   -0.0000   -0.0000
   27 H6     2s        -0.4199    0.0000   -3.1506    0.0000   -0.0000    0.0000   -0.0000    1.8968   -0.0000   -0.0000
   28 H6     2px       -0.0000   -0.0880   -0.0000    0.2446   -0.0949    0.1273    0.0150    0.0000   -0.4310    0.1673
   29 H6     2py       -0.0000    0.2267   -0.0000    0.0949    0.2446    0.0494   -0.0388    0.0000   -0.1673   -0.4310
   30 H6     2pz        0.1823    0.0000   -0.0902    0.0000   -0.0000    0.0000   -0.0000    0.4619    0.0000   -0.0000
   31 H7     1s         1.3462   -0.0000    5.5004   -0.0000    0.0000    0.0000    0.0000   -6.4171    0.0000    0.0000
   32 H7     2s         1.0270   -0.0000    4.3815   -0.0000    0.0000    0.0000    0.0000   -5.4019   -0.0000    0.0000
   33 H7     2px       -0.0000   -0.0653   -0.0000    0.2822   -0.1095    0.3206   -0.0996   -0.0000    0.0256   -0.0099
   34 H7     2py       -0.0000    0.1683   -0.0000    0.1095    0.2822    0.1244    0.2566   -0.0000    0.0100    0.0256
   35 H7     2pz        0.3537    0.0000    0.2537    0.0000    0.0000    0.0000   -0.0000   -0.0383   -0.0000   -0.0000
   36 H8     1s        -1.5053   -0.0000   -3.2737    0.0000   -0.0000   -0.0000   -0.0000    3.5198    0.0000   -0.0000
   37 H8     2s        -1.5638   -0.0000   -2.6312    0.0000   -0.0000   -0.0000   -0.0000    2.6553    0.0000   -0.0000
   38 H8     2px       -0.0000   -0.0440   -0.0000    0.2457   -0.0953    0.3549   -0.1505   -0.0000    0.5137   -0.1994
   39 H8     2py       -0.0000    0.1135   -0.0000    0.0953    0.2457    0.1378    0.3878   -0.0000    0.1994    0.5137
   40 H8     2pz        0.3092    0.0000    0.3256    0.0000    0.0000    0.0000    0.0000   -0.3001   -0.0000    0.0000
 
 
      Orbital               21        22        23        24        25        26        27        28        29        30
      Energy            1.2756    1.5525    1.6094    1.6865    1.9023    2.1629    2.1629    2.3406    2.7592    2.8780
      Occ. No.          0.0000    0.0000    0.0000    0.0000    0.0000    0.0000    0.0000    0.0000    0.0000    0.0000
 
    1 H1     1s        -2.6745   -0.0000   -0.0000    2.2614   -2.2710   -0.0000   -0.0000   -3.8264    3.7405    0.0000
    2 H1     2s        -1.6661   -0.0000   -0.0000    1.8064   -1.5834   -0.0000   -0.0000   -2.4588    1.9872    0.0000
    3 H1     2px       -0.0000    0.6284   -0.2340    0.0000    0.0000   -0.6317    0.2452   -0.0000   -0.0000    0.5721
    4 H1     2py       -0.0000    0.2439    0.6029    0.0000    0.0000   -0.2452   -0.6317   -0.0000   -0.0000    0.2220
    5 H1     2pz        0.2165   -0.0000    0.0000    0.6604    0.2864    0.0000   -0.0000   -1.1814    1.3133    0.0000
    6 H2     1s         9.4287    0.0000    0.0000   -2.9034    9.3360    0.0000    0.0000    8.8668   -8.3602   -0.0000
    7 H2     2s         7.0931    0.0000    0.0000   -2.8543    7.2651    0.0000    0.0000    6.3953   -5.1620   -0.0000
    8 H2     2px        0.0000   -0.3518    0.1524   -0.0000   -0.0000    0.8568   -0.3325    0.0000    0.0000   -1.1298
    9 H2     2py        0.0000   -0.1365   -0.3927   -0.0000   -0.0000    0.3325    0.8568    0.0000    0.0000   -0.4384
   10 H2     2pz        0.4003    0.0000    0.0000    0.0176    0.4210    0.0000   -0.0000    0.1976    0.0432   -0.0000
   11 H3     1s       -12.7649   -0.0000   -0.0000   -3.6290  -14.2827   -0.0000   -0.0000   -9.2016   10.8546    0.0000
   12 H3     2s        -9.5797   -0.0000   -0.0000   -1.9341  -11.2830   -0.0000   -0.0000   -7.1700    7.2434    0.0000
   13 H3     2px        0.0000   -0.5207    0.1858   -0.0000   -0.0000   -0.1403    0.0544   -0.0000   -0.0000    1.0924
   14 H3     2py        0.0000   -0.2021   -0.4787   -0.0000   -0.0000   -0.0544   -0.1403   -0.0000   -0.0000    0.4239
   15 H3     2pz        0.3596    0.0000   -0.0000   -0.1779    0.1576    0.0000    0.0000   -0.4726    0.5172    0.0000
   16 H4     1s         9.5254   -0.0000    0.0000   12.0273    7.0400    0.0000    0.0000    4.2225  -12.4059   -0.0000
   17 H4     2s         6.3392   -0.0000    0.0000    8.7639    5.6907    0.0000    0.0000    3.1196   -8.1833   -0.0000
   18 H4     2px        0.0000    0.3209   -0.1672    0.0000    0.0000   -0.7247    0.2813   -0.0000   -0.0000   -0.4174
   19 H4     2py        0.0000    0.1245    0.4308    0.0000    0.0000   -0.2813   -0.7247   -0.0000   -0.0000   -0.1620
   20 H4     2pz       -0.2363   -0.0000   -0.0000    0.3263   -0.6434   -0.0000   -0.0000    0.0060    0.1401   -0.0000
   21 H5     1s        -9.5254    0.0000    0.0000  -12.0273    7.0400    0.0000    0.0000    4.2225   12.4059    0.0000
   22 H5     2s        -6.3392    0.0000    0.0000   -8.7639    5.6907    0.0000    0.0000    3.1196    8.1833    0.0000
   23 H5     2px        0.0000    0.3209   -0.1672    0.0000   -0.0000    0.7247   -0.2813    0.0000   -0.0000   -0.4174
   24 H5     2py        0.0000    0.1245    0.4308    0.0000   -0.0000    0.2813    0.7247    0.0000   -0.0000   -0.1620
   25 H5     2pz       -0.2363   -0.0000    0.0000    0.3263    0.6434    0.0000    0.0000   -0.0060    0.1401   -0.0000
   26 H6     1s        12.7649    0.0000   -0.0000    3.6290  -14.2827   -0.0000   -0.0000   -9.2016  -10.8546   -0.0000
   27 H6     2s         9.5797    0.0000   -0.0000    1.9341  -11.2830   -0.0000   -0.0000   -7.1700   -7.2434   -0.0000
   28 H6     2px        0.0000   -0.5207    0.1858   -0.0000    0.0000    0.1403   -0.0544    0.0000   -0.0000    1.0924
   29 H6     2py        0.0000   -0.2021   -0.4787   -0.0000    0.0000    0.0544    0.1403    0.0000   -0.0000    0.4239
   30 H6     2pz        0.3596    0.0000    0.0000   -0.1779   -0.1576   -0.0000    0.0000    0.4726    0.5172    0.0000
   31 H7     1s        -9.4287   -0.0000    0.0000    2.9034    9.3360    0.0000    0.0000    8.8668    8.3602    0.0000
   32 H7     2s        -7.0931   -0.0000    0.0000    2.8543    7.2651    0.0000    0.0000    6.3953    5.1620    0.0000
   33 H7     2px        0.0000   -0.3518    0.1524   -0.0000    0.0000   -0.8568    0.3325   -0.0000    0.0000   -1.1298
   34 H7     2py        0.0000   -0.1365   -0.3927   -0.0000    0.0000   -0.3325   -0.8568   -0.0000    0.0000   -0.4384
   35 H7     2pz        0.4003    0.0000   -0.0000    0.0176   -0.4210   -0.0000   -0.0000   -0.1976    0.0432   -0.0000
   36 H8     1s         2.6745    0.0000   -0.0000   -2.2614   -2.2710   -0.0000   -0.0000   -3.8264   -3.7405   -0.0000
   37 H8     2s         1.6661    0.0000    0.0000   -1.8064   -1.5834   -0.0000   -0.0000   -2.4588   -1.9872   -0.0000
   38 H8     2px       -0.0000    0.6284   -0.2340    0.0000   -0.0000    0.6317   -0.2452    0.0000   -0.0000    0.5721
   39 H8     2py       -0.0000    0.2439    0.6029    0.0000   -0.0000    0.2452    0.6317    0.0000   -0.0000    0.2220
   40 H8     2pz        0.2165   -0.0000   -0.0000    0.6604   -0.2864   -0.0000    0.0000    1.1814    1.3133    0.0000
 
 
      Orbital               31        32        33        34        35        36        37        38        39        40
      Energy            2.8857    2.9268    3.5647    3.7018    3.7018    4.4358    5.3203    6.2721    7.0579    8.1713
      Occ. No.          0.0000    0.0000    0.0000    0.0000    0.0000    0.0000    0.0000    0.0000    0.0000    0.0000
 
    1 H1     1s         0.0000    3.5646   -3.1819    0.0000   -0.0000    3.1844   -2.6963   -2.2260   -1.0524    0.8039
    2 H1     2s         0.0000    2.4833   -1.2626    0.0000   -0.0000    0.8964   -0.3610   -0.0465    0.4780   -0.4577
    3 H1     2px       -0.2200   -0.0000    0.0000    0.1397   -0.3600   -0.0000   -0.0000   -0.0000    0.0000    0.0000
    4 H1     2py        0.5669   -0.0000    0.0000   -0.3600   -0.1397   -0.0000   -0.0000   -0.0000    0.0000    0.0000
    5 H1     2pz        0.0000    0.2584   -1.1564    0.0000   -0.0000    1.1173   -0.9750   -0.7787   -0.4067    0.2590
    6 H2     1s        -0.0000  -14.3314    5.5250   -0.0000    0.0000   -3.3999   -0.1597   -2.5396   -4.4317    3.4565
    7 H2     2s        -0.0000  -10.7551    2.6485   -0.0000    0.0000   -1.1999   -0.5512   -1.1157   -1.5473    0.6051
    8 H2     2px        0.4349    0.0000   -0.0000   -0.3353    0.8640    0.0000   -0.0000   -0.0000   -0.0000    0.0000
    9 H2     2py       -1.1206    0.0000   -0.0000    0.8640    0.3353    0.0000   -0.0000   -0.0000   -0.0000    0.0000
   10 H2     2pz       -0.0000   -0.5493   -0.6685   -0.0000   -0.0000    1.5122   -2.4222   -2.8992   -2.6462    2.0941
   11 H3     1s         0.0000   29.1250   -4.1941    0.0000   -0.0000   -1.0504    5.7909    4.7591    0.8755    2.8032
   12 H3     2s         0.0000   22.2587   -2.4070    0.0000   -0.0000   -0.2367    2.0298    1.2707    0.3064    0.4110
   13 H3     2px       -0.4250   -0.0000    0.0000    0.4957   -1.2773   -0.0000   -0.0000   -0.0000    0.0000    0.0000
   14 H3     2py        1.0950   -0.0000    0.0000   -1.2773   -0.4957   -0.0000   -0.0000   -0.0000    0.0000    0.0000
   15 H3     2pz        0.0000    0.5436    0.3930    0.0000    0.0000   -0.8026    0.0925   -1.8506   -3.9080    4.3845
   16 H4     1s        -0.0000  -39.5649    1.9240   -0.0000    0.0000    4.1874   -2.8845    3.7305    4.6446    0.7170
   17 H4     2s        -0.0000  -30.3145    0.9339   -0.0000    0.0000    1.5950   -1.1873    1.0389    0.7095   -0.1140
   18 H4     2px        0.1750    0.0000   -0.0000   -0.5834    1.5032    0.0000   -0.0000    0.0000    0.0000   -0.0000
   19 H4     2py       -0.4508    0.0000   -0.0000    1.5032    0.5834    0.0000   -0.0000    0.0000    0.0000   -0.0000
   20 H4     2pz        0.0000   -0.2137   -0.9953    0.0000   -0.0000    0.7865    1.1628    1.4391   -1.8763    5.8094
   21 H5     1s         0.0000   39.5649    1.9240    0.0000    0.0000   -4.1874   -2.8845   -3.7305    4.6446   -0.7170
   22 H5     2s         0.0000   30.3145    0.9339    0.0000    0.0000   -1.5950   -1.1873   -1.0389    0.7095    0.1140
   23 H5     2px        0.1750    0.0000    0.0000    0.5834   -1.5032    0.0000    0.0000    0.0000   -0.0000   -0.0000
   24 H5     2py       -0.4508    0.0000    0.0000   -1.5032   -0.5834    0.0000    0.0000    0.0000   -0.0000   -0.0000
   25 H5     2pz       -0.0000   -0.2137    0.9953   -0.0000    0.0000    0.7865   -1.1628    1.4391    1.8763    5.8094
   26 H6     1s        -0.0000  -29.1250   -4.1941   -0.0000   -0.0000    1.0504    5.7909   -4.7591    0.8755   -2.8032
   27 H6     2s        -0.0000  -22.2587   -2.4070   -0.0000   -0.0000    0.2367    2.0298   -1.2707    0.3064   -0.4110
   28 H6     2px       -0.4250   -0.0000   -0.0000   -0.4957    1.2773   -0.0000    0.0000   -0.0000   -0.0000    0.0000
   29 H6     2py        1.0950   -0.0000   -0.0000    1.2773    0.4957   -0.0000    0.0000   -0.0000   -0.0000    0.0000
   30 H6     2pz        0.0000    0.5436   -0.3930    0.0000   -0.0000   -0.8026   -0.0925   -1.8506    3.9080    4.3845
   31 H7     1s         0.0000   14.3314    5.5250    0.0000    0.0000    3.3999   -0.1597    2.5396   -4.4317   -3.4565
   32 H7     2s         0.0000   10.7551    2.6485   -0.0000    0.0000    1.1999   -0.5512    1.1157   -1.5473   -0.6051
   33 H7     2px        0.4349    0.0000    0.0000    0.3353   -0.8640    0.0000    0.0000   -0.0000    0.0000    0.0000
   34 H7     2py       -1.1206    0.0000    0.0000   -0.8640   -0.3353    0.0000    0.0000   -0.0000    0.0000    0.0000
   35 H7     2pz       -0.0000   -0.5493    0.6685   -0.0000    0.0000    1.5122    2.4222   -2.8992    2.6462    2.0941
   36 H8     1s        -0.0000   -3.5646   -3.1819    0.0000   -0.0000   -3.1844   -2.6963    2.2260   -1.0524   -0.8039
   37 H8     2s        -0.0000   -2.4833   -1.2626    0.0000   -0.0000   -0.8964   -0.3610    0.0465    0.4780    0.4577
   38 H8     2px       -0.2200   -0.0000   -0.0000   -0.1397    0.3600   -0.0000    0.0000   -0.0000   -0.0000    0.0000
   39 H8     2py        0.5669   -0.0000   -0.0000    0.3600    0.1397   -0.0000    0.0000   -0.0000   -0.0000    0.0000
   40 H8     2pz       -0.0000    0.2584    1.1564   -0.0000    0.0000    1.1173    0.9750   -0.7787    0.4067    0.2590
--
 
      Von Neumann Entropy (Root  1) =  0.34820
 

      Mulliken population analysis for root number:  1
      -----------------------------------------------
 
 
++    Molecular charges:
      ------------------
 
      Mulliken charges per centre and basis function type
      ---------------------------------------------------
 
                H1      H2      H3      H4      H5      H6      H7      H8    
      1s       1.2773  0.5773  1.0549  0.8785  0.8785  1.0549  0.5773  1.2773
      2s       0.0082  0.0357 -0.0613 -0.0119 -0.0119 -0.0613  0.0357  0.0082
      2px     -0.0000 -0.0000  0.0000  0.0015  0.0015  0.0000 -0.0000 -0.0000
      2pz      0.0367  0.0810  0.0686  0.0534  0.0534  0.0686  0.0810  0.0367
      2py     -0.0000 -0.0000  0.0000  0.0002  0.0002  0.0000 -0.0000 -0.0000
      Total    1.3223  0.6940  1.0622  0.9216  0.9216  1.0622  0.6940  1.3223
 
      N-E     -0.3223  0.3060 -0.0622  0.0784  0.0784 -0.0622  0.3060 -0.3223
 
      Total electronic charge=    8.000000
 
      Total            charge=   -0.000000
--
 
 

      Expectation values of various properties for root number:  1
      -----------------------------------------------------------
 
 
++    Molecular properties:
      ---------------------
 
      Charge (e):
                      =   -0.0000
      Dipole Moment (Debye):
      Origin of the operator (Ang)=    0.0000    0.0000    0.0000
                   X=  1.1280E-12               Y=  7.2021E-13               Z= -4.4453E-08           Total=  4.4453E-08
      Quadrupole Moment (Debye*Ang):
      Origin of the operator (Ang)=    0.0000    0.0000    2.6091
                  XX= -7.5920E+00              XY= -2.1787E-03              XZ= -2.1037E-09              YY= -7.5873E+00
                  YZ= -8.1530E-10              ZZ= -1.3806E+01
      In traceless form (Debye*Ang)
                  XX=  3.1046E+00              XY= -3.2681E-03              XZ= -3.1556E-09              YY=  3.1117E+00
                  YZ= -1.2229E-09              ZZ= -6.2163E+00
--
 

      LoProp population analysis for root number:  1
      -----------------------------------------------
 
 
++    LoProp analysis:
      ----------------
 
 
 
  Input file to MOLDEN was generated!
 
 
++    Static properties:
      ------------------
 
 
      LoProp Charges per center
 

                   H1       H2       H3       H4       H5       H6       H7       H8    
      Nuclear      1.0000   1.0000   1.0000   1.0000   1.0000   1.0000   1.0000   1.0000
      Electronic  -1.0863  -0.9633  -0.9772  -0.9732  -0.9732  -0.9772  -0.9633  -1.0863
 
      Total       -0.0863   0.0367   0.0228   0.0268   0.0268   0.0228   0.0367  -0.0863
--
 
 
      Natural Bond Order analysis for root number:  1
 
++    Natural Bond Order analysis
      ---------------------------
      Based on LoProp computed density
      -------------------------------------------------------------------------------------
      Atom A       Atom B       Bond Order | Atom A       Atom B       Bond Order
        H1           H2             0.933  |   H3           H4             0.895
        H7           H8             0.933  |   H5           H6             0.895
      -------------------------------------------------------------------------------------
      NBO located      7.311 electrons involved in    4 bonds.
      The remaining    0.689 electrons are to be considered as diffuse
--
 
--
 
 
  Input file to MOLDEN was generated!
 
      Average orbitals are written to the RASORB file
      Natural orbitals for root   1 are written to the RASORB.1 file
      Spin density orbitals for root   1 are written to the SPDORB.1 file
 
forrtl: warning (525): IEEE_DIVIDE_BY_ZERO is signaling
forrtl: warning (526): IEEE_INVALID is signaling
forrtl: warning (528): IEEE_UNDERFLOW is signaling
--- Stop Module: rasscf at Sun Oct 26 13:02:50 2025 /rc=_RC_ALL_IS_WELL_ ---
*** files: H8_0.75.LprOrb H8_0.75.rasscf.molden H8_0.75.LoProp.molden H8_0.75.RasOrb.1 H8_0.75.RasOrb H8_0.75.rasscf.h5 H8_0.75.SpdOrb.1 xmldump
    saved to directory /home/grierjones/DDCASPT2/hydrogen_comps/rerun/H8_chain/H8_0.75

>>> COPY /tmp/H8_0.75/H8_0.75.rasscf.h5 /home/grierjones/DDCASPT2/hydrogen_comps/rerun/H8_chain/H8_0.75/

>>> COPY /tmp/H8_0.75/GMJ_Fock_MO.csv /home/grierjones/DDCASPT2/hydrogen_comps/rerun/H8_chain/H8_0.75/H8_0.75.GMJ_Fock_MO.csv

*** symbolic link created: INPORB -> H8_0.75.RasOrb
--- Start Module: motra at Sun Oct 26 13:02:50 2025 ---
 
()()()()()()()()()()()()()()()()()()()()()()()()()()()()()()()()()()()()()()()()()()()()()()()()()()

                                               &MOTRA

                                   only a single process is used
                       available to each process: 2.0 GB of memory, 1 thread?
()()()()()()()()()()()()()()()()()()()()()()()()()()()()()()()()()()()()()()()()()()()()()()()()()()
 
 
      *** WARNING: Default frozen orbitals is overwritten by user input.
      *** Default values:   0
 
      Header of the integral files:
      
       Integrals generated by seward 4.2.0  , Sun Oct 26 13:02:49 2025
 
 
      Header of MO coefficients source file:
      * RASSCF average (pseudo-natural) orbitals                                      
 
 
      Cartesian coordinates in Angstrom:
      -----------------------------------------------------
      No.  Label        X            Y            Z        
      -----------------------------------------------------
       1   H1         0.00000000   0.00000000   0.00000000
       2   H2         0.00000000   0.00000000   0.74545500
       3   H3         0.00000000   0.00000000   1.49090900
       4   H4         0.00000000   0.00000000   2.23636400
       5   H5         0.00000000   0.00000000   2.98181800
       6   H6         0.00000000   0.00000000   3.72727300
       7   H7         0.00000000   0.00000000   4.47272700
       8   H8         0.00000000   0.00000000   5.21818200
      -----------------------------------------------------
      Nuclear repulsion energy =    9.75566771
 
      Orbital specifications:
      -----------------------
 
      Symmetry species:              1
      Number of basis functions:    40
      Frozen orbitals:               0
      Deleted orbitals:              0
      Number of orbitals used:      40

       SYMMETRY  BASIS FUNCTIONS       ORBITALS      INTEGRALS   CPU(SEC)  I/O(SEC)
        1 1 1 1   40  40  40  40    40  40  40  40      336610       0.00      0.00

       TOTAL CPU TIME(SEC)    0.21TOTAL I/O TIME(SEC)    0.49
 
--- Stop Module: motra at Sun Oct 26 13:02:51 2025 /rc=_RC_ALL_IS_WELL_ ---
*** files: xmldump
    saved to directory /home/grierjones/DDCASPT2/hydrogen_comps/rerun/H8_chain/H8_0.75

>>> COPY /tmp/H8_0.75/GMJ_one_int_indx.csv /home/grierjones/DDCASPT2/hydrogen_comps/rerun/H8_chain/H8_0.75/H8_0.75.GMJ_one_int_indx.csv

>>> COPY /tmp/H8_0.75/GMJ_one_int.csv /home/grierjones/DDCASPT2/hydrogen_comps/rerun/H8_chain/H8_0.75/H8_0.75.GMJ_one_int.csv

>>> COPY /tmp/H8_0.75/GMJ_two_int_indx.csv /home/grierjones/DDCASPT2/hydrogen_comps/rerun/H8_chain/H8_0.75/H8_0.75.GMJ_two_int_indx.csv

>>> COPY /tmp/H8_0.75/GMJ_two_int.csv /home/grierjones/DDCASPT2/hydrogen_comps/rerun/H8_chain/H8_0.75/H8_0.75.GMJ_two_int.csv

*** symbolic link created: INPORB -> H8_0.75.RasOrb
--- Start Module: caspt2 at Sun Oct 26 13:02:51 2025 ---
 
()()()()()()()()()()()()()()()()()()()()()()()()()()()()()()()()()()()()()()()()()()()()()()()()()()

                                              &CASPT2

                                   only a single process is used
                       available to each process: 2.0 GB of memory, 1 thread?
()()()()()()()()()()()()()()()()()()()()()()()()()()()()()()()()()()()()()()()()()()()()()()()()()()
 
 Cholesky algorithm in CASPT2 =    1
 
 ###############################################################################
 ###############################################################################
 ###                                                                         ###
 ###                                                                         ###
 ###    User changed nr of frozen orbitals.                                  ###
 ###                                                                         ###
 ###                                                                         ###
 ###############################################################################
 ###############################################################################
 
++    Wave function specifications:
      -----------------------------
 
      Number of closed shell electrons           0
      Number of electrons in active shells       8
      Max number of holes in RAS1 space          0
      Max number of electrons in RAS3 space      0
      Number of inactive orbitals                0
      Number of active orbitals                  8
      Number of secondary orbitals              32
      Spin quantum number                      0.0
      State symmetry                             1
      Number of CSFs                          1764
      Number of root(s) available                1
      Root passed to geometry opt.               1
      A file JOBMIX will be created.
      This is a CASSCF or RASSCF reference function
--
 
++    Orbital specifications:
      -----------------------
 
      Symmetry species                           1
                                                 a
      Frozen orbitals                            0
      Inactive orbitals                          0
      Active orbitals                            8
      Secondary orbitals                        32
      Deleted orbitals                           0
      Number of basis functions                 40
--
 
      Type of Fock operator: STANDARD
      Type of 0-order Hamiltonian: STANDARD WITH DEFAULT IPEA
        "IP-EA" denominator shift =      0.25
      The input orbitals and the CI vector will be transformed.
 
--------------------------------------------------------------------------------
 Estimated memory requirements:
  POLY3 :                   450746
  RHS:                      417296
  SIGMA :                   326032
  PRPCTL:                        0
 Available workspace:    230388092
 
++ CASPT2 computation for group   1
 
********************************************************************************
 Multi-State initialization phase begins for group   1
--------------------------------------------------------------------------------
********************************************************************************
 Compute H0 matrices for state    1
--------------------------------------------------------------------------------
--------------------------------------------------------------------------------
 H0 matrices have been computed.
 
********************************************************************************
  CASPT2 EQUATION SOLUTION
--------------------------------------------------------------------------------
 
  Total nr of CASPT2 parameters:
   Before reduction:       49280
   After  reduction:       48768
 
 The contributions to the second order correlation energy in atomic units.
-----------------------------------------------------------------------------------------------------------------------------
  IT.      VJTU        VJTI        ATVX        AIVX        VJAI        BVAT        BJAT        BJAI        TOTAL       RNORM  
-----------------------------------------------------------------------------------------------------------------------------
   1     0.000000    0.000000   -0.029518    0.000000    0.000000   -0.052274    0.000000    0.000000   -0.081792    0.005543
   2     0.000000    0.000000   -0.029830    0.000000    0.000000   -0.052396    0.000000    0.000000   -0.082226    0.000884
   3     0.000000    0.000000   -0.029842    0.000000    0.000000   -0.052403    0.000000    0.000000   -0.082245    0.000174
   4     0.000000    0.000000   -0.029833    0.000000    0.000000   -0.052402    0.000000    0.000000   -0.082235    0.000025
   5     0.000000    0.000000   -0.029833    0.000000    0.000000   -0.052402    0.000000    0.000000   -0.082234    0.000005
-------------------------------------------------------------------------------------------------------------------
 
  FINAL CASPT2 RESULT:
 
  Correlation energy /Case, /Symm, and sums:
 VJTU      0.00000000  0.00000000
 VJTIP     0.00000000  0.00000000
 VJTIM     0.00000000  0.00000000
 ATVX     -0.02983297 -0.02983297
 AIVX      0.00000000  0.00000000
 VJAIP     0.00000000  0.00000000
 VJAIM     0.00000000  0.00000000
 BVATP    -0.04736271 -0.04736271
 BVATM    -0.00503892 -0.00503892
 BJATP     0.00000000  0.00000000
 BJATM     0.00000000  0.00000000
 BJAIP     0.00000000  0.00000000
 BJAIM     0.00000000  0.00000000
 Summed:  -0.08223461 -0.08223461
 
      Reference energy:          -4.2503356207
      E2 (Non-variational):      -0.0822346082
      E2 (Variational):          -0.0822346151
      Total energy:              -4.3325702357
      Residual norm:              0.0000008709
      Reference weight:           0.97524
 
      Contributions to the CASPT2 correlation energy
      Active & Virtual Only:         -0.0822346082
      One Inactive Excited:           0.0000000000
      Two Inactive Excited:           0.0000000000
 
 
++ Denominators, etc.
----------------------------------------------------------------------------------------------------
 Report on small energy denominators, large coefficients, and large energy contributions.
CASE  SYMM ACTIVE-MIX  NON-ACTIVE INDICES          DENOMINATOR     RHS VALUE       COEFFICIENT     CONTRIBUTION
--
 
   (Skipping property calculation,
    use PROP keyword to activate)
--
 
  Total CASPT2 energies:
::    CASPT2 Root  1     Total energy:     -4.33257024
 
  A NEW JOBIPH FILE NAMED 'JOBMIX' IS PREPARED.
********************************************************************************
forrtl: warning (528): IEEE_UNDERFLOW is signaling
--- Stop Module: caspt2 at Sun Oct 26 13:02:52 2025 /rc=_RC_ALL_IS_WELL_ ---
*** files: xmldump
    saved to directory /home/grierjones/DDCASPT2/hydrogen_comps/rerun/H8_chain/H8_0.75

>>> EXPORT i = B

>>> EXPORT j = P

>>> IF (-FILE GMJ_e2_${i}_${j}_1_.csv)
(Skipped)

>>> END FOREACH

>>> EXPORT j = M

>>> IF (-FILE GMJ_e2_${i}_${j}_1_.csv)
(Skipped)

>>> END FOREACH

>>> END FOREACH

>>> EXPORT i = E

>>> EXPORT j = P

>>> IF (-FILE GMJ_e2_${i}_${j}_1_.csv)
(Skipped)

>>> END FOREACH

>>> EXPORT j = M

>>> IF (-FILE GMJ_e2_${i}_${j}_1_.csv)
(Skipped)

>>> END FOREACH

>>> END FOREACH

>>> EXPORT i = F

>>> EXPORT j = P

>>> IF (-FILE GMJ_e2_${i}_${j}_1_.csv)

>>> COPY /tmp/H8_0.75/GMJ_RHS_F_P_1_.csv /home/grierjones/DDCASPT2/hydrogen_comps/rerun/H8_chain/H8_0.75/GMJ_RHS_F_P_1_.csv

>>> COPY /tmp/H8_0.75/GMJ_IVECW_F_P_1_.csv /home/grierjones/DDCASPT2/hydrogen_comps/rerun/H8_chain/H8_0.75/GMJ_IVECW_F_P_1_.csv

>>> COPY /tmp/H8_0.75/GMJ_IVECX_F_P_1_.csv /home/grierjones/DDCASPT2/hydrogen_comps/rerun/H8_chain/H8_0.75/GMJ_IVECX_F_P_1_.csv

>>> COPY /tmp/H8_0.75/GMJ_IVECC2_F_P_1_.csv /home/grierjones/DDCASPT2/hydrogen_comps/rerun/H8_chain/H8_0.75/GMJ_IVECC2_F_P_1_.csv

>>> COPY /tmp/H8_0.75/GMJ_e2_F_P_1_.csv /home/grierjones/DDCASPT2/hydrogen_comps/rerun/H8_chain/H8_0.75/GMJ_e2_F_P_1_.csv

>>> END FOREACH

>>> EXPORT j = M

>>> IF (-FILE GMJ_e2_${i}_${j}_1_.csv)

>>> COPY /tmp/H8_0.75/GMJ_RHS_F_M_1_.csv /home/grierjones/DDCASPT2/hydrogen_comps/rerun/H8_chain/H8_0.75/GMJ_RHS_F_M_1_.csv

>>> COPY /tmp/H8_0.75/GMJ_IVECW_F_M_1_.csv /home/grierjones/DDCASPT2/hydrogen_comps/rerun/H8_chain/H8_0.75/GMJ_IVECW_F_M_1_.csv

>>> COPY /tmp/H8_0.75/GMJ_IVECX_F_M_1_.csv /home/grierjones/DDCASPT2/hydrogen_comps/rerun/H8_chain/H8_0.75/GMJ_IVECX_F_M_1_.csv

>>> COPY /tmp/H8_0.75/GMJ_IVECC2_F_M_1_.csv /home/grierjones/DDCASPT2/hydrogen_comps/rerun/H8_chain/H8_0.75/GMJ_IVECC2_F_M_1_.csv

>>> COPY /tmp/H8_0.75/GMJ_e2_F_M_1_.csv /home/grierjones/DDCASPT2/hydrogen_comps/rerun/H8_chain/H8_0.75/GMJ_e2_F_M_1_.csv

>>> END FOREACH

>>> END FOREACH

>>> EXPORT i = G

>>> EXPORT j = P

>>> IF (-FILE GMJ_e2_${i}_${j}_1_.csv)
(Skipped)

>>> END FOREACH

>>> EXPORT j = M

>>> IF (-FILE GMJ_e2_${i}_${j}_1_.csv)
(Skipped)

>>> END FOREACH

>>> END FOREACH

>>> EXPORT i = H

>>> EXPORT j = P

>>> IF (-FILE GMJ_e2_${i}_${j}_1_.csv)
(Skipped)

>>> END FOREACH

>>> EXPORT j = M

>>> IF (-FILE GMJ_e2_${i}_${j}_1_.csv)
(Skipped)

>>> END FOREACH

>>> END FOREACH

>>> EXPORT i = A

>>> IF (-FILE GMJ_e2_${i}_1_.csv)
(Skipped)

>>> END FOREACH

>>> EXPORT i = C

>>> IF (-FILE GMJ_e2_${i}_1_.csv)

>>> COPY /tmp/H8_0.75/GMJ_RHS_C_1_.csv /home/grierjones/DDCASPT2/hydrogen_comps/rerun/H8_chain/H8_0.75/GMJ_RHS_C_1_.csv

>>> COPY /tmp/H8_0.75/GMJ_IVECW_C_1_.csv /home/grierjones/DDCASPT2/hydrogen_comps/rerun/H8_chain/H8_0.75/GMJ_IVECW_C_1_.csv

>>> COPY /tmp/H8_0.75/GMJ_IVECX_C_1_.csv /home/grierjones/DDCASPT2/hydrogen_comps/rerun/H8_chain/H8_0.75/GMJ_IVECX_C_1_.csv

>>> COPY /tmp/H8_0.75/GMJ_IVECC2_C_1_.csv /home/grierjones/DDCASPT2/hydrogen_comps/rerun/H8_chain/H8_0.75/GMJ_IVECC2_C_1_.csv

>>> COPY /tmp/H8_0.75/GMJ_e2_C_1_.csv /home/grierjones/DDCASPT2/hydrogen_comps/rerun/H8_chain/H8_0.75/GMJ_e2_C_1_.csv

>>> END FOREACH

>>> EXPORT i = D

>>> IF (-FILE GMJ_e2_${i}_1_.csv)
(Skipped)

>>> END FOREACH

.########################.
.# Non-zero return code #.
.########################.

    Timing: Wall=3.58 User=2.68 System=0.88
***************************************
*** WorkDir at /tmp/H8_0.75 cleaned ***
***************************************
