   This run of MOLCAS is using the pymolcas driver

                             OPE
                             OPE          NMOL  CASOP  ENMOLC A   SO
                 OPE        NMOLC        AS  OP EN  MO LC     AS  OP
                OPENM       OL CA        SO  PE NM  OL CA     SOP EN
                OP EN      MO   LC       AS  OP ENMOL  CASO   PENMOL
                OP  EN     MO   LC       AS  OP EN     MO     LC ASO
               OP   E  NMOL  C  AS       OP  EN MO     LC     AS  OP
               OP  E   NMO   LC AS        OPEN  MO     LCASOP EN   M
               O  PEN   MO  LCA  SO
            OPE   NMO   L   CAS    OP
        OPENMOL  CASOP     ENMOL   CASOPE
     OPENMOLCA   SOPENMOLCASOPEN   MOLCASOPE
    OPENMOLCAS   OP           EN   MOL    CAS
    OPENMOLCAS       OP  ENM        O     LCA
    OPENMOLCAS    OPEN  MOLCASO     P  E  NMO
    OPENMOLCAS     OP               E  N  MOL
    OPENMOLCA   SO           PENM   O  L  CAS    OPEN    MO    LCAS
    OPENMOLCA   SOP           ENM   O  L  CAS   OP  EN  MOLC  AS   O
    OPENMOLCA   SOPE           NM      O  LCA   S      OP  EN MO
    OPENMOLC                AS         O  PEN   M      OL  CA  SOPE
    OPENMO        LCASOPE  NMOL        C  ASO   P      ENMOLC     AS
    OPE     NMO      LCA  SO     P     E   NM   OL  CA SO  PE N   MO
          OPENMOLCA            SOPE   NMO        LCAS  O    P  ENMO
     OPENMOLCASOPENMOLCASOPENMOLCASOPENMOLCA
        OPENMOLCASOPENMOLCASOPENMOLCASOPE
            OPENMOLCASOPENMOLCASOPENM
               OPENMOLCASOPENMOLCA        version: f37762c57
                   OPENMOLCASO
                       OPE                tag:

 OpenMolcas is free software; you can redistribute it and/or modify it
 under the terms of the GNU Lesser General Public License version 2.1.
 OpenMolcas is distributed in the hope that it will be useful, but it
 is provided "as is" and without any express or implied warranties.
 For more details see the full text of the license in the file
 LICENSE or in <http://www.gnu.org/licenses/>.

                 Copyright (C) The OpenMolcas Authors
           For the author list and the recommended citation,
                   consult the file CONTRIBUTORS.md

           *************************************************
           * pymolcas version py2.28                       *
           *   build c4a6d18ded8cb6cad61d2372a9abd97c      *
           *   (after the EMIL interpreter by V. Veryazov) *
           *************************************************

configuration info
------------------
C Compiler ID: Intel
C flags: -std=gnu99 -gcc-sys
Fortran Compiler ID: IntelLLVM
Fortran flags: -standard-semantics -fltconsistency -fpp -i8 -heap-arrays
Definitions: _MOLCAS_;_I8_;_LINUX_
Parallel: OFF (GA=OFF)


   --------------------------------------------------------------------------------------
  |
  |              Project: H8_2.08
  |       Submitted from: /home/grierjones/DDCASPT2/hydrogen_comps/rerun/H8_chain/H8_2.08
  |         Scratch area: /tmp/H8_2.08
  |      Save outputs to: /home/grierjones/DDCASPT2/hydrogen_comps/rerun/H8_chain/H8_2.08
  |               Molcas: /home/grierjones/Test/build
  |
  | Scratch area is empty
  |
  |       MOLCAS_DRIVER = /usr/local/pymolcas
  | MOLCAS_KEEP_WORKDIR = NO
  |  MOLCAS_NEW_WORKDIR = YES
  |       MOLCAS_NPROCS = 1
  |        MOLCAS_PRINT = NORMAL
  |       MOLCAS_SOURCE = /home/grierjones/Test
  |    MOLCAS_STRUCTURE = 0
  |
   --------------------------------------------------------------------------------------

++ ---------   Input file   ---------

&GATEWAY
coord=H8_2.08.xyz
Basis = ANO-RCC-VDZP
Group = nosymm
End of Input

&SEWARD
End of Input

&SCF

>>> COPY $WorkDir/H8_2.08.scf.h5 $CurrDir/

&RASSCF
Title= RASSCF
FileOrb
/home/grierjones/DDCASPT2/hydrogen_comps/rerun/H8_chain/H8_0.60/H8_0.60.RasOrb
NACTEL
8 0 0
Inactive
0
RAS2
8
Symmetry
1
Spin
1
orblisting
all

>>> COPY $WorkDir/H8_2.08.rasscf.h5 $CurrDir/

>>> COPY $WorkDir/GMJ_Fock_MO.csv $CurrDir/H8_2.08.GMJ_Fock_MO.csv

&MOTRA
Frozen=0
LUMORB

>>> COPY $WorkDir/GMJ_one_int_indx.csv $CurrDir/H8_2.08.GMJ_one_int_indx.csv

>>> COPY $WorkDir/GMJ_one_int.csv $CurrDir/H8_2.08.GMJ_one_int.csv

>>> COPY $WorkDir/GMJ_two_int_indx.csv $CurrDir/H8_2.08.GMJ_two_int_indx.csv

>>> COPY $WorkDir/GMJ_two_int.csv $CurrDir/H8_2.08.GMJ_two_int.csv

&CASPT2
Frozen
0

MAXITER
50

>>> FOREACH i IN (B,E,F,G,H)

  >>> FOREACH j IN (P,M)

    >>> IF (-FILE GMJ_e2_${i}_${j}_1_.csv)

      >>> COPY $WorkDir/GMJ_RHS_${i}_${j}_1_.csv $CurrDir/GMJ_RHS_${i}_${j}_1_.csv

      >>> COPY $WorkDir/GMJ_IVECW_${i}_${j}_1_.csv $CurrDir/GMJ_IVECW_${i}_${j}_1_.csv

      >>> COPY $WorkDir/GMJ_IVECX_${i}_${j}_1_.csv $CurrDir/GMJ_IVECX_${i}_${j}_1_.csv

      >>> COPY $WorkDir/GMJ_IVECC2_${i}_${j}_1_.csv $CurrDir/GMJ_IVECC2_${i}_${j}_1_.csv

      >>> COPY $WorkDir/GMJ_e2_${i}_${j}_1_.csv $CurrDir/GMJ_e2_${i}_${j}_1_.csv

    >>> END IF

  >>> END FOREACH

>>> END FOREACH

>>> FOREACH i IN (A,C,D)

  >>> IF (-FILE GMJ_e2_${i}_1_.csv)

    >>> COPY $WorkDir/GMJ_RHS_${i}_1_.csv $CurrDir/GMJ_RHS_${i}_1_.csv

    >>> COPY $WorkDir/GMJ_IVECW_${i}_1_.csv $CurrDir/GMJ_IVECW_${i}_1_.csv

    >>> COPY $WorkDir/GMJ_IVECX_${i}_1_.csv $CurrDir/GMJ_IVECX_${i}_1_.csv

    >>> COPY $WorkDir/GMJ_IVECC2_${i}_1_.csv $CurrDir/GMJ_IVECC2_${i}_1_.csv

    >>> COPY $WorkDir/GMJ_e2_${i}_1_.csv $CurrDir/GMJ_e2_${i}_1_.csv

  >>> END IF

>>> END FOREACH

-- ----------------------------------

--- Start Module: gateway at Sun Oct 26 13:31:01 2025 ---
 
()()()()()()()()()()()()()()()()()()()()()()()()()()()()()()()()()()()()()()()()()()()()()()()()()()

                                              &GATEWAY

                                   only a single process is used
                       available to each process: 2.0 GB of memory, 1 thread?
()()()()()()()()()()()()()()()()()()()()()()()()()()()()()()()()()()()()()()()()()()()()()()()()()()
 
 
++    Symmetry information:
      ---------------------
 
                    Character Table for C1 
 
                             E  
                    a        1  x, y, xy, Rz, z, xz, Ry, yz, Rx, I
--
 
 
++    Basis set information:
      ----------------------
 
 
      Basis set label: H.ANO-RCC...2S1P.
 
      Electronic valence basis set:
      ------------------
      Associated Effective Charge   1.000000 au
      Associated Actual Charge      1.000000 au
      Nuclear Model: Point charge
 
      Shell  nPrim  nBasis  Cartesian Spherical Contaminant
         s       8       2        X                  
         p       4       1        X                  
--
 
 
++    Molecular structure info:
      -------------------------
 
                    ************************************************ 
                    **** Cartesian Coordinates / Bohr, Angstrom **** 
                    ************************************************ 
 
     Center  Label                x              y              z                     x              y              z
        1      H1               0.000000       0.000000       0.000000              0.000000       0.000000       0.000000
        2      H2               0.000000       0.000000       3.928340              0.000000       0.000000       2.078788
        3      H3               0.000000       0.000000       7.856680              0.000000       0.000000       4.157576
        4      H4               0.000000       0.000000      11.785020              0.000000       0.000000       6.236364
        5      H5               0.000000       0.000000      15.713360              0.000000       0.000000       8.315152
        6      H6               0.000000       0.000000      19.641698              0.000000       0.000000      10.393939
        7      H7               0.000000       0.000000      23.570038              0.000000       0.000000      12.472727
        8      H8               0.000000       0.000000      27.498378              0.000000       0.000000      14.551515
 
                    *************************************** 
                    *    InterNuclear Distances / Bohr    * 
                    *************************************** 
 
               1 H1            2 H2            3 H3            4 H4            5 H5            6 H6    
    1 H1       0.000000
    2 H2       3.928340        0.000000
    3 H3       7.856680        3.928340        0.000000
    4 H4      11.785020        7.856680        3.928340        0.000000
    5 H5      15.713360       11.785020        7.856680        3.928340        0.000000
    6 H6      19.641698       15.713358       11.785018        7.856678        3.928338        0.000000
    7 H7      23.570038       19.641698       15.713358       11.785018        7.856678        3.928340
    8 H8      27.498378       23.570038       19.641698       15.713358       11.785018        7.856680
 
               7 H7            8 H8    
    7 H7       0.000000
    8 H8       3.928340        0.000000
 
                    ******************************************* 
                    *    InterNuclear Distances / Angstrom    * 
                    ******************************************* 
 
               1 H1            2 H2            3 H3            4 H4            5 H5            6 H6    
    1 H1       0.000000
    2 H2       2.078788        0.000000
    3 H3       4.157576        2.078788        0.000000
    4 H4       6.236364        4.157576        2.078788        0.000000
    5 H5       8.315152        6.236364        4.157576        2.078788        0.000000
    6 H6      10.393939        8.315151        6.236363        4.157575        2.078787        0.000000
    7 H7      12.472727       10.393939        8.315151        6.236363        4.157575        2.078788
    8 H8      14.551515       12.472727       10.393939        8.315151        6.236363        4.157576
 
               7 H7            8 H8    
    7 H7       0.000000
    8 H8       2.078788        0.000000
--
 
 
            Nuclear Potential Energy              3.49838818 au
 
--- Stop Module: gateway at Sun Oct 26 13:31:01 2025 /rc=_RC_ALL_IS_WELL_ ---
*** files: xmldump
    saved to directory /home/grierjones/DDCASPT2/hydrogen_comps/rerun/H8_chain/H8_2.08

--- Start Module: seward at Sun Oct 26 13:31:01 2025 ---
 
()()()()()()()()()()()()()()()()()()()()()()()()()()()()()()()()()()()()()()()()()()()()()()()()()()

                                              &SEWARD

                                   only a single process is used
                       available to each process: 2.0 GB of memory, 1 thread?
()()()()()()()()()()()()()()()()()()()()()()()()()()()()()()()()()()()()()()()()()()()()()()()()()()
 
               SEWARD will generate:
                  Multipole Moment integrals up to order  2
                  Kinetic Energy integrals
                  Nuclear Attraction integrals (point charge)
                  One-Electron Hamiltonian integrals
                  Velocity integrals
                  Relativistic Douglas-Kroll-Hess integrals:
                    - Parametrization         : EXP
                    - DKH order of Hamiltonian: 2
                    - DKH order of Properties : 0
                         - multipole moment operators
                         - electric potential operators
                         - contact operators
                  Atomic mean-field integrals
                  Two-Electron Repulsion integrals
 
                   Integrals are discarded if absolute value <: 0.10E-13
                   Integral cutoff threshold is set to       <: 0.10E-15
 
            Nuclear Potential Energy              3.49838818 au
 
 
      Basis set specifications :
      Symmetry species         a  
      Basis functions           40
 
 
  Input file to MOLDEN was generated!
 
forrtl: warning (525): IEEE_DIVIDE_BY_ZERO is signaling
forrtl: warning (526): IEEE_INVALID is signaling
forrtl: warning (528): IEEE_UNDERFLOW is signaling
--- Stop Module: seward at Sun Oct 26 13:31:02 2025 /rc=_RC_ALL_IS_WELL_ ---
*** files: H8_2.08.GssOrb H8_2.08.guessorb.h5 H8_2.08.guessorb.molden xmldump
    saved to directory /home/grierjones/DDCASPT2/hydrogen_comps/rerun/H8_chain/H8_2.08

*** symbolic link created: INPORB -> H8_2.08.GssOrb
--- Start Module: scf at Sun Oct 26 13:31:02 2025 ---
 
()()()()()()()()()()()()()()()()()()()()()()()()()()()()()()()()()()()()()()()()()()()()()()()()()()

                                                &SCF

                                   only a single process is used
                       available to each process: 2.0 GB of memory, 1 thread?
()()()()()()()()()()()()()()()()()()()()()()()()()()()()()()()()()()()()()()()()()()()()()()()()()()
 
++    Input section:
      --------------
 
      Header of the integral files:
      
       Integrals generated by seward 4.2.0  , Sun Oct 26 13:31:02 2025
 
 
      Cartesian coordinates in Angstrom:
      -----------------------------------------------------
      No.  Label        X            Y            Z        
      -----------------------------------------------------
       1   H1         0.00000000   0.00000000   0.00000000
       2   H2         0.00000000   0.00000000   2.07878800
       3   H3         0.00000000   0.00000000   4.15757600
       4   H4         0.00000000   0.00000000   6.23636400
       5   H5         0.00000000   0.00000000   8.31515200
       6   H6         0.00000000   0.00000000  10.39393900
       7   H7         0.00000000   0.00000000  12.47272700
       8   H8         0.00000000   0.00000000  14.55151500
      -----------------------------------------------------
      Nuclear repulsion energy =    3.49838818
--
 
++    Orbital specifications:
      -----------------------
 
      Symmetry species               1
                                     a
      Frozen orbitals                0
      Occupied orbitals              4
      Secondary orbitals            36
      Deleted orbitals               0
      Total number of orbitals      40
      Number of basis functions     40
--
 
      Molecular charge                           0.000
 
++    Optimization specifications:
      ----------------------------
 
      SCF Algorithm: Conventional
      Minimized density differences are used
      Number of density matrices in core                5
      Maximum number of NDDO SCF iterations           400
      Maximum number of HF SCF iterations             400
      Threshold for SCF energy change            0.10E-08
      Threshold for density matrix               0.10E-03
      Threshold for Fock matrix                  0.15E-03
      Threshold for linear dependence            0.10E-08
      Threshold at which DIIS is turned on       0.15E+00
      Threshold at which QNR/C2DIIS is turned on 0.75E-01
      Threshold for Norm(delta) (QNR/C2DIIS)     0.20E-04
      DIIS extrapolation of the SCF procedure
      All orbitals punched on: SCFORB
--
 
      Input vectors read from INPORB
      Orbital file label: *Guess orbitals
 
 
++ Convergence information
                                   SCF        iterations: Energy and convergence statistics
 
Iter     Tot. SCF        One-elec.       Two-elec.     Energy      Max Dij or  Max Fij      DNorm      TNorm      AccCon     Time
         Energy          Energy          Energy        Change      Delta Norm                                                in Sec.
   1    -3.467218922   -11.242921417     4.277314313   0.00E+00    0.33E+00*   0.11E+00*    0.41E+01   0.86E+01   None         0.
   2    -3.644090699   -11.210926096     4.068447214  -0.18E+00*   0.12E+00*   0.20E-01*    0.13E+01   0.84E+01   EDIIS        0.
   3    -3.653448903   -11.152497564     4.000660478  -0.94E-02*   0.64E-01*   0.84E-02*    0.27E+00   0.83E+01   EDIIS        0.
   4    -3.655161826   -11.152736309     3.999186300  -0.17E-02*   0.32E-01*   0.62E-02*    0.12E+00   0.83E+01   c2DIIS       0.
   5    -3.655863564   -11.145453335     3.991201587  -0.70E-03*   0.93E-02*   0.18E-02*    0.24E-01   0.83E+01   QNRc2DIIS    0.
   6    -3.655939654   -11.147871450     3.993543613  -0.76E-04*   0.11E-01*   0.86E-03*    0.42E-02   0.83E+01   QNRc2DIIS    0.
   7    -3.655974170   -11.146964241     3.992601888  -0.35E-04*   0.52E-03*   0.75E-04     0.30E-02   0.83E+01   QNRc2DIIS    0.
   8    -3.655974300   -11.146699745     3.992337263  -0.13E-06*   0.14E-03*   0.44E-04     0.84E-03   0.83E+01   QNRc2DIIS    0.
   9    -3.655974322   -11.146681714     3.992319210  -0.22E-07*   0.20E-04*   0.33E-05     0.11E-03   0.83E+01   QNRc2DIIS    0.
  10    -3.655974322   -11.146681939     3.992319433  -0.31E-09    0.74E-05    0.11E-05     0.36E-04   0.83E+01   QNRc2DIIS    0.
 
       Convergence after 10 Macro Iterations
--
 
 *****************************************************************************************************************************
 *                                                                                                                           *
 *                                             SCF/KS-DFT Program, Final results                                             *
 *                                                                                                                           *
 *                                                                                                                           *
 *                                                                                                                           *
 *                                                       Final Results                                                       *
 *                                                                                                                           *
 *****************************************************************************************************************************
 
::    Total SCF energy                                 -3.6559743222
      One-electron energy                             -11.1466819385
      Two-electron energy                               3.9923194334
      Nuclear repulsion energy                          3.4983881828
      Kinetic energy (interpolated)                     2.7048567642
      Virial theorem                                    1.3516332438
      Total spin, S(S+1)                                0.0000000000
      Total spin, S                                     0.0000000000
      Max non-diagonal density matrix element           0.0000108367
      Max non-diagonal Fock matrix element              0.0000006077
 
 
      All orbitals with orbital energies smaller than  E(LUMO)+0.5 are printed
 
++    Molecular orbitals:
      -------------------
 
      Title: SCF orbitals

      Molecular orbitals for symmetry species 1: a  
 
          Orbital            1         2         3         4         5         6         7         8         9        10    
          Energy           -0.4378   -0.4165   -0.3830   -0.3437   -0.1340   -0.0792   -0.0213    0.0260    0.3173    0.3369
          Occ. No.          2.0000    2.0000    2.0000    2.0000    0.0000    0.0000    0.0000    0.0000    0.0000    0.0000
 
        1 H1     1s         0.1540   -0.2914    0.3774   -0.3232    0.4042   -0.5383    0.4746   -0.2752   -0.1207    0.1671
        2 H1     2s         0.0199   -0.0410    0.0615   -0.0619    0.1345   -0.2019    0.1957   -0.1197    0.2525   -0.4333
        3 H1     2px        0.0000   -0.0000    0.0000   -0.0000    0.0000    0.0000   -0.0000    0.0000   -0.0000   -0.0000
        4 H1     2py        0.0000   -0.0000    0.0000   -0.0000   -0.0000    0.0000   -0.0000    0.0000    0.0000   -0.0000
        5 H1     2pz        0.0081   -0.0134    0.0139   -0.0091   -0.0026    0.0119   -0.0215    0.0195   -0.0284    0.0410
        6 H2     1s         0.2236   -0.3740    0.3881   -0.2443   -0.1926    0.4929   -0.6528    0.4721   -0.1732    0.1972
        7 H2     2s         0.0249   -0.0606    0.0927   -0.0799   -0.0569    0.1861   -0.2635    0.1893    0.1993   -0.2554
        8 H2     2px        0.0000    0.0000    0.0000   -0.0000   -0.0000    0.0000   -0.0000   -0.0000   -0.0000   -0.0000
        9 H2     2py        0.0000   -0.0000    0.0000    0.0000   -0.0000    0.0000    0.0000    0.0000   -0.0000   -0.0000
       10 H2     2pz        0.0002    0.0045   -0.0130    0.0156   -0.0211    0.0196   -0.0013   -0.0118    0.0057   -0.0205
       11 H3     1s         0.3364   -0.2887   -0.1295    0.4125   -0.4773    0.1100    0.5411   -0.6397   -0.1911    0.1482
       12 H3     2s         0.0461   -0.0348   -0.0448    0.1075   -0.1635    0.0351    0.2168   -0.2525    0.2526   -0.2178
       13 H3     2px        0.0000    0.0000    0.0000   -0.0000   -0.0000   -0.0000    0.0000    0.0000   -0.0000   -0.0000
       14 H3     2py        0.0000   -0.0000   -0.0000    0.0000    0.0000   -0.0000   -0.0000    0.0000    0.0000   -0.0000
       15 H3     2pz        0.0069    0.0008   -0.0132    0.0124    0.0151   -0.0256    0.0098    0.0142   -0.0084   -0.0074
       16 H4     1s         0.3636   -0.1834   -0.2841    0.3716    0.3905   -0.4625   -0.2464    0.7151   -0.2020    0.0402
       17 H4     2s         0.0452   -0.0424   -0.0463    0.1030    0.1297   -0.1808   -0.0960    0.2822    0.2629   -0.0751
       18 H4     2px        0.0000   -0.0000    0.0000   -0.0000    0.0000    0.0000    0.0000   -0.0000   -0.0000   -0.0000
       19 H4     2py        0.0000    0.0000    0.0000    0.0000    0.0000    0.0000    0.0000    0.0000    0.0000    0.0000
       20 H4     2pz       -0.0037    0.0108   -0.0017   -0.0157    0.0212    0.0070   -0.0270    0.0018    0.0032   -0.0187
       21 H5     1s         0.3636    0.1834   -0.2841   -0.3716    0.3905    0.4625   -0.2464   -0.7151   -0.2020   -0.0402
       22 H5     2s         0.0452    0.0424   -0.0463   -0.1030    0.1297    0.1808   -0.0960   -0.2822    0.2629    0.0751
       23 H5     2px       -0.0000   -0.0000   -0.0000    0.0000    0.0000   -0.0000    0.0000   -0.0000    0.0000    0.0000
       24 H5     2py       -0.0000    0.0000    0.0000   -0.0000    0.0000    0.0000    0.0000   -0.0000    0.0000   -0.0000
       25 H5     2pz        0.0037    0.0108    0.0017   -0.0157   -0.0212    0.0070    0.0270    0.0018   -0.0032   -0.0187
       26 H6     1s         0.3364    0.2887   -0.1295   -0.4125   -0.4773   -0.1100    0.5411    0.6397   -0.1911   -0.1482
       27 H6     2s         0.0461    0.0348   -0.0448   -0.1075   -0.1635   -0.0351    0.2168    0.2525    0.2526    0.2178
       28 H6     2px        0.0000    0.0000    0.0000    0.0000   -0.0000    0.0000   -0.0000    0.0000   -0.0000    0.0000
       29 H6     2py       -0.0000   -0.0000    0.0000   -0.0000   -0.0000   -0.0000    0.0000   -0.0000    0.0000    0.0000
       30 H6     2pz       -0.0069    0.0008    0.0132    0.0124   -0.0151   -0.0256   -0.0098    0.0142    0.0084   -0.0074
       31 H7     1s         0.2236    0.3740    0.3881    0.2443   -0.1926   -0.4929   -0.6528   -0.4721   -0.1732   -0.1972
       32 H7     2s         0.0249    0.0606    0.0927    0.0799   -0.0569   -0.1861   -0.2635   -0.1893    0.1993    0.2554
       33 H7     2px        0.0000   -0.0000    0.0000   -0.0000   -0.0000   -0.0000    0.0000    0.0000    0.0000    0.0000
       34 H7     2py        0.0000    0.0000    0.0000   -0.0000    0.0000    0.0000    0.0000   -0.0000   -0.0000    0.0000
       35 H7     2pz       -0.0002    0.0045    0.0130    0.0156    0.0211    0.0196    0.0013   -0.0118   -0.0057   -0.0205
       36 H8     1s         0.1540    0.2914    0.3774    0.3232    0.4042    0.5383    0.4746    0.2752   -0.1207   -0.1671
       37 H8     2s         0.0199    0.0410    0.0615    0.0619    0.1345    0.2019    0.1957    0.1197    0.2525    0.4333
       38 H8     2px       -0.0000   -0.0000   -0.0000    0.0000   -0.0000    0.0000    0.0000    0.0000    0.0000   -0.0000
       39 H8     2py        0.0000    0.0000    0.0000    0.0000    0.0000    0.0000   -0.0000   -0.0000    0.0000    0.0000
       40 H8     2pz       -0.0081   -0.0134   -0.0139   -0.0091    0.0026    0.0119    0.0215    0.0195    0.0284    0.0410
--
 
 
++    Molecular charges:
      ------------------
 
      Mulliken charges per centre and basis function type
      ---------------------------------------------------
 
                H1      H2      H3      H4      H5      H6      H7      H8    
      1s       0.8821  0.9637  0.9309  0.9373  0.9373  0.9309  0.9637  0.8821
      2s       0.0619  0.0718  0.0561  0.0592  0.0592  0.0561  0.0718  0.0619
      2px      0.0000  0.0000  0.0000  0.0000  0.0000  0.0000  0.0000  0.0000
      2pz      0.0079  0.0099  0.0095  0.0095  0.0095  0.0095  0.0099  0.0079
      2py      0.0000  0.0000  0.0000  0.0000  0.0000  0.0000  0.0000  0.0000
      Total    0.9519  1.0455  0.9965  1.0061  1.0061  0.9965  1.0455  0.9519
 
      N-E      0.0481 -0.0455  0.0035 -0.0061 -0.0061  0.0035 -0.0455  0.0481
 
      Total electronic charge=    8.000000
 
      Total            charge=   -0.000000
--
 
 
  Input file to MOLDEN was generated!
 
 
++    Static properties:
      ------------------
 
 
      LoProp Charges per center
 

                   H1       H2       H3       H4       H5       H6       H7       H8    
      Nuclear      1.0000   1.0000   1.0000   1.0000   1.0000   1.0000   1.0000   1.0000
      Electronic  -0.9748  -1.0206  -0.9986  -1.0060  -1.0060  -0.9986  -1.0206  -0.9748
 
      Total        0.0252  -0.0206   0.0014  -0.0060  -0.0060   0.0014  -0.0206   0.0252
--
 
 
++    Natural Bond Order analysis
      ---------------------------
      Based on LoProp computed density
      -------------------------------------------------------------------------------------
      Atom A       Atom B       Bond Order
      -------------------------------------------------------------------------------------
      NBO located      0.954 non-bonded electrons on atom H1        
      NBO located      1.008 non-bonded electrons on atom H3        
      NBO located      1.016 non-bonded electrons on atom H4        
      NBO located      1.016 non-bonded electrons on atom H5        
      NBO located      1.008 non-bonded electrons on atom H6        
      NBO located      0.954 non-bonded electrons on atom H8        
      The remaining    2.043 electrons are to be considered as diffuse
--
 
 
++    Molecular properties:
      ---------------------
 
      Charge (e):
                      =   -0.0000
      Dipole Moment (Debye):
      Origin of the operator (Ang)=    0.0000    0.0000    0.0000
                   X= -5.5291E-14               Y= -1.0404E-13               Z= -1.1360E-07           Total=  1.1360E-07
      Quadrupole Moment (Debye*Ang):
      Origin of the operator (Ang)=    0.0000    0.0000    7.2758
                  XX= -1.7058E+01              XY= -2.9855E-28              XZ=  4.1414E-13              YY= -1.7058E+01
                  YZ=  6.9237E-13              ZZ=  4.2319E-01
      In traceless form (Debye*Ang)
                  XX= -8.7404E+00              XY= -4.4783E-28              XZ=  6.2121E-13              YY= -8.7404E+00
                  YZ=  1.0386E-12              ZZ=  1.7481E+01
--
 
 
  Input file to MOLDEN was generated!
 
 ###############################################################################
 ###############################################################################
 ###                                                                         ###
 ###                                                                         ###
 ###    RunFile label nBas                                                   ###
 ###    was used       78 times                                              ###
 ###                                                                         ###
 ###                                                                         ###
 ###############################################################################
 ###############################################################################
forrtl: warning (528): IEEE_UNDERFLOW is signaling
--- Stop Module: scf at Sun Oct 26 13:31:03 2025 /rc=_RC_ALL_IS_WELL_ ---
*** files: H8_2.08.LprOrb H8_2.08.LoProp.molden H8_2.08.scf.molden H8_2.08.ScfOrb H8_2.08.scf.h5 xmldump
    saved to directory /home/grierjones/DDCASPT2/hydrogen_comps/rerun/H8_chain/H8_2.08

>>> COPY /tmp/H8_2.08/H8_2.08.scf.h5 /home/grierjones/DDCASPT2/hydrogen_comps/rerun/H8_chain/H8_2.08/

*** symbolic link created: INPORB -> H8_2.08.ScfOrb
--- Start Module: rasscf at Sun Oct 26 13:31:03 2025 ---
 
()()()()()()()()()()()()()()()()()()()()()()()()()()()()()()()()()()()()()()()()()()()()()()()()()()

                                              &RASSCF

                                   only a single process is used
                       available to each process: 2.0 GB of memory, 1 thread?
()()()()()()()()()()()()()()()()()()()()()()()()()()()()()()()()()()()()()()()()()()()()()()()()()()
 
 
      Header of the ONEINT file:
      --------------------------
      
      Integrals generated by seward 4.2.0  , Sun Oct 26 13:31:02 2025
 
 
      OrdInt status: non-squared
 
 
      Cartesian coordinates in Angstrom:
      -----------------------------------------------------
      No.  Label        X            Y            Z        
      -----------------------------------------------------
       1   H1         0.00000000   0.00000000   0.00000000
       2   H2         0.00000000   0.00000000   2.07878800
       3   H3         0.00000000   0.00000000   4.15757600
       4   H4         0.00000000   0.00000000   6.23636400
       5   H5         0.00000000   0.00000000   8.31515200
       6   H6         0.00000000   0.00000000  10.39393900
       7   H7         0.00000000   0.00000000  12.47272700
       8   H8         0.00000000   0.00000000  14.55151500
      -----------------------------------------------------
      Nuclear repulsion energy =    3.49838818
 
++    Wave function specifications:
      -----------------------------
 
      Number of closed shell electrons           0
      Number of electrons in active shells       8
      Max number of holes in RAS1 space          0
      Max nr of electrons in RAS3 space          0
      Number of inactive orbitals                0
      Number of active orbitals                  8
      Number of secondary orbitals              32
      Spin quantum number                      0.0
      State symmetry                             1
--
 
++    Orbital specifications:
      -----------------------
 
      Symmetry species                           1
                                                 a
      Frozen orbitals                            0
      Inactive orbitals                          0
      Active orbitals                            8
      RAS1 orbitals                              0
      RAS2 orbitals                              8
      RAS3 orbitals                              0
      Secondary orbitals                        32
      Deleted orbitals                           0
      Number of basis functions                 40
--
 
++    CI expansion specifications:
      ----------------------------
 
      Number of CSFs                          1764
      Number of determinants                  2485
      Number of root(s) required                 1
      Root chosen for geometry opt.              1
      CI root used                               1
         
      highest root included in the CI            1
      max. size of the explicit Hamiltonian    200
--
 
++    Optimization specifications:
      ----------------------------
 
      RASSCF algorithm: Conventional
      Maximum number of macro iterations       200
      Maximum number of SX iterations          100
      Threshold for RASSCF energy            0.100E-07
      Threshold for max MO rotation          0.100E+00
      Threshold for max BLB element          0.100E-03
      Level shift parameter                  0.500E+00
      Make Quasi-Newton update
--
 
      The MO-coefficients are taken from the file:
      /home/grierjones/DDCASPT2/hydrogen_comps/rerun/H8_chain/H8_0.60/H8_0.60.RasOrb                                                  
      Title: RASSCF average (pseudo-natural) orbitals                                      
 
      Total molecular charge    0.00
 
      ************************************************************************************************************************
      *                                                                                                                      *
      *                                            Wave function control section                                             *
      *                                                                                                                      *
      ************************************************************************************************************************
 
 
                                         RASSCF iterations: Energy and convergence statistics
                                         ----------------------------------------------------
 
      Iter CI   SX   CI       RASSCF       Energy    max ROT     max BLB   max BLB  Level Ln srch  Step   QN   Walltime
          iter iter root      energy       change     param      element    value   shift minimum  type update hh:mm:ss
 Nr of preliminary CI iterations:   9
        1   1  100    1    -2.71730306    0.00E+00  -0.23E+00*   3  18 1  0.32E+00*  0.42   0.00    SX    NO    0:00:00
        2   7  100    1    -3.36922927   -0.65E+00*  0.50E+00*   3  18 1  0.23E+00*  0.31   0.00    SX    NO    0:00:00
        3   7  100    1    -3.70694077   -0.34E+00*  0.39E+00*   2  10 1  0.18E+00*  0.18   0.00    SX    NO    0:00:00
        4   6   83    1    -3.83279769   -0.13E+00* -0.20E+00*   2  10 1  0.74E-01*  0.17   0.00    SX    NO    0:00:00
        5   6   98    1    -3.86761083   -0.35E-01* -0.14E+00*   8  15 1  0.32E-01*  0.15   2.50    LS   YES    0:00:00
        6   9  100    1    -3.90242702   -0.35E-01* -0.23E+00*   8  15 1  0.51E-01*  0.15   1.70    QN   YES    0:00:00
        7   5  100    1    -3.89935195    0.31E-02*  0.64E-01    2  10 1 -0.84E-01*  0.16   0.48    LS   YES    0:00:00
        8   9  100    1    -3.91413843   -0.15E-01* -0.64E-01    2  10 1 -0.70E-01*  0.16   1.82    QN   YES    0:00:00
        9   5   38    1    -3.93230568   -0.18E-01* -0.53E-01    2  10 1 -0.36E-01*  0.15   1.64    SX   YES    0:00:00
       10   5   25    1    -3.94272483   -0.10E-01* -0.25E-01    2  10 1 -0.13E-01*  0.15   1.51    LS   YES    0:00:00
       11   4   27    1    -3.94416094   -0.14E-02* -0.15E-01    2  12 1  0.42E-02*  0.15   1.12    QN   YES    0:00:00
       12   8   27    1    -3.94446519   -0.30E-03* -0.35E-01    8   9 1 -0.13E-02*  0.15   1.32    QN   YES    0:00:00
       13   9   27    1    -3.94467119   -0.21E-03* -0.17E+00*   3  15 1 -0.16E-02*  0.14   2.50    QN   YES    0:00:00
       14  11   31    1    -3.94604924   -0.14E-02* -0.14E+00*   2  12 1 -0.85E-02*  0.07   2.50    LS   YES    0:00:00
       15   6  100    1    -3.94892936   -0.29E-02*  0.57E+00*   2  12 1 -0.16E-01*  0.00   2.50    LS   YES    0:00:00
       16  13  100    1    -4.02269454   -0.74E-01*  0.91E-01    7  10 1  0.30E-01*  0.00   0.00    SX    NO    0:00:00
       17   4   15    1    -4.04325094   -0.21E-01*  0.14E-01    2  37 1  0.61E-02*  0.00   1.08    QN   YES    0:00:00
       18   8   13    1    -4.04403379   -0.78E-03* -0.23E-02    2  10 1  0.25E-02*  0.00   1.02    QN   YES    0:00:00
       19   8   11    1    -4.04409206   -0.58E-04*  0.36E-03    1  10 1  0.32E-03*  0.00   1.04    QN   YES    0:00:00
       20   8   10    1    -4.04409482   -0.28E-05* -0.18E-03    7  24 1  0.80E-04   0.00   1.04    QN   YES    0:00:00
       21   9    8    1    -4.04409502   -0.21E-06* -0.31E-04    2  10 1 -0.26E-04   0.00   0.98    QN   YES    0:00:00
       22   2    6    1    -4.04409503   -0.73E-08  -0.52E-05    3  15 1  0.47E-05   0.00   0.98    QN   YES    0:00:00
      Convergence after 22 iterations
 
  Dmat in MO in SXCTL bf call to SXHAM                                                                                    
  mat. size =     8x    8
 
        1.5672221348578379
        0.0131196973834227      1.4695410240539706
       -0.0367534235361079      0.0056893705165734      1.3860303612499212
       -0.0076264957167397     -0.0407439515363849     -0.0103284978012190      1.3181393658330871
       -0.0288325893538698      0.0006087838902832      0.0880345648805404      0.0326353028306148      0.4650116820807352
       -0.0078421622143354      0.2682586057567604     -0.0104838084128228     -0.0107135281579901      0.0343128824698874
        0.5094533110030315
       -0.0086321040523635      0.0000996364373776     -0.2030631179804189     -0.0118463069409062     -0.0164582197916602
       -0.0111191114346416      0.7485500912980217
        0.1880060625576345     -0.0729949579301011      0.0743421602201645      0.0476720728864675      0.0259998406011563
        0.0499510040124467      0.0158614393356441      0.5360520296233762
       23   1    6    1    -4.04409503   -0.17E-09  -0.52E-05    4  21 1 -0.12E-05   0.00   0.98    QN   YES    0:00:00
 
      ************************************************************************************************************************
                                                      Wave function printout:
                       occupation of active orbitals, and spin coupling of open shells (u,d: Spin up or down)
      ************************************************************************************************************************
 
      Note: transformation to natural orbitals
      has been made, which may change the order of the CSFs.
 
      printout of CI-coefficients larger than  0.05 for root  1
      energy=      -4.044095
      conf/sym  11111111     Coeff  Weight
             1  22220000   0.52343 0.27398
            23  22200020  -0.24650 0.06076
            27  22200002  -0.06334 0.00401
            29  22udud00  -0.05242 0.00275
            34  22udu00d   0.05378 0.00289
            36  22ud00ud  -0.24527 0.06016
            41  2u2du0d0   0.19070 0.03637
            45  2u2d0u0d   0.07461 0.00557
            47  2u2d0002  -0.07435 0.00553
            52  u22d0ud0   0.20168 0.04067
            54  u22du00d   0.09950 0.00990
            58  22022000  -0.05670 0.00321
            61  2202u0d0   0.07392 0.00546
            63  22020020  -0.06755 0.00456
            67  22020002  -0.14407 0.02076
            72  2ud20ud0   0.10007 0.01001
            74  2ud2u00d   0.18371 0.03375
            76  2ud200ud  -0.05821 0.00339
            78  u2d22000  -0.05141 0.00264
            81  u2d2u0d0   0.07963 0.00634
            85  u2d20u0d   0.14148 0.02002
            88  20222000  -0.10583 0.01120
            95  20220u0d   0.05204 0.00271
            97  20220002  -0.06118 0.00374
            99  ud22ud00  -0.13276 0.01763
           102  ud220ud0  -0.05027 0.00253
           106  ud2200ud  -0.06004 0.00361
           110  02220200  -0.09842 0.00969
           123  22uu00dd   0.07084 0.00502
           125  2u2ud0d0   0.06891 0.00475
           132  u22u0dd0   0.07810 0.00610
           573  22000022   0.11917 0.01420
           586  2ud0u02d   0.12269 0.01505
           607  u2d00u2d   0.10195 0.01039
           617  20202020   0.08147 0.00664
           638  ud20ud20   0.07836 0.00614
           659  02200220   0.07171 0.00514
           691  2u0du0d2   0.09706 0.00942
           712  u20d0ud2   0.08104 0.00657
           722  20ud20ud   0.07361 0.00542
           743  udududud   0.10666 0.01138
           764  02ud02ud   0.06121 0.00375
           785  uudduudd   0.10792 0.01165
           795  u02d2ud0   0.06158 0.00379
           816  0u2du2d0   0.06070 0.00368
           848  20022002   0.06400 0.00410
           869  ud02ud02   0.05573 0.00311
           900  u0d22u0d   0.05705 0.00326
           921  0ud2u20d   0.05529 0.00306
          1602  20002022  -0.06022 0.00363
          1613  ud00ud22  -0.06655 0.00443
          1627  u0d02u2d   0.05228 0.00273
          1638  0ud0u22d   0.05716 0.00327
          1660  u00d2ud2   0.05441 0.00296
 
      Natural orbitals and occupation numbers for root  1
      sym 1:   1.604586   1.551456   1.455444   1.313735   0.443924   0.385490   0.697135   0.548230
 
      ************************************************************************************************************************
      *                                                                                                                      *
      *                                                    Final results                                                     *
      *                                                                                                                      *
      ************************************************************************************************************************
 
 
++    Wave function specifications:
      -----------------------------
 
      Number of closed shell electrons           0
      Number of electrons in active shells       8
      Max number of holes in RAS1 space          0
      Max nr of electrons in RAS3 space          0
      Number of inactive orbitals                0
      Number of active orbitals                  8
      Number of secondary orbitals              32
      Spin quantum number                      0.0
      State symmetry                             1
--
 
++    Orbital specifications:
      -----------------------
 
      Symmetry species                           1
                                                 a
      Frozen orbitals                            0
      Inactive orbitals                          0
      Active orbitals                            8
      RAS1 orbitals                              0
      RAS2 orbitals                              8
      RAS3 orbitals                              0
      Secondary orbitals                        32
      Deleted orbitals                           0
      Number of basis functions                 40
--
 
++    CI expansion specifications:
      ----------------------------
 
      Number of CSFs                          1764
      Number of determinants                  2485
      Number of root(s) required                 1
      CI root used                               1
      highest root included in the CI            1
      Root passed to geometry opt.               1
--
 
++    Final optimization conditions:
      ------------------------------
 
      Average CI energy                              -4.04409503
      RASSCF energy for state  1                     -4.04409503
      Super-CI energy                                -0.00000000
      RASSCF energy change                            0.00000000
      Max change in MO coefficients              -0.662E-05
      Max non-diagonal density matrix element    -0.521E-05
      Maximum BLB matrix element                 -0.123E-05
      (orbital pair   4,  21 in symmetry   1)
      Norm of electronic gradient            0.387E-05
--
 
 
      Final state energy(ies):
      ------------------------
 
::    RASSCF root number  1 Total energy:     -4.04409503
 
++    Molecular orbitals:
      -------------------
 
      Pseudonatural active orbitals and approximate occupation numbers
 
 
 
 
      Molecular orbitals for symmetry species 1: a  
 
 
      Orbital                1         2         3         4         5         6         7         8         9        10
      Energy            0.0000    0.0000    0.0000    0.0000    0.0000    0.0000    0.0000    0.0000    0.3266    0.3464
      Occ. No.          1.6046    1.5515    1.4554    1.3137    0.4439    0.3855    0.6971    0.5482    0.0000    0.0000
 
    1 H1     1s         0.1769   -0.3237    0.3956   -0.3286    0.4448    0.2579   -0.3808   -0.5014   -0.0862    0.1026
    2 H1     2s         0.0111   -0.0221    0.0304   -0.0284    0.0538    0.0332   -0.0402   -0.0563    0.2548   -0.4486
    3 H1     2px        0.0000    0.0000    0.0000    0.0000    0.0000   -0.0000   -0.0000    0.0000   -0.0000   -0.0000
    4 H1     2py       -0.0000    0.0000    0.0000    0.0000    0.0000   -0.0000   -0.0000    0.0000   -0.0000   -0.0000
    5 H1     2pz        0.0031   -0.0047    0.0042   -0.0024    0.0036    0.0026   -0.0016   -0.0030   -0.0254    0.0384
    6 H2     1s         0.2497   -0.3970    0.3797   -0.2165   -0.5843   -0.4129    0.1823    0.4549   -0.1646    0.2047
    7 H2     2s         0.0134   -0.0318    0.0482   -0.0432   -0.0985   -0.0777    0.0072    0.0590    0.1958   -0.2453
    8 H2     2px        0.0000    0.0000    0.0000    0.0000    0.0000   -0.0000   -0.0000    0.0000   -0.0000   -0.0000
    9 H2     2py        0.0000    0.0000    0.0000    0.0000    0.0000   -0.0000   -0.0000    0.0000   -0.0000   -0.0000
   10 H2     2pz        0.0018    0.0002   -0.0047    0.0063    0.0010    0.0009    0.0035    0.0011    0.0021   -0.0168
   11 H3     1s         0.3424   -0.2878   -0.1363    0.4352    0.4619    0.5507    0.4841    0.1277   -0.1647    0.1052
   12 H3     2s         0.0215   -0.0143   -0.0264    0.0580    0.0875    0.1024    0.0653    0.0090    0.2569   -0.2268
   13 H3     2px       -0.0000    0.0000    0.0000    0.0000    0.0000    0.0000    0.0000   -0.0000   -0.0000   -0.0000
   14 H3     2py       -0.0000    0.0000    0.0000    0.0000   -0.0000    0.0000    0.0000   -0.0000   -0.0000   -0.0000
   15 H3     2pz        0.0011    0.0025   -0.0059    0.0037    0.0020    0.0024   -0.0015   -0.0016   -0.0052   -0.0092
   16 H4     1s         0.3719   -0.1646   -0.3126    0.3765   -0.2151   -0.6090   -0.3944   -0.4447   -0.1798    0.0533
   17 H4     2s         0.0215   -0.0196   -0.0232    0.0552   -0.0310   -0.1158   -0.0465   -0.0785    0.2680   -0.0711
   18 H4     2px        0.0000    0.0000    0.0000    0.0000    0.0000   -0.0000   -0.0000    0.0000   -0.0000   -0.0000
   19 H4     2py        0.0000    0.0000    0.0000    0.0000    0.0000   -0.0000   -0.0000    0.0000   -0.0000   -0.0000
   20 H4     2pz        0.0006    0.0043   -0.0023   -0.0058    0.0004    0.0021   -0.0024    0.0016    0.0001   -0.0172
   21 H5     1s         0.3719    0.1645   -0.3128   -0.3764   -0.2148    0.6090   -0.3943    0.4448   -0.1798   -0.0533
   22 H5     2s         0.0215    0.0196   -0.0232   -0.0552   -0.0310    0.1158   -0.0465    0.0785    0.2680    0.0711
   23 H5     2px       -0.0000   -0.0000   -0.0000   -0.0000    0.0000   -0.0000   -0.0000    0.0000   -0.0000   -0.0000
   24 H5     2py       -0.0000   -0.0000   -0.0000   -0.0000    0.0000   -0.0000   -0.0000    0.0000   -0.0000   -0.0000
   25 H5     2pz       -0.0006    0.0043    0.0023   -0.0058   -0.0004    0.0021    0.0024    0.0016   -0.0001   -0.0172
   26 H6     1s         0.3424    0.2877   -0.1366   -0.4352    0.4618   -0.5508    0.4841   -0.1280   -0.1647   -0.1052
   27 H6     2s         0.0215    0.0143   -0.0264   -0.0580    0.0874   -0.1024    0.0653   -0.0090    0.2569    0.2268
   28 H6     2px        0.0000    0.0000   -0.0000   -0.0000    0.0000   -0.0000    0.0000    0.0000   -0.0000   -0.0000
   29 H6     2py        0.0000    0.0000    0.0000   -0.0000    0.0000   -0.0000    0.0000   -0.0000   -0.0000   -0.0000
   30 H6     2pz       -0.0011    0.0025    0.0059    0.0037   -0.0020    0.0024    0.0015   -0.0016    0.0052   -0.0092
   31 H7     1s         0.2498    0.3971    0.3797    0.2164   -0.5843    0.4131    0.1821   -0.4548   -0.1646   -0.2047
   32 H7     2s         0.0134    0.0318    0.0482    0.0431   -0.0985    0.0778    0.0072   -0.0589    0.1958    0.2453
   33 H7     2px       -0.0000   -0.0000   -0.0000   -0.0000    0.0000   -0.0000   -0.0000    0.0000    0.0000   -0.0000
   34 H7     2py       -0.0000   -0.0000   -0.0000   -0.0000    0.0000   -0.0000   -0.0000    0.0000    0.0000    0.0000
   35 H7     2pz       -0.0018    0.0002    0.0047    0.0063   -0.0010    0.0009   -0.0035    0.0011   -0.0021   -0.0168
   36 H8     1s         0.1770    0.3238    0.3956    0.3285    0.4449   -0.2580   -0.3806    0.5014   -0.0862   -0.1026
   37 H8     2s         0.0111    0.0221    0.0304    0.0284    0.0538   -0.0332   -0.0402    0.0562    0.2548    0.4486
   38 H8     2px        0.0000    0.0000    0.0000    0.0000    0.0000   -0.0000   -0.0000    0.0000   -0.0000   -0.0000
   39 H8     2py        0.0000    0.0000    0.0000    0.0000    0.0000   -0.0000   -0.0000    0.0000   -0.0000   -0.0000
   40 H8     2pz       -0.0031   -0.0047   -0.0042   -0.0024   -0.0037    0.0026    0.0016   -0.0030    0.0254    0.0384
 
 
      Orbital               11        12        13        14        15        16        17        18        19        20
      Energy            0.3859    0.4528    0.5500    0.6706    0.7104    0.7555    0.7606    0.7736    0.7736    0.8030
      Occ. No.          0.0000    0.0000    0.0000    0.0000    0.0000    0.0000    0.0000    0.0000    0.0000    0.0000
 
    1 H1     1s         0.0294    0.1013    0.2256    0.2685    0.0399    0.1830    0.2460   -0.0000   -0.0000    0.0000
    2 H1     2s        -0.5640    0.6153    0.5931    0.4652    0.1209    0.1084    0.2111   -0.0000   -0.0000    0.0000
    3 H1     2px        0.0000    0.0000   -0.0000    0.0000   -0.0000    0.0000   -0.0000   -0.0657   -0.1297   -0.0386
    4 H1     2py        0.0000    0.0000   -0.0000    0.0000   -0.0000    0.0000   -0.0000   -0.1297    0.0657   -0.2769
    5 H1     2pz        0.0377   -0.0348   -0.0476   -0.0833    0.0856   -0.3355   -0.3386    0.0000    0.0000   -0.0000
    6 H2     1s         0.1227   -0.0481   -0.1064   -0.2578   -0.1006   -0.1563   -0.2603    0.0000    0.0000   -0.0000
    7 H2     2s        -0.0884   -0.2454   -0.6426   -0.8865   -0.3113   -0.3513   -0.6355    0.0000    0.0000   -0.0000
    8 H2     2px        0.0000    0.0000   -0.0000    0.0000   -0.0000    0.0000   -0.0000   -0.1240   -0.2448   -0.0593
    9 H2     2py        0.0000    0.0000   -0.0000    0.0000   -0.0000    0.0000   -0.0000   -0.2448    0.1240   -0.4255
   10 H2     2pz       -0.0365    0.0369    0.0061   -0.0357   -0.1905    0.3603    0.2928   -0.0000   -0.0000    0.0000
   11 H3     1s        -0.0744    0.0968   -0.0169    0.0626    0.1131    0.1508    0.2471   -0.0000   -0.0000    0.0000
   12 H3     2s         0.1132   -0.4672   -0.3893    0.2753    0.3647    0.4028    0.7080   -0.0000   -0.0000    0.0000
   13 H3     2px        0.0000    0.0000   -0.0000    0.0000   -0.0000    0.0000   -0.0000   -0.1683   -0.3324   -0.0524
   14 H3     2py        0.0000    0.0000   -0.0000    0.0000   -0.0000    0.0000   -0.0000   -0.3324    0.1683   -0.3760
   15 H3     2pz       -0.0212    0.0026    0.0018    0.1211    0.3146   -0.2589   -0.1048   -0.0000   -0.0000    0.0000
   16 H4     1s        -0.1284    0.0535    0.0324    0.1708   -0.0522   -0.1276   -0.1061    0.0000    0.0000   -0.0000
   17 H4     2s         0.3484   -0.2479    0.4931    0.7312   -0.1613   -0.3257   -0.3010    0.0000    0.0000   -0.0000
   18 H4     2px        0.0000    0.0000   -0.0000    0.0000   -0.0000    0.0000   -0.0000   -0.1917   -0.3786   -0.0208
   19 H4     2py        0.0000    0.0000   -0.0000    0.0000   -0.0000    0.0000   -0.0000   -0.3786    0.1917   -0.1495
   20 H4     2pz       -0.0086   -0.0224   -0.0026   -0.0679   -0.4022    0.0909   -0.0640    0.0000    0.0000   -0.0000
   21 H5     1s        -0.1284   -0.0535    0.0324   -0.1708   -0.0522    0.1276   -0.1061    0.0000    0.0000    0.0000
   22 H5     2s         0.3484    0.2479    0.4932   -0.7312   -0.1613    0.3257   -0.3010    0.0000    0.0000   -0.0000
   23 H5     2px        0.0000    0.0000   -0.0000    0.0000   -0.0000    0.0000   -0.0000   -0.1917   -0.3786    0.0208
   24 H5     2py        0.0000    0.0000   -0.0000    0.0000   -0.0000    0.0000   -0.0000   -0.3786    0.1917    0.1495
   25 H5     2pz        0.0086   -0.0224    0.0026   -0.0679    0.4022    0.0909    0.0640   -0.0000   -0.0000    0.0000
   26 H6     1s        -0.0745   -0.0968   -0.0169   -0.0626    0.1131   -0.1508    0.2471   -0.0000   -0.0000   -0.0000
   27 H6     2s         0.1132    0.4672   -0.3893   -0.2753    0.3647   -0.4028    0.7080   -0.0000   -0.0000    0.0000
   28 H6     2px        0.0000    0.0000   -0.0000    0.0000   -0.0000    0.0000   -0.0000   -0.1683   -0.3324    0.0524
   29 H6     2py        0.0000    0.0000   -0.0000    0.0000   -0.0000    0.0000   -0.0000   -0.3324    0.1683    0.3760
   30 H6     2pz        0.0212    0.0026   -0.0018    0.1211   -0.3146   -0.2589    0.1048   -0.0000   -0.0000    0.0000
   31 H7     1s         0.1227    0.0481   -0.1064    0.2578   -0.1006    0.1564   -0.2603    0.0000    0.0000    0.0000
   32 H7     2s        -0.0884    0.2454   -0.6426    0.8865   -0.3113    0.3513   -0.6355    0.0000    0.0000   -0.0000
   33 H7     2px        0.0000    0.0000   -0.0000    0.0000   -0.0000    0.0000   -0.0000   -0.1240   -0.2448    0.0593
   34 H7     2py        0.0000    0.0000   -0.0000    0.0000   -0.0000    0.0000   -0.0000   -0.2448    0.1240    0.4255
   35 H7     2pz        0.0365    0.0369   -0.0061   -0.0357    0.1905    0.3603   -0.2928    0.0000    0.0000   -0.0000
   36 H8     1s         0.0294   -0.1013    0.2256   -0.2685    0.0399   -0.1831    0.2460   -0.0000   -0.0000    0.0000
   37 H8     2s        -0.5640   -0.6153    0.5931   -0.4652    0.1209   -0.1084    0.2111   -0.0000   -0.0000    0.0000
   38 H8     2px        0.0000    0.0000   -0.0000    0.0000   -0.0000    0.0000   -0.0000   -0.0657   -0.1297    0.0386
   39 H8     2py        0.0000    0.0000   -0.0000    0.0000   -0.0000    0.0000   -0.0000   -0.1297    0.0657    0.2769
   40 H8     2pz       -0.0377   -0.0348    0.0476   -0.0833   -0.0856   -0.3355    0.3386   -0.0000   -0.0000    0.0000
 
 
      Orbital               21        22        23        24        25        26        27        28        29        30
      Energy            0.8030    0.8501    0.8501    0.9120    0.9120    0.9850    0.9850    1.0592    1.0592    1.1250
      Occ. No.          0.0000    0.0000    0.0000    0.0000    0.0000    0.0000    0.0000    0.0000    0.0000    0.0000
 
    1 H1     1s         0.0000    0.0000    0.0000    0.0000   -0.0000    0.0000   -0.0000   -0.0000   -0.0000   -0.0000
    2 H1     2s         0.0000   -0.0000   -0.0000    0.0000   -0.0000   -0.0000    0.0000   -0.0000   -0.0000    0.0000
    3 H1     2px       -0.2769   -0.1770   -0.3459   -0.2020    0.4080    0.2380   -0.4083   -0.4002    0.1655    0.3177
    4 H1     2py        0.0386   -0.3459    0.1770   -0.4080   -0.2020    0.4083    0.2380   -0.1655   -0.4002   -0.0965
    5 H1     2pz       -0.0000   -0.0000   -0.0000    0.0000   -0.0000   -0.0000    0.0000   -0.0000    0.0000    0.0000
    6 H2     1s        -0.0000   -0.0000   -0.0000    0.0000   -0.0000    0.0000   -0.0000    0.0000   -0.0000   -0.0000
    7 H2     2s        -0.0000   -0.0000   -0.0000    0.0000   -0.0000    0.0000   -0.0000    0.0000   -0.0000   -0.0000
    8 H2     2px       -0.4255   -0.1778   -0.3476   -0.0720    0.1454   -0.0822    0.1410    0.3986   -0.1648   -0.4851
    9 H2     2py        0.0593   -0.3476    0.1778   -0.1454   -0.0720   -0.1410   -0.0822    0.1648    0.3986    0.1474
   10 H2     2pz        0.0000    0.0000    0.0000   -0.0000    0.0000    0.0000   -0.0000    0.0000   -0.0000   -0.0000
   11 H3     1s         0.0000    0.0000    0.0000   -0.0000    0.0000   -0.0000   -0.0000   -0.0000    0.0000    0.0000
   12 H3     2s         0.0000    0.0000    0.0000   -0.0000    0.0000    0.0000   -0.0000   -0.0000    0.0000    0.0000
   13 H3     2px       -0.3760   -0.0003   -0.0007    0.1781   -0.3596   -0.2108    0.3616    0.0030   -0.0013    0.4249
   14 H3     2py        0.0524   -0.0007    0.0003    0.3596    0.1781   -0.3616   -0.2108    0.0013    0.0030   -0.1291
   15 H3     2pz        0.0000    0.0000    0.0000   -0.0000    0.0000    0.0000   -0.0000   -0.0000    0.0000   -0.0000
   16 H4     1s        -0.0000   -0.0000   -0.0000    0.0000   -0.0000   -0.0000    0.0000    0.0000   -0.0000    0.0000
   17 H4     2s        -0.0000   -0.0000   -0.0000    0.0000   -0.0000   -0.0000    0.0000    0.0000   -0.0000    0.0000
   18 H4     2px       -0.1495    0.1762    0.3445    0.1330   -0.2686    0.1564   -0.2682   -0.3994    0.1652   -0.1682
   19 H4     2py        0.0208    0.3445   -0.1762    0.2686    0.1330    0.2682    0.1564   -0.1652   -0.3994    0.0511
   20 H4     2pz       -0.0000   -0.0000   -0.0000    0.0000   -0.0000   -0.0000    0.0000   -0.0000   -0.0000    0.0000
   21 H5     1s         0.0000    0.0000    0.0000   -0.0000    0.0000    0.0000   -0.0000   -0.0000    0.0000   -0.0000
   22 H5     2s         0.0000    0.0000    0.0000   -0.0000    0.0000    0.0000   -0.0000   -0.0000    0.0000   -0.0000
   23 H5     2px        0.1495    0.1762    0.3445   -0.1330    0.2685    0.1564   -0.2682    0.3994   -0.1652   -0.1682
   24 H5     2py       -0.0208    0.3445   -0.1762   -0.2685   -0.1330    0.2682    0.1564    0.1652    0.3994    0.0511
   25 H5     2pz        0.0000    0.0000    0.0000   -0.0000    0.0000    0.0000   -0.0000    0.0000    0.0000   -0.0000
   26 H6     1s        -0.0000   -0.0000   -0.0000    0.0000   -0.0000   -0.0000    0.0000    0.0000   -0.0000    0.0000
   27 H6     2s         0.0000    0.0000    0.0000   -0.0000    0.0000   -0.0000    0.0000    0.0000   -0.0000    0.0000
   28 H6     2px        0.3760   -0.0003   -0.0007   -0.1781    0.3596   -0.2108    0.3616   -0.0030    0.0013    0.4249
   29 H6     2py       -0.0524   -0.0007    0.0003   -0.3596   -0.1781   -0.3616   -0.2108   -0.0013   -0.0030   -0.1291
   30 H6     2pz        0.0000   -0.0000   -0.0000   -0.0000    0.0000   -0.0000    0.0000    0.0000   -0.0000    0.0000
   31 H7     1s         0.0000    0.0000    0.0000   -0.0000    0.0000    0.0000   -0.0000    0.0000    0.0000   -0.0000
   32 H7     2s        -0.0000   -0.0000   -0.0000    0.0000   -0.0000   -0.0000    0.0000   -0.0000    0.0000   -0.0000
   33 H7     2px        0.4255   -0.1778   -0.3476    0.0720   -0.1454   -0.0822    0.1410   -0.3986    0.1649   -0.4851
   34 H7     2py       -0.0593   -0.3476    0.1778    0.1454    0.0720   -0.1410   -0.0822   -0.1649   -0.3986    0.1474
   35 H7     2pz       -0.0000   -0.0000   -0.0000    0.0000   -0.0000   -0.0000    0.0000   -0.0000   -0.0000    0.0000
   36 H8     1s         0.0000   -0.0000   -0.0000   -0.0000    0.0000   -0.0000    0.0000   -0.0000   -0.0000    0.0000
   37 H8     2s         0.0000    0.0000    0.0000   -0.0000    0.0000    0.0000   -0.0000    0.0000   -0.0000    0.0000
   38 H8     2px        0.2769   -0.1770   -0.3459    0.2020   -0.4080    0.2380   -0.4083    0.4002   -0.1655    0.3177
   39 H8     2py       -0.0386   -0.3459    0.1770    0.4080    0.2020    0.4083    0.2380    0.1655    0.4002   -0.0965
   40 H8     2pz        0.0000    0.0000    0.0000   -0.0000    0.0000    0.0000   -0.0000   -0.0000    0.0000   -0.0000
 
 
      Orbital               31        32        33        34        35        36        37        38        39        40
      Energy            1.1250    1.1707    1.1707    1.2109    1.2215    1.2816    1.3256    1.4678    1.6172    1.7342
      Occ. No.          0.0000    0.0000    0.0000    0.0000    0.0000    0.0000    0.0000    0.0000    0.0000    0.0000
 
    1 H1     1s        -0.0000    0.0000    0.0000   -0.2583   -0.2052    0.2273    0.2380   -0.2084   -0.1670    0.0961
    2 H1     2s         0.0000    0.0000    0.0000   -0.4162   -0.3537    0.3418    0.3481   -0.2334   -0.1423    0.0680
    3 H1     2px        0.0965   -0.0667   -0.1679    0.0000    0.0000    0.0000    0.0000   -0.0000    0.0000    0.0000
    4 H1     2py        0.3177   -0.1679    0.0667    0.0000    0.0000    0.0000    0.0000   -0.0000    0.0000    0.0000
    5 H1     2pz        0.0000    0.0000    0.0000   -0.2793   -0.4218    0.2179    0.5308   -0.4863   -0.3740    0.2047
    6 H2     1s        -0.0000   -0.0000   -0.0000    0.6821    0.4172   -0.6446   -0.3877    0.1695    0.0104    0.0397
    7 H2     2s        -0.0000   -0.0000   -0.0000    1.0776    0.5572   -0.9793   -0.4433    0.1783    0.0567   -0.0149
    8 H2     2px       -0.1474    0.1250    0.3144   -0.0000   -0.0000   -0.0000    0.0000   -0.0000    0.0000    0.0000
    9 H2     2py       -0.4851    0.3144   -0.1250   -0.0000   -0.0000   -0.0000    0.0000   -0.0000    0.0000    0.0000
   10 H2     2pz       -0.0000   -0.0000   -0.0000    0.3023    0.0390   -0.2445    0.2475   -0.5577   -0.6393    0.4249
   11 H3     1s         0.0000    0.0000    0.0000   -0.8134   -0.0426    0.9879   -0.0472    0.1491    0.0472    0.0493
   12 H3     2s         0.0000    0.0000    0.0000   -1.2595   -0.0136    1.5215    0.0174    0.0371   -0.0071    0.0291
   13 H3     2px        0.1291   -0.1679   -0.4224    0.0000    0.0000    0.0000    0.0000    0.0000   -0.0000   -0.0000
   14 H3     2py        0.4249   -0.4224    0.1679    0.0000    0.0000    0.0000   -0.0000    0.0000   -0.0000   -0.0000
   15 H3     2pz       -0.0000    0.0000    0.0000    0.0550    0.5354    0.0746   -0.5016   -0.0124   -0.5609    0.5765
   16 H4     1s         0.0000   -0.0000   -0.0000    0.3702   -0.5363   -1.1224    0.1678    0.1399    0.1405    0.0090
   17 H4     2s         0.0000   -0.0000   -0.0000    0.5654   -0.7677   -1.7705    0.1293    0.1102    0.0621   -0.0053
   18 H4     2px       -0.0511    0.1907    0.4797   -0.0000   -0.0000   -0.0000    0.0000   -0.0000    0.0000    0.0000
   19 H4     2py       -0.1682    0.4797   -0.1907   -0.0000   -0.0000   -0.0000    0.0000   -0.0000    0.0000    0.0000
   20 H4     2pz        0.0000    0.0000    0.0000   -0.4504   -0.3566    0.0114   -0.3424    0.5171   -0.2308    0.6649
   21 H5     1s        -0.0000    0.0000    0.0000    0.3701    0.5363    1.1224    0.1679   -0.1399    0.1405   -0.0090
   22 H5     2s        -0.0000    0.0000    0.0000    0.5654    0.7677    1.7705    0.1293   -0.1102    0.0621    0.0053
   23 H5     2px       -0.0511   -0.1907   -0.4797   -0.0000    0.0000   -0.0000   -0.0000   -0.0000    0.0000    0.0000
   24 H5     2py       -0.1682   -0.4797    0.1907   -0.0000    0.0000   -0.0000   -0.0000   -0.0000    0.0000    0.0000
   25 H5     2pz       -0.0000   -0.0000   -0.0000    0.4504   -0.3566    0.0114    0.3424    0.5171    0.2308    0.6649
   26 H6     1s         0.0000   -0.0000   -0.0000   -0.8134    0.0426   -0.9879   -0.0472   -0.1491    0.0472   -0.0493
   27 H6     2s         0.0000    0.0000    0.0000   -1.2595    0.0135   -1.5215    0.0174   -0.0371   -0.0071   -0.0291
   28 H6     2px        0.1291    0.1679    0.4224    0.0000   -0.0000   -0.0000    0.0000    0.0000   -0.0000    0.0000
   29 H6     2py        0.4249    0.4224   -0.1679    0.0000   -0.0000   -0.0000    0.0000    0.0000   -0.0000    0.0000
   30 H6     2pz        0.0000    0.0000    0.0000   -0.0550    0.5354    0.0746    0.5016   -0.0124    0.5609    0.5765
   31 H7     1s        -0.0000   -0.0000   -0.0000    0.6821   -0.4171    0.6446   -0.3877   -0.1695    0.0104   -0.0397
   32 H7     2s        -0.0000   -0.0000   -0.0000    1.0776   -0.5571    0.9793   -0.4433   -0.1783    0.0567    0.0149
   33 H7     2px       -0.1474   -0.1250   -0.3144   -0.0000    0.0000   -0.0000    0.0000   -0.0000    0.0000    0.0000
   34 H7     2py       -0.4851   -0.3144    0.1250   -0.0000    0.0000   -0.0000    0.0000   -0.0000    0.0000    0.0000
   35 H7     2pz        0.0000    0.0000    0.0000   -0.3023    0.0389   -0.2445   -0.2475   -0.5577    0.6393    0.4249
   36 H8     1s         0.0000    0.0000    0.0000   -0.2583    0.2052   -0.2273    0.2380    0.2084   -0.1670   -0.0961
   37 H8     2s         0.0000    0.0000    0.0000   -0.4162    0.3537   -0.3418    0.3481    0.2334   -0.1423   -0.0680
   38 H8     2px        0.0965    0.0667    0.1679    0.0000   -0.0000   -0.0000   -0.0000   -0.0000    0.0000    0.0000
   39 H8     2py        0.3177    0.1679   -0.0667    0.0000   -0.0000   -0.0000   -0.0000   -0.0000    0.0000    0.0000
   40 H8     2pz       -0.0000   -0.0000   -0.0000    0.2793   -0.4218    0.2179   -0.5308   -0.4863    0.3740    0.2047
--
 
      Von Neumann Entropy (Root  1) =  3.25278
 

      Mulliken population analysis for root number:  1
      -----------------------------------------------
 
 
++    Molecular charges:
      ------------------
 
      Mulliken charges per centre and basis function type
      ---------------------------------------------------
 
                H1      H2      H3      H4      H5      H6      H7      H8    
      1s       0.9826  1.0025  1.0009  1.0002  1.0002  1.0009  1.0025  0.9826
      2s       0.0083  0.0025 -0.0041 -0.0029 -0.0029 -0.0041  0.0025  0.0083
      2px      0.0000  0.0000  0.0000  0.0000  0.0000  0.0000  0.0000  0.0000
      2pz      0.0012  0.0032  0.0028  0.0028  0.0028  0.0028  0.0032  0.0012
      2py      0.0000  0.0000  0.0000  0.0000  0.0000  0.0000  0.0000  0.0000
      Total    0.9922  1.0081  0.9996  1.0001  1.0001  0.9996  1.0081  0.9922
 
      N-E      0.0078 -0.0081  0.0004 -0.0001 -0.0001  0.0004 -0.0081  0.0078
 
      Total electronic charge=    8.000000
 
      Total            charge=   -0.000000
--
 
 

      Expectation values of various properties for root number:  1
      -----------------------------------------------------------
 
 
++    Molecular properties:
      ---------------------
 
      Charge (e):
                      =   -0.0000
      Dipole Moment (Debye):
      Origin of the operator (Ang)=    0.0000    0.0000    0.0000
                   X=  7.0448E-10               Y= -1.9403E-09               Z=  3.8200E-05           Total=  3.8200E-05
      Quadrupole Moment (Debye*Ang):
      Origin of the operator (Ang)=    0.0000    0.0000    7.2758
                  XX= -1.2325E+01              XY= -4.2277E-15              XZ=  2.0222E-09              YY= -1.2325E+01
                  YZ=  3.3670E-09              ZZ= -9.7116E+00
      In traceless form (Debye*Ang)
                  XX= -1.3066E+00              XY= -6.3416E-15              XZ=  3.0333E-09              YY= -1.3066E+00
                  YZ=  5.0505E-09              ZZ=  2.6132E+00
--
 

      LoProp population analysis for root number:  1
      -----------------------------------------------
 
 
++    LoProp analysis:
      ----------------
 
 
 
  Input file to MOLDEN was generated!
 
 
++    Static properties:
      ------------------
 
 
      LoProp Charges per center
 

                   H1       H2       H3       H4       H5       H6       H7       H8    
      Nuclear      1.0000   1.0000   1.0000   1.0000   1.0000   1.0000   1.0000   1.0000
      Electronic  -0.9999  -1.0001  -0.9998  -1.0001  -1.0001  -0.9998  -1.0001  -0.9999
 
      Total        0.0001  -0.0001   0.0002  -0.0001  -0.0001   0.0002  -0.0001   0.0001
--
 
 
      Natural Bond Order analysis for root number:  1
 
++    Natural Bond Order analysis
      ---------------------------
      Based on LoProp computed density
      -------------------------------------------------------------------------------------
      Atom A       Atom B       Bond Order
      -------------------------------------------------------------------------------------
      NBO located      0.997 non-bonded electrons on atom H1        
      NBO located      1.017 non-bonded electrons on atom H3        
      NBO located      1.017 non-bonded electrons on atom H4        
      NBO located      1.017 non-bonded electrons on atom H5        
      NBO located      1.017 non-bonded electrons on atom H6        
      NBO located      0.997 non-bonded electrons on atom H8        
      The remaining    1.937 electrons are to be considered as diffuse
--
 
--
 
 
  Input file to MOLDEN was generated!
 
      Average orbitals are written to the RASORB file
      Natural orbitals for root   1 are written to the RASORB.1 file
      Spin density orbitals for root   1 are written to the SPDORB.1 file
 
forrtl: warning (525): IEEE_DIVIDE_BY_ZERO is signaling
forrtl: warning (526): IEEE_INVALID is signaling
forrtl: warning (528): IEEE_UNDERFLOW is signaling
--- Stop Module: rasscf at Sun Oct 26 13:31:06 2025 /rc=_RC_ALL_IS_WELL_ ---
*** files: H8_2.08.LprOrb H8_2.08.rasscf.molden H8_2.08.LoProp.molden H8_2.08.RasOrb.1 H8_2.08.RasOrb H8_2.08.rasscf.h5 H8_2.08.SpdOrb.1 xmldump
    saved to directory /home/grierjones/DDCASPT2/hydrogen_comps/rerun/H8_chain/H8_2.08
--- Module rasscf spent 3 seconds ---

>>> COPY /tmp/H8_2.08/H8_2.08.rasscf.h5 /home/grierjones/DDCASPT2/hydrogen_comps/rerun/H8_chain/H8_2.08/

>>> COPY /tmp/H8_2.08/GMJ_Fock_MO.csv /home/grierjones/DDCASPT2/hydrogen_comps/rerun/H8_chain/H8_2.08/H8_2.08.GMJ_Fock_MO.csv

*** symbolic link created: INPORB -> H8_2.08.RasOrb
--- Start Module: motra at Sun Oct 26 13:31:06 2025 ---
 
()()()()()()()()()()()()()()()()()()()()()()()()()()()()()()()()()()()()()()()()()()()()()()()()()()

                                               &MOTRA

                                   only a single process is used
                       available to each process: 2.0 GB of memory, 1 thread?
()()()()()()()()()()()()()()()()()()()()()()()()()()()()()()()()()()()()()()()()()()()()()()()()()()
 
 
      *** WARNING: Default frozen orbitals is overwritten by user input.
      *** Default values:   0
 
      Header of the integral files:
      
       Integrals generated by seward 4.2.0  , Sun Oct 26 13:31:02 2025
 
 
      Header of MO coefficients source file:
      * RASSCF average (pseudo-natural) orbitals                                      
 
 
      Cartesian coordinates in Angstrom:
      -----------------------------------------------------
      No.  Label        X            Y            Z        
      -----------------------------------------------------
       1   H1         0.00000000   0.00000000   0.00000000
       2   H2         0.00000000   0.00000000   2.07878800
       3   H3         0.00000000   0.00000000   4.15757600
       4   H4         0.00000000   0.00000000   6.23636400
       5   H5         0.00000000   0.00000000   8.31515200
       6   H6         0.00000000   0.00000000  10.39393900
       7   H7         0.00000000   0.00000000  12.47272700
       8   H8         0.00000000   0.00000000  14.55151500
      -----------------------------------------------------
      Nuclear repulsion energy =    3.49838818
 
      Orbital specifications:
      -----------------------
 
      Symmetry species:              1
      Number of basis functions:    40
      Frozen orbitals:               0
      Deleted orbitals:              0
      Number of orbitals used:      40

       SYMMETRY  BASIS FUNCTIONS       ORBITALS      INTEGRALS   CPU(SEC)  I/O(SEC)
        1 1 1 1   40  40  40  40    40  40  40  40      336610       0.00      0.00

       TOTAL CPU TIME(SEC)    0.20TOTAL I/O TIME(SEC)    0.47
 
--- Stop Module: motra at Sun Oct 26 13:31:06 2025 /rc=_RC_ALL_IS_WELL_ ---
*** files: xmldump
    saved to directory /home/grierjones/DDCASPT2/hydrogen_comps/rerun/H8_chain/H8_2.08

>>> COPY /tmp/H8_2.08/GMJ_one_int_indx.csv /home/grierjones/DDCASPT2/hydrogen_comps/rerun/H8_chain/H8_2.08/H8_2.08.GMJ_one_int_indx.csv

>>> COPY /tmp/H8_2.08/GMJ_one_int.csv /home/grierjones/DDCASPT2/hydrogen_comps/rerun/H8_chain/H8_2.08/H8_2.08.GMJ_one_int.csv

>>> COPY /tmp/H8_2.08/GMJ_two_int_indx.csv /home/grierjones/DDCASPT2/hydrogen_comps/rerun/H8_chain/H8_2.08/H8_2.08.GMJ_two_int_indx.csv

>>> COPY /tmp/H8_2.08/GMJ_two_int.csv /home/grierjones/DDCASPT2/hydrogen_comps/rerun/H8_chain/H8_2.08/H8_2.08.GMJ_two_int.csv

*** symbolic link created: INPORB -> H8_2.08.RasOrb
--- Start Module: caspt2 at Sun Oct 26 13:31:06 2025 ---
 
()()()()()()()()()()()()()()()()()()()()()()()()()()()()()()()()()()()()()()()()()()()()()()()()()()

                                              &CASPT2

                                   only a single process is used
                       available to each process: 2.0 GB of memory, 1 thread?
()()()()()()()()()()()()()()()()()()()()()()()()()()()()()()()()()()()()()()()()()()()()()()()()()()
 
 Cholesky algorithm in CASPT2 =    1
 
 ###############################################################################
 ###############################################################################
 ###                                                                         ###
 ###                                                                         ###
 ###    User changed nr of frozen orbitals.                                  ###
 ###                                                                         ###
 ###                                                                         ###
 ###############################################################################
 ###############################################################################
 
++    Wave function specifications:
      -----------------------------
 
      Number of closed shell electrons           0
      Number of electrons in active shells       8
      Max number of holes in RAS1 space          0
      Max number of electrons in RAS3 space      0
      Number of inactive orbitals                0
      Number of active orbitals                  8
      Number of secondary orbitals              32
      Spin quantum number                      0.0
      State symmetry                             1
      Number of CSFs                          1764
      Number of root(s) available                1
      Root passed to geometry opt.               1
      A file JOBMIX will be created.
      This is a CASSCF or RASSCF reference function
--
 
++    Orbital specifications:
      -----------------------
 
      Symmetry species                           1
                                                 a
      Frozen orbitals                            0
      Inactive orbitals                          0
      Active orbitals                            8
      Secondary orbitals                        32
      Deleted orbitals                           0
      Number of basis functions                 40
--
 
      Type of Fock operator: STANDARD
      Type of 0-order Hamiltonian: STANDARD WITH DEFAULT IPEA
        "IP-EA" denominator shift =      0.25
      The input orbitals and the CI vector will be transformed.
 
--------------------------------------------------------------------------------
 Estimated memory requirements:
  POLY3 :                   450746
  RHS:                      417296
  SIGMA :                   326032
  PRPCTL:                        0
 Available workspace:    230388092
 
++ CASPT2 computation for group   1
 
********************************************************************************
 Multi-State initialization phase begins for group   1
--------------------------------------------------------------------------------
********************************************************************************
 Compute H0 matrices for state    1
--------------------------------------------------------------------------------
--------------------------------------------------------------------------------
 H0 matrices have been computed.
 
********************************************************************************
  CASPT2 EQUATION SOLUTION
--------------------------------------------------------------------------------
 
  Total nr of CASPT2 parameters:
   Before reduction:       49280
   After  reduction:       49024
 
 The contributions to the second order correlation energy in atomic units.
-----------------------------------------------------------------------------------------------------------------------------
  IT.      VJTU        VJTI        ATVX        AIVX        VJAI        BVAT        BJAT        BJAI        TOTAL       RNORM  
-----------------------------------------------------------------------------------------------------------------------------
   1     0.000000    0.000000   -0.003238    0.000000    0.000000   -0.007574    0.000000    0.000000   -0.010812    0.001120
   2     0.000000    0.000000   -0.003269    0.000000    0.000000   -0.007585    0.000000    0.000000   -0.010854    0.000156
   3     0.000000    0.000000   -0.003271    0.000000    0.000000   -0.007586    0.000000    0.000000   -0.010857    0.000035
   4     0.000000    0.000000   -0.003270    0.000000    0.000000   -0.007586    0.000000    0.000000   -0.010856    0.000005
-------------------------------------------------------------------------------------------------------------------
 
  FINAL CASPT2 RESULT:
 
  Correlation energy /Case, /Symm, and sums:
 VJTU      0.00000000  0.00000000
 VJTIP     0.00000000  0.00000000
 VJTIM     0.00000000  0.00000000
 ATVX     -0.00327040 -0.00327040
 AIVX      0.00000000  0.00000000
 VJAIP     0.00000000  0.00000000
 VJAIM     0.00000000  0.00000000
 BVATP    -0.00713916 -0.00713916
 BVATM    -0.00044660 -0.00044660
 BJATP     0.00000000  0.00000000
 BJATM     0.00000000  0.00000000
 BJAIP     0.00000000  0.00000000
 BJAIM     0.00000000  0.00000000
 Summed:  -0.01085616 -0.01085616
 
      Reference energy:          -4.0440950311
      E2 (Non-variational):      -0.0108561551
      E2 (Variational):          -0.0108561694
      Total energy:              -4.0549512004
      Residual norm:              0.0000007631
      Reference weight:           0.99333
 
      Contributions to the CASPT2 correlation energy
      Active & Virtual Only:         -0.0108561551
      One Inactive Excited:           0.0000000000
      Two Inactive Excited:           0.0000000000
 
 
++ Denominators, etc.
----------------------------------------------------------------------------------------------------
 Report on small energy denominators, large coefficients, and large energy contributions.
CASE  SYMM ACTIVE-MIX  NON-ACTIVE INDICES          DENOMINATOR     RHS VALUE       COEFFICIENT     CONTRIBUTION
ATVX     1  Mu1.0001  Se1.009                       0.28420588     -0.00000035      0.00000134     -0.00000000
--
 
   (Skipping property calculation,
    use PROP keyword to activate)
--
 
  Total CASPT2 energies:
::    CASPT2 Root  1     Total energy:     -4.05495120
 
  A NEW JOBIPH FILE NAMED 'JOBMIX' IS PREPARED.
********************************************************************************
forrtl: warning (528): IEEE_UNDERFLOW is signaling
--- Stop Module: caspt2 at Sun Oct 26 13:31:07 2025 /rc=_RC_ALL_IS_WELL_ ---
*** files: xmldump
    saved to directory /home/grierjones/DDCASPT2/hydrogen_comps/rerun/H8_chain/H8_2.08

>>> EXPORT i = B

>>> EXPORT j = P

>>> IF (-FILE GMJ_e2_${i}_${j}_1_.csv)
(Skipped)

>>> END FOREACH

>>> EXPORT j = M

>>> IF (-FILE GMJ_e2_${i}_${j}_1_.csv)
(Skipped)

>>> END FOREACH

>>> END FOREACH

>>> EXPORT i = E

>>> EXPORT j = P

>>> IF (-FILE GMJ_e2_${i}_${j}_1_.csv)
(Skipped)

>>> END FOREACH

>>> EXPORT j = M

>>> IF (-FILE GMJ_e2_${i}_${j}_1_.csv)
(Skipped)

>>> END FOREACH

>>> END FOREACH

>>> EXPORT i = F

>>> EXPORT j = P

>>> IF (-FILE GMJ_e2_${i}_${j}_1_.csv)

>>> COPY /tmp/H8_2.08/GMJ_RHS_F_P_1_.csv /home/grierjones/DDCASPT2/hydrogen_comps/rerun/H8_chain/H8_2.08/GMJ_RHS_F_P_1_.csv

>>> COPY /tmp/H8_2.08/GMJ_IVECW_F_P_1_.csv /home/grierjones/DDCASPT2/hydrogen_comps/rerun/H8_chain/H8_2.08/GMJ_IVECW_F_P_1_.csv

>>> COPY /tmp/H8_2.08/GMJ_IVECX_F_P_1_.csv /home/grierjones/DDCASPT2/hydrogen_comps/rerun/H8_chain/H8_2.08/GMJ_IVECX_F_P_1_.csv

>>> COPY /tmp/H8_2.08/GMJ_IVECC2_F_P_1_.csv /home/grierjones/DDCASPT2/hydrogen_comps/rerun/H8_chain/H8_2.08/GMJ_IVECC2_F_P_1_.csv

>>> COPY /tmp/H8_2.08/GMJ_e2_F_P_1_.csv /home/grierjones/DDCASPT2/hydrogen_comps/rerun/H8_chain/H8_2.08/GMJ_e2_F_P_1_.csv

>>> END FOREACH

>>> EXPORT j = M

>>> IF (-FILE GMJ_e2_${i}_${j}_1_.csv)

>>> COPY /tmp/H8_2.08/GMJ_RHS_F_M_1_.csv /home/grierjones/DDCASPT2/hydrogen_comps/rerun/H8_chain/H8_2.08/GMJ_RHS_F_M_1_.csv

>>> COPY /tmp/H8_2.08/GMJ_IVECW_F_M_1_.csv /home/grierjones/DDCASPT2/hydrogen_comps/rerun/H8_chain/H8_2.08/GMJ_IVECW_F_M_1_.csv

>>> COPY /tmp/H8_2.08/GMJ_IVECX_F_M_1_.csv /home/grierjones/DDCASPT2/hydrogen_comps/rerun/H8_chain/H8_2.08/GMJ_IVECX_F_M_1_.csv

>>> COPY /tmp/H8_2.08/GMJ_IVECC2_F_M_1_.csv /home/grierjones/DDCASPT2/hydrogen_comps/rerun/H8_chain/H8_2.08/GMJ_IVECC2_F_M_1_.csv

>>> COPY /tmp/H8_2.08/GMJ_e2_F_M_1_.csv /home/grierjones/DDCASPT2/hydrogen_comps/rerun/H8_chain/H8_2.08/GMJ_e2_F_M_1_.csv

>>> END FOREACH

>>> END FOREACH

>>> EXPORT i = G

>>> EXPORT j = P

>>> IF (-FILE GMJ_e2_${i}_${j}_1_.csv)
(Skipped)

>>> END FOREACH

>>> EXPORT j = M

>>> IF (-FILE GMJ_e2_${i}_${j}_1_.csv)
(Skipped)

>>> END FOREACH

>>> END FOREACH

>>> EXPORT i = H

>>> EXPORT j = P

>>> IF (-FILE GMJ_e2_${i}_${j}_1_.csv)
(Skipped)

>>> END FOREACH

>>> EXPORT j = M

>>> IF (-FILE GMJ_e2_${i}_${j}_1_.csv)
(Skipped)

>>> END FOREACH

>>> END FOREACH

>>> EXPORT i = A

>>> IF (-FILE GMJ_e2_${i}_1_.csv)
(Skipped)

>>> END FOREACH

>>> EXPORT i = C

>>> IF (-FILE GMJ_e2_${i}_1_.csv)

>>> COPY /tmp/H8_2.08/GMJ_RHS_C_1_.csv /home/grierjones/DDCASPT2/hydrogen_comps/rerun/H8_chain/H8_2.08/GMJ_RHS_C_1_.csv

>>> COPY /tmp/H8_2.08/GMJ_IVECW_C_1_.csv /home/grierjones/DDCASPT2/hydrogen_comps/rerun/H8_chain/H8_2.08/GMJ_IVECW_C_1_.csv

>>> COPY /tmp/H8_2.08/GMJ_IVECX_C_1_.csv /home/grierjones/DDCASPT2/hydrogen_comps/rerun/H8_chain/H8_2.08/GMJ_IVECX_C_1_.csv

>>> COPY /tmp/H8_2.08/GMJ_IVECC2_C_1_.csv /home/grierjones/DDCASPT2/hydrogen_comps/rerun/H8_chain/H8_2.08/GMJ_IVECC2_C_1_.csv

>>> COPY /tmp/H8_2.08/GMJ_e2_C_1_.csv /home/grierjones/DDCASPT2/hydrogen_comps/rerun/H8_chain/H8_2.08/GMJ_e2_C_1_.csv

>>> END FOREACH

>>> EXPORT i = D

>>> IF (-FILE GMJ_e2_${i}_1_.csv)
(Skipped)

>>> END FOREACH

.########################.
.# Non-zero return code #.
.########################.

    Timing: Wall=5.64 User=4.56 System=1.07
***************************************
*** WorkDir at /tmp/H8_2.08 cleaned ***
***************************************
