   This run of MOLCAS is using the pymolcas driver

                             OPE
                             OPE          NMOL  CASOP  ENMOLC A   SO
                 OPE        NMOLC        AS  OP EN  MO LC     AS  OP
                OPENM       OL CA        SO  PE NM  OL CA     SOP EN
                OP EN      MO   LC       AS  OP ENMOL  CASO   PENMOL
                OP  EN     MO   LC       AS  OP EN     MO     LC ASO
               OP   E  NMOL  C  AS       OP  EN MO     LC     AS  OP
               OP  E   NMO   LC AS        OPEN  MO     LCASOP EN   M
               O  PEN   MO  LCA  SO
            OPE   NMO   L   CAS    OP
        OPENMOL  CASOP     ENMOL   CASOPE
     OPENMOLCA   SOPENMOLCASOPEN   MOLCASOPE
    OPENMOLCAS   OP           EN   MOL    CAS
    OPENMOLCAS       OP  ENM        O     LCA
    OPENMOLCAS    OPEN  MOLCASO     P  E  NMO
    OPENMOLCAS     OP               E  N  MOL
    OPENMOLCA   SO           PENM   O  L  CAS    OPEN    MO    LCAS
    OPENMOLCA   SOP           ENM   O  L  CAS   OP  EN  MOLC  AS   O
    OPENMOLCA   SOPE           NM      O  LCA   S      OP  EN MO
    OPENMOLC                AS         O  PEN   M      OL  CA  SOPE
    OPENMO        LCASOPE  NMOL        C  ASO   P      ENMOLC     AS
    OPE     NMO      LCA  SO     P     E   NM   OL  CA SO  PE N   MO
          OPENMOLCA            SOPE   NMO        LCAS  O    P  ENMO
     OPENMOLCASOPENMOLCASOPENMOLCASOPENMOLCA
        OPENMOLCASOPENMOLCASOPENMOLCASOPE
            OPENMOLCASOPENMOLCASOPENM
               OPENMOLCASOPENMOLCA        version: f37762c57
                   OPENMOLCASO
                       OPE                tag:

 OpenMolcas is free software; you can redistribute it and/or modify it
 under the terms of the GNU Lesser General Public License version 2.1.
 OpenMolcas is distributed in the hope that it will be useful, but it
 is provided "as is" and without any express or implied warranties.
 For more details see the full text of the license in the file
 LICENSE or in <http://www.gnu.org/licenses/>.

                 Copyright (C) The OpenMolcas Authors
           For the author list and the recommended citation,
                   consult the file CONTRIBUTORS.md

           *************************************************
           * pymolcas version py2.28                       *
           *   build c4a6d18ded8cb6cad61d2372a9abd97c      *
           *   (after the EMIL interpreter by V. Veryazov) *
           *************************************************

configuration info
------------------
C Compiler ID: Intel
C flags: -std=gnu99 -gcc-sys
Fortran Compiler ID: IntelLLVM
Fortran flags: -standard-semantics -fltconsistency -fpp -i8 -heap-arrays
Definitions: _MOLCAS_;_I8_;_LINUX_
Parallel: OFF (GA=OFF)


   --------------------------------------------------------------------------------------
  |
  |              Project: H8_1.40
  |       Submitted from: /home/grierjones/DDCASPT2/hydrogen_comps/rerun/H8_chain/H8_1.40
  |         Scratch area: /tmp/H8_1.40
  |      Save outputs to: /home/grierjones/DDCASPT2/hydrogen_comps/rerun/H8_chain/H8_1.40
  |               Molcas: /home/grierjones/Test/build
  |
  | Scratch area is empty
  |
  |       MOLCAS_DRIVER = /usr/local/pymolcas
  | MOLCAS_KEEP_WORKDIR = NO
  |  MOLCAS_NEW_WORKDIR = YES
  |       MOLCAS_NPROCS = 1
  |        MOLCAS_PRINT = NORMAL
  |       MOLCAS_SOURCE = /home/grierjones/Test
  |    MOLCAS_STRUCTURE = 0
  |
   --------------------------------------------------------------------------------------

++ ---------   Input file   ---------

&GATEWAY
coord=H8_1.40.xyz
Basis = ANO-RCC-VDZP
Group = nosymm
End of Input

&SEWARD
End of Input

&SCF

>>> COPY $WorkDir/H8_1.40.scf.h5 $CurrDir/

&RASSCF
Title= RASSCF
FileOrb
/home/grierjones/DDCASPT2/hydrogen_comps/rerun/H8_chain/H8_0.60/H8_0.60.RasOrb
NACTEL
8 0 0
Inactive
0
RAS2
8
Symmetry
1
Spin
1
orblisting
all

>>> COPY $WorkDir/H8_1.40.rasscf.h5 $CurrDir/

>>> COPY $WorkDir/GMJ_Fock_MO.csv $CurrDir/H8_1.40.GMJ_Fock_MO.csv

&MOTRA
Frozen=0
LUMORB

>>> COPY $WorkDir/GMJ_one_int_indx.csv $CurrDir/H8_1.40.GMJ_one_int_indx.csv

>>> COPY $WorkDir/GMJ_one_int.csv $CurrDir/H8_1.40.GMJ_one_int.csv

>>> COPY $WorkDir/GMJ_two_int_indx.csv $CurrDir/H8_1.40.GMJ_two_int_indx.csv

>>> COPY $WorkDir/GMJ_two_int.csv $CurrDir/H8_1.40.GMJ_two_int.csv

&CASPT2
Frozen
0

MAXITER
50

>>> FOREACH i IN (B,E,F,G,H)

  >>> FOREACH j IN (P,M)

    >>> IF (-FILE GMJ_e2_${i}_${j}_1_.csv)

      >>> COPY $WorkDir/GMJ_RHS_${i}_${j}_1_.csv $CurrDir/GMJ_RHS_${i}_${j}_1_.csv

      >>> COPY $WorkDir/GMJ_IVECW_${i}_${j}_1_.csv $CurrDir/GMJ_IVECW_${i}_${j}_1_.csv

      >>> COPY $WorkDir/GMJ_IVECX_${i}_${j}_1_.csv $CurrDir/GMJ_IVECX_${i}_${j}_1_.csv

      >>> COPY $WorkDir/GMJ_IVECC2_${i}_${j}_1_.csv $CurrDir/GMJ_IVECC2_${i}_${j}_1_.csv

      >>> COPY $WorkDir/GMJ_e2_${i}_${j}_1_.csv $CurrDir/GMJ_e2_${i}_${j}_1_.csv

    >>> END IF

  >>> END FOREACH

>>> END FOREACH

>>> FOREACH i IN (A,C,D)

  >>> IF (-FILE GMJ_e2_${i}_1_.csv)

    >>> COPY $WorkDir/GMJ_RHS_${i}_1_.csv $CurrDir/GMJ_RHS_${i}_1_.csv

    >>> COPY $WorkDir/GMJ_IVECW_${i}_1_.csv $CurrDir/GMJ_IVECW_${i}_1_.csv

    >>> COPY $WorkDir/GMJ_IVECX_${i}_1_.csv $CurrDir/GMJ_IVECX_${i}_1_.csv

    >>> COPY $WorkDir/GMJ_IVECC2_${i}_1_.csv $CurrDir/GMJ_IVECC2_${i}_1_.csv

    >>> COPY $WorkDir/GMJ_e2_${i}_1_.csv $CurrDir/GMJ_e2_${i}_1_.csv

  >>> END IF

>>> END FOREACH

-- ----------------------------------

--- Start Module: gateway at Sun Oct 26 13:18:00 2025 ---
 
()()()()()()()()()()()()()()()()()()()()()()()()()()()()()()()()()()()()()()()()()()()()()()()()()()

                                              &GATEWAY

                                   only a single process is used
                       available to each process: 2.0 GB of memory, 1 thread?
()()()()()()()()()()()()()()()()()()()()()()()()()()()()()()()()()()()()()()()()()()()()()()()()()()
 
 
++    Symmetry information:
      ---------------------
 
                    Character Table for C1 
 
                             E  
                    a        1  x, y, xy, Rz, z, xz, Ry, yz, Rx, I
--
 
 
++    Basis set information:
      ----------------------
 
 
      Basis set label: H.ANO-RCC...2S1P.
 
      Electronic valence basis set:
      ------------------
      Associated Effective Charge   1.000000 au
      Associated Actual Charge      1.000000 au
      Nuclear Model: Point charge
 
      Shell  nPrim  nBasis  Cartesian Spherical Contaminant
         s       8       2        X                  
         p       4       1        X                  
--
 
 
++    Molecular structure info:
      -------------------------
 
                    ************************************************ 
                    **** Cartesian Coordinates / Bohr, Angstrom **** 
                    ************************************************ 
 
     Center  Label                x              y              z                     x              y              z
        1      H1               0.000000       0.000000       0.000000              0.000000       0.000000       0.000000
        2      H2               0.000000       0.000000       2.645617              0.000000       0.000000       1.400000
        3      H3               0.000000       0.000000       5.291233              0.000000       0.000000       2.800000
        4      H4               0.000000       0.000000       7.936850              0.000000       0.000000       4.200000
        5      H5               0.000000       0.000000      10.582466              0.000000       0.000000       5.600000
        6      H6               0.000000       0.000000      13.228083              0.000000       0.000000       7.000000
        7      H7               0.000000       0.000000      15.873699              0.000000       0.000000       8.400000
        8      H8               0.000000       0.000000      18.519316              0.000000       0.000000       9.800000
 
                    *************************************** 
                    *    InterNuclear Distances / Bohr    * 
                    *************************************** 
 
               1 H1            2 H2            3 H3            4 H4            5 H5            6 H6    
    1 H1       0.000000
    2 H2       2.645617        0.000000
    3 H3       5.291233        2.645617        0.000000
    4 H4       7.936850        5.291233        2.645617        0.000000
    5 H5      10.582466        7.936850        5.291233        2.645617        0.000000
    6 H6      13.228083       10.582466        7.936850        5.291233        2.645617        0.000000
    7 H7      15.873699       13.228083       10.582466        7.936850        5.291233        2.645617
    8 H8      18.519316       15.873699       13.228083       10.582466        7.936850        5.291233
 
               7 H7            8 H8    
    7 H7       0.000000
    8 H8       2.645617        0.000000
 
                    ******************************************* 
                    *    InterNuclear Distances / Angstrom    * 
                    ******************************************* 
 
               1 H1            2 H2            3 H3            4 H4            5 H5            6 H6    
    1 H1       0.000000
    2 H2       1.400000        0.000000
    3 H3       2.800000        1.400000        0.000000
    4 H4       4.200000        2.800000        1.400000        0.000000
    5 H5       5.600000        4.200000        2.800000        1.400000        0.000000
    6 H6       7.000000        5.600000        4.200000        2.800000        1.400000        0.000000
    7 H7       8.400000        7.000000        5.600000        4.200000        2.800000        1.400000
    8 H8       9.800000        8.400000        7.000000        5.600000        4.200000        2.800000
 
               7 H7            8 H8    
    7 H7       0.000000
    8 H8       1.400000        0.000000
 
                    ************************************** 
                    *    Valence Bond Angles / Degree    * 
                    ************************************** 
                          Atom centers                 Phi
                      1 H1       2 H2       3 H3       180.00
                      2 H2       3 H3       4 H4       180.00
                      3 H3       4 H4       5 H5       180.00
                      4 H4       5 H5       6 H6       180.00
                      5 H5       6 H6       7 H7       180.00
                      6 H6       7 H7       8 H8       180.00
--
 
 
            Nuclear Potential Energy              5.19457629 au
 
--- Stop Module: gateway at Sun Oct 26 13:18:01 2025 /rc=_RC_ALL_IS_WELL_ ---
*** files: xmldump
    saved to directory /home/grierjones/DDCASPT2/hydrogen_comps/rerun/H8_chain/H8_1.40

--- Start Module: seward at Sun Oct 26 13:18:01 2025 ---
 
()()()()()()()()()()()()()()()()()()()()()()()()()()()()()()()()()()()()()()()()()()()()()()()()()()

                                              &SEWARD

                                   only a single process is used
                       available to each process: 2.0 GB of memory, 1 thread?
()()()()()()()()()()()()()()()()()()()()()()()()()()()()()()()()()()()()()()()()()()()()()()()()()()
 
               SEWARD will generate:
                  Multipole Moment integrals up to order  2
                  Kinetic Energy integrals
                  Nuclear Attraction integrals (point charge)
                  One-Electron Hamiltonian integrals
                  Velocity integrals
                  Relativistic Douglas-Kroll-Hess integrals:
                    - Parametrization         : EXP
                    - DKH order of Hamiltonian: 2
                    - DKH order of Properties : 0
                         - multipole moment operators
                         - electric potential operators
                         - contact operators
                  Atomic mean-field integrals
                  Two-Electron Repulsion integrals
 
                   Integrals are discarded if absolute value <: 0.10E-13
                   Integral cutoff threshold is set to       <: 0.10E-15
 
            Nuclear Potential Energy              5.19457629 au
 
 
      Basis set specifications :
      Symmetry species         a  
      Basis functions           40
 
 
  Input file to MOLDEN was generated!
 
forrtl: warning (525): IEEE_DIVIDE_BY_ZERO is signaling
forrtl: warning (526): IEEE_INVALID is signaling
forrtl: warning (528): IEEE_UNDERFLOW is signaling
--- Stop Module: seward at Sun Oct 26 13:18:01 2025 /rc=_RC_ALL_IS_WELL_ ---
*** files: H8_1.40.GssOrb H8_1.40.guessorb.h5 H8_1.40.guessorb.molden xmldump
    saved to directory /home/grierjones/DDCASPT2/hydrogen_comps/rerun/H8_chain/H8_1.40

*** symbolic link created: INPORB -> H8_1.40.GssOrb
--- Start Module: scf at Sun Oct 26 13:18:01 2025 ---
 
()()()()()()()()()()()()()()()()()()()()()()()()()()()()()()()()()()()()()()()()()()()()()()()()()()

                                                &SCF

                                   only a single process is used
                       available to each process: 2.0 GB of memory, 1 thread?
()()()()()()()()()()()()()()()()()()()()()()()()()()()()()()()()()()()()()()()()()()()()()()()()()()
 
++    Input section:
      --------------
 
      Header of the integral files:
      
       Integrals generated by seward 4.2.0  , Sun Oct 26 13:18:01 2025
 
 
      Cartesian coordinates in Angstrom:
      -----------------------------------------------------
      No.  Label        X            Y            Z        
      -----------------------------------------------------
       1   H1         0.00000000   0.00000000   0.00000000
       2   H2         0.00000000   0.00000000   1.40000000
       3   H3         0.00000000   0.00000000   2.80000000
       4   H4         0.00000000   0.00000000   4.20000000
       5   H5         0.00000000   0.00000000   5.60000000
       6   H6         0.00000000   0.00000000   7.00000000
       7   H7         0.00000000   0.00000000   8.40000000
       8   H8         0.00000000   0.00000000   9.80000000
      -----------------------------------------------------
      Nuclear repulsion energy =    5.19457629
--
 
++    Orbital specifications:
      -----------------------
 
      Symmetry species               1
                                     a
      Frozen orbitals                0
      Occupied orbitals              4
      Secondary orbitals            36
      Deleted orbitals               0
      Total number of orbitals      40
      Number of basis functions     40
--
 
      Molecular charge                           0.000
 
++    Optimization specifications:
      ----------------------------
 
      SCF Algorithm: Conventional
      Minimized density differences are used
      Number of density matrices in core                5
      Maximum number of NDDO SCF iterations           400
      Maximum number of HF SCF iterations             400
      Threshold for SCF energy change            0.10E-08
      Threshold for density matrix               0.10E-03
      Threshold for Fock matrix                  0.15E-03
      Threshold for linear dependence            0.10E-08
      Threshold at which DIIS is turned on       0.15E+00
      Threshold at which QNR/C2DIIS is turned on 0.75E-01
      Threshold for Norm(delta) (QNR/C2DIIS)     0.20E-04
      DIIS extrapolation of the SCF procedure
      All orbitals punched on: SCFORB
--
 
      Input vectors read from INPORB
      Orbital file label: *Guess orbitals
 
 
++ Convergence information
                                   SCF        iterations: Energy and convergence statistics
 
Iter     Tot. SCF        One-elec.       Two-elec.     Energy      Max Dij or  Max Fij      DNorm      TNorm      AccCon     Time
         Energy          Energy          Energy        Change      Delta Norm                                                in Sec.
   1    -3.993369719   -14.740315978     5.552369967   0.00E+00    0.23E+00*   0.11E+00*    0.37E+01   0.11E+02   None         0.
   2    -4.076538311   -14.788230974     5.517116370  -0.83E-01*   0.83E-01*   0.16E-01*    0.13E+01   0.11E+02   EDIIS        0.
   3    -4.080678671   -14.747863570     5.472608607  -0.41E-02*   0.36E-01*   0.88E-02*    0.24E+00   0.11E+02   c2DIIS       0.
   4    -4.081474198   -14.748398495     5.472348004  -0.80E-03*   0.82E-02*   0.24E-02*    0.11E+00   0.11E+02   QNRc2DIIS    0.
   5    -4.081562520   -14.746301479     5.470162667  -0.88E-04*   0.80E-02*   0.11E-02*    0.83E-02   0.11E+02   QNRc2DIIS    0.
   6    -4.081591511   -14.746255142     5.470087339  -0.29E-04*   0.22E-03*   0.63E-04     0.41E-02   0.11E+02   QNRc2DIIS    0.
   7    -4.081591565   -14.746198837     5.470030980  -0.54E-07*   0.26E-04*   0.98E-05     0.42E-03   0.11E+02   QNRc2DIIS    0.
   8    -4.081591566   -14.746181550     5.470013692  -0.12E-08*   0.74E-05    0.17E-05     0.73E-04   0.11E+02   QNRc2DIIS    0.
   9    -4.081591566   -14.746181258     5.470013399  -0.56E-10    0.14E-05    0.39E-06     0.11E-04   0.11E+02   QNRc2DIIS    0.
 
       Convergence after  9 Macro Iterations
--
 
 *****************************************************************************************************************************
 *                                                                                                                           *
 *                                             SCF/KS-DFT Program, Final results                                             *
 *                                                                                                                           *
 *                                                                                                                           *
 *                                                                                                                           *
 *                                                       Final Results                                                       *
 *                                                                                                                           *
 *****************************************************************************************************************************
 
::    Total SCF energy                                 -4.0815915657
      One-electron energy                             -14.7461812576
      Two-electron energy                               5.4700133994
      Nuclear repulsion energy                          5.1945762925
      Kinetic energy (interpolated)                     3.2009660023
      Virial theorem                                    1.2751124388
      Total spin, S(S+1)                                0.0000000000
      Total spin, S                                     0.0000000000
      Max non-diagonal density matrix element           0.0000019915
      Max non-diagonal Fock matrix element              0.0000001147
 
 
      All orbitals with orbital energies smaller than  E(LUMO)+0.5 are printed
 
++    Molecular orbitals:
      -------------------
 
      Title: SCF orbitals

      Molecular orbitals for symmetry species 1: a  
 
          Orbital            1         2         3         4         5         6         7         8         9        10    
          Energy           -0.5651   -0.5221   -0.4525   -0.3634   -0.0701    0.0454    0.1692    0.2614    0.2796    0.3457
          Occ. No.          2.0000    2.0000    2.0000    2.0000    0.0000    0.0000    0.0000    0.0000    0.0000    0.0000
 
        1 H1     1s         0.1313   -0.2513    0.3459   -0.3516    0.5249   -0.7032    0.6227   -0.2669   -0.1223   -0.5084
        2 H1     2s         0.0038   -0.0078    0.0227   -0.0498    0.2119   -0.3870    0.4997    0.0664   -0.4876   -0.0528
        3 H1     2px       -0.0000    0.0000   -0.0000    0.0000    0.0000   -0.0000    0.0000    0.0000   -0.0000    0.0000
        4 H1     2py       -0.0000    0.0000   -0.0000    0.0000    0.0000   -0.0000    0.0000    0.0000   -0.0000    0.0000
        5 H1     2pz        0.0109   -0.0172    0.0165   -0.0101   -0.0036    0.0189   -0.0412   -0.0208    0.0534    0.0106
        6 H2     1s         0.2045   -0.3532    0.3888   -0.2610   -0.2394    0.7431   -1.0520    0.1185    0.5482    0.6658
        7 H2     2s        -0.0047   -0.0196    0.0723   -0.0896   -0.0858    0.3489   -0.5227    0.3081    0.0996    0.6448
        8 H2     2px       -0.0000    0.0000   -0.0000   -0.0000   -0.0000    0.0000    0.0000   -0.0000   -0.0000    0.0000
        9 H2     2py        0.0000    0.0000   -0.0000    0.0000   -0.0000    0.0000    0.0000   -0.0000   -0.0000   -0.0000
       10 H2     2pz        0.0042    0.0019   -0.0170    0.0241   -0.0250    0.0124    0.0268   -0.0109   -0.0629   -0.0239
       11 H3     1s         0.3088   -0.2794   -0.1014    0.4404   -0.5522    0.0226    0.8852   -0.3251   -0.6730   -0.9851
       12 H3     2s         0.0076    0.0007   -0.0413    0.1114   -0.2099   -0.0013    0.4758    0.1458   -0.5229   -0.2726
       13 H3     2px        0.0000    0.0000    0.0000    0.0000    0.0000   -0.0000    0.0000   -0.0000   -0.0000    0.0000
       14 H3     2py        0.0000   -0.0000   -0.0000    0.0000   -0.0000    0.0000    0.0000    0.0000    0.0000   -0.0000
       15 H3     2pz        0.0078    0.0057   -0.0214    0.0148    0.0179   -0.0326    0.0150   -0.0210    0.0071    0.0465
       16 H4     1s         0.3377   -0.1701   -0.2882    0.3765    0.4365   -0.6271   -0.3939   -0.0883    0.9436    1.0114
       17 H4     2s         0.0014   -0.0294   -0.0218    0.1005    0.1624   -0.2878   -0.1866    0.2998    0.4433    0.6258
       18 H4     2px       -0.0000   -0.0000    0.0000    0.0000    0.0000   -0.0000    0.0000   -0.0000   -0.0000    0.0000
       19 H4     2py        0.0000   -0.0000    0.0000   -0.0000   -0.0000    0.0000   -0.0000    0.0000    0.0000   -0.0000
       20 H4     2pz       -0.0015    0.0172   -0.0078   -0.0209    0.0250    0.0118   -0.0382    0.0072   -0.0353    0.0431
       21 H5     1s         0.3377    0.1701   -0.2882   -0.3765    0.4365    0.6271   -0.3939   -0.0883   -0.9436   -1.0114
       22 H5     2s         0.0014    0.0294   -0.0218   -0.1005    0.1624    0.2878   -0.1866    0.2998   -0.4433   -0.6258
       23 H5     2px        0.0000    0.0000    0.0000   -0.0000    0.0000    0.0000   -0.0000    0.0000    0.0000    0.0000
       24 H5     2py        0.0000   -0.0000   -0.0000    0.0000   -0.0000   -0.0000    0.0000   -0.0000    0.0000    0.0000
       25 H5     2pz        0.0015    0.0172    0.0078   -0.0209   -0.0250    0.0118    0.0382   -0.0072   -0.0353    0.0431
       26 H6     1s         0.3088    0.2794   -0.1014   -0.4404   -0.5522   -0.0226    0.8852   -0.3251    0.6730    0.9851
       27 H6     2s         0.0076   -0.0007   -0.0413   -0.1114   -0.2099    0.0013    0.4758    0.1458    0.5229    0.2726
       28 H6     2px       -0.0000   -0.0000    0.0000    0.0000    0.0000    0.0000    0.0000   -0.0000   -0.0000    0.0000
       29 H6     2py        0.0000    0.0000    0.0000   -0.0000   -0.0000   -0.0000   -0.0000    0.0000   -0.0000    0.0000
       30 H6     2pz       -0.0078    0.0057    0.0214    0.0148   -0.0179   -0.0326   -0.0150    0.0210    0.0071    0.0465
       31 H7     1s         0.2045    0.3532    0.3888    0.2610   -0.2394   -0.7431   -1.0520    0.1185   -0.5482   -0.6658
       32 H7     2s        -0.0047    0.0196    0.0723    0.0896   -0.0858   -0.3489   -0.5227    0.3081   -0.0996   -0.6448
       33 H7     2px       -0.0000   -0.0000   -0.0000    0.0000   -0.0000   -0.0000    0.0000    0.0000   -0.0000    0.0000
       34 H7     2py       -0.0000    0.0000    0.0000   -0.0000   -0.0000    0.0000    0.0000   -0.0000    0.0000   -0.0000
       35 H7     2pz       -0.0042    0.0019    0.0170    0.0241    0.0250    0.0124   -0.0268    0.0109   -0.0629   -0.0239
       36 H8     1s         0.1313    0.2513    0.3459    0.3516    0.5249    0.7032    0.6227   -0.2669    0.1223    0.5084
       37 H8     2s         0.0038    0.0078    0.0227    0.0498    0.2119    0.3870    0.4997    0.0664    0.4876    0.0528
       38 H8     2px       -0.0000   -0.0000    0.0000    0.0000    0.0000   -0.0000    0.0000    0.0000   -0.0000    0.0000
       39 H8     2py        0.0000    0.0000   -0.0000    0.0000   -0.0000   -0.0000    0.0000   -0.0000    0.0000   -0.0000
       40 H8     2pz       -0.0109   -0.0172   -0.0165   -0.0101    0.0036    0.0189    0.0412    0.0208    0.0534    0.0106
 
          Orbital           11    
          Energy            0.3991
          Occ. No.          0.0000
 
        1 H1     1s        -0.1649
        2 H1     2s         0.5443
        3 H1     2px        0.0000
        4 H1     2py        0.0000
        5 H1     2pz       -0.0139
        6 H2     1s         0.2463
        7 H2     2s         0.2582
        8 H2     2px        0.0000
        9 H2     2py       -0.0000
       10 H2     2pz        0.1137
       11 H3     1s        -0.2145
       12 H3     2s        -0.2438
       13 H3     2px        0.0000
       14 H3     2py       -0.0000
       15 H3     2pz        0.0468
       16 H4     1s         0.1207
       17 H4     2s        -0.3261
       18 H4     2px        0.0000
       19 H4     2py       -0.0000
       20 H4     2pz        0.0557
       21 H5     1s         0.1207
       22 H5     2s        -0.3261
       23 H5     2px       -0.0000
       24 H5     2py        0.0000
       25 H5     2pz       -0.0557
       26 H6     1s        -0.2145
       27 H6     2s        -0.2438
       28 H6     2px       -0.0000
       29 H6     2py       -0.0000
       30 H6     2pz       -0.0468
       31 H7     1s         0.2463
       32 H7     2s         0.2582
       33 H7     2px       -0.0000
       34 H7     2py       -0.0000
       35 H7     2pz       -0.1137
       36 H8     1s        -0.1649
       37 H8     2s         0.5443
       38 H8     2px       -0.0000
       39 H8     2py       -0.0000
       40 H8     2pz        0.0139
--
 
 
++    Molecular charges:
      ------------------
 
      Mulliken charges per centre and basis function type
      ---------------------------------------------------
 
                H1      H2      H3      H4      H5      H6      H7      H8    
      1s       0.9175  1.0284  0.9932  0.9926  0.9926  0.9932  1.0284  0.9175
      2s       0.0107  0.0055 -0.0256 -0.0160 -0.0160 -0.0256  0.0055  0.0107
      2px      0.0000  0.0000  0.0000  0.0000  0.0000  0.0000  0.0000  0.0000
      2pz      0.0159  0.0267  0.0254  0.0257  0.0257  0.0254  0.0267  0.0159
      2py      0.0000  0.0000  0.0000  0.0000  0.0000  0.0000  0.0000  0.0000
      Total    0.9441  1.0607  0.9930  1.0023  1.0023  0.9930  1.0607  0.9441
 
      N-E      0.0559 -0.0607  0.0070 -0.0023 -0.0023  0.0070 -0.0607  0.0559
 
      Total electronic charge=    8.000000
 
      Total            charge=   -0.000000
--
 
 
  Input file to MOLDEN was generated!
 
 
++    Static properties:
      ------------------
 
 
      LoProp Charges per center
 

                   H1       H2       H3       H4       H5       H6       H7       H8    
      Nuclear      1.0000   1.0000   1.0000   1.0000   1.0000   1.0000   1.0000   1.0000
      Electronic  -0.9848  -1.0134  -0.9983  -1.0035  -1.0035  -0.9983  -1.0134  -0.9848
 
      Total        0.0152  -0.0134   0.0017  -0.0035  -0.0035   0.0017  -0.0134   0.0152
--
 
 
++    Natural Bond Order analysis
      ---------------------------
      Based on LoProp computed density
      -------------------------------------------------------------------------------------
      Atom A       Atom B       Bond Order
      -------------------------------------------------------------------------------------
      NBO located      0.950 non-bonded electrons on atom H1        
      NBO located      1.017 non-bonded electrons on atom H3        
      NBO located      1.016 non-bonded electrons on atom H4        
      NBO located      1.016 non-bonded electrons on atom H5        
      NBO located      1.017 non-bonded electrons on atom H6        
      NBO located      0.950 non-bonded electrons on atom H8        
      The remaining    2.033 electrons are to be considered as diffuse
--
 
 
++    Molecular properties:
      ---------------------
 
      Charge (e):
                      =   -0.0000
      Dipole Moment (Debye):
      Origin of the operator (Ang)=    0.0000    0.0000    0.0000
                   X=  9.8635E-14               Y=  4.4096E-14               Z= -2.8896E-13           Total=  3.0850E-13
      Quadrupole Moment (Debye*Ang):
      Origin of the operator (Ang)=    0.0000    0.0000    4.9000
                  XX= -1.2204E+01              XY= -2.6570E-28              XZ= -4.2607E-13              YY= -1.2204E+01
                  YZ= -2.3968E-13              ZZ= -4.7409E+00
      In traceless form (Debye*Ang)
                  XX= -3.7315E+00              XY= -3.9855E-28              XZ= -6.3910E-13              YY= -3.7315E+00
                  YZ= -3.5951E-13              ZZ=  7.4631E+00
--
 
 
  Input file to MOLDEN was generated!
 
 ###############################################################################
 ###############################################################################
 ###                                                                         ###
 ###                                                                         ###
 ###    RunFile label nBas                                                   ###
 ###    was used       78 times                                              ###
 ###                                                                         ###
 ###                                                                         ###
 ###############################################################################
 ###############################################################################
forrtl: warning (528): IEEE_UNDERFLOW is signaling
--- Stop Module: scf at Sun Oct 26 13:18:02 2025 /rc=_RC_ALL_IS_WELL_ ---
*** files: H8_1.40.LprOrb H8_1.40.LoProp.molden H8_1.40.scf.molden H8_1.40.ScfOrb H8_1.40.scf.h5 xmldump
    saved to directory /home/grierjones/DDCASPT2/hydrogen_comps/rerun/H8_chain/H8_1.40

>>> COPY /tmp/H8_1.40/H8_1.40.scf.h5 /home/grierjones/DDCASPT2/hydrogen_comps/rerun/H8_chain/H8_1.40/

*** symbolic link created: INPORB -> H8_1.40.ScfOrb
--- Start Module: rasscf at Sun Oct 26 13:18:02 2025 ---
 
()()()()()()()()()()()()()()()()()()()()()()()()()()()()()()()()()()()()()()()()()()()()()()()()()()

                                              &RASSCF

                                   only a single process is used
                       available to each process: 2.0 GB of memory, 1 thread?
()()()()()()()()()()()()()()()()()()()()()()()()()()()()()()()()()()()()()()()()()()()()()()()()()()
 
 
      Header of the ONEINT file:
      --------------------------
      
      Integrals generated by seward 4.2.0  , Sun Oct 26 13:18:01 2025
 
 
      OrdInt status: non-squared
 
 
      Cartesian coordinates in Angstrom:
      -----------------------------------------------------
      No.  Label        X            Y            Z        
      -----------------------------------------------------
       1   H1         0.00000000   0.00000000   0.00000000
       2   H2         0.00000000   0.00000000   1.40000000
       3   H3         0.00000000   0.00000000   2.80000000
       4   H4         0.00000000   0.00000000   4.20000000
       5   H5         0.00000000   0.00000000   5.60000000
       6   H6         0.00000000   0.00000000   7.00000000
       7   H7         0.00000000   0.00000000   8.40000000
       8   H8         0.00000000   0.00000000   9.80000000
      -----------------------------------------------------
      Nuclear repulsion energy =    5.19457629
 
++    Wave function specifications:
      -----------------------------
 
      Number of closed shell electrons           0
      Number of electrons in active shells       8
      Max number of holes in RAS1 space          0
      Max nr of electrons in RAS3 space          0
      Number of inactive orbitals                0
      Number of active orbitals                  8
      Number of secondary orbitals              32
      Spin quantum number                      0.0
      State symmetry                             1
--
 
++    Orbital specifications:
      -----------------------
 
      Symmetry species                           1
                                                 a
      Frozen orbitals                            0
      Inactive orbitals                          0
      Active orbitals                            8
      RAS1 orbitals                              0
      RAS2 orbitals                              8
      RAS3 orbitals                              0
      Secondary orbitals                        32
      Deleted orbitals                           0
      Number of basis functions                 40
--
 
++    CI expansion specifications:
      ----------------------------
 
      Number of CSFs                          1764
      Number of determinants                  2485
      Number of root(s) required                 1
      Root chosen for geometry opt.              1
      CI root used                               1
         
      highest root included in the CI            1
      max. size of the explicit Hamiltonian    200
--
 
++    Optimization specifications:
      ----------------------------
 
      RASSCF algorithm: Conventional
      Maximum number of macro iterations       200
      Maximum number of SX iterations          100
      Threshold for RASSCF energy            0.100E-07
      Threshold for max MO rotation          0.100E+00
      Threshold for max BLB element          0.100E-03
      Level shift parameter                  0.500E+00
      Make Quasi-Newton update
--
 
      The MO-coefficients are taken from the file:
      /home/grierjones/DDCASPT2/hydrogen_comps/rerun/H8_chain/H8_0.60/H8_0.60.RasOrb                                                  
      Title: RASSCF average (pseudo-natural) orbitals                                      
 
      Total molecular charge    0.00
 
      ************************************************************************************************************************
      *                                                                                                                      *
      *                                            Wave function control section                                             *
      *                                                                                                                      *
      ************************************************************************************************************************
 
 
                                         RASSCF iterations: Energy and convergence statistics
                                         ----------------------------------------------------
 
      Iter CI   SX   CI       RASSCF       Energy    max ROT     max BLB   max BLB  Level Ln srch  Step   QN   Walltime
          iter iter root      energy       change     param      element    value   shift minimum  type update hh:mm:ss
 Nr of preliminary CI iterations:   5
        1   1  100    1    -3.35663361    0.00E+00  -0.21E+00*   2  38 1 -0.50E+00*  0.05   0.00    SX    NO    0:00:00
        2   5  100    1    -4.04904428   -0.69E+00*  0.15E+00*   1   9 1 -0.23E+00*  0.00   0.00    SX    NO    0:00:00
        3   3   20    1    -4.17949774   -0.13E+00*  0.40E-01    1   9 1 -0.60E-01*  0.00   0.00    SX    NO    0:00:00
        4   3   20    1    -4.18890339   -0.94E-02* -0.25E-01    1   9 1 -0.14E-01*  0.00   0.00    SX    NO    0:00:00
        5   4   19    1    -4.18990671   -0.10E-02*  0.24E+00*   1   9 1 -0.40E-02*  0.00   1.95    QN   YES    0:00:00
 ###############################################################################
 ###############################################################################
 ###                                                                         ###
 ###                                                                         ###
 ###    Large orbital rotation.                                              ###
 ###                                                                         ###
 ###                                                                         ###
 ###############################################################################
 ###############################################################################
      Molecular orbital   8 of symmetry 1 MO space 2  weight is    0.032821
 ###############################################################################
 ###############################################################################
 ###                                                                         ###
 ###                                                                         ###
 ###    Large orbital rotation.                                              ###
 ###                                                                         ###
 ###                                                                         ###
 ###############################################################################
 ###############################################################################
      Molecular orbital  15 of symmetry 1 MO space 3  weight is    0.303762
        6   6   57    1    -4.19423074   -0.43E-02*  0.83E+00*   8  15 1 -0.99E-02*  0.00   1.95    QN   YES    0:00:00
        7   7   95    1    -4.23457913   -0.40E-01* -0.35E+00*   8  15 1  0.30E-01*  0.00   0.00    SX    NO    0:00:00
        8   5   15    1    -4.26147385   -0.27E-01* -0.30E-01    2  10 1 -0.12E-01*  0.00   1.07    QN   YES    0:00:00
        9   3   15    1    -4.26249596   -0.10E-02*  0.88E-02    2  38 1  0.22E-02*  0.00   1.12    QN   YES    0:00:00
       10   4   13    1    -4.26261124   -0.12E-03*  0.37E-02    8  15 1 -0.87E-03*  0.00   1.43    LS   YES    0:00:00
       11   4   13    1    -4.26262580   -0.15E-04*  0.33E-02    2  36 1 -0.76E-03*  0.00   1.24    QN   YES    0:00:00
       12   4   11    1    -4.26263242   -0.66E-05*  0.36E-03    3  37 1 -0.18E-03*  0.00   1.16    QN   YES    0:00:00
       13   3   10    1    -4.26263272   -0.29E-06*  0.11E-03    4  38 1  0.28E-04   0.00   1.14    QN   YES    0:00:00
       14   3    8    1    -4.26263274   -0.20E-07*  0.37E-04    4  38 1  0.78E-05   0.00   1.20    QN   YES    0:00:00
       15   1    6    1    -4.26263274   -0.14E-08   0.53E-05    4  36 1  0.20E-05   0.00   1.03    QN   YES    0:00:00
      Convergence after 15 iterations
 
  Dmat in MO in SXCTL bf call to SXHAM                                                                                    
  mat. size =     8x    8
 
        1.8802089018211243
       -0.0000144904420349      1.8775214923394863
       -0.0303386812288410     -0.0000230467465559      1.8101976382558049
        0.0000041529622788     -0.0427884412436897      0.0000051265429790      1.7135032682701234
       -0.1838394922993393     -0.0001996790993817     -0.1958917585289511      0.0000386847341929      0.1515737847356770
        0.0000154530148761     -0.0177722237356570      0.0000704355902336     -0.0260870535167461     -0.0000119773041524
        0.1466496416530157
        0.1388030081339005     -0.0000649063796848     -0.0521810904581830      0.0000129476603182      0.0252052633377087
        0.0000042964995845      0.3226133083874467
       -0.0000472934324834      0.0080978150365962     -0.0000106140286841      0.0092342287556713      0.0000058493662989
       -0.0409800852686197      0.0000142189328026      0.0977319645373301
       16   1    6    1    -4.26263274   -0.54E-10   0.53E-05    8  15 1 -0.34E-06   0.00   1.03    QN   YES    0:00:00
 
      ************************************************************************************************************************
                                                      Wave function printout:
                       occupation of active orbitals, and spin coupling of open shells (u,d: Spin up or down)
      ************************************************************************************************************************
 
      Note: transformation to natural orbitals
      has been made, which may change the order of the CSFs.
 
      printout of CI-coefficients larger than  0.05 for root  1
      energy=      -4.262633
      conf/sym  11111111     Coeff  Weight
             1  22220000   0.83639 0.69955
            20  22200200  -0.06013 0.00362
            23  22200020  -0.25112 0.06306
            29  22udud00   0.05007 0.00251
            32  22ud0ud0  -0.20612 0.04248
            40  2u2d0200  -0.05260 0.00277
            41  2u2du0d0   0.14750 0.02176
            45  2u2d0u0d   0.05068 0.00257
            49  u22dud00   0.06030 0.00364
            56  u22d00ud   0.13716 0.01881
            60  22020200  -0.10236 0.01048
            61  2202u0d0   0.05220 0.00272
            63  22020020  -0.07439 0.00553
            69  2ud2ud00   0.11181 0.01250
            72  2ud20ud0  -0.06444 0.00415
            76  2ud200ud   0.06169 0.00381
            81  u2d2u0d0   0.06252 0.00391
            85  u2d20u0d   0.07981 0.00637
            88  20222000  -0.05881 0.00346
           102  ud220ud0  -0.05569 0.00310
           104  ud22u00d  -0.06774 0.00459
           120  22uu0dd0  -0.07963 0.00634
           125  2u2ud0d0   0.06074 0.00369
           135  u22u00dd  -0.05531 0.00306
           559  22000220   0.05877 0.00345
           578  2ud0ud20  -0.05034 0.00253
 
      Natural orbitals and occupation numbers for root  1
      sym 1:   1.913718   1.888103   1.832626   1.703658   0.103808   0.169195   0.314441   0.074450
 
      ************************************************************************************************************************
      *                                                                                                                      *
      *                                                    Final results                                                     *
      *                                                                                                                      *
      ************************************************************************************************************************
 
 
++    Wave function specifications:
      -----------------------------
 
      Number of closed shell electrons           0
      Number of electrons in active shells       8
      Max number of holes in RAS1 space          0
      Max nr of electrons in RAS3 space          0
      Number of inactive orbitals                0
      Number of active orbitals                  8
      Number of secondary orbitals              32
      Spin quantum number                      0.0
      State symmetry                             1
--
 
++    Orbital specifications:
      -----------------------
 
      Symmetry species                           1
                                                 a
      Frozen orbitals                            0
      Inactive orbitals                          0
      Active orbitals                            8
      RAS1 orbitals                              0
      RAS2 orbitals                              8
      RAS3 orbitals                              0
      Secondary orbitals                        32
      Deleted orbitals                           0
      Number of basis functions                 40
--
 
++    CI expansion specifications:
      ----------------------------
 
      Number of CSFs                          1764
      Number of determinants                  2485
      Number of root(s) required                 1
      CI root used                               1
      highest root included in the CI            1
      Root passed to geometry opt.               1
--
 
++    Final optimization conditions:
      ------------------------------
 
      Average CI energy                              -4.26263274
      RASSCF energy for state  1                     -4.26263274
      Super-CI energy                                -0.00000000
      RASSCF energy change                            0.00000000
      Max change in MO coefficients              -0.907E-05
      Max non-diagonal density matrix element     0.529E-05
      Maximum BLB matrix element                 -0.341E-06
      (orbital pair   8,  15 in symmetry   1)
      Norm of electronic gradient            0.116E-05
--
 
 
      Final state energy(ies):
      ------------------------
 
::    RASSCF root number  1 Total energy:     -4.26263274
 
++    Molecular orbitals:
      -------------------
 
      Pseudonatural active orbitals and approximate occupation numbers
 
 
 
 
      Molecular orbitals for symmetry species 1: a  
 
 
      Orbital                1         2         3         4         5         6         7         8         9        10
      Energy            0.0000    0.0000    0.0000    0.0000    0.0000    0.0000    0.0000    0.0000    0.2590    0.2992
      Occ. No.          1.9137    1.8881    1.8326    1.7037    0.1038    0.1692    0.3144    0.0745    0.0000    0.0000
 
    1 H1     1s         0.1351   -0.2644    0.3590   -0.3584    0.5263   -0.5745   -0.4547    0.3228   -0.0795   -0.0323
    2 H1     2s         0.0013   -0.0034    0.0128   -0.0315    0.0452   -0.0331   -0.0276    0.0376    0.2370    0.4931
    3 H1     2px       -0.0000   -0.0000    0.0000   -0.0000    0.0000   -0.0000   -0.0000    0.0000   -0.0000   -0.0000
    4 H1     2py       -0.0000   -0.0000    0.0000   -0.0000    0.0000   -0.0000   -0.0000    0.0000   -0.0000   -0.0000
    5 H1     2pz        0.0077   -0.0119    0.0106   -0.0055    0.0089   -0.0067   -0.0037    0.0071   -0.0306   -0.0404
    6 H2     1s         0.2111   -0.3590    0.3767   -0.2406   -0.7967    0.5635    0.1769   -0.6088   -0.1383   -0.1917
    7 H2     2s        -0.0070   -0.0088    0.0480   -0.0675   -0.1536    0.0695   -0.0143   -0.1432    0.1656    0.1811
    8 H2     2px       -0.0000    0.0000   -0.0000    0.0000    0.0000   -0.0000   -0.0000    0.0000   -0.0000   -0.0000
    9 H2     2py       -0.0000    0.0000   -0.0000    0.0000    0.0000   -0.0000   -0.0000    0.0000   -0.0000   -0.0000
   10 H2     2pz        0.0055   -0.0012   -0.0120    0.0197    0.0016    0.0093    0.0175    0.0038    0.0012    0.0448
   11 H3     1s         0.3086   -0.2814   -0.0911    0.4410    0.6930    0.0680    0.5219    0.8454   -0.1311   -0.0347
   12 H3     2s        -0.0002    0.0053   -0.0290    0.0815    0.1506   -0.0138    0.0695    0.1971    0.2342    0.2317
   13 H3     2px        0.0000   -0.0000   -0.0000    0.0000    0.0000    0.0000    0.0000    0.0000   -0.0000   -0.0000
   14 H3     2py        0.0000   -0.0000   -0.0000    0.0000    0.0000    0.0000    0.0000    0.0000   -0.0000   -0.0000
   15 H3     2pz        0.0040    0.0072   -0.0180    0.0106    0.0106   -0.0124   -0.0077    0.0055   -0.0134    0.0239
   16 H4     1s         0.3421   -0.1538   -0.2973    0.3693   -0.2939   -0.5723   -0.4030   -0.9545   -0.1467   -0.0595
   17 H4     2s        -0.0043   -0.0163   -0.0128    0.0734   -0.0453   -0.1167   -0.0408   -0.2273    0.2385    0.0418
   18 H4     2px       -0.0000    0.0000    0.0000   -0.0000    0.0000   -0.0000    0.0000    0.0000   -0.0000   -0.0000
   19 H4     2py       -0.0000    0.0000    0.0000   -0.0000    0.0000   -0.0000    0.0000    0.0000   -0.0000   -0.0000
   20 H4     2pz        0.0013    0.0132   -0.0082   -0.0165   -0.0065    0.0083   -0.0124    0.0070   -0.0001    0.0454
   21 H5     1s         0.3421    0.1538   -0.2973   -0.3693   -0.2939    0.5723   -0.4030    0.9545   -0.1467    0.0595
   22 H5     2s        -0.0043    0.0163   -0.0128   -0.0734   -0.0453    0.1167   -0.0408    0.2273    0.2385   -0.0418
   23 H5     2px        0.0000    0.0000   -0.0000   -0.0000   -0.0000   -0.0000   -0.0000    0.0000    0.0000   -0.0000
   24 H5     2py        0.0000    0.0000   -0.0000   -0.0000   -0.0000   -0.0000   -0.0000    0.0000    0.0000   -0.0000
   25 H5     2pz       -0.0013    0.0132    0.0082   -0.0165    0.0065    0.0083    0.0124    0.0070    0.0001    0.0454
   26 H6     1s         0.3086    0.2814   -0.0911   -0.4410    0.6930   -0.0680    0.5219   -0.8454   -0.1311    0.0347
   27 H6     2s        -0.0002   -0.0053   -0.0290   -0.0815    0.1506    0.0138    0.0695   -0.1971    0.2342   -0.2317
   28 H6     2px       -0.0000   -0.0000    0.0000    0.0000   -0.0000    0.0000   -0.0000    0.0000    0.0000   -0.0000
   29 H6     2py       -0.0000   -0.0000    0.0000    0.0000   -0.0000    0.0000   -0.0000    0.0000    0.0000   -0.0000
   30 H6     2pz       -0.0040    0.0072    0.0180    0.0106   -0.0106   -0.0124    0.0077    0.0055    0.0134    0.0239
   31 H7     1s         0.2111    0.3590    0.3767    0.2406   -0.7967   -0.5635    0.1769    0.6088   -0.1383    0.1917
   32 H7     2s        -0.0070    0.0088    0.0480    0.0675   -0.1536   -0.0695   -0.0143    0.1432    0.1656   -0.1811
   33 H7     2px        0.0000    0.0000    0.0000    0.0000   -0.0000   -0.0000    0.0000    0.0000    0.0000   -0.0000
   34 H7     2py        0.0000    0.0000    0.0000    0.0000   -0.0000   -0.0000    0.0000    0.0000    0.0000   -0.0000
   35 H7     2pz       -0.0055   -0.0012    0.0120    0.0197   -0.0016    0.0093   -0.0175    0.0038   -0.0012    0.0448
   36 H8     1s         0.1351    0.2644    0.3590    0.3584    0.5263    0.5745   -0.4547   -0.3228   -0.0795    0.0323
   37 H8     2s         0.0013    0.0034    0.0128    0.0315    0.0452    0.0331   -0.0276   -0.0376    0.2370   -0.4931
   38 H8     2px        0.0000   -0.0000   -0.0000   -0.0000   -0.0000   -0.0000    0.0000    0.0000    0.0000   -0.0000
   39 H8     2py        0.0000   -0.0000   -0.0000   -0.0000   -0.0000   -0.0000    0.0000    0.0000    0.0000   -0.0000
   40 H8     2pz       -0.0077   -0.0119   -0.0106   -0.0055   -0.0089   -0.0067    0.0037    0.0071    0.0306   -0.0404
 
 
      Orbital               11        12        13        14        15        16        17        18        19        20
      Energy            0.3739    0.5111    0.6191    0.6191    0.6773    0.6773    0.7284    0.7741    0.7741    0.9102
      Occ. No.          0.0000    0.0000    0.0000    0.0000    0.0000    0.0000    0.0000    0.0000    0.0000    0.0000
 
    1 H1     1s        -0.1724    0.4687   -0.0000    0.0000    0.0000    0.0000    0.7104   -0.0000   -0.0000   -0.0000
    2 H1     2s        -0.7202    0.8728    0.0000    0.0000   -0.0000    0.0000    0.8640    0.0000   -0.0000   -0.0000
    3 H1     2px        0.0000   -0.0000    0.1245   -0.0483   -0.2449    0.0950   -0.0000   -0.3512   -0.1360   -0.4270
    4 H1     2py        0.0000   -0.0000    0.0483    0.1245   -0.0950   -0.2449   -0.0000   -0.1360    0.3512   -0.1657
    5 H1     2pz        0.0248   -0.0027    0.0000   -0.0000   -0.0000    0.0000   -0.0340    0.0000    0.0000    0.0000
    6 H2     1s         0.1760   -0.2800    0.0000   -0.0000   -0.0000    0.0000   -0.6712    0.0000    0.0000    0.0000
    7 H2     2s         0.0454   -0.5650    0.0000   -0.0000   -0.0000   -0.0000   -1.2502    0.0000    0.0000    0.0000
    8 H2     2px        0.0000   -0.0000    0.2234   -0.0867   -0.3557    0.1379   -0.0000   -0.3277   -0.1269   -0.1254
    9 H2     2py        0.0000   -0.0000    0.0867    0.2234   -0.1379   -0.3557   -0.0000   -0.1269    0.3277   -0.0487
   10 H2     2pz       -0.1155    0.1563    0.0000    0.0000   -0.0000    0.0000    0.1373   -0.0000   -0.0000   -0.0000
   11 H3     1s        -0.0849   -0.0369   -0.0000    0.0000    0.0000   -0.0000   -0.1309   -0.0000    0.0000   -0.0000
   12 H3     2s         0.1071   -0.5311   -0.0000   -0.0000    0.0000   -0.0000   -0.3581   -0.0000    0.0000   -0.0000
   13 H3     2px        0.0000   -0.0000    0.3002   -0.1165   -0.3100    0.1202    0.0000    0.0100    0.0039    0.3767
   14 H3     2py        0.0000   -0.0000    0.1165    0.3002   -0.1202   -0.3100    0.0000    0.0039   -0.0100    0.1462
   15 H3     2pz       -0.0495   -0.0245    0.0000   -0.0000    0.0000   -0.0000   -0.1903    0.0000    0.0000    0.0000
   16 H4     1s        -0.0342   -0.0107    0.0000    0.0000   -0.0000    0.0000    0.3124    0.0000   -0.0000    0.0000
   17 H4     2s         0.3715   -0.2932    0.0000    0.0000   -0.0000    0.0000    0.7485    0.0000   -0.0000    0.0000
   18 H4     2px        0.0000   -0.0000    0.3403   -0.1321   -0.1223    0.0474    0.0000    0.3365    0.1303    0.2717
   19 H4     2py        0.0000   -0.0000    0.1321    0.3403   -0.0474   -0.1223    0.0000    0.1303   -0.3365    0.1054
   20 H4     2pz       -0.0335   -0.0920   -0.0000   -0.0000   -0.0000   -0.0000   -0.0563   -0.0000   -0.0000    0.0000
   21 H5     1s        -0.0342    0.0107   -0.0000   -0.0000   -0.0000   -0.0000    0.3124   -0.0000   -0.0000    0.0000
   22 H5     2s         0.3715    0.2932   -0.0000    0.0000   -0.0000    0.0000    0.7485   -0.0000   -0.0000    0.0000
   23 H5     2px       -0.0000   -0.0000    0.3403   -0.1321    0.1223   -0.0474   -0.0000    0.3365    0.1303   -0.2717
   24 H5     2py       -0.0000   -0.0000    0.1321    0.3403    0.0474    0.1223   -0.0000    0.1303   -0.3365   -0.1054
   25 H5     2pz        0.0335   -0.0920   -0.0000    0.0000    0.0000    0.0000    0.0563   -0.0000    0.0000   -0.0000
   26 H6     1s        -0.0849    0.0369    0.0000    0.0000    0.0000    0.0000   -0.1309    0.0000    0.0000   -0.0000
   27 H6     2s         0.1071    0.5311    0.0000    0.0000    0.0000    0.0000   -0.3581    0.0000    0.0000   -0.0000
   28 H6     2px       -0.0000   -0.0000    0.3002   -0.1165    0.3100   -0.1202   -0.0000    0.0100    0.0039   -0.3767
   29 H6     2py       -0.0000   -0.0000    0.1165    0.3002    0.1202    0.3100   -0.0000    0.0039   -0.0100   -0.1462
   30 H6     2pz        0.0495   -0.0245    0.0000    0.0000   -0.0000    0.0000    0.1903    0.0000   -0.0000   -0.0000
   31 H7     1s         0.1760    0.2800   -0.0000   -0.0000   -0.0000   -0.0000   -0.6712   -0.0000    0.0000    0.0000
   32 H7     2s         0.0454    0.5650   -0.0000   -0.0000   -0.0000   -0.0000   -1.2502   -0.0000    0.0000    0.0000
   33 H7     2px       -0.0000   -0.0000    0.2234   -0.0867    0.3557   -0.1379    0.0000   -0.3277   -0.1269    0.1254
   34 H7     2py       -0.0000   -0.0000    0.0867    0.2234    0.1379    0.3557    0.0000   -0.1269    0.3277    0.0487
   35 H7     2pz        0.1155    0.1563    0.0000    0.0000    0.0000    0.0000   -0.1373   -0.0000    0.0000    0.0000
   36 H8     1s        -0.1724   -0.4687    0.0000    0.0000    0.0000    0.0000    0.7104    0.0000   -0.0000   -0.0000
   37 H8     2s        -0.7202   -0.8728   -0.0000    0.0000   -0.0000    0.0000    0.8640   -0.0000   -0.0000   -0.0000
   38 H8     2px       -0.0000   -0.0000    0.1245   -0.0483    0.2449   -0.0950    0.0000   -0.3512   -0.1360    0.4270
   39 H8     2py       -0.0000   -0.0000    0.0483    0.1245    0.0950    0.2449    0.0000   -0.1360    0.3512    0.1657
   40 H8     2pz       -0.0248   -0.0027    0.0000    0.0000    0.0000    0.0000    0.0340    0.0000   -0.0000   -0.0000
 
 
      Orbital               21        22        23        24        25        26        27        28        29        30
      Energy            0.9102    0.9607    0.9805    1.0872    1.0872    1.1070    1.1753    1.2918    1.2918    1.4997
      Occ. No.          0.0000    0.0000    0.0000    0.0000    0.0000    0.0000    0.0000    0.0000    0.0000    0.0000
 
    1 H1     1s        -0.0000    0.0333   -0.6273    0.0000   -0.0000   -0.3704    0.2846   -0.0000    0.0000    0.0000
    2 H1     2s        -0.0000    0.3073   -0.4712    0.0000   -0.0000   -0.6283    0.1323    0.0000   -0.0000   -0.0000
    3 H1     2px        0.1657    0.0000    0.0000    0.4600   -0.1828    0.0000   -0.0000   -0.4400    0.1736    0.3481
    4 H1     2py       -0.4270    0.0000    0.0000    0.1828    0.4600    0.0000   -0.0000   -0.1736   -0.4400    0.1473
    5 H1     2pz        0.0000    0.2696    0.2487    0.0000   -0.0000   -0.3253   -0.3075    0.0000   -0.0000   -0.0000
    6 H2     1s         0.0000   -0.0427    0.9567   -0.0000    0.0000    0.7066   -0.6307    0.0000   -0.0000   -0.0000
    7 H2     2s         0.0000   -0.2099    1.4730   -0.0000    0.0000    1.0277   -1.0150    0.0000   -0.0000    0.0000
    8 H2     2px        0.0487    0.0000   -0.0000   -0.1876    0.0745   -0.0000    0.0000    0.4724   -0.1864   -0.5655
    9 H2     2py       -0.1254    0.0000   -0.0000   -0.0745   -0.1876   -0.0000    0.0000    0.1864    0.4724   -0.2392
   10 H2     2pz       -0.0000   -0.2442   -0.1565   -0.0000    0.0000    0.2904    0.0606   -0.0000    0.0000   -0.0000
   11 H3     1s        -0.0000   -0.1963   -0.4984   -0.0000    0.0000   -0.1692    0.9735   -0.0000    0.0000    0.0000
   12 H3     2s        -0.0000   -0.2482   -0.9214    0.0000   -0.0000   -0.1226    1.6151   -0.0000    0.0000    0.0000
   13 H3     2px       -0.1462   -0.0000   -0.0000   -0.4041    0.1606   -0.0000    0.0000   -0.0146    0.0058    0.5062
   14 H3     2py        0.3767   -0.0000   -0.0000   -0.1606   -0.4041   -0.0000    0.0000   -0.0058   -0.0146    0.2142
   15 H3     2pz        0.0000    0.3005    0.2393   -0.0000    0.0000   -0.1703    0.1016   -0.0000    0.0000    0.0000
   16 H4     1s        -0.0000    0.1474   -0.5162    0.0000   -0.0000   -0.6256   -0.4908   -0.0000   -0.0000   -0.0000
   17 H4     2s        -0.0000    0.2293   -0.7756    0.0000   -0.0000   -1.2182   -0.8047    0.0000   -0.0000   -0.0000
   18 H4     2px       -0.1054   -0.0000   -0.0000    0.3106   -0.1234    0.0000   -0.0000   -0.4571    0.1804   -0.2016
   19 H4     2py        0.2717   -0.0000   -0.0000    0.1234    0.3106    0.0000   -0.0000   -0.1804   -0.4571   -0.0853
   20 H4     2pz       -0.0000   -0.3721   -0.1315    0.0000   -0.0000    0.0456   -0.1961    0.0000   -0.0000   -0.0000
   21 H5     1s         0.0000    0.1474    0.5162   -0.0000    0.0000    0.6256   -0.4908   -0.0000    0.0000    0.0000
   22 H5     2s         0.0000    0.2293    0.7756   -0.0000    0.0000    1.2182   -0.8047    0.0000   -0.0000    0.0000
   23 H5     2px        0.1054    0.0000   -0.0000    0.3106   -0.1234    0.0000    0.0000    0.4571   -0.1804   -0.2016
   24 H5     2py       -0.2717    0.0000   -0.0000    0.1234    0.3106    0.0000    0.0000    0.1804    0.4571   -0.0853
   25 H5     2pz       -0.0000    0.3721   -0.1315    0.0000   -0.0000    0.0456    0.1961   -0.0000    0.0000   -0.0000
   26 H6     1s         0.0000   -0.1963    0.4984    0.0000   -0.0000    0.1692    0.9735   -0.0000   -0.0000   -0.0000
   27 H6     2s         0.0000   -0.2482    0.9214   -0.0000   -0.0000    0.1226    1.6151   -0.0000    0.0000   -0.0000
   28 H6     2px        0.1462    0.0000   -0.0000   -0.4041    0.1606   -0.0000   -0.0000    0.0146   -0.0058    0.5062
   29 H6     2py       -0.3767    0.0000   -0.0000   -0.1606   -0.4041   -0.0000   -0.0000    0.0058    0.0146    0.2142
   30 H6     2pz        0.0000   -0.3005    0.2393   -0.0000    0.0000   -0.1703   -0.1016    0.0000   -0.0000    0.0000
   31 H7     1s        -0.0000   -0.0427   -0.9567    0.0000   -0.0000   -0.7066   -0.6307    0.0000    0.0000    0.0000
   32 H7     2s        -0.0000   -0.2099   -1.4730    0.0000   -0.0000   -1.0277   -1.0150    0.0000   -0.0000   -0.0000
   33 H7     2px       -0.0487   -0.0000   -0.0000   -0.1876    0.0745   -0.0000   -0.0000   -0.4724    0.1864   -0.5655
   34 H7     2py        0.1254   -0.0000   -0.0000   -0.0745   -0.1876   -0.0000   -0.0000   -0.1864   -0.4724   -0.2392
   35 H7     2pz        0.0000    0.2442   -0.1565   -0.0000    0.0000    0.2904   -0.0606    0.0000   -0.0000   -0.0000
   36 H8     1s         0.0000    0.0333    0.6273   -0.0000    0.0000    0.3704    0.2846   -0.0000    0.0000   -0.0000
   37 H8     2s         0.0000    0.3073    0.4712   -0.0000    0.0000    0.6283    0.1323    0.0000   -0.0000    0.0000
   38 H8     2px       -0.1657   -0.0000    0.0000    0.4600   -0.1828    0.0000    0.0000    0.4400   -0.1736    0.3481
   39 H8     2py        0.4270   -0.0000    0.0000    0.1828    0.4600    0.0000    0.0000    0.1736    0.4400    0.1473
   40 H8     2pz        0.0000   -0.2696    0.2487    0.0000   -0.0000   -0.3253    0.3075   -0.0000    0.0000   -0.0000
 
 
      Orbital               31        32        33        34        35        36        37        38        39        40
      Energy            1.4997    1.5794    1.6632    1.6632    1.6889    1.7728    1.9875    2.3532    2.7716    3.1679
      Occ. No.          0.0000    0.0000    0.0000    0.0000    0.0000    0.0000    0.0000    0.0000    0.0000    0.0000
 
    1 H1     1s        -0.0000    0.8289    0.0000   -0.0000    0.5457   -0.7133    0.6497   -0.5949   -0.4985    0.3030
    2 H1     2s         0.0000    0.8802    0.0000   -0.0000    0.5078   -0.6950    0.4400   -0.2689   -0.1570    0.0778
    3 H1     2px       -0.1473    0.0000   -0.1960    0.0808    0.0000   -0.0000    0.0000    0.0000    0.0000   -0.0000
    4 H1     2py        0.3481    0.0000   -0.0808   -0.1960    0.0000   -0.0000    0.0000    0.0000    0.0000   -0.0000
    5 H1     2pz        0.0000    0.5029    0.0000   -0.0000    0.5984   -0.3589    0.6531   -0.5787   -0.4576    0.2639
    6 H2     1s         0.0000   -2.2025   -0.0000    0.0000   -0.9777    2.0621   -0.8407    0.2798   -0.1141    0.1981
    7 H2     2s        -0.0000   -2.2064   -0.0000    0.0000   -0.6129    2.0340   -0.4651    0.1663    0.0688   -0.0409
    8 H2     2px        0.2392   -0.0000    0.3895   -0.1606   -0.0000    0.0000   -0.0000    0.0000    0.0000    0.0000
    9 H2     2py       -0.5655   -0.0000    0.1606    0.3895   -0.0000    0.0000   -0.0000    0.0000    0.0000    0.0000
   10 H2     2pz        0.0000   -0.3144   -0.0000    0.0000    0.1236    0.2524    0.5177   -0.8794   -0.9794    0.6700
   11 H3     1s        -0.0000    2.4428    0.0000   -0.0000   -0.2556   -3.0594   -0.4639    0.5879    0.1650    0.1921
   12 H3     2s        -0.0000    2.4651    0.0000   -0.0000   -0.3748   -3.1719   -0.1103    0.0443   -0.0297    0.0419
   13 H3     2px       -0.2142    0.0000   -0.5329    0.2198    0.0000   -0.0000    0.0000   -0.0000    0.0000   -0.0000
   14 H3     2py        0.5062    0.0000   -0.2198   -0.5329    0.0000   -0.0000    0.0000   -0.0000    0.0000   -0.0000
   15 H3     2pz       -0.0000   -0.1397   -0.0000    0.0000   -0.6892   -0.0337   -0.5750   -0.1542   -0.9543    0.9825
   16 H4     1s         0.0000   -1.0679    0.0000   -0.0000    1.7815    3.4489    0.5787    0.4791    0.5041    0.0446
   17 H4     2s         0.0000   -1.0721   -0.0000    0.0000    1.5430    3.7006    0.2165    0.1752    0.0679   -0.0151
   18 H4     2px        0.0853    0.0000    0.6096   -0.2514   -0.0000   -0.0000    0.0000    0.0000    0.0000   -0.0000
   19 H4     2py       -0.2016    0.0000    0.2514    0.6096   -0.0000   -0.0000    0.0000    0.0000    0.0000   -0.0000
   20 H4     2pz        0.0000    0.5256    0.0000   -0.0000    0.3999   -0.0304   -0.5203    0.7449   -0.4006    1.1594
   21 H5     1s        -0.0000   -1.0679    0.0000   -0.0000   -1.7815   -3.4489    0.5787   -0.4791    0.5041   -0.0446
   22 H5     2s        -0.0000   -1.0721   -0.0000    0.0000   -1.5430   -3.7006    0.2165   -0.1752    0.0679    0.0151
   23 H5     2px        0.0853   -0.0000   -0.6096    0.2514   -0.0000   -0.0000   -0.0000    0.0000   -0.0000   -0.0000
   24 H5     2py       -0.2016   -0.0000   -0.2514   -0.6096   -0.0000   -0.0000   -0.0000    0.0000   -0.0000   -0.0000
   25 H5     2pz        0.0000   -0.5256   -0.0000    0.0000    0.3999   -0.0304    0.5203    0.7449    0.4006    1.1594
   26 H6     1s        -0.0000    2.4428    0.0000   -0.0000    0.2556    3.0594   -0.4639   -0.5879    0.1650   -0.1921
   27 H6     2s         0.0000    2.4651    0.0000   -0.0000    0.3748    3.1719   -0.1103   -0.0443   -0.0297   -0.0419
   28 H6     2px       -0.2142   -0.0000    0.5329   -0.2198    0.0000   -0.0000   -0.0000   -0.0000   -0.0000   -0.0000
   29 H6     2py        0.5062   -0.0000    0.2198    0.5329    0.0000   -0.0000   -0.0000   -0.0000   -0.0000   -0.0000
   30 H6     2pz       -0.0000    0.1397    0.0000    0.0000   -0.6892   -0.0337    0.5750   -0.1542    0.9543    0.9825
   31 H7     1s         0.0000   -2.2025   -0.0000    0.0000    0.9777   -2.0621   -0.8407   -0.2798   -0.1141   -0.1981
   32 H7     2s         0.0000   -2.2064   -0.0000    0.0000    0.6129   -2.0340   -0.4651   -0.1663    0.0688    0.0409
   33 H7     2px        0.2392    0.0000   -0.3895    0.1606   -0.0000    0.0000    0.0000    0.0000   -0.0000    0.0000
   34 H7     2py       -0.5655    0.0000   -0.1606   -0.3895   -0.0000    0.0000    0.0000    0.0000   -0.0000    0.0000
   35 H7     2pz        0.0000    0.3144    0.0000   -0.0000    0.1236    0.2524   -0.5177   -0.8794    0.9794    0.6700
   36 H8     1s         0.0000    0.8289    0.0000   -0.0000   -0.5457    0.7133    0.6497    0.5949   -0.4985   -0.3030
   37 H8     2s        -0.0000    0.8802    0.0000   -0.0000   -0.5078    0.6950    0.4400    0.2689   -0.1570   -0.0778
   38 H8     2px       -0.1473   -0.0000    0.1960   -0.0808    0.0000   -0.0000   -0.0000    0.0000   -0.0000   -0.0000
   39 H8     2py        0.3481   -0.0000    0.0808    0.1960    0.0000   -0.0000   -0.0000    0.0000   -0.0000   -0.0000
   40 H8     2pz        0.0000   -0.5029   -0.0000    0.0000    0.5984   -0.3589   -0.6531   -0.5787    0.4576    0.2639
--
 
      Von Neumann Entropy (Root  1) =  1.57125
 

      Mulliken population analysis for root number:  1
      -----------------------------------------------
 
 
++    Molecular charges:
      ------------------
 
      Mulliken charges per centre and basis function type
      ---------------------------------------------------
 
                H1      H2      H3      H4      H5      H6      H7      H8    
      1s       0.9657  1.0174  1.0098  1.0049  1.0049  1.0098  1.0174  0.9657
      2s       0.0006 -0.0109 -0.0321 -0.0251 -0.0251 -0.0321 -0.0109  0.0006
      2px      0.0000  0.0000  0.0000  0.0000  0.0000  0.0000  0.0000  0.0000
      2pz      0.0088  0.0211  0.0198  0.0200  0.0200  0.0198  0.0211  0.0088
      2py      0.0000  0.0000  0.0000  0.0000  0.0000  0.0000  0.0000  0.0000
      Total    0.9751  1.0276  0.9975  0.9998  0.9998  0.9975  1.0276  0.9751
 
      N-E      0.0249 -0.0276  0.0025  0.0002  0.0002  0.0025 -0.0276  0.0249
 
      Total electronic charge=    8.000000
 
      Total            charge=   -0.000000
--
 
 

      Expectation values of various properties for root number:  1
      -----------------------------------------------------------
 
 
++    Molecular properties:
      ---------------------
 
      Charge (e):
                      =   -0.0000
      Dipole Moment (Debye):
      Origin of the operator (Ang)=    0.0000    0.0000    0.0000
                   X= -1.2510E-09               Y= -3.8657E-10               Z=  3.6310E-08           Total=  3.6334E-08
      Quadrupole Moment (Debye*Ang):
      Origin of the operator (Ang)=    0.0000    0.0000    4.9000
                  XX= -1.0923E+01              XY= -1.9593E-12              XZ=  1.7044E-06              YY= -1.0923E+01
                  YZ=  6.6407E-07              ZZ= -7.0839E+00
      In traceless form (Debye*Ang)
                  XX= -1.9195E+00              XY= -2.9390E-12              XZ=  2.5566E-06              YY= -1.9195E+00
                  YZ=  9.9610E-07              ZZ=  3.8390E+00
--
 

      LoProp population analysis for root number:  1
      -----------------------------------------------
 
 
++    LoProp analysis:
      ----------------
 
 
 
  Input file to MOLDEN was generated!
 
 
++    Static properties:
      ------------------
 
 
      LoProp Charges per center
 

                   H1       H2       H3       H4       H5       H6       H7       H8    
      Nuclear      1.0000   1.0000   1.0000   1.0000   1.0000   1.0000   1.0000   1.0000
      Electronic  -1.0007  -0.9995  -0.9994  -1.0003  -1.0003  -0.9994  -0.9995  -1.0007
 
      Total       -0.0007   0.0005   0.0006  -0.0003  -0.0003   0.0006   0.0005  -0.0007
--
 
 
      Natural Bond Order analysis for root number:  1
 
++    Natural Bond Order analysis
      ---------------------------
      Based on LoProp computed density
      -------------------------------------------------------------------------------------
      Atom A       Atom B       Bond Order
      -------------------------------------------------------------------------------------
      NBO located      0.979 non-bonded electrons on atom H1        
      NBO located      1.019 non-bonded electrons on atom H3        
      NBO located      1.014 non-bonded electrons on atom H4        
      NBO located      1.014 non-bonded electrons on atom H5        
      NBO located      1.019 non-bonded electrons on atom H6        
      NBO located      0.979 non-bonded electrons on atom H8        
      The remaining    1.977 electrons are to be considered as diffuse
--
 
--
 
 
  Input file to MOLDEN was generated!
 
      Average orbitals are written to the RASORB file
      Natural orbitals for root   1 are written to the RASORB.1 file
      Spin density orbitals for root   1 are written to the SPDORB.1 file
 
forrtl: warning (525): IEEE_DIVIDE_BY_ZERO is signaling
forrtl: warning (526): IEEE_INVALID is signaling
forrtl: warning (528): IEEE_UNDERFLOW is signaling
--- Stop Module: rasscf at Sun Oct 26 13:18:03 2025 /rc=_RC_ALL_IS_WELL_ ---
*** files: H8_1.40.LprOrb H8_1.40.rasscf.molden H8_1.40.LoProp.molden H8_1.40.RasOrb.1 H8_1.40.RasOrb H8_1.40.rasscf.h5 H8_1.40.SpdOrb.1 xmldump
    saved to directory /home/grierjones/DDCASPT2/hydrogen_comps/rerun/H8_chain/H8_1.40
--- Module rasscf spent 1 second ---

>>> COPY /tmp/H8_1.40/H8_1.40.rasscf.h5 /home/grierjones/DDCASPT2/hydrogen_comps/rerun/H8_chain/H8_1.40/

>>> COPY /tmp/H8_1.40/GMJ_Fock_MO.csv /home/grierjones/DDCASPT2/hydrogen_comps/rerun/H8_chain/H8_1.40/H8_1.40.GMJ_Fock_MO.csv

*** symbolic link created: INPORB -> H8_1.40.RasOrb
--- Start Module: motra at Sun Oct 26 13:18:03 2025 ---
 
()()()()()()()()()()()()()()()()()()()()()()()()()()()()()()()()()()()()()()()()()()()()()()()()()()

                                               &MOTRA

                                   only a single process is used
                       available to each process: 2.0 GB of memory, 1 thread?
()()()()()()()()()()()()()()()()()()()()()()()()()()()()()()()()()()()()()()()()()()()()()()()()()()
 
 
      *** WARNING: Default frozen orbitals is overwritten by user input.
      *** Default values:   0
 
      Header of the integral files:
      
       Integrals generated by seward 4.2.0  , Sun Oct 26 13:18:01 2025
 
 
      Header of MO coefficients source file:
      * RASSCF average (pseudo-natural) orbitals                                      
 
 
      Cartesian coordinates in Angstrom:
      -----------------------------------------------------
      No.  Label        X            Y            Z        
      -----------------------------------------------------
       1   H1         0.00000000   0.00000000   0.00000000
       2   H2         0.00000000   0.00000000   1.40000000
       3   H3         0.00000000   0.00000000   2.80000000
       4   H4         0.00000000   0.00000000   4.20000000
       5   H5         0.00000000   0.00000000   5.60000000
       6   H6         0.00000000   0.00000000   7.00000000
       7   H7         0.00000000   0.00000000   8.40000000
       8   H8         0.00000000   0.00000000   9.80000000
      -----------------------------------------------------
      Nuclear repulsion energy =    5.19457629
 
      Orbital specifications:
      -----------------------
 
      Symmetry species:              1
      Number of basis functions:    40
      Frozen orbitals:               0
      Deleted orbitals:              0
      Number of orbitals used:      40

       SYMMETRY  BASIS FUNCTIONS       ORBITALS      INTEGRALS   CPU(SEC)  I/O(SEC)
        1 1 1 1   40  40  40  40    40  40  40  40      336610       0.00      0.00

       TOTAL CPU TIME(SEC)    0.16TOTAL I/O TIME(SEC)    0.48
 
--- Stop Module: motra at Sun Oct 26 13:18:04 2025 /rc=_RC_ALL_IS_WELL_ ---
*** files: xmldump
    saved to directory /home/grierjones/DDCASPT2/hydrogen_comps/rerun/H8_chain/H8_1.40

>>> COPY /tmp/H8_1.40/GMJ_one_int_indx.csv /home/grierjones/DDCASPT2/hydrogen_comps/rerun/H8_chain/H8_1.40/H8_1.40.GMJ_one_int_indx.csv

>>> COPY /tmp/H8_1.40/GMJ_one_int.csv /home/grierjones/DDCASPT2/hydrogen_comps/rerun/H8_chain/H8_1.40/H8_1.40.GMJ_one_int.csv

>>> COPY /tmp/H8_1.40/GMJ_two_int_indx.csv /home/grierjones/DDCASPT2/hydrogen_comps/rerun/H8_chain/H8_1.40/H8_1.40.GMJ_two_int_indx.csv

>>> COPY /tmp/H8_1.40/GMJ_two_int.csv /home/grierjones/DDCASPT2/hydrogen_comps/rerun/H8_chain/H8_1.40/H8_1.40.GMJ_two_int.csv

*** symbolic link created: INPORB -> H8_1.40.RasOrb
--- Start Module: caspt2 at Sun Oct 26 13:18:04 2025 ---
 
()()()()()()()()()()()()()()()()()()()()()()()()()()()()()()()()()()()()()()()()()()()()()()()()()()

                                              &CASPT2

                                   only a single process is used
                       available to each process: 2.0 GB of memory, 1 thread?
()()()()()()()()()()()()()()()()()()()()()()()()()()()()()()()()()()()()()()()()()()()()()()()()()()
 
 Cholesky algorithm in CASPT2 =    1
 
 ###############################################################################
 ###############################################################################
 ###                                                                         ###
 ###                                                                         ###
 ###    User changed nr of frozen orbitals.                                  ###
 ###                                                                         ###
 ###                                                                         ###
 ###############################################################################
 ###############################################################################
 
++    Wave function specifications:
      -----------------------------
 
      Number of closed shell electrons           0
      Number of electrons in active shells       8
      Max number of holes in RAS1 space          0
      Max number of electrons in RAS3 space      0
      Number of inactive orbitals                0
      Number of active orbitals                  8
      Number of secondary orbitals              32
      Spin quantum number                      0.0
      State symmetry                             1
      Number of CSFs                          1764
      Number of root(s) available                1
      Root passed to geometry opt.               1
      A file JOBMIX will be created.
      This is a CASSCF or RASSCF reference function
--
 
++    Orbital specifications:
      -----------------------
 
      Symmetry species                           1
                                                 a
      Frozen orbitals                            0
      Inactive orbitals                          0
      Active orbitals                            8
      Secondary orbitals                        32
      Deleted orbitals                           0
      Number of basis functions                 40
--
 
      Type of Fock operator: STANDARD
      Type of 0-order Hamiltonian: STANDARD WITH DEFAULT IPEA
        "IP-EA" denominator shift =      0.25
      The input orbitals and the CI vector will be transformed.
 
--------------------------------------------------------------------------------
 Estimated memory requirements:
  POLY3 :                   450746
  RHS:                      417296
  SIGMA :                   326032
  PRPCTL:                        0
 Available workspace:    230388092
 
++ CASPT2 computation for group   1
 
********************************************************************************
 Multi-State initialization phase begins for group   1
--------------------------------------------------------------------------------
********************************************************************************
 Compute H0 matrices for state    1
--------------------------------------------------------------------------------
--------------------------------------------------------------------------------
 H0 matrices have been computed.
 
********************************************************************************
  CASPT2 EQUATION SOLUTION
--------------------------------------------------------------------------------
 
  Total nr of CASPT2 parameters:
   Before reduction:       49280
   After  reduction:       49024
 
 The contributions to the second order correlation energy in atomic units.
-----------------------------------------------------------------------------------------------------------------------------
  IT.      VJTU        VJTI        ATVX        AIVX        VJAI        BVAT        BJAT        BJAI        TOTAL       RNORM  
-----------------------------------------------------------------------------------------------------------------------------
   1     0.000000    0.000000   -0.012247    0.000000    0.000000   -0.028707    0.000000    0.000000   -0.040954    0.002020
   2     0.000000    0.000000   -0.012379    0.000000    0.000000   -0.028739    0.000000    0.000000   -0.041117    0.000152
   3     0.000000    0.000000   -0.012380    0.000000    0.000000   -0.028739    0.000000    0.000000   -0.041119    0.000020
   4     0.000000    0.000000   -0.012379    0.000000    0.000000   -0.028739    0.000000    0.000000   -0.041118    0.000002
-------------------------------------------------------------------------------------------------------------------
 
  FINAL CASPT2 RESULT:
 
  Correlation energy /Case, /Symm, and sums:
 VJTU      0.00000000  0.00000000
 VJTIP     0.00000000  0.00000000
 VJTIM     0.00000000  0.00000000
 ATVX     -0.01237882 -0.01237882
 AIVX      0.00000000  0.00000000
 VJAIP     0.00000000  0.00000000
 VJAIM     0.00000000  0.00000000
 BVATP    -0.02731241 -0.02731241
 BVATM    -0.00142666 -0.00142666
 BJATP     0.00000000  0.00000000
 BJATM     0.00000000  0.00000000
 BJAIP     0.00000000  0.00000000
 BJAIM     0.00000000  0.00000000
 Summed:  -0.04111789 -0.04111789
 
      Reference energy:          -4.2626327400
      E2 (Non-variational):      -0.0411178899
      E2 (Variational):          -0.0411178939
      Total energy:              -4.3037506339
      Residual norm:              0.0000001926
      Reference weight:           0.98095
 
      Contributions to the CASPT2 correlation energy
      Active & Virtual Only:         -0.0411178899
      One Inactive Excited:           0.0000000000
      Two Inactive Excited:           0.0000000000
 
 
++ Denominators, etc.
----------------------------------------------------------------------------------------------------
 Report on small energy denominators, large coefficients, and large energy contributions.
CASE  SYMM ACTIVE-MIX  NON-ACTIVE INDICES          DENOMINATOR     RHS VALUE       COEFFICIENT     CONTRIBUTION
--
 
   (Skipping property calculation,
    use PROP keyword to activate)
--
 
  Total CASPT2 energies:
::    CASPT2 Root  1     Total energy:     -4.30375063
 
  A NEW JOBIPH FILE NAMED 'JOBMIX' IS PREPARED.
********************************************************************************
forrtl: warning (528): IEEE_UNDERFLOW is signaling
--- Stop Module: caspt2 at Sun Oct 26 13:18:05 2025 /rc=_RC_ALL_IS_WELL_ ---
*** files: xmldump
    saved to directory /home/grierjones/DDCASPT2/hydrogen_comps/rerun/H8_chain/H8_1.40

>>> EXPORT i = B

>>> EXPORT j = P

>>> IF (-FILE GMJ_e2_${i}_${j}_1_.csv)
(Skipped)

>>> END FOREACH

>>> EXPORT j = M

>>> IF (-FILE GMJ_e2_${i}_${j}_1_.csv)
(Skipped)

>>> END FOREACH

>>> END FOREACH

>>> EXPORT i = E

>>> EXPORT j = P

>>> IF (-FILE GMJ_e2_${i}_${j}_1_.csv)
(Skipped)

>>> END FOREACH

>>> EXPORT j = M

>>> IF (-FILE GMJ_e2_${i}_${j}_1_.csv)
(Skipped)

>>> END FOREACH

>>> END FOREACH

>>> EXPORT i = F

>>> EXPORT j = P

>>> IF (-FILE GMJ_e2_${i}_${j}_1_.csv)

>>> COPY /tmp/H8_1.40/GMJ_RHS_F_P_1_.csv /home/grierjones/DDCASPT2/hydrogen_comps/rerun/H8_chain/H8_1.40/GMJ_RHS_F_P_1_.csv

>>> COPY /tmp/H8_1.40/GMJ_IVECW_F_P_1_.csv /home/grierjones/DDCASPT2/hydrogen_comps/rerun/H8_chain/H8_1.40/GMJ_IVECW_F_P_1_.csv

>>> COPY /tmp/H8_1.40/GMJ_IVECX_F_P_1_.csv /home/grierjones/DDCASPT2/hydrogen_comps/rerun/H8_chain/H8_1.40/GMJ_IVECX_F_P_1_.csv

>>> COPY /tmp/H8_1.40/GMJ_IVECC2_F_P_1_.csv /home/grierjones/DDCASPT2/hydrogen_comps/rerun/H8_chain/H8_1.40/GMJ_IVECC2_F_P_1_.csv

>>> COPY /tmp/H8_1.40/GMJ_e2_F_P_1_.csv /home/grierjones/DDCASPT2/hydrogen_comps/rerun/H8_chain/H8_1.40/GMJ_e2_F_P_1_.csv

>>> END FOREACH

>>> EXPORT j = M

>>> IF (-FILE GMJ_e2_${i}_${j}_1_.csv)

>>> COPY /tmp/H8_1.40/GMJ_RHS_F_M_1_.csv /home/grierjones/DDCASPT2/hydrogen_comps/rerun/H8_chain/H8_1.40/GMJ_RHS_F_M_1_.csv

>>> COPY /tmp/H8_1.40/GMJ_IVECW_F_M_1_.csv /home/grierjones/DDCASPT2/hydrogen_comps/rerun/H8_chain/H8_1.40/GMJ_IVECW_F_M_1_.csv

>>> COPY /tmp/H8_1.40/GMJ_IVECX_F_M_1_.csv /home/grierjones/DDCASPT2/hydrogen_comps/rerun/H8_chain/H8_1.40/GMJ_IVECX_F_M_1_.csv

>>> COPY /tmp/H8_1.40/GMJ_IVECC2_F_M_1_.csv /home/grierjones/DDCASPT2/hydrogen_comps/rerun/H8_chain/H8_1.40/GMJ_IVECC2_F_M_1_.csv

>>> COPY /tmp/H8_1.40/GMJ_e2_F_M_1_.csv /home/grierjones/DDCASPT2/hydrogen_comps/rerun/H8_chain/H8_1.40/GMJ_e2_F_M_1_.csv

>>> END FOREACH

>>> END FOREACH

>>> EXPORT i = G

>>> EXPORT j = P

>>> IF (-FILE GMJ_e2_${i}_${j}_1_.csv)
(Skipped)

>>> END FOREACH

>>> EXPORT j = M

>>> IF (-FILE GMJ_e2_${i}_${j}_1_.csv)
(Skipped)

>>> END FOREACH

>>> END FOREACH

>>> EXPORT i = H

>>> EXPORT j = P

>>> IF (-FILE GMJ_e2_${i}_${j}_1_.csv)
(Skipped)

>>> END FOREACH

>>> EXPORT j = M

>>> IF (-FILE GMJ_e2_${i}_${j}_1_.csv)
(Skipped)

>>> END FOREACH

>>> END FOREACH

>>> EXPORT i = A

>>> IF (-FILE GMJ_e2_${i}_1_.csv)
(Skipped)

>>> END FOREACH

>>> EXPORT i = C

>>> IF (-FILE GMJ_e2_${i}_1_.csv)

>>> COPY /tmp/H8_1.40/GMJ_RHS_C_1_.csv /home/grierjones/DDCASPT2/hydrogen_comps/rerun/H8_chain/H8_1.40/GMJ_RHS_C_1_.csv

>>> COPY /tmp/H8_1.40/GMJ_IVECW_C_1_.csv /home/grierjones/DDCASPT2/hydrogen_comps/rerun/H8_chain/H8_1.40/GMJ_IVECW_C_1_.csv

>>> COPY /tmp/H8_1.40/GMJ_IVECX_C_1_.csv /home/grierjones/DDCASPT2/hydrogen_comps/rerun/H8_chain/H8_1.40/GMJ_IVECX_C_1_.csv

>>> COPY /tmp/H8_1.40/GMJ_IVECC2_C_1_.csv /home/grierjones/DDCASPT2/hydrogen_comps/rerun/H8_chain/H8_1.40/GMJ_IVECC2_C_1_.csv

>>> COPY /tmp/H8_1.40/GMJ_e2_C_1_.csv /home/grierjones/DDCASPT2/hydrogen_comps/rerun/H8_chain/H8_1.40/GMJ_e2_C_1_.csv

>>> END FOREACH

>>> EXPORT i = D

>>> IF (-FILE GMJ_e2_${i}_1_.csv)
(Skipped)

>>> END FOREACH

.########################.
.# Non-zero return code #.
.########################.

    Timing: Wall=4.16 User=3.04 System=1.11
***************************************
*** WorkDir at /tmp/H8_1.40 cleaned ***
***************************************
