   This run of MOLCAS is using the pymolcas driver

                             OPE
                             OPE          NMOL  CASOP  ENMOLC A   SO
                 OPE        NMOLC        AS  OP EN  MO LC     AS  OP
                OPENM       OL CA        SO  PE NM  OL CA     SOP EN
                OP EN      MO   LC       AS  OP ENMOL  CASO   PENMOL
                OP  EN     MO   LC       AS  OP EN     MO     LC ASO
               OP   E  NMOL  C  AS       OP  EN MO     LC     AS  OP
               OP  E   NMO   LC AS        OPEN  MO     LCASOP EN   M
               O  PEN   MO  LCA  SO
            OPE   NMO   L   CAS    OP
        OPENMOL  CASOP     ENMOL   CASOPE
     OPENMOLCA   SOPENMOLCASOPEN   MOLCASOPE
    OPENMOLCAS   OP           EN   MOL    CAS
    OPENMOLCAS       OP  ENM        O     LCA
    OPENMOLCAS    OPEN  MOLCASO     P  E  NMO
    OPENMOLCAS     OP               E  N  MOL
    OPENMOLCA   SO           PENM   O  L  CAS    OPEN    MO    LCAS
    OPENMOLCA   SOP           ENM   O  L  CAS   OP  EN  MOLC  AS   O
    OPENMOLCA   SOPE           NM      O  LCA   S      OP  EN MO
    OPENMOLC                AS         O  PEN   M      OL  CA  SOPE
    OPENMO        LCASOPE  NMOL        C  ASO   P      ENMOLC     AS
    OPE     NMO      LCA  SO     P     E   NM   OL  CA SO  PE N   MO
          OPENMOLCA            SOPE   NMO        LCAS  O    P  ENMO
     OPENMOLCASOPENMOLCASOPENMOLCASOPENMOLCA
        OPENMOLCASOPENMOLCASOPENMOLCASOPE
            OPENMOLCASOPENMOLCASOPENM
               OPENMOLCASOPENMOLCA        version: f37762c57
                   OPENMOLCASO
                       OPE                tag:

 OpenMolcas is free software; you can redistribute it and/or modify it
 under the terms of the GNU Lesser General Public License version 2.1.
 OpenMolcas is distributed in the hope that it will be useful, but it
 is provided "as is" and without any express or implied warranties.
 For more details see the full text of the license in the file
 LICENSE or in <http://www.gnu.org/licenses/>.

                 Copyright (C) The OpenMolcas Authors
           For the author list and the recommended citation,
                   consult the file CONTRIBUTORS.md

           *************************************************
           * pymolcas version py2.28                       *
           *   build c4a6d18ded8cb6cad61d2372a9abd97c      *
           *   (after the EMIL interpreter by V. Veryazov) *
           *************************************************

configuration info
------------------
C Compiler ID: Intel
C flags: -std=gnu99 -gcc-sys
Fortran Compiler ID: IntelLLVM
Fortran flags: -standard-semantics -fltconsistency -fpp -i8 -heap-arrays
Definitions: _MOLCAS_;_I8_;_LINUX_
Parallel: OFF (GA=OFF)


   --------------------------------------------------------------------------------------
  |
  |              Project: H6_0.70
  |       Submitted from: /home/grierjones/DDCASPT2/hydrogen_comps/rerun/H6_chain/H6_0.70
  |         Scratch area: /tmp/H6_0.70
  |      Save outputs to: /home/grierjones/DDCASPT2/hydrogen_comps/rerun/H6_chain/H6_0.70
  |               Molcas: /home/grierjones/Test/build
  |
  | Scratch area is empty
  |
  |       MOLCAS_DRIVER = /usr/local/pymolcas
  | MOLCAS_KEEP_WORKDIR = NO
  |  MOLCAS_NEW_WORKDIR = YES
  |       MOLCAS_NPROCS = 1
  |        MOLCAS_PRINT = NORMAL
  |       MOLCAS_SOURCE = /home/grierjones/Test
  |    MOLCAS_STRUCTURE = 0
  |
   --------------------------------------------------------------------------------------

++ ---------   Input file   ---------

&GATEWAY
coord=H6_0.70.xyz
Basis = ANO-RCC-VDZP
Group = nosymm
End of Input

&SEWARD
End of Input

&SCF

>>> COPY $WorkDir/H6_0.70.scf.h5 $CurrDir/

&RASSCF
Title= RASSCF
FileOrb
/home/grierjones/DDCASPT2/hydrogen_comps/rerun/H6_chain/H6_0.60/H6_0.60.RasOrb
NACTEL
6 0 0
Inactive
0
RAS2
6
Symmetry
1
Spin
1
orblisting
all

>>> COPY $WorkDir/H6_0.70.rasscf.h5 $CurrDir/

>>> COPY $WorkDir/GMJ_Fock_MO.csv $CurrDir/H6_0.70.GMJ_Fock_MO.csv

&MOTRA
Frozen=0
LUMORB

>>> COPY $WorkDir/GMJ_one_int_indx.csv $CurrDir/H6_0.70.GMJ_one_int_indx.csv

>>> COPY $WorkDir/GMJ_one_int.csv $CurrDir/H6_0.70.GMJ_one_int.csv

>>> COPY $WorkDir/GMJ_two_int_indx.csv $CurrDir/H6_0.70.GMJ_two_int_indx.csv

>>> COPY $WorkDir/GMJ_two_int.csv $CurrDir/H6_0.70.GMJ_two_int.csv

&CASPT2
Frozen
0

MAXITER
50

>>> FOREACH i IN (B,E,F,G,H)

  >>> FOREACH j IN (P,M)

    >>> IF (-FILE GMJ_e2_${i}_${j}_1_.csv)

      >>> COPY $WorkDir/GMJ_RHS_${i}_${j}_1_.csv $CurrDir/GMJ_RHS_${i}_${j}_1_.csv

      >>> COPY $WorkDir/GMJ_IVECW_${i}_${j}_1_.csv $CurrDir/GMJ_IVECW_${i}_${j}_1_.csv

      >>> COPY $WorkDir/GMJ_IVECX_${i}_${j}_1_.csv $CurrDir/GMJ_IVECX_${i}_${j}_1_.csv

      >>> COPY $WorkDir/GMJ_IVECC2_${i}_${j}_1_.csv $CurrDir/GMJ_IVECC2_${i}_${j}_1_.csv

      >>> COPY $WorkDir/GMJ_e2_${i}_${j}_1_.csv $CurrDir/GMJ_e2_${i}_${j}_1_.csv

    >>> END IF

  >>> END FOREACH

>>> END FOREACH

>>> FOREACH i IN (A,C,D)

  >>> IF (-FILE GMJ_e2_${i}_1_.csv)

    >>> COPY $WorkDir/GMJ_RHS_${i}_1_.csv $CurrDir/GMJ_RHS_${i}_1_.csv

    >>> COPY $WorkDir/GMJ_IVECW_${i}_1_.csv $CurrDir/GMJ_IVECW_${i}_1_.csv

    >>> COPY $WorkDir/GMJ_IVECX_${i}_1_.csv $CurrDir/GMJ_IVECX_${i}_1_.csv

    >>> COPY $WorkDir/GMJ_IVECC2_${i}_1_.csv $CurrDir/GMJ_IVECC2_${i}_1_.csv

    >>> COPY $WorkDir/GMJ_e2_${i}_1_.csv $CurrDir/GMJ_e2_${i}_1_.csv

  >>> END IF

>>> END FOREACH

-- ----------------------------------

--- Start Module: gateway at Sun Oct 26 12:59:25 2025 ---
 
()()()()()()()()()()()()()()()()()()()()()()()()()()()()()()()()()()()()()()()()()()()()()()()()()()

                                              &GATEWAY

                                   only a single process is used
                       available to each process: 2.0 GB of memory, 1 thread?
()()()()()()()()()()()()()()()()()()()()()()()()()()()()()()()()()()()()()()()()()()()()()()()()()()
 
 
++    Symmetry information:
      ---------------------
 
                    Character Table for C1 
 
                             E  
                    a        1  x, y, xy, Rz, z, xz, Ry, yz, Rx, I
--
 
 
++    Basis set information:
      ----------------------
 
 
      Basis set label: H.ANO-RCC...2S1P.
 
      Electronic valence basis set:
      ------------------
      Associated Effective Charge   1.000000 au
      Associated Actual Charge      1.000000 au
      Nuclear Model: Point charge
 
      Shell  nPrim  nBasis  Cartesian Spherical Contaminant
         s       8       2        X                  
         p       4       1        X                  
--
 
 
++    Molecular structure info:
      -------------------------
 
                    ************************************************ 
                    **** Cartesian Coordinates / Bohr, Angstrom **** 
                    ************************************************ 
 
     Center  Label                x              y              z                     x              y              z
        1      H1               0.000000       0.000000       0.000000              0.000000       0.000000       0.000000
        2      H2               0.000000       0.000000       1.317082              0.000000       0.000000       0.696970
        3      H3               0.000000       0.000000       2.634163              0.000000       0.000000       1.393939
        4      H4               0.000000       0.000000       3.951245              0.000000       0.000000       2.090909
        5      H5               0.000000       0.000000       5.268328              0.000000       0.000000       2.787879
        6      H6               0.000000       0.000000       6.585408              0.000000       0.000000       3.484848
 
                    *************************************** 
                    *    InterNuclear Distances / Bohr    * 
                    *************************************** 
 
               1 H1            2 H2            3 H3            4 H4            5 H5            6 H6    
    1 H1       0.000000
    2 H2       1.317082        0.000000
    3 H3       2.634163        1.317081        0.000000
    4 H4       3.951245        2.634163        1.317082        0.000000
    5 H5       5.268328        3.951245        2.634165        1.317082        0.000000
    6 H6       6.585408        5.268326        3.951245        2.634163        1.317081        0.000000
 
                    ******************************************* 
                    *    InterNuclear Distances / Angstrom    * 
                    ******************************************* 
 
               1 H1            2 H2            3 H3            4 H4            5 H5            6 H6    
    1 H1       0.000000
    2 H2       0.696970        0.000000
    3 H3       1.393939        0.696969        0.000000
    4 H4       2.090909        1.393939        0.696970        0.000000
    5 H5       2.787879        2.090909        1.393940        0.696970        0.000000
    6 H6       3.484848        2.787878        2.090909        1.393939        0.696969        0.000000
 
                    ************************************** 
                    *    Valence Bond Angles / Degree    * 
                    ************************************** 
                          Atom centers                 Phi
                      2 H2       1 H1       3 H3         0.00
                      1 H1       2 H2       3 H3       180.00
                      1 H1       2 H2       4 H4       180.00
                      3 H3       2 H2       4 H4         0.00
                      1 H1       3 H3       2 H2         0.00
                      1 H1       3 H3       4 H4       180.00
                      1 H1       3 H3       5 H5       180.00
                      2 H2       3 H3       4 H4       180.00
                      2 H2       3 H3       5 H5       180.00
                      4 H4       3 H3       5 H5         0.00
                      2 H2       4 H4       3 H3         0.00
                      2 H2       4 H4       5 H5       180.00
                      2 H2       4 H4       6 H6       180.00
                      3 H3       4 H4       5 H5       180.00
                      3 H3       4 H4       6 H6       180.00
                      5 H5       4 H4       6 H6         0.00
                      3 H3       5 H5       4 H4         0.00
                      3 H3       5 H5       6 H6       180.00
                      4 H4       5 H5       6 H6       180.00
                      4 H4       6 H6       5 H5         0.00
--
 
 
            Nuclear Potential Energy              6.60551283 au
 
--- Stop Module: gateway at Sun Oct 26 12:59:26 2025 /rc=_RC_ALL_IS_WELL_ ---
*** files: xmldump
    saved to directory /home/grierjones/DDCASPT2/hydrogen_comps/rerun/H6_chain/H6_0.70

--- Start Module: seward at Sun Oct 26 12:59:26 2025 ---
 
()()()()()()()()()()()()()()()()()()()()()()()()()()()()()()()()()()()()()()()()()()()()()()()()()()

                                              &SEWARD

                                   only a single process is used
                       available to each process: 2.0 GB of memory, 1 thread?
()()()()()()()()()()()()()()()()()()()()()()()()()()()()()()()()()()()()()()()()()()()()()()()()()()
 
               SEWARD will generate:
                  Multipole Moment integrals up to order  2
                  Kinetic Energy integrals
                  Nuclear Attraction integrals (point charge)
                  One-Electron Hamiltonian integrals
                  Velocity integrals
                  Relativistic Douglas-Kroll-Hess integrals:
                    - Parametrization         : EXP
                    - DKH order of Hamiltonian: 2
                    - DKH order of Properties : 0
                         - multipole moment operators
                         - electric potential operators
                         - contact operators
                  Atomic mean-field integrals
                  Two-Electron Repulsion integrals
 
                   Integrals are discarded if absolute value <: 0.10E-13
                   Integral cutoff threshold is set to       <: 0.10E-15
 
            Nuclear Potential Energy              6.60551283 au
 
 
      Basis set specifications :
      Symmetry species         a  
      Basis functions           30
 
 
  Input file to MOLDEN was generated!
 
forrtl: warning (525): IEEE_DIVIDE_BY_ZERO is signaling
forrtl: warning (526): IEEE_INVALID is signaling
forrtl: warning (528): IEEE_UNDERFLOW is signaling
--- Stop Module: seward at Sun Oct 26 12:59:26 2025 /rc=_RC_ALL_IS_WELL_ ---
*** files: H6_0.70.GssOrb H6_0.70.guessorb.h5 H6_0.70.guessorb.molden xmldump
    saved to directory /home/grierjones/DDCASPT2/hydrogen_comps/rerun/H6_chain/H6_0.70

*** symbolic link created: INPORB -> H6_0.70.GssOrb
--- Start Module: scf at Sun Oct 26 12:59:26 2025 ---
 
()()()()()()()()()()()()()()()()()()()()()()()()()()()()()()()()()()()()()()()()()()()()()()()()()()

                                                &SCF

                                   only a single process is used
                       available to each process: 2.0 GB of memory, 1 thread?
()()()()()()()()()()()()()()()()()()()()()()()()()()()()()()()()()()()()()()()()()()()()()()()()()()
 
++    Input section:
      --------------
 
      Header of the integral files:
      
       Integrals generated by seward 4.2.0  , Sun Oct 26 12:59:26 2025
 
 
      Cartesian coordinates in Angstrom:
      -----------------------------------------------------
      No.  Label        X            Y            Z        
      -----------------------------------------------------
       1   H1         0.00000000   0.00000000   0.00000000
       2   H2         0.00000000   0.00000000   0.69697000
       3   H3         0.00000000   0.00000000   1.39393900
       4   H4         0.00000000   0.00000000   2.09090900
       5   H5         0.00000000   0.00000000   2.78787900
       6   H6         0.00000000   0.00000000   3.48484800
      -----------------------------------------------------
      Nuclear repulsion energy =    6.60551283
--
 
++    Orbital specifications:
      -----------------------
 
      Symmetry species               1
                                     a
      Frozen orbitals                0
      Occupied orbitals              3
      Secondary orbitals            27
      Deleted orbitals               0
      Total number of orbitals      30
      Number of basis functions     30
--
 
      Molecular charge                           0.000
 
++    Optimization specifications:
      ----------------------------
 
      SCF Algorithm: Conventional
      Minimized density differences are used
      Number of density matrices in core                5
      Maximum number of NDDO SCF iterations           400
      Maximum number of HF SCF iterations             400
      Threshold for SCF energy change            0.10E-08
      Threshold for density matrix               0.10E-03
      Threshold for Fock matrix                  0.15E-03
      Threshold for linear dependence            0.10E-08
      Threshold at which DIIS is turned on       0.15E+00
      Threshold at which QNR/C2DIIS is turned on 0.75E-01
      Threshold for Norm(delta) (QNR/C2DIIS)     0.20E-04
      DIIS extrapolation of the SCF procedure
      All orbitals punched on: SCFORB
--
 
      Input vectors read from INPORB
      Orbital file label: *Guess orbitals
 
 
++ Convergence information
                                   SCF        iterations: Energy and convergence statistics
 
Iter     Tot. SCF        One-elec.       Two-elec.     Energy      Max Dij or  Max Fij      DNorm      TNorm      AccCon     Time
         Energy          Energy          Energy        Change      Delta Norm                                                in Sec.
   1    -2.932196834   -14.876324397     5.338614733   0.00E+00    0.32E+00*   0.16E+00*    0.37E+01   0.14E+02   None         0.
   2    -3.093571087   -15.431410703     5.732326787  -0.16E+00*   0.60E-01*   0.33E-01*    0.24E+01   0.14E+02   EDIIS        0.
   3    -3.098285469   -15.414256351     5.710458053  -0.47E-02*   0.13E-01*   0.70E-02*    0.54E+00   0.14E+02   EDIIS        0.
   4    -3.098495563   -15.415129796     5.711121404  -0.21E-03*   0.13E-02*   0.21E-02*    0.27E-01   0.14E+02   c2DIIS       0.
   5    -3.098508359   -15.414556823     5.710535634  -0.13E-04*   0.27E-03*   0.13E-03     0.12E-01   0.14E+02   QNRc2DIIS    0.
   6    -3.098508495   -15.414468812     5.710447488  -0.14E-06*   0.17E-03*   0.51E-04     0.48E-03   0.14E+02   QNRc2DIIS    0.
   7    -3.098508518   -15.414393679     5.710372331  -0.24E-07*   0.45E-05    0.22E-05     0.11E-03   0.14E+02   QNRc2DIIS    0.
   8    -3.098508518   -15.414395355     5.710374007  -0.36E-10    0.11E-05    0.50E-06     0.12E-04   0.14E+02   QNRc2DIIS    0.
 
       Convergence after  8 Macro Iterations
--
 
 *****************************************************************************************************************************
 *                                                                                                                           *
 *                                             SCF/KS-DFT Program, Final results                                             *
 *                                                                                                                           *
 *                                                                                                                           *
 *                                                                                                                           *
 *                                                       Final Results                                                       *
 *                                                                                                                           *
 *****************************************************************************************************************************
 
::    Total SCF energy                                 -3.0985085182
      One-electron energy                             -15.4143953550
      Two-electron energy                               5.7103740071
      Nuclear repulsion energy                          6.6055128298
      Kinetic energy (interpolated)                     3.9738806448
      Virial theorem                                    0.7797185661
      Total spin, S(S+1)                                0.0000000000
      Total spin, S                                     0.0000000000
      Max non-diagonal density matrix element           0.0000016136
      Max non-diagonal Fock matrix element              0.0000001872
 
 
      All orbitals with orbital energies smaller than  E(LUMO)+0.5 are printed
 
++    Molecular orbitals:
      -------------------
 
      Title: SCF orbitals

      Molecular orbitals for symmetry species 1: a  
 
          Orbital            1         2         3         4         5         6         7         8         9    
          Energy           -0.9227   -0.7012   -0.3729    0.1395    0.1626    0.3662    0.4270    0.5138    0.5138
          Occ. No.          2.0000    2.0000    2.0000    0.0000    0.0000    0.0000    0.0000    0.0000    0.0000
 
        1 H1     1s         0.2661   -0.4730    0.5150   -1.8126    0.4608   -2.9591   -0.0858    0.0000   -0.0000
        2 H1     2s         0.0913   -0.0681    0.0505   -1.3128    0.5942   -2.2242    0.4261    0.0000   -0.0000
        3 H1     2px        0.0000   -0.0000   -0.0000    0.0000   -0.0000    0.0000   -0.0000   -0.0445    0.1719
        4 H1     2py        0.0000    0.0000   -0.0000    0.0000   -0.0000    0.0000    0.0000    0.1719    0.0445
        5 H1     2pz        0.0308   -0.0460    0.0126   -0.1138    0.0490   -0.2266    0.2055    0.0000   -0.0000
        6 H2     1s         0.0926   -0.1434    0.3307    2.2657   -0.9657    3.8558   -0.4230   -0.0000    0.0000
        7 H2     2s        -0.1544    0.2456    0.0774    1.4372   -0.4047    2.8257   -0.2470   -0.0000    0.0000
        8 H2     2px       -0.0000    0.0000   -0.0000    0.0000   -0.0000    0.0000   -0.0000   -0.0606    0.2341
        9 H2     2py        0.0000   -0.0000   -0.0000    0.0000   -0.0000    0.0000    0.0000    0.2341    0.0606
       10 H2     2pz        0.0162   -0.0098   -0.0552   -0.1144    0.0497   -0.2666    0.3353    0.0000    0.0000
       11 H3     1s         0.3522   -0.2381   -0.5255   -1.4501    0.3973   -1.2596    2.8019   -0.0000   -0.0000
       12 H3     2s        -0.0582   -0.0334   -0.0880   -1.2281    0.4525   -0.5891    1.8742   -0.0000   -0.0000
       13 H3     2px        0.0000   -0.0000   -0.0000   -0.0000   -0.0000   -0.0000   -0.0000   -0.0760    0.2938
       14 H3     2py       -0.0000   -0.0000   -0.0000    0.0000   -0.0000    0.0000    0.0000    0.2938    0.0760
       15 H3     2pz        0.0067    0.0154   -0.0407   -0.1629    0.0112   -0.0599    0.3027    0.0000    0.0000
       16 H4     1s         0.3522    0.2381   -0.5255    1.4501    0.3973   -1.2596   -2.8019    0.0000    0.0000
       17 H4     2s        -0.0582    0.0334   -0.0880    1.2281    0.4525   -0.5891   -1.8742    0.0000    0.0000
       18 H4     2px        0.0000   -0.0000    0.0000   -0.0000    0.0000   -0.0000   -0.0000   -0.0760    0.2938
       19 H4     2py       -0.0000    0.0000   -0.0000    0.0000   -0.0000    0.0000    0.0000    0.2938    0.0760
       20 H4     2pz       -0.0067    0.0154    0.0407   -0.1629   -0.0112    0.0599    0.3027   -0.0000    0.0000
       21 H5     1s         0.0926    0.1434    0.3307   -2.2657   -0.9657    3.8558    0.4230   -0.0000   -0.0000
       22 H5     2s        -0.1544   -0.2456    0.0774   -1.4372   -0.4047    2.8257    0.2470   -0.0000   -0.0000
       23 H5     2px        0.0000    0.0000   -0.0000   -0.0000    0.0000   -0.0000   -0.0000   -0.0606    0.2341
       24 H5     2py        0.0000   -0.0000    0.0000    0.0000   -0.0000    0.0000    0.0000    0.2341    0.0606
       25 H5     2pz       -0.0162   -0.0098    0.0552   -0.1144   -0.0497    0.2666    0.3353   -0.0000    0.0000
       26 H6     1s         0.2661    0.4730    0.5150    1.8126    0.4608   -2.9591    0.0858    0.0000    0.0000
       27 H6     2s         0.0913    0.0681    0.0505    1.3128    0.5942   -2.2242   -0.4261    0.0000    0.0000
       28 H6     2px       -0.0000   -0.0000    0.0000   -0.0000    0.0000   -0.0000    0.0000   -0.0445    0.1719
       29 H6     2py        0.0000    0.0000    0.0000    0.0000   -0.0000    0.0000    0.0000    0.1719    0.0445
       30 H6     2pz       -0.0308   -0.0460   -0.0126   -0.1138   -0.0490    0.2266    0.2055   -0.0000   -0.0000
--
 
 
++    Molecular charges:
      ------------------
 
      Mulliken charges per centre and basis function type
      ---------------------------------------------------
 
                H1      H2      H3      H4      H5      H6    
      1s       1.3546  0.4488  1.0225  1.0225  0.4488  1.3546
      2s       0.0107  0.0794 -0.0917 -0.0917  0.0794  0.0107
      2px      0.0000  0.0000  0.0000 -0.0000  0.0000  0.0000
      2pz      0.0404  0.0786  0.0567  0.0567  0.0786  0.0404
      2py      0.0000  0.0000  0.0000 -0.0000 -0.0000  0.0000
      Total    1.4057  0.6068  0.9875  0.9875  0.6068  1.4057
 
      N-E     -0.4057  0.3932  0.0125  0.0125  0.3932 -0.4057
 
      Total electronic charge=    6.000000
 
      Total            charge=   -0.000000
--
 
 
  Input file to MOLDEN was generated!
 
 
++    Static properties:
      ------------------
 
 
      LoProp Charges per center
 

                   H1       H2       H3       H4       H5       H6    
      Nuclear      1.0000   1.0000   1.0000   1.0000   1.0000   1.0000
      Electronic  -1.0839  -0.9571  -0.9590  -0.9590  -0.9571  -1.0839
 
      Total       -0.0839   0.0429   0.0410   0.0410   0.0429  -0.0839
--
 
 
++    Natural Bond Order analysis
      ---------------------------
      Based on LoProp computed density
      -------------------------------------------------------------------------------------
      Atom A       Atom B       Bond Order | Atom A       Atom B       Bond Order
        H1           H2             0.940  |   H3           H4             0.938
        H5           H6             0.940  |
      -------------------------------------------------------------------------------------
      NBO located      5.638 electrons involved in    3 bonds.
      The remaining    0.362 electrons are to be considered as diffuse
--
 
 
++    Molecular properties:
      ---------------------
 
      Charge (e):
                      =   -0.0000
      Dipole Moment (Debye):
      Origin of the operator (Ang)=    0.0000    0.0000    0.0000
                   X= -8.4323E-15               Y=  2.5189E-14               Z=  5.5539E-06           Total=  5.5539E-06
      Quadrupole Moment (Debye*Ang):
      Origin of the operator (Ang)=    0.0000    0.0000    1.7424
                  XX= -5.7573E+00              XY= -1.2564E-28              XZ=  4.0261E-15              YY= -5.7573E+00
                  YZ= -6.4139E-14              ZZ= -9.0430E+00
      In traceless form (Debye*Ang)
                  XX=  1.6429E+00              XY= -1.8846E-28              XZ=  6.0391E-15              YY=  1.6429E+00
                  YZ= -9.6208E-14              ZZ= -3.2858E+00
--
 
 
  Input file to MOLDEN was generated!
 
 ###############################################################################
 ###############################################################################
 ###                                                                         ###
 ###                                                                         ###
 ###    RunFile label nBas                                                   ###
 ###    was used       78 times                                              ###
 ###                                                                         ###
 ###                                                                         ###
 ###############################################################################
 ###############################################################################
forrtl: warning (528): IEEE_UNDERFLOW is signaling
--- Stop Module: scf at Sun Oct 26 12:59:27 2025 /rc=_RC_ALL_IS_WELL_ ---
*** files: H6_0.70.LprOrb H6_0.70.LoProp.molden H6_0.70.scf.molden H6_0.70.ScfOrb H6_0.70.scf.h5 xmldump
    saved to directory /home/grierjones/DDCASPT2/hydrogen_comps/rerun/H6_chain/H6_0.70

>>> COPY /tmp/H6_0.70/H6_0.70.scf.h5 /home/grierjones/DDCASPT2/hydrogen_comps/rerun/H6_chain/H6_0.70/

*** symbolic link created: INPORB -> H6_0.70.ScfOrb
--- Start Module: rasscf at Sun Oct 26 12:59:27 2025 ---
 
()()()()()()()()()()()()()()()()()()()()()()()()()()()()()()()()()()()()()()()()()()()()()()()()()()

                                              &RASSCF

                                   only a single process is used
                       available to each process: 2.0 GB of memory, 1 thread?
()()()()()()()()()()()()()()()()()()()()()()()()()()()()()()()()()()()()()()()()()()()()()()()()()()
 
 
      Header of the ONEINT file:
      --------------------------
      
      Integrals generated by seward 4.2.0  , Sun Oct 26 12:59:26 2025
 
 
      OrdInt status: non-squared
 
 
      Cartesian coordinates in Angstrom:
      -----------------------------------------------------
      No.  Label        X            Y            Z        
      -----------------------------------------------------
       1   H1         0.00000000   0.00000000   0.00000000
       2   H2         0.00000000   0.00000000   0.69697000
       3   H3         0.00000000   0.00000000   1.39393900
       4   H4         0.00000000   0.00000000   2.09090900
       5   H5         0.00000000   0.00000000   2.78787900
       6   H6         0.00000000   0.00000000   3.48484800
      -----------------------------------------------------
      Nuclear repulsion energy =    6.60551283
 
++    Wave function specifications:
      -----------------------------
 
      Number of closed shell electrons           0
      Number of electrons in active shells       6
      Max number of holes in RAS1 space          0
      Max nr of electrons in RAS3 space          0
      Number of inactive orbitals                0
      Number of active orbitals                  6
      Number of secondary orbitals              24
      Spin quantum number                      0.0
      State symmetry                             1
--
 
++    Orbital specifications:
      -----------------------
 
      Symmetry species                           1
                                                 a
      Frozen orbitals                            0
      Inactive orbitals                          0
      Active orbitals                            6
      RAS1 orbitals                              0
      RAS2 orbitals                              6
      RAS3 orbitals                              0
      Secondary orbitals                        24
      Deleted orbitals                           0
      Number of basis functions                 30
--
 
++    CI expansion specifications:
      ----------------------------
 
      Number of CSFs                           175
      Number of determinants                   210
      Number of root(s) required                 1
      Root chosen for geometry opt.              1
      CI root used                               1
         
      highest root included in the CI            1
      max. size of the explicit Hamiltonian    175
--
 
++    Optimization specifications:
      ----------------------------
 
      RASSCF algorithm: Conventional
      Maximum number of macro iterations       200
      Maximum number of SX iterations          100
      Threshold for RASSCF energy            0.100E-07
      Threshold for max MO rotation          0.100E+00
      Threshold for max BLB element          0.100E-03
      Level shift parameter                  0.500E+00
      Make Quasi-Newton update
--
 
      The MO-coefficients are taken from the file:
      /home/grierjones/DDCASPT2/hydrogen_comps/rerun/H6_chain/H6_0.60/H6_0.60.RasOrb                                                  
      Title: RASSCF average (pseudo-natural) orbitals                                      
 
      Total molecular charge    0.00
 
      ************************************************************************************************************************
      *                                                                                                                      *
      *                                            Wave function control section                                             *
      *                                                                                                                      *
      ************************************************************************************************************************
 
 
                                         RASSCF iterations: Energy and convergence statistics
                                         ----------------------------------------------------
 
      Iter CI   SX   CI       RASSCF       Energy    max ROT     max BLB   max BLB  Level Ln srch  Step   QN   Walltime
          iter iter root      energy       change     param      element    value   shift minimum  type update hh:mm:ss
 Nr of preliminary CI iterations:   1
        1   1   14    1    -3.12988796    0.00E+00   0.49E-01    2  30 1 -0.13E+00*  0.00   0.00    SX    NO    0:00:00
        2   1   10    1    -3.14341486   -0.14E-01* -0.11E-01    1   8 1 -0.26E-01*  0.00   0.00    SX    NO    0:00:00
        3   1   10    1    -3.14397545   -0.56E-03*  0.53E-02    1   8 1 -0.57E-02*  0.00   0.00    SX    NO    0:00:00
        4   1    9    1    -3.14401812   -0.43E-04*  0.29E-02    3  21 1 -0.15E-02*  0.00   0.00    SX    NO    0:00:00
        5   1    9    1    -3.14402426   -0.61E-05*  0.23E-02    3  21 1 -0.73E-03*  0.00   1.81    LS   YES    0:00:00
        6   1    8    1    -3.14402578   -0.15E-05* -0.10E-02    1   8 1  0.45E-03*  0.00   1.01    QN   YES    0:00:00
        7   1    8    1    -3.14402619   -0.40E-06* -0.11E-02    1   8 1  0.17E-03*  0.00   2.08    LS   YES    0:00:00
        8   1    8    1    -3.14402634   -0.15E-06* -0.13E-02    1   8 1 -0.13E-03*  0.00   1.00    QN   YES    0:00:00
        9   1    8    1    -3.14402658   -0.24E-06*  0.20E-02    1   8 1 -0.13E-03*  0.00   2.50    LS   YES    0:00:00
       10   1    9    1    -3.14402709   -0.51E-06*  0.29E-02    1   8 1 -0.13E-03*  0.00   2.50    LS   YES    0:00:00
       11   1    9    1    -3.14402817   -0.11E-05* -0.73E-02    1  21 1  0.19E-03*  0.00   2.50    QN   YES    0:00:00
       12   1    6    1    -3.14402627    0.19E-05*  0.74E-02    1  21 1  0.51E-04   0.00  -0.50    LS   YES    0:00:00
       13   1    9    1    -3.14402822   -0.19E-05*  0.11E-01    1  21 1  0.19E-03*  0.00   2.50    LS   YES    0:00:00
       14   1   10    1    -3.14403745   -0.92E-05* -0.17E-01    1  21 1  0.40E-03*  0.00   2.50    QN   YES    0:00:00
       15   1    8    1    -3.14402634    0.11E-04*  0.16E-01    1  21 1  0.45E-04   0.00  -0.50    LS   YES    0:00:00
       16   1   10    1    -3.14403686   -0.11E-04*  0.22E-01    1  21 1  0.39E-03*  0.00   2.50    LS   YES    0:00:00
       17   1   11    1    -3.14407938   -0.43E-04* -0.34E-01    1  21 1  0.85E-03*  0.00   2.50    QN   YES    0:00:00
       18   1    9    1    -3.14402738    0.52E-04*  0.30E-01    1  21 1  0.14E-03*  0.00  -0.50    LS   YES    0:00:00
       19   1   11    1    -3.14407100   -0.44E-04*  0.38E-01    1  21 1  0.78E-03*  0.00   2.50    LS   YES    0:00:00
       20   1   12    1    -3.14421019   -0.14E-03* -0.57E-01    1  21 1  0.16E-02*  0.00   2.50    QN   YES    0:00:00
       21   1   10    1    -3.14403630    0.17E-03*  0.47E-01    1  21 1  0.43E-03*  0.00  -0.50    LS   YES    0:00:00
       22   1   11    1    -3.14416514   -0.13E-03*  0.53E-01    1  21 1  0.14E-02*  0.00   2.50    LS   YES    0:00:00
       23   1   13    1    -3.14447784   -0.31E-03* -0.80E-01    1  21 1  0.24E-02*  0.00   2.50    QN   YES    0:00:00
       24   1   11    1    -3.14407130    0.41E-03*  0.61E-01    1  21 1  0.96E-03*  0.00  -0.50    LS   YES    0:00:00
       25   1   12    1    -3.14434592   -0.27E-03*  0.65E-01    1  21 1  0.21E-02*  0.00   2.50    LS   YES    0:00:00
       26   1   14    1    -3.14487430   -0.53E-03* -0.10E+00*   3  27 1 -0.34E-02*  0.00   2.50    QN   YES    0:00:00
       27   1   11    1    -3.14414841    0.73E-03* -0.73E-01    3  27 1 -0.17E-02*  0.00  -0.50    LS   YES    0:00:00
       28   1   13    1    -3.14460933   -0.46E-03*  0.74E-01    1  21 1  0.28E-02*  0.00   2.50    LS   YES    0:00:00
       29   1   14    1    -3.14535872   -0.75E-03*  0.12E+00*   3  27 1 -0.45E-02*  0.00   2.50    QN   YES    0:00:00
       30   1   12    1    -3.14427162    0.11E-02* -0.82E-01    3  27 1 -0.25E-02*  0.00  -0.50    LS   YES    0:00:00
       31   1   14    1    -3.14493278   -0.66E-03* -0.80E-01    3  27 1 -0.37E-02*  0.00   2.50    LS   YES    0:00:00
       32   1   14    1    -3.14588448   -0.95E-03*  0.13E+00*   3  27 1 -0.54E-02*  0.00   2.50    QN   YES    0:00:00
       33   1   12    1    -3.14443772    0.14E-02* -0.87E-01    3  27 1 -0.33E-02*  0.00  -0.50    LS   YES    0:00:00
       34   1   14    1    -3.14528890   -0.85E-03*  0.84E-01    3  27 1 -0.45E-02*  0.00   2.50    LS   YES    0:00:00
       35   1   14    1    -3.14640531   -0.11E-02* -0.14E+00*   3  27 1 -0.60E-02*  0.00   2.50    QN   YES    0:00:00
       36   1   14    1    -3.14463243    0.18E-02*  0.91E-01    3  27 1 -0.39E-02*  0.00  -0.50    LS   YES    0:00:00
       37   1   14    1    -3.14564614   -0.10E-02*  0.85E-01    3  27 1 -0.51E-02*  0.00   2.50    LS   YES    0:00:00
       38   1   14    1    -3.14688095   -0.12E-02*  0.16E+00*   3  27 1 -0.64E-02*  0.00   2.50    QN   YES    0:00:00
       39   1   14    1    -3.14482518    0.21E-02* -0.99E-01    3  24 1  0.50E-02*  0.00  -0.50    LS   YES    0:00:00
       40   1   14    1    -3.14596884   -0.11E-02* -0.91E-01    3  27 1 -0.56E-02*  0.00   2.50    LS   YES    0:00:00
       41   1   14    1    -3.14728064   -0.13E-02*  0.18E+00*   3  27 1 -0.67E-02*  0.00   2.50    QN   YES    0:00:00
       42   1   14    1    -3.14497878    0.23E-02* -0.11E+00*   3  24 1  0.62E-02*  0.00  -0.50    LS   YES    0:00:00
       43   1   14    1    -3.14622369   -0.12E-02* -0.96E-01    3  27 1 -0.60E-02*  0.00   2.50    LS   YES    0:00:00
       44   1   14    1    -3.14758390   -0.14E-02*  0.19E+00*   3  27 1 -0.69E-02*  0.00   2.50    QN   YES    0:00:00
       45   1   14    1    -3.14507163    0.25E-02*  0.11E+00*   3  24 1  0.74E-02*  0.00  -0.50    LS   YES    0:00:00
       46   1   14    1    -3.14639298   -0.13E-02*  0.99E-01    3  27 1 -0.62E-02*  0.00   2.50    LS   YES    0:00:00
       47   1   14    1    -3.14778448   -0.14E-02* -0.20E+00*   3  27 1 -0.69E-02*  0.00   2.50    QN   YES    0:00:00
       48   1   14    1    -3.14511207    0.27E-02*  0.12E+00*   3  24 1  0.84E-02*  0.00  -0.50    LS   YES    0:00:00
       49   1   14    1    -3.14648518   -0.14E-02*  0.10E+00*   3  27 1 -0.63E-02*  0.00   2.50    LS   YES    0:00:00
       50   1   17    1    -3.14789583   -0.14E-02*  0.21E+00*   3  27 1 -0.70E-02*  0.00   2.50    QN   YES    0:00:00
       51   1   14    1    -3.14512546    0.28E-02* -0.12E+00*   3  24 1  0.91E-02*  0.00  -0.50    LS   YES    0:00:00
       52   1   14    1    -3.14652705   -0.14E-02* -0.10E+00*   3  27 1 -0.64E-02*  0.00   2.50    LS   YES    0:00:00
       53   1   14    1    -3.14794633   -0.14E-02*  0.21E+00*   3  27 1 -0.70E-02*  0.00   2.50    QN   YES    0:00:00
       54   1   14    1    -3.14513089    0.28E-02* -0.12E+00*   3  24 1  0.96E-02*  0.00  -0.50    LS   YES    0:00:00
       55   1   14    1    -3.14654370   -0.14E-02* -0.10E+00*   3  27 1 -0.64E-02*  0.00   2.50    LS   YES    0:00:00
       56   1   14    1    -3.14796377   -0.14E-02*  0.22E+00*   3  27 1 -0.70E-02*  0.00   2.50    QN   YES    0:00:00
       57   1   14    1    -3.14513563    0.28E-02* -0.12E+00*   3  24 1  0.98E-02*  0.00  -0.50    LS   YES    0:00:00
       58   1   14    1    -3.14654968   -0.14E-02* -0.10E+00*   3  27 1 -0.64E-02*  0.00   2.50    LS   YES    0:00:00
       59   1   14    1    -3.14796602   -0.14E-02* -0.22E+00*   3  27 1 -0.70E-02*  0.00   2.50    QN   YES    0:00:00
       60   1   14    1    -3.14514132    0.28E-02*  0.12E+00*   3  24 1  0.99E-02*  0.00  -0.50    LS   YES    0:00:00
       61   1   14    1    -3.14655170   -0.14E-02*  0.10E+00*   3  27 1 -0.64E-02*  0.00   2.50    LS   YES    0:00:00
       62   1   14    1    -3.14796211   -0.14E-02*  0.22E+00*   3  27 1 -0.70E-02*  0.00   2.50    QN   YES    0:00:00
       63   1   14    1    -3.14514784    0.28E-02* -0.12E+00*   3  24 1  0.10E-01*  0.00  -0.50    LS   YES    0:00:00
       64   1   14    1    -3.14655244   -0.14E-02* -0.10E+00*   3  27 1 -0.64E-02*  0.00   2.50    LS   YES    0:00:00
       65   1   14    1    -3.14795605   -0.14E-02* -0.22E+00*   3  27 1 -0.70E-02*  0.00   2.50    QN   YES    0:00:00
       66   1   14    1    -3.14515483    0.28E-02*  0.12E+00*   3  24 1  0.10E-01*  0.00  -0.50    LS   YES    0:00:00
       67   1   14    1    -3.14655289   -0.14E-02*  0.10E+00*   3  27 1 -0.64E-02*  0.00   2.50    LS   YES    0:00:00
       68   1   14    1    -3.14794945   -0.14E-02*  0.22E+00*   3  27 1 -0.70E-02*  0.00   2.50    QN   YES    0:00:00
       69   1   14    1    -3.14516199    0.28E-02* -0.12E+00*   3  24 1  0.10E-01*  0.00  -0.50    LS   YES    0:00:00
       70   1   14    1    -3.14655333   -0.14E-02* -0.10E+00*   3  27 1 -0.64E-02*  0.00   2.50    LS   YES    0:00:00
       71   1   14    1    -3.14794287   -0.14E-02* -0.22E+00*   3  27 1 -0.70E-02*  0.00   2.50    QN   YES    0:00:00
       72   1   14    1    -3.14516911    0.28E-02*  0.12E+00*   3  24 1  0.10E-01*  0.00  -0.50    LS   YES    0:00:00
       73   1   14    1    -3.14655383   -0.14E-02*  0.10E+00*   3  27 1 -0.64E-02*  0.00   2.50    LS   YES    0:00:00
       74   1   14    1    -3.14793652   -0.14E-02*  0.22E+00*   3  27 1 -0.70E-02*  0.00   2.50    QN   YES    0:00:00
       75   1   14    1    -3.14517608    0.28E-02* -0.12E+00*   3  24 1  0.10E-01*  0.00  -0.50    LS   YES    0:00:00
       76   1   14    1    -3.14655437   -0.14E-02* -0.10E+00*   3  27 1 -0.64E-02*  0.00   2.50    LS   YES    0:00:00
       77   1   14    1    -3.14793043   -0.14E-02*  0.22E+00*   3  27 1 -0.70E-02*  0.00   2.50    QN   YES    0:00:00
       78   1   14    1    -3.14518283    0.27E-02* -0.12E+00*   3  24 1  0.99E-02*  0.00  -0.50    LS   YES    0:00:00
       79   1   14    1    -3.14655494   -0.14E-02* -0.10E+00*   3  27 1 -0.64E-02*  0.00   2.50    LS   YES    0:00:00
       80   1   14    1    -3.14792460   -0.14E-02*  0.22E+00*   3  27 1 -0.70E-02*  0.00   2.50    QN   YES    0:00:00
       81   1   14    1    -3.14518935    0.27E-02* -0.12E+00*   3  24 1  0.99E-02*  0.00  -0.50    LS   YES    0:00:00
       82   1   14    1    -3.14655552   -0.14E-02* -0.10E+00*   3  27 1 -0.64E-02*  0.00   2.50    LS   YES    0:00:00
       83   1   14    1    -3.14791901   -0.14E-02*  0.22E+00*   3  27 1 -0.70E-02*  0.00   2.50    QN   YES    0:00:00
       84   1   14    1    -3.14519560    0.27E-02* -0.12E+00*   3  24 1  0.99E-02*  0.00  -0.50    LS   YES    0:00:00
       85   1   14    1    -3.14655608   -0.14E-02* -0.10E+00*   3  27 1 -0.64E-02*  0.00   2.50    LS   YES    0:00:00
       86   1   14    1    -3.14791365   -0.14E-02*  0.22E+00*   3  27 1 -0.70E-02*  0.00   2.50    QN   YES    0:00:00
       87   1   14    1    -3.14520158    0.27E-02* -0.12E+00*   3  24 1  0.99E-02*  0.00  -0.50    LS   YES    0:00:00
       88   1   14    1    -3.14655663   -0.14E-02* -0.10E+00*   3  27 1 -0.63E-02*  0.00   2.50    LS   YES    0:00:00
       89   1   14    1    -3.14790851   -0.14E-02*  0.22E+00*   3  27 1 -0.70E-02*  0.00   2.50    QN   YES    0:00:00
       90   1   14    1    -3.14520730    0.27E-02* -0.12E+00*   3  24 1  0.99E-02*  0.00  -0.50    LS   YES    0:00:00
       91   1   14    1    -3.14655715   -0.13E-02* -0.10E+00*   3  27 1 -0.63E-02*  0.00   2.50    LS   YES    0:00:00
       92   1   14    1    -3.14790359   -0.13E-02*  0.22E+00*   3  27 1 -0.70E-02*  0.00   2.50    QN   YES    0:00:00
       93   1   14    1    -3.14521276    0.27E-02* -0.12E+00*   3  24 1  0.98E-02*  0.00  -0.50    LS   YES    0:00:00
       94   1   14    1    -3.14655764   -0.13E-02* -0.10E+00*   3  27 1 -0.63E-02*  0.00   2.50    LS   YES    0:00:00
       95   1   14    1    -3.14789888   -0.13E-02*  0.22E+00*   3  27 1 -0.70E-02*  0.00   2.50    QN   YES    0:00:00
       96   1   14    1    -3.14521796    0.27E-02* -0.12E+00*   3  24 1  0.98E-02*  0.00  -0.50    LS   YES    0:00:00
       97   1   14    1    -3.14655810   -0.13E-02* -0.10E+00*   3  27 1 -0.63E-02*  0.00   2.50    LS   YES    0:00:00
       98   1   14    1    -3.14789436   -0.13E-02* -0.22E+00*   3  27 1 -0.70E-02*  0.00   2.50    QN   YES    0:00:00
       99   1   14    1    -3.14522292    0.27E-02*  0.12E+00*   3  24 1  0.98E-02*  0.00  -0.50    LS   YES    0:00:00
      100   1   14    1    -3.14655854   -0.13E-02*  0.10E+00*   3  27 1 -0.63E-02*  0.00   2.50    LS   YES    0:00:00
      101   1   14    1    -3.14789004   -0.13E-02*  0.22E+00*   3  27 1 -0.70E-02*  0.00   2.50    QN   YES    0:00:00
      102   1   14    1    -3.14522763    0.27E-02* -0.12E+00*   3  24 1  0.98E-02*  0.00  -0.50    LS   YES    0:00:00
      103   1   14    1    -3.14655895   -0.13E-02* -0.10E+00*   3  27 1 -0.63E-02*  0.00   2.50    LS   YES    0:00:00
      104   1   14    1    -3.14788591   -0.13E-02*  0.22E+00*   3  27 1 -0.70E-02*  0.00   2.50    QN   YES    0:00:00
      105   1   14    1    -3.14523211    0.27E-02* -0.12E+00*   3  24 1  0.98E-02*  0.00  -0.50    LS   YES    0:00:00
      106   1   14    1    -3.14655933   -0.13E-02* -0.10E+00*   3  27 1 -0.63E-02*  0.00   2.50    LS   YES    0:00:00
      107   1   14    1    -3.14788197   -0.13E-02*  0.22E+00*   3  27 1 -0.70E-02*  0.00   2.50    QN   YES    0:00:00
      108   1   14    1    -3.14523637    0.26E-02* -0.12E+00*   3  24 1  0.97E-02*  0.00  -0.50    LS   YES    0:00:00
      109   1   14    1    -3.14655969   -0.13E-02* -0.10E+00*   3  27 1 -0.63E-02*  0.00   2.50    LS   YES    0:00:00
      110   1   14    1    -3.14787820   -0.13E-02*  0.22E+00*   3  27 1 -0.70E-02*  0.00   2.50    QN   YES    0:00:00
      111   1   14    1    -3.14524041    0.26E-02* -0.12E+00*   3  24 1  0.97E-02*  0.00  -0.50    LS   YES    0:00:00
      112   1   14    1    -3.14656003   -0.13E-02* -0.10E+00*   3  27 1 -0.63E-02*  0.00   2.50    LS   YES    0:00:00
      113   1   14    1    -3.14787460   -0.13E-02*  0.22E+00*   3  27 1 -0.70E-02*  0.00   2.50    QN   YES    0:00:00
      114   1   14    1    -3.14524425    0.26E-02* -0.12E+00*   3  24 1  0.97E-02*  0.00  -0.50    LS   YES    0:00:00
      115   1   14    1    -3.14656034   -0.13E-02* -0.10E+00*   3  27 1 -0.63E-02*  0.00   2.50    LS   YES    0:00:00
      116   1   14    1    -3.14787117   -0.13E-02*  0.22E+00*   3  27 1 -0.70E-02*  0.00   2.50    QN   YES    0:00:00
      117   1   14    1    -3.14524789    0.26E-02*  0.12E+00*   3  24 1  0.97E-02*  0.00  -0.50    LS   YES    0:00:00
      118   1   14    1    -3.14656063   -0.13E-02*  0.10E+00*   3  27 1 -0.63E-02*  0.00   2.50    LS   YES    0:00:00
      119   1   14    1    -3.14786789   -0.13E-02*  0.21E+00*   3  27 1 -0.70E-02*  0.00   2.50    QN   YES    0:00:00
      120   1   14    1    -3.14525134    0.26E-02* -0.12E+00*   3  24 1  0.97E-02*  0.00  -0.50    LS   YES    0:00:00
      121   1   14    1    -3.14656090   -0.13E-02* -0.10E+00*   3  27 1 -0.63E-02*  0.00   2.50    LS   YES    0:00:00
      122   1   17    1    -3.14786478   -0.13E-02* -0.21E+00*   3  27 1 -0.69E-02*  0.00   2.50    QN   YES    0:00:00
      123   1   14    1    -3.14525459    0.26E-02*  0.12E+00*   3  24 1  0.96E-02*  0.00  -0.50    LS   YES    0:00:00
      124   1   14    1    -3.14656115   -0.13E-02*  0.10E+00*   3  27 1 -0.63E-02*  0.00   2.50    LS   YES    0:00:00
      125   1   17    1    -3.14786181   -0.13E-02*  0.21E+00*   3  27 1 -0.69E-02*  0.00   2.50    QN   YES    0:00:00
      126   1   14    1    -3.14525769    0.26E-02* -0.12E+00*   3  24 1  0.96E-02*  0.00  -0.50    LS   YES    0:00:00
      127   1   14    1    -3.14656139   -0.13E-02* -0.10E+00*   3  27 1 -0.63E-02*  0.00   2.50    LS   YES    0:00:00
      128   1   17    1    -3.14785899   -0.13E-02*  0.21E+00*   3  27 1 -0.69E-02*  0.00   2.50    QN   YES    0:00:00
      129   1   14    1    -3.14526062    0.26E-02* -0.12E+00*   3  24 1  0.96E-02*  0.00  -0.50    LS   YES    0:00:00
      130   1   14    1    -3.14656160   -0.13E-02* -0.10E+00*   3  27 1 -0.63E-02*  0.00   2.50    LS   YES    0:00:00
      131   1   17    1    -3.14785630   -0.13E-02*  0.21E+00*   3  27 1 -0.69E-02*  0.00   2.50    QN   YES    0:00:00
      132   1   13    1    -3.14526340    0.26E-02* -0.12E+00*   3  24 1  0.96E-02*  0.00  -0.50    LS   YES    0:00:00
      133   1   14    1    -3.14656181   -0.13E-02* -0.10E+00*   3  27 1 -0.63E-02*  0.00   2.50    LS   YES    0:00:00
      134   1   17    1    -3.14785375   -0.13E-02* -0.21E+00*   3  27 1 -0.69E-02*  0.00   2.50    QN   YES    0:00:00
      135   1   13    1    -3.14526603    0.26E-02*  0.12E+00*   3  24 1  0.96E-02*  0.00  -0.50    LS   YES    0:00:00
      136   1   14    1    -3.14656200   -0.13E-02*  0.10E+00*   3  27 1 -0.63E-02*  0.00   2.50    LS   YES    0:00:00
      137   1   17    1    -3.14785132   -0.13E-02*  0.21E+00*   3  27 1 -0.69E-02*  0.00   2.50    QN   YES    0:00:00
      138   1   13    1    -3.14526852    0.26E-02* -0.12E+00*   3  24 1  0.96E-02*  0.00  -0.50    LS   YES    0:00:00
      139   1   14    1    -3.14656218   -0.13E-02* -0.10E+00*   3  27 1 -0.63E-02*  0.00   2.50    LS   YES    0:00:00
      140   1   17    1    -3.14784901   -0.13E-02*  0.21E+00*   3  27 1 -0.69E-02*  0.00   2.50    QN   YES    0:00:00
      141   1   13    1    -3.14527088    0.26E-02* -0.12E+00*   3  24 1  0.96E-02*  0.00  -0.50    LS   YES    0:00:00
      142   1   14    1    -3.14656234   -0.13E-02* -0.10E+00*   3  27 1 -0.63E-02*  0.00   2.50    LS   YES    0:00:00
      143   1   17    1    -3.14784682   -0.13E-02*  0.21E+00*   3  27 1 -0.69E-02*  0.00   2.50    QN   YES    0:00:00
      144   1   13    1    -3.14527312    0.26E-02* -0.12E+00*   3  24 1  0.95E-02*  0.00  -0.50    LS   YES    0:00:00
      145   1   14    1    -3.14656250   -0.13E-02* -0.10E+00*   3  27 1 -0.63E-02*  0.00   2.50    LS   YES    0:00:00
      146   1   17    1    -3.14784474   -0.13E-02*  0.21E+00*   3  27 1 -0.69E-02*  0.00   2.50    QN   YES    0:00:00
      147   1   13    1    -3.14527523    0.26E-02* -0.12E+00*   3  24 1  0.95E-02*  0.00  -0.50    LS   YES    0:00:00
      148   1   14    1    -3.14656264   -0.13E-02* -0.10E+00*   3  27 1 -0.63E-02*  0.00   2.50    LS   YES    0:00:00
      149   1   17    1    -3.14784277   -0.13E-02* -0.21E+00*   3  27 1 -0.69E-02*  0.00   2.50    QN   YES    0:00:00
      150   1   13    1    -3.14527723    0.26E-02*  0.12E+00*   3  24 1  0.95E-02*  0.00  -0.50    LS   YES    0:00:00
      151   1   14    1    -3.14656278   -0.13E-02*  0.10E+00*   3  27 1 -0.63E-02*  0.00   2.50    LS   YES    0:00:00
      152   1   17    1    -3.14784089   -0.13E-02*  0.21E+00*   3  27 1 -0.69E-02*  0.00   2.50    QN   YES    0:00:00
      153   1   13    1    -3.14527912    0.26E-02* -0.12E+00*   3  24 1  0.95E-02*  0.00  -0.50    LS   YES    0:00:00
      154   1   14    1    -3.14656290   -0.13E-02* -0.10E+00*   3  27 1 -0.62E-02*  0.00   2.50    LS   YES    0:00:00
      155   1   17    1    -3.14783912   -0.13E-02* -0.21E+00*   3  27 1 -0.69E-02*  0.00   2.50    QN   YES    0:00:00
      156   1   13    1    -3.14528090    0.26E-02*  0.12E+00*   3  24 1  0.95E-02*  0.00  -0.50    LS   YES    0:00:00
      157   1   14    1    -3.14656302   -0.13E-02* -0.10E+00*   3  27 1 -0.62E-02*  0.00   2.50    LS   YES    0:00:00
      158   1   17    1    -3.14783743   -0.13E-02*  0.21E+00*   3  27 1 -0.69E-02*  0.00   2.50    QN   YES    0:00:00
      159   1   13    1    -3.14528259    0.26E-02* -0.12E+00*   3  24 1  0.95E-02*  0.00  -0.50    LS   YES    0:00:00
      160   1   14    1    -3.14656313   -0.13E-02* -0.10E+00*   3  27 1 -0.62E-02*  0.00   2.50    LS   YES    0:00:00
      161   1   17    1    -3.14783583   -0.13E-02*  0.21E+00*   3  27 1 -0.69E-02*  0.00   2.50    QN   YES    0:00:00
      162   1   13    1    -3.14528419    0.26E-02* -0.12E+00*   3  24 1  0.95E-02*  0.00  -0.50    LS   YES    0:00:00
      163   1   14    1    -3.14656323   -0.13E-02* -0.10E+00*   3  27 1 -0.62E-02*  0.00   2.50    LS   YES    0:00:00
      164   1   17    1    -3.14783432   -0.13E-02*  0.21E+00*   3  27 1 -0.69E-02*  0.00   2.50    QN   YES    0:00:00
      165   1   13    1    -3.14528570    0.25E-02*  0.12E+00*   3  24 1  0.95E-02*  0.00  -0.50    LS   YES    0:00:00
      166   1   14    1    -3.14656332   -0.13E-02* -0.10E+00*   3  27 1 -0.62E-02*  0.00   2.50    LS   YES    0:00:00
      167   1   17    1    -3.14783288   -0.13E-02*  0.21E+00*   3  27 1 -0.69E-02*  0.00   2.50    QN   YES    0:00:00
      168   1   13    1    -3.14528712    0.25E-02* -0.12E+00*   3  24 1  0.95E-02*  0.00  -0.50    LS   YES    0:00:00
      169   1   14    1    -3.14656341   -0.13E-02* -0.10E+00*   3  27 1 -0.62E-02*  0.00   2.50    LS   YES    0:00:00
      170   1   17    1    -3.14783153   -0.13E-02*  0.21E+00*   3  27 1 -0.69E-02*  0.00   2.50    QN   YES    0:00:00
      171   1   13    1    -3.14528847    0.25E-02*  0.12E+00*   3  24 1  0.95E-02*  0.00  -0.50    LS   YES    0:00:00
      172   1   14    1    -3.14656350   -0.13E-02*  0.10E+00*   3  27 1 -0.62E-02*  0.00   2.50    LS   YES    0:00:00
      173   1   17    1    -3.14783024   -0.13E-02*  0.21E+00*   3  27 1 -0.69E-02*  0.00   2.50    QN   YES    0:00:00
      174   1   13    1    -3.14528974    0.25E-02* -0.12E+00*   3  24 1  0.95E-02*  0.00  -0.50    LS   YES    0:00:00
      175   1   14    1    -3.14656357   -0.13E-02* -0.10E+00*   3  27 1 -0.62E-02*  0.00   2.50    LS   YES    0:00:00
      176   1   17    1    -3.14782902   -0.13E-02*  0.21E+00*   3  27 1 -0.69E-02*  0.00   2.50    QN   YES    0:00:00
      177   1   13    1    -3.14529094    0.25E-02* -0.12E+00*   3  24 1  0.94E-02*  0.00  -0.50    LS   YES    0:00:00
      178   1   14    1    -3.14656365   -0.13E-02* -0.10E+00*   3  27 1 -0.62E-02*  0.00   2.50    LS   YES    0:00:00
      179   1   17    1    -3.14782787   -0.13E-02*  0.21E+00*   3  27 1 -0.69E-02*  0.00   2.50    QN   YES    0:00:00
      180   1   13    1    -3.14529208    0.25E-02* -0.12E+00*   3  24 1  0.94E-02*  0.00  -0.50    LS   YES    0:00:00
      181   1   14    1    -3.14656371   -0.13E-02* -0.10E+00*   3  27 1 -0.62E-02*  0.00   2.50    LS   YES    0:00:00
      182   1   17    1    -3.14782678   -0.13E-02*  0.21E+00*   3  27 1 -0.69E-02*  0.00   2.50    QN   YES    0:00:00
      183   1   13    1    -3.14529315    0.25E-02* -0.12E+00*   3  24 1  0.94E-02*  0.00  -0.50    LS   YES    0:00:00
      184   1   14    1    -3.14656378   -0.13E-02* -0.10E+00*   3  27 1 -0.62E-02*  0.00   2.50    LS   YES    0:00:00
      185   1   17    1    -3.14782574   -0.13E-02*  0.21E+00*   3  27 1 -0.69E-02*  0.00   2.50    QN   YES    0:00:00
      186   1   13    1    -3.14529417    0.25E-02* -0.12E+00*   3  24 1  0.94E-02*  0.00  -0.50    LS   YES    0:00:00
      187   1   14    1    -3.14656383   -0.13E-02* -0.10E+00*   3  27 1 -0.62E-02*  0.00   2.50    LS   YES    0:00:00
      188   1   17    1    -3.14782477   -0.13E-02*  0.21E+00*   3  27 1 -0.69E-02*  0.00   2.50    QN   YES    0:00:00
      189   1   13    1    -3.14529512    0.25E-02* -0.12E+00*   3  24 1  0.94E-02*  0.00  -0.50    LS   YES    0:00:00
      190   1   14    1    -3.14656389   -0.13E-02* -0.10E+00*   3  27 1 -0.62E-02*  0.00   2.50    LS   YES    0:00:00
      191   1   17    1    -3.14782384   -0.13E-02*  0.21E+00*   3  27 1 -0.69E-02*  0.00   2.50    QN   YES    0:00:00
      192   1   13    1    -3.14529603    0.25E-02* -0.12E+00*   3  24 1  0.94E-02*  0.00  -0.50    LS   YES    0:00:00
      193   1   14    1    -3.14656394   -0.13E-02* -0.10E+00*   3  27 1 -0.62E-02*  0.00   2.50    LS   YES    0:00:00
      194   1   17    1    -3.14782297   -0.13E-02*  0.21E+00*   3  27 1 -0.69E-02*  0.00   2.50    QN   YES    0:00:00
      195   1   13    1    -3.14529688    0.25E-02* -0.12E+00*   3  24 1  0.94E-02*  0.00  -0.50    LS   YES    0:00:00
      196   1   14    1    -3.14656399   -0.13E-02* -0.10E+00*   3  27 1 -0.62E-02*  0.00   2.50    LS   YES    0:00:00
      197   1   17    1    -3.14782214   -0.13E-02*  0.21E+00*   3  27 1 -0.69E-02*  0.00   2.50    QN   YES    0:00:00
      198   1   13    1    -3.14529768    0.25E-02* -0.12E+00*   3  24 1  0.94E-02*  0.00  -0.50    LS   YES    0:00:00
      199   1   14    1    -3.14656403   -0.13E-02* -0.10E+00*   3  27 1 -0.62E-02*  0.00   2.50    LS   YES    0:00:00
      200   1   17    1    -3.14782136   -0.13E-02*  0.21E+00*   3  27 1 -0.69E-02*  0.00   2.50    QN   YES    0:00:00
      No convergence after200 iterations
 
  Dmat in MO in SXCTL bf call to SXHAM                                                                                    
  mat. size =     6x    6
 
        1.9930553047767674
       -0.0006304355450981      1.9824399628754974
       -0.0043294769985452     -0.0001355840789716      1.9639121779818354
       -0.0008662719419218     -0.0010088052044556      0.0080164036353561      0.0410252116278072
       -0.0011084039900143      0.0027786400279653     -0.0072302797528012      0.0005609015865775      0.0064405717033529
        0.0283110916342879     -0.0039759982169027      0.0392391770014474      0.0003291324637473      0.0036612184949926
        0.0131267710347392
      201   1   17    1    -3.14529844    0.25E-02*  0.21E+00*   3  24 1  0.94E-02*  0.00   2.50    QN   YES    0:00:00
 
      ************************************************************************************************************************
                                                      Wave function printout:
                       occupation of active orbitals, and spin coupling of open shells (u,d: Spin up or down)
      ************************************************************************************************************************
 
      Note: transformation to natural orbitals
      has been made, which may change the order of the CSFs.
 
      printout of CI-coefficients larger than  0.05 for root  1
      energy=      -3.145298
      conf/sym  111111     Coeff  Weight
             1  222000  -0.98515 0.97052
            11  220200   0.10922 0.01193
            20  2udu0d   0.05092 0.00259
            29  202200   0.05216 0.00272
            48  2uud0d  -0.05791 0.00335
 
      Natural orbitals and occupation numbers for root  1
      sym 1:   1.993984   1.982421   1.964271   0.041003   0.004445   0.013876
 
      ************************************************************************************************************************
      *                                                                                                                      *
      *                                                    Final results                                                     *
      *                                                                                                                      *
      ************************************************************************************************************************
 
 
++    Wave function specifications:
      -----------------------------
 
      Number of closed shell electrons           0
      Number of electrons in active shells       6
      Max number of holes in RAS1 space          0
      Max nr of electrons in RAS3 space          0
      Number of inactive orbitals                0
      Number of active orbitals                  6
      Number of secondary orbitals              24
      Spin quantum number                      0.0
      State symmetry                             1
--
 
++    Orbital specifications:
      -----------------------
 
      Symmetry species                           1
                                                 a
      Frozen orbitals                            0
      Inactive orbitals                          0
      Active orbitals                            6
      RAS1 orbitals                              0
      RAS2 orbitals                              6
      RAS3 orbitals                              0
      Secondary orbitals                        24
      Deleted orbitals                           0
      Number of basis functions                 30
--
 
++    CI expansion specifications:
      ----------------------------
 
      Number of CSFs                           175
      Number of determinants                   210
      Number of root(s) required                 1
      CI root used                               1
      highest root included in the CI            1
      Root passed to geometry opt.               1
--
 
++    Final optimization conditions:
      ------------------------------
 
      Average CI energy                              -3.14529844
      RASSCF energy for state  1                     -3.14529844
      Super-CI energy                                -0.00126741
      RASSCF energy change                            0.00252292
      Max change in MO coefficients              -0.191E+01
      Max non-diagonal density matrix element     0.214E+00
      Maximum BLB matrix element                  0.940E-02
      (orbital pair   3,  24 in symmetry   1)
      Norm of electronic gradient            0.171E-01
--
 
 
      Final state energy(ies):
      ------------------------
 
::    RASSCF root number  1 Total energy:     -3.14529844
 
++    Molecular orbitals:
      -------------------
 
      Pseudonatural active orbitals and approximate occupation numbers
 
 
 
 
      Molecular orbitals for symmetry species 1: a  
 
 
      Orbital                1         2         3         4         5         6         7         8         9        10
      Energy            0.0000    0.0000    0.0000    0.0000    0.0000    0.0000    0.2138    0.3013    0.5146    0.5146
      Occ. No.          1.9940    1.9824    1.9643    0.0410    0.0044    0.0139    0.0000    0.0000    0.0000    0.0000
 
    1 H1     1s         0.2759   -0.4743    0.5524   -0.5660   -0.2367   -0.7481    0.3176    2.5637   -0.0000    0.0000
    2 H1     2s         0.0887   -0.0676    0.0719    0.1874    0.6823   -0.0448    0.5503    2.2030   -0.0000    0.0000
    3 H1     2px        0.0000    0.0000    0.0000   -0.0000    0.0000   -0.0000   -0.0000   -0.0000   -0.0350    0.1753
    4 H1     2py        0.0000   -0.0000   -0.0000    0.0000    0.0000   -0.0000   -0.0000   -0.0000    0.1753    0.0350
    5 H1     2pz        0.0309   -0.0435    0.0109    0.0523    0.0055    0.0720    0.0783    0.3640   -0.0000    0.0000
    6 H2     1s         0.1162   -0.1065    0.2611    0.1895    1.9373    0.8054   -1.1559   -3.1264    0.0000   -0.0000
    7 H2     2s        -0.1597    0.2691    0.0343   -0.2463    0.6653   -0.1528   -0.5153   -2.3449    0.0000   -0.0000
    8 H2     2px       -0.0000    0.0000   -0.0000    0.0000    0.0000    0.0000    0.0000    0.0000   -0.0477    0.2387
    9 H2     2py       -0.0000    0.0000    0.0000   -0.0000   -0.0000    0.0000   -0.0000   -0.0000    0.2387    0.0477
   10 H2     2pz        0.0197   -0.0126   -0.0502    0.1173    0.1728   -0.0077    0.0884    0.4483   -0.0000    0.0000
   11 H3     1s         0.3611   -0.2712   -0.5067    0.5667   -1.4940   -0.4473    1.9968    2.5451   -0.0000    0.0000
   12 H3     2s        -0.0630   -0.0753   -0.0832    0.0372   -1.0329    0.0710    1.6933    1.6618   -0.0000    0.0000
   13 H3     2px        0.0000   -0.0000   -0.0000    0.0000   -0.0000    0.0000    0.0000    0.0000   -0.0598    0.2989
   14 H3     2py       -0.0000   -0.0000   -0.0000   -0.0000    0.0000   -0.0000   -0.0000   -0.0000    0.2989    0.0598
   15 H3     2pz        0.0066    0.0176   -0.0422   -0.0789    0.2106   -0.2548    0.1179    0.2742    0.0000   -0.0000
   16 H4     1s         0.3384    0.3322   -0.4423   -0.5174   -2.3097    0.2871   -1.9270   -2.4239   -0.0000    0.0000
   17 H4     2s        -0.0648    0.0719   -0.0328    0.0243   -2.1138    0.6684   -1.1339   -1.9939   -0.0000    0.0000
   18 H4     2px       -0.0000    0.0000   -0.0000   -0.0000    0.0000    0.0000    0.0000   -0.0000   -0.0593    0.2967
   19 H4     2py        0.0000   -0.0000    0.0000    0.0000    0.0000   -0.0000   -0.0000    0.0000    0.2967    0.0593
   20 H4     2pz       -0.0075    0.0146    0.0408   -0.0833    0.0956    0.1870    0.1604    0.2061    0.0000   -0.0000
   21 H5     1s         0.0953    0.0919    0.2211   -0.2428    3.0924    0.1534    1.8048    0.8968    0.0000   -0.0000
   22 H5     2s        -0.1343   -0.2990   -0.0084    0.1653    2.2303   -0.7385    1.4538    0.3827    0.0000   -0.0000
   23 H5     2px        0.0000   -0.0000    0.0000    0.0000   -0.0000    0.0000    0.0000   -0.0000   -0.0470    0.2352
   24 H5     2py       -0.0000    0.0000   -0.0000   -0.0000   -0.0000    0.0000   -0.0000    0.0000    0.2352    0.0470
   25 H5     2pz       -0.0174   -0.0170    0.0517    0.1322   -0.2882   -0.0036    0.2158    0.0564    0.0000   -0.0000
   26 H6     1s         0.2232    0.4968    0.5919    0.5582   -0.8933   -0.4519   -1.4402   -0.0771   -0.0000    0.0000
   27 H6     2s         0.0822    0.0878    0.0954   -0.1634    0.2067    0.0949   -1.0476   -0.2381   -0.0000    0.0000
   28 H6     2px       -0.0000    0.0000   -0.0000    0.0000   -0.0000   -0.0000    0.0000   -0.0000   -0.0345    0.1727
   29 H6     2py       -0.0000    0.0000    0.0000   -0.0000    0.0000   -0.0000   -0.0000    0.0000    0.1727    0.0345
   30 H6     2pz       -0.0265   -0.0488   -0.0135    0.0410    0.4875   -0.2170    0.1352    0.0707    0.0000   -0.0000
 
 
      Orbital               11        12        13        14        15        16        17        18        19        20
      Energy            0.7561    0.7561    0.7601    1.1421    1.1421    1.2913    1.4464    1.7165    1.7165    2.1829
      Occ. No.          0.0000    0.0000    0.0000    0.0000    0.0000    0.0000    0.0000    0.0000    0.0000    0.0000
 
    1 H1     1s         0.0000    0.0000   -5.0356   -0.0000   -0.0000    2.9441    3.3331   -0.0000    0.0000    0.1721
    2 H1     2s         0.0000    0.0000   -3.6008   -0.0000   -0.0000    2.0211    2.4691   -0.0000    0.0000    0.1913
    3 H1     2px       -0.1084   -0.3763   -0.0000    0.3271    0.5171    0.0000    0.0000   -0.5853    0.5099   -0.0000
    4 H1     2py       -0.3763    0.1084   -0.0000    0.5171   -0.3271    0.0000   -0.0000   -0.5099   -0.5853    0.0000
    5 H1     2pz        0.0000    0.0000   -0.2363    0.0000    0.0000   -0.2006    0.4988    0.0000    0.0000   -1.0674
    6 H2     1s        -0.0000   -0.0000   11.1063    0.0000    0.0000   -9.6817   -5.1958    0.0000   -0.0000   -8.1205
    7 H2     2s        -0.0000   -0.0000    8.5172    0.0000    0.0000   -7.0037   -4.7162    0.0000   -0.0000   -6.3446
    8 H2     2px       -0.0935   -0.3247   -0.0000    0.0513    0.0811    0.0000    0.0000    0.4231   -0.3686    0.0000
    9 H2     2py       -0.3247    0.0935   -0.0000    0.0811   -0.0513    0.0000    0.0000    0.3686    0.4231   -0.0000
   10 H2     2pz       -0.0000    0.0000    0.0435    0.0000    0.0000   -0.3378    0.0181    0.0000   -0.0000   -0.5615
   11 H3     1s         0.0000    0.0000  -10.8810   -0.0000   -0.0000   11.0968   -3.2080   -0.0000    0.0000   20.8838
   12 H3     2s         0.0000    0.0000   -7.6055   -0.0000   -0.0000    8.2253   -1.7551   -0.0000    0.0000   15.6170
   13 H3     2px       -0.0426   -0.1477   -0.0000   -0.2335   -0.3690   -0.0000   -0.0000    0.4337   -0.3778    0.0000
   14 H3     2py       -0.1477    0.0426   -0.0000   -0.3690    0.2335   -0.0000    0.0000    0.3778    0.4337    0.0000
   15 H3     2pz       -0.0000   -0.0000    0.4202    0.0000    0.0000   -0.4248   -0.4587    0.0000   -0.0000   -0.1264
   16 H4     1s        -0.0000   -0.0000   10.7227   -0.0000   -0.0000   -2.2445   13.9591    0.0000   -0.0000  -23.1430
   17 H4     2s        -0.0000   -0.0000    7.4956   -0.0000   -0.0000   -1.1082   10.4926    0.0000   -0.0000  -17.5959
   18 H4     2px        0.0437    0.1516    0.0000   -0.2321   -0.3668   -0.0000   -0.0000   -0.4356    0.3795    0.0000
   19 H4     2py        0.1516   -0.0437    0.0000   -0.3668    0.2321   -0.0000    0.0000   -0.3795   -0.4356    0.0000
   20 H4     2pz       -0.0000   -0.0000    0.4194   -0.0000   -0.0000    0.2021    0.5629   -0.0000    0.0000    0.6417
   21 H5     1s         0.0000    0.0000  -10.4765    0.0000    0.0000   -6.7656  -11.2891   -0.0000    0.0000   16.5190
   22 H5     2s         0.0000    0.0000   -8.0254    0.0000    0.0000   -5.7469   -8.4107    0.0000    0.0000   11.7437
   23 H5     2px        0.0938    0.3257    0.0000    0.0520    0.0822   -0.0000    0.0000   -0.4213    0.3670   -0.0000
   24 H5     2py        0.3257   -0.0938    0.0000    0.0822   -0.0520    0.0000    0.0000   -0.3670   -0.4213   -0.0000
   25 H5     2pz       -0.0000   -0.0000    0.1129    0.0000   -0.0000   -0.3643    0.6140    0.0000    0.0000   -0.2382
   26 H6     1s        -0.0000   -0.0000    4.5377   -0.0000   -0.0000    5.0135    2.7644   -0.0000   -0.0000   -6.1400
   27 H6     2s        -0.0000   -0.0000    3.1679   -0.0000    0.0000    3.9016    1.7430   -0.0000   -0.0000   -4.0719
   28 H6     2px        0.1086    0.3771    0.0000    0.3268    0.5165    0.0000    0.0000    0.5850   -0.5097    0.0000
   29 H6     2py        0.3771   -0.1086    0.0000    0.5165   -0.3268    0.0000   -0.0000    0.5097    0.5850    0.0000
   30 H6     2pz        0.0000    0.0000   -0.1488    0.0000   -0.0000   -1.0416    0.4851    0.0000    0.0000    1.3181
 
 
      Orbital               21        22        23        24        25        26        27        28        29        30
      Energy            2.3956    2.5463    2.5463    3.1791    3.7292    3.7292    4.3680    5.6342    6.9423    7.8851
      Occ. No.          0.0000    0.0000    0.0000    0.0000    0.0000    0.0000    0.0000    0.0000    0.0000    0.0000
 
    1 H1     1s         7.1152   -0.0000   -0.0000    4.4759    0.0000   -0.0000   -4.1923    3.4949   -2.3132    0.5515
    2 H1     2s         4.7060   -0.0000   -0.0000    1.9634    0.0000   -0.0000   -1.3783    0.2579    0.2844   -1.0896
    3 H1     2px        0.0000   -0.4924    0.6498   -0.0000    0.1825   -0.5783    0.0000   -0.0000    0.0000   -0.0000
    4 H1     2py        0.0000    0.6498    0.4924    0.0000   -0.5783   -0.1825   -0.0000    0.0000   -0.0000   -0.0000
    5 H1     2pz        1.2817    0.0000    0.0000    1.4832    0.0000   -0.0000   -1.3597    1.1777   -0.8013    0.2041
    6 H2     1s       -21.2620    0.0000    0.0000   -8.5887   -0.0000    0.0000    5.6152    1.3387   -4.9841    7.1693
    7 H2     2s       -15.6762    0.0000    0.0000   -4.8486   -0.0000    0.0000    2.1448    1.3672   -2.4447    2.0716
    8 H2     2px       -0.0000    0.8030   -1.0599    0.0000   -0.4291    1.3601   -0.0000    0.0000   -0.0000    0.0000
    9 H2     2py       -0.0000   -1.0599   -0.8030   -0.0000    1.3601    0.4291   -0.0000   -0.0000    0.0000    0.0000
   10 H2     2pz       -0.4914    0.0000    0.0000    0.5114   -0.0000   -0.0000   -1.4584    3.2756   -3.6621    3.1495
   11 H3     1s        31.5642   -0.0000   -0.0000   10.4048    0.0000   -0.0000   -1.5042   -8.6399    7.3154    2.5406
   12 H3     2s        24.2552   -0.0000   -0.0000    6.2813    0.0000   -0.0000   -1.0084   -4.0424    2.0777    0.1968
   13 H3     2px        0.0000   -0.3947    0.5210   -0.0000    0.5852   -1.8549    0.0000   -0.0000    0.0000    0.0000
   14 H3     2py        0.0000    0.5210    0.3947    0.0000   -1.8549   -0.5852    0.0000    0.0000    0.0000   -0.0000
   15 H3     2pz        0.6617   -0.0000   -0.0000    0.7390    0.0000    0.0000    0.9640    0.3170   -2.4949    6.5089
   16 H4     1s       -28.9040    0.0000    0.0000  -10.4112   -0.0000    0.0000   -0.9518    8.4616    7.3830   -2.4637
   17 H4     2s       -21.9506    0.0000    0.0000   -6.2813   -0.0000    0.0000   -0.4341    3.9193    2.1226   -0.1326
   18 H4     2px        0.0000   -0.3916    0.5168   -0.0000   -0.5857    1.8564   -0.0000    0.0000   -0.0000   -0.0000
   19 H4     2py        0.0000    0.5168    0.3916   -0.0000    1.8564    0.5857   -0.0000    0.0000   -0.0000   -0.0000
   20 H4     2pz        0.2322   -0.0000   -0.0000    0.7683   -0.0000   -0.0000   -0.9655    0.2859    2.4924    6.5159
   21 H5     1s        14.5966   -0.0000   -0.0000    8.5779    0.0000   -0.0000    5.0390   -1.0223   -5.0167   -7.2936
   22 H5     2s        11.1460   -0.0000   -0.0000    4.8312    0.0000   -0.0000    1.6426   -1.2056   -2.4768   -2.1464
   23 H5     2px       -0.0000    0.8020   -1.0585    0.0000    0.4299   -1.3627    0.0000   -0.0000    0.0000    0.0000
   24 H5     2py       -0.0000   -1.0585   -0.8020    0.0000   -1.3627   -0.4299    0.0000   -0.0000    0.0000    0.0000
   25 H5     2pz       -0.4538    0.0000    0.0000    0.4865    0.0000    0.0000    1.4196    3.2764    3.6766    3.1519
   26 H6     1s        -3.2276    0.0000    0.0000   -4.4620   -0.0000   -0.0000   -3.9060   -3.6298   -2.3150   -0.5074
   27 H6     2s        -2.3249    0.0000    0.0000   -1.9416   -0.0000   -0.0000   -1.1959   -0.2845    0.2924    1.0915
   28 H6     2px        0.0000   -0.4923    0.6498    0.0000   -0.1829    0.5797    0.0000   -0.0000    0.0000    0.0000
   29 H6     2py        0.0000    0.6498    0.4923   -0.0000    0.5797    0.1829   -0.0000    0.0000   -0.0000   -0.0000
   30 H6     2pz       -0.1904   -0.0000   -0.0000    1.4799    0.0000    0.0000    1.2665    1.2235    0.8005    0.1864
--
 
      Von Neumann Entropy (Root  1) =  0.22682
 

      Mulliken population analysis for root number:  1
      -----------------------------------------------
 
 
++    Molecular charges:
      ------------------
 
      Mulliken charges per centre and basis function type
      ---------------------------------------------------
 
                H1      H2      H3      H4      H5      H6    
      1s       1.3884  0.4046  1.0139  1.0088  0.3482  1.4332
      2s       0.0058  0.0953 -0.0941 -0.0526  0.0985  0.0010
      2px      0.0000  0.0000  0.0000  0.0000 -0.0000  0.0000
      2pz      0.0401  0.0721  0.0611  0.0578  0.0751  0.0430
      2py      0.0000 -0.0000  0.0000  0.0000  0.0000  0.0000
      Total    1.4342  0.5720  0.9809  1.0140  0.5218  1.4771
 
      N-E     -0.4342  0.4280  0.0191 -0.0140  0.4782 -0.4771
 
      Total electronic charge=    6.000000
 
      Total            charge=   -0.000000
--
 
 

      Expectation values of various properties for root number:  1
      -----------------------------------------------------------
 
 
++    Molecular properties:
      ---------------------
 
      Charge (e):
                      =   -0.0000
      Dipole Moment (Debye):
      Origin of the operator (Ang)=    0.0000    0.0000    0.0000
                   X=  2.7214E-13               Y=  5.0083E-12               Z= -1.4529E-01           Total=  1.4529E-01
      Quadrupole Moment (Debye*Ang):
      Origin of the operator (Ang)=    0.0000    0.0000    1.7424
                  XX= -5.7438E+00              XY= -8.0975E-26              XZ=  6.0541E-12              YY= -5.7438E+00
                  YZ= -7.1806E-12              ZZ= -9.5075E+00
      In traceless form (Debye*Ang)
                  XX=  1.8819E+00              XY= -1.2146E-25              XZ=  9.0812E-12              YY=  1.8819E+00
                  YZ= -1.0771E-11              ZZ= -3.7638E+00
--
 

      LoProp population analysis for root number:  1
      -----------------------------------------------
 
 
++    LoProp analysis:
      ----------------
 
 
 
  Input file to MOLDEN was generated!
 
 
++    Static properties:
      ------------------
 
 
      LoProp Charges per center
 

                   H1       H2       H3       H4       H5       H6    
      Nuclear      1.0000   1.0000   1.0000   1.0000   1.0000   1.0000
      Electronic  -1.0798  -0.9589  -0.9518  -0.9610  -0.9571  -1.0914
 
      Total       -0.0798   0.0411   0.0482   0.0390   0.0429  -0.0914
--
 
 
      Natural Bond Order analysis for root number:  1
 
++    Natural Bond Order analysis
      ---------------------------
      Based on LoProp computed density
      -------------------------------------------------------------------------------------
      Atom A       Atom B       Bond Order | Atom A       Atom B       Bond Order
        H1           H2             0.908  |   H3           H4             0.899
        H5           H6             0.899  |
      -------------------------------------------------------------------------------------
      NBO located      5.413 electrons involved in    3 bonds.
      The remaining    0.587 electrons are to be considered as diffuse
--
 
--
 
 
  Input file to MOLDEN was generated!
 
      Average orbitals are written to the RASORB file
      Natural orbitals for root   1 are written to the RASORB.1 file
      Spin density orbitals for root   1 are written to the SPDORB.1 file
 
 ###############################################################################
 ###############################################################################
 ###                                                                         ###
 ###                                                                         ###
[ process      0]: xquit (rc =     96): _NOT_CONVERGED_
 ###    RunFile label BirthCertificate                                       ###
 ###    was used      206 times                                              ###
 ###                                                                         ###
 ###                                                                         ###
 ###############################################################################
 ###############################################################################
forrtl: warning (525): IEEE_DIVIDE_BY_ZERO is signaling
forrtl: warning (526): IEEE_INVALID is signaling
forrtl: warning (528): IEEE_UNDERFLOW is signaling
--- Stop Module: rasscf at Sun Oct 26 12:59:31 2025 /rc=_RC_NOT_CONVERGED_ ---
*** files: H6_0.70.LprOrb H6_0.70.rasscf.molden H6_0.70.LoProp.molden H6_0.70.RasOrb.1 H6_0.70.RasOrb H6_0.70.rasscf.h5 H6_0.70.SpdOrb.1 xmldump
    saved to directory /home/grierjones/DDCASPT2/hydrogen_comps/rerun/H6_chain/H6_0.70
--- Module rasscf spent 4 seconds ---

.########################.
.# Non-zero return code #.
.########################.

    Timing: Wall=5.67 User=4.43 System=1.23
***************************************
*** WorkDir at /tmp/H6_0.70 cleaned ***
***************************************
