   This run of MOLCAS is using the pymolcas driver

                             OPE
                             OPE          NMOL  CASOP  ENMOLC A   SO
                 OPE        NMOLC        AS  OP EN  MO LC     AS  OP
                OPENM       OL CA        SO  PE NM  OL CA     SOP EN
                OP EN      MO   LC       AS  OP ENMOL  CASO   PENMOL
                OP  EN     MO   LC       AS  OP EN     MO     LC ASO
               OP   E  NMOL  C  AS       OP  EN MO     LC     AS  OP
               OP  E   NMO   LC AS        OPEN  MO     LCASOP EN   M
               O  PEN   MO  LCA  SO
            OPE   NMO   L   CAS    OP
        OPENMOL  CASOP     ENMOL   CASOPE
     OPENMOLCA   SOPENMOLCASOPEN   MOLCASOPE
    OPENMOLCAS   OP           EN   MOL    CAS
    OPENMOLCAS       OP  ENM        O     LCA
    OPENMOLCAS    OPEN  MOLCASO     P  E  NMO
    OPENMOLCAS     OP               E  N  MOL
    OPENMOLCA   SO           PENM   O  L  CAS    OPEN    MO    LCAS
    OPENMOLCA   SOP           ENM   O  L  CAS   OP  EN  MOLC  AS   O
    OPENMOLCA   SOPE           NM      O  LCA   S      OP  EN MO
    OPENMOLC                AS         O  PEN   M      OL  CA  SOPE
    OPENMO        LCASOPE  NMOL        C  ASO   P      ENMOLC     AS
    OPE     NMO      LCA  SO     P     E   NM   OL  CA SO  PE N   MO
          OPENMOLCA            SOPE   NMO        LCAS  O    P  ENMO
     OPENMOLCASOPENMOLCASOPENMOLCASOPENMOLCA
        OPENMOLCASOPENMOLCASOPENMOLCASOPE
            OPENMOLCASOPENMOLCASOPENM
               OPENMOLCASOPENMOLCA        version: f37762c57
                   OPENMOLCASO
                       OPE                tag:

 OpenMolcas is free software; you can redistribute it and/or modify it
 under the terms of the GNU Lesser General Public License version 2.1.
 OpenMolcas is distributed in the hope that it will be useful, but it
 is provided "as is" and without any express or implied warranties.
 For more details see the full text of the license in the file
 LICENSE or in <http://www.gnu.org/licenses/>.

                 Copyright (C) The OpenMolcas Authors
           For the author list and the recommended citation,
                   consult the file CONTRIBUTORS.md

           *************************************************
           * pymolcas version py2.28                       *
           *   build c4a6d18ded8cb6cad61d2372a9abd97c      *
           *   (after the EMIL interpreter by V. Veryazov) *
           *************************************************

configuration info
------------------
C Compiler ID: Intel
C flags: -std=gnu99 -gcc-sys
Fortran Compiler ID: IntelLLVM
Fortran flags: -standard-semantics -fltconsistency -fpp -i8 -heap-arrays
Definitions: _MOLCAS_;_I8_;_LINUX_
Parallel: OFF (GA=OFF)


   --------------------------------------------------------------------------------------
  |
  |              Project: H8_2.85
  |       Submitted from: /home/grierjones/DDCASPT2/hydrogen_comps/rerun/H8_chain/H8_2.85
  |         Scratch area: /tmp/H8_2.85
  |      Save outputs to: /home/grierjones/DDCASPT2/hydrogen_comps/rerun/H8_chain/H8_2.85
  |               Molcas: /home/grierjones/Test/build
  |
  | Scratch area is empty
  |
  |       MOLCAS_DRIVER = /usr/local/pymolcas
  | MOLCAS_KEEP_WORKDIR = NO
  |  MOLCAS_NEW_WORKDIR = YES
  |       MOLCAS_NPROCS = 1
  |        MOLCAS_PRINT = NORMAL
  |       MOLCAS_SOURCE = /home/grierjones/Test
  |    MOLCAS_STRUCTURE = 0
  |
   --------------------------------------------------------------------------------------

++ ---------   Input file   ---------

&GATEWAY
coord=H8_2.85.xyz
Basis = ANO-RCC-VDZP
Group = nosymm
EXPErt
End of Input

&SEWARD
End of Input

&SCF

>>> COPY $WorkDir/H8_2.85.scf.h5 $CurrDir/

&RASSCF
Title= RASSCF
FileOrb
/home/grierjones/DDCASPT2/hydrogen_comps/rerun/H8_chain/H8_2.81/H8_2.81.RasOrb
NACTEL
8 0 0
Inactive
0
RAS2
8
Symmetry
1
Spin
1
orblisting
all

>>> COPY $WorkDir/H8_2.85.rasscf.h5 $CurrDir/

>>> COPY $WorkDir/GMJ_Fock_MO.csv $CurrDir/H8_2.85.GMJ_Fock_MO.csv

&MOTRA
Frozen=0
LUMORB

>>> COPY $WorkDir/GMJ_one_int_indx.csv $CurrDir/H8_2.85.GMJ_one_int_indx.csv

>>> COPY $WorkDir/GMJ_one_int.csv $CurrDir/H8_2.85.GMJ_one_int.csv

>>> COPY $WorkDir/GMJ_two_int_indx.csv $CurrDir/H8_2.85.GMJ_two_int_indx.csv

>>> COPY $WorkDir/GMJ_two_int.csv $CurrDir/H8_2.85.GMJ_two_int.csv

&CASPT2
Frozen
0

MAXITER
50

>>> FOREACH i IN (B,E,F,G,H)

  >>> FOREACH j IN (P,M)

    >>> IF (-FILE GMJ_e2_${i}_${j}_1_.csv)

      >>> COPY $WorkDir/GMJ_RHS_${i}_${j}_1_.csv $CurrDir/GMJ_RHS_${i}_${j}_1_.csv

      >>> COPY $WorkDir/GMJ_IVECW_${i}_${j}_1_.csv $CurrDir/GMJ_IVECW_${i}_${j}_1_.csv

      >>> COPY $WorkDir/GMJ_IVECX_${i}_${j}_1_.csv $CurrDir/GMJ_IVECX_${i}_${j}_1_.csv

      >>> COPY $WorkDir/GMJ_IVECC2_${i}_${j}_1_.csv $CurrDir/GMJ_IVECC2_${i}_${j}_1_.csv

      >>> COPY $WorkDir/GMJ_e2_${i}_${j}_1_.csv $CurrDir/GMJ_e2_${i}_${j}_1_.csv

    >>> END IF

  >>> END FOREACH

>>> END FOREACH

>>> FOREACH i IN (A,C,D)

  >>> IF (-FILE GMJ_e2_${i}_1_.csv)

    >>> COPY $WorkDir/GMJ_RHS_${i}_1_.csv $CurrDir/GMJ_RHS_${i}_1_.csv

    >>> COPY $WorkDir/GMJ_IVECW_${i}_1_.csv $CurrDir/GMJ_IVECW_${i}_1_.csv

    >>> COPY $WorkDir/GMJ_IVECX_${i}_1_.csv $CurrDir/GMJ_IVECX_${i}_1_.csv

    >>> COPY $WorkDir/GMJ_IVECC2_${i}_1_.csv $CurrDir/GMJ_IVECC2_${i}_1_.csv

    >>> COPY $WorkDir/GMJ_e2_${i}_1_.csv $CurrDir/GMJ_e2_${i}_1_.csv

  >>> END IF

>>> END FOREACH

-- ----------------------------------

--- Start Module: gateway at Tue Oct 28 18:56:55 2025 ---
 
()()()()()()()()()()()()()()()()()()()()()()()()()()()()()()()()()()()()()()()()()()()()()()()()()()

                                              &GATEWAY

                                   only a single process is used
                       available to each process: 2.0 GB of memory, 1 thread?
()()()()()()()()()()()()()()()()()()()()()()()()()()()()()()()()()()()()()()()()()()()()()()()()()()
 
 ###############################################################################
 ###############################################################################
 ###                                                                         ###
 ###                                                                         ###
 ###                                                                         ###
 ###    WARNING: EXPERT option is ON!                                        ###
 ###                                                                         ###
 ###                                                                         ###
 ###############################################################################
 ###############################################################################
 
++    Symmetry information:
      ---------------------
 
                    Character Table for C1 
 
                             E  
                    a        1  x, y, xy, Rz, z, xz, Ry, yz, Rx, I
--
 
 
++    Basis set information:
      ----------------------
 
 
      Basis set label: H.ANO-RCC...2S1P.
 
      Electronic valence basis set:
      ------------------
      Associated Effective Charge   1.000000 au
      Associated Actual Charge      1.000000 au
      Nuclear Model: Point charge
 
      Shell  nPrim  nBasis  Cartesian Spherical Contaminant
         s       8       2        X                  
         p       4       1        X                  
--
 
 
++    Molecular structure info:
      -------------------------
 
                    ************************************************ 
                    **** Cartesian Coordinates / Bohr, Angstrom **** 
                    ************************************************ 
 
     Center  Label                x              y              z                     x              y              z
        1      H1               0.000000       0.000000       0.000000              0.000000       0.000000       0.000000
        2      H2               0.000000       0.000000       5.394308              0.000000       0.000000       2.854545
        3      H3               0.000000       0.000000      10.788618              0.000000       0.000000       5.709091
        4      H4               0.000000       0.000000      16.182927              0.000000       0.000000       8.563636
        5      H5               0.000000       0.000000      21.577237              0.000000       0.000000      11.418182
        6      H6               0.000000       0.000000      26.971545              0.000000       0.000000      14.272727
        7      H7               0.000000       0.000000      32.365855              0.000000       0.000000      17.127273
        8      H8               0.000000       0.000000      37.760164              0.000000       0.000000      19.981818
 
                    *************************************** 
                    *    InterNuclear Distances / Bohr    * 
                    *************************************** 
 
               1 H1            2 H2            3 H3            4 H4            5 H5            6 H6    
    1 H1       0.000000
    2 H2       5.394308        0.000000
    3 H3      10.788618        5.394310        0.000000
    4 H4      16.182927       10.788618        5.394308        0.000000
    5 H5      21.577237       16.182929       10.788618        5.394310        0.000000
    6 H6      26.971545       21.577237       16.182927       10.788618        5.394308        0.000000
    7 H7      32.365855       26.971547       21.577237       16.182929       10.788618        5.394310
    8 H8      37.760164       32.365855       26.971545       21.577237       16.182927       10.788618
 
               7 H7            8 H8    
    7 H7       0.000000
    8 H8       5.394308        0.000000
 
                    ******************************************* 
                    *    InterNuclear Distances / Angstrom    * 
                    ******************************************* 
 
               1 H1            2 H2            3 H3            4 H4            5 H5            6 H6    
    1 H1       0.000000
    2 H2       2.854545        0.000000
    3 H3       5.709091        2.854546        0.000000
    4 H4       8.563636        5.709091        2.854545        0.000000
    5 H5      11.418182        8.563637        5.709091        2.854546        0.000000
    6 H6      14.272727       11.418182        8.563636        5.709091        2.854545        0.000000
    7 H7      17.127273       14.272728       11.418182        8.563637        5.709091        2.854546
    8 H8      19.981818       17.127273       14.272727       11.418182        8.563636        5.709091
 
               7 H7            8 H8    
    7 H7       0.000000
    8 H8       2.854545        0.000000
--
 
 
            Nuclear Potential Energy              2.54765843 au
 
 ###############################################################################
 ###############################################################################
 ###                                                                         ###
 ###                                                                         ###
 ###    There were warnings during the execution                             ###
 ###    Please, check the output with care!                                  ###
 ###                                                                         ###
 ###                                                                         ###
 ###############################################################################
 ###############################################################################
--- Stop Module: gateway at Tue Oct 28 18:56:55 2025 /rc=_RC_ALL_IS_WELL_ ---
*** files: xmldump
    saved to directory /home/grierjones/DDCASPT2/hydrogen_comps/rerun/H8_chain/H8_2.85

--- Start Module: seward at Tue Oct 28 18:56:55 2025 ---
 
()()()()()()()()()()()()()()()()()()()()()()()()()()()()()()()()()()()()()()()()()()()()()()()()()()

                                              &SEWARD

                                   only a single process is used
                       available to each process: 2.0 GB of memory, 1 thread?
()()()()()()()()()()()()()()()()()()()()()()()()()()()()()()()()()()()()()()()()()()()()()()()()()()
 
 ###############################################################################
 ###############################################################################
 ###                                                                         ###
 ###                                                                         ###
 ###                                                                         ###
 ###    WARNING: EXPERT option is ON!                                        ###
 ###                                                                         ###
 ###                                                                         ###
 ###############################################################################
 ###############################################################################
               SEWARD will generate:
                  Multipole Moment integrals up to order  2
                  Kinetic Energy integrals
                  Nuclear Attraction integrals (point charge)
                  One-Electron Hamiltonian integrals
                  Velocity integrals
                  Relativistic Douglas-Kroll-Hess integrals:
                    - Parametrization         : EXP
                    - DKH order of Hamiltonian: 2
                    - DKH order of Properties : 0
                         - multipole moment operators
                         - electric potential operators
                         - contact operators
                  Atomic mean-field integrals
                  Two-Electron Repulsion integrals
 
                   Integrals are discarded if absolute value <: 0.10E-13
                   Integral cutoff threshold is set to       <: 0.10E-15
 
            Nuclear Potential Energy              2.54765843 au
 
 
      Basis set specifications :
      Symmetry species         a  
      Basis functions           40
 
 
  Input file to MOLDEN was generated!
 
 ###############################################################################
 ###############################################################################
 ###                                                                         ###
 ###                                                                         ###
 ###    There were warnings during the execution                             ###
 ###    Please, check the output with care!                                  ###
 ###                                                                         ###
 ###                                                                         ###
 ###############################################################################
 ###############################################################################
forrtl: warning (525): IEEE_DIVIDE_BY_ZERO is signaling
forrtl: warning (526): IEEE_INVALID is signaling
forrtl: warning (528): IEEE_UNDERFLOW is signaling
--- Stop Module: seward at Tue Oct 28 18:56:55 2025 /rc=_RC_ALL_IS_WELL_ ---
*** files: H8_2.85.GssOrb H8_2.85.guessorb.h5 H8_2.85.guessorb.molden xmldump
    saved to directory /home/grierjones/DDCASPT2/hydrogen_comps/rerun/H8_chain/H8_2.85

*** symbolic link created: INPORB -> H8_2.85.GssOrb
--- Start Module: scf at Tue Oct 28 18:56:55 2025 ---
 
()()()()()()()()()()()()()()()()()()()()()()()()()()()()()()()()()()()()()()()()()()()()()()()()()()

                                                &SCF

                                   only a single process is used
                       available to each process: 2.0 GB of memory, 1 thread?
()()()()()()()()()()()()()()()()()()()()()()()()()()()()()()()()()()()()()()()()()()()()()()()()()()
 
++    Input section:
      --------------
 
      Header of the integral files:
      
       Integrals generated by seward 4.2.0  , Tue Oct 28 18:56:55 2025
 
 
      Cartesian coordinates in Angstrom:
      -----------------------------------------------------
      No.  Label        X            Y            Z        
      -----------------------------------------------------
       1   H1         0.00000000   0.00000000   0.00000000
       2   H2         0.00000000   0.00000000   2.85454500
       3   H3         0.00000000   0.00000000   5.70909100
       4   H4         0.00000000   0.00000000   8.56363600
       5   H5         0.00000000   0.00000000  11.41818200
       6   H6         0.00000000   0.00000000  14.27272700
       7   H7         0.00000000   0.00000000  17.12727300
       8   H8         0.00000000   0.00000000  19.98181800
      -----------------------------------------------------
      Nuclear repulsion energy =    2.54765843
--
 
++    Orbital specifications:
      -----------------------
 
      Symmetry species               1
                                     a
      Frozen orbitals                0
      Occupied orbitals              4
      Secondary orbitals            36
      Deleted orbitals               0
      Total number of orbitals      40
      Number of basis functions     40
--
 
      Molecular charge                           0.000
 
++    Optimization specifications:
      ----------------------------
 
      SCF Algorithm: Conventional
      Minimized density differences are used
      Number of density matrices in core                5
      Maximum number of NDDO SCF iterations           400
      Maximum number of HF SCF iterations             400
      Threshold for SCF energy change            0.10E-08
      Threshold for density matrix               0.10E-03
      Threshold for Fock matrix                  0.15E-03
      Threshold for linear dependence            0.10E-08
      Threshold at which DIIS is turned on       0.15E+00
      Threshold at which QNR/C2DIIS is turned on 0.75E-01
      Threshold for Norm(delta) (QNR/C2DIIS)     0.20E-04
      DIIS extrapolation of the SCF procedure
      All orbitals punched on: SCFORB
--
 
      Input vectors read from INPORB
      Orbital file label: *Guess orbitals
 
 
++ Convergence information
                                   SCF        iterations: Energy and convergence statistics
 
Iter     Tot. SCF        One-elec.       Two-elec.     Energy      Max Dij or  Max Fij      DNorm      TNorm      AccCon     Time
         Energy          Energy          Energy        Change      Delta Norm                                                in Sec.
   1    -3.089177501    -9.158704748     3.521868814   0.00E+00    0.42E+00*   0.13E+00*    0.46E+01   0.71E+01   None         0.
   2    -3.345186501    -9.127815709     3.234970775  -0.26E+00*   0.16E+00*   0.25E-01*    0.14E+01   0.68E+01   EDIIS        0.
   3    -3.357816201    -9.066722304     3.161247670  -0.13E-01*   0.11E+00*   0.99E-02*    0.33E+00   0.67E+01   EDIIS        0.
   4    -3.360670031    -9.075344185     3.167015720  -0.29E-02*   0.69E-01*   0.58E-02*    0.20E+00   0.67E+01   c2DIIS       0.
   5    -3.361789662    -9.061447831     3.151999736  -0.11E-02*   0.33E-01*   0.45E-02*    0.42E-01   0.67E+01   QNRc2DIIS    0.
   6    -3.362294110    -9.068773181     3.158820637  -0.50E-03*   0.37E-01*   0.33E-02*    0.24E-01   0.67E+01   QNRc2DIIS    0.
   7    -3.362639457    -9.065264336     3.154966445  -0.35E-03*   0.10E-01*   0.81E-03*    0.13E-01   0.67E+01   QNRc2DIIS    0.
   8    -3.362650149    -9.063049649     3.152741066  -0.11E-04*   0.31E-02*   0.59E-03*    0.54E-02   0.67E+01   QNRc2DIIS    0.
   9    -3.362657347    -9.063725829     3.153410048  -0.72E-05*   0.33E-03*   0.29E-04     0.25E-02   0.67E+01   QNRc2DIIS    0.
  10    -3.362657386    -9.063759913     3.153444094  -0.39E-07*   0.80E-04*   0.86E-05     0.46E-03   0.67E+01   QNRc2DIIS    0.
  11    -3.362657388    -9.063756845     3.153441023  -0.25E-08*   0.42E-04*   0.27E-05     0.63E-04   0.67E+01   QNRc2DIIS    0.
  12    -3.362657388    -9.063755740     3.153439918  -0.40E-09    0.19E-05    0.29E-06     0.18E-04   0.67E+01   QNRc2DIIS    0.
 
       Convergence after 12 Macro Iterations
--
 
 *****************************************************************************************************************************
 *                                                                                                                           *
 *                                             SCF/KS-DFT Program, Final results                                             *
 *                                                                                                                           *
 *                                                                                                                           *
 *                                                                                                                           *
 *                                                       Final Results                                                       *
 *                                                                                                                           *
 *****************************************************************************************************************************
 
::    Total SCF energy                                 -3.3626573885
      One-electron energy                              -9.0637557405
      Two-electron energy                               3.1534399181
      Nuclear repulsion energy                          2.5476584339
      Kinetic energy (interpolated)                     2.6322902006
      Virial theorem                                    1.2774645393
      Total spin, S(S+1)                                0.0000000000
      Total spin, S                                     0.0000000000
      Max non-diagonal density matrix element           0.0000024421
      Max non-diagonal Fock matrix element              0.0000000729
 
 
      All orbitals with orbital energies smaller than  E(LUMO)+0.5 are printed
 
++    Molecular orbitals:
      -------------------
 
      Title: SCF orbitals

      Molecular orbitals for symmetry species 1: a  
 
          Orbital            1         2         3         4         5         6         7         8         9        10    
          Energy           -0.3651   -0.3539   -0.3378   -0.3216   -0.1573   -0.1348   -0.1114   -0.0945    0.3144    0.3250
          Occ. No.          2.0000    2.0000    2.0000    2.0000    0.0000    0.0000    0.0000    0.0000    0.0000    0.0000
 
        1 H1     1s         0.1797   -0.3322    0.4022   -0.3022    0.3383   -0.4788    0.4292   -0.2484   -0.1016    0.1614
        2 H1     2s         0.0372   -0.0700    0.0873   -0.0678    0.1013   -0.1487    0.1369   -0.0799    0.1873   -0.3383
        3 H1     2px        0.0000   -0.0000    0.0000   -0.0000    0.0000    0.0000   -0.0000    0.0000   -0.0000    0.0000
        4 H1     2py        0.0000   -0.0000    0.0000   -0.0000   -0.0000    0.0000   -0.0000    0.0000    0.0000   -0.0000
        5 H1     2pz        0.0050   -0.0083    0.0086   -0.0055   -0.0027    0.0067   -0.0094    0.0071   -0.0012    0.0012
        6 H2     1s         0.2300   -0.3834    0.3941   -0.2462   -0.2033    0.4267   -0.5204    0.3609   -0.1701    0.2204
        7 H2     2s         0.0412   -0.0812    0.1009   -0.0737   -0.0558    0.1344   -0.1736    0.1217    0.2248   -0.3211
        8 H2     2px       -0.0000    0.0000   -0.0000   -0.0000    0.0000   -0.0000    0.0000   -0.0000   -0.0000   -0.0000
        9 H2     2py       -0.0000    0.0000   -0.0000    0.0000    0.0000   -0.0000    0.0000   -0.0000    0.0000   -0.0000
       10 H2     2pz       -0.0014    0.0045   -0.0084    0.0081   -0.0111    0.0114   -0.0039   -0.0015    0.0029   -0.0005
       11 H3     1s         0.3636   -0.2877   -0.1672    0.4045   -0.4451    0.1632    0.4006   -0.4984   -0.1959    0.1645
       12 H3     2s         0.0742   -0.0533   -0.0518    0.1056   -0.1354    0.0470    0.1352   -0.1650    0.2776   -0.2590
       13 H3     2px        0.0000   -0.0000   -0.0000    0.0000    0.0000   -0.0000    0.0000    0.0000   -0.0000   -0.0000
       14 H3     2py        0.0000    0.0000   -0.0000    0.0000    0.0000   -0.0000   -0.0000   -0.0000    0.0000   -0.0000
       15 H3     2pz        0.0056   -0.0014   -0.0072    0.0081    0.0095   -0.0122    0.0022    0.0066   -0.0013    0.0049
       16 H4     1s         0.3839   -0.2087   -0.2694    0.3803    0.3900   -0.3729   -0.2199    0.5403   -0.2170    0.0585
       17 H4     2s         0.0742   -0.0548   -0.0553    0.1036    0.1156   -0.1242   -0.0697    0.1801    0.3041   -0.0929
       18 H4     2px        0.0000    0.0000    0.0000   -0.0000   -0.0000   -0.0000    0.0000    0.0000   -0.0000   -0.0000
       19 H4     2py        0.0000    0.0000    0.0000   -0.0000   -0.0000   -0.0000   -0.0000    0.0000   -0.0000    0.0000
       20 H4     2pz       -0.0043    0.0064    0.0011   -0.0095    0.0125    0.0010   -0.0112    0.0032    0.0030    0.0050
       21 H5     1s         0.3839    0.2087   -0.2694   -0.3803    0.3900    0.3729   -0.2199   -0.5403   -0.2170   -0.0585
       22 H5     2s         0.0742    0.0548   -0.0553   -0.1036    0.1156    0.1242   -0.0697   -0.1801    0.3041    0.0929
       23 H5     2px        0.0000   -0.0000    0.0000   -0.0000   -0.0000    0.0000   -0.0000   -0.0000    0.0000   -0.0000
       24 H5     2py       -0.0000    0.0000   -0.0000   -0.0000    0.0000    0.0000    0.0000   -0.0000    0.0000    0.0000
       25 H5     2pz        0.0043    0.0064   -0.0011   -0.0095   -0.0125    0.0010    0.0112    0.0032   -0.0030    0.0050
       26 H6     1s         0.3636    0.2877   -0.1672   -0.4045   -0.4451   -0.1632    0.4006    0.4984   -0.1959   -0.1645
       27 H6     2s         0.0742    0.0533   -0.0518   -0.1056   -0.1354   -0.0470    0.1352    0.1650    0.2776    0.2590
       28 H6     2px       -0.0000    0.0000   -0.0000   -0.0000    0.0000   -0.0000    0.0000    0.0000   -0.0000    0.0000
       29 H6     2py        0.0000   -0.0000   -0.0000   -0.0000    0.0000    0.0000    0.0000   -0.0000   -0.0000    0.0000
       30 H6     2pz       -0.0056   -0.0014    0.0072    0.0081   -0.0095   -0.0122   -0.0022    0.0066    0.0013    0.0049
       31 H7     1s         0.2300    0.3834    0.3941    0.2462   -0.2033   -0.4267   -0.5204   -0.3609   -0.1701   -0.2204
       32 H7     2s         0.0412    0.0812    0.1009    0.0737   -0.0558   -0.1344   -0.1736   -0.1217    0.2248    0.3211
       33 H7     2px       -0.0000    0.0000   -0.0000   -0.0000    0.0000    0.0000    0.0000   -0.0000    0.0000    0.0000
       34 H7     2py        0.0000    0.0000   -0.0000   -0.0000    0.0000   -0.0000   -0.0000   -0.0000   -0.0000    0.0000
       35 H7     2pz        0.0014    0.0045    0.0084    0.0081    0.0111    0.0114    0.0039   -0.0015   -0.0029   -0.0005
       36 H8     1s         0.1797    0.3322    0.4022    0.3022    0.3383    0.4788    0.4292    0.2484   -0.1016   -0.1614
       37 H8     2s         0.0372    0.0700    0.0873    0.0678    0.1013    0.1487    0.1369    0.0799    0.1873    0.3383
       38 H8     2px       -0.0000   -0.0000    0.0000    0.0000    0.0000   -0.0000   -0.0000   -0.0000    0.0000    0.0000
       39 H8     2py       -0.0000    0.0000   -0.0000   -0.0000   -0.0000    0.0000   -0.0000    0.0000   -0.0000    0.0000
       40 H8     2pz       -0.0050   -0.0083   -0.0086   -0.0055    0.0027    0.0067    0.0094    0.0071    0.0012    0.0012
--
 
 
++    Molecular charges:
      ------------------
 
      Mulliken charges per centre and basis function type
      ---------------------------------------------------
 
                H1      H2      H3      H4      H5      H6      H7      H8    
      1s       0.8836  0.9200  0.9032  0.9070  0.9070  0.9032  0.9200  0.8836
      2s       0.0917  0.0982  0.0922  0.0934  0.0934  0.0922  0.0982  0.0917
      2px      0.0000  0.0000  0.0000  0.0000  0.0000  0.0000  0.0000  0.0000
      2pz      0.0025  0.0028  0.0028  0.0027  0.0027  0.0028  0.0028  0.0025
      2py      0.0000  0.0000  0.0000  0.0000  0.0000  0.0000  0.0000  0.0000
      Total    0.9777  1.0210  0.9981  1.0032  1.0032  0.9981  1.0210  0.9777
 
      N-E      0.0223 -0.0210  0.0019 -0.0032 -0.0032  0.0019 -0.0210  0.0223
 
      Total electronic charge=    8.000000
 
      Total            charge=   -0.000000
--
 
 
  Input file to MOLDEN was generated!
 
 
++    Static properties:
      ------------------
 
 
      LoProp Charges per center
 

                   H1       H2       H3       H4       H5       H6       H7       H8    
      Nuclear      1.0000   1.0000   1.0000   1.0000   1.0000   1.0000   1.0000   1.0000
      Electronic  -0.9850  -1.0131  -0.9988  -1.0031  -1.0031  -0.9988  -1.0131  -0.9850
 
      Total        0.0150  -0.0131   0.0012  -0.0031  -0.0031   0.0012  -0.0131   0.0150
--
 
 
++    Natural Bond Order analysis
      ---------------------------
      Based on LoProp computed density
      -------------------------------------------------------------------------------------
      Atom A       Atom B       Bond Order
      -------------------------------------------------------------------------------------
      NBO located      0.978 non-bonded electrons on atom H1        
      NBO located      1.004 non-bonded electrons on atom H3        
      NBO located      1.009 non-bonded electrons on atom H4        
      NBO located      1.009 non-bonded electrons on atom H5        
      NBO located      1.004 non-bonded electrons on atom H6        
      NBO located      0.978 non-bonded electrons on atom H8        
      The remaining    2.019 electrons are to be considered as diffuse
--
 
 
++    Molecular properties:
      ---------------------
 
      Charge (e):
                      =   -0.0000
      Dipole Moment (Debye):
      Origin of the operator (Ang)=    0.0000    0.0000    0.0000
                   X= -7.4087E-14               Y= -2.8181E-14               Z= -7.9465E-13           Total=  7.9859E-13
      Quadrupole Moment (Debye*Ang):
      Origin of the operator (Ang)=    0.0000    0.0000    9.9909
                  XX= -1.9767E+01              XY= -2.3475E-28              XZ=  6.5550E-13              YY= -1.9767E+01
                  YZ=  3.3973E-13              ZZ= -4.0290E-01
      In traceless form (Debye*Ang)
                  XX= -9.6820E+00              XY= -3.5212E-28              XZ=  9.8325E-13              YY= -9.6820E+00
                  YZ=  5.0960E-13              ZZ=  1.9364E+01
--
 
 
  Input file to MOLDEN was generated!
 
 ###############################################################################
 ###############################################################################
 ###                                                                         ###
 ###                                                                         ###
 ###    RunFile label nBas                                                   ###
 ###    was used       78 times                                              ###
 ###                                                                         ###
 ###                                                                         ###
 ###############################################################################
 ###############################################################################
forrtl: warning (528): IEEE_UNDERFLOW is signaling
--- Stop Module: scf at Tue Oct 28 18:56:56 2025 /rc=_RC_ALL_IS_WELL_ ---
*** files: H8_2.85.LprOrb H8_2.85.LoProp.molden H8_2.85.scf.molden H8_2.85.ScfOrb H8_2.85.scf.h5 xmldump
    saved to directory /home/grierjones/DDCASPT2/hydrogen_comps/rerun/H8_chain/H8_2.85

>>> COPY /tmp/H8_2.85/H8_2.85.scf.h5 /home/grierjones/DDCASPT2/hydrogen_comps/rerun/H8_chain/H8_2.85/

*** symbolic link created: INPORB -> H8_2.85.ScfOrb
--- Start Module: rasscf at Tue Oct 28 18:56:56 2025 ---
 
()()()()()()()()()()()()()()()()()()()()()()()()()()()()()()()()()()()()()()()()()()()()()()()()()()

                                              &RASSCF

                                   only a single process is used
                       available to each process: 2.0 GB of memory, 1 thread?
()()()()()()()()()()()()()()()()()()()()()()()()()()()()()()()()()()()()()()()()()()()()()()()()()()
 
 
      Header of the ONEINT file:
      --------------------------
      
      Integrals generated by seward 4.2.0  , Tue Oct 28 18:56:55 2025
 
 
      OrdInt status: non-squared
 
 
      Cartesian coordinates in Angstrom:
      -----------------------------------------------------
      No.  Label        X            Y            Z        
      -----------------------------------------------------
       1   H1         0.00000000   0.00000000   0.00000000
       2   H2         0.00000000   0.00000000   2.85454500
       3   H3         0.00000000   0.00000000   5.70909100
       4   H4         0.00000000   0.00000000   8.56363600
       5   H5         0.00000000   0.00000000  11.41818200
       6   H6         0.00000000   0.00000000  14.27272700
       7   H7         0.00000000   0.00000000  17.12727300
       8   H8         0.00000000   0.00000000  19.98181800
      -----------------------------------------------------
      Nuclear repulsion energy =    2.54765843
 
++    Wave function specifications:
      -----------------------------
 
      Number of closed shell electrons           0
      Number of electrons in active shells       8
      Max number of holes in RAS1 space          0
      Max nr of electrons in RAS3 space          0
      Number of inactive orbitals                0
      Number of active orbitals                  8
      Number of secondary orbitals              32
      Spin quantum number                      0.0
      State symmetry                             1
--
 
++    Orbital specifications:
      -----------------------
 
      Symmetry species                           1
                                                 a
      Frozen orbitals                            0
      Inactive orbitals                          0
      Active orbitals                            8
      RAS1 orbitals                              0
      RAS2 orbitals                              8
      RAS3 orbitals                              0
      Secondary orbitals                        32
      Deleted orbitals                           0
      Number of basis functions                 40
--
 
++    CI expansion specifications:
      ----------------------------
 
      Number of CSFs                          1764
      Number of determinants                  2485
      Number of root(s) required                 1
      Root chosen for geometry opt.              1
      CI root used                               1
         
      highest root included in the CI            1
      max. size of the explicit Hamiltonian    200
--
 
++    Optimization specifications:
      ----------------------------
 
      RASSCF algorithm: Conventional
      Maximum number of macro iterations       200
      Maximum number of SX iterations          100
      Threshold for RASSCF energy            0.100E-07
      Threshold for max MO rotation          0.100E+00
      Threshold for max BLB element          0.100E-03
      Level shift parameter                  0.500E+00
      Make Quasi-Newton update
--
 
      The MO-coefficients are taken from the file:
      /home/grierjones/DDCASPT2/hydrogen_comps/rerun/H8_chain/H8_2.81/H8_2.81.RasOrb                                                  
      Title: RASSCF average (pseudo-natural) orbitals                                      
 
      Total molecular charge    0.00
 
      ************************************************************************************************************************
      *                                                                                                                      *
      *                                            Wave function control section                                             *
      *                                                                                                                      *
      ************************************************************************************************************************
 
 
                                         RASSCF iterations: Energy and convergence statistics
                                         ----------------------------------------------------
 
      Iter CI   SX   CI       RASSCF       Energy    max ROT     max BLB   max BLB  Level Ln srch  Step   QN   Walltime
          iter iter root      energy       change     param      element    value   shift minimum  type update hh:mm:ss
 Nr of preliminary CI iterations:   8
        1   1    4    1    -3.99090917    0.00E+00  -0.17E-02    4  14 1 -0.11E-02*  0.00   0.00    SX    NO    0:00:00
        2   1    4    1    -3.99091860   -0.94E-05*  0.51E-03    4  12 1 -0.28E-03*  0.00   0.00    SX    NO    0:00:00
        3   1    3    1    -3.99091953   -0.93E-06*  0.22E-03    4  12 1  0.13E-03*  0.00   0.00    SX    NO    0:00:00
        No convergence in the CI section: MAXJT will be increased to 
 60
        4  48    4    1    -3.99128249   -0.36E-03* -0.66E-03    7  13 1  0.36E-03*  0.01   0.00    SX    NO    0:00:00
        5   9    3    1    -3.99129426   -0.12E-04* -0.17E-03    2  10 1  0.13E-03*  0.01   0.99    QN   YES    0:00:00
        6  29    3    1    -3.99130194   -0.77E-05*  0.21E-02    5  13 1  0.18E-03*  0.01   1.00    QN   YES    0:00:00
        7  79    4    1    -3.99128900    0.13E-04* -0.13E-02    2  10 1 -0.17E-02*  0.01   0.10    LS   YES    0:00:00
        8   4    4    1    -3.99130194   -0.13E-04* -0.61E-03    2  10 1 -0.65E-03*  0.01   1.39    QN   YES    0:00:00
        9   4    4    1    -3.99130321   -0.13E-05*  0.59E-04    5  13 1  0.17E-03*  0.01   1.06    QN   YES    0:00:00
       10   9    3    1    -3.99130347   -0.26E-06*  0.15E-03    5  13 1  0.14E-03*  0.01   1.11    QN   YES    0:00:00
       11   4    3    1    -3.99130368   -0.21E-06* -0.90E-04    5  13 1  0.69E-04   0.01   1.23    QN   YES    0:00:00
       12   3    3    1    -3.99130372   -0.39E-07* -0.16E-04    1   9 1  0.11E-04   0.01   1.06    QN   YES    0:00:00
       13   1    2    1    -3.99130372   -0.77E-09   0.36E-05    1   9 1 -0.30E-05   0.01   0.85    QN   YES    0:00:00
      Convergence after 13 iterations
 
  Dmat in MO in SXCTL bf call to SXHAM                                                                                    
  mat. size =     8x    8
 
        1.2294467400938793
        0.0000000059736425      1.1999122060911240
        0.0000127201425968     -0.0000000953883428      1.1531462837996742
       -0.0000000424527473     -0.0000015158235377     -0.0000001921212567      1.0955477224274437
       -0.0000213298808742     -0.0000001397432395     -0.0006383197476584     -0.0000000008677197      0.9062668868813445
       -0.0000001011227452     -0.0005365471201215      0.0000000000449994      0.0007235121258874      0.0000001864628556
        0.8476423535799399
       -0.0003342943897253      0.0000000011419276      0.0006653929268080      0.0000001376375446      0.0000272909949648
        0.0000000954154106      0.7993832956787700
       -0.0000000004402538      0.0004077093305149      0.0000001016910856      0.0000732517313750      0.0000000422696287
        0.0000037577441584     -0.0000000009028742      0.7686545114478190
       14   1    2    1    -3.99130372   -0.37E-10   0.36E-05    2  10 1 -0.52E-06   0.01   0.85    QN   YES    0:00:00
 
      ************************************************************************************************************************
                                                      Wave function printout:
                       occupation of active orbitals, and spin coupling of open shells (u,d: Spin up or down)
      ************************************************************************************************************************
 
      Note: transformation to natural orbitals
      has been made, which may change the order of the CSFs.
 
      printout of CI-coefficients larger than  0.05 for root  1
      energy=      -3.991304
      conf/sym  11111111     Coeff  Weight
             1  22220000  -0.30369 0.09223
            18  22202000   0.17090 0.02921
            29  22udud00  -0.18861 0.03557
            40  2u2d0200   0.06014 0.00362
            41  2u2du0d0   0.15670 0.02455
            45  2u2d0u0d   0.06557 0.00430
            52  u22d0ud0  -0.08931 0.00798
            54  u22du00d  -0.17639 0.03111
            60  22020200   0.12293 0.01511
            61  2202u0d0   0.06008 0.00361
            72  2ud20ud0  -0.17021 0.02897
            74  2ud2u00d  -0.08940 0.00799
            81  u2d2u0d0   0.06621 0.00438
            83  u2d20020   0.05264 0.00277
            85  u2d20u0d   0.14195 0.02015
            90  20220200   0.05047 0.00255
            93  20220020   0.10861 0.01180
            95  20220u0d   0.05274 0.00278
           106  ud2200ud  -0.14483 0.02098
           117  02220002   0.11302 0.01277
           118  22uudd00   0.05489 0.00301
           125  2u2ud0d0  -0.05613 0.00315
           133  u22ud00d   0.06932 0.00481
           554  22002200  -0.11703 0.01370
           575  2ud02ud0   0.13203 0.01743
           600  u2d02u0d  -0.11958 0.01430
           617  20202020  -0.09658 0.00933
           642  ud2020ud   0.09909 0.00982
           665  0220uudd  -0.05042 0.00254
           668  02202002  -0.09471 0.00897
           676  2u0du2d0  -0.11329 0.01284
           701  u20du20d   0.10300 0.01061
           718  20udud20   0.09717 0.00944
           743  udududud  -0.14688 0.02157
           769  02udud02   0.09084 0.00825
           785  uudduudd  -0.14799 0.02190
           788  uudd2002  -0.05039 0.00254
           806  u02du02d   0.09359 0.00876
           831  0u2du0d2  -0.09604 0.00922
           839  20020220  -0.09199 0.00846
           864  ud0202ud   0.08841 0.00782
           890  02020202  -0.08128 0.00661
           907  u0d20u2d  -0.09820 0.00964
           932  0ud20ud2   0.10005 0.01001
           953  00220022  -0.08033 0.00645
          1097  uudududd   0.05254 0.00276
          1595  20002220   0.09782 0.00957
          1606  ud0022ud  -0.11677 0.01364
          1619  02002202   0.08140 0.00663
          1627  u0d02u2d   0.10304 0.01062
          1638  0ud0u22d  -0.05997 0.00360
          1640  0ud02ud2  -0.11573 0.01339
          1652  00202022   0.07571 0.00573
          1658  u00du22d  -0.11500 0.01323
          1660  u00d2ud2  -0.05995 0.00359
          1671  0u0du2d2   0.09569 0.00916
          1683  00udud22  -0.10502 0.01103
          1694  00020222   0.08512 0.00725
          1764  00002222  -0.13518 0.01827
 
      Natural orbitals and occupation numbers for root  1
      sym 1:   1.229447   1.199913   1.153149   1.095550   0.906265   0.847639   0.799382   0.768654
 
      ************************************************************************************************************************
      *                                                                                                                      *
      *                                                    Final results                                                     *
      *                                                                                                                      *
      ************************************************************************************************************************
 
 
++    Wave function specifications:
      -----------------------------
 
      Number of closed shell electrons           0
      Number of electrons in active shells       8
      Max number of holes in RAS1 space          0
      Max nr of electrons in RAS3 space          0
      Number of inactive orbitals                0
      Number of active orbitals                  8
      Number of secondary orbitals              32
      Spin quantum number                      0.0
      State symmetry                             1
--
 
++    Orbital specifications:
      -----------------------
 
      Symmetry species                           1
                                                 a
      Frozen orbitals                            0
      Inactive orbitals                          0
      Active orbitals                            8
      RAS1 orbitals                              0
      RAS2 orbitals                              8
      RAS3 orbitals                              0
      Secondary orbitals                        32
      Deleted orbitals                           0
      Number of basis functions                 40
--
 
++    CI expansion specifications:
      ----------------------------
 
      Number of CSFs                          1764
      Number of determinants                  2485
      Number of root(s) required                 1
      CI root used                               1
      highest root included in the CI            1
      Root passed to geometry opt.               1
--
 
++    Final optimization conditions:
      ------------------------------
 
      Average CI energy                              -3.99130372
      RASSCF energy for state  1                     -3.99130372
      Super-CI energy                                -0.00000000
      RASSCF energy change                            0.00000000
      Max change in MO coefficients               0.220E-05
      Max non-diagonal density matrix element     0.365E-05
      Maximum BLB matrix element                 -0.523E-06
      (orbital pair   2,  10 in symmetry   1)
      Norm of electronic gradient            0.967E-06
--
 
 
      Final state energy(ies):
      ------------------------
 
::    RASSCF root number  1 Total energy:     -3.99130372
 
++    Molecular orbitals:
      -------------------
 
      Pseudonatural active orbitals and approximate occupation numbers
 
 
 
 
      Molecular orbitals for symmetry species 1: a  
 
 
      Orbital                1         2         3         4         5         6         7         8         9        10
      Energy            0.0000    0.0000    0.0000    0.0000    0.0000    0.0000    0.0000    0.0000    0.3236    0.3340
      Occ. No.          1.2294    1.1999    1.1531    1.0955    0.9063    0.8476    0.7994    0.7687    0.0000    0.0000
 
    1 H1     1s         0.2048   -0.3583    0.4148   -0.3300    0.3514   -0.4592    0.4102   -0.2400   -0.0727    0.1070
    2 H1     2s         0.0154   -0.0274    0.0325   -0.0270    0.0356   -0.0511    0.0500   -0.0313    0.1924   -0.3427
    3 H1     2px       -0.0000    0.0000   -0.0000    0.0000   -0.0000   -0.0000    0.0000   -0.0000   -0.0000    0.0000
    4 H1     2py       -0.0000    0.0000   -0.0000    0.0000   -0.0000   -0.0000    0.0000    0.0000    0.0000   -0.0000
    5 H1     2pz        0.0003   -0.0003    0.0002   -0.0000    0.0005   -0.0014    0.0019   -0.0015    0.0006   -0.0012
    6 H2     1s         0.2800   -0.4284    0.3846   -0.1977   -0.1834    0.4148   -0.5079    0.3511   -0.1270    0.1616
    7 H2     2s         0.0185   -0.0332    0.0375   -0.0260   -0.0130    0.0479   -0.0725    0.0560    0.2339   -0.3335
    8 H2     2px       -0.0000   -0.0000   -0.0000   -0.0000    0.0000    0.0000   -0.0000   -0.0000   -0.0000   -0.0000
    9 H2     2py        0.0000    0.0000    0.0000    0.0000   -0.0000    0.0000   -0.0000   -0.0000    0.0000   -0.0000
   10 H2     2pz        0.0004   -0.0003   -0.0002    0.0002    0.0007   -0.0010    0.0004    0.0002    0.0010    0.0016
   11 H3     1s         0.3718   -0.3049   -0.1456    0.4433   -0.4645    0.1428    0.3776   -0.4588   -0.1483    0.1171
   12 H3     2s         0.0266   -0.0192   -0.0186    0.0439   -0.0519    0.0136    0.0586   -0.0725    0.2836   -0.2629
   13 H3     2px        0.0000    0.0000   -0.0000    0.0000   -0.0000    0.0000   -0.0000   -0.0000   -0.0000   -0.0000
   14 H3     2py       -0.0000   -0.0000    0.0000    0.0000    0.0000    0.0000    0.0000    0.0000    0.0000   -0.0000
   15 H3     2pz       -0.0002    0.0005   -0.0003   -0.0002   -0.0005    0.0013   -0.0003   -0.0010    0.0010    0.0036
   16 H4     1s         0.4016   -0.1697   -0.3399    0.3765    0.3845   -0.3965   -0.1886    0.5001   -0.1612    0.0466
   17 H4     2s         0.0277   -0.0169   -0.0250    0.0395    0.0400   -0.0553   -0.0243    0.0803    0.3083   -0.0970
   18 H4     2px       -0.0000    0.0000    0.0000   -0.0000    0.0000   -0.0000    0.0000   -0.0000   -0.0000   -0.0000
   19 H4     2py        0.0000    0.0000   -0.0000   -0.0000   -0.0000   -0.0000   -0.0000    0.0000   -0.0000   -0.0000
   20 H4     2pz        0.0003    0.0003   -0.0005    0.0000   -0.0009   -0.0002    0.0014   -0.0005    0.0004    0.0057
   21 H5     1s         0.4016    0.1697   -0.3399   -0.3765    0.3845    0.3965   -0.1886   -0.5001   -0.1612   -0.0466
   22 H5     2s         0.0277    0.0169   -0.0250   -0.0395    0.0400    0.0553   -0.0243   -0.0803    0.3083    0.0970
   23 H5     2px        0.0000    0.0000    0.0000   -0.0000   -0.0000   -0.0000   -0.0000    0.0000    0.0000    0.0000
   24 H5     2py       -0.0000   -0.0000    0.0000   -0.0000    0.0000   -0.0000    0.0000   -0.0000    0.0000   -0.0000
   25 H5     2pz       -0.0003    0.0003    0.0005    0.0000    0.0009   -0.0002   -0.0014   -0.0005   -0.0004    0.0057
   26 H6     1s         0.3718    0.3049   -0.1456   -0.4433   -0.4645   -0.1428    0.3776    0.4588   -0.1483   -0.1171
   27 H6     2s         0.0266    0.0192   -0.0186   -0.0439   -0.0519   -0.0136    0.0586    0.0725    0.2836    0.2629
   28 H6     2px        0.0000   -0.0000   -0.0000    0.0000    0.0000    0.0000    0.0000   -0.0000    0.0000    0.0000
   29 H6     2py        0.0000   -0.0000   -0.0000   -0.0000   -0.0000    0.0000   -0.0000    0.0000   -0.0000    0.0000
   30 H6     2pz        0.0002    0.0005    0.0003   -0.0002    0.0005    0.0013    0.0003   -0.0010   -0.0010    0.0036
   31 H7     1s         0.2800    0.4284    0.3846    0.1977   -0.1834   -0.4148   -0.5079   -0.3511   -0.1270   -0.1616
   32 H7     2s         0.0185    0.0332    0.0375    0.0260   -0.0130   -0.0479   -0.0725   -0.0560    0.2339    0.3335
   33 H7     2px       -0.0000    0.0000    0.0000    0.0000   -0.0000   -0.0000   -0.0000    0.0000    0.0000    0.0000
   34 H7     2py       -0.0000    0.0000    0.0000    0.0000    0.0000   -0.0000    0.0000   -0.0000   -0.0000    0.0000
   35 H7     2pz       -0.0004   -0.0003    0.0002    0.0002   -0.0007   -0.0010   -0.0004    0.0002   -0.0010    0.0016
   36 H8     1s         0.2048    0.3583    0.4148    0.3300    0.3514    0.4592    0.4102    0.2400   -0.0727   -0.1070
   37 H8     2s         0.0154    0.0274    0.0325    0.0270    0.0356    0.0511    0.0500    0.0313    0.1924    0.3427
   38 H8     2px       -0.0000    0.0000    0.0000   -0.0000    0.0000   -0.0000    0.0000   -0.0000    0.0000    0.0000
   39 H8     2py        0.0000   -0.0000   -0.0000    0.0000   -0.0000   -0.0000   -0.0000    0.0000    0.0000    0.0000
   40 H8     2pz       -0.0003   -0.0003   -0.0002   -0.0000   -0.0005   -0.0014   -0.0019   -0.0015   -0.0006   -0.0012
 
 
      Orbital               11        12        13        14        15        16        17        18        19        20
      Energy            0.3539    0.3867    0.4362    0.5120    0.6162    0.7394    0.7886    0.8884    0.8884    0.8990
      Occ. No.          0.0000    0.0000    0.0000    0.0000    0.0000    0.0000    0.0000    0.0000    0.0000    0.0000
 
    1 H1     1s        -0.0888    0.0296    0.0461   -0.1128    0.1394   -0.1145    0.0604   -0.0000    0.0000    0.0000
    2 H1     2s         0.4390   -0.4921    0.5028   -0.4729    0.3922   -0.2613    0.1291   -0.0000    0.0000    0.0000
    3 H1     2px       -0.0000   -0.0000    0.0000   -0.0000   -0.0000    0.0000   -0.0000   -0.0699    0.1373   -0.0412
    4 H1     2py        0.0000    0.0000   -0.0000    0.0000   -0.0000   -0.0000    0.0000    0.1373    0.0699   -0.2884
    5 H1     2pz        0.0002    0.0057   -0.0224    0.0602   -0.1336    0.2904   -0.2911   -0.0000    0.0000    0.0000
    6 H2     1s        -0.0967    0.0127   -0.0018    0.0898   -0.1878    0.1591   -0.0542    0.0000    0.0000   -0.0000
    7 H2     2s         0.2431    0.0095   -0.3382    0.6322   -0.7160    0.4706   -0.1602    0.0000   -0.0000   -0.0000
    8 H2     2px        0.0000   -0.0000    0.0000   -0.0000    0.0000    0.0000    0.0000   -0.1334    0.2621   -0.0643
    9 H2     2py        0.0000    0.0000   -0.0000    0.0000   -0.0000   -0.0000    0.0000    0.2621    0.1334   -0.4498
   10 H2     2pz       -0.0122    0.0326   -0.0524    0.0432    0.0441   -0.2902    0.3430    0.0000   -0.0000    0.0000
   11 H3     1s         0.0307   -0.0844    0.0092   -0.0086    0.1721   -0.1968    0.0379   -0.0000   -0.0000    0.0000
   12 H3     2s        -0.0774    0.4344   -0.4222   -0.0866    0.6656   -0.5740    0.1100   -0.0000    0.0000    0.0000
   13 H3     2px       -0.0000   -0.0000   -0.0000   -0.0000   -0.0000    0.0000    0.0000   -0.1803    0.3542   -0.0568
   14 H3     2py       -0.0000   -0.0000    0.0000    0.0000    0.0000    0.0000    0.0000    0.3542    0.1803   -0.3970
   15 H3     2pz       -0.0128    0.0077    0.0400   -0.1190    0.1066    0.1926   -0.3303    0.0000   -0.0000    0.0000
   16 H4     1s         0.1177   -0.0537   -0.0078   -0.0748   -0.0704    0.2135   -0.0137    0.0000    0.0000   -0.0000
   17 H4     2s        -0.3493    0.2640    0.3815   -0.5682   -0.2668    0.6166   -0.0376    0.0000    0.0000   -0.0000
   18 H4     2px       -0.0000    0.0000   -0.0000    0.0000   -0.0000   -0.0000    0.0000   -0.2051    0.4029   -0.0225
   19 H4     2py        0.0000    0.0000   -0.0000    0.0000   -0.0000   -0.0000    0.0000    0.4029    0.2051   -0.1575
   20 H4     2pz       -0.0064   -0.0233    0.0435    0.0640   -0.2128   -0.0661    0.3162   -0.0000   -0.0000    0.0000
   21 H5     1s         0.1177    0.0537   -0.0078    0.0748   -0.0704   -0.2135   -0.0137    0.0000   -0.0000    0.0000
   22 H5     2s        -0.3493   -0.2640    0.3815    0.5682   -0.2668   -0.6166   -0.0376    0.0000   -0.0000    0.0000
   23 H5     2px       -0.0000    0.0000    0.0000   -0.0000   -0.0000   -0.0000    0.0000   -0.2051    0.4029    0.0225
   24 H5     2py       -0.0000    0.0000    0.0000   -0.0000   -0.0000   -0.0000   -0.0000    0.4029    0.2051    0.1575
   25 H5     2pz        0.0064   -0.0233   -0.0435    0.0640    0.2128   -0.0661   -0.3162    0.0000    0.0000   -0.0000
   26 H6     1s         0.0307    0.0844    0.0092    0.0086    0.1721    0.1968    0.0379   -0.0000    0.0000   -0.0000
   27 H6     2s        -0.0774   -0.4344   -0.4222    0.0866    0.6656    0.5740    0.1100   -0.0000    0.0000   -0.0000
   28 H6     2px       -0.0000   -0.0000    0.0000    0.0000   -0.0000   -0.0000    0.0000   -0.1803    0.3542    0.0568
   29 H6     2py        0.0000    0.0000   -0.0000   -0.0000   -0.0000   -0.0000   -0.0000    0.3542    0.1803    0.3970
   30 H6     2pz        0.0128    0.0077   -0.0400   -0.1190   -0.1066    0.1926    0.3303   -0.0000   -0.0000    0.0000
   31 H7     1s        -0.0967   -0.0127   -0.0018   -0.0898   -0.1878   -0.1591   -0.0542    0.0000   -0.0000    0.0000
   32 H7     2s         0.2431   -0.0095   -0.3382   -0.6322   -0.7160   -0.4706   -0.1602    0.0000   -0.0000    0.0000
   33 H7     2px        0.0000   -0.0000    0.0000    0.0000   -0.0000    0.0000    0.0000   -0.1334    0.2621    0.0643
   34 H7     2py        0.0000   -0.0000   -0.0000    0.0000   -0.0000    0.0000   -0.0000    0.2621    0.1334    0.4498
   35 H7     2pz        0.0122    0.0326    0.0524    0.0432   -0.0441   -0.2902   -0.3430   -0.0000    0.0000   -0.0000
   36 H8     1s        -0.0888   -0.0296    0.0461    0.1128    0.1394    0.1145    0.0604   -0.0000   -0.0000    0.0000
   37 H8     2s         0.4390    0.4921    0.5028    0.4729    0.3922    0.2613    0.1291   -0.0000    0.0000    0.0000
   38 H8     2px        0.0000    0.0000   -0.0000   -0.0000   -0.0000   -0.0000    0.0000   -0.0699    0.1373    0.0412
   39 H8     2py       -0.0000   -0.0000    0.0000   -0.0000    0.0000    0.0000   -0.0000    0.1373    0.0699    0.2884
   40 H8     2pz       -0.0002    0.0057    0.0224    0.0602    0.1336    0.2904    0.2911    0.0000   -0.0000    0.0000
 
 
      Orbital               21        22        23        24        25        26        27        28        29        30
      Energy            0.8990    0.9157    0.9157    0.9367    0.9367    0.9598    0.9598    0.9716    0.9819    0.9819
      Occ. No.          0.0000    0.0000    0.0000    0.0000    0.0000    0.0000    0.0000    0.0000    0.0000    0.0000
 
    1 H1     1s        -0.0000    0.0000    0.0000    0.0000   -0.0000   -0.0000   -0.0000    0.0557   -0.0000   -0.0000
    2 H1     2s        -0.0000   -0.0000    0.0000    0.0000   -0.0000   -0.0000   -0.0000    0.1244   -0.0000   -0.0000
    3 H1     2px       -0.2884    0.0965    0.3855   -0.1686   -0.4262    0.2348   -0.4044    0.0000   -0.1732   -0.3831
    4 H1     2py        0.0412    0.3855   -0.0965   -0.4262    0.1686    0.4044    0.2348    0.0000   -0.3831    0.1732
    5 H1     2pz        0.0000   -0.0000    0.0000    0.0000   -0.0000   -0.0000   -0.0000    0.2499    0.0000   -0.0000
    6 H2     1s         0.0000    0.0000   -0.0000   -0.0000    0.0000    0.0000    0.0000   -0.1781    0.0000    0.0000
    7 H2     2s         0.0000    0.0000   -0.0000   -0.0000    0.0000    0.0000    0.0000   -0.4297    0.0000    0.0000
    8 H2     2px       -0.4498    0.0988    0.3945   -0.0623   -0.1575   -0.0774    0.1332    0.0000    0.1689    0.3735
    9 H2     2py        0.0643    0.3945   -0.0988   -0.1575    0.0623   -0.1332   -0.0774    0.0000    0.3735   -0.1689
   10 H2     2pz        0.0000    0.0000   -0.0000   -0.0000   -0.0000    0.0000    0.0000   -0.3229    0.0000   -0.0000
   11 H3     1s        -0.0000   -0.0000    0.0000    0.0000   -0.0000   -0.0000   -0.0000    0.3072   -0.0000   -0.0000
   12 H3     2s        -0.0000   -0.0000    0.0000    0.0000   -0.0000   -0.0000   -0.0000    0.7584   -0.0000   -0.0000
   13 H3     2px       -0.3970    0.0006    0.0025    0.1488    0.3762   -0.2075    0.3573   -0.0000    0.0022    0.0049
   14 H3     2py        0.0568    0.0025   -0.0006    0.3762   -0.1488   -0.3573   -0.2075   -0.0000    0.0049   -0.0022
   15 H3     2pz        0.0000   -0.0000   -0.0000    0.0000    0.0000   -0.0000    0.0000    0.2484   -0.0000    0.0000
   16 H4     1s         0.0000    0.0000   -0.0000   -0.0000    0.0000    0.0000    0.0000   -0.3861    0.0000    0.0000
   17 H4     2s         0.0000    0.0000   -0.0000   -0.0000    0.0000    0.0000    0.0000   -0.9611    0.0000    0.0000
   18 H4     2px       -0.1575   -0.0977   -0.3902    0.1118    0.2827    0.1526   -0.2629   -0.0000   -0.1704   -0.3768
   19 H4     2py        0.0225   -0.3902    0.0977    0.2827   -0.1118    0.2629    0.1526    0.0000   -0.3768    0.1704
   20 H4     2pz       -0.0000   -0.0000    0.0000    0.0000   -0.0000    0.0000   -0.0000   -0.0922    0.0000    0.0000
   21 H5     1s         0.0000   -0.0000    0.0000    0.0000    0.0000   -0.0000   -0.0000    0.3861   -0.0000   -0.0000
   22 H5     2s        -0.0000   -0.0000    0.0000    0.0000    0.0000   -0.0000   -0.0000    0.9611   -0.0000   -0.0000
   23 H5     2px        0.1575   -0.0977   -0.3902   -0.1118   -0.2827    0.1526   -0.2629    0.0000    0.1704    0.3768
   24 H5     2py       -0.0225   -0.3902    0.0977   -0.2827    0.1118    0.2629    0.1526    0.0000    0.3768   -0.1704
   25 H5     2pz        0.0000    0.0000   -0.0000   -0.0000    0.0000    0.0000    0.0000   -0.0922   -0.0000   -0.0000
   26 H6     1s        -0.0000    0.0000    0.0000   -0.0000   -0.0000    0.0000    0.0000   -0.3072    0.0000    0.0000
   27 H6     2s        -0.0000    0.0000    0.0000   -0.0000   -0.0000    0.0000    0.0000   -0.7584    0.0000    0.0000
   28 H6     2px        0.3970    0.0006    0.0025   -0.1488   -0.3762   -0.2075    0.3573   -0.0000   -0.0022   -0.0049
   29 H6     2py       -0.0568    0.0025   -0.0006   -0.3762    0.1488   -0.3573   -0.2075   -0.0000   -0.0049    0.0022
   30 H6     2pz        0.0000   -0.0000    0.0000    0.0000    0.0000   -0.0000   -0.0000    0.2484   -0.0000    0.0000
   31 H7     1s         0.0000   -0.0000   -0.0000    0.0000    0.0000   -0.0000   -0.0000    0.1781   -0.0000   -0.0000
   32 H7     2s         0.0000   -0.0000   -0.0000    0.0000    0.0000   -0.0000   -0.0000    0.4297   -0.0000   -0.0000
   33 H7     2px        0.4498    0.0988    0.3945    0.0623    0.1575   -0.0774    0.1332   -0.0000   -0.1689   -0.3735
   34 H7     2py       -0.0643    0.3945   -0.0988    0.1575   -0.0623   -0.1332   -0.0774   -0.0000   -0.3735    0.1689
   35 H7     2pz       -0.0000    0.0000    0.0000   -0.0000   -0.0000    0.0000    0.0000   -0.3229    0.0000    0.0000
   36 H8     1s        -0.0000   -0.0000    0.0000   -0.0000   -0.0000    0.0000   -0.0000   -0.0557    0.0000    0.0000
   37 H8     2s        -0.0000    0.0000    0.0000   -0.0000   -0.0000    0.0000    0.0000   -0.1244    0.0000    0.0000
   38 H8     2px        0.2884    0.0965    0.3855    0.1686    0.4262    0.2348   -0.4044    0.0000    0.1732    0.3831
   39 H8     2py       -0.0412    0.3855   -0.0965    0.4262   -0.1686    0.4044    0.2348    0.0000    0.3831   -0.1732
   40 H8     2pz        0.0000   -0.0000    0.0000   -0.0000    0.0000   -0.0000   -0.0000    0.2499   -0.0000   -0.0000
 
 
      Orbital               31        32        33        34        35        36        37        38        39        40
      Energy            1.0004    1.0004    1.0114    1.0128    1.0128    1.0533    1.1013    1.1514    1.1966    1.2284
      Occ. No.          0.0000    0.0000    0.0000    0.0000    0.0000    0.0000    0.0000    0.0000    0.0000    0.0000
 
    1 H1     1s         0.0000   -0.0000   -0.0760   -0.0000   -0.0000    0.0777   -0.0725    0.0631   -0.0479    0.0263
    2 H1     2s        -0.0000   -0.0000   -0.1808   -0.0000   -0.0000    0.1953   -0.1821    0.1492   -0.1036    0.0528
    3 H1     2px        0.1570   -0.2748    0.0000   -0.1082    0.1307   -0.0000    0.0000    0.0000   -0.0000    0.0000
    4 H1     2py        0.2748    0.1570    0.0000   -0.1307   -0.1082    0.0000   -0.0000    0.0000   -0.0000    0.0000
    5 H1     2pz       -0.0000   -0.0000   -0.3537   -0.0000   -0.0000    0.4218   -0.4473    0.4133   -0.3168    0.1717
    6 H2     1s        -0.0000    0.0000    0.2008    0.0000    0.0000   -0.1597    0.1018   -0.0464    0.0060    0.0075
    7 H2     2s        -0.0000    0.0000    0.4986    0.0000    0.0000   -0.3932    0.2352   -0.0995    0.0179    0.0071
    8 H2     2px       -0.2355    0.4122   -0.0000    0.1994   -0.2408    0.0000   -0.0000    0.0000   -0.0000    0.0000
    9 H2     2py       -0.4122   -0.2355   -0.0000    0.2408    0.1994   -0.0000    0.0000   -0.0000    0.0000    0.0000
   10 H2     2pz       -0.0000    0.0000    0.2944    0.0000    0.0000   -0.0771   -0.2285    0.4757   -0.5307    0.3464
   11 H3     1s         0.0000   -0.0000   -0.2295   -0.0000   -0.0000    0.0710    0.0283   -0.0433    0.0119    0.0116
   12 H3     2s         0.0000   -0.0000   -0.5812   -0.0000   -0.0000    0.1732    0.0686   -0.0871    0.0179    0.0208
   13 H3     2px        0.2059   -0.3603    0.0000   -0.2679    0.3235   -0.0000    0.0000    0.0000    0.0000   -0.0000
   14 H3     2py        0.3603    0.2059    0.0000   -0.3235   -0.2679    0.0000   -0.0000   -0.0000    0.0000   -0.0000
   15 H3     2pz       -0.0000    0.0000    0.0978    0.0000   -0.0000   -0.4730    0.4495   -0.0001   -0.4560    0.4613
   16 H4     1s        -0.0000    0.0000    0.1019    0.0000    0.0000    0.0867   -0.0557   -0.0321    0.0341    0.0019
   17 H4     2s        -0.0000    0.0000    0.2584    0.0000    0.0000    0.2248   -0.1311   -0.0645    0.0609    0.0011
   18 H4     2px       -0.0814    0.1425   -0.0000    0.3043   -0.3674    0.0000   -0.0000    0.0000   -0.0000    0.0000
   19 H4     2py       -0.1425   -0.0814   -0.0000    0.3674    0.3043   -0.0000    0.0000    0.0000   -0.0000    0.0000
   20 H4     2pz        0.0000   -0.0000   -0.4485   -0.0000   -0.0000    0.3225    0.3284   -0.4477   -0.1855    0.5286
   21 H5     1s        -0.0000   -0.0000    0.1019    0.0000    0.0000   -0.0867   -0.0557    0.0321    0.0341   -0.0019
   22 H5     2s        -0.0000    0.0000    0.2584    0.0000    0.0000   -0.2248   -0.1311    0.0645    0.0609   -0.0011
   23 H5     2px       -0.0814    0.1425    0.0000   -0.3043    0.3674   -0.0000    0.0000   -0.0000    0.0000    0.0000
   24 H5     2py       -0.1425   -0.0814    0.0000   -0.3674   -0.3043    0.0000    0.0000   -0.0000   -0.0000   -0.0000
   25 H5     2pz        0.0000    0.0000    0.4485    0.0000    0.0000    0.3225   -0.3284   -0.4477    0.1855    0.5286
   26 H6     1s         0.0000   -0.0000   -0.2295   -0.0000   -0.0000   -0.0710    0.0283    0.0433    0.0119   -0.0116
   27 H6     2s         0.0000   -0.0000   -0.5812   -0.0000   -0.0000   -0.1732    0.0686    0.0871    0.0179   -0.0208
   28 H6     2px        0.2059   -0.3603   -0.0000    0.2679   -0.3235   -0.0000    0.0000   -0.0000    0.0000   -0.0000
   29 H6     2py        0.3603    0.2059   -0.0000    0.3235    0.2679    0.0000   -0.0000    0.0000    0.0000    0.0000
   30 H6     2pz       -0.0000   -0.0000   -0.0978   -0.0000   -0.0000   -0.4730   -0.4495   -0.0001    0.4560    0.4613
   31 H7     1s         0.0000    0.0000    0.2008    0.0000    0.0000    0.1597    0.1018    0.0464    0.0060   -0.0075
   32 H7     2s        -0.0000    0.0000    0.4986    0.0000    0.0000    0.3932    0.2352    0.0995    0.0179   -0.0071
   33 H7     2px       -0.2355    0.4122    0.0000   -0.1994    0.2408    0.0000   -0.0000   -0.0000    0.0000   -0.0000
   34 H7     2py       -0.4122   -0.2355    0.0000   -0.2408   -0.1994   -0.0000    0.0000    0.0000    0.0000   -0.0000
   35 H7     2pz        0.0000   -0.0000   -0.2944   -0.0000   -0.0000   -0.0771    0.2285    0.4757    0.5307    0.3464
   36 H8     1s         0.0000   -0.0000   -0.0760   -0.0000   -0.0000   -0.0777   -0.0725   -0.0631   -0.0479   -0.0263
   37 H8     2s        -0.0000   -0.0000   -0.1808   -0.0000   -0.0000   -0.1953   -0.1821   -0.1492   -0.1036   -0.0528
   38 H8     2px        0.1570   -0.2748   -0.0000    0.1082   -0.1307    0.0000    0.0000    0.0000   -0.0000    0.0000
   39 H8     2py        0.2748    0.1570   -0.0000    0.1307    0.1082    0.0000    0.0000    0.0000   -0.0000   -0.0000
   40 H8     2pz        0.0000    0.0000    0.3537    0.0000    0.0000    0.4218    0.4473    0.4133    0.3168    0.1717
--
 
      Von Neumann Entropy (Root  1) =  3.90883
 

      Mulliken population analysis for root number:  1
      -----------------------------------------------
 
 
++    Molecular charges:
      ------------------
 
      Mulliken charges per centre and basis function type
      ---------------------------------------------------
 
                H1      H2      H3      H4      H5      H6      H7      H8    
      1s       0.9941  1.0004  1.0010  1.0009  1.0009  1.0010  1.0004  0.9941
      2s       0.0053  0.0004 -0.0009 -0.0008 -0.0008 -0.0009  0.0004  0.0053
      2px      0.0000  0.0000  0.0000  0.0000  0.0000  0.0000  0.0000  0.0000
      2pz     -0.0001 -0.0001 -0.0001 -0.0001 -0.0001 -0.0001 -0.0001 -0.0001
      2py      0.0000  0.0000  0.0000  0.0000  0.0000  0.0000  0.0000  0.0000
      Total    0.9992  1.0008  1.0000  1.0000  1.0000  1.0000  1.0008  0.9992
 
      N-E      0.0008 -0.0008  0.0000  0.0000  0.0000  0.0000 -0.0008  0.0008
 
      Total electronic charge=    8.000000
 
      Total            charge=   -0.000000
--
 
 

      Expectation values of various properties for root number:  1
      -----------------------------------------------------------
 
 
++    Molecular properties:
      ---------------------
 
      Charge (e):
                      =   -0.0000
      Dipole Moment (Debye):
      Origin of the operator (Ang)=    0.0000    0.0000    0.0000
                   X=  3.3981E-15               Y= -3.1892E-14               Z=  2.0950E-11           Total=  2.0950E-11
      Quadrupole Moment (Debye*Ang):
      Origin of the operator (Ang)=    0.0000    0.0000    9.9909
                  XX= -1.2060E+01              XY= -5.8148E-28              XZ= -9.4707E-14              YY= -1.2060E+01
                  YZ= -1.5732E-13              ZZ= -1.2336E+01
      In traceless form (Debye*Ang)
                  XX=  1.3826E-01              XY= -8.7221E-28              XZ= -1.4206E-13              YY=  1.3826E-01
                  YZ= -2.3598E-13              ZZ= -2.7652E-01
--
 

      LoProp population analysis for root number:  1
      -----------------------------------------------
 
 
++    LoProp analysis:
      ----------------
 
 
 
  Input file to MOLDEN was generated!
 
 
++    Static properties:
      ------------------
 
 
      LoProp Charges per center
 

                   H1       H2       H3       H4       H5       H6       H7       H8    
      Nuclear      1.0000   1.0000   1.0000   1.0000   1.0000   1.0000   1.0000   1.0000
      Electronic  -1.0001  -0.9999  -1.0000  -1.0000  -1.0000  -1.0000  -0.9999  -1.0001
 
      Total       -0.0001   0.0001   0.0000  -0.0000  -0.0000   0.0000   0.0001  -0.0001
--
 
 
      Natural Bond Order analysis for root number:  1
 
++    Natural Bond Order analysis
      ---------------------------
      Based on LoProp computed density
      -------------------------------------------------------------------------------------
      Atom A       Atom B       Bond Order
      -------------------------------------------------------------------------------------
      The remaining    8.000 electrons are to be considered as diffuse
--
 
--
 
 
  Input file to MOLDEN was generated!
 
      Average orbitals are written to the RASORB file
      Natural orbitals for root   1 are written to the RASORB.1 file
      Spin density orbitals for root   1 are written to the SPDORB.1 file
 
forrtl: warning (525): IEEE_DIVIDE_BY_ZERO is signaling
forrtl: warning (526): IEEE_INVALID is signaling
forrtl: warning (528): IEEE_UNDERFLOW is signaling
--- Stop Module: rasscf at Tue Oct 28 18:56:57 2025 /rc=_RC_ALL_IS_WELL_ ---
*** files: H8_2.85.LprOrb H8_2.85.rasscf.molden H8_2.85.LoProp.molden H8_2.85.RasOrb.1 H8_2.85.RasOrb H8_2.85.rasscf.h5 H8_2.85.SpdOrb.1 xmldump
    saved to directory /home/grierjones/DDCASPT2/hydrogen_comps/rerun/H8_chain/H8_2.85
--- Module rasscf spent 1 second ---

>>> COPY /tmp/H8_2.85/H8_2.85.rasscf.h5 /home/grierjones/DDCASPT2/hydrogen_comps/rerun/H8_chain/H8_2.85/

>>> COPY /tmp/H8_2.85/GMJ_Fock_MO.csv /home/grierjones/DDCASPT2/hydrogen_comps/rerun/H8_chain/H8_2.85/H8_2.85.GMJ_Fock_MO.csv

*** symbolic link created: INPORB -> H8_2.85.RasOrb
--- Start Module: motra at Tue Oct 28 18:56:57 2025 ---
 
()()()()()()()()()()()()()()()()()()()()()()()()()()()()()()()()()()()()()()()()()()()()()()()()()()

                                               &MOTRA

                                   only a single process is used
                       available to each process: 2.0 GB of memory, 1 thread?
()()()()()()()()()()()()()()()()()()()()()()()()()()()()()()()()()()()()()()()()()()()()()()()()()()
 
 
      *** WARNING: Default frozen orbitals is overwritten by user input.
      *** Default values:   0
 
      Header of the integral files:
      
       Integrals generated by seward 4.2.0  , Tue Oct 28 18:56:55 2025
 
 
      Header of MO coefficients source file:
      * RASSCF average (pseudo-natural) orbitals                                      
 
 
      Cartesian coordinates in Angstrom:
      -----------------------------------------------------
      No.  Label        X            Y            Z        
      -----------------------------------------------------
       1   H1         0.00000000   0.00000000   0.00000000
       2   H2         0.00000000   0.00000000   2.85454500
       3   H3         0.00000000   0.00000000   5.70909100
       4   H4         0.00000000   0.00000000   8.56363600
       5   H5         0.00000000   0.00000000  11.41818200
       6   H6         0.00000000   0.00000000  14.27272700
       7   H7         0.00000000   0.00000000  17.12727300
       8   H8         0.00000000   0.00000000  19.98181800
      -----------------------------------------------------
      Nuclear repulsion energy =    2.54765843
 
      Orbital specifications:
      -----------------------
 
      Symmetry species:              1
      Number of basis functions:    40
      Frozen orbitals:               0
      Deleted orbitals:              0
      Number of orbitals used:      40

       SYMMETRY  BASIS FUNCTIONS       ORBITALS      INTEGRALS   CPU(SEC)  I/O(SEC)
        1 1 1 1   40  40  40  40    40  40  40  40      336610       0.00      0.00

       TOTAL CPU TIME(SEC)    0.22TOTAL I/O TIME(SEC)    0.51
 
--- Stop Module: motra at Tue Oct 28 18:56:57 2025 /rc=_RC_ALL_IS_WELL_ ---
*** files: xmldump
    saved to directory /home/grierjones/DDCASPT2/hydrogen_comps/rerun/H8_chain/H8_2.85

>>> COPY /tmp/H8_2.85/GMJ_one_int_indx.csv /home/grierjones/DDCASPT2/hydrogen_comps/rerun/H8_chain/H8_2.85/H8_2.85.GMJ_one_int_indx.csv

>>> COPY /tmp/H8_2.85/GMJ_one_int.csv /home/grierjones/DDCASPT2/hydrogen_comps/rerun/H8_chain/H8_2.85/H8_2.85.GMJ_one_int.csv

>>> COPY /tmp/H8_2.85/GMJ_two_int_indx.csv /home/grierjones/DDCASPT2/hydrogen_comps/rerun/H8_chain/H8_2.85/H8_2.85.GMJ_two_int_indx.csv

>>> COPY /tmp/H8_2.85/GMJ_two_int.csv /home/grierjones/DDCASPT2/hydrogen_comps/rerun/H8_chain/H8_2.85/H8_2.85.GMJ_two_int.csv

*** symbolic link created: INPORB -> H8_2.85.RasOrb
--- Start Module: caspt2 at Tue Oct 28 18:56:57 2025 ---
 
()()()()()()()()()()()()()()()()()()()()()()()()()()()()()()()()()()()()()()()()()()()()()()()()()()

                                              &CASPT2

                                   only a single process is used
                       available to each process: 2.0 GB of memory, 1 thread?
()()()()()()()()()()()()()()()()()()()()()()()()()()()()()()()()()()()()()()()()()()()()()()()()()()
 
 Cholesky algorithm in CASPT2 =    1
 
 ###############################################################################
 ###############################################################################
 ###                                                                         ###
 ###                                                                         ###
 ###    User changed nr of frozen orbitals.                                  ###
 ###                                                                         ###
 ###                                                                         ###
 ###############################################################################
 ###############################################################################
 
++    Wave function specifications:
      -----------------------------
 
      Number of closed shell electrons           0
      Number of electrons in active shells       8
      Max number of holes in RAS1 space          0
      Max number of electrons in RAS3 space      0
      Number of inactive orbitals                0
      Number of active orbitals                  8
      Number of secondary orbitals              32
      Spin quantum number                      0.0
      State symmetry                             1
      Number of CSFs                          1764
      Number of root(s) available                1
      Root passed to geometry opt.               1
      A file JOBMIX will be created.
      This is a CASSCF or RASSCF reference function
--
 
++    Orbital specifications:
      -----------------------
 
      Symmetry species                           1
                                                 a
      Frozen orbitals                            0
      Inactive orbitals                          0
      Active orbitals                            8
      Secondary orbitals                        32
      Deleted orbitals                           0
      Number of basis functions                 40
--
 
      Type of Fock operator: STANDARD
      Type of 0-order Hamiltonian: STANDARD WITH DEFAULT IPEA
        "IP-EA" denominator shift =      0.25
      The input orbitals and the CI vector will be transformed.
 
--------------------------------------------------------------------------------
 Estimated memory requirements:
  POLY3 :                   450746
  RHS:                      417296
  SIGMA :                   326032
  PRPCTL:                        0
 Available workspace:    230388092
 
++ CASPT2 computation for group   1
 
********************************************************************************
 Multi-State initialization phase begins for group   1
--------------------------------------------------------------------------------
********************************************************************************
 Compute H0 matrices for state    1
--------------------------------------------------------------------------------
--------------------------------------------------------------------------------
 H0 matrices have been computed.
 
********************************************************************************
  CASPT2 EQUATION SOLUTION
--------------------------------------------------------------------------------
 
  Total nr of CASPT2 parameters:
   Before reduction:       49280
   After  reduction:       48448
 
 The contributions to the second order correlation energy in atomic units.
-----------------------------------------------------------------------------------------------------------------------------
  IT.      VJTU        VJTI        ATVX        AIVX        VJAI        BVAT        BJAT        BJAI        TOTAL       RNORM  
-----------------------------------------------------------------------------------------------------------------------------
   1     0.000000    0.000000   -0.000289    0.000000    0.000000   -0.000904    0.000000    0.000000   -0.001193    0.000396
   2     0.000000    0.000000   -0.000293    0.000000    0.000000   -0.000905    0.000000    0.000000   -0.001198    0.000069
   3     0.000000    0.000000   -0.000293    0.000000    0.000000   -0.000905    0.000000    0.000000   -0.001198    0.000019
   4     0.000000    0.000000   -0.000293    0.000000    0.000000   -0.000905    0.000000    0.000000   -0.001198    0.000003
-------------------------------------------------------------------------------------------------------------------
 
  FINAL CASPT2 RESULT:
 
  Correlation energy /Case, /Symm, and sums:
 VJTU      0.00000000  0.00000000
 VJTIP     0.00000000  0.00000000
 VJTIM     0.00000000  0.00000000
 ATVX     -0.00029300 -0.00029300
 AIVX      0.00000000  0.00000000
 VJAIP     0.00000000  0.00000000
 VJAIM     0.00000000  0.00000000
 BVATP    -0.00078620 -0.00078620
 BVATM    -0.00011883 -0.00011883
 BJATP     0.00000000  0.00000000
 BJATM     0.00000000  0.00000000
 BJAIP     0.00000000  0.00000000
 BJAIM     0.00000000  0.00000000
 Summed:  -0.00119803 -0.00119803
 
      Reference energy:          -3.9913037196
      E2 (Non-variational):      -0.0011980321
      E2 (Variational):          -0.0011980363
      Total energy:              -3.9925017558
      Residual norm:              0.0000006327
      Reference weight:           0.99924
 
      Contributions to the CASPT2 correlation energy
      Active & Virtual Only:         -0.0011980321
      One Inactive Excited:           0.0000000000
      Two Inactive Excited:           0.0000000000
 
 
++ Denominators, etc.
----------------------------------------------------------------------------------------------------
 Report on small energy denominators, large coefficients, and large energy contributions.
CASE  SYMM ACTIVE-MIX  NON-ACTIVE INDICES          DENOMINATOR     RHS VALUE       COEFFICIENT     CONTRIBUTION
--
 
   (Skipping property calculation,
    use PROP keyword to activate)
--
 
  Total CASPT2 energies:
::    CASPT2 Root  1     Total energy:     -3.99250176
 
  A NEW JOBIPH FILE NAMED 'JOBMIX' IS PREPARED.
********************************************************************************
forrtl: warning (528): IEEE_UNDERFLOW is signaling
--- Stop Module: caspt2 at Tue Oct 28 18:56:58 2025 /rc=_RC_ALL_IS_WELL_ ---
*** files: xmldump
    saved to directory /home/grierjones/DDCASPT2/hydrogen_comps/rerun/H8_chain/H8_2.85

>>> EXPORT i = B

>>> EXPORT j = P

>>> IF (-FILE GMJ_e2_${i}_${j}_1_.csv)
(Skipped)

>>> END FOREACH

>>> EXPORT j = M

>>> IF (-FILE GMJ_e2_${i}_${j}_1_.csv)
(Skipped)

>>> END FOREACH

>>> END FOREACH

>>> EXPORT i = E

>>> EXPORT j = P

>>> IF (-FILE GMJ_e2_${i}_${j}_1_.csv)
(Skipped)

>>> END FOREACH

>>> EXPORT j = M

>>> IF (-FILE GMJ_e2_${i}_${j}_1_.csv)
(Skipped)

>>> END FOREACH

>>> END FOREACH

>>> EXPORT i = F

>>> EXPORT j = P

>>> IF (-FILE GMJ_e2_${i}_${j}_1_.csv)

>>> COPY /tmp/H8_2.85/GMJ_RHS_F_P_1_.csv /home/grierjones/DDCASPT2/hydrogen_comps/rerun/H8_chain/H8_2.85/GMJ_RHS_F_P_1_.csv

>>> COPY /tmp/H8_2.85/GMJ_IVECW_F_P_1_.csv /home/grierjones/DDCASPT2/hydrogen_comps/rerun/H8_chain/H8_2.85/GMJ_IVECW_F_P_1_.csv

>>> COPY /tmp/H8_2.85/GMJ_IVECX_F_P_1_.csv /home/grierjones/DDCASPT2/hydrogen_comps/rerun/H8_chain/H8_2.85/GMJ_IVECX_F_P_1_.csv

>>> COPY /tmp/H8_2.85/GMJ_IVECC2_F_P_1_.csv /home/grierjones/DDCASPT2/hydrogen_comps/rerun/H8_chain/H8_2.85/GMJ_IVECC2_F_P_1_.csv

>>> COPY /tmp/H8_2.85/GMJ_e2_F_P_1_.csv /home/grierjones/DDCASPT2/hydrogen_comps/rerun/H8_chain/H8_2.85/GMJ_e2_F_P_1_.csv

>>> END FOREACH

>>> EXPORT j = M

>>> IF (-FILE GMJ_e2_${i}_${j}_1_.csv)

>>> COPY /tmp/H8_2.85/GMJ_RHS_F_M_1_.csv /home/grierjones/DDCASPT2/hydrogen_comps/rerun/H8_chain/H8_2.85/GMJ_RHS_F_M_1_.csv

>>> COPY /tmp/H8_2.85/GMJ_IVECW_F_M_1_.csv /home/grierjones/DDCASPT2/hydrogen_comps/rerun/H8_chain/H8_2.85/GMJ_IVECW_F_M_1_.csv

>>> COPY /tmp/H8_2.85/GMJ_IVECX_F_M_1_.csv /home/grierjones/DDCASPT2/hydrogen_comps/rerun/H8_chain/H8_2.85/GMJ_IVECX_F_M_1_.csv

>>> COPY /tmp/H8_2.85/GMJ_IVECC2_F_M_1_.csv /home/grierjones/DDCASPT2/hydrogen_comps/rerun/H8_chain/H8_2.85/GMJ_IVECC2_F_M_1_.csv

>>> COPY /tmp/H8_2.85/GMJ_e2_F_M_1_.csv /home/grierjones/DDCASPT2/hydrogen_comps/rerun/H8_chain/H8_2.85/GMJ_e2_F_M_1_.csv

>>> END FOREACH

>>> END FOREACH

>>> EXPORT i = G

>>> EXPORT j = P

>>> IF (-FILE GMJ_e2_${i}_${j}_1_.csv)
(Skipped)

>>> END FOREACH

>>> EXPORT j = M

>>> IF (-FILE GMJ_e2_${i}_${j}_1_.csv)
(Skipped)

>>> END FOREACH

>>> END FOREACH

>>> EXPORT i = H

>>> EXPORT j = P

>>> IF (-FILE GMJ_e2_${i}_${j}_1_.csv)
(Skipped)

>>> END FOREACH

>>> EXPORT j = M

>>> IF (-FILE GMJ_e2_${i}_${j}_1_.csv)
(Skipped)

>>> END FOREACH

>>> END FOREACH

>>> EXPORT i = A

>>> IF (-FILE GMJ_e2_${i}_1_.csv)
(Skipped)

>>> END FOREACH

>>> EXPORT i = C

>>> IF (-FILE GMJ_e2_${i}_1_.csv)

>>> COPY /tmp/H8_2.85/GMJ_RHS_C_1_.csv /home/grierjones/DDCASPT2/hydrogen_comps/rerun/H8_chain/H8_2.85/GMJ_RHS_C_1_.csv

>>> COPY /tmp/H8_2.85/GMJ_IVECW_C_1_.csv /home/grierjones/DDCASPT2/hydrogen_comps/rerun/H8_chain/H8_2.85/GMJ_IVECW_C_1_.csv

>>> COPY /tmp/H8_2.85/GMJ_IVECX_C_1_.csv /home/grierjones/DDCASPT2/hydrogen_comps/rerun/H8_chain/H8_2.85/GMJ_IVECX_C_1_.csv

>>> COPY /tmp/H8_2.85/GMJ_IVECC2_C_1_.csv /home/grierjones/DDCASPT2/hydrogen_comps/rerun/H8_chain/H8_2.85/GMJ_IVECC2_C_1_.csv

>>> COPY /tmp/H8_2.85/GMJ_e2_C_1_.csv /home/grierjones/DDCASPT2/hydrogen_comps/rerun/H8_chain/H8_2.85/GMJ_e2_C_1_.csv

>>> END FOREACH

>>> EXPORT i = D

>>> IF (-FILE GMJ_e2_${i}_1_.csv)
(Skipped)

>>> END FOREACH

.########################.
.# Non-zero return code #.
.########################.

    Timing: Wall=3.39 User=2.67 System=0.71
***************************************
*** WorkDir at /tmp/H8_2.85 cleaned ***
***************************************
