   This run of MOLCAS is using the pymolcas driver

                             OPE
                             OPE          NMOL  CASOP  ENMOLC A   SO
                 OPE        NMOLC        AS  OP EN  MO LC     AS  OP
                OPENM       OL CA        SO  PE NM  OL CA     SOP EN
                OP EN      MO   LC       AS  OP ENMOL  CASO   PENMOL
                OP  EN     MO   LC       AS  OP EN     MO     LC ASO
               OP   E  NMOL  C  AS       OP  EN MO     LC     AS  OP
               OP  E   NMO   LC AS        OPEN  MO     LCASOP EN   M
               O  PEN   MO  LCA  SO
            OPE   NMO   L   CAS    OP
        OPENMOL  CASOP     ENMOL   CASOPE
     OPENMOLCA   SOPENMOLCASOPEN   MOLCASOPE
    OPENMOLCAS   OP           EN   MOL    CAS
    OPENMOLCAS       OP  ENM        O     LCA
    OPENMOLCAS    OPEN  MOLCASO     P  E  NMO
    OPENMOLCAS     OP               E  N  MOL
    OPENMOLCA   SO           PENM   O  L  CAS    OPEN    MO    LCAS
    OPENMOLCA   SOP           ENM   O  L  CAS   OP  EN  MOLC  AS   O
    OPENMOLCA   SOPE           NM      O  LCA   S      OP  EN MO
    OPENMOLC                AS         O  PEN   M      OL  CA  SOPE
    OPENMO        LCASOPE  NMOL        C  ASO   P      ENMOLC     AS
    OPE     NMO      LCA  SO     P     E   NM   OL  CA SO  PE N   MO
          OPENMOLCA            SOPE   NMO        LCAS  O    P  ENMO
     OPENMOLCASOPENMOLCASOPENMOLCASOPENMOLCA
        OPENMOLCASOPENMOLCASOPENMOLCASOPE
            OPENMOLCASOPENMOLCASOPENM
               OPENMOLCASOPENMOLCA        version: f37762c57
                   OPENMOLCASO
                       OPE                tag:

 OpenMolcas is free software; you can redistribute it and/or modify it
 under the terms of the GNU Lesser General Public License version 2.1.
 OpenMolcas is distributed in the hope that it will be useful, but it
 is provided "as is" and without any express or implied warranties.
 For more details see the full text of the license in the file
 LICENSE or in <http://www.gnu.org/licenses/>.

                 Copyright (C) The OpenMolcas Authors
           For the author list and the recommended citation,
                   consult the file CONTRIBUTORS.md

           *************************************************
           * pymolcas version py2.28                       *
           *   build c4a6d18ded8cb6cad61d2372a9abd97c      *
           *   (after the EMIL interpreter by V. Veryazov) *
           *************************************************

configuration info
------------------
C Compiler ID: Intel
C flags: -std=gnu99 -gcc-sys
Fortran Compiler ID: IntelLLVM
Fortran flags: -standard-semantics -fltconsistency -fpp -i8 -heap-arrays
Definitions: _MOLCAS_;_I8_;_LINUX_
Parallel: OFF (GA=OFF)


   --------------------------------------------------------------------------------------
  |
  |              Project: H8_2.68
  |       Submitted from: ${LOCALHOME}/DDCASPT2/hydrogen_comps/rerun/H8_chain/H8_2.68
  |         Scratch area: /tmp/H8_2.68
  |      Save outputs to: ${LOCALHOME}/DDCASPT2/hydrogen_comps/rerun/H8_chain/H8_2.68
  |               Molcas: ${LOCALHOME}/Test/build
  |
  | Scratch area is empty
  |
  |       MOLCAS_DRIVER = /usr/local/pymolcas
  | MOLCAS_KEEP_WORKDIR = NO
  |  MOLCAS_NEW_WORKDIR = YES
  |       MOLCAS_NPROCS = 1
  |        MOLCAS_PRINT = NORMAL
  |       MOLCAS_SOURCE = ${LOCALHOME}/Test
  |    MOLCAS_STRUCTURE = 0
  |
   --------------------------------------------------------------------------------------

++ ---------   Input file   ---------

&GATEWAY
coord=H8_2.68.xyz
Basis = ANO-RCC-VDZP
Group = nosymm
End of Input

&SEWARD
End of Input

&SCF

>>> COPY $WorkDir/H8_2.68.scf.h5 $CurrDir/

&RASSCF
Title= RASSCF
FileOrb
${LOCALHOME}/DDCASPT2/hydrogen_comps/rerun/H8_chain/H8_0.60/H8_0.60.RasOrb
NACTEL
8 0 0
Inactive
0
RAS2
8
Symmetry
1
Spin
1
orblisting
all

>>> COPY $WorkDir/H8_2.68.rasscf.h5 $CurrDir/

>>> COPY $WorkDir/DDCASPT2_Fock_MO.csv $CurrDir/H8_2.68.DDCASPT2_Fock_MO.csv

&MOTRA
Frozen=0
LUMORB

>>> COPY $WorkDir/DDCASPT2_one_int_indx.csv $CurrDir/H8_2.68.DDCASPT2_one_int_indx.csv

>>> COPY $WorkDir/DDCASPT2_one_int.csv $CurrDir/H8_2.68.DDCASPT2_one_int.csv

>>> COPY $WorkDir/DDCASPT2_two_int_indx.csv $CurrDir/H8_2.68.DDCASPT2_two_int_indx.csv

>>> COPY $WorkDir/DDCASPT2_two_int.csv $CurrDir/H8_2.68.DDCASPT2_two_int.csv

&CASPT2
Frozen
0

MAXITER
50

>>> FOREACH i IN (B,E,F,G,H)

  >>> FOREACH j IN (P,M)

    >>> IF (-FILE DDCASPT2_e2_${i}_${j}_1_.csv)

      >>> COPY $WorkDir/DDCASPT2_RHS_${i}_${j}_1_.csv $CurrDir/DDCASPT2_RHS_${i}_${j}_1_.csv

      >>> COPY $WorkDir/DDCASPT2_IVECW_${i}_${j}_1_.csv $CurrDir/DDCASPT2_IVECW_${i}_${j}_1_.csv

      >>> COPY $WorkDir/DDCASPT2_IVECX_${i}_${j}_1_.csv $CurrDir/DDCASPT2_IVECX_${i}_${j}_1_.csv

      >>> COPY $WorkDir/DDCASPT2_IVECC2_${i}_${j}_1_.csv $CurrDir/DDCASPT2_IVECC2_${i}_${j}_1_.csv

      >>> COPY $WorkDir/DDCASPT2_e2_${i}_${j}_1_.csv $CurrDir/DDCASPT2_e2_${i}_${j}_1_.csv

    >>> END IF

  >>> END FOREACH

>>> END FOREACH

>>> FOREACH i IN (A,C,D)

  >>> IF (-FILE DDCASPT2_e2_${i}_1_.csv)

    >>> COPY $WorkDir/DDCASPT2_RHS_${i}_1_.csv $CurrDir/DDCASPT2_RHS_${i}_1_.csv

    >>> COPY $WorkDir/DDCASPT2_IVECW_${i}_1_.csv $CurrDir/DDCASPT2_IVECW_${i}_1_.csv

    >>> COPY $WorkDir/DDCASPT2_IVECX_${i}_1_.csv $CurrDir/DDCASPT2_IVECX_${i}_1_.csv

    >>> COPY $WorkDir/DDCASPT2_IVECC2_${i}_1_.csv $CurrDir/DDCASPT2_IVECC2_${i}_1_.csv

    >>> COPY $WorkDir/DDCASPT2_e2_${i}_1_.csv $CurrDir/DDCASPT2_e2_${i}_1_.csv

  >>> END IF

>>> END FOREACH

-- ----------------------------------

--- Start Module: gateway at Sun Oct 26 13:43:30 2025 ---
 
()()()()()()()()()()()()()()()()()()()()()()()()()()()()()()()()()()()()()()()()()()()()()()()()()()

                                              &GATEWAY

                                   only a single process is used
                       available to each process: 2.0 GB of memory, 1 thread?
()()()()()()()()()()()()()()()()()()()()()()()()()()()()()()()()()()()()()()()()()()()()()()()()()()
 
 
++    Symmetry information:
      ---------------------
 
                    Character Table for C1 
 
                             E  
                    a        1  x, y, xy, Rz, z, xz, Ry, yz, Rx, I
--
 
 
++    Basis set information:
      ----------------------
 
 
      Basis set label: H.ANO-RCC...2S1P.
 
      Electronic valence basis set:
      ------------------
      Associated Effective Charge   1.000000 au
      Associated Actual Charge      1.000000 au
      Nuclear Model: Point charge
 
      Shell  nPrim  nBasis  Cartesian Spherical Contaminant
         s       8       2        X                  
         p       4       1        X                  
--
 
 
++    Molecular structure info:
      -------------------------
 
                    ************************************************ 
                    **** Cartesian Coordinates / Bohr, Angstrom **** 
                    ************************************************ 
 
     Center  Label                x              y              z                     x              y              z
        1      H1               0.000000       0.000000       0.000000              0.000000       0.000000       0.000000
        2      H2               0.000000       0.000000       5.073627              0.000000       0.000000       2.684848
        3      H3               0.000000       0.000000      10.147257              0.000000       0.000000       5.369697
        4      H4               0.000000       0.000000      15.220884              0.000000       0.000000       8.054545
        5      H5               0.000000       0.000000      20.294513              0.000000       0.000000      10.739394
        6      H6               0.000000       0.000000      25.368141              0.000000       0.000000      13.424242
        7      H7               0.000000       0.000000      30.441770              0.000000       0.000000      16.109091
        8      H8               0.000000       0.000000      35.515398              0.000000       0.000000      18.793939
 
                    *************************************** 
                    *    InterNuclear Distances / Bohr    * 
                    *************************************** 
 
               1 H1            2 H2            3 H3            4 H4            5 H5            6 H6    
    1 H1       0.000000
    2 H2       5.073627        0.000000
    3 H3      10.147257        5.073629        0.000000
    4 H4      15.220884       10.147257        5.073627        0.000000
    5 H5      20.294513       15.220886       10.147257        5.073629        0.000000
    6 H6      25.368141       20.294513       15.220884       10.147257        5.073627        0.000000
    7 H7      30.441770       25.368143       20.294513       15.220886       10.147257        5.073629
    8 H8      35.515398       30.441770       25.368141       20.294513       15.220884       10.147257
 
               7 H7            8 H8    
    7 H7       0.000000
    8 H8       5.073627        0.000000
 
                    ******************************************* 
                    *    InterNuclear Distances / Angstrom    * 
                    ******************************************* 
 
               1 H1            2 H2            3 H3            4 H4            5 H5            6 H6    
    1 H1       0.000000
    2 H2       2.684848        0.000000
    3 H3       5.369697        2.684849        0.000000
    4 H4       8.054545        5.369697        2.684848        0.000000
    5 H5      10.739394        8.054546        5.369697        2.684849        0.000000
    6 H6      13.424242       10.739394        8.054545        5.369697        2.684848        0.000000
    7 H7      16.109091       13.424243       10.739394        8.054546        5.369697        2.684849
    8 H8      18.793939       16.109091       13.424242       10.739394        8.054545        5.369697
 
               7 H7            8 H8    
    7 H7       0.000000
    8 H8       2.684848        0.000000
--
 
 
            Nuclear Potential Energy              2.70868428 au
 
--- Stop Module: gateway at Sun Oct 26 13:43:30 2025 /rc=_RC_ALL_IS_WELL_ ---
*** files: xmldump
    saved to directory ${LOCALHOME}/DDCASPT2/hydrogen_comps/rerun/H8_chain/H8_2.68

--- Start Module: seward at Sun Oct 26 13:43:30 2025 ---
 
()()()()()()()()()()()()()()()()()()()()()()()()()()()()()()()()()()()()()()()()()()()()()()()()()()

                                              &SEWARD

                                   only a single process is used
                       available to each process: 2.0 GB of memory, 1 thread?
()()()()()()()()()()()()()()()()()()()()()()()()()()()()()()()()()()()()()()()()()()()()()()()()()()
 
               SEWARD will generate:
                  Multipole Moment integrals up to order  2
                  Kinetic Energy integrals
                  Nuclear Attraction integrals (point charge)
                  One-Electron Hamiltonian integrals
                  Velocity integrals
                  Relativistic Douglas-Kroll-Hess integrals:
                    - Parametrization         : EXP
                    - DKH order of Hamiltonian: 2
                    - DKH order of Properties : 0
                         - multipole moment operators
                         - electric potential operators
                         - contact operators
                  Atomic mean-field integrals
                  Two-Electron Repulsion integrals
 
                   Integrals are discarded if absolute value <: 0.10E-13
                   Integral cutoff threshold is set to       <: 0.10E-15
 
            Nuclear Potential Energy              2.70868428 au
 
 
      Basis set specifications :
      Symmetry species         a  
      Basis functions           40
 
 
  Input file to MOLDEN was generated!
 
forrtl: warning (525): IEEE_DIVIDE_BY_ZERO is signaling
forrtl: warning (526): IEEE_INVALID is signaling
forrtl: warning (528): IEEE_UNDERFLOW is signaling
--- Stop Module: seward at Sun Oct 26 13:43:31 2025 /rc=_RC_ALL_IS_WELL_ ---
*** files: H8_2.68.GssOrb H8_2.68.guessorb.h5 H8_2.68.guessorb.molden xmldump
    saved to directory ${LOCALHOME}/DDCASPT2/hydrogen_comps/rerun/H8_chain/H8_2.68

*** symbolic link created: INPORB -> H8_2.68.GssOrb
--- Start Module: scf at Sun Oct 26 13:43:31 2025 ---
 
()()()()()()()()()()()()()()()()()()()()()()()()()()()()()()()()()()()()()()()()()()()()()()()()()()

                                                &SCF

                                   only a single process is used
                       available to each process: 2.0 GB of memory, 1 thread?
()()()()()()()()()()()()()()()()()()()()()()()()()()()()()()()()()()()()()()()()()()()()()()()()()()
 
++    Input section:
      --------------
 
      Header of the integral files:
      
       Integrals generated by seward 4.2.0  , Sun Oct 26 13:43:30 2025
 
 
      Cartesian coordinates in Angstrom:
      -----------------------------------------------------
      No.  Label        X            Y            Z        
      -----------------------------------------------------
       1   H1         0.00000000   0.00000000   0.00000000
       2   H2         0.00000000   0.00000000   2.68484800
       3   H3         0.00000000   0.00000000   5.36969700
       4   H4         0.00000000   0.00000000   8.05454500
       5   H5         0.00000000   0.00000000  10.73939400
       6   H6         0.00000000   0.00000000  13.42424200
       7   H7         0.00000000   0.00000000  16.10909100
       8   H8         0.00000000   0.00000000  18.79393900
      -----------------------------------------------------
      Nuclear repulsion energy =    2.70868428
--
 
++    Orbital specifications:
      -----------------------
 
      Symmetry species               1
                                     a
      Frozen orbitals                0
      Occupied orbitals              4
      Secondary orbitals            36
      Deleted orbitals               0
      Total number of orbitals      40
      Number of basis functions     40
--
 
      Molecular charge                           0.000
 
++    Optimization specifications:
      ----------------------------
 
      SCF Algorithm: Conventional
      Minimized density differences are used
      Number of density matrices in core                5
      Maximum number of NDDO SCF iterations           400
      Maximum number of HF SCF iterations             400
      Threshold for SCF energy change            0.10E-08
      Threshold for density matrix               0.10E-03
      Threshold for Fock matrix                  0.15E-03
      Threshold for linear dependence            0.10E-08
      Threshold at which DIIS is turned on       0.15E+00
      Threshold at which QNR/C2DIIS is turned on 0.75E-01
      Threshold for Norm(delta) (QNR/C2DIIS)     0.20E-04
      DIIS extrapolation of the SCF procedure
      All orbitals punched on: SCFORB
--
 
      Input vectors read from INPORB
      Orbital file label: *Guess orbitals
 
 
++ Convergence information
                                   SCF        iterations: Energy and convergence statistics
 
Iter     Tot. SCF        One-elec.       Two-elec.     Energy      Max Dij or  Max Fij      DNorm      TNorm      AccCon     Time
         Energy          Energy          Energy        Change      Delta Norm                                                in Sec.
   1    -3.151204452    -9.510520250     3.650631518   0.00E+00    0.40E+00*   0.13E+00*    0.45E+01   0.73E+01   None         0.
   2    -3.395427832    -9.479389547     3.375277435  -0.24E+00*   0.15E+00*   0.25E-01*    0.14E+01   0.70E+01   EDIIS        0.
   3    -3.407703019    -9.418075112     3.301687813  -0.12E-01*   0.98E-01*   0.96E-02*    0.32E+00   0.70E+01   EDIIS        0.
   4    -3.410364986    -9.424477351     3.305428086  -0.27E-02*   0.63E-01*   0.63E-02*    0.18E+00   0.70E+01   c2DIIS       0.
   5    -3.411428407    -9.411403956     3.291291269  -0.11E-02*   0.28E-01*   0.41E-02*    0.41E-01   0.69E+01   QNRc2DIIS    0.
   6    -3.411800275    -9.418652035     3.298167481  -0.37E-03*   0.26E-01*   0.27E-02*    0.21E-01   0.70E+01   QNRc2DIIS    0.
   7    -3.412023883    -9.415915331     3.295207168  -0.22E-03*   0.10E-01*   0.85E-03*    0.90E-02   0.70E+01   QNRc2DIIS    0.
   8    -3.412038463    -9.413692238     3.292969495  -0.15E-04*   0.23E-02*   0.44E-03*    0.40E-02   0.70E+01   QNRc2DIIS    0.
   9    -3.412042300    -9.414199202     3.293472622  -0.38E-05*   0.23E-03*   0.22E-04     0.14E-02   0.70E+01   QNRc2DIIS    0.
  10    -3.412042319    -9.414210932     3.293484334  -0.18E-07*   0.57E-04*   0.61E-05     0.32E-03   0.70E+01   QNRc2DIIS    0.
  11    -3.412042320    -9.414208942     3.293482343  -0.12E-08*   0.24E-04*   0.16E-05     0.42E-04   0.70E+01   QNRc2DIIS    0.
  12    -3.412042320    -9.414208900     3.293482301  -0.15E-09    0.11E-05    0.17E-06     0.23E-04   0.70E+01   QNRc2DIIS    0.
 
       Convergence after 12 Macro Iterations
--
 
 *****************************************************************************************************************************
 *                                                                                                                           *
 *                                             SCF/KS-DFT Program, Final results                                             *
 *                                                                                                                           *
 *                                                                                                                           *
 *                                                                                                                           *
 *                                                       Final Results                                                       *
 *                                                                                                                           *
 *****************************************************************************************************************************
 
::    Total SCF energy                                 -3.4120423199
      One-electron energy                              -9.4142089003
      Two-electron energy                               3.2934823008
      Nuclear repulsion energy                          2.7086842796
      Kinetic energy (interpolated)                     2.6282417805
      Virial theorem                                    1.2982223878
      Total spin, S(S+1)                                0.0000000000
      Total spin, S                                     0.0000000000
      Max non-diagonal density matrix element           0.0000013570
      Max non-diagonal Fock matrix element              0.0000000474
 
 
      All orbitals with orbital energies smaller than  E(LUMO)+0.5 are printed
 
++    Molecular orbitals:
      -------------------
 
      Title: SCF orbitals

      Molecular orbitals for symmetry species 1: a  
 
          Orbital            1         2         3         4         5         6         7         8         9        10    
          Energy           -0.3774   -0.3646   -0.3457   -0.3260   -0.1538   -0.1264   -0.0981   -0.0772    0.3185    0.3303
          Occ. No.          2.0000    2.0000    2.0000    2.0000    0.0000    0.0000    0.0000    0.0000    0.0000    0.0000
 
        1 H1     1s         0.1744   -0.3243    0.3981   -0.3063    0.3502   -0.4882    0.4341   -0.2502   -0.1076    0.1661
        2 H1     2s         0.0340   -0.0650    0.0832   -0.0671    0.1068   -0.1561    0.1435   -0.0836    0.2041   -0.3618
        3 H1     2px       -0.0000    0.0000   -0.0000   -0.0000    0.0000   -0.0000    0.0000   -0.0000   -0.0000    0.0000
        4 H1     2py        0.0000   -0.0000    0.0000    0.0000   -0.0000   -0.0000   -0.0000    0.0000   -0.0000    0.0000
        5 H1     2pz        0.0056   -0.0094    0.0098   -0.0063   -0.0027    0.0077   -0.0112    0.0088   -0.0056    0.0079
        6 H2     1s         0.2290   -0.3817    0.3922   -0.2448   -0.1998    0.4348   -0.5388    0.3759   -0.1761    0.2229
        7 H2     2s         0.0386   -0.0780    0.0996   -0.0746   -0.0555    0.1414   -0.1857    0.1302    0.2213   -0.3075
        8 H2     2px        0.0000   -0.0000   -0.0000   -0.0000   -0.0000    0.0000    0.0000   -0.0000    0.0000    0.0000
        9 H2     2py       -0.0000   -0.0000   -0.0000    0.0000    0.0000   -0.0000    0.0000    0.0000    0.0000   -0.0000
       10 H2     2pz       -0.0012    0.0047   -0.0095    0.0096   -0.0132    0.0132   -0.0038   -0.0027    0.0024   -0.0017
       11 H3     1s         0.3580   -0.2884   -0.1593    0.4055   -0.4497    0.1524    0.4223   -0.5170   -0.1969    0.1608
       12 H3     2s         0.0694   -0.0505   -0.0504    0.1059   -0.1400    0.0447    0.1468   -0.1760    0.2719   -0.2477
       13 H3     2px        0.0000   -0.0000   -0.0000    0.0000   -0.0000   -0.0000   -0.0000    0.0000    0.0000    0.0000
       14 H3     2py        0.0000   -0.0000    0.0000   -0.0000    0.0000    0.0000   -0.0000    0.0000   -0.0000   -0.0000
       15 H3     2pz        0.0060   -0.0011   -0.0084    0.0092    0.0108   -0.0147    0.0034    0.0077   -0.0025    0.0025
       16 H4     1s         0.3799   -0.2030   -0.2727    0.3781    0.3883   -0.3875   -0.2218    0.5642   -0.2168    0.0566
       17 H4     2s         0.0694   -0.0525   -0.0542    0.1035    0.1176   -0.1330   -0.0728    0.1932    0.2943   -0.0877
       18 H4     2px        0.0000   -0.0000    0.0000   -0.0000    0.0000    0.0000   -0.0000    0.0000   -0.0000    0.0000
       19 H4     2py       -0.0000   -0.0000    0.0000    0.0000   -0.0000    0.0000    0.0000    0.0000   -0.0000   -0.0000
       20 H4     2pz       -0.0043    0.0073    0.0007   -0.0108    0.0144    0.0020   -0.0137    0.0032    0.0030    0.0011
       21 H5     1s         0.3799    0.2030   -0.2727   -0.3781    0.3883    0.3875   -0.2218   -0.5642   -0.2168   -0.0566
       22 H5     2s         0.0694    0.0525   -0.0542   -0.1035    0.1176    0.1330   -0.0728   -0.1932    0.2943    0.0877
       23 H5     2px        0.0000   -0.0000   -0.0000   -0.0000    0.0000    0.0000   -0.0000   -0.0000   -0.0000   -0.0000
       24 H5     2py       -0.0000   -0.0000    0.0000    0.0000    0.0000   -0.0000    0.0000   -0.0000    0.0000   -0.0000
       25 H5     2pz        0.0043    0.0073   -0.0007   -0.0108   -0.0144    0.0020    0.0137    0.0032   -0.0030    0.0011
       26 H6     1s         0.3580    0.2884   -0.1593   -0.4055   -0.4497   -0.1524    0.4223    0.5170   -0.1969   -0.1608
       27 H6     2s         0.0694    0.0505   -0.0504   -0.1059   -0.1400   -0.0447    0.1468    0.1760    0.2719    0.2477
       28 H6     2px        0.0000   -0.0000   -0.0000   -0.0000   -0.0000    0.0000   -0.0000   -0.0000   -0.0000   -0.0000
       29 H6     2py        0.0000   -0.0000   -0.0000    0.0000    0.0000    0.0000    0.0000    0.0000   -0.0000   -0.0000
       30 H6     2pz       -0.0060   -0.0011    0.0084    0.0092   -0.0108   -0.0147   -0.0034    0.0077    0.0025    0.0025
       31 H7     1s         0.2290    0.3817    0.3922    0.2448   -0.1998   -0.4348   -0.5388   -0.3759   -0.1761   -0.2229
       32 H7     2s         0.0386    0.0780    0.0996    0.0746   -0.0555   -0.1414   -0.1857   -0.1302    0.2213    0.3075
       33 H7     2px        0.0000   -0.0000   -0.0000    0.0000    0.0000   -0.0000    0.0000    0.0000    0.0000   -0.0000
       34 H7     2py        0.0000   -0.0000   -0.0000    0.0000   -0.0000   -0.0000   -0.0000    0.0000    0.0000    0.0000
       35 H7     2pz        0.0012    0.0047    0.0095    0.0096    0.0132    0.0132    0.0038   -0.0027   -0.0024   -0.0017
       36 H8     1s         0.1744    0.3243    0.3981    0.3063    0.3502    0.4882    0.4341    0.2502   -0.1076   -0.1661
       37 H8     2s         0.0340    0.0650    0.0832    0.0671    0.1068    0.1561    0.1435    0.0836    0.2041    0.3618
       38 H8     2px        0.0000    0.0000    0.0000    0.0000    0.0000   -0.0000    0.0000   -0.0000   -0.0000    0.0000
       39 H8     2py       -0.0000   -0.0000    0.0000    0.0000    0.0000    0.0000    0.0000   -0.0000   -0.0000   -0.0000
       40 H8     2pz       -0.0056   -0.0094   -0.0098   -0.0063    0.0027    0.0077    0.0112    0.0088    0.0056    0.0079
--
 
 
++    Molecular charges:
      ------------------
 
      Mulliken charges per centre and basis function type
      ---------------------------------------------------
 
                H1      H2      H3      H4      H5      H6      H7      H8    
      1s       0.8816  0.9254  0.9056  0.9101  0.9101  0.9056  0.9254  0.8816
      2s       0.0884  0.0960  0.0885  0.0900  0.0900  0.0885  0.0960  0.0884
      2px      0.0000  0.0000  0.0000  0.0000  0.0000  0.0000  0.0000  0.0000
      2pz      0.0033  0.0037  0.0037  0.0037  0.0037  0.0037  0.0037  0.0033
      2py      0.0000  0.0000  0.0000  0.0000  0.0000  0.0000  0.0000  0.0000
      Total    0.9732  1.0252  0.9978  1.0038  1.0038  0.9978  1.0252  0.9732
 
      N-E      0.0268 -0.0252  0.0022 -0.0038 -0.0038  0.0022 -0.0252  0.0268
 
      Total electronic charge=    8.000000
 
      Total            charge=   -0.000000
--
 
 
  Input file to MOLDEN was generated!
 
 
++    Static properties:
      ------------------
 
 
      LoProp Charges per center
 

                   H1       H2       H3       H4       H5       H6       H7       H8    
      Nuclear      1.0000   1.0000   1.0000   1.0000   1.0000   1.0000   1.0000   1.0000
      Electronic  -0.9827  -1.0149  -0.9987  -1.0037  -1.0037  -0.9987  -1.0149  -0.9827
 
      Total        0.0173  -0.0149   0.0013  -0.0037  -0.0037   0.0013  -0.0149   0.0173
--
 
 
++    Natural Bond Order analysis
      ---------------------------
      Based on LoProp computed density
      -------------------------------------------------------------------------------------
      Atom A       Atom B       Bond Order
      -------------------------------------------------------------------------------------
      NBO located      0.974 non-bonded electrons on atom H1        
      NBO located      1.005 non-bonded electrons on atom H3        
      NBO located      1.010 non-bonded electrons on atom H4        
      NBO located      1.010 non-bonded electrons on atom H5        
      NBO located      1.005 non-bonded electrons on atom H6        
      NBO located      0.974 non-bonded electrons on atom H8        
      The remaining    2.024 electrons are to be considered as diffuse
--
 
 
++    Molecular properties:
      ---------------------
 
      Charge (e):
                      =   -0.0000
      Dipole Moment (Debye):
      Origin of the operator (Ang)=    0.0000    0.0000    0.0000
                   X= -5.7661E-16               Y= -1.2470E-14               Z=  6.5739E-12           Total=  6.5739E-12
      Quadrupole Moment (Debye*Ang):
      Origin of the operator (Ang)=    0.0000    0.0000    9.3970
                  XX= -1.9414E+01              XY=  8.6692E-29              XZ= -1.4369E-13              YY= -1.9414E+01
                  YZ=  1.6570E-13              ZZ=  2.0236E-01
      In traceless form (Debye*Ang)
                  XX= -9.8082E+00              XY=  1.3004E-28              XZ= -2.1553E-13              YY= -9.8082E+00
                  YZ=  2.4855E-13              ZZ=  1.9616E+01
--
 
 
  Input file to MOLDEN was generated!
 
 ###############################################################################
 ###############################################################################
 ###                                                                         ###
 ###                                                                         ###
 ###    RunFile label nBas                                                   ###
 ###    was used       78 times                                              ###
 ###                                                                         ###
 ###                                                                         ###
 ###############################################################################
 ###############################################################################
forrtl: warning (528): IEEE_UNDERFLOW is signaling
--- Stop Module: scf at Sun Oct 26 13:43:31 2025 /rc=_RC_ALL_IS_WELL_ ---
*** files: H8_2.68.LprOrb H8_2.68.LoProp.molden H8_2.68.scf.molden H8_2.68.ScfOrb H8_2.68.scf.h5 xmldump
    saved to directory ${LOCALHOME}/DDCASPT2/hydrogen_comps/rerun/H8_chain/H8_2.68

>>> COPY /tmp/H8_2.68/H8_2.68.scf.h5 ${LOCALHOME}/DDCASPT2/hydrogen_comps/rerun/H8_chain/H8_2.68/

*** symbolic link created: INPORB -> H8_2.68.ScfOrb
--- Start Module: rasscf at Sun Oct 26 13:43:31 2025 ---
 
()()()()()()()()()()()()()()()()()()()()()()()()()()()()()()()()()()()()()()()()()()()()()()()()()()

                                              &RASSCF

                                   only a single process is used
                       available to each process: 2.0 GB of memory, 1 thread?
()()()()()()()()()()()()()()()()()()()()()()()()()()()()()()()()()()()()()()()()()()()()()()()()()()
 
 
      Header of the ONEINT file:
      --------------------------
      
      Integrals generated by seward 4.2.0  , Sun Oct 26 13:43:30 2025
 
 
      OrdInt status: non-squared
 
 
      Cartesian coordinates in Angstrom:
      -----------------------------------------------------
      No.  Label        X            Y            Z        
      -----------------------------------------------------
       1   H1         0.00000000   0.00000000   0.00000000
       2   H2         0.00000000   0.00000000   2.68484800
       3   H3         0.00000000   0.00000000   5.36969700
       4   H4         0.00000000   0.00000000   8.05454500
       5   H5         0.00000000   0.00000000  10.73939400
       6   H6         0.00000000   0.00000000  13.42424200
       7   H7         0.00000000   0.00000000  16.10909100
       8   H8         0.00000000   0.00000000  18.79393900
      -----------------------------------------------------
      Nuclear repulsion energy =    2.70868428
 
++    Wave function specifications:
      -----------------------------
 
      Number of closed shell electrons           0
      Number of electrons in active shells       8
      Max number of holes in RAS1 space          0
      Max nr of electrons in RAS3 space          0
      Number of inactive orbitals                0
      Number of active orbitals                  8
      Number of secondary orbitals              32
      Spin quantum number                      0.0
      State symmetry                             1
--
 
++    Orbital specifications:
      -----------------------
 
      Symmetry species                           1
                                                 a
      Frozen orbitals                            0
      Inactive orbitals                          0
      Active orbitals                            8
      RAS1 orbitals                              0
      RAS2 orbitals                              8
      RAS3 orbitals                              0
      Secondary orbitals                        32
      Deleted orbitals                           0
      Number of basis functions                 40
--
 
++    CI expansion specifications:
      ----------------------------
 
      Number of CSFs                          1764
      Number of determinants                  2485
      Number of root(s) required                 1
      Root chosen for geometry opt.              1
      CI root used                               1
         
      highest root included in the CI            1
      max. size of the explicit Hamiltonian    200
--
 
++    Optimization specifications:
      ----------------------------
 
      RASSCF algorithm: Conventional
      Maximum number of macro iterations       200
      Maximum number of SX iterations          100
      Threshold for RASSCF energy            0.100E-07
      Threshold for max MO rotation          0.100E+00
      Threshold for max BLB element          0.100E-03
      Level shift parameter                  0.500E+00
      Make Quasi-Newton update
--
 
      The MO-coefficients are taken from the file:
      ${LOCALHOME}/DDCASPT2/hydrogen_comps/rerun/H8_chain/H8_0.60/H8_0.60.RasOrb                                                  
      Title: RASSCF average (pseudo-natural) orbitals                                      
 
      Total molecular charge    0.00
 
      ************************************************************************************************************************
      *                                                                                                                      *
      *                                            Wave function control section                                             *
      *                                                                                                                      *
      ************************************************************************************************************************
 
 
                                         RASSCF iterations: Energy and convergence statistics
                                         ----------------------------------------------------
 
      Iter CI   SX   CI       RASSCF       Energy    max ROT     max BLB   max BLB  Level Ln srch  Step   QN   Walltime
          iter iter root      energy       change     param      element    value   shift minimum  type update hh:mm:ss
 Nr of preliminary CI iterations:   7
        1   1  100    1    -2.56959887    0.00E+00  -0.36E+00*   6  32 1 -0.34E+00*  0.44   0.00    SX    NO    0:00:00
        2   7  100    1    -3.21757444   -0.65E+00* -0.21E+00*   3  18 1  0.19E+00*  0.29   0.00    SX    NO    0:00:00
        3   5  100    1    -3.55488164   -0.34E+00*  0.78E+00*   2  10 1  0.15E+00*  0.15   0.00    SX    NO    0:00:00
        4   5  100    1    -3.58455238   -0.30E-01*  0.46E+00*   2  15 1  0.18E+00*  0.06   0.00    SX    NO    0:00:00
        5  10   66    1    -3.68492576   -0.10E+00*  0.25E+00*   2  15 1  0.49E-01*  0.05   0.00    SX    NO    0:00:00
 ###############################################################################
 ###############################################################################
 ###                                                                         ###
 ###                                                                         ###
 ###    Large orbital rotation.                                              ###
 ###                                                                         ###
 ###                                                                         ###
 ###############################################################################
 ###############################################################################
      Molecular orbital   8 of symmetry 1 MO space 2  weight is    0.419405
        6   4  100    1    -3.70430296   -0.19E-01* -0.55E+00*   3  18 1 -0.16E-01*  0.02   0.00    SX    NO    0:00:00
        7  13  100    1    -3.81935288   -0.12E+00*  0.33E+00*   5   9 1 -0.61E-01*  0.00   0.00    SX    NO    0:00:00
        8   6   84    1    -3.97081796   -0.15E+00*  0.81E-01    5  12 1 -0.43E-01*  0.00   1.01    QN   YES    0:00:00
        9   4   52    1    -3.98445024   -0.14E-01* -0.32E-01    5   9 1  0.41E-01*  0.00   0.86    QN   YES    0:00:00
       10  11   25    1    -3.99195448   -0.75E-02* -0.25E-01    5  18 1 -0.23E-01*  0.00   1.56    QN   YES    0:00:00
       11  11   11    1    -3.99537075   -0.34E-02*  0.34E-02    5  18 1 -0.29E-02*  0.00   1.08    QN   YES    0:00:00
       12   9   10    1    -3.99551981   -0.15E-03*  0.67E-03    7  18 1 -0.42E-03*  0.00   1.00    QN   YES    0:00:00
       13  17   10    1    -3.99557092   -0.51E-04* -0.20E-02    5   9 1 -0.36E-03*  0.00   1.01    QN   YES    0:00:00
       14  30   11    1    -3.99556567    0.53E-05*  0.76E-03    7  18 1  0.91E-03*  0.00   0.46    LS   YES    0:00:00
       15  18   10    1    -3.99557605   -0.10E-04*  0.68E-03    5  18 1  0.39E-03*  0.00   1.41    SX   YES    0:00:00
       16   4    9    1    -3.99557828   -0.22E-05* -0.12E-03    3  35 1 -0.74E-04   0.00   0.85    QN   YES    0:00:00
       17  10    7    1    -3.99557844   -0.16E-06*  0.12E-04    4  21 1 -0.84E-05   0.00   0.99    QN   YES    0:00:00
       18   2    5    1    -3.99557845   -0.17E-08  -0.30E-05    3  18 1 -0.26E-05   0.00   0.97    QN   YES    0:00:00
      Convergence after 18 iterations
 
  Dmat in MO in SXCTL bf call to SXHAM                                                                                    
  mat. size =     8x    8
 
        1.2344642501318348
        0.0007102713115880      1.1450001139897670
       -0.0890713749018733      0.0017991995299673      1.0871674541132017
       -0.0003657950531948     -0.0163713753928576     -0.0006446370474749      1.1257400190571010
        0.1227407297858901     -0.0032898756629938      0.1243608473896372      0.0012281895618317      0.9064645934181295
       -0.0005011074773031      0.1732914776293448     -0.0007408388760712      0.0080912699999655      0.0010548504613587
        0.8106605376650614
       -0.0619642331967409     -0.0000949583035194     -0.1293726016582311     -0.0001663485203053     -0.0113258588154426
       -0.0002310990264821      0.8814088733722693
       -0.0019876731660183     -0.1297756321632209     -0.0000055360035795      0.0278979373236649     -0.0004866337725262
       -0.0032777968813055     -0.0032680128497138      0.8090941582526306
       19   1    5    1    -3.99557845   -0.55E-10  -0.30E-05    3  35 1 -0.43E-06   0.00   0.97    QN   YES    0:00:00
 
      ************************************************************************************************************************
                                                      Wave function printout:
                       occupation of active orbitals, and spin coupling of open shells (u,d: Spin up or down)
      ************************************************************************************************************************
 
      Note: transformation to natural orbitals
      has been made, which may change the order of the CSFs.
 
      printout of CI-coefficients larger than  0.05 for root  1
      energy=      -3.995578
      conf/sym  11111111     Coeff  Weight
             1  22220000  -0.33392 0.11150
            18  22202000   0.18242 0.03328
            27  22200002   0.05077 0.00258
            34  22udu00d   0.19918 0.03967
            41  2u2du0d0  -0.16332 0.02667
            45  2u2d0u0d  -0.06882 0.00474
            47  2u2d0002   0.06347 0.00403
            49  u22dud00  -0.18261 0.03335
            56  u22d00ud  -0.09315 0.00868
            58  22022000   0.05146 0.00265
            61  2202u0d0  -0.06336 0.00401
            63  22020020   0.05214 0.00272
            67  22020002   0.12746 0.01625
            69  2ud2ud00  -0.09328 0.00870
            76  2ud200ud  -0.17510 0.03066
            81  u2d2u0d0  -0.06988 0.00488
            83  u2d20020   0.05382 0.00290
            85  u2d20u0d  -0.14413 0.02077
            93  20220020   0.10978 0.01205
            95  20220u0d  -0.05397 0.00291
            97  20220002   0.05302 0.00281
           102  ud220ud0   0.14568 0.02122
           104  ud22u00d   0.05041 0.00254
           110  02220200   0.11241 0.01264
           113  02220020   0.05041 0.00254
           121  22uud00d  -0.05640 0.00318
           125  2u2ud0d0   0.05804 0.00337
           130  u22udd00   0.07123 0.00507
           568  22002002  -0.11964 0.01431
           582  2ud020ud   0.13307 0.01771
           600  u2d02u0d   0.11900 0.01416
           617  20202020  -0.09551 0.00912
           635  ud202ud0  -0.09720 0.00945
           654  02202200  -0.09231 0.00852
           663  0220udud   0.05037 0.00254
           691  2u0du0d2  -0.11270 0.01270
           709  u20dud02  -0.10110 0.01022
           726  20udu02d   0.09484 0.00899
           743  udududud   0.09242 0.00854
           745  ududuudd   0.11196 0.01254
           761  02udu20d   0.08704 0.00758
           783  uuddudud   0.13696 0.01876
           785  uudduudd  -0.05130 0.00263
           798  u02dud20  -0.08946 0.00800
           816  0u2du2d0  -0.09126 0.00833
           853  20020022  -0.08888 0.00790
           872  ud020ud2  -0.08401 0.00706
           890  02020202  -0.07664 0.00587
           907  u0d20u2d   0.09249 0.00855
           924  0ud202ud   0.09339 0.00872
           939  00220220  -0.07398 0.00547
          1602  20002022   0.09322 0.00869
          1610  ud002ud2   0.11035 0.01218
          1619  02002202   0.07577 0.00574
          1627  u0d02u2d  -0.09546 0.00911
          1636  0ud022ud  -0.10673 0.01139
          1643  0ud0ud22  -0.05585 0.00312
          1645  00202220   0.06847 0.00469
          1656  u00d22ud  -0.05583 0.00312
          1663  u00dud22  -0.10544 0.01112
          1671  0u0du2d2  -0.08675 0.00753
          1678  00udu22d   0.09404 0.00884
          1694  00020222   0.07468 0.00558
          1764  00002222  -0.11812 0.01395
 
      Natural orbitals and occupation numbers for root  1
      sym 1:   1.290731   1.254784   1.196951   1.125155   0.877734   0.706293   0.744092   0.804259
 
      ************************************************************************************************************************
      *                                                                                                                      *
      *                                                    Final results                                                     *
      *                                                                                                                      *
      ************************************************************************************************************************
 
 
++    Wave function specifications:
      -----------------------------
 
      Number of closed shell electrons           0
      Number of electrons in active shells       8
      Max number of holes in RAS1 space          0
      Max nr of electrons in RAS3 space          0
      Number of inactive orbitals                0
      Number of active orbitals                  8
      Number of secondary orbitals              32
      Spin quantum number                      0.0
      State symmetry                             1
--
 
++    Orbital specifications:
      -----------------------
 
      Symmetry species                           1
                                                 a
      Frozen orbitals                            0
      Inactive orbitals                          0
      Active orbitals                            8
      RAS1 orbitals                              0
      RAS2 orbitals                              8
      RAS3 orbitals                              0
      Secondary orbitals                        32
      Deleted orbitals                           0
      Number of basis functions                 40
--
 
++    CI expansion specifications:
      ----------------------------
 
      Number of CSFs                          1764
      Number of determinants                  2485
      Number of root(s) required                 1
      CI root used                               1
      highest root included in the CI            1
      Root passed to geometry opt.               1
--
 
++    Final optimization conditions:
      ------------------------------
 
      Average CI energy                              -3.99557845
      RASSCF energy for state  1                     -3.99557845
      Super-CI energy                                -0.00000000
      RASSCF energy change                            0.00000000
      Max change in MO coefficients              -0.249E-05
      Max non-diagonal density matrix element    -0.295E-05
      Maximum BLB matrix element                 -0.432E-06
      (orbital pair   3,  35 in symmetry   1)
      Norm of electronic gradient            0.121E-05
--
 
 
      Final state energy(ies):
      ------------------------
 
::    RASSCF root number  1 Total energy:     -3.99557845
 
++    Molecular orbitals:
      -------------------
 
      Pseudonatural active orbitals and approximate occupation numbers
 
 
 
 
      Molecular orbitals for symmetry species 1: a  
 
 
      Orbital                1         2         3         4         5         6         7         8         9        10
      Energy            0.0000    0.0000    0.0000    0.0000    0.0000    0.0000    0.0000    0.0000    0.3284    0.3399
      Occ. No.          1.2907    1.2548    1.1970    1.1252    0.8777    0.7063    0.7441    0.8043    0.0000    0.0000
 
    1 H1     1s         0.2016   -0.3538    0.4117   -0.3280   -0.3540    0.2436    0.4161   -0.4652    0.0780   -0.1113
    2 H1     2s         0.0151   -0.0270    0.0324   -0.0270   -0.0364    0.0321    0.0514   -0.0525   -0.2071    0.3650
    3 H1     2px       -0.0000    0.0000   -0.0000    0.0000    0.0000   -0.0000   -0.0000    0.0000   -0.0000    0.0000
    4 H1     2py       -0.0000    0.0000   -0.0000    0.0000    0.0000   -0.0000   -0.0000    0.0000   -0.0000    0.0000
    5 H1     2pz        0.0006   -0.0009    0.0007   -0.0003   -0.0006    0.0016    0.0021   -0.0015    0.0032   -0.0048
    6 H2     1s         0.2748   -0.4227    0.3835   -0.2014    0.1839   -0.3600   -0.5182    0.4198    0.1369   -0.1724
    7 H2     2s         0.0179   -0.0332    0.0393   -0.0285    0.0124   -0.0597   -0.0768    0.0497   -0.2290    0.3190
    8 H2     2px        0.0000   -0.0000    0.0000   -0.0000    0.0000   -0.0000   -0.0000    0.0000    0.0000   -0.0000
    9 H2     2py       -0.0000    0.0000   -0.0000    0.0000   -0.0000    0.0000    0.0000   -0.0000   -0.0000    0.0000
   10 H2     2pz        0.0006   -0.0002   -0.0008    0.0010   -0.0002   -0.0001    0.0005   -0.0007   -0.0001   -0.0008
   11 H3     1s         0.3668   -0.3005   -0.1471    0.4414    0.4670    0.4715    0.3882    0.1435    0.1548   -0.1184
   12 H3     2s         0.0261   -0.0185   -0.0202    0.0457    0.0541    0.0774    0.0630    0.0136   -0.2769    0.2517
   13 H3     2px       -0.0000    0.0000    0.0000   -0.0000   -0.0000   -0.0000   -0.0000   -0.0000   -0.0000    0.0000
   14 H3     2py       -0.0000    0.0000   -0.0000    0.0000    0.0000    0.0000   -0.0000   -0.0000   -0.0000    0.0000
   15 H3     2pz       -0.0001    0.0008   -0.0010    0.0003    0.0003    0.0011    0.0000    0.0009   -0.0002   -0.0012
   16 H4     1s         0.3954   -0.1700   -0.3343    0.3775   -0.3870   -0.5142   -0.1928   -0.4027    0.1677   -0.0480
   17 H4     2s         0.0270   -0.0177   -0.0246    0.0419   -0.0413   -0.0859   -0.0255   -0.0589   -0.2989    0.0914
   18 H4     2px       -0.0000    0.0000    0.0000    0.0000   -0.0000    0.0000    0.0000   -0.0000   -0.0000    0.0000
   19 H4     2py       -0.0000    0.0000    0.0000    0.0000   -0.0000    0.0000    0.0000   -0.0000   -0.0000    0.0000
   20 H4     2pz        0.0004    0.0008   -0.0007   -0.0007    0.0005    0.0007    0.0013   -0.0000   -0.0002   -0.0021
   21 H5     1s         0.3955    0.1700   -0.3343   -0.3775   -0.3869    0.5143   -0.1928    0.4027    0.1677    0.0480
   22 H5     2s         0.0270    0.0177   -0.0246   -0.0419   -0.0413    0.0859   -0.0255    0.0589   -0.2989   -0.0914
   23 H5     2px       -0.0000    0.0000   -0.0000    0.0000   -0.0000    0.0000    0.0000   -0.0000   -0.0000    0.0000
   24 H5     2py       -0.0000    0.0000   -0.0000    0.0000   -0.0000    0.0000    0.0000   -0.0000   -0.0000    0.0000
   25 H5     2pz       -0.0004    0.0008    0.0007   -0.0007   -0.0005    0.0007   -0.0013   -0.0000    0.0002   -0.0021
   26 H6     1s         0.3668    0.3005   -0.1471   -0.4414    0.4670   -0.4715    0.3882   -0.1435    0.1548    0.1184
   27 H6     2s         0.0261    0.0185   -0.0202   -0.0457    0.0541   -0.0774    0.0630   -0.0136   -0.2769   -0.2517
   28 H6     2px       -0.0000    0.0000   -0.0000   -0.0000    0.0000    0.0000   -0.0000   -0.0000   -0.0000    0.0000
   29 H6     2py       -0.0000    0.0000   -0.0000    0.0000    0.0000    0.0000   -0.0000   -0.0000   -0.0000    0.0000
   30 H6     2pz        0.0001    0.0008    0.0010    0.0003   -0.0003    0.0011   -0.0000    0.0009    0.0002   -0.0012
   31 H7     1s         0.2748    0.4227    0.3835    0.2013    0.1838    0.3600   -0.5182   -0.4198    0.1369    0.1724
   32 H7     2s         0.0179    0.0332    0.0393    0.0285    0.0124    0.0597   -0.0768   -0.0497   -0.2290   -0.3190
   33 H7     2px        0.0000   -0.0000   -0.0000    0.0000    0.0000   -0.0000   -0.0000    0.0000    0.0000   -0.0000
   34 H7     2py        0.0000    0.0000    0.0000    0.0000    0.0000   -0.0000   -0.0000    0.0000    0.0000    0.0000
   35 H7     2pz       -0.0006   -0.0002    0.0008    0.0010    0.0002   -0.0001   -0.0005   -0.0007    0.0001   -0.0008
   36 H8     1s         0.2016    0.3538    0.4117    0.3280   -0.3540   -0.2436    0.4161    0.4653    0.0780    0.1113
   37 H8     2s         0.0151    0.0270    0.0324    0.0270   -0.0364   -0.0321    0.0514    0.0525   -0.2071   -0.3650
   38 H8     2px        0.0000    0.0000    0.0000    0.0000   -0.0000   -0.0000    0.0000    0.0000    0.0000    0.0000
   39 H8     2py        0.0000    0.0000    0.0000    0.0000   -0.0000   -0.0000    0.0000    0.0000    0.0000    0.0000
   40 H8     2pz       -0.0006   -0.0009   -0.0007   -0.0003    0.0006    0.0016   -0.0021   -0.0015   -0.0032   -0.0048
 
 
      Orbital               11        12        13        14        15        16        17        18        19        20
      Energy            0.3623    0.3990    0.4531    0.5333    0.6347    0.7424    0.7682    0.8710    0.8710    0.8846
      Occ. No.          0.0000    0.0000    0.0000    0.0000    0.0000    0.0000    0.0000    0.0000    0.0000    0.0000
 
    1 H1     1s         0.0852   -0.0149    0.0689   -0.1373    0.1554   -0.1276    0.0806   -0.0000   -0.0000   -0.0000
    2 H1     2s        -0.4611    0.5095    0.5106   -0.4672    0.3694   -0.2415    0.1422    0.0000    0.0000    0.0000
    3 H1     2px       -0.0000    0.0000    0.0000   -0.0000    0.0000   -0.0000    0.0000   -0.0072    0.1527   -0.0906
    4 H1     2py       -0.0000    0.0000    0.0000   -0.0000   -0.0000   -0.0000   -0.0000    0.1527    0.0072   -0.2752
    5 H1     2pz        0.0057   -0.0104   -0.0260    0.0651   -0.1410    0.3192   -0.2980   -0.0000   -0.0000   -0.0000
    6 H2     1s         0.1011   -0.0136   -0.0092    0.1100   -0.2050    0.1575   -0.0708    0.0000    0.0000    0.0000
    7 H2     2s        -0.2152   -0.0495   -0.3820    0.6676   -0.7120    0.4368   -0.1989   -0.0000   -0.0000   -0.0000
    8 H2     2px        0.0000    0.0000    0.0000   -0.0000    0.0000   -0.0000    0.0000   -0.0137    0.2910   -0.1410
    9 H2     2py       -0.0000   -0.0000   -0.0000    0.0000   -0.0000    0.0000   -0.0000    0.2910    0.0137   -0.4283
   10 H2     2pz        0.0078   -0.0262   -0.0483    0.0437    0.0447   -0.3256    0.3453    0.0000    0.0000    0.0000
   11 H3     1s        -0.0394    0.0910    0.0065   -0.0126    0.1897   -0.1846    0.0514   -0.0000    0.0000   -0.0000
   12 H3     2s         0.0895   -0.4430   -0.4192   -0.1116    0.6751   -0.5060    0.1444   -0.0000   -0.0000   -0.0000
   13 H3     2px        0.0000   -0.0000   -0.0000    0.0000    0.0000   -0.0000    0.0000   -0.0186    0.3936   -0.1245
   14 H3     2py       -0.0000   -0.0000   -0.0000    0.0000    0.0000    0.0000   -0.0000    0.3936    0.0186   -0.3781
   15 H3     2pz        0.0067   -0.0039    0.0397   -0.1271    0.1263    0.2166   -0.3186   -0.0000   -0.0000   -0.0000
   16 H4     1s        -0.1246    0.0566   -0.0053   -0.0880   -0.0783    0.1936   -0.0189    0.0000    0.0000    0.0000
   17 H4     2s         0.3482   -0.2587    0.3988   -0.5911   -0.2719    0.5205   -0.0503    0.0000   -0.0000    0.0000
   18 H4     2px        0.0000   -0.0000   -0.0000    0.0000   -0.0000    0.0000   -0.0000   -0.0211    0.4478   -0.0494
   19 H4     2py        0.0000   -0.0000   -0.0000    0.0000   -0.0000    0.0000   -0.0000    0.4478    0.0211   -0.1501
   20 H4     2pz        0.0040    0.0177    0.0395    0.0693   -0.2498   -0.0739    0.2932   -0.0000   -0.0000   -0.0000
   21 H5     1s        -0.1246   -0.0566   -0.0053    0.0880   -0.0783   -0.1936   -0.0189   -0.0000   -0.0000   -0.0000
   22 H5     2s         0.3482    0.2587    0.3988    0.5911   -0.2719   -0.5205   -0.0503   -0.0000    0.0000   -0.0000
   23 H5     2px        0.0000   -0.0000   -0.0000    0.0000   -0.0000    0.0000   -0.0000   -0.0211    0.4478    0.0494
   24 H5     2py        0.0000   -0.0000   -0.0000    0.0000   -0.0000    0.0000   -0.0000    0.4478    0.0211    0.1501
   25 H5     2pz       -0.0040    0.0177   -0.0395    0.0693    0.2498   -0.0739   -0.2932    0.0000    0.0000    0.0000
   26 H6     1s        -0.0394   -0.0910    0.0065    0.0126    0.1897    0.1846    0.0514    0.0000   -0.0000   -0.0000
   27 H6     2s         0.0895    0.4430   -0.4192    0.1116    0.6751    0.5060    0.1444    0.0000   -0.0000    0.0000
   28 H6     2px       -0.0000   -0.0000    0.0000    0.0000   -0.0000    0.0000   -0.0000   -0.0186    0.3936    0.1245
   29 H6     2py       -0.0000   -0.0000    0.0000    0.0000   -0.0000    0.0000   -0.0000    0.3936    0.0186    0.3781
   30 H6     2pz       -0.0067   -0.0039   -0.0397   -0.1271   -0.1263    0.2166    0.3186   -0.0000   -0.0000   -0.0000
   31 H7     1s         0.1011    0.0136   -0.0092   -0.1100   -0.2050   -0.1575   -0.0708   -0.0000    0.0000    0.0000
   32 H7     2s        -0.2152    0.0495   -0.3820   -0.6676   -0.7120   -0.4368   -0.1989   -0.0000   -0.0000   -0.0000
   33 H7     2px       -0.0000    0.0000    0.0000   -0.0000   -0.0000   -0.0000   -0.0000   -0.0137    0.2910    0.1410
   34 H7     2py        0.0000    0.0000    0.0000    0.0000    0.0000   -0.0000    0.0000    0.2910    0.0137    0.4283
   35 H7     2pz       -0.0078   -0.0262    0.0483    0.0437   -0.0447   -0.3256   -0.3453    0.0000   -0.0000    0.0000
   36 H8     1s         0.0852    0.0149    0.0689    0.1373    0.1554    0.1276    0.0806   -0.0000   -0.0000   -0.0000
   37 H8     2s        -0.4611   -0.5095    0.5106    0.4672    0.3694    0.2415    0.1422    0.0000    0.0000    0.0000
   38 H8     2px        0.0000    0.0000   -0.0000   -0.0000   -0.0000   -0.0000   -0.0000   -0.0072    0.1527    0.0906
   39 H8     2py        0.0000    0.0000   -0.0000   -0.0000   -0.0000   -0.0000   -0.0000    0.1527    0.0072    0.2752
   40 H8     2pz       -0.0057   -0.0104    0.0260    0.0651    0.1410    0.3192    0.2980   -0.0000    0.0000    0.0000
 
 
      Orbital               21        22        23        24        25        26        27        28        29        30
      Energy            0.8846    0.9059    0.9059    0.9328    0.9328    0.9628    0.9628    0.9917    0.9917    1.0162
      Occ. No.          0.0000    0.0000    0.0000    0.0000    0.0000    0.0000    0.0000    0.0000    0.0000    0.0000
 
    1 H1     1s        -0.0000    0.0000    0.0000   -0.0000    0.0000   -0.0000    0.0000   -0.0000    0.0000    0.0000
    2 H1     2s         0.0000   -0.0000   -0.0000    0.0000   -0.0000   -0.0000    0.0000    0.0000   -0.0000    0.0000
    3 H1     2px       -0.2752    0.1089    0.3809   -0.1923    0.4154    0.1921   -0.4268   -0.2160    0.3625    0.1703
    4 H1     2py        0.0906    0.3809   -0.1089   -0.4154   -0.1923    0.4268    0.1921   -0.3625   -0.2160    0.2691
    5 H1     2pz       -0.0000    0.0000    0.0000    0.0000    0.0000   -0.0000    0.0000    0.0000   -0.0000    0.0000
    6 H2     1s         0.0000   -0.0000   -0.0000   -0.0000   -0.0000    0.0000   -0.0000   -0.0000    0.0000   -0.0000
    7 H2     2s        -0.0000   -0.0000   -0.0000   -0.0000    0.0000    0.0000   -0.0000   -0.0000    0.0000   -0.0000
    8 H2     2px       -0.4283    0.1112    0.3889   -0.0708    0.1529   -0.0637    0.1416    0.2112   -0.3544   -0.2559
    9 H2     2py        0.1410    0.3889   -0.1112   -0.1529   -0.0708   -0.1416   -0.0637    0.3544    0.2112   -0.4045
   10 H2     2pz        0.0000   -0.0000   -0.0000   -0.0000   -0.0000    0.0000   -0.0000   -0.0000    0.0000   -0.0000
   11 H3     1s        -0.0000    0.0000    0.0000    0.0000   -0.0000   -0.0000    0.0000    0.0000   -0.0000    0.0000
   12 H3     2s        -0.0000    0.0000    0.0000    0.0000    0.0000   -0.0000    0.0000    0.0000   -0.0000    0.0000
   13 H3     2px       -0.3781    0.0006    0.0021    0.1697   -0.3667   -0.1698    0.3774    0.0027   -0.0045    0.2238
   14 H3     2py        0.1245    0.0021   -0.0006    0.3667    0.1697   -0.3774   -0.1698    0.0045    0.0027    0.3536
   15 H3     2pz       -0.0000    0.0000    0.0000    0.0000   -0.0000   -0.0000    0.0000    0.0000   -0.0000    0.0000
   16 H4     1s         0.0000   -0.0000   -0.0000   -0.0000    0.0000    0.0000   -0.0000   -0.0000    0.0000   -0.0000
   17 H4     2s         0.0000   -0.0000   -0.0000   -0.0000    0.0000    0.0000   -0.0000   -0.0000    0.0000   -0.0000
   18 H4     2px       -0.1501   -0.1100   -0.3847    0.1274   -0.2753    0.1251   -0.2780   -0.2129    0.3572   -0.0885
   19 H4     2py        0.0494   -0.3847    0.1100    0.2753    0.1274    0.2780    0.1251   -0.3572   -0.2129   -0.1399
   20 H4     2pz       -0.0000    0.0000    0.0000    0.0000    0.0000   -0.0000    0.0000   -0.0000   -0.0000   -0.0000
   21 H5     1s        -0.0000    0.0000    0.0000    0.0000   -0.0000   -0.0000    0.0000    0.0000   -0.0000    0.0000
   22 H5     2s        -0.0000    0.0000    0.0000    0.0000   -0.0000   -0.0000    0.0000    0.0000   -0.0000    0.0000
   23 H5     2px        0.1501   -0.1100   -0.3847   -0.1274    0.2753    0.1251   -0.2780    0.2129   -0.3572   -0.0885
   24 H5     2py       -0.0494   -0.3847    0.1100   -0.2753   -0.1274    0.2780    0.1251    0.3572    0.2129   -0.1399
   25 H5     2pz        0.0000   -0.0000   -0.0000   -0.0000    0.0000    0.0000   -0.0000    0.0000    0.0000   -0.0000
   26 H6     1s        -0.0000   -0.0000   -0.0000   -0.0000   -0.0000    0.0000   -0.0000   -0.0000    0.0000   -0.0000
   27 H6     2s         0.0000   -0.0000   -0.0000   -0.0000    0.0000    0.0000   -0.0000   -0.0000    0.0000   -0.0000
   28 H6     2px        0.3781    0.0006    0.0021   -0.1697    0.3667   -0.1698    0.3774   -0.0027    0.0045    0.2238
   29 H6     2py       -0.1245    0.0021   -0.0006   -0.3667   -0.1697   -0.3774   -0.1698   -0.0045   -0.0027    0.3536
   30 H6     2pz       -0.0000    0.0000    0.0000    0.0000   -0.0000   -0.0000    0.0000    0.0000   -0.0000    0.0000
   31 H7     1s         0.0000    0.0000    0.0000   -0.0000    0.0000    0.0000   -0.0000    0.0000   -0.0000    0.0000
   32 H7     2s        -0.0000    0.0000    0.0000    0.0000   -0.0000   -0.0000    0.0000    0.0000   -0.0000    0.0000
   33 H7     2px        0.4283    0.1112    0.3889    0.0708   -0.1529   -0.0637    0.1416   -0.2112    0.3544   -0.2559
   34 H7     2py       -0.1410    0.3889   -0.1112    0.1529    0.0708   -0.1416   -0.0637   -0.3544   -0.2112   -0.4045
   35 H7     2pz        0.0000   -0.0000   -0.0000   -0.0000    0.0000    0.0000   -0.0000   -0.0000    0.0000   -0.0000
   36 H8     1s        -0.0000    0.0000    0.0000   -0.0000    0.0000   -0.0000    0.0000   -0.0000    0.0000   -0.0000
   37 H8     2s         0.0000   -0.0000   -0.0000    0.0000   -0.0000    0.0000   -0.0000   -0.0000    0.0000   -0.0000
   38 H8     2px        0.2752    0.1089    0.3809    0.1923   -0.4154    0.1921   -0.4268    0.2160   -0.3625    0.1703
   39 H8     2py       -0.0906    0.3809   -0.1089    0.4154    0.1923    0.4268    0.1921    0.3625    0.2160    0.2691
   40 H8     2pz        0.0000    0.0000    0.0000    0.0000   -0.0000    0.0000   -0.0000    0.0000   -0.0000    0.0000
 
 
      Orbital               31        32        33        34        35        36        37        38        39        40
      Energy            1.0162    1.0181    1.0326    1.0326    1.0377    1.0775    1.1337    1.1967    1.2555    1.2976
      Occ. No.          0.0000    0.0000    0.0000    0.0000    0.0000    0.0000    0.0000    0.0000    0.0000    0.0000
 
    1 H1     1s        -0.0000    0.0757   -0.0000   -0.0000    0.1015   -0.1033    0.0943   -0.0827   -0.0636    0.0354
    2 H1     2s         0.0000    0.1540    0.0000   -0.0000    0.2242   -0.2385    0.2116   -0.1671   -0.1128    0.0566
    3 H1     2px       -0.2691   -0.0000   -0.1051    0.1350    0.0000   -0.0000    0.0000   -0.0000   -0.0000    0.0000
    4 H1     2py        0.1703   -0.0000   -0.1350   -0.1051   -0.0000    0.0000   -0.0000    0.0000    0.0000   -0.0000
    5 H1     2pz        0.0000    0.1875    0.0000   -0.0000    0.3318   -0.4284    0.4606   -0.4272   -0.3277    0.1778
    6 H2     1s        -0.0000   -0.2303   -0.0000    0.0000   -0.2658    0.2192   -0.1391    0.0643    0.0082    0.0108
    7 H2     2s        -0.0000   -0.5043   -0.0000    0.0000   -0.5958    0.4738   -0.2729    0.1168    0.0259    0.0032
    8 H2     2px        0.4045   -0.0000    0.1940   -0.2492   -0.0000    0.0000   -0.0000    0.0000    0.0000    0.0000
    9 H2     2py       -0.2559    0.0000    0.2492    0.1940    0.0000   -0.0000    0.0000   -0.0000   -0.0000   -0.0000
   10 H2     2pz       -0.0000   -0.2825   -0.0000    0.0000   -0.2951    0.0941    0.2247   -0.4836   -0.5445    0.3568
   11 H3     1s         0.0000    0.4039    0.0000   -0.0000    0.3060   -0.1116   -0.0311    0.0559    0.0159    0.0164
   12 H3     2s         0.0000    0.8994    0.0000   -0.0000    0.6936   -0.2387   -0.0560    0.0796    0.0136    0.0231
   13 H3     2px       -0.3536   -0.0000   -0.2606    0.3347    0.0000   -0.0000    0.0000   -0.0000    0.0000   -0.0000
   14 H3     2py        0.2238   -0.0000   -0.3347   -0.2606   -0.0000    0.0000   -0.0000   -0.0000   -0.0000    0.0000
   15 H3     2pz        0.0000    0.2415   -0.0000    0.0000   -0.0880    0.4675   -0.4592    0.0023   -0.4675    0.4755
   16 H4     1s        -0.0000   -0.5151    0.0000   -0.0000   -0.1365   -0.0912    0.0710    0.0454    0.0473    0.0023
   17 H4     2s        -0.0000   -1.1553    0.0000   -0.0000   -0.3092   -0.2028    0.1337    0.0727    0.0624   -0.0005
   18 H4     2px        0.1399    0.0000    0.2959   -0.3801   -0.0000   -0.0000    0.0000   -0.0000   -0.0000    0.0000
   19 H4     2py       -0.0885    0.0000    0.3801    0.2959    0.0000   -0.0000    0.0000   -0.0000   -0.0000    0.0000
   20 H4     2pz       -0.0000   -0.0947    0.0000   -0.0000    0.4473   -0.3248   -0.3266    0.4560   -0.1909    0.5450
   21 H5     1s         0.0000    0.5151   -0.0000    0.0000   -0.1365    0.0912    0.0710   -0.0454    0.0473   -0.0023
   22 H5     2s         0.0000    1.1553   -0.0000    0.0000   -0.3092    0.2028    0.1337   -0.0727    0.0624    0.0005
   23 H5     2px        0.1399    0.0000   -0.2959    0.3801    0.0000   -0.0000    0.0000    0.0000    0.0000    0.0000
   24 H5     2py       -0.0885    0.0000   -0.3801   -0.2959    0.0000   -0.0000    0.0000    0.0000    0.0000    0.0000
   25 H5     2pz       -0.0000   -0.0947   -0.0000    0.0000   -0.4473   -0.3248    0.3266    0.4560    0.1909    0.5450
   26 H6     1s        -0.0000   -0.4039    0.0000   -0.0000    0.3060    0.1116   -0.0311   -0.0559    0.0159   -0.0164
   27 H6     2s        -0.0000   -0.8994    0.0000   -0.0000    0.6936    0.2387   -0.0560   -0.0796    0.0136   -0.0231
   28 H6     2px       -0.3536   -0.0000    0.2606   -0.3347   -0.0000    0.0000   -0.0000   -0.0000   -0.0000   -0.0000
   29 H6     2py        0.2238   -0.0000    0.3347    0.2606   -0.0000    0.0000   -0.0000    0.0000   -0.0000   -0.0000
   30 H6     2pz        0.0000    0.2415   -0.0000    0.0000    0.0880    0.4675    0.4592    0.0023    0.4675    0.4755
   31 H7     1s         0.0000    0.2303   -0.0000    0.0000   -0.2658   -0.2192   -0.1391   -0.0643    0.0082   -0.0108
   32 H7     2s         0.0000    0.5043   -0.0000    0.0000   -0.5958   -0.4738   -0.2729   -0.1168    0.0259   -0.0032
   33 H7     2px        0.4045    0.0000   -0.1940    0.2492    0.0000    0.0000    0.0000   -0.0000    0.0000    0.0000
   34 H7     2py       -0.2559    0.0000   -0.2492   -0.1940   -0.0000   -0.0000   -0.0000   -0.0000    0.0000    0.0000
   35 H7     2pz       -0.0000   -0.2825    0.0000   -0.0000    0.2951    0.0941   -0.2247   -0.4836    0.5445    0.3568
   36 H8     1s        -0.0000   -0.0757    0.0000   -0.0000    0.1015    0.1033    0.0943    0.0827   -0.0636   -0.0354
   37 H8     2s        -0.0000   -0.1540    0.0000   -0.0000    0.2242    0.2385    0.2116    0.1671   -0.1128   -0.0566
   38 H8     2px       -0.2691   -0.0000    0.1051   -0.1350   -0.0000    0.0000    0.0000    0.0000   -0.0000   -0.0000
   39 H8     2py        0.1703   -0.0000    0.1350    0.1051    0.0000    0.0000    0.0000    0.0000   -0.0000   -0.0000
   40 H8     2pz        0.0000    0.1875   -0.0000    0.0000   -0.3318   -0.4284   -0.4606   -0.4272    0.3277    0.1778
--
 
      Von Neumann Entropy (Root  1) =  3.85078
 

      Mulliken population analysis for root number:  1
      -----------------------------------------------
 
 
++    Molecular charges:
      ------------------
 
      Mulliken charges per centre and basis function type
      ---------------------------------------------------
 
                H1      H2      H3      H4      H5      H6      H7      H8    
      1s       0.9931  1.0011  1.0017  1.0015  1.0015  1.0017  1.0011  0.9931
      2s       0.0057  0.0001 -0.0018 -0.0015 -0.0015 -0.0018  0.0001  0.0057
      2px      0.0000  0.0000  0.0000  0.0000  0.0000  0.0000  0.0000  0.0000
      2pz     -0.0001  0.0001  0.0001  0.0001  0.0001  0.0001  0.0001 -0.0001
      2py      0.0000  0.0000  0.0000  0.0000  0.0000  0.0000  0.0000  0.0000
      Total    0.9987  1.0013  1.0000  1.0000  1.0000  1.0000  1.0013  0.9987
 
      N-E      0.0013 -0.0013  0.0000  0.0000  0.0000  0.0000 -0.0013  0.0013
 
      Total electronic charge=    8.000000
 
      Total            charge=   -0.000000
--
 
 

      Expectation values of various properties for root number:  1
      -----------------------------------------------------------
 
 
++    Molecular properties:
      ---------------------
 
      Charge (e):
                      =   -0.0000
      Dipole Moment (Debye):
      Origin of the operator (Ang)=    0.0000    0.0000    0.0000
                   X= -2.2381E-08               Y= -3.5008E-09               Z=  9.9951E-08           Total=  1.0249E-07
      Quadrupole Moment (Debye*Ang):
      Origin of the operator (Ang)=    0.0000    0.0000    9.3970
                  XX= -1.2114E+01              XY= -2.9374E-16              XZ= -4.9469E-08              YY= -1.2114E+01
                  YZ= -1.8288E-07              ZZ= -1.2042E+01
      In traceless form (Debye*Ang)
                  XX= -3.5708E-02              XY= -4.4061E-16              XZ= -7.4203E-08              YY= -3.5708E-02
                  YZ= -2.7432E-07              ZZ=  7.1416E-02
--
 

      LoProp population analysis for root number:  1
      -----------------------------------------------
 
 
++    LoProp analysis:
      ----------------
 
 
 
  Input file to MOLDEN was generated!
 
 
++    Static properties:
      ------------------
 
 
      LoProp Charges per center
 

                   H1       H2       H3       H4       H5       H6       H7       H8    
      Nuclear      1.0000   1.0000   1.0000   1.0000   1.0000   1.0000   1.0000   1.0000
      Electronic  -1.0001  -0.9999  -1.0000  -1.0000  -1.0000  -1.0000  -0.9999  -1.0001
 
      Total       -0.0001   0.0001   0.0000  -0.0000  -0.0000   0.0000   0.0001  -0.0001
--
 
 
      Natural Bond Order analysis for root number:  1
 
++    Natural Bond Order analysis
      ---------------------------
      Based on LoProp computed density
      -------------------------------------------------------------------------------------
      Atom A       Atom B       Bond Order
      -------------------------------------------------------------------------------------
      The remaining    8.000 electrons are to be considered as diffuse
--
 
--
 
 
  Input file to MOLDEN was generated!
 
      Average orbitals are written to the RASORB file
      Natural orbitals for root   1 are written to the RASORB.1 file
      Spin density orbitals for root   1 are written to the SPDORB.1 file
 
forrtl: warning (525): IEEE_DIVIDE_BY_ZERO is signaling
forrtl: warning (526): IEEE_INVALID is signaling
forrtl: warning (528): IEEE_UNDERFLOW is signaling
--- Stop Module: rasscf at Sun Oct 26 13:43:34 2025 /rc=_RC_ALL_IS_WELL_ ---
*** files: H8_2.68.LprOrb H8_2.68.rasscf.molden H8_2.68.LoProp.molden H8_2.68.RasOrb.1 H8_2.68.RasOrb H8_2.68.rasscf.h5 H8_2.68.SpdOrb.1 xmldump
    saved to directory ${LOCALHOME}/DDCASPT2/hydrogen_comps/rerun/H8_chain/H8_2.68
--- Module rasscf spent 2 seconds ---

>>> COPY /tmp/H8_2.68/H8_2.68.rasscf.h5 ${LOCALHOME}/DDCASPT2/hydrogen_comps/rerun/H8_chain/H8_2.68/

>>> COPY /tmp/H8_2.68/DDCASPT2_Fock_MO.csv ${LOCALHOME}/DDCASPT2/hydrogen_comps/rerun/H8_chain/H8_2.68/H8_2.68.DDCASPT2_Fock_MO.csv

*** symbolic link created: INPORB -> H8_2.68.RasOrb
--- Start Module: motra at Sun Oct 26 13:43:34 2025 ---
 
()()()()()()()()()()()()()()()()()()()()()()()()()()()()()()()()()()()()()()()()()()()()()()()()()()

                                               &MOTRA

                                   only a single process is used
                       available to each process: 2.0 GB of memory, 1 thread?
()()()()()()()()()()()()()()()()()()()()()()()()()()()()()()()()()()()()()()()()()()()()()()()()()()
 
 
      *** WARNING: Default frozen orbitals is overwritten by user input.
      *** Default values:   0
 
      Header of the integral files:
      
       Integrals generated by seward 4.2.0  , Sun Oct 26 13:43:30 2025
 
 
      Header of MO coefficients source file:
      * RASSCF average (pseudo-natural) orbitals                                      
 
 
      Cartesian coordinates in Angstrom:
      -----------------------------------------------------
      No.  Label        X            Y            Z        
      -----------------------------------------------------
       1   H1         0.00000000   0.00000000   0.00000000
       2   H2         0.00000000   0.00000000   2.68484800
       3   H3         0.00000000   0.00000000   5.36969700
       4   H4         0.00000000   0.00000000   8.05454500
       5   H5         0.00000000   0.00000000  10.73939400
       6   H6         0.00000000   0.00000000  13.42424200
       7   H7         0.00000000   0.00000000  16.10909100
       8   H8         0.00000000   0.00000000  18.79393900
      -----------------------------------------------------
      Nuclear repulsion energy =    2.70868428
 
      Orbital specifications:
      -----------------------
 
      Symmetry species:              1
      Number of basis functions:    40
      Frozen orbitals:               0
      Deleted orbitals:              0
      Number of orbitals used:      40

       SYMMETRY  BASIS FUNCTIONS       ORBITALS      INTEGRALS   CPU(SEC)  I/O(SEC)
        1 1 1 1   40  40  40  40    40  40  40  40      336610       0.00      0.00

       TOTAL CPU TIME(SEC)    0.21TOTAL I/O TIME(SEC)    0.49
 
--- Stop Module: motra at Sun Oct 26 13:43:34 2025 /rc=_RC_ALL_IS_WELL_ ---
*** files: xmldump
    saved to directory ${LOCALHOME}/DDCASPT2/hydrogen_comps/rerun/H8_chain/H8_2.68

>>> COPY /tmp/H8_2.68/DDCASPT2_one_int_indx.csv ${LOCALHOME}/DDCASPT2/hydrogen_comps/rerun/H8_chain/H8_2.68/H8_2.68.DDCASPT2_one_int_indx.csv

>>> COPY /tmp/H8_2.68/DDCASPT2_one_int.csv ${LOCALHOME}/DDCASPT2/hydrogen_comps/rerun/H8_chain/H8_2.68/H8_2.68.DDCASPT2_one_int.csv

>>> COPY /tmp/H8_2.68/DDCASPT2_two_int_indx.csv ${LOCALHOME}/DDCASPT2/hydrogen_comps/rerun/H8_chain/H8_2.68/H8_2.68.DDCASPT2_two_int_indx.csv

>>> COPY /tmp/H8_2.68/DDCASPT2_two_int.csv ${LOCALHOME}/DDCASPT2/hydrogen_comps/rerun/H8_chain/H8_2.68/H8_2.68.DDCASPT2_two_int.csv

*** symbolic link created: INPORB -> H8_2.68.RasOrb
--- Start Module: caspt2 at Sun Oct 26 13:43:34 2025 ---
 
()()()()()()()()()()()()()()()()()()()()()()()()()()()()()()()()()()()()()()()()()()()()()()()()()()

                                              &CASPT2

                                   only a single process is used
                       available to each process: 2.0 GB of memory, 1 thread?
()()()()()()()()()()()()()()()()()()()()()()()()()()()()()()()()()()()()()()()()()()()()()()()()()()
 
 Cholesky algorithm in CASPT2 =    1
 
 ###############################################################################
 ###############################################################################
 ###                                                                         ###
 ###                                                                         ###
 ###    User changed nr of frozen orbitals.                                  ###
 ###                                                                         ###
 ###                                                                         ###
 ###############################################################################
 ###############################################################################
 
++    Wave function specifications:
      -----------------------------
 
      Number of closed shell electrons           0
      Number of electrons in active shells       8
      Max number of holes in RAS1 space          0
      Max number of electrons in RAS3 space      0
      Number of inactive orbitals                0
      Number of active orbitals                  8
      Number of secondary orbitals              32
      Spin quantum number                      0.0
      State symmetry                             1
      Number of CSFs                          1764
      Number of root(s) available                1
      Root passed to geometry opt.               1
      A file JOBMIX will be created.
      This is a CASSCF or RASSCF reference function
--
 
++    Orbital specifications:
      -----------------------
 
      Symmetry species                           1
                                                 a
      Frozen orbitals                            0
      Inactive orbitals                          0
      Active orbitals                            8
      Secondary orbitals                        32
      Deleted orbitals                           0
      Number of basis functions                 40
--
 
      Type of Fock operator: STANDARD
      Type of 0-order Hamiltonian: STANDARD WITH DEFAULT IPEA
        "IP-EA" denominator shift =      0.25
      The input orbitals and the CI vector will be transformed.
 
--------------------------------------------------------------------------------
 Estimated memory requirements:
  POLY3 :                   450746
  RHS:                      417296
  SIGMA :                   326032
  PRPCTL:                        0
 Available workspace:    230388092
 
++ CASPT2 computation for group   1
 
********************************************************************************
 Multi-State initialization phase begins for group   1
--------------------------------------------------------------------------------
********************************************************************************
 Compute H0 matrices for state    1
--------------------------------------------------------------------------------
--------------------------------------------------------------------------------
 H0 matrices have been computed.
 
********************************************************************************
  CASPT2 EQUATION SOLUTION
--------------------------------------------------------------------------------
 
  Total nr of CASPT2 parameters:
   Before reduction:       49280
   After  reduction:       48608
 
 The contributions to the second order correlation energy in atomic units.
-----------------------------------------------------------------------------------------------------------------------------
  IT.      VJTU        VJTI        ATVX        AIVX        VJAI        BVAT        BJAT        BJAI        TOTAL       RNORM  
-----------------------------------------------------------------------------------------------------------------------------
   1     0.000000    0.000000   -0.000504    0.000000    0.000000   -0.001443    0.000000    0.000000   -0.001948    0.000520
   2     0.000000    0.000000   -0.000510    0.000000    0.000000   -0.001445    0.000000    0.000000   -0.001955    0.000090
   3     0.000000    0.000000   -0.000511    0.000000    0.000000   -0.001445    0.000000    0.000000   -0.001956    0.000024
   4     0.000000    0.000000   -0.000511    0.000000    0.000000   -0.001445    0.000000    0.000000   -0.001955    0.000004
-------------------------------------------------------------------------------------------------------------------
 
  FINAL CASPT2 RESULT:
 
  Correlation energy /Case, /Symm, and sums:
 VJTU      0.00000000  0.00000000
 VJTIP     0.00000000  0.00000000
 VJTIM     0.00000000  0.00000000
 ATVX     -0.00051053 -0.00051053
 AIVX      0.00000000  0.00000000
 VJAIP     0.00000000  0.00000000
 VJAIM     0.00000000  0.00000000
 BVATP    -0.00128489 -0.00128489
 BVATM    -0.00016004 -0.00016004
 BJATP     0.00000000  0.00000000
 BJATM     0.00000000  0.00000000
 BJAIP     0.00000000  0.00000000
 BJAIM     0.00000000  0.00000000
 Summed:  -0.00195547 -0.00195547
 
      Reference energy:          -3.9955784460
      E2 (Non-variational):      -0.0019554705
      E2 (Variational):          -0.0019554771
      Total energy:              -3.9975339231
      Residual norm:              0.0000007653
      Reference weight:           0.99874
 
      Contributions to the CASPT2 correlation energy
      Active & Virtual Only:         -0.0019554705
      One Inactive Excited:           0.0000000000
      Two Inactive Excited:           0.0000000000
 
 
++ Denominators, etc.
----------------------------------------------------------------------------------------------------
 Report on small energy denominators, large coefficients, and large energy contributions.
CASE  SYMM ACTIVE-MIX  NON-ACTIVE INDICES          DENOMINATOR     RHS VALUE       COEFFICIENT     CONTRIBUTION
--
 
   (Skipping property calculation,
    use PROP keyword to activate)
--
 
  Total CASPT2 energies:
::    CASPT2 Root  1     Total energy:     -3.99753392
 
  A NEW JOBIPH FILE NAMED 'JOBMIX' IS PREPARED.
********************************************************************************
forrtl: warning (528): IEEE_UNDERFLOW is signaling
--- Stop Module: caspt2 at Sun Oct 26 13:43:35 2025 /rc=_RC_ALL_IS_WELL_ ---
*** files: xmldump
    saved to directory ${LOCALHOME}/DDCASPT2/hydrogen_comps/rerun/H8_chain/H8_2.68

>>> EXPORT i = B

>>> EXPORT j = P

>>> IF (-FILE DDCASPT2_e2_${i}_${j}_1_.csv)
(Skipped)

>>> END FOREACH

>>> EXPORT j = M

>>> IF (-FILE DDCASPT2_e2_${i}_${j}_1_.csv)
(Skipped)

>>> END FOREACH

>>> END FOREACH

>>> EXPORT i = E

>>> EXPORT j = P

>>> IF (-FILE DDCASPT2_e2_${i}_${j}_1_.csv)
(Skipped)

>>> END FOREACH

>>> EXPORT j = M

>>> IF (-FILE DDCASPT2_e2_${i}_${j}_1_.csv)
(Skipped)

>>> END FOREACH

>>> END FOREACH

>>> EXPORT i = F

>>> EXPORT j = P

>>> IF (-FILE DDCASPT2_e2_${i}_${j}_1_.csv)

>>> COPY /tmp/H8_2.68/DDCASPT2_RHS_F_P_1_.csv ${LOCALHOME}/DDCASPT2/hydrogen_comps/rerun/H8_chain/H8_2.68/DDCASPT2_RHS_F_P_1_.csv

>>> COPY /tmp/H8_2.68/DDCASPT2_IVECW_F_P_1_.csv ${LOCALHOME}/DDCASPT2/hydrogen_comps/rerun/H8_chain/H8_2.68/DDCASPT2_IVECW_F_P_1_.csv

>>> COPY /tmp/H8_2.68/DDCASPT2_IVECX_F_P_1_.csv ${LOCALHOME}/DDCASPT2/hydrogen_comps/rerun/H8_chain/H8_2.68/DDCASPT2_IVECX_F_P_1_.csv

>>> COPY /tmp/H8_2.68/DDCASPT2_IVECC2_F_P_1_.csv ${LOCALHOME}/DDCASPT2/hydrogen_comps/rerun/H8_chain/H8_2.68/DDCASPT2_IVECC2_F_P_1_.csv

>>> COPY /tmp/H8_2.68/DDCASPT2_e2_F_P_1_.csv ${LOCALHOME}/DDCASPT2/hydrogen_comps/rerun/H8_chain/H8_2.68/DDCASPT2_e2_F_P_1_.csv

>>> END FOREACH

>>> EXPORT j = M

>>> IF (-FILE DDCASPT2_e2_${i}_${j}_1_.csv)

>>> COPY /tmp/H8_2.68/DDCASPT2_RHS_F_M_1_.csv ${LOCALHOME}/DDCASPT2/hydrogen_comps/rerun/H8_chain/H8_2.68/DDCASPT2_RHS_F_M_1_.csv

>>> COPY /tmp/H8_2.68/DDCASPT2_IVECW_F_M_1_.csv ${LOCALHOME}/DDCASPT2/hydrogen_comps/rerun/H8_chain/H8_2.68/DDCASPT2_IVECW_F_M_1_.csv

>>> COPY /tmp/H8_2.68/DDCASPT2_IVECX_F_M_1_.csv ${LOCALHOME}/DDCASPT2/hydrogen_comps/rerun/H8_chain/H8_2.68/DDCASPT2_IVECX_F_M_1_.csv

>>> COPY /tmp/H8_2.68/DDCASPT2_IVECC2_F_M_1_.csv ${LOCALHOME}/DDCASPT2/hydrogen_comps/rerun/H8_chain/H8_2.68/DDCASPT2_IVECC2_F_M_1_.csv

>>> COPY /tmp/H8_2.68/DDCASPT2_e2_F_M_1_.csv ${LOCALHOME}/DDCASPT2/hydrogen_comps/rerun/H8_chain/H8_2.68/DDCASPT2_e2_F_M_1_.csv

>>> END FOREACH

>>> END FOREACH

>>> EXPORT i = G

>>> EXPORT j = P

>>> IF (-FILE DDCASPT2_e2_${i}_${j}_1_.csv)
(Skipped)

>>> END FOREACH

>>> EXPORT j = M

>>> IF (-FILE DDCASPT2_e2_${i}_${j}_1_.csv)
(Skipped)

>>> END FOREACH

>>> END FOREACH

>>> EXPORT i = H

>>> EXPORT j = P

>>> IF (-FILE DDCASPT2_e2_${i}_${j}_1_.csv)
(Skipped)

>>> END FOREACH

>>> EXPORT j = M

>>> IF (-FILE DDCASPT2_e2_${i}_${j}_1_.csv)
(Skipped)

>>> END FOREACH

>>> END FOREACH

>>> EXPORT i = A

>>> IF (-FILE DDCASPT2_e2_${i}_1_.csv)
(Skipped)

>>> END FOREACH

>>> EXPORT i = C

>>> IF (-FILE DDCASPT2_e2_${i}_1_.csv)

>>> COPY /tmp/H8_2.68/DDCASPT2_RHS_C_1_.csv ${LOCALHOME}/DDCASPT2/hydrogen_comps/rerun/H8_chain/H8_2.68/DDCASPT2_RHS_C_1_.csv

>>> COPY /tmp/H8_2.68/DDCASPT2_IVECW_C_1_.csv ${LOCALHOME}/DDCASPT2/hydrogen_comps/rerun/H8_chain/H8_2.68/DDCASPT2_IVECW_C_1_.csv

>>> COPY /tmp/H8_2.68/DDCASPT2_IVECX_C_1_.csv ${LOCALHOME}/DDCASPT2/hydrogen_comps/rerun/H8_chain/H8_2.68/DDCASPT2_IVECX_C_1_.csv

>>> COPY /tmp/H8_2.68/DDCASPT2_IVECC2_C_1_.csv ${LOCALHOME}/DDCASPT2/hydrogen_comps/rerun/H8_chain/H8_2.68/DDCASPT2_IVECC2_C_1_.csv

>>> COPY /tmp/H8_2.68/DDCASPT2_e2_C_1_.csv ${LOCALHOME}/DDCASPT2/hydrogen_comps/rerun/H8_chain/H8_2.68/DDCASPT2_e2_C_1_.csv

>>> END FOREACH

>>> EXPORT i = D

>>> IF (-FILE DDCASPT2_e2_${i}_1_.csv)
(Skipped)

>>> END FOREACH

.########################.
.# Non-zero return code #.
.########################.

    Timing: Wall=4.88 User=3.99 System=0.88
***************************************
*** WorkDir at /tmp/H8_2.68 cleaned ***
***************************************
