   This run of MOLCAS is using the pymolcas driver

                             OPE
                             OPE          NMOL  CASOP  ENMOLC A   SO
                 OPE        NMOLC        AS  OP EN  MO LC     AS  OP
                OPENM       OL CA        SO  PE NM  OL CA     SOP EN
                OP EN      MO   LC       AS  OP ENMOL  CASO   PENMOL
                OP  EN     MO   LC       AS  OP EN     MO     LC ASO
               OP   E  NMOL  C  AS       OP  EN MO     LC     AS  OP
               OP  E   NMO   LC AS        OPEN  MO     LCASOP EN   M
               O  PEN   MO  LCA  SO
            OPE   NMO   L   CAS    OP
        OPENMOL  CASOP     ENMOL   CASOPE
     OPENMOLCA   SOPENMOLCASOPEN   MOLCASOPE
    OPENMOLCAS   OP           EN   MOL    CAS
    OPENMOLCAS       OP  ENM        O     LCA
    OPENMOLCAS    OPEN  MOLCASO     P  E  NMO
    OPENMOLCAS     OP               E  N  MOL
    OPENMOLCA   SO           PENM   O  L  CAS    OPEN    MO    LCAS
    OPENMOLCA   SOP           ENM   O  L  CAS   OP  EN  MOLC  AS   O
    OPENMOLCA   SOPE           NM      O  LCA   S      OP  EN MO
    OPENMOLC                AS         O  PEN   M      OL  CA  SOPE
    OPENMO        LCASOPE  NMOL        C  ASO   P      ENMOLC     AS
    OPE     NMO      LCA  SO     P     E   NM   OL  CA SO  PE N   MO
          OPENMOLCA            SOPE   NMO        LCAS  O    P  ENMO
     OPENMOLCASOPENMOLCASOPENMOLCASOPENMOLCA
        OPENMOLCASOPENMOLCASOPENMOLCASOPE
            OPENMOLCASOPENMOLCASOPENM
               OPENMOLCASOPENMOLCA        version: f37762c57
                   OPENMOLCASO
                       OPE                tag:

 OpenMolcas is free software; you can redistribute it and/or modify it
 under the terms of the GNU Lesser General Public License version 2.1.
 OpenMolcas is distributed in the hope that it will be useful, but it
 is provided "as is" and without any express or implied warranties.
 For more details see the full text of the license in the file
 LICENSE or in <http://www.gnu.org/licenses/>.

                 Copyright (C) The OpenMolcas Authors
           For the author list and the recommended citation,
                   consult the file CONTRIBUTORS.md

           *************************************************
           * pymolcas version py2.28                       *
           *   build c4a6d18ded8cb6cad61d2372a9abd97c      *
           *   (after the EMIL interpreter by V. Veryazov) *
           *************************************************

configuration info
------------------
C Compiler ID: Intel
C flags: -std=gnu99 -gcc-sys
Fortran Compiler ID: IntelLLVM
Fortran flags: -standard-semantics -fltconsistency -fpp -i8 -heap-arrays
Definitions: _MOLCAS_;_I8_;_LINUX_
Parallel: OFF (GA=OFF)


   --------------------------------------------------------------------------------------
  |
  |              Project: H4_3.00
  |       Submitted from: /home/grierjones/DDCASPT2/hydrogen_comps/rerun/H4_chain/H4_3.00
  |         Scratch area: /tmp/H4_3.00
  |      Save outputs to: /home/grierjones/DDCASPT2/hydrogen_comps/rerun/H4_chain/H4_3.00
  |               Molcas: /home/grierjones/Test/build
  |
  | Scratch area is empty
  |
  |       MOLCAS_DRIVER = /usr/local/pymolcas
  | MOLCAS_KEEP_WORKDIR = NO
  |  MOLCAS_NEW_WORKDIR = YES
  |       MOLCAS_NPROCS = 1
  |        MOLCAS_PRINT = NORMAL
  |       MOLCAS_SOURCE = /home/grierjones/Test
  |    MOLCAS_STRUCTURE = 0
  |
   --------------------------------------------------------------------------------------

++ ---------   Input file   ---------

&GATEWAY
coord=H4_3.00.xyz
Basis = ANO-RCC-VDZP
Group = nosymm
End of Input

&SEWARD
End of Input

&SCF

>>> COPY $WorkDir/H4_3.00.scf.h5 $CurrDir/

&RASSCF
Title= RASSCF
FileOrb
/home/grierjones/DDCASPT2/hydrogen_comps/rerun/H4_chain/H4_0.60/H4_0.60.RasOrb
NACTEL
4 0 0
Inactive
0
RAS2
4
Symmetry
1
Spin
1
orblisting
all

>>> COPY $WorkDir/H4_3.00.rasscf.h5 $CurrDir/

>>> COPY $WorkDir/GMJ_Fock_MO.csv $CurrDir/H4_3.00.GMJ_Fock_MO.csv

&MOTRA
Frozen=0
LUMORB

>>> COPY $WorkDir/GMJ_one_int_indx.csv $CurrDir/H4_3.00.GMJ_one_int_indx.csv

>>> COPY $WorkDir/GMJ_one_int.csv $CurrDir/H4_3.00.GMJ_one_int.csv

>>> COPY $WorkDir/GMJ_two_int_indx.csv $CurrDir/H4_3.00.GMJ_two_int_indx.csv

>>> COPY $WorkDir/GMJ_two_int.csv $CurrDir/H4_3.00.GMJ_two_int.csv

&CASPT2
Frozen
0

MAXITER
50

>>> FOREACH i IN (B,E,F,G,H)

  >>> FOREACH j IN (P,M)

    >>> IF (-FILE GMJ_e2_${i}_${j}_1_.csv)

      >>> COPY $WorkDir/GMJ_RHS_${i}_${j}_1_.csv $CurrDir/GMJ_RHS_${i}_${j}_1_.csv

      >>> COPY $WorkDir/GMJ_IVECW_${i}_${j}_1_.csv $CurrDir/GMJ_IVECW_${i}_${j}_1_.csv

      >>> COPY $WorkDir/GMJ_IVECX_${i}_${j}_1_.csv $CurrDir/GMJ_IVECX_${i}_${j}_1_.csv

      >>> COPY $WorkDir/GMJ_IVECC2_${i}_${j}_1_.csv $CurrDir/GMJ_IVECC2_${i}_${j}_1_.csv

      >>> COPY $WorkDir/GMJ_e2_${i}_${j}_1_.csv $CurrDir/GMJ_e2_${i}_${j}_1_.csv

    >>> END IF

  >>> END FOREACH

>>> END FOREACH

>>> FOREACH i IN (A,C,D)

  >>> IF (-FILE GMJ_e2_${i}_1_.csv)

    >>> COPY $WorkDir/GMJ_RHS_${i}_1_.csv $CurrDir/GMJ_RHS_${i}_1_.csv

    >>> COPY $WorkDir/GMJ_IVECW_${i}_1_.csv $CurrDir/GMJ_IVECW_${i}_1_.csv

    >>> COPY $WorkDir/GMJ_IVECX_${i}_1_.csv $CurrDir/GMJ_IVECX_${i}_1_.csv

    >>> COPY $WorkDir/GMJ_IVECC2_${i}_1_.csv $CurrDir/GMJ_IVECC2_${i}_1_.csv

    >>> COPY $WorkDir/GMJ_e2_${i}_1_.csv $CurrDir/GMJ_e2_${i}_1_.csv

  >>> END IF

>>> END FOREACH

-- ----------------------------------

--- Start Module: gateway at Sun Oct 26 13:03:16 2025 ---
 
()()()()()()()()()()()()()()()()()()()()()()()()()()()()()()()()()()()()()()()()()()()()()()()()()()

                                              &GATEWAY

                                   only a single process is used
                       available to each process: 2.0 GB of memory, 1 thread?
()()()()()()()()()()()()()()()()()()()()()()()()()()()()()()()()()()()()()()()()()()()()()()()()()()
 
 
++    Symmetry information:
      ---------------------
 
                    Character Table for C1 
 
                             E  
                    a        1  x, y, xy, Rz, z, xz, Ry, yz, Rx, I
--
 
 
++    Basis set information:
      ----------------------
 
 
      Basis set label: H.ANO-RCC...2S1P.
 
      Electronic valence basis set:
      ------------------
      Associated Effective Charge   1.000000 au
      Associated Actual Charge      1.000000 au
      Nuclear Model: Point charge
 
      Shell  nPrim  nBasis  Cartesian Spherical Contaminant
         s       8       2        X                  
         p       4       1        X                  
--
 
 
++    Molecular structure info:
      -------------------------
 
                    ************************************************ 
                    **** Cartesian Coordinates / Bohr, Angstrom **** 
                    ************************************************ 
 
     Center  Label                x              y              z                     x              y              z
        1      H1               0.000000       0.000000       0.000000              0.000000       0.000000       0.000000
        2      H2               0.000000       0.000000       5.669178              0.000000       0.000000       3.000000
        3      H3               0.000000       0.000000      11.338357              0.000000       0.000000       6.000000
        4      H4               0.000000       0.000000      17.007535              0.000000       0.000000       9.000000
 
                    *************************************** 
                    *    InterNuclear Distances / Bohr    * 
                    *************************************** 
 
               1 H1            2 H2            3 H3            4 H4    
    1 H1       0.000000
    2 H2       5.669178        0.000000
    3 H3      11.338357        5.669178        0.000000
    4 H4      17.007535       11.338357        5.669178        0.000000
 
                    ******************************************* 
                    *    InterNuclear Distances / Angstrom    * 
                    ******************************************* 
 
               1 H1            2 H2            3 H3            4 H4    
    1 H1       0.000000
    2 H2       3.000000        0.000000
    3 H3       6.000000        3.000000        0.000000
    4 H4       9.000000        6.000000        3.000000        0.000000
--
 
 
            Nuclear Potential Energy              0.76436708 au
 
--- Stop Module: gateway at Sun Oct 26 13:03:16 2025 /rc=_RC_ALL_IS_WELL_ ---
*** files: xmldump
    saved to directory /home/grierjones/DDCASPT2/hydrogen_comps/rerun/H4_chain/H4_3.00

--- Start Module: seward at Sun Oct 26 13:03:16 2025 ---
 
()()()()()()()()()()()()()()()()()()()()()()()()()()()()()()()()()()()()()()()()()()()()()()()()()()

                                              &SEWARD

                                   only a single process is used
                       available to each process: 2.0 GB of memory, 1 thread?
()()()()()()()()()()()()()()()()()()()()()()()()()()()()()()()()()()()()()()()()()()()()()()()()()()
 
               SEWARD will generate:
                  Multipole Moment integrals up to order  2
                  Kinetic Energy integrals
                  Nuclear Attraction integrals (point charge)
                  One-Electron Hamiltonian integrals
                  Velocity integrals
                  Relativistic Douglas-Kroll-Hess integrals:
                    - Parametrization         : EXP
                    - DKH order of Hamiltonian: 2
                    - DKH order of Properties : 0
                         - multipole moment operators
                         - electric potential operators
                         - contact operators
                  Atomic mean-field integrals
                  Two-Electron Repulsion integrals
 
                   Integrals are discarded if absolute value <: 0.10E-13
                   Integral cutoff threshold is set to       <: 0.10E-15
 
            Nuclear Potential Energy              0.76436708 au
 
 
      Basis set specifications :
      Symmetry species         a  
      Basis functions           20
 
 
  Input file to MOLDEN was generated!
 
forrtl: warning (525): IEEE_DIVIDE_BY_ZERO is signaling
forrtl: warning (526): IEEE_INVALID is signaling
forrtl: warning (528): IEEE_UNDERFLOW is signaling
--- Stop Module: seward at Sun Oct 26 13:03:17 2025 /rc=_RC_ALL_IS_WELL_ ---
*** files: H4_3.00.GssOrb H4_3.00.guessorb.h5 H4_3.00.guessorb.molden xmldump
    saved to directory /home/grierjones/DDCASPT2/hydrogen_comps/rerun/H4_chain/H4_3.00

*** symbolic link created: INPORB -> H4_3.00.GssOrb
--- Start Module: scf at Sun Oct 26 13:03:17 2025 ---
 
()()()()()()()()()()()()()()()()()()()()()()()()()()()()()()()()()()()()()()()()()()()()()()()()()()

                                                &SCF

                                   only a single process is used
                       available to each process: 2.0 GB of memory, 1 thread?
()()()()()()()()()()()()()()()()()()()()()()()()()()()()()()()()()()()()()()()()()()()()()()()()()()
 
++    Input section:
      --------------
 
      Header of the integral files:
      
       Integrals generated by seward 4.2.0  , Sun Oct 26 13:03:16 2025
 
 
      Cartesian coordinates in Angstrom:
      -----------------------------------------------------
      No.  Label        X            Y            Z        
      -----------------------------------------------------
       1   H1         0.00000000   0.00000000   0.00000000
       2   H2         0.00000000   0.00000000   3.00000000
       3   H3         0.00000000   0.00000000   6.00000000
       4   H4         0.00000000   0.00000000   9.00000000
      -----------------------------------------------------
      Nuclear repulsion energy =    0.76436708
--
 
++    Orbital specifications:
      -----------------------
 
      Symmetry species               1
                                     a
      Frozen orbitals                0
      Occupied orbitals              2
      Secondary orbitals            18
      Deleted orbitals               0
      Total number of orbitals      20
      Number of basis functions     20
--
 
      Molecular charge                           0.000
 
++    Optimization specifications:
      ----------------------------
 
      SCF Algorithm: Conventional
      Minimized density differences are used
      Number of density matrices in core                5
      Maximum number of NDDO SCF iterations           400
      Maximum number of HF SCF iterations             400
      Threshold for SCF energy change            0.10E-08
      Threshold for density matrix               0.10E-03
      Threshold for Fock matrix                  0.15E-03
      Threshold for linear dependence            0.10E-08
      Threshold at which DIIS is turned on       0.15E+00
      Threshold at which QNR/C2DIIS is turned on 0.75E-01
      Threshold for Norm(delta) (QNR/C2DIIS)     0.20E-04
      DIIS extrapolation of the SCF procedure
      All orbitals punched on: SCFORB
--
 
      Input vectors read from INPORB
      Orbital file label: *Guess orbitals
 
 
++ Convergence information
                                   SCF        iterations: Energy and convergence statistics
 
Iter     Tot. SCF        One-elec.       Two-elec.     Energy      Max Dij or  Max Fij      DNorm      TNorm      AccCon     Time
         Energy          Energy          Energy        Change      Delta Norm                                                in Sec.
   1    -1.524642556    -3.549389429     1.260379790   0.00E+00    0.41E+00*   0.13E+00*    0.33E+01   0.38E+01   None         0.
   2    -1.655397783    -3.537378749     1.117613884  -0.13E+00*   0.11E+00*   0.25E-01*    0.10E+01   0.36E+01   EDIIS        0.
   3    -1.660599148    -3.507713277     1.082747047  -0.52E-02*   0.90E-01*   0.94E-02*    0.18E+00   0.36E+01   EDIIS        0.
   4    -1.661171919    -3.515380554     1.089841553  -0.57E-03*   0.43E-01*   0.47E-02*    0.16E+00   0.36E+01   c2DIIS       0.
   5    -1.661588178    -3.507273430     1.081318170  -0.42E-03*   0.16E-01*   0.33E-02*    0.13E-01   0.36E+01   QNRc2DIIS    0.
   6    -1.661683088    -3.510100325     1.084050155  -0.95E-04*   0.14E-01*   0.26E-02*    0.35E-02   0.36E+01   QNRc2DIIS    0.
   7    -1.661756043    -3.508214369     1.082091244  -0.73E-04*   0.36E-02*   0.46E-03*    0.12E-02   0.36E+01   QNRc2DIIS    0.
   8    -1.661758946    -3.508024308     1.081898280  -0.29E-05*   0.95E-04*   0.40E-04     0.31E-03   0.36E+01   QNRc2DIIS    0.
   9    -1.661758956    -3.508064737     1.081938699  -0.11E-07*   0.79E-05    0.97E-06     0.28E-04   0.36E+01   QNRc2DIIS    0.
  10    -1.661758956    -3.508063931     1.081937892  -0.15E-10    0.16E-05    0.19E-06     0.65E-05   0.36E+01   QNRc2DIIS    0.
 
       Convergence after 10 Macro Iterations
--
 
 *****************************************************************************************************************************
 *                                                                                                                           *
 *                                             SCF/KS-DFT Program, Final results                                             *
 *                                                                                                                           *
 *                                                                                                                           *
 *                                                                                                                           *
 *                                                       Final Results                                                       *
 *                                                                                                                           *
 *****************************************************************************************************************************
 
::    Total SCF energy                                 -1.6617589564
      One-electron energy                              -3.5080639308
      Two-electron energy                               1.0819378923
      Nuclear repulsion energy                          0.7643670821
      Kinetic energy (interpolated)                     1.3228084600
      Virial theorem                                    1.2562355070
      Total spin, S(S+1)                                0.0000000000
      Total spin, S                                     0.0000000000
      Max non-diagonal density matrix element           0.0000027277
      Max non-diagonal Fock matrix element              0.0000001800
 
 
      All orbitals with orbital energies smaller than  E(LUMO)+0.5 are printed
 
++    Molecular orbitals:
      -------------------
 
      Title: SCF orbitals

      Molecular orbitals for symmetry species 1: a  
 
          Orbital            1         2         3         4         5         6    
          Energy           -0.3476   -0.3245   -0.1473   -0.1149    0.3170    0.3476
          Occ. No.          2.0000    2.0000    0.0000    0.0000    0.0000    0.0000
 
        1 H1     1s         0.4034   -0.4906    0.5690   -0.4984   -0.1805    0.2006
        2 H1     2s         0.0880   -0.1107    0.1716   -0.1559    0.3487   -0.5831
        3 H1     2px        0.0000   -0.0000    0.0000   -0.0000   -0.0000   -0.0000
        4 H1     2py       -0.0000    0.0000   -0.0000    0.0000   -0.0000   -0.0000
        5 H1     2pz        0.0092   -0.0087   -0.0061    0.0103    0.0035   -0.0026
        6 H2     1s         0.4701   -0.4444   -0.4483    0.6324   -0.2735    0.1291
        7 H2     2s         0.0975   -0.1226   -0.1327    0.2074    0.4014   -0.2521
        8 H2     2px       -0.0000   -0.0000   -0.0000   -0.0000   -0.0000    0.0000
        9 H2     2py        0.0000   -0.0000   -0.0000   -0.0000   -0.0000   -0.0000
       10 H2     2pz       -0.0048    0.0104   -0.0140    0.0025    0.0028    0.0271
       11 H3     1s         0.4701    0.4444   -0.4483   -0.6324   -0.2735   -0.1291
       12 H3     2s         0.0975    0.1226   -0.1327   -0.2074    0.4014    0.2521
       13 H3     2px       -0.0000   -0.0000   -0.0000   -0.0000   -0.0000    0.0000
       14 H3     2py        0.0000   -0.0000    0.0000    0.0000   -0.0000    0.0000
       15 H3     2pz        0.0048    0.0104    0.0140    0.0025   -0.0028    0.0271
       16 H4     1s         0.4034    0.4906    0.5690    0.4984   -0.1805   -0.2006
       17 H4     2s         0.0880    0.1107    0.1716    0.1559    0.3487    0.5831
       18 H4     2px        0.0000    0.0000    0.0000    0.0000    0.0000   -0.0000
       19 H4     2py       -0.0000   -0.0000   -0.0000   -0.0000    0.0000   -0.0000
       20 H4     2pz       -0.0092   -0.0087    0.0061    0.0103   -0.0035   -0.0026
--
 
 
++    Molecular charges:
      ------------------
 
      Mulliken charges per centre and basis function type
      ---------------------------------------------------
 
                H1      H2      H3      H4    
      1s       0.8885  0.9152  0.9152  0.8885
      2s       0.0939  0.0982  0.0982  0.0939
      2px      0.0000  0.0000  0.0000  0.0000
      2pz      0.0019  0.0022  0.0022  0.0019
      2py      0.0000  0.0000  0.0000  0.0000
      Total    0.9844  1.0156  1.0156  0.9844
 
      N-E      0.0156 -0.0156 -0.0156  0.0156
 
      Total electronic charge=    4.000000
 
      Total            charge=   -0.000000
--
 
 
  Input file to MOLDEN was generated!
 
 
++    Static properties:
      ------------------
 
 
      LoProp Charges per center
 

                   H1       H2       H3       H4    
      Nuclear      1.0000   1.0000   1.0000   1.0000
      Electronic  -0.9901  -1.0099  -1.0099  -0.9901
 
      Total        0.0099  -0.0099  -0.0099   0.0099
--
 
 
++    Natural Bond Order analysis
      ---------------------------
      Based on LoProp computed density
      -------------------------------------------------------------------------------------
      Atom A       Atom B       Bond Order
      -------------------------------------------------------------------------------------
      NBO located      0.985 non-bonded electrons on atom H1        
      NBO located      0.985 non-bonded electrons on atom H4        
      The remaining    2.031 electrons are to be considered as diffuse
--
 
 
++    Molecular properties:
      ---------------------
 
      Charge (e):
                      =   -0.0000
      Dipole Moment (Debye):
      Origin of the operator (Ang)=    0.0000    0.0000    0.0000
                   X= -6.3535E-14               Y=  6.6735E-15               Z=  1.6615E-12           Total=  1.6628E-12
      Quadrupole Moment (Debye*Ang):
      Origin of the operator (Ang)=    0.0000    0.0000    4.5000
                  XX= -1.0007E+01              XY=  2.9035E-29              XZ=  2.7382E-13              YY= -1.0007E+01
                  YZ= -1.7653E-14              ZZ= -2.8508E+00
      In traceless form (Debye*Ang)
                  XX= -3.5781E+00              XY=  4.3553E-29              XZ=  4.1073E-13              YY= -3.5781E+00
                  YZ= -2.6480E-14              ZZ=  7.1562E+00
--
 
 
  Input file to MOLDEN was generated!
 
 ###############################################################################
 ###############################################################################
 ###                                                                         ###
 ###                                                                         ###
 ###    RunFile label nBas                                                   ###
 ###    was used       78 times                                              ###
 ###                                                                         ###
 ###                                                                         ###
 ###############################################################################
 ###############################################################################
forrtl: warning (528): IEEE_UNDERFLOW is signaling
--- Stop Module: scf at Sun Oct 26 13:03:17 2025 /rc=_RC_ALL_IS_WELL_ ---
*** files: H4_3.00.LprOrb H4_3.00.LoProp.molden H4_3.00.scf.molden H4_3.00.ScfOrb H4_3.00.scf.h5 xmldump
    saved to directory /home/grierjones/DDCASPT2/hydrogen_comps/rerun/H4_chain/H4_3.00

>>> COPY /tmp/H4_3.00/H4_3.00.scf.h5 /home/grierjones/DDCASPT2/hydrogen_comps/rerun/H4_chain/H4_3.00/

*** symbolic link created: INPORB -> H4_3.00.ScfOrb
--- Start Module: rasscf at Sun Oct 26 13:03:17 2025 ---
 
()()()()()()()()()()()()()()()()()()()()()()()()()()()()()()()()()()()()()()()()()()()()()()()()()()

                                              &RASSCF

                                   only a single process is used
                       available to each process: 2.0 GB of memory, 1 thread?
()()()()()()()()()()()()()()()()()()()()()()()()()()()()()()()()()()()()()()()()()()()()()()()()()()
 
 
      Header of the ONEINT file:
      --------------------------
      
      Integrals generated by seward 4.2.0  , Sun Oct 26 13:03:16 2025
 
 
      OrdInt status: non-squared
 
 
      Cartesian coordinates in Angstrom:
      -----------------------------------------------------
      No.  Label        X            Y            Z        
      -----------------------------------------------------
       1   H1         0.00000000   0.00000000   0.00000000
       2   H2         0.00000000   0.00000000   3.00000000
       3   H3         0.00000000   0.00000000   6.00000000
       4   H4         0.00000000   0.00000000   9.00000000
      -----------------------------------------------------
      Nuclear repulsion energy =    0.76436708
 
++    Wave function specifications:
      -----------------------------
 
      Number of closed shell electrons           0
      Number of electrons in active shells       4
      Max number of holes in RAS1 space          0
      Max nr of electrons in RAS3 space          0
      Number of inactive orbitals                0
      Number of active orbitals                  4
      Number of secondary orbitals              16
      Spin quantum number                      0.0
      State symmetry                             1
--
 
++    Orbital specifications:
      -----------------------
 
      Symmetry species                           1
                                                 a
      Frozen orbitals                            0
      Inactive orbitals                          0
      Active orbitals                            4
      RAS1 orbitals                              0
      RAS2 orbitals                              4
      RAS3 orbitals                              0
      Secondary orbitals                        16
      Deleted orbitals                           0
      Number of basis functions                 20
--
 
++    CI expansion specifications:
      ----------------------------
 
      Number of CSFs                            20
      Number of determinants                    21
      Number of root(s) required                 1
      Root chosen for geometry opt.              1
      CI root used                               1
         
      highest root included in the CI            1
      max. size of the explicit Hamiltonian     20
--
 
++    Optimization specifications:
      ----------------------------
 
      RASSCF algorithm: Conventional
      Maximum number of macro iterations       200
      Maximum number of SX iterations          100
      Threshold for RASSCF energy            0.100E-07
      Threshold for max MO rotation          0.100E+00
      Threshold for max BLB element          0.100E-03
      Level shift parameter                  0.500E+00
      Make Quasi-Newton update
--
 
      The MO-coefficients are taken from the file:
      /home/grierjones/DDCASPT2/hydrogen_comps/rerun/H4_chain/H4_0.60/H4_0.60.RasOrb                                                  
      Title: RASSCF average (pseudo-natural) orbitals                                      
 
      Total molecular charge    0.00
 
      ************************************************************************************************************************
      *                                                                                                                      *
      *                                            Wave function control section                                             *
      *                                                                                                                      *
      ************************************************************************************************************************
 
 
                                         RASSCF iterations: Energy and convergence statistics
                                         ----------------------------------------------------
 
      Iter CI   SX   CI       RASSCF       Energy    max ROT     max BLB   max BLB  Level Ln srch  Step   QN   Walltime
          iter iter root      energy       change     param      element    value   shift minimum  type update hh:mm:ss
 Nr of preliminary CI iterations:   1
        1   1   19    1    -1.17205058    0.00E+00  -0.33E+00*   2  12 1  0.43E+00*  0.65   0.00    SX    NO    0:00:00
        2   1   20    1    -1.50855847   -0.34E+00* -0.14E+00*   4  12 1  0.20E+00*  0.59   0.00    SX    NO    0:00:00
        3   1   20    1    -1.62623777   -0.12E+00*  0.11E+00*   4  12 1  0.13E+00*  0.51   0.00    SX    NO    0:00:00
        4   1   19    1    -1.68821385   -0.62E-01*  0.85E-01    4   6 1 -0.12E+00*  0.47   0.00    SX    NO    0:00:00
        5   1   20    1    -1.73075842   -0.43E-01* -0.20E+00*   4   6 1 -0.97E-01*  0.47   1.99    QN   YES    0:00:00
        6   1   20    1    -1.75576416   -0.25E-01* -0.32E-01    4  12 1 -0.48E-01*  0.45   0.77    QN   YES    0:00:00
        7   1   20    1    -1.76148854   -0.57E-02* -0.86E-01    4  12 1 -0.21E-01*  0.44   1.38    QN   YES    0:00:00
        8   1   21    1    -1.76560556   -0.41E-02*  0.42E+00*   3   9 1  0.16E-01*  0.43   2.50    QN   YES    0:00:00
        9   1   21    1    -1.79426621   -0.29E-01* -0.26E+00*   4  12 1  0.95E-01*  0.24   2.50    LS   YES    0:00:00
       10   1   23    1    -1.82139143   -0.27E-01* -0.39E+00*   4  12 1  0.15E+00*  0.15   2.33    QN   YES    0:00:00
       11   1   22    1    -1.79903893    0.22E-01*  0.12E+00*   3   5 1 -0.17E+00*  0.00   0.41    SX   YES    0:00:00
       12   1   19    1    -1.91656515   -0.12E+00*  0.10E+00    3   5 1 -0.14E+00*  0.00   2.27    LS   YES    0:00:00
       13   1   18    1    -1.97710862   -0.61E-01*  0.71E-01    3   5 1 -0.69E-01*  0.00   1.93    LS   YES    0:00:00
       14   1   19    1    -1.99092331   -0.14E-01*  0.27E-01    1  15 1 -0.28E-01*  0.00   0.98    QN   YES    0:00:00
       15   1   10    1    -1.99349164   -0.26E-02*  0.12E-01    1   5 1 -0.11E-01*  0.00   0.99    QN   YES    0:00:00
       16   1   19    1    -1.99256636    0.93E-03* -0.12E-01    3  19 1  0.21E-01*  0.00  -0.50    LS   YES    0:00:00
       17   1   10    1    -1.99349434   -0.93E-03* -0.96E-02    1   5 1 -0.11E-01*  0.00   1.58    QN   YES    0:00:00
       18   1   10    1    -1.99396866   -0.47E-03*  0.55E-02    3   5 1  0.61E-02*  0.00   1.50    QN   YES    0:00:00
       19   1    9    1    -1.99411104   -0.14E-03* -0.24E-02    3   5 1  0.18E-02*  0.00   1.24    QN   YES    0:00:00
       20   1    7    1    -1.99412562   -0.15E-04* -0.56E-03    1   9 1 -0.40E-03*  0.00   1.13    QN   YES    0:00:00
       21   1    7    1    -1.99412632   -0.71E-06*  0.18E-03    2  12 1  0.11E-03*  0.00   0.92    QN   YES    0:00:00
       22   1    6    1    -1.99412637   -0.46E-07* -0.36E-04    3   9 1  0.21E-04   0.00   0.87    QN   YES    0:00:00
       23   1    4    1    -1.99412637   -0.20E-08   0.31E-05    2  18 1 -0.26E-05   0.00   1.01    QN   YES    0:00:00
      Convergence after 23 iterations
 
  Dmat in MO in SXCTL bf call to SXHAM                                                                                    
  mat. size =     4x    4
 
        1.1326482142727248
       -0.0000000014375091      1.0838659159035022
       -0.0983234606630962     -0.0000000045659312      0.9311132909029276
       -0.0000000073554799      0.0816017863935629      0.0000000020618695      0.8523725789208445
       24   1    4    1    -1.99412637   -0.18E-10   0.31E-05    2  18 1  0.56E-06   0.00   1.01    QN   YES    0:00:00
 
      ************************************************************************************************************************
                                                      Wave function printout:
                       occupation of active orbitals, and spin coupling of open shells (u,d: Spin up or down)
      ************************************************************************************************************************
 
      Note: transformation to natural orbitals
      has been made, which may change the order of the CSFs.
 
      printout of CI-coefficients larger than  0.05 for root  1
      energy=      -1.994126
      conf/sym  1111     Coeff  Weight
             1  2200  -0.55312 0.30595
             6  2020   0.36320 0.13191
             8  2002   0.13338 0.01779
            10  udud   0.48803 0.23817
            12  0220   0.13490 0.01820
            14  0202   0.31628 0.10003
            15  uudd  -0.12726 0.01619
            20  0022  -0.40487 0.16392
 
      Natural orbitals and occupation numbers for root  1
      sym 1:   1.172670   1.109739   0.891092   0.826500
 
      ************************************************************************************************************************
      *                                                                                                                      *
      *                                                    Final results                                                     *
      *                                                                                                                      *
      ************************************************************************************************************************
 
 
++    Wave function specifications:
      -----------------------------
 
      Number of closed shell electrons           0
      Number of electrons in active shells       4
      Max number of holes in RAS1 space          0
      Max nr of electrons in RAS3 space          0
      Number of inactive orbitals                0
      Number of active orbitals                  4
      Number of secondary orbitals              16
      Spin quantum number                      0.0
      State symmetry                             1
--
 
++    Orbital specifications:
      -----------------------
 
      Symmetry species                           1
                                                 a
      Frozen orbitals                            0
      Inactive orbitals                          0
      Active orbitals                            4
      RAS1 orbitals                              0
      RAS2 orbitals                              4
      RAS3 orbitals                              0
      Secondary orbitals                        16
      Deleted orbitals                           0
      Number of basis functions                 20
--
 
++    CI expansion specifications:
      ----------------------------
 
      Number of CSFs                            20
      Number of determinants                    21
      Number of root(s) required                 1
      CI root used                               1
      highest root included in the CI            1
      Root passed to geometry opt.               1
--
 
++    Final optimization conditions:
      ------------------------------
 
      Average CI energy                              -1.99412637
      RASSCF energy for state  1                     -1.99412637
      Super-CI energy                                -0.00000000
      RASSCF energy change                           -0.00000000
      Max change in MO coefficients              -0.267E-05
      Max non-diagonal density matrix element     0.311E-05
      Maximum BLB matrix element                  0.560E-06
      (orbital pair   2,  18 in symmetry   1)
      Norm of electronic gradient            0.110E-05
--
 
 
      Final state energy(ies):
      ------------------------
 
::    RASSCF root number  1 Total energy:     -1.99412637
 
++    Molecular orbitals:
      -------------------
 
      Pseudonatural active orbitals and approximate occupation numbers
 
 
 
 
      Molecular orbitals for symmetry species 1: a  
 
 
      Orbital                1         2         3         4         5         6         7         8         9        10
      Energy            0.0000    0.0000    0.0000    0.0000    0.3239    0.3555    0.4350    0.6207    0.8265    0.9069
      Occ. No.          1.1727    1.1097    0.8911    0.8265    0.0000    0.0000    0.0000    0.0000    0.0000    0.0000
 
    1 H1     1s         0.4146   -0.5340    0.5754    0.4686   -0.1211   -0.1020   -0.0602    0.1786    0.0465    0.0000
    2 H1     2s         0.0318   -0.0421    0.0610    0.0576    0.3531    0.5954   -0.6895    0.5543    0.1150   -0.0000
    3 H1     2px       -0.0000    0.0000   -0.0000   -0.0000    0.0000    0.0000   -0.0000    0.0000    0.0000    0.2962
    4 H1     2py        0.0000   -0.0000    0.0000    0.0000   -0.0000   -0.0000    0.0000   -0.0000   -0.0000   -0.2046
    5 H1     2pz        0.0000    0.0002    0.0013    0.0024    0.0057    0.0035    0.0339   -0.1990   -0.4174    0.0000
    6 H2     1s         0.5161   -0.4355   -0.4444   -0.6111   -0.1948   -0.0872    0.0083   -0.2547   -0.0185   -0.0000
    7 H2     2s         0.0366   -0.0463   -0.0446   -0.0887    0.4153    0.2666    0.5087   -1.0038   -0.0628    0.0000
    8 H2     2px       -0.0000    0.0000   -0.0000   -0.0000    0.0000    0.0000   -0.0000   -0.0000    0.0000    0.4878
    9 H2     2py        0.0000   -0.0000    0.0000    0.0000   -0.0000   -0.0000    0.0000    0.0000   -0.0000   -0.3370
   10 H2     2pz        0.0004   -0.0003    0.0015    0.0002    0.0008   -0.0270    0.0771    0.0919    0.5134   -0.0000
   11 H3     1s         0.5161    0.4355   -0.4444    0.6111   -0.1948    0.0872    0.0083    0.2547   -0.0185   -0.0000
   12 H3     2s         0.0366    0.0463   -0.0446    0.0887    0.4153   -0.2666    0.5087    1.0038   -0.0628    0.0000
   13 H3     2px        0.0000    0.0000   -0.0000    0.0000   -0.0000    0.0000   -0.0000   -0.0000    0.0000    0.4878
   14 H3     2py        0.0000    0.0000    0.0000   -0.0000   -0.0000    0.0000    0.0000   -0.0000   -0.0000   -0.3370
   15 H3     2pz       -0.0004   -0.0003   -0.0015    0.0002   -0.0008   -0.0270   -0.0771    0.0919   -0.5134   -0.0000
   16 H4     1s         0.4146    0.5340    0.5754   -0.4686   -0.1211    0.1020   -0.0602   -0.1786    0.0465   -0.0000
   17 H4     2s         0.0318    0.0421    0.0610   -0.0576    0.3531   -0.5954   -0.6895   -0.5543    0.1150    0.0000
   18 H4     2px        0.0000    0.0000   -0.0000   -0.0000   -0.0000    0.0000   -0.0000    0.0000   -0.0000    0.2962
   19 H4     2py        0.0000   -0.0000    0.0000    0.0000   -0.0000   -0.0000    0.0000    0.0000   -0.0000   -0.2046
   20 H4     2pz       -0.0000    0.0002   -0.0013    0.0024   -0.0057    0.0035   -0.0339   -0.1990    0.4174    0.0000
 
 
      Orbital               11        12        13        14        15        16        17        18        19        20
      Energy            0.9069    0.9326    0.9326    0.9653    0.9653    0.9923    0.9923    1.0108    1.0927    1.1610
      Occ. No.          0.0000    0.0000    0.0000    0.0000    0.0000    0.0000    0.0000    0.0000    0.0000    0.0000
 
    1 H1     1s         0.0000   -0.0000   -0.0000   -0.0000    0.0000    0.0000   -0.0000   -0.0927   -0.0731    0.0479
    2 H1     2s        -0.0000    0.0000    0.0000    0.0000   -0.0000    0.0000   -0.0000   -0.2369   -0.2044    0.1209
    3 H1     2px        0.2046   -0.5242   -0.2778   -0.3869    0.4701    0.2298   -0.3090    0.0000    0.0000   -0.0000
    4 H1     2py        0.2962    0.2778   -0.5242    0.4701    0.3869   -0.3090   -0.2298   -0.0000   -0.0000    0.0000
    5 H1     2pz        0.0000   -0.0000   -0.0000   -0.0000    0.0000    0.0000   -0.0000   -0.5811   -0.5851    0.3863
    6 H2     1s         0.0000   -0.0000   -0.0000    0.0000   -0.0000   -0.0000    0.0000    0.2291    0.0741   -0.0061
    7 H2     2s         0.0000    0.0000    0.0000    0.0000   -0.0000   -0.0000    0.0000    0.6212    0.1981   -0.0163
    8 H2     2px        0.3370   -0.3314   -0.1756    0.2351   -0.2857   -0.3640    0.4895   -0.0000   -0.0000    0.0000
    9 H2     2py        0.4878    0.1756   -0.3314   -0.2857   -0.2351    0.4895    0.3640    0.0000    0.0000   -0.0000
   10 H2     2pz       -0.0000    0.0000    0.0000    0.0000   -0.0000   -0.0000    0.0000    0.3435   -0.4651    0.6741
   11 H3     1s        -0.0000   -0.0000   -0.0000    0.0000   -0.0000    0.0000    0.0000   -0.2291    0.0741    0.0061
   12 H3     2s         0.0000   -0.0000   -0.0000   -0.0000    0.0000    0.0000   -0.0000   -0.6212    0.1981    0.0163
   13 H3     2px        0.3370    0.3314    0.1756    0.2351   -0.2857    0.3640   -0.4895   -0.0000    0.0000    0.0000
   14 H3     2py        0.4878   -0.1756    0.3314   -0.2857   -0.2351   -0.4895   -0.3640   -0.0000   -0.0000   -0.0000
   15 H3     2pz       -0.0000    0.0000    0.0000    0.0000   -0.0000   -0.0000    0.0000    0.3435    0.4651    0.6741
   16 H4     1s        -0.0000   -0.0000   -0.0000    0.0000   -0.0000    0.0000   -0.0000    0.0927   -0.0731   -0.0479
   17 H4     2s         0.0000    0.0000    0.0000    0.0000   -0.0000   -0.0000    0.0000    0.2369   -0.2044   -0.1209
   18 H4     2px        0.2046    0.5242    0.2778   -0.3869    0.4701   -0.2298    0.3090    0.0000   -0.0000   -0.0000
   19 H4     2py        0.2962   -0.2778    0.5242    0.4701    0.3869    0.3090    0.2298    0.0000   -0.0000    0.0000
   20 H4     2pz        0.0000   -0.0000    0.0000   -0.0000    0.0000    0.0000   -0.0000   -0.5811    0.5851    0.3863
--
 
      Von Neumann Entropy (Root  1) =  1.96964
 

      Mulliken population analysis for root number:  1
      -----------------------------------------------
 
 
++    Molecular charges:
      ------------------
 
      Mulliken charges per centre and basis function type
      ---------------------------------------------------
 
                H1      H2      H3      H4    
      1s       0.9943  0.9998  0.9998  0.9943
      2s       0.0053  0.0008  0.0008  0.0053
      2px      0.0000  0.0000  0.0000  0.0000
      2pz     -0.0001 -0.0001 -0.0001 -0.0001
      2py      0.0000  0.0000  0.0000  0.0000
      Total    0.9995  1.0005  1.0005  0.9995
 
      N-E      0.0005 -0.0005 -0.0005  0.0005
 
      Total electronic charge=    4.000000
 
      Total            charge=   -0.000000
--
 
 

      Expectation values of various properties for root number:  1
      -----------------------------------------------------------
 
 
++    Molecular properties:
      ---------------------
 
      Charge (e):
                      =   -0.0000
      Dipole Moment (Debye):
      Origin of the operator (Ang)=    0.0000    0.0000    0.0000
                   X=  4.0096E-12               Y= -8.6654E-13               Z= -1.2064E-11           Total=  1.2743E-11
      Quadrupole Moment (Debye*Ang):
      Origin of the operator (Ang)=    0.0000    0.0000    4.5000
                  XX= -6.0131E+00              XY=  9.1398E-25              XZ= -5.1312E-11              YY= -6.0131E+00
                  YZ=  4.1976E-12              ZZ= -6.1611E+00
      In traceless form (Debye*Ang)
                  XX=  7.3992E-02              XY=  1.3710E-24              XZ= -7.6968E-11              YY=  7.3992E-02
                  YZ=  6.2965E-12              ZZ= -1.4798E-01
--
 

      LoProp population analysis for root number:  1
      -----------------------------------------------
 
 
++    LoProp analysis:
      ----------------
 
 
 
  Input file to MOLDEN was generated!
 
 
++    Static properties:
      ------------------
 
 
      LoProp Charges per center
 

                   H1       H2       H3       H4    
      Nuclear      1.0000   1.0000   1.0000   1.0000
      Electronic  -1.0001  -0.9999  -0.9999  -1.0001
 
      Total       -0.0001   0.0001   0.0001  -0.0001
--
 
 
      Natural Bond Order analysis for root number:  1
 
++    Natural Bond Order analysis
      ---------------------------
      Based on LoProp computed density
      -------------------------------------------------------------------------------------
      Atom A       Atom B       Bond Order
      -------------------------------------------------------------------------------------
      The remaining    4.000 electrons are to be considered as diffuse
--
 
--
 
 
  Input file to MOLDEN was generated!
 
      Average orbitals are written to the RASORB file
      Natural orbitals for root   1 are written to the RASORB.1 file
      Spin density orbitals for root   1 are written to the SPDORB.1 file
 
forrtl: warning (525): IEEE_DIVIDE_BY_ZERO is signaling
forrtl: warning (526): IEEE_INVALID is signaling
forrtl: warning (528): IEEE_UNDERFLOW is signaling
--- Stop Module: rasscf at Sun Oct 26 13:03:17 2025 /rc=_RC_ALL_IS_WELL_ ---
*** files: H4_3.00.LprOrb H4_3.00.rasscf.molden H4_3.00.LoProp.molden H4_3.00.RasOrb.1 H4_3.00.RasOrb H4_3.00.rasscf.h5 H4_3.00.SpdOrb.1 xmldump
    saved to directory /home/grierjones/DDCASPT2/hydrogen_comps/rerun/H4_chain/H4_3.00

>>> COPY /tmp/H4_3.00/H4_3.00.rasscf.h5 /home/grierjones/DDCASPT2/hydrogen_comps/rerun/H4_chain/H4_3.00/

>>> COPY /tmp/H4_3.00/GMJ_Fock_MO.csv /home/grierjones/DDCASPT2/hydrogen_comps/rerun/H4_chain/H4_3.00/H4_3.00.GMJ_Fock_MO.csv

*** symbolic link created: INPORB -> H4_3.00.RasOrb
--- Start Module: motra at Sun Oct 26 13:03:17 2025 ---
 
()()()()()()()()()()()()()()()()()()()()()()()()()()()()()()()()()()()()()()()()()()()()()()()()()()

                                               &MOTRA

                                   only a single process is used
                       available to each process: 2.0 GB of memory, 1 thread?
()()()()()()()()()()()()()()()()()()()()()()()()()()()()()()()()()()()()()()()()()()()()()()()()()()
 
 
      *** WARNING: Default frozen orbitals is overwritten by user input.
      *** Default values:   0
 
      Header of the integral files:
      
       Integrals generated by seward 4.2.0  , Sun Oct 26 13:03:16 2025
 
 
      Header of MO coefficients source file:
      * RASSCF average (pseudo-natural) orbitals                                      
 
 
      Cartesian coordinates in Angstrom:
      -----------------------------------------------------
      No.  Label        X            Y            Z        
      -----------------------------------------------------
       1   H1         0.00000000   0.00000000   0.00000000
       2   H2         0.00000000   0.00000000   3.00000000
       3   H3         0.00000000   0.00000000   6.00000000
       4   H4         0.00000000   0.00000000   9.00000000
      -----------------------------------------------------
      Nuclear repulsion energy =    0.76436708
 
      Orbital specifications:
      -----------------------
 
      Symmetry species:              1
      Number of basis functions:    20
      Frozen orbitals:               0
      Deleted orbitals:              0
      Number of orbitals used:      20

       SYMMETRY  BASIS FUNCTIONS       ORBITALS      INTEGRALS   CPU(SEC)  I/O(SEC)
        1 1 1 1   20  20  20  20    20  20  20  20       22155       0.00      0.00

       TOTAL CPU TIME(SEC)    0.01TOTAL I/O TIME(SEC)    0.03
 
--- Stop Module: motra at Sun Oct 26 13:03:18 2025 /rc=_RC_ALL_IS_WELL_ ---
*** files: xmldump
    saved to directory /home/grierjones/DDCASPT2/hydrogen_comps/rerun/H4_chain/H4_3.00

>>> COPY /tmp/H4_3.00/GMJ_one_int_indx.csv /home/grierjones/DDCASPT2/hydrogen_comps/rerun/H4_chain/H4_3.00/H4_3.00.GMJ_one_int_indx.csv

>>> COPY /tmp/H4_3.00/GMJ_one_int.csv /home/grierjones/DDCASPT2/hydrogen_comps/rerun/H4_chain/H4_3.00/H4_3.00.GMJ_one_int.csv

>>> COPY /tmp/H4_3.00/GMJ_two_int_indx.csv /home/grierjones/DDCASPT2/hydrogen_comps/rerun/H4_chain/H4_3.00/H4_3.00.GMJ_two_int_indx.csv

>>> COPY /tmp/H4_3.00/GMJ_two_int.csv /home/grierjones/DDCASPT2/hydrogen_comps/rerun/H4_chain/H4_3.00/H4_3.00.GMJ_two_int.csv

*** symbolic link created: INPORB -> H4_3.00.RasOrb
--- Start Module: caspt2 at Sun Oct 26 13:03:18 2025 ---
 
()()()()()()()()()()()()()()()()()()()()()()()()()()()()()()()()()()()()()()()()()()()()()()()()()()

                                              &CASPT2

                                   only a single process is used
                       available to each process: 2.0 GB of memory, 1 thread?
()()()()()()()()()()()()()()()()()()()()()()()()()()()()()()()()()()()()()()()()()()()()()()()()()()
 
 Cholesky algorithm in CASPT2 =    1
 
 ###############################################################################
 ###############################################################################
 ###                                                                         ###
 ###                                                                         ###
 ###    User changed nr of frozen orbitals.                                  ###
 ###                                                                         ###
 ###                                                                         ###
 ###############################################################################
 ###############################################################################
 
++    Wave function specifications:
      -----------------------------
 
      Number of closed shell electrons           0
      Number of electrons in active shells       4
      Max number of holes in RAS1 space          0
      Max number of electrons in RAS3 space      0
      Number of inactive orbitals                0
      Number of active orbitals                  4
      Number of secondary orbitals              16
      Spin quantum number                      0.0
      State symmetry                             1
      Number of CSFs                            20
      Number of root(s) available                1
      Root passed to geometry opt.               1
      A file JOBMIX will be created.
      This is a CASSCF or RASSCF reference function
--
 
++    Orbital specifications:
      -----------------------
 
      Symmetry species                           1
                                                 a
      Frozen orbitals                            0
      Inactive orbitals                          0
      Active orbitals                            4
      Secondary orbitals                        16
      Deleted orbitals                           0
      Number of basis functions                 20
--
 
      Type of Fock operator: STANDARD
      Type of 0-order Hamiltonian: STANDARD WITH DEFAULT IPEA
        "IP-EA" denominator shift =      0.25
      The input orbitals and the CI vector will be transformed.
 
--------------------------------------------------------------------------------
 Estimated memory requirements:
  POLY3 :                   250840
  RHS:                      254928
  SIGMA :                   255440
  PRPCTL:                        0
 Available workspace:    230398724
 
++ CASPT2 computation for group   1
 
********************************************************************************
 Multi-State initialization phase begins for group   1
--------------------------------------------------------------------------------
********************************************************************************
 Compute H0 matrices for state    1
--------------------------------------------------------------------------------
--------------------------------------------------------------------------------
 H0 matrices have been computed.
 
********************************************************************************
  CASPT2 EQUATION SOLUTION
--------------------------------------------------------------------------------
 
  Total nr of CASPT2 parameters:
   Before reduction:        3104
   After  reduction:        2128
 
 The contributions to the second order correlation energy in atomic units.
-----------------------------------------------------------------------------------------------------------------------------
  IT.      VJTU        VJTI        ATVX        AIVX        VJAI        BVAT        BJAT        BJAI        TOTAL       RNORM  
-----------------------------------------------------------------------------------------------------------------------------
   1     0.000000    0.000000   -0.000057    0.000000    0.000000   -0.000274    0.000000    0.000000   -0.000331    0.000161
   2     0.000000    0.000000   -0.000058    0.000000    0.000000   -0.000274    0.000000    0.000000   -0.000332    0.000020
   3     0.000000    0.000000   -0.000058    0.000000    0.000000   -0.000274    0.000000    0.000000   -0.000332    0.000003
-------------------------------------------------------------------------------------------------------------------
 
  FINAL CASPT2 RESULT:
 
  Correlation energy /Case, /Symm, and sums:
 VJTU      0.00000000  0.00000000
 VJTIP     0.00000000  0.00000000
 VJTIM     0.00000000  0.00000000
 ATVX     -0.00005755 -0.00005755
 AIVX      0.00000000  0.00000000
 VJAIP     0.00000000  0.00000000
 VJAIM     0.00000000  0.00000000
 BVATP    -0.00024200 -0.00024200
 BVATM    -0.00003228 -0.00003228
 BJATP     0.00000000  0.00000000
 BJATM     0.00000000  0.00000000
 BJAIP     0.00000000  0.00000000
 BJAIM     0.00000000  0.00000000
 Summed:  -0.00033183 -0.00033183
 
      Reference energy:          -1.9941263688
      E2 (Non-variational):      -0.0003318331
      E2 (Variational):          -0.0003318330
      Total energy:              -1.9944582019
      Residual norm:              0.0000002983
      Reference weight:           0.99981
 
      Contributions to the CASPT2 correlation energy
      Active & Virtual Only:         -0.0003318331
      One Inactive Excited:           0.0000000000
      Two Inactive Excited:           0.0000000000
 
 
++ Denominators, etc.
----------------------------------------------------------------------------------------------------
 Report on small energy denominators, large coefficients, and large energy contributions.
CASE  SYMM ACTIVE-MIX  NON-ACTIVE INDICES          DENOMINATOR     RHS VALUE       COEFFICIENT     CONTRIBUTION
--
 
   (Skipping property calculation,
    use PROP keyword to activate)
--
 
  Total CASPT2 energies:
::    CASPT2 Root  1     Total energy:     -1.99445820
 
  A NEW JOBIPH FILE NAMED 'JOBMIX' IS PREPARED.
********************************************************************************
forrtl: warning (528): IEEE_UNDERFLOW is signaling
--- Stop Module: caspt2 at Sun Oct 26 13:03:18 2025 /rc=_RC_ALL_IS_WELL_ ---
*** files: xmldump
    saved to directory /home/grierjones/DDCASPT2/hydrogen_comps/rerun/H4_chain/H4_3.00

>>> EXPORT i = B

>>> EXPORT j = P

>>> IF (-FILE GMJ_e2_${i}_${j}_1_.csv)
(Skipped)

>>> END FOREACH

>>> EXPORT j = M

>>> IF (-FILE GMJ_e2_${i}_${j}_1_.csv)
(Skipped)

>>> END FOREACH

>>> END FOREACH

>>> EXPORT i = E

>>> EXPORT j = P

>>> IF (-FILE GMJ_e2_${i}_${j}_1_.csv)
(Skipped)

>>> END FOREACH

>>> EXPORT j = M

>>> IF (-FILE GMJ_e2_${i}_${j}_1_.csv)
(Skipped)

>>> END FOREACH

>>> END FOREACH

>>> EXPORT i = F

>>> EXPORT j = P

>>> IF (-FILE GMJ_e2_${i}_${j}_1_.csv)

>>> COPY /tmp/H4_3.00/GMJ_RHS_F_P_1_.csv /home/grierjones/DDCASPT2/hydrogen_comps/rerun/H4_chain/H4_3.00/GMJ_RHS_F_P_1_.csv

>>> COPY /tmp/H4_3.00/GMJ_IVECW_F_P_1_.csv /home/grierjones/DDCASPT2/hydrogen_comps/rerun/H4_chain/H4_3.00/GMJ_IVECW_F_P_1_.csv

>>> COPY /tmp/H4_3.00/GMJ_IVECX_F_P_1_.csv /home/grierjones/DDCASPT2/hydrogen_comps/rerun/H4_chain/H4_3.00/GMJ_IVECX_F_P_1_.csv

>>> COPY /tmp/H4_3.00/GMJ_IVECC2_F_P_1_.csv /home/grierjones/DDCASPT2/hydrogen_comps/rerun/H4_chain/H4_3.00/GMJ_IVECC2_F_P_1_.csv

>>> COPY /tmp/H4_3.00/GMJ_e2_F_P_1_.csv /home/grierjones/DDCASPT2/hydrogen_comps/rerun/H4_chain/H4_3.00/GMJ_e2_F_P_1_.csv

>>> END FOREACH

>>> EXPORT j = M

>>> IF (-FILE GMJ_e2_${i}_${j}_1_.csv)

>>> COPY /tmp/H4_3.00/GMJ_RHS_F_M_1_.csv /home/grierjones/DDCASPT2/hydrogen_comps/rerun/H4_chain/H4_3.00/GMJ_RHS_F_M_1_.csv

>>> COPY /tmp/H4_3.00/GMJ_IVECW_F_M_1_.csv /home/grierjones/DDCASPT2/hydrogen_comps/rerun/H4_chain/H4_3.00/GMJ_IVECW_F_M_1_.csv

>>> COPY /tmp/H4_3.00/GMJ_IVECX_F_M_1_.csv /home/grierjones/DDCASPT2/hydrogen_comps/rerun/H4_chain/H4_3.00/GMJ_IVECX_F_M_1_.csv

>>> COPY /tmp/H4_3.00/GMJ_IVECC2_F_M_1_.csv /home/grierjones/DDCASPT2/hydrogen_comps/rerun/H4_chain/H4_3.00/GMJ_IVECC2_F_M_1_.csv

>>> COPY /tmp/H4_3.00/GMJ_e2_F_M_1_.csv /home/grierjones/DDCASPT2/hydrogen_comps/rerun/H4_chain/H4_3.00/GMJ_e2_F_M_1_.csv

>>> END FOREACH

>>> END FOREACH

>>> EXPORT i = G

>>> EXPORT j = P

>>> IF (-FILE GMJ_e2_${i}_${j}_1_.csv)
(Skipped)

>>> END FOREACH

>>> EXPORT j = M

>>> IF (-FILE GMJ_e2_${i}_${j}_1_.csv)
(Skipped)

>>> END FOREACH

>>> END FOREACH

>>> EXPORT i = H

>>> EXPORT j = P

>>> IF (-FILE GMJ_e2_${i}_${j}_1_.csv)
(Skipped)

>>> END FOREACH

>>> EXPORT j = M

>>> IF (-FILE GMJ_e2_${i}_${j}_1_.csv)
(Skipped)

>>> END FOREACH

>>> END FOREACH

>>> EXPORT i = A

>>> IF (-FILE GMJ_e2_${i}_1_.csv)
(Skipped)

>>> END FOREACH

>>> EXPORT i = C

>>> IF (-FILE GMJ_e2_${i}_1_.csv)

>>> COPY /tmp/H4_3.00/GMJ_RHS_C_1_.csv /home/grierjones/DDCASPT2/hydrogen_comps/rerun/H4_chain/H4_3.00/GMJ_RHS_C_1_.csv

>>> COPY /tmp/H4_3.00/GMJ_IVECW_C_1_.csv /home/grierjones/DDCASPT2/hydrogen_comps/rerun/H4_chain/H4_3.00/GMJ_IVECW_C_1_.csv

>>> COPY /tmp/H4_3.00/GMJ_IVECX_C_1_.csv /home/grierjones/DDCASPT2/hydrogen_comps/rerun/H4_chain/H4_3.00/GMJ_IVECX_C_1_.csv

>>> COPY /tmp/H4_3.00/GMJ_IVECC2_C_1_.csv /home/grierjones/DDCASPT2/hydrogen_comps/rerun/H4_chain/H4_3.00/GMJ_IVECC2_C_1_.csv

>>> COPY /tmp/H4_3.00/GMJ_e2_C_1_.csv /home/grierjones/DDCASPT2/hydrogen_comps/rerun/H4_chain/H4_3.00/GMJ_e2_C_1_.csv

>>> END FOREACH

>>> EXPORT i = D

>>> IF (-FILE GMJ_e2_${i}_1_.csv)
(Skipped)

>>> END FOREACH

.########################.
.# Non-zero return code #.
.########################.

    Timing: Wall=1.59 User=1.02 System=0.55
***************************************
*** WorkDir at /tmp/H4_3.00 cleaned ***
***************************************
