   This run of MOLCAS is using the pymolcas driver

                             OPE
                             OPE          NMOL  CASOP  ENMOLC A   SO
                 OPE        NMOLC        AS  OP EN  MO LC     AS  OP
                OPENM       OL CA        SO  PE NM  OL CA     SOP EN
                OP EN      MO   LC       AS  OP ENMOL  CASO   PENMOL
                OP  EN     MO   LC       AS  OP EN     MO     LC ASO
               OP   E  NMOL  C  AS       OP  EN MO     LC     AS  OP
               OP  E   NMO   LC AS        OPEN  MO     LCASOP EN   M
               O  PEN   MO  LCA  SO
            OPE   NMO   L   CAS    OP
        OPENMOL  CASOP     ENMOL   CASOPE
     OPENMOLCA   SOPENMOLCASOPEN   MOLCASOPE
    OPENMOLCAS   OP           EN   MOL    CAS
    OPENMOLCAS       OP  ENM        O     LCA
    OPENMOLCAS    OPEN  MOLCASO     P  E  NMO
    OPENMOLCAS     OP               E  N  MOL
    OPENMOLCA   SO           PENM   O  L  CAS    OPEN    MO    LCAS
    OPENMOLCA   SOP           ENM   O  L  CAS   OP  EN  MOLC  AS   O
    OPENMOLCA   SOPE           NM      O  LCA   S      OP  EN MO
    OPENMOLC                AS         O  PEN   M      OL  CA  SOPE
    OPENMO        LCASOPE  NMOL        C  ASO   P      ENMOLC     AS
    OPE     NMO      LCA  SO     P     E   NM   OL  CA SO  PE N   MO
          OPENMOLCA            SOPE   NMO        LCAS  O    P  ENMO
     OPENMOLCASOPENMOLCASOPENMOLCASOPENMOLCA
        OPENMOLCASOPENMOLCASOPENMOLCASOPE
            OPENMOLCASOPENMOLCASOPENM
               OPENMOLCASOPENMOLCA        version: f37762c57
                   OPENMOLCASO
                       OPE                tag:

 OpenMolcas is free software; you can redistribute it and/or modify it
 under the terms of the GNU Lesser General Public License version 2.1.
 OpenMolcas is distributed in the hope that it will be useful, but it
 is provided "as is" and without any express or implied warranties.
 For more details see the full text of the license in the file
 LICENSE or in <http://www.gnu.org/licenses/>.

                 Copyright (C) The OpenMolcas Authors
           For the author list and the recommended citation,
                   consult the file CONTRIBUTORS.md

           *************************************************
           * pymolcas version py2.28                       *
           *   build c4a6d18ded8cb6cad61d2372a9abd97c      *
           *   (after the EMIL interpreter by V. Veryazov) *
           *************************************************

configuration info
------------------
C Compiler ID: Intel
C flags: -std=gnu99 -gcc-sys
Fortran Compiler ID: IntelLLVM
Fortran flags: -standard-semantics -fltconsistency -fpp -i8 -heap-arrays
Definitions: _MOLCAS_;_I8_;_LINUX_
Parallel: OFF (GA=OFF)


   --------------------------------------------------------------------------------------
  |
  |              Project: H6_2.25
  |       Submitted from: /home/grierjones/DDCASPT2/hydrogen_comps/rerun/H6_chain/H6_2.25
  |         Scratch area: /tmp/H6_2.25
  |      Save outputs to: /home/grierjones/DDCASPT2/hydrogen_comps/rerun/H6_chain/H6_2.25
  |               Molcas: /home/grierjones/Test/build
  |
  | Scratch area is empty
  |
  |       MOLCAS_DRIVER = /usr/local/pymolcas
  | MOLCAS_KEEP_WORKDIR = NO
  |  MOLCAS_NEW_WORKDIR = YES
  |       MOLCAS_NPROCS = 1
  |        MOLCAS_PRINT = NORMAL
  |       MOLCAS_SOURCE = /home/grierjones/Test
  |    MOLCAS_STRUCTURE = 0
  |
   --------------------------------------------------------------------------------------

++ ---------   Input file   ---------

&GATEWAY
coord=H6_2.25.xyz
Basis = ANO-RCC-VDZP
Group = nosymm
End of Input

&SEWARD
End of Input

&SCF

>>> COPY $WorkDir/H6_2.25.scf.h5 $CurrDir/

&RASSCF
Title= RASSCF
FileOrb
/home/grierjones/DDCASPT2/hydrogen_comps/rerun/H6_chain/H6_0.60/H6_0.60.RasOrb
NACTEL
6 0 0
Inactive
0
RAS2
6
Symmetry
1
Spin
1
orblisting
all

>>> COPY $WorkDir/H6_2.25.rasscf.h5 $CurrDir/

>>> COPY $WorkDir/GMJ_Fock_MO.csv $CurrDir/H6_2.25.GMJ_Fock_MO.csv

&MOTRA
Frozen=0
LUMORB

>>> COPY $WorkDir/GMJ_one_int_indx.csv $CurrDir/H6_2.25.GMJ_one_int_indx.csv

>>> COPY $WorkDir/GMJ_one_int.csv $CurrDir/H6_2.25.GMJ_one_int.csv

>>> COPY $WorkDir/GMJ_two_int_indx.csv $CurrDir/H6_2.25.GMJ_two_int_indx.csv

>>> COPY $WorkDir/GMJ_two_int.csv $CurrDir/H6_2.25.GMJ_two_int.csv

&CASPT2
Frozen
0

MAXITER
50

>>> FOREACH i IN (B,E,F,G,H)

  >>> FOREACH j IN (P,M)

    >>> IF (-FILE GMJ_e2_${i}_${j}_1_.csv)

      >>> COPY $WorkDir/GMJ_RHS_${i}_${j}_1_.csv $CurrDir/GMJ_RHS_${i}_${j}_1_.csv

      >>> COPY $WorkDir/GMJ_IVECW_${i}_${j}_1_.csv $CurrDir/GMJ_IVECW_${i}_${j}_1_.csv

      >>> COPY $WorkDir/GMJ_IVECX_${i}_${j}_1_.csv $CurrDir/GMJ_IVECX_${i}_${j}_1_.csv

      >>> COPY $WorkDir/GMJ_IVECC2_${i}_${j}_1_.csv $CurrDir/GMJ_IVECC2_${i}_${j}_1_.csv

      >>> COPY $WorkDir/GMJ_e2_${i}_${j}_1_.csv $CurrDir/GMJ_e2_${i}_${j}_1_.csv

    >>> END IF

  >>> END FOREACH

>>> END FOREACH

>>> FOREACH i IN (A,C,D)

  >>> IF (-FILE GMJ_e2_${i}_1_.csv)

    >>> COPY $WorkDir/GMJ_RHS_${i}_1_.csv $CurrDir/GMJ_RHS_${i}_1_.csv

    >>> COPY $WorkDir/GMJ_IVECW_${i}_1_.csv $CurrDir/GMJ_IVECW_${i}_1_.csv

    >>> COPY $WorkDir/GMJ_IVECX_${i}_1_.csv $CurrDir/GMJ_IVECX_${i}_1_.csv

    >>> COPY $WorkDir/GMJ_IVECC2_${i}_1_.csv $CurrDir/GMJ_IVECC2_${i}_1_.csv

    >>> COPY $WorkDir/GMJ_e2_${i}_1_.csv $CurrDir/GMJ_e2_${i}_1_.csv

  >>> END IF

>>> END FOREACH

-- ----------------------------------

--- Start Module: gateway at Sun Oct 26 13:07:43 2025 ---
 
()()()()()()()()()()()()()()()()()()()()()()()()()()()()()()()()()()()()()()()()()()()()()()()()()()

                                              &GATEWAY

                                   only a single process is used
                       available to each process: 2.0 GB of memory, 1 thread?
()()()()()()()()()()()()()()()()()()()()()()()()()()()()()()()()()()()()()()()()()()()()()()()()()()
 
 
++    Symmetry information:
      ---------------------
 
                    Character Table for C1 
 
                             E  
                    a        1  x, y, xy, Rz, z, xz, Ry, yz, Rx, I
--
 
 
++    Basis set information:
      ----------------------
 
 
      Basis set label: H.ANO-RCC...2S1P.
 
      Electronic valence basis set:
      ------------------
      Associated Effective Charge   1.000000 au
      Associated Actual Charge      1.000000 au
      Nuclear Model: Point charge
 
      Shell  nPrim  nBasis  Cartesian Spherical Contaminant
         s       8       2        X                  
         p       4       1        X                  
--
 
 
++    Molecular structure info:
      -------------------------
 
                    ************************************************ 
                    **** Cartesian Coordinates / Bohr, Angstrom **** 
                    ************************************************ 
 
     Center  Label                x              y              z                     x              y              z
        1      H1               0.000000       0.000000       0.000000              0.000000       0.000000       0.000000
        2      H2               0.000000       0.000000       4.249021              0.000000       0.000000       2.248485
        3      H3               0.000000       0.000000       8.498042              0.000000       0.000000       4.496970
        4      H4               0.000000       0.000000      12.747063              0.000000       0.000000       6.745455
        5      H5               0.000000       0.000000      16.996081              0.000000       0.000000       8.993939
        6      H6               0.000000       0.000000      21.245102              0.000000       0.000000      11.242424
 
                    *************************************** 
                    *    InterNuclear Distances / Bohr    * 
                    *************************************** 
 
               1 H1            2 H2            3 H3            4 H4            5 H5            6 H6    
    1 H1       0.000000
    2 H2       4.249021        0.000000
    3 H3       8.498042        4.249021        0.000000
    4 H4      12.747063        8.498042        4.249021        0.000000
    5 H5      16.996081       12.747061        8.498040        4.249019        0.000000
    6 H6      21.245102       16.996081       12.747061        8.498040        4.249021        0.000000
 
                    ******************************************* 
                    *    InterNuclear Distances / Angstrom    * 
                    ******************************************* 
 
               1 H1            2 H2            3 H3            4 H4            5 H5            6 H6    
    1 H1       0.000000
    2 H2       2.248485        0.000000
    3 H3       4.496970        2.248485        0.000000
    4 H4       6.745455        4.496970        2.248485        0.000000
    5 H5       8.993939        6.745454        4.496969        2.248484        0.000000
    6 H6      11.242424        8.993939        6.745454        4.496969        2.248485        0.000000
--
 
 
            Nuclear Potential Energy              2.04753075 au
 
--- Stop Module: gateway at Sun Oct 26 13:07:43 2025 /rc=_RC_ALL_IS_WELL_ ---
*** files: xmldump
    saved to directory /home/grierjones/DDCASPT2/hydrogen_comps/rerun/H6_chain/H6_2.25

--- Start Module: seward at Sun Oct 26 13:07:43 2025 ---
 
()()()()()()()()()()()()()()()()()()()()()()()()()()()()()()()()()()()()()()()()()()()()()()()()()()

                                              &SEWARD

                                   only a single process is used
                       available to each process: 2.0 GB of memory, 1 thread?
()()()()()()()()()()()()()()()()()()()()()()()()()()()()()()()()()()()()()()()()()()()()()()()()()()
 
               SEWARD will generate:
                  Multipole Moment integrals up to order  2
                  Kinetic Energy integrals
                  Nuclear Attraction integrals (point charge)
                  One-Electron Hamiltonian integrals
                  Velocity integrals
                  Relativistic Douglas-Kroll-Hess integrals:
                    - Parametrization         : EXP
                    - DKH order of Hamiltonian: 2
                    - DKH order of Properties : 0
                         - multipole moment operators
                         - electric potential operators
                         - contact operators
                  Atomic mean-field integrals
                  Two-Electron Repulsion integrals
 
                   Integrals are discarded if absolute value <: 0.10E-13
                   Integral cutoff threshold is set to       <: 0.10E-15
 
            Nuclear Potential Energy              2.04753075 au
 
 
      Basis set specifications :
      Symmetry species         a  
      Basis functions           30
 
 
  Input file to MOLDEN was generated!
 
forrtl: warning (525): IEEE_DIVIDE_BY_ZERO is signaling
forrtl: warning (526): IEEE_INVALID is signaling
forrtl: warning (528): IEEE_UNDERFLOW is signaling
--- Stop Module: seward at Sun Oct 26 13:07:44 2025 /rc=_RC_ALL_IS_WELL_ ---
*** files: H6_2.25.GssOrb H6_2.25.guessorb.h5 H6_2.25.guessorb.molden xmldump
    saved to directory /home/grierjones/DDCASPT2/hydrogen_comps/rerun/H6_chain/H6_2.25

*** symbolic link created: INPORB -> H6_2.25.GssOrb
--- Start Module: scf at Sun Oct 26 13:07:44 2025 ---
 
()()()()()()()()()()()()()()()()()()()()()()()()()()()()()()()()()()()()()()()()()()()()()()()()()()

                                                &SCF

                                   only a single process is used
                       available to each process: 2.0 GB of memory, 1 thread?
()()()()()()()()()()()()()()()()()()()()()()()()()()()()()()()()()()()()()()()()()()()()()()()()()()
 
++    Input section:
      --------------
 
      Header of the integral files:
      
       Integrals generated by seward 4.2.0  , Sun Oct 26 13:07:43 2025
 
 
      Cartesian coordinates in Angstrom:
      -----------------------------------------------------
      No.  Label        X            Y            Z        
      -----------------------------------------------------
       1   H1         0.00000000   0.00000000   0.00000000
       2   H2         0.00000000   0.00000000   2.24848500
       3   H3         0.00000000   0.00000000   4.49697000
       4   H4         0.00000000   0.00000000   6.74545500
       5   H5         0.00000000   0.00000000   8.99393900
       6   H6         0.00000000   0.00000000  11.24242400
      -----------------------------------------------------
      Nuclear repulsion energy =    2.04753075
--
 
++    Orbital specifications:
      -----------------------
 
      Symmetry species               1
                                     a
      Frozen orbitals                0
      Occupied orbitals              3
      Secondary orbitals            27
      Deleted orbitals               0
      Total number of orbitals      30
      Number of basis functions     30
--
 
      Molecular charge                           0.000
 
++    Optimization specifications:
      ----------------------------
 
      SCF Algorithm: Conventional
      Minimized density differences are used
      Number of density matrices in core                5
      Maximum number of NDDO SCF iterations           400
      Maximum number of HF SCF iterations             400
      Threshold for SCF energy change            0.10E-08
      Threshold for density matrix               0.10E-03
      Threshold for Fock matrix                  0.15E-03
      Threshold for linear dependence            0.10E-08
      Threshold at which DIIS is turned on       0.15E+00
      Threshold at which QNR/C2DIIS is turned on 0.75E-01
      Threshold for Norm(delta) (QNR/C2DIIS)     0.20E-04
      DIIS extrapolation of the SCF procedure
      All orbitals punched on: SCFORB
--
 
      Input vectors read from INPORB
      Orbital file label: *Guess orbitals
 
 
++ Convergence information
                                   SCF        iterations: Energy and convergence statistics
 
Iter     Tot. SCF        One-elec.       Two-elec.     Energy      Max Dij or  Max Fij      DNorm      TNorm      AccCon     Time
         Energy          Energy          Energy        Change      Delta Norm                                                in Sec.
   1    -2.521623357    -7.242733377     2.673579271   0.00E+00    0.36E+00*   0.11E+00*    0.37E+01   0.63E+01   None         0.
   2    -2.671476593    -7.222290819     2.503283477  -0.15E+00*   0.11E+00*   0.22E-01*    0.11E+01   0.61E+01   EDIIS        0.
   3    -2.678855821    -7.177144899     2.450758329  -0.74E-02*   0.62E-01*   0.84E-02*    0.21E+00   0.61E+01   EDIIS        0.
   4    -2.679978605    -7.179883552     2.452374198  -0.11E-02*   0.37E-01*   0.55E-02*    0.11E+00   0.61E+01   c2DIIS       0.
   5    -2.680340051    -7.172597789     2.444726989  -0.36E-03*   0.10E-01*   0.24E-02*    0.17E-01   0.61E+01   QNRc2DIIS    0.
   6    -2.680407098    -7.176152362     2.448214515  -0.67E-04*   0.72E-02*   0.12E-02*    0.36E-02   0.61E+01   QNRc2DIIS    0.
   7    -2.680432276    -7.175192229     2.447229204  -0.25E-04*   0.27E-02*   0.38E-03*    0.52E-03   0.61E+01   QNRc2DIIS    0.
   8    -2.680434472    -7.174617513     2.446652291  -0.22E-05*   0.28E-04*   0.47E-05     0.26E-03   0.61E+01   QNRc2DIIS    0.
   9    -2.680434472    -7.174608157     2.446642935  -0.42E-09    0.36E-05    0.51E-06     0.29E-04   0.61E+01   QNRc2DIIS    0.
 
       Convergence after  9 Macro Iterations
--
 
 *****************************************************************************************************************************
 *                                                                                                                           *
 *                                             SCF/KS-DFT Program, Final results                                             *
 *                                                                                                                           *
 *                                                                                                                           *
 *                                                                                                                           *
 *                                                       Final Results                                                       *
 *                                                                                                                           *
 *****************************************************************************************************************************
 
::    Total SCF energy                                 -2.6804344725
      One-electron energy                              -7.1746081571
      Two-electron energy                               2.4466429353
      Nuclear repulsion energy                          2.0475307494
      Kinetic energy (interpolated)                     1.9988354543
      Virial theorem                                    1.3409980630
      Total spin, S(S+1)                                0.0000000000
      Total spin, S                                     0.0000000000
      Max non-diagonal density matrix element           0.0000051023
      Max non-diagonal Fock matrix element              0.0000003594
 
 
      All orbitals with orbital energies smaller than  E(LUMO)+0.5 are printed
 
++    Molecular orbitals:
      -------------------
 
      Title: SCF orbitals

      Molecular orbitals for symmetry species 1: a  
 
          Orbital            1         2         3         4         5         6         7         8    
          Energy           -0.4127   -0.3839   -0.3440   -0.1313   -0.0728   -0.0190    0.3243    0.3503
          Occ. No.          2.0000    2.0000    2.0000    0.0000    0.0000    0.0000    0.0000    0.0000
 
        1 H1     1s         0.2300   -0.4017    0.3895   -0.4858    0.5727   -0.3675   -0.1471    0.1815
        2 H1     2s         0.0355   -0.0687    0.0768   -0.1606    0.2110   -0.1435    0.3115   -0.5186
        3 H1     2px        0.0000   -0.0000    0.0000    0.0000    0.0000   -0.0000    0.0000   -0.0000
        4 H1     2py       -0.0000    0.0000   -0.0000    0.0000    0.0000   -0.0000   -0.0000    0.0000
        5 H1     2pz        0.0103   -0.0147    0.0107    0.0046   -0.0163    0.0198   -0.0273    0.0356
        6 H2     1s         0.3157   -0.4514    0.3153    0.2823   -0.6347    0.5810   -0.2192    0.1990
        7 H2     2s         0.0446   -0.0956    0.0966    0.0875   -0.2382    0.2225    0.2535   -0.2624
        8 H2     2px        0.0000    0.0000   -0.0000    0.0000    0.0000   -0.0000    0.0000   -0.0000
        9 H2     2py       -0.0000    0.0000   -0.0000    0.0000    0.0000   -0.0000   -0.0000    0.0000
       10 H2     2pz       -0.0012    0.0098   -0.0162    0.0228   -0.0132   -0.0079    0.0061   -0.0196
       11 H3     1s         0.4255   -0.0855   -0.4486    0.5056    0.2074   -0.7294   -0.2260    0.0763
       12 H3     2s         0.0665    0.0023   -0.1177    0.1699    0.0833   -0.2754    0.3042   -0.1253
       13 H3     2px       -0.0000    0.0000    0.0000   -0.0000   -0.0000    0.0000   -0.0000    0.0000
       14 H3     2py        0.0000    0.0000    0.0000    0.0000    0.0000    0.0000   -0.0000    0.0000
       15 H3     2pz        0.0071    0.0080   -0.0143   -0.0190    0.0207    0.0100   -0.0064   -0.0121
       16 H4     1s         0.4255    0.0855   -0.4486   -0.5056    0.2074    0.7294   -0.2260   -0.0763
       17 H4     2s         0.0665   -0.0023   -0.1177   -0.1699    0.0833    0.2754    0.3042    0.1253
       18 H4     2px        0.0000    0.0000   -0.0000   -0.0000   -0.0000   -0.0000   -0.0000    0.0000
       19 H4     2py       -0.0000   -0.0000    0.0000    0.0000   -0.0000    0.0000    0.0000    0.0000
       20 H4     2pz       -0.0071    0.0080    0.0143   -0.0190   -0.0207    0.0100    0.0064   -0.0121
       21 H5     1s         0.3157    0.4514    0.3153   -0.2823   -0.6347   -0.5810   -0.2192   -0.1990
       22 H5     2s         0.0446    0.0956    0.0966   -0.0875   -0.2382   -0.2225    0.2535    0.2624
       23 H5     2px       -0.0000   -0.0000    0.0000    0.0000    0.0000   -0.0000    0.0000    0.0000
       24 H5     2py       -0.0000   -0.0000   -0.0000   -0.0000    0.0000   -0.0000    0.0000   -0.0000
       25 H5     2pz        0.0012    0.0098    0.0162    0.0228    0.0132   -0.0079   -0.0061   -0.0196
       26 H6     1s         0.2300    0.4017    0.3895    0.4858    0.5727    0.3675   -0.1471   -0.1815
       27 H6     2s         0.0355    0.0687    0.0768    0.1606    0.2110    0.1435    0.3115    0.5186
       28 H6     2px       -0.0000    0.0000   -0.0000   -0.0000   -0.0000    0.0000   -0.0000    0.0000
       29 H6     2py       -0.0000    0.0000    0.0000   -0.0000    0.0000   -0.0000    0.0000    0.0000
       30 H6     2pz       -0.0103   -0.0147   -0.0107    0.0046    0.0163    0.0198    0.0273    0.0356
--
 
 
++    Molecular charges:
      ------------------
 
      Mulliken charges per centre and basis function type
      ---------------------------------------------------
 
                H1      H2      H3      H4      H5      H6    
      1s       0.8821  0.9489  0.9245  0.9245  0.9489  0.8821
      2s       0.0722  0.0815  0.0694  0.0694  0.0815  0.0722
      2px      0.0000  0.0000  0.0000  0.0000  0.0000  0.0000
      2pz      0.0063  0.0077  0.0074  0.0074  0.0077  0.0063
      2py      0.0000  0.0000  0.0000  0.0000  0.0000  0.0000
      Total    0.9606  1.0381  1.0013  1.0013  1.0381  0.9606
 
      N-E      0.0394 -0.0381 -0.0013 -0.0013 -0.0381  0.0394
 
      Total electronic charge=    6.000000
 
      Total            charge=   -0.000000
--
 
 
  Input file to MOLDEN was generated!
 
 
++    Static properties:
      ------------------
 
 
      LoProp Charges per center
 

                   H1       H2       H3       H4       H5       H6    
      Nuclear      1.0000   1.0000   1.0000   1.0000   1.0000   1.0000
      Electronic  -0.9787  -1.0186  -1.0028  -1.0028  -1.0186  -0.9787
 
      Total        0.0213  -0.0186  -0.0028  -0.0028  -0.0186   0.0213
--
 
 
++    Natural Bond Order analysis
      ---------------------------
      Based on LoProp computed density
      -------------------------------------------------------------------------------------
      Atom A       Atom B       Bond Order
      -------------------------------------------------------------------------------------
      NBO located      0.962 non-bonded electrons on atom H1        
      NBO located      1.011 non-bonded electrons on atom H3        
      NBO located      1.011 non-bonded electrons on atom H4        
      NBO located      0.962 non-bonded electrons on atom H6        
      The remaining    2.053 electrons are to be considered as diffuse
--
 
 
++    Molecular properties:
      ---------------------
 
      Charge (e):
                      =   -0.0000
      Dipole Moment (Debye):
      Origin of the operator (Ang)=    0.0000    0.0000    0.0000
                   X= -3.7228E-14               Y=  7.4376E-14               Z=  1.5119E-07           Total=  1.5119E-07
      Quadrupole Moment (Debye*Ang):
      Origin of the operator (Ang)=    0.0000    0.0000    5.6212
                  XX= -1.3467E+01              XY=  1.3724E-28              XZ=  2.4789E-13              YY= -1.3467E+01
                  YZ= -3.4114E-13              ZZ= -1.2186E+00
      In traceless form (Debye*Ang)
                  XX= -6.1245E+00              XY=  2.0586E-28              XZ=  3.7184E-13              YY= -6.1245E+00
                  YZ= -5.1172E-13              ZZ=  1.2249E+01
--
 
 
  Input file to MOLDEN was generated!
 
 ###############################################################################
 ###############################################################################
 ###                                                                         ###
 ###                                                                         ###
 ###    RunFile label nBas                                                   ###
 ###    was used       78 times                                              ###
 ###                                                                         ###
 ###                                                                         ###
 ###############################################################################
 ###############################################################################
forrtl: warning (528): IEEE_UNDERFLOW is signaling
--- Stop Module: scf at Sun Oct 26 13:07:44 2025 /rc=_RC_ALL_IS_WELL_ ---
*** files: H6_2.25.LprOrb H6_2.25.LoProp.molden H6_2.25.scf.molden H6_2.25.ScfOrb H6_2.25.scf.h5 xmldump
    saved to directory /home/grierjones/DDCASPT2/hydrogen_comps/rerun/H6_chain/H6_2.25

>>> COPY /tmp/H6_2.25/H6_2.25.scf.h5 /home/grierjones/DDCASPT2/hydrogen_comps/rerun/H6_chain/H6_2.25/

*** symbolic link created: INPORB -> H6_2.25.ScfOrb
--- Start Module: rasscf at Sun Oct 26 13:07:44 2025 ---
 
()()()()()()()()()()()()()()()()()()()()()()()()()()()()()()()()()()()()()()()()()()()()()()()()()()

                                              &RASSCF

                                   only a single process is used
                       available to each process: 2.0 GB of memory, 1 thread?
()()()()()()()()()()()()()()()()()()()()()()()()()()()()()()()()()()()()()()()()()()()()()()()()()()
 
 
      Header of the ONEINT file:
      --------------------------
      
      Integrals generated by seward 4.2.0  , Sun Oct 26 13:07:43 2025
 
 
      OrdInt status: non-squared
 
 
      Cartesian coordinates in Angstrom:
      -----------------------------------------------------
      No.  Label        X            Y            Z        
      -----------------------------------------------------
       1   H1         0.00000000   0.00000000   0.00000000
       2   H2         0.00000000   0.00000000   2.24848500
       3   H3         0.00000000   0.00000000   4.49697000
       4   H4         0.00000000   0.00000000   6.74545500
       5   H5         0.00000000   0.00000000   8.99393900
       6   H6         0.00000000   0.00000000  11.24242400
      -----------------------------------------------------
      Nuclear repulsion energy =    2.04753075
 
++    Wave function specifications:
      -----------------------------
 
      Number of closed shell electrons           0
      Number of electrons in active shells       6
      Max number of holes in RAS1 space          0
      Max nr of electrons in RAS3 space          0
      Number of inactive orbitals                0
      Number of active orbitals                  6
      Number of secondary orbitals              24
      Spin quantum number                      0.0
      State symmetry                             1
--
 
++    Orbital specifications:
      -----------------------
 
      Symmetry species                           1
                                                 a
      Frozen orbitals                            0
      Inactive orbitals                          0
      Active orbitals                            6
      RAS1 orbitals                              0
      RAS2 orbitals                              6
      RAS3 orbitals                              0
      Secondary orbitals                        24
      Deleted orbitals                           0
      Number of basis functions                 30
--
 
++    CI expansion specifications:
      ----------------------------
 
      Number of CSFs                           175
      Number of determinants                   210
      Number of root(s) required                 1
      Root chosen for geometry opt.              1
      CI root used                               1
         
      highest root included in the CI            1
      max. size of the explicit Hamiltonian    175
--
 
++    Optimization specifications:
      ----------------------------
 
      RASSCF algorithm: Conventional
      Maximum number of macro iterations       200
      Maximum number of SX iterations          100
      Threshold for RASSCF energy            0.100E-07
      Threshold for max MO rotation          0.100E+00
      Threshold for max BLB element          0.100E-03
      Level shift parameter                  0.500E+00
      Make Quasi-Newton update
--
 
      The MO-coefficients are taken from the file:
      /home/grierjones/DDCASPT2/hydrogen_comps/rerun/H6_chain/H6_0.60/H6_0.60.RasOrb                                                  
      Title: RASSCF average (pseudo-natural) orbitals                                      
 
      Total molecular charge    0.00
 
      ************************************************************************************************************************
      *                                                                                                                      *
      *                                            Wave function control section                                             *
      *                                                                                                                      *
      ************************************************************************************************************************
 
 
                                         RASSCF iterations: Energy and convergence statistics
                                         ----------------------------------------------------
 
      Iter CI   SX   CI       RASSCF       Energy    max ROT     max BLB   max BLB  Level Ln srch  Step   QN   Walltime
          iter iter root      energy       change     param      element    value   shift minimum  type update hh:mm:ss
 Nr of preliminary CI iterations:   1
        1   1   93    1    -2.02925990    0.00E+00   0.47E+00*   1   8 1 -0.32E+00*  0.39   0.00    SX    NO    0:00:00
        2   1   60    1    -2.61772106   -0.59E+00* -0.17E+00*   1   8 1 -0.19E+00*  0.21   0.00    SX    NO    0:00:00
        3   1   44    1    -2.74737004   -0.13E+00* -0.13E+00*   2  11 1  0.50E-01*  0.20   0.00    SX    NO    0:00:00
        4   1   52    1    -2.77081489   -0.23E-01* -0.94E-01    2  11 1  0.42E-01*  0.17   0.00    SX    NO    0:00:00
        5   1   38    1    -2.78932907   -0.19E-01* -0.20E+00*   2  11 1  0.44E-01*  0.15   2.50    QN   YES    0:00:00
        6   1   52    1    -2.78992077   -0.59E-03*  0.72E-01    5   8 1  0.52E-01*  0.11   0.53    LS   YES    0:00:00
        7   1   29    1    -2.79829055   -0.84E-02*  0.76E-01    5   8 1  0.42E-01*  0.13   1.33    QN   YES    0:00:00
        8   1   74    1    -2.78624847    0.12E-01* -0.63E-01    5   8 1  0.61E-01*  0.14  -0.50    LS   YES    0:00:00
        9   1   39    1    -2.79650497   -0.10E-01* -0.72E-01    5   8 1  0.45E-01*  0.13   2.50    LS   YES    0:00:00
       10   1   28    1    -2.80496757   -0.85E-02* -0.14E+00*   5   8 1  0.27E-01*  0.12   2.50    QN   YES    0:00:00
       11   1   36    1    -2.81338764   -0.84E-02* -0.88E-01    3   8 1 -0.14E-01*  0.11   1.24    QN   YES    0:00:00
       12   1   66    1    -2.81544867   -0.21E-02*  0.28E-01    3   8 1 -0.24E-01*  0.10   0.95    QN   YES    0:00:00
       13   1   70    1    -2.81825652   -0.28E-02*  0.19E+00*   3   8 1 -0.16E-01*  0.11   2.50    QN   YES    0:00:00
       14   1  100    1    -2.81876344   -0.51E-03* -0.11E+00*   2  11 1 -0.50E-01*  0.10   0.57    SX   YES    0:00:00
       15   1  100    1    -2.86303145   -0.44E-01* -0.18E+00*   2  11 1 -0.39E-01*  0.11   2.17    QN   YES    0:00:00
       16   1   81    1    -2.89296349   -0.30E-01* -0.72E-01    5   8 1  0.28E-01*  0.11   0.77    QN   YES    0:00:00
       17   1   33    1    -2.90004656   -0.71E-02*  0.38E-01    1  27 1 -0.15E-01*  0.11   1.03    QN   YES    0:00:00
       18   1   36    1    -2.90169449   -0.16E-02* -0.38E-01    1  11 1  0.13E-01*  0.10   1.12    QN   YES    0:00:00
       19   1   29    1    -2.90277109   -0.11E-02* -0.10E+00*   1  11 1  0.68E-02*  0.10   2.50    QN   YES    0:00:00
       20   1   35    1    -2.90485136   -0.21E-02* -0.99E-01    5  11 1  0.62E-02*  0.07   2.50    LS   YES    0:00:00
       21   1   87    1    -2.90831469   -0.35E-02* -0.97E-01    5  11 1  0.14E-01*  0.03   2.50    LS   YES    0:00:00
       22   1  100    1    -2.91451414   -0.62E-02* -0.40E-01    1  11 1 -0.25E-01*  0.00   2.50    QN   YES    0:00:00
       23   1   25    1    -2.92024657   -0.57E-02* -0.16E+00*   5   7 1 -0.22E-01*  0.00   1.58    SX   YES    0:00:00
       24   1  100    1    -2.95159016   -0.31E-01* -0.13E+00*   5   7 1 -0.36E-01*  0.00   2.50    LS   YES    0:00:00
       25   1  100    1    -2.98310925   -0.32E-01* -0.25E+00*   6  11 1 -0.36E-01*  0.00   2.21    QN   YES    0:00:00
       26   1  100    1    -2.98418260   -0.11E-02*  0.82E-01    6   7 1 -0.52E-01*  0.00   0.54    LS   YES    0:00:00
       27   1  100    1    -3.00336138   -0.19E-01* -0.34E-01    3   7 1 -0.31E-01*  0.00   1.39    QN   YES    0:00:00
       28   1  100    1    -3.00602209   -0.27E-02*  0.48E-01    6   8 1  0.25E-01*  0.00   1.01    QN   YES    0:00:00
       29   1   52    1    -3.00744180   -0.14E-02* -0.14E-01    2   7 1 -0.21E-01*  0.00   0.70    QN   YES    0:00:00
       30   1   48    1    -3.00939481   -0.20E-02* -0.30E-01    2   7 1 -0.17E-01*  0.00   2.27    SX   YES    0:00:00
       31   1   13    1    -3.01612857   -0.67E-02*  0.53E-02    2  28 1  0.54E-02*  0.00   1.15    QN   YES    0:00:00
       32   1   12    1    -3.01633842   -0.21E-03*  0.15E-02    2   7 1  0.85E-03*  0.00   0.99    QN   YES    0:00:00
       33   1   12    1    -3.01634322   -0.48E-05* -0.89E-03    2  11 1  0.66E-03*  0.00   0.75    QN   YES    0:00:00
       34   1   11    1    -3.01634469   -0.15E-05*  0.25E-03    2   7 1  0.29E-03*  0.00   0.80    QN   YES    0:00:00
       35   1   11    1    -3.01634498   -0.29E-06* -0.99E-04    6   8 1 -0.30E-03*  0.00   0.86    QN   YES    0:00:00
       36   1   11    1    -3.01634504   -0.64E-07* -0.76E-04    6   8 1 -0.31E-03*  0.00   1.30    QN   YES    0:00:00
       37   1   11    1    -3.01634505   -0.88E-08   0.15E-04    6   8 1 -0.30E-03*  0.00   0.80    QN   YES    0:00:00
       38   1   11    1    -3.01634504    0.94E-08   0.57E-04    6   8 1 -0.30E-03*  0.00  -0.50    QN   YES    0:00:00
       39   1   11    1    -3.01634509   -0.44E-07*  0.93E-04    6   8 1 -0.29E-03*  0.00   2.39    QN   YES    0:00:00
       40   1   11    1    -3.01634516   -0.73E-07*  0.12E-03    6   8 1 -0.25E-03*  0.00   2.03    QN   YES    0:00:00
       41   1   11    1    -3.01634527   -0.11E-06* -0.17E-03    6   8 1 -0.20E-03*  0.00   2.41    QN   YES    0:00:00
       42   1   11    1    -3.01634547   -0.20E-06*  0.11E-03    3   7 1  0.18E-03*  0.00   1.82    QN   YES    0:00:00
       43   1   10    1    -3.01634562   -0.16E-06*  0.93E-04    3   7 1  0.11E-03*  0.00   1.54    QN   YES    0:00:00
       44   1    8    1    -3.01634568   -0.57E-07* -0.38E-04    3   7 1  0.27E-04   0.00   1.27    QN   YES    0:00:00
       45   1    7    1    -3.01634569   -0.64E-08  -0.97E-05    6   8 1  0.53E-05   0.00   1.14    QN   YES    0:00:00
      Convergence after 45 iterations
 
  Dmat in MO in SXCTL bf call to SXHAM                                                                                    
  mat. size =     6x    6
 
        1.2697477791248504
        0.0091369295230491      1.3848842607904306
       -0.0672239139687482      0.0002075310144832      1.2790851016501419
       -0.0488027959319121      0.1488274236497122     -0.0052305390973961      0.6666683683707233
        0.2253639609226872      0.0074674865048406      0.0552952866160112      0.0074057654667562      0.6676117232561350
        0.3103549070475252     -0.0254282579943687     -0.0069741564829760      0.0992337640867343      0.1035222003774315
        0.7320027668077196
       46   1    7    1    -3.01634569   -0.22E-09  -0.97E-05    6   8 1  0.54E-06   0.00   1.14    QN   YES    0:00:00
 
      ************************************************************************************************************************
                                                      Wave function printout:
                       occupation of active orbitals, and spin coupling of open shells (u,d: Spin up or down)
      ************************************************************************************************************************
 
      Note: transformation to natural orbitals
      has been made, which may change the order of the CSFs.
 
      printout of CI-coefficients larger than  0.05 for root  1
      energy=      -3.016346
      conf/sym  111111     Coeff  Weight
             1  222000   0.56209 0.31594
            11  220200  -0.29019 0.08421
            13  220020  -0.07563 0.00572
            16  220002  -0.05749 0.00331
            18  2udud0  -0.29829 0.08898
            21  2ud0ud  -0.09680 0.00937
            23  u2d200   0.05056 0.00256
            25  u2d020  -0.11078 0.01227
            26  u2du0d  -0.28684 0.08228
            28  u2d002   0.05008 0.00251
            29  202200  -0.08019 0.00643
            31  202020  -0.19508 0.03805
            32  202u0d  -0.11106 0.01233
            34  202002  -0.06772 0.00459
            36  ud2ud0  -0.10286 0.01058
            39  ud20ud  -0.21832 0.04766
            41  022200  -0.06448 0.00416
            43  022020  -0.07184 0.00516
            44  022u0d   0.05307 0.00282
            46  022002  -0.15727 0.02473
            47  2uudd0   0.08584 0.00737
            51  u2ud0d   0.09774 0.00955
           120  200220   0.16807 0.02825
           123  200202   0.05312 0.00282
           127  ud02ud   0.17839 0.03182
           130  ud0ud2   0.05649 0.00319
           132  020220   0.05609 0.00315
           134  020u2d   0.06987 0.00488
           135  020202   0.12733 0.01621
           140  u0du2d   0.17252 0.02976
           141  u0d202   0.06979 0.00487
           145  0ud2ud   0.05988 0.00359
           148  0udud2   0.14165 0.02007
           155  002022   0.10075 0.01015
           161  u0ud2d  -0.05655 0.00320
           175  000222  -0.13281 0.01764
 
      Natural orbitals and occupation numbers for root  1
      sym 1:   1.496309   1.414635   1.277433   0.729632   0.585251   0.496741
 
      ************************************************************************************************************************
      *                                                                                                                      *
      *                                                    Final results                                                     *
      *                                                                                                                      *
      ************************************************************************************************************************
 
 
++    Wave function specifications:
      -----------------------------
 
      Number of closed shell electrons           0
      Number of electrons in active shells       6
      Max number of holes in RAS1 space          0
      Max nr of electrons in RAS3 space          0
      Number of inactive orbitals                0
      Number of active orbitals                  6
      Number of secondary orbitals              24
      Spin quantum number                      0.0
      State symmetry                             1
--
 
++    Orbital specifications:
      -----------------------
 
      Symmetry species                           1
                                                 a
      Frozen orbitals                            0
      Inactive orbitals                          0
      Active orbitals                            6
      RAS1 orbitals                              0
      RAS2 orbitals                              6
      RAS3 orbitals                              0
      Secondary orbitals                        24
      Deleted orbitals                           0
      Number of basis functions                 30
--
 
++    CI expansion specifications:
      ----------------------------
 
      Number of CSFs                           175
      Number of determinants                   210
      Number of root(s) required                 1
      CI root used                               1
      highest root included in the CI            1
      Root passed to geometry opt.               1
--
 
++    Final optimization conditions:
      ------------------------------
 
      Average CI energy                              -3.01634569
      RASSCF energy for state  1                     -3.01634569
      Super-CI energy                                -0.00000000
      RASSCF energy change                           -0.00000000
      Max change in MO coefficients              -0.103E-04
      Max non-diagonal density matrix element    -0.969E-05
      Maximum BLB matrix element                  0.542E-06
      (orbital pair   6,   8 in symmetry   1)
      Norm of electronic gradient            0.147E-05
--
 
 
      Final state energy(ies):
      ------------------------
 
::    RASSCF root number  1 Total energy:     -3.01634569
 
++    Molecular orbitals:
      -------------------
 
      Pseudonatural active orbitals and approximate occupation numbers
 
 
 
 
      Molecular orbitals for symmetry species 1: a  
 
 
      Orbital                1         2         3         4         5         6         7         8         9        10
      Energy            0.0000    0.0000    0.0000    0.0000    0.0000    0.0000    0.3339    0.3598    0.4156    0.5115
      Occ. No.          1.4963    1.4146    1.2774    0.7296    0.5853    0.4967    0.0000    0.0000    0.0000    0.0000
 
    1 H1     1s         0.2568   -0.4276    0.4067   -0.4679   -0.5387   -0.3462   -0.1063    0.1065    0.0174    0.1826
    2 H1     2s         0.0180   -0.0324    0.0339   -0.0502   -0.0640   -0.0449    0.3130   -0.5318    0.6406    0.6412
    3 H1     2px        0.0000   -0.0000    0.0000   -0.0000   -0.0000   -0.0000   -0.0000    0.0000   -0.0000   -0.0000
    4 H1     2py       -0.0000    0.0000   -0.0000    0.0000    0.0000    0.0000    0.0000   -0.0000    0.0000    0.0000
    5 H1     2pz        0.0029   -0.0036    0.0022   -0.0017   -0.0031   -0.0029   -0.0233    0.0323   -0.0305   -0.0441
    6 H2     1s         0.3457   -0.4632    0.2945    0.2762    0.5917    0.5190   -0.1953    0.1932   -0.0578   -0.0632
    7 H2     2s         0.0217   -0.0455    0.0483    0.0205    0.0871    0.0928    0.2558   -0.2599   -0.0728   -0.6041
    8 H2     2px       -0.0000   -0.0000    0.0000   -0.0000    0.0000    0.0000    0.0000    0.0000   -0.0000   -0.0000
    9 H2     2py       -0.0000   -0.0000   -0.0000    0.0000    0.0000    0.0000    0.0000    0.0000    0.0000    0.0000
   10 H2     2pz        0.0014    0.0019   -0.0051    0.0020   -0.0005   -0.0008    0.0019   -0.0158    0.0188   -0.0180
   11 H3     1s         0.4312   -0.1014   -0.4708    0.5159   -0.1825   -0.6379   -0.1914    0.0415    0.1278   -0.0035
   12 H3     2s         0.0290    0.0033   -0.0589    0.0655   -0.0393   -0.1141    0.3109   -0.1309   -0.4132   -0.4838
   13 H3     2px       -0.0000    0.0000    0.0000   -0.0000    0.0000    0.0000    0.0000   -0.0000   -0.0000   -0.0000
   14 H3     2py        0.0000    0.0000    0.0000    0.0000   -0.0000    0.0000   -0.0000   -0.0000   -0.0000    0.0000
   15 H3     2pz        0.0003    0.0038   -0.0034   -0.0009   -0.0008   -0.0022   -0.0025   -0.0122    0.0090    0.0198
   16 H4     1s         0.4312    0.1014   -0.4708   -0.5159   -0.1825    0.6379   -0.1914   -0.0415    0.1278    0.0035
   17 H4     2s         0.0290   -0.0033   -0.0589   -0.0655   -0.0393    0.1141    0.3109    0.1309   -0.4132    0.4838
   18 H4     2px       -0.0000   -0.0000    0.0000    0.0000   -0.0000   -0.0000    0.0000    0.0000   -0.0000    0.0000
   19 H4     2py       -0.0000   -0.0000   -0.0000   -0.0000   -0.0000    0.0000    0.0000   -0.0000    0.0000    0.0000
   20 H4     2pz       -0.0003    0.0038    0.0034   -0.0009    0.0008   -0.0022    0.0025   -0.0122   -0.0090    0.0198
   21 H5     1s         0.3457    0.4632    0.2945   -0.2762    0.5917   -0.5190   -0.1953   -0.1932   -0.0578    0.0632
   22 H5     2s         0.0217    0.0455    0.0483   -0.0205    0.0871   -0.0928    0.2558    0.2599   -0.0728    0.6041
   23 H5     2px        0.0000    0.0000    0.0000   -0.0000    0.0000    0.0000    0.0000   -0.0000    0.0000    0.0000
   24 H5     2py        0.0000    0.0000   -0.0000    0.0000   -0.0000   -0.0000    0.0000    0.0000   -0.0000    0.0000
   25 H5     2pz       -0.0014    0.0019    0.0051    0.0020    0.0005   -0.0008   -0.0019   -0.0158   -0.0188   -0.0180
   26 H6     1s         0.2568    0.4276    0.4067    0.4679   -0.5387    0.3462   -0.1063   -0.1065    0.0174   -0.1826
   27 H6     2s         0.0180    0.0324    0.0339    0.0502   -0.0640    0.0449    0.3130    0.5318    0.6406   -0.6412
   28 H6     2px        0.0000   -0.0000   -0.0000   -0.0000    0.0000   -0.0000    0.0000    0.0000    0.0000   -0.0000
   29 H6     2py       -0.0000    0.0000   -0.0000   -0.0000    0.0000   -0.0000    0.0000    0.0000    0.0000   -0.0000
   30 H6     2pz       -0.0029   -0.0036   -0.0022   -0.0017    0.0031   -0.0029    0.0233    0.0323    0.0305   -0.0441
 
 
      Orbital               11        12        13        14        15        16        17        18        19        20
      Energy            0.6451    0.7372    0.7466    0.8121    0.8121    0.8512    0.8512    0.9111    0.9111    0.9846
      Occ. No.          0.0000    0.0000    0.0000    0.0000    0.0000    0.0000    0.0000    0.0000    0.0000    0.0000
 
    1 H1     1s        -0.2545   -0.1534    0.2006    0.0000   -0.0000   -0.0000    0.0000    0.0000   -0.0000   -0.0000
    2 H1     2s        -0.4815   -0.1469    0.2034   -0.0000   -0.0000    0.0000   -0.0000   -0.0000    0.0000    0.0000
    3 H1     2px       -0.0000   -0.0000    0.0000    0.0323    0.2120   -0.0431   -0.3940    0.0604    0.5066   -0.0356
    4 H1     2py       -0.0000   -0.0000    0.0000    0.2120   -0.0323   -0.3940    0.0431    0.5066   -0.0604   -0.5300
    5 H1     2pz        0.0975    0.3230   -0.3560    0.0000    0.0000   -0.0000   -0.0000   -0.0000   -0.0000    0.0000
    6 H2     1s         0.2661    0.1112   -0.2183   -0.0000   -0.0000    0.0000   -0.0000    0.0000    0.0000   -0.0000
    7 H2     2s         0.9524    0.2888   -0.5279    0.0000    0.0000   -0.0000    0.0000    0.0000   -0.0000   -0.0000
    8 H2     2px       -0.0000   -0.0000    0.0000    0.0586    0.3848   -0.0542   -0.4951    0.0276    0.2315    0.0157
    9 H2     2py       -0.0000   -0.0000    0.0000    0.3848   -0.0586   -0.4951    0.0542    0.2315   -0.0276    0.2331
   10 H2     2pz        0.0563   -0.3709    0.3386   -0.0000   -0.0000    0.0000    0.0000    0.0000    0.0000   -0.0000
   11 H3     1s        -0.1211   -0.0467    0.2613    0.0000    0.0000   -0.0000   -0.0000   -0.0000   -0.0000    0.0000
   12 H3     2s        -0.5065   -0.1462    0.6890   -0.0000   -0.0000   -0.0000    0.0000   -0.0000   -0.0000    0.0000
   13 H3     2px       -0.0000   -0.0000    0.0000    0.0734    0.4822   -0.0241   -0.2200   -0.0486   -0.4081    0.0287
   14 H3     2py        0.0000   -0.0000    0.0000    0.4822   -0.0734   -0.2200    0.0241   -0.4081    0.0486    0.4270
   15 H3     2pz       -0.2218    0.3488   -0.1360    0.0000    0.0000   -0.0000   -0.0000   -0.0000    0.0000    0.0000
   16 H4     1s        -0.1211   -0.0467   -0.2613    0.0000    0.0000    0.0000    0.0000    0.0000   -0.0000   -0.0000
   17 H4     2s        -0.5065   -0.1462   -0.6890   -0.0000   -0.0000    0.0000   -0.0000    0.0000    0.0000   -0.0000
   18 H4     2px       -0.0000   -0.0000   -0.0000    0.0734    0.4822    0.0241    0.2200   -0.0486   -0.4081   -0.0287
   19 H4     2py        0.0000    0.0000    0.0000    0.4822   -0.0734    0.2200   -0.0241   -0.4081    0.0486   -0.4270
   20 H4     2pz        0.2218   -0.3488   -0.1360    0.0000    0.0000   -0.0000   -0.0000    0.0000   -0.0000    0.0000
   21 H5     1s         0.2662    0.1112    0.2183    0.0000   -0.0000   -0.0000    0.0000   -0.0000   -0.0000   -0.0000
   22 H5     2s         0.9524    0.2888    0.5279   -0.0000    0.0000   -0.0000   -0.0000   -0.0000    0.0000    0.0000
   23 H5     2px       -0.0000   -0.0000    0.0000    0.0586    0.3848    0.0542    0.4951    0.0276    0.2315   -0.0157
   24 H5     2py        0.0000    0.0000   -0.0000    0.3848   -0.0586    0.4951   -0.0542    0.2315   -0.0276   -0.2331
   25 H5     2pz       -0.0563    0.3709    0.3386   -0.0000   -0.0000    0.0000    0.0000    0.0000    0.0000   -0.0000
   26 H6     1s        -0.2545   -0.1534   -0.2006   -0.0000   -0.0000    0.0000   -0.0000    0.0000    0.0000   -0.0000
   27 H6     2s        -0.4815   -0.1469   -0.2034    0.0000   -0.0000   -0.0000    0.0000   -0.0000   -0.0000   -0.0000
   28 H6     2px       -0.0000   -0.0000    0.0000    0.0323    0.2120    0.0431    0.3940    0.0604    0.5066    0.0356
   29 H6     2py       -0.0000    0.0000   -0.0000    0.2120   -0.0323    0.3940   -0.0431    0.5066   -0.0604    0.5300
   30 H6     2pz       -0.0975   -0.3230   -0.3560    0.0000    0.0000   -0.0000   -0.0000   -0.0000    0.0000    0.0000
 
 
      Orbital               21        22        23        24        25        26        27        28        29        30
      Energy            0.9846    1.0562    1.0562    1.1096    1.1096    1.1637    1.1741    1.2693    1.4174    1.5498
      Occ. No.          0.0000    0.0000    0.0000    0.0000    0.0000    0.0000    0.0000    0.0000    0.0000    0.0000
 
    1 H1     1s         0.0000    0.0000   -0.0000    0.0000   -0.0000    0.2263   -0.2094   -0.2149   -0.1684    0.1046
    2 H1     2s         0.0000    0.0000   -0.0000   -0.0000   -0.0000    0.4209   -0.3482   -0.3483   -0.2028    0.0974
    3 H1     2px       -0.5300   -0.0127    0.4437   -0.0770   -0.2411    0.0000   -0.0000   -0.0000   -0.0000   -0.0000
    4 H1     2py        0.0356    0.4437    0.0127   -0.2411    0.0770   -0.0000    0.0000    0.0000   -0.0000    0.0000
    5 H1     2pz        0.0000    0.0000   -0.0000    0.0000   -0.0000    0.4858   -0.2098   -0.5800   -0.4877    0.2829
    6 H2     1s        -0.0000    0.0000    0.0000    0.0000    0.0000   -0.5058    0.6053    0.3423    0.0791    0.0259
    7 H2     2s        -0.0000   -0.0000    0.0000    0.0000    0.0000   -0.8170    1.0547    0.4551    0.1077   -0.0213
    8 H2     2px        0.2331    0.0157   -0.5481    0.1374    0.4305   -0.0000   -0.0000    0.0000    0.0000   -0.0000
    9 H2     2py       -0.0157   -0.5481   -0.0157    0.4305   -0.1374   -0.0000    0.0000    0.0000   -0.0000    0.0000
   10 H2     2pz       -0.0000   -0.0000    0.0000    0.0000    0.0000   -0.1607    0.3661   -0.2975   -0.6741    0.5509
   11 H3     1s         0.0000    0.0000   -0.0000   -0.0000   -0.0000    0.2778   -0.9588    0.0020    0.1188    0.0356
   12 H3     2s         0.0000    0.0000   -0.0000   -0.0000   -0.0000    0.4393   -1.6487   -0.0808    0.0605    0.0386
   13 H3     2px        0.4270   -0.0069    0.2420   -0.1709   -0.5354   -0.0000    0.0000    0.0000    0.0000    0.0000
   14 H3     2py       -0.0287    0.2420    0.0069   -0.5354    0.1709    0.0000    0.0000    0.0000    0.0000    0.0000
   15 H3     2pz        0.0000   -0.0000   -0.0000   -0.0000   -0.0000   -0.5153   -0.1884    0.4845   -0.2805    0.6855
   16 H4     1s        -0.0000   -0.0000    0.0000    0.0000    0.0000    0.2778    0.9588   -0.0020    0.1188   -0.0356
   17 H4     2s        -0.0000   -0.0000    0.0000    0.0000    0.0000    0.4393    1.6487    0.0808    0.0605   -0.0386
   18 H4     2px       -0.4270   -0.0069    0.2420    0.1709    0.5354   -0.0000   -0.0000   -0.0000    0.0000   -0.0000
   19 H4     2py        0.0287    0.2420    0.0069    0.5354   -0.1709   -0.0000    0.0000    0.0000   -0.0000    0.0000
   20 H4     2pz        0.0000    0.0000   -0.0000    0.0000   -0.0000    0.5153   -0.1884    0.4845    0.2805    0.6855
   21 H5     1s         0.0000   -0.0000   -0.0000   -0.0000   -0.0000   -0.5058   -0.6053   -0.3423    0.0791   -0.0259
   22 H5     2s         0.0000    0.0000   -0.0000   -0.0000   -0.0000   -0.8169   -1.0547   -0.4551    0.1077    0.0213
   23 H5     2px       -0.2331    0.0157   -0.5481   -0.1374   -0.4305   -0.0000    0.0000    0.0000    0.0000    0.0000
   24 H5     2py        0.0157   -0.5481   -0.0157   -0.4305    0.1374    0.0000   -0.0000   -0.0000    0.0000   -0.0000
   25 H5     2pz       -0.0000    0.0000    0.0000    0.0000    0.0000    0.1607    0.3661   -0.2975    0.6741    0.5509
   26 H6     1s        -0.0000    0.0000    0.0000    0.0000    0.0000    0.2263    0.2094    0.2149   -0.1684   -0.1046
   27 H6     2s        -0.0000   -0.0000    0.0000    0.0000    0.0000    0.4209    0.3482    0.3483   -0.2028   -0.0974
   28 H6     2px        0.5300   -0.0127    0.4437    0.0770    0.2411   -0.0000   -0.0000   -0.0000   -0.0000   -0.0000
   29 H6     2py       -0.0356    0.4437    0.0127    0.2411   -0.0770   -0.0000   -0.0000   -0.0000   -0.0000   -0.0000
   30 H6     2pz        0.0000   -0.0000   -0.0000   -0.0000   -0.0000   -0.4858   -0.2098   -0.5800    0.4877    0.2829
--
 
      Von Neumann Entropy (Root  1) =  2.62821
 

      Mulliken population analysis for root number:  1
      -----------------------------------------------
 
 
++    Molecular charges:
      ------------------
 
      Mulliken charges per centre and basis function type
      ---------------------------------------------------
 
                H1      H2      H3      H4      H5      H6    
      1s       0.9869  1.0020  1.0013  1.0013  1.0020  0.9869
      2s       0.0077  0.0014 -0.0030 -0.0030  0.0014  0.0077
      2px      0.0000  0.0000  0.0000  0.0000  0.0000  0.0000
      2pz      0.0005  0.0017  0.0015  0.0015  0.0017  0.0005
      2py      0.0000  0.0000  0.0000  0.0000  0.0000  0.0000
      Total    0.9952  1.0050  0.9998  0.9998  1.0050  0.9952
 
      N-E      0.0048 -0.0050  0.0002  0.0002 -0.0050  0.0048
 
      Total electronic charge=    6.000000
 
      Total            charge=   -0.000000
--
 
 

      Expectation values of various properties for root number:  1
      -----------------------------------------------------------
 
 
++    Molecular properties:
      ---------------------
 
      Charge (e):
                      =   -0.0000
      Dipole Moment (Debye):
      Origin of the operator (Ang)=    0.0000    0.0000    0.0000
                   X=  2.6202E-09               Y=  2.5899E-09               Z= -9.4465E-08           Total=  9.4537E-08
      Quadrupole Moment (Debye*Ang):
      Origin of the operator (Ang)=    0.0000    0.0000    5.6212
                  XX= -9.2239E+00              XY=  1.6459E-19              XZ=  1.8160E-08              YY= -9.2239E+00
                  YZ= -1.3318E-09              ZZ= -7.9274E+00
      In traceless form (Debye*Ang)
                  XX= -6.4822E-01              XY=  2.4689E-19              XZ=  2.7240E-08              YY= -6.4822E-01
                  YZ= -1.9977E-09              ZZ=  1.2964E+00
--
 

      LoProp population analysis for root number:  1
      -----------------------------------------------
 
 
++    LoProp analysis:
      ----------------
 
 
 
  Input file to MOLDEN was generated!
 
 
++    Static properties:
      ------------------
 
 
      LoProp Charges per center
 

                   H1       H2       H3       H4       H5       H6    
      Nuclear      1.0000   1.0000   1.0000   1.0000   1.0000   1.0000
      Electronic  -1.0001  -1.0000  -0.9999  -0.9999  -1.0000  -1.0001
 
      Total       -0.0001   0.0000   0.0001   0.0001   0.0000  -0.0001
--
 
 
      Natural Bond Order analysis for root number:  1
 
++    Natural Bond Order analysis
      ---------------------------
      Based on LoProp computed density
      -------------------------------------------------------------------------------------
      Atom A       Atom B       Bond Order
      -------------------------------------------------------------------------------------
      The remaining    6.000 electrons are to be considered as diffuse
--
 
--
 
 
  Input file to MOLDEN was generated!
 
      Average orbitals are written to the RASORB file
      Natural orbitals for root   1 are written to the RASORB.1 file
      Spin density orbitals for root   1 are written to the SPDORB.1 file
 
 ###############################################################################
 ###############################################################################
 ###                                                                         ###
 ###                                                                         ###
 ###    RunFile label BirthCertificate                                       ###
 ###    was used       51 times                                              ###
 ###                                                                         ###
 ###                                                                         ###
 ###############################################################################
 ###############################################################################
forrtl: warning (525): IEEE_DIVIDE_BY_ZERO is signaling
forrtl: warning (526): IEEE_INVALID is signaling
forrtl: warning (528): IEEE_UNDERFLOW is signaling
--- Stop Module: rasscf at Sun Oct 26 13:07:47 2025 /rc=_RC_ALL_IS_WELL_ ---
*** files: H6_2.25.LprOrb H6_2.25.rasscf.molden H6_2.25.LoProp.molden H6_2.25.RasOrb.1 H6_2.25.RasOrb H6_2.25.rasscf.h5 H6_2.25.SpdOrb.1 xmldump
    saved to directory /home/grierjones/DDCASPT2/hydrogen_comps/rerun/H6_chain/H6_2.25
--- Module rasscf spent 3 seconds ---

>>> COPY /tmp/H6_2.25/H6_2.25.rasscf.h5 /home/grierjones/DDCASPT2/hydrogen_comps/rerun/H6_chain/H6_2.25/

>>> COPY /tmp/H6_2.25/GMJ_Fock_MO.csv /home/grierjones/DDCASPT2/hydrogen_comps/rerun/H6_chain/H6_2.25/H6_2.25.GMJ_Fock_MO.csv

*** symbolic link created: INPORB -> H6_2.25.RasOrb
--- Start Module: motra at Sun Oct 26 13:07:47 2025 ---
 
()()()()()()()()()()()()()()()()()()()()()()()()()()()()()()()()()()()()()()()()()()()()()()()()()()

                                               &MOTRA

                                   only a single process is used
                       available to each process: 2.0 GB of memory, 1 thread?
()()()()()()()()()()()()()()()()()()()()()()()()()()()()()()()()()()()()()()()()()()()()()()()()()()
 
 
      *** WARNING: Default frozen orbitals is overwritten by user input.
      *** Default values:   0
 
      Header of the integral files:
      
       Integrals generated by seward 4.2.0  , Sun Oct 26 13:07:43 2025
 
 
      Header of MO coefficients source file:
      * RASSCF average (pseudo-natural) orbitals                                      
 
 
      Cartesian coordinates in Angstrom:
      -----------------------------------------------------
      No.  Label        X            Y            Z        
      -----------------------------------------------------
       1   H1         0.00000000   0.00000000   0.00000000
       2   H2         0.00000000   0.00000000   2.24848500
       3   H3         0.00000000   0.00000000   4.49697000
       4   H4         0.00000000   0.00000000   6.74545500
       5   H5         0.00000000   0.00000000   8.99393900
       6   H6         0.00000000   0.00000000  11.24242400
      -----------------------------------------------------
      Nuclear repulsion energy =    2.04753075
 
      Orbital specifications:
      -----------------------
 
      Symmetry species:              1
      Number of basis functions:    30
      Frozen orbitals:               0
      Deleted orbitals:              0
      Number of orbitals used:      30

       SYMMETRY  BASIS FUNCTIONS       ORBITALS      INTEGRALS   CPU(SEC)  I/O(SEC)
        1 1 1 1   30  30  30  30    30  30  30  30      108345       0.00      0.00

       TOTAL CPU TIME(SEC)    0.05TOTAL I/O TIME(SEC)    0.16
 
--- Stop Module: motra at Sun Oct 26 13:07:47 2025 /rc=_RC_ALL_IS_WELL_ ---
*** files: xmldump
    saved to directory /home/grierjones/DDCASPT2/hydrogen_comps/rerun/H6_chain/H6_2.25

>>> COPY /tmp/H6_2.25/GMJ_one_int_indx.csv /home/grierjones/DDCASPT2/hydrogen_comps/rerun/H6_chain/H6_2.25/H6_2.25.GMJ_one_int_indx.csv

>>> COPY /tmp/H6_2.25/GMJ_one_int.csv /home/grierjones/DDCASPT2/hydrogen_comps/rerun/H6_chain/H6_2.25/H6_2.25.GMJ_one_int.csv

>>> COPY /tmp/H6_2.25/GMJ_two_int_indx.csv /home/grierjones/DDCASPT2/hydrogen_comps/rerun/H6_chain/H6_2.25/H6_2.25.GMJ_two_int_indx.csv

>>> COPY /tmp/H6_2.25/GMJ_two_int.csv /home/grierjones/DDCASPT2/hydrogen_comps/rerun/H6_chain/H6_2.25/H6_2.25.GMJ_two_int.csv

*** symbolic link created: INPORB -> H6_2.25.RasOrb
--- Start Module: caspt2 at Sun Oct 26 13:07:47 2025 ---
 
()()()()()()()()()()()()()()()()()()()()()()()()()()()()()()()()()()()()()()()()()()()()()()()()()()

                                              &CASPT2

                                   only a single process is used
                       available to each process: 2.0 GB of memory, 1 thread?
()()()()()()()()()()()()()()()()()()()()()()()()()()()()()()()()()()()()()()()()()()()()()()()()()()
 
 Cholesky algorithm in CASPT2 =    1
 
 ###############################################################################
 ###############################################################################
 ###                                                                         ###
 ###                                                                         ###
 ###    User changed nr of frozen orbitals.                                  ###
 ###                                                                         ###
 ###                                                                         ###
 ###############################################################################
 ###############################################################################
 
++    Wave function specifications:
      -----------------------------
 
      Number of closed shell electrons           0
      Number of electrons in active shells       6
      Max number of holes in RAS1 space          0
      Max number of electrons in RAS3 space      0
      Number of inactive orbitals                0
      Number of active orbitals                  6
      Number of secondary orbitals              24
      Spin quantum number                      0.0
      State symmetry                             1
      Number of CSFs                           175
      Number of root(s) available                1
      Root passed to geometry opt.               1
      A file JOBMIX will be created.
      This is a CASSCF or RASSCF reference function
--
 
++    Orbital specifications:
      -----------------------
 
      Symmetry species                           1
                                                 a
      Frozen orbitals                            0
      Inactive orbitals                          0
      Active orbitals                            6
      Secondary orbitals                        24
      Deleted orbitals                           0
      Number of basis functions                 30
--
 
      Type of Fock operator: STANDARD
      Type of 0-order Hamiltonian: STANDARD WITH DEFAULT IPEA
        "IP-EA" denominator shift =      0.25
      The input orbitals and the CI vector will be transformed.
 
--------------------------------------------------------------------------------
 Estimated memory requirements:
  POLY3 :                   262414
  RHS:                      285604
  SIGMA :                   275200
  PRPCTL:                        0
 Available workspace:    230396124
 
++ CASPT2 computation for group   1
 
********************************************************************************
 Multi-State initialization phase begins for group   1
--------------------------------------------------------------------------------
********************************************************************************
 Compute H0 matrices for state    1
--------------------------------------------------------------------------------
--------------------------------------------------------------------------------
 H0 matrices have been computed.
 
********************************************************************************
  CASPT2 EQUATION SOLUTION
--------------------------------------------------------------------------------
 
  Total nr of CASPT2 parameters:
   Before reduction:       15624
   After  reduction:       15024
 
 The contributions to the second order correlation energy in atomic units.
-----------------------------------------------------------------------------------------------------------------------------
  IT.      VJTU        VJTI        ATVX        AIVX        VJAI        BVAT        BJAT        BJAI        TOTAL       RNORM  
-----------------------------------------------------------------------------------------------------------------------------
   1     0.000000    0.000000   -0.001309    0.000000    0.000000   -0.003552    0.000000    0.000000   -0.004861    0.000707
   2     0.000000    0.000000   -0.001323    0.000000    0.000000   -0.003557    0.000000    0.000000   -0.004880    0.000090
   3     0.000000    0.000000   -0.001324    0.000000    0.000000   -0.003557    0.000000    0.000000   -0.004881    0.000018
   4     0.000000    0.000000   -0.001323    0.000000    0.000000   -0.003557    0.000000    0.000000   -0.004880    0.000002
-------------------------------------------------------------------------------------------------------------------
 
  FINAL CASPT2 RESULT:
 
  Correlation energy /Case, /Symm, and sums:
 VJTU      0.00000000  0.00000000
 VJTIP     0.00000000  0.00000000
 VJTIM     0.00000000  0.00000000
 ATVX     -0.00132342 -0.00132342
 AIVX      0.00000000  0.00000000
 VJAIP     0.00000000  0.00000000
 VJAIM     0.00000000  0.00000000
 BVATP    -0.00332858 -0.00332858
 BVATM    -0.00022835 -0.00022835
 BJATP     0.00000000  0.00000000
 BJATM     0.00000000  0.00000000
 BJAIP     0.00000000  0.00000000
 BJAIM     0.00000000  0.00000000
 Summed:  -0.00488035 -0.00488035
 
      Reference energy:          -3.0163456886
      E2 (Non-variational):      -0.0048803468
      E2 (Variational):          -0.0048803508
      Total energy:              -3.0212260394
      Residual norm:              0.0000003126
      Reference weight:           0.99698
 
      Contributions to the CASPT2 correlation energy
      Active & Virtual Only:         -0.0048803468
      One Inactive Excited:           0.0000000000
      Two Inactive Excited:           0.0000000000
 
 
++ Denominators, etc.
----------------------------------------------------------------------------------------------------
 Report on small energy denominators, large coefficients, and large energy contributions.
CASE  SYMM ACTIVE-MIX  NON-ACTIVE INDICES          DENOMINATOR     RHS VALUE       COEFFICIENT     CONTRIBUTION
--
 
   (Skipping property calculation,
    use PROP keyword to activate)
--
 
  Total CASPT2 energies:
::    CASPT2 Root  1     Total energy:     -3.02122604
 
  A NEW JOBIPH FILE NAMED 'JOBMIX' IS PREPARED.
********************************************************************************
forrtl: warning (528): IEEE_UNDERFLOW is signaling
--- Stop Module: caspt2 at Sun Oct 26 13:07:48 2025 /rc=_RC_ALL_IS_WELL_ ---
*** files: xmldump
    saved to directory /home/grierjones/DDCASPT2/hydrogen_comps/rerun/H6_chain/H6_2.25

>>> EXPORT i = B

>>> EXPORT j = P

>>> IF (-FILE GMJ_e2_${i}_${j}_1_.csv)
(Skipped)

>>> END FOREACH

>>> EXPORT j = M

>>> IF (-FILE GMJ_e2_${i}_${j}_1_.csv)
(Skipped)

>>> END FOREACH

>>> END FOREACH

>>> EXPORT i = E

>>> EXPORT j = P

>>> IF (-FILE GMJ_e2_${i}_${j}_1_.csv)
(Skipped)

>>> END FOREACH

>>> EXPORT j = M

>>> IF (-FILE GMJ_e2_${i}_${j}_1_.csv)
(Skipped)

>>> END FOREACH

>>> END FOREACH

>>> EXPORT i = F

>>> EXPORT j = P

>>> IF (-FILE GMJ_e2_${i}_${j}_1_.csv)

>>> COPY /tmp/H6_2.25/GMJ_RHS_F_P_1_.csv /home/grierjones/DDCASPT2/hydrogen_comps/rerun/H6_chain/H6_2.25/GMJ_RHS_F_P_1_.csv

>>> COPY /tmp/H6_2.25/GMJ_IVECW_F_P_1_.csv /home/grierjones/DDCASPT2/hydrogen_comps/rerun/H6_chain/H6_2.25/GMJ_IVECW_F_P_1_.csv

>>> COPY /tmp/H6_2.25/GMJ_IVECX_F_P_1_.csv /home/grierjones/DDCASPT2/hydrogen_comps/rerun/H6_chain/H6_2.25/GMJ_IVECX_F_P_1_.csv

>>> COPY /tmp/H6_2.25/GMJ_IVECC2_F_P_1_.csv /home/grierjones/DDCASPT2/hydrogen_comps/rerun/H6_chain/H6_2.25/GMJ_IVECC2_F_P_1_.csv

>>> COPY /tmp/H6_2.25/GMJ_e2_F_P_1_.csv /home/grierjones/DDCASPT2/hydrogen_comps/rerun/H6_chain/H6_2.25/GMJ_e2_F_P_1_.csv

>>> END FOREACH

>>> EXPORT j = M

>>> IF (-FILE GMJ_e2_${i}_${j}_1_.csv)

>>> COPY /tmp/H6_2.25/GMJ_RHS_F_M_1_.csv /home/grierjones/DDCASPT2/hydrogen_comps/rerun/H6_chain/H6_2.25/GMJ_RHS_F_M_1_.csv

>>> COPY /tmp/H6_2.25/GMJ_IVECW_F_M_1_.csv /home/grierjones/DDCASPT2/hydrogen_comps/rerun/H6_chain/H6_2.25/GMJ_IVECW_F_M_1_.csv

>>> COPY /tmp/H6_2.25/GMJ_IVECX_F_M_1_.csv /home/grierjones/DDCASPT2/hydrogen_comps/rerun/H6_chain/H6_2.25/GMJ_IVECX_F_M_1_.csv

>>> COPY /tmp/H6_2.25/GMJ_IVECC2_F_M_1_.csv /home/grierjones/DDCASPT2/hydrogen_comps/rerun/H6_chain/H6_2.25/GMJ_IVECC2_F_M_1_.csv

>>> COPY /tmp/H6_2.25/GMJ_e2_F_M_1_.csv /home/grierjones/DDCASPT2/hydrogen_comps/rerun/H6_chain/H6_2.25/GMJ_e2_F_M_1_.csv

>>> END FOREACH

>>> END FOREACH

>>> EXPORT i = G

>>> EXPORT j = P

>>> IF (-FILE GMJ_e2_${i}_${j}_1_.csv)
(Skipped)

>>> END FOREACH

>>> EXPORT j = M

>>> IF (-FILE GMJ_e2_${i}_${j}_1_.csv)
(Skipped)

>>> END FOREACH

>>> END FOREACH

>>> EXPORT i = H

>>> EXPORT j = P

>>> IF (-FILE GMJ_e2_${i}_${j}_1_.csv)
(Skipped)

>>> END FOREACH

>>> EXPORT j = M

>>> IF (-FILE GMJ_e2_${i}_${j}_1_.csv)
(Skipped)

>>> END FOREACH

>>> END FOREACH

>>> EXPORT i = A

>>> IF (-FILE GMJ_e2_${i}_1_.csv)
(Skipped)

>>> END FOREACH

>>> EXPORT i = C

>>> IF (-FILE GMJ_e2_${i}_1_.csv)

>>> COPY /tmp/H6_2.25/GMJ_RHS_C_1_.csv /home/grierjones/DDCASPT2/hydrogen_comps/rerun/H6_chain/H6_2.25/GMJ_RHS_C_1_.csv

>>> COPY /tmp/H6_2.25/GMJ_IVECW_C_1_.csv /home/grierjones/DDCASPT2/hydrogen_comps/rerun/H6_chain/H6_2.25/GMJ_IVECW_C_1_.csv

>>> COPY /tmp/H6_2.25/GMJ_IVECX_C_1_.csv /home/grierjones/DDCASPT2/hydrogen_comps/rerun/H6_chain/H6_2.25/GMJ_IVECX_C_1_.csv

>>> COPY /tmp/H6_2.25/GMJ_IVECC2_C_1_.csv /home/grierjones/DDCASPT2/hydrogen_comps/rerun/H6_chain/H6_2.25/GMJ_IVECC2_C_1_.csv

>>> COPY /tmp/H6_2.25/GMJ_e2_C_1_.csv /home/grierjones/DDCASPT2/hydrogen_comps/rerun/H6_chain/H6_2.25/GMJ_e2_C_1_.csv

>>> END FOREACH

>>> EXPORT i = D

>>> IF (-FILE GMJ_e2_${i}_1_.csv)
(Skipped)

>>> END FOREACH

.########################.
.# Non-zero return code #.
.########################.

    Timing: Wall=4.53 User=3.62 System=0.91
***************************************
*** WorkDir at /tmp/H6_2.25 cleaned ***
***************************************
