   This run of MOLCAS is using the pymolcas driver

                             OPE
                             OPE          NMOL  CASOP  ENMOLC A   SO
                 OPE        NMOLC        AS  OP EN  MO LC     AS  OP
                OPENM       OL CA        SO  PE NM  OL CA     SOP EN
                OP EN      MO   LC       AS  OP ENMOL  CASO   PENMOL
                OP  EN     MO   LC       AS  OP EN     MO     LC ASO
               OP   E  NMOL  C  AS       OP  EN MO     LC     AS  OP
               OP  E   NMO   LC AS        OPEN  MO     LCASOP EN   M
               O  PEN   MO  LCA  SO
            OPE   NMO   L   CAS    OP
        OPENMOL  CASOP     ENMOL   CASOPE
     OPENMOLCA   SOPENMOLCASOPEN   MOLCASOPE
    OPENMOLCAS   OP           EN   MOL    CAS
    OPENMOLCAS       OP  ENM        O     LCA
    OPENMOLCAS    OPEN  MOLCASO     P  E  NMO
    OPENMOLCAS     OP               E  N  MOL
    OPENMOLCA   SO           PENM   O  L  CAS    OPEN    MO    LCAS
    OPENMOLCA   SOP           ENM   O  L  CAS   OP  EN  MOLC  AS   O
    OPENMOLCA   SOPE           NM      O  LCA   S      OP  EN MO
    OPENMOLC                AS         O  PEN   M      OL  CA  SOPE
    OPENMO        LCASOPE  NMOL        C  ASO   P      ENMOLC     AS
    OPE     NMO      LCA  SO     P     E   NM   OL  CA SO  PE N   MO
          OPENMOLCA            SOPE   NMO        LCAS  O    P  ENMO
     OPENMOLCASOPENMOLCASOPENMOLCASOPENMOLCA
        OPENMOLCASOPENMOLCASOPENMOLCASOPE
            OPENMOLCASOPENMOLCASOPENM
               OPENMOLCASOPENMOLCA        version: f37762c57
                   OPENMOLCASO
                       OPE                tag:

 OpenMolcas is free software; you can redistribute it and/or modify it
 under the terms of the GNU Lesser General Public License version 2.1.
 OpenMolcas is distributed in the hope that it will be useful, but it
 is provided "as is" and without any express or implied warranties.
 For more details see the full text of the license in the file
 LICENSE or in <http://www.gnu.org/licenses/>.

                 Copyright (C) The OpenMolcas Authors
           For the author list and the recommended citation,
                   consult the file CONTRIBUTORS.md

           *************************************************
           * pymolcas version py2.28                       *
           *   build c4a6d18ded8cb6cad61d2372a9abd97c      *
           *   (after the EMIL interpreter by V. Veryazov) *
           *************************************************

configuration info
------------------
C Compiler ID: Intel
C flags: -std=gnu99 -gcc-sys
Fortran Compiler ID: IntelLLVM
Fortran flags: -standard-semantics -fltconsistency -fpp -i8 -heap-arrays
Definitions: _MOLCAS_;_I8_;_LINUX_
Parallel: OFF (GA=OFF)


   --------------------------------------------------------------------------------------
  |
  |              Project: H8_0.92
  |       Submitted from: ${LOCALHOME}/DDCASPT2/hydrogen_comps/rerun/H8_chain/H8_0.92
  |         Scratch area: /tmp/H8_0.92
  |      Save outputs to: ${LOCALHOME}/DDCASPT2/hydrogen_comps/rerun/H8_chain/H8_0.92
  |               Molcas: ${LOCALHOME}/Test/build
  |
  | Scratch area is empty
  |
  |       MOLCAS_DRIVER = /usr/local/pymolcas
  | MOLCAS_KEEP_WORKDIR = NO
  |  MOLCAS_NEW_WORKDIR = YES
  |       MOLCAS_NPROCS = 1
  |        MOLCAS_PRINT = NORMAL
  |       MOLCAS_SOURCE = ${LOCALHOME}/Test
  |    MOLCAS_STRUCTURE = 0
  |
   --------------------------------------------------------------------------------------

++ ---------   Input file   ---------

&GATEWAY
coord=H8_0.92.xyz
Basis = ANO-RCC-VDZP
Group = nosymm
End of Input

&SEWARD
End of Input

&SCF

>>> COPY $WorkDir/H8_0.92.scf.h5 $CurrDir/

&RASSCF
Title= RASSCF
FileOrb
${LOCALHOME}/DDCASPT2/hydrogen_comps/rerun/H8_chain/H8_0.60/H8_0.60.RasOrb
NACTEL
8 0 0
Inactive
0
RAS2
8
Symmetry
1
Spin
1
orblisting
all

>>> COPY $WorkDir/H8_0.92.rasscf.h5 $CurrDir/

>>> COPY $WorkDir/DDCASPT2_Fock_MO.csv $CurrDir/H8_0.92.DDCASPT2_Fock_MO.csv

&MOTRA
Frozen=0
LUMORB

>>> COPY $WorkDir/DDCASPT2_one_int_indx.csv $CurrDir/H8_0.92.DDCASPT2_one_int_indx.csv

>>> COPY $WorkDir/DDCASPT2_one_int.csv $CurrDir/H8_0.92.DDCASPT2_one_int.csv

>>> COPY $WorkDir/DDCASPT2_two_int_indx.csv $CurrDir/H8_0.92.DDCASPT2_two_int_indx.csv

>>> COPY $WorkDir/DDCASPT2_two_int.csv $CurrDir/H8_0.92.DDCASPT2_two_int.csv

&CASPT2
Frozen
0

MAXITER
50

>>> FOREACH i IN (B,E,F,G,H)

  >>> FOREACH j IN (P,M)

    >>> IF (-FILE DDCASPT2_e2_${i}_${j}_1_.csv)

      >>> COPY $WorkDir/DDCASPT2_RHS_${i}_${j}_1_.csv $CurrDir/DDCASPT2_RHS_${i}_${j}_1_.csv

      >>> COPY $WorkDir/DDCASPT2_IVECW_${i}_${j}_1_.csv $CurrDir/DDCASPT2_IVECW_${i}_${j}_1_.csv

      >>> COPY $WorkDir/DDCASPT2_IVECX_${i}_${j}_1_.csv $CurrDir/DDCASPT2_IVECX_${i}_${j}_1_.csv

      >>> COPY $WorkDir/DDCASPT2_IVECC2_${i}_${j}_1_.csv $CurrDir/DDCASPT2_IVECC2_${i}_${j}_1_.csv

      >>> COPY $WorkDir/DDCASPT2_e2_${i}_${j}_1_.csv $CurrDir/DDCASPT2_e2_${i}_${j}_1_.csv

    >>> END IF

  >>> END FOREACH

>>> END FOREACH

>>> FOREACH i IN (A,C,D)

  >>> IF (-FILE DDCASPT2_e2_${i}_1_.csv)

    >>> COPY $WorkDir/DDCASPT2_RHS_${i}_1_.csv $CurrDir/DDCASPT2_RHS_${i}_1_.csv

    >>> COPY $WorkDir/DDCASPT2_IVECW_${i}_1_.csv $CurrDir/DDCASPT2_IVECW_${i}_1_.csv

    >>> COPY $WorkDir/DDCASPT2_IVECX_${i}_1_.csv $CurrDir/DDCASPT2_IVECX_${i}_1_.csv

    >>> COPY $WorkDir/DDCASPT2_IVECC2_${i}_1_.csv $CurrDir/DDCASPT2_IVECC2_${i}_1_.csv

    >>> COPY $WorkDir/DDCASPT2_e2_${i}_1_.csv $CurrDir/DDCASPT2_e2_${i}_1_.csv

  >>> END IF

>>> END FOREACH

-- ----------------------------------

--- Start Module: gateway at Sun Oct 26 13:06:13 2025 ---
 
()()()()()()()()()()()()()()()()()()()()()()()()()()()()()()()()()()()()()()()()()()()()()()()()()()

                                              &GATEWAY

                                   only a single process is used
                       available to each process: 2.0 GB of memory, 1 thread?
()()()()()()()()()()()()()()()()()()()()()()()()()()()()()()()()()()()()()()()()()()()()()()()()()()
 
 
++    Symmetry information:
      ---------------------
 
                    Character Table for C1 
 
                             E  
                    a        1  x, y, xy, Rz, z, xz, Ry, yz, Rx, I
--
 
 
++    Basis set information:
      ----------------------
 
 
      Basis set label: H.ANO-RCC...2S1P.
 
      Electronic valence basis set:
      ------------------
      Associated Effective Charge   1.000000 au
      Associated Actual Charge      1.000000 au
      Nuclear Model: Point charge
 
      Shell  nPrim  nBasis  Cartesian Spherical Contaminant
         s       8       2        X                  
         p       4       1        X                  
--
 
 
++    Molecular structure info:
      -------------------------
 
                    ************************************************ 
                    **** Cartesian Coordinates / Bohr, Angstrom **** 
                    ************************************************ 
 
     Center  Label                x              y              z                     x              y              z
        1      H1               0.000000       0.000000       0.000000              0.000000       0.000000       0.000000
        2      H2               0.000000       0.000000       1.729387              0.000000       0.000000       0.915152
        3      H3               0.000000       0.000000       3.458771              0.000000       0.000000       1.830303
        4      H4               0.000000       0.000000       5.188158              0.000000       0.000000       2.745455
        5      H5               0.000000       0.000000       6.917543              0.000000       0.000000       3.660606
        6      H6               0.000000       0.000000       8.646929              0.000000       0.000000       4.575758
        7      H7               0.000000       0.000000      10.376314              0.000000       0.000000       5.490909
        8      H8               0.000000       0.000000      12.105701              0.000000       0.000000       6.406061
 
                    *************************************** 
                    *    InterNuclear Distances / Bohr    * 
                    *************************************** 
 
               1 H1            2 H2            3 H3            4 H4            5 H5            6 H6    
    1 H1       0.000000
    2 H2       1.729387        0.000000
    3 H3       3.458771        1.729385        0.000000
    4 H4       5.188158        3.458771        1.729387        0.000000
    5 H5       6.917543        5.188156        3.458771        1.729385        0.000000
    6 H6       8.646929        6.917543        5.188158        3.458771        1.729387        0.000000
    7 H7      10.376314        8.646928        6.917543        5.188156        3.458771        1.729385
    8 H8      12.105701       10.376314        8.646929        6.917543        5.188158        3.458771
 
               7 H7            8 H8    
    7 H7       0.000000
    8 H8       1.729387        0.000000
 
                    ******************************************* 
                    *    InterNuclear Distances / Angstrom    * 
                    ******************************************* 
 
               1 H1            2 H2            3 H3            4 H4            5 H5            6 H6    
    1 H1       0.000000
    2 H2       0.915152        0.000000
    3 H3       1.830303        0.915151        0.000000
    4 H4       2.745455        1.830303        0.915152        0.000000
    5 H5       3.660606        2.745454        1.830303        0.915151        0.000000
    6 H6       4.575758        3.660606        2.745455        1.830303        0.915152        0.000000
    7 H7       5.490909        4.575757        3.660606        2.745454        1.830303        0.915151
    8 H8       6.406061        5.490909        4.575758        3.660606        2.745455        1.830303
 
               7 H7            8 H8    
    7 H7       0.000000
    8 H8       0.915152        0.000000
 
                    ************************************** 
                    *    Valence Bond Angles / Degree    * 
                    ************************************** 
                          Atom centers                 Phi
                      1 H1       2 H2       3 H3       180.00
                      2 H2       3 H3       4 H4       180.00
                      3 H3       4 H4       5 H5       180.00
                      4 H4       5 H5       6 H6       180.00
                      5 H5       6 H6       7 H7       180.00
                      6 H6       7 H7       8 H8       180.00
--
 
 
            Nuclear Potential Energy              7.94666945 au
 
--- Stop Module: gateway at Sun Oct 26 13:06:14 2025 /rc=_RC_ALL_IS_WELL_ ---
*** files: xmldump
    saved to directory ${LOCALHOME}/DDCASPT2/hydrogen_comps/rerun/H8_chain/H8_0.92

--- Start Module: seward at Sun Oct 26 13:06:14 2025 ---
 
()()()()()()()()()()()()()()()()()()()()()()()()()()()()()()()()()()()()()()()()()()()()()()()()()()

                                              &SEWARD

                                   only a single process is used
                       available to each process: 2.0 GB of memory, 1 thread?
()()()()()()()()()()()()()()()()()()()()()()()()()()()()()()()()()()()()()()()()()()()()()()()()()()
 
               SEWARD will generate:
                  Multipole Moment integrals up to order  2
                  Kinetic Energy integrals
                  Nuclear Attraction integrals (point charge)
                  One-Electron Hamiltonian integrals
                  Velocity integrals
                  Relativistic Douglas-Kroll-Hess integrals:
                    - Parametrization         : EXP
                    - DKH order of Hamiltonian: 2
                    - DKH order of Properties : 0
                         - multipole moment operators
                         - electric potential operators
                         - contact operators
                  Atomic mean-field integrals
                  Two-Electron Repulsion integrals
 
                   Integrals are discarded if absolute value <: 0.10E-13
                   Integral cutoff threshold is set to       <: 0.10E-15
 
            Nuclear Potential Energy              7.94666945 au
 
 
      Basis set specifications :
      Symmetry species         a  
      Basis functions           40
 
 
  Input file to MOLDEN was generated!
 
forrtl: warning (525): IEEE_DIVIDE_BY_ZERO is signaling
forrtl: warning (526): IEEE_INVALID is signaling
forrtl: warning (528): IEEE_UNDERFLOW is signaling
--- Stop Module: seward at Sun Oct 26 13:06:14 2025 /rc=_RC_ALL_IS_WELL_ ---
*** files: H8_0.92.GssOrb H8_0.92.guessorb.h5 H8_0.92.guessorb.molden xmldump
    saved to directory ${LOCALHOME}/DDCASPT2/hydrogen_comps/rerun/H8_chain/H8_0.92

*** symbolic link created: INPORB -> H8_0.92.GssOrb
--- Start Module: scf at Sun Oct 26 13:06:14 2025 ---
 
()()()()()()()()()()()()()()()()()()()()()()()()()()()()()()()()()()()()()()()()()()()()()()()()()()

                                                &SCF

                                   only a single process is used
                       available to each process: 2.0 GB of memory, 1 thread?
()()()()()()()()()()()()()()()()()()()()()()()()()()()()()()()()()()()()()()()()()()()()()()()()()()
 
++    Input section:
      --------------
 
      Header of the integral files:
      
       Integrals generated by seward 4.2.0  , Sun Oct 26 13:06:14 2025
 
 
      Cartesian coordinates in Angstrom:
      -----------------------------------------------------
      No.  Label        X            Y            Z        
      -----------------------------------------------------
       1   H1         0.00000000   0.00000000   0.00000000
       2   H2         0.00000000   0.00000000   0.91515200
       3   H3         0.00000000   0.00000000   1.83030300
       4   H4         0.00000000   0.00000000   2.74545500
       5   H5         0.00000000   0.00000000   3.66060600
       6   H6         0.00000000   0.00000000   4.57575800
       7   H7         0.00000000   0.00000000   5.49090900
       8   H8         0.00000000   0.00000000   6.40606100
      -----------------------------------------------------
      Nuclear repulsion energy =    7.94666945
--
 
++    Orbital specifications:
      -----------------------
 
      Symmetry species               1
                                     a
      Frozen orbitals                0
      Occupied orbitals              4
      Secondary orbitals            36
      Deleted orbitals               0
      Total number of orbitals      40
      Number of basis functions     40
--
 
      Molecular charge                           0.000
 
++    Optimization specifications:
      ----------------------------
 
      SCF Algorithm: Conventional
      Minimized density differences are used
      Number of density matrices in core                5
      Maximum number of NDDO SCF iterations           400
      Maximum number of HF SCF iterations             400
      Threshold for SCF energy change            0.10E-08
      Threshold for density matrix               0.10E-03
      Threshold for Fock matrix                  0.15E-03
      Threshold for linear dependence            0.10E-08
      Threshold at which DIIS is turned on       0.15E+00
      Threshold at which QNR/C2DIIS is turned on 0.75E-01
      Threshold for Norm(delta) (QNR/C2DIIS)     0.20E-04
      DIIS extrapolation of the SCF procedure
      All orbitals punched on: SCFORB
--
 
      Input vectors read from INPORB
      Orbital file label: *Guess orbitals
 
 
++ Convergence information
                                   SCF        iterations: Energy and convergence statistics
 
Iter     Tot. SCF        One-elec.       Two-elec.     Energy      Max Dij or  Max Fij      DNorm      TNorm      AccCon     Time
         Energy          Energy          Energy        Change      Delta Norm                                                in Sec.
   1    -4.205578680   -19.470958804     7.318710670   0.00E+00    0.22E+00*   0.17E+00*    0.38E+01   0.16E+02   None         0.
   2    -4.313410799   -19.856391821     7.596311568  -0.11E+00*   0.45E-01*   0.17E-01*    0.18E+01   0.16E+02   EDIIS        0.
   3    -4.317318141   -19.837992692     7.574005097  -0.39E-02*   0.99E-02*   0.48E-02*    0.37E+00   0.16E+02   EDIIS        0.
   4    -4.317581759   -19.843595067     7.579343855  -0.26E-03*   0.37E-02*   0.18E-02*    0.79E-01   0.16E+02   c2DIIS       0.
   5    -4.317617057   -19.843647131     7.579360620  -0.35E-04*   0.80E-03*   0.28E-03*    0.13E-01   0.16E+02   QNRc2DIIS    0.
   6    -4.317618329   -19.843884756     7.579596973  -0.13E-05*   0.57E-03*   0.11E-03     0.11E-02   0.16E+02   QNRc2DIIS    0.
   7    -4.317618600   -19.843854562     7.579566508  -0.27E-06*   0.13E-04    0.78E-05     0.24E-03   0.16E+02   QNRc2DIIS    0.
   8    -4.317618600   -19.843866453     7.579578399  -0.40E-09    0.32E-05    0.16E-05     0.20E-04   0.16E+02   QNRc2DIIS    0.
 
       Convergence after  8 Macro Iterations
--
 
 *****************************************************************************************************************************
 *                                                                                                                           *
 *                                             SCF/KS-DFT Program, Final results                                             *
 *                                                                                                                           *
 *                                                                                                                           *
 *                                                                                                                           *
 *                                                       Final Results                                                       *
 *                                                                                                                           *
 *****************************************************************************************************************************
 
::    Total SCF energy                                 -4.3176186003
      One-electron energy                             -19.8438664528
      Two-electron energy                               7.5795783985
      Nuclear repulsion energy                          7.9466694539
      Kinetic energy (interpolated)                     4.3201578656
      Virial theorem                                    0.9994122286
      Total spin, S(S+1)                                0.0000000000
      Total spin, S                                     0.0000000000
      Max non-diagonal density matrix element           0.0000041958
      Max non-diagonal Fock matrix element              0.0000004347
 
 
      All orbitals with orbital energies smaller than  E(LUMO)+0.5 are printed
 
++    Molecular orbitals:
      -------------------
 
      Title: SCF orbitals

      Molecular orbitals for symmetry species 1: a  
 
          Orbital            1         2         3         4         5         6         7         8         9        10    
          Energy           -0.7685   -0.6803   -0.5389   -0.3546    0.0634    0.1908    0.1961    0.3495    0.3629    0.5251
          Occ. No.          2.0000    2.0000    2.0000    2.0000    0.0000    0.0000    0.0000    0.0000    0.0000    0.0000
 
        1 H1     1s         0.1303   -0.2560    0.3426   -0.4080    0.8842   -0.9974   -0.2355    0.9888   -1.1425   -0.0000
        2 H1     2s         0.0167   -0.0151   -0.0016   -0.0467    0.5383   -0.9449    0.0807    1.1480   -0.4686   -0.0000
        3 H1     2px       -0.0000    0.0000   -0.0000    0.0000    0.0000   -0.0000    0.0000    0.0000   -0.0000    0.1166
        4 H1     2py        0.0000   -0.0000    0.0000   -0.0000   -0.0000    0.0000    0.0000    0.0000    0.0000    0.0409
        5 H1     2pz        0.0131   -0.0232    0.0188   -0.0081    0.0093   -0.0344   -0.0101    0.0920    0.0019    0.0000
        6 H2     1s         0.1488   -0.2774    0.3616   -0.2862   -0.6421    1.4205   -0.1233   -1.5499    1.3516    0.0000
        7 H2     2s        -0.0471    0.0650    0.0122   -0.0966   -0.3144    0.7525    0.1192   -1.0589    1.1511    0.0000
        8 H2     2px       -0.0000    0.0000   -0.0000    0.0000   -0.0000    0.0000   -0.0000    0.0000    0.0000    0.1882
        9 H2     2py        0.0000   -0.0000    0.0000   -0.0000    0.0000   -0.0000    0.0000    0.0000    0.0000    0.0661
       10 H2     2pz        0.0078   -0.0059   -0.0211    0.0373   -0.0069   -0.0677   -0.0033    0.1866    0.0290    0.0000
       11 H3     1s         0.2866   -0.2585   -0.0937    0.5089   -0.5221   -0.6286    0.2999    1.5585   -0.1321   -0.0000
       12 H3     2s        -0.0200    0.0505   -0.0474    0.1199   -0.1579   -0.5174    0.3965    0.8261    0.1612   -0.0000
       13 H3     2px       -0.0000    0.0000   -0.0000   -0.0000    0.0000   -0.0000    0.0000   -0.0000    0.0000    0.2507
       14 H3     2py       -0.0000    0.0000   -0.0000   -0.0000    0.0000   -0.0000    0.0000    0.0000    0.0000    0.0880
       15 H3     2pz        0.0075    0.0082   -0.0345    0.0221    0.0268   -0.0629   -0.0228    0.0761    0.0539    0.0000
       16 H4     1s         0.2988   -0.1676   -0.2637    0.4004    0.4683   -0.1341   -0.2995   -0.8305   -0.7347    0.0000
       17 H4     2s        -0.0452   -0.0148    0.0335    0.0921    0.1850    0.0057    0.1111   -0.7616   -0.2718    0.0000
       18 H4     2px        0.0000   -0.0000    0.0000    0.0000    0.0000    0.0000    0.0000   -0.0000    0.0000    0.2831
       19 H4     2py        0.0000   -0.0000    0.0000   -0.0000   -0.0000   -0.0000    0.0000    0.0000    0.0000    0.0994
       20 H4     2pz       -0.0000    0.0223   -0.0151   -0.0303    0.0341   -0.0365   -0.0157    0.0259    0.1312    0.0000
       21 H5     1s         0.2988    0.1676   -0.2637   -0.4004    0.4683    0.1341   -0.2995   -0.8305    0.7347   -0.0000
       22 H5     2s        -0.0452    0.0148    0.0335   -0.0921    0.1850   -0.0057    0.1111   -0.7616    0.2718   -0.0000
       23 H5     2px        0.0000    0.0000   -0.0000   -0.0000    0.0000    0.0000   -0.0000   -0.0000    0.0000    0.2831
       24 H5     2py        0.0000    0.0000   -0.0000    0.0000    0.0000   -0.0000    0.0000   -0.0000    0.0000    0.0994
       25 H5     2pz        0.0000    0.0223    0.0151   -0.0303   -0.0341   -0.0365    0.0157   -0.0259    0.1312   -0.0000
       26 H6     1s         0.2866    0.2585   -0.0937   -0.5089   -0.5221    0.6286    0.2999    1.5585    0.1321   -0.0000
       27 H6     2s        -0.0200   -0.0505   -0.0474   -0.1199   -0.1579    0.5174    0.3965    0.8261   -0.1612   -0.0000
       28 H6     2px       -0.0000    0.0000    0.0000   -0.0000   -0.0000   -0.0000    0.0000   -0.0000    0.0000    0.2507
       29 H6     2py        0.0000   -0.0000    0.0000   -0.0000    0.0000   -0.0000   -0.0000    0.0000    0.0000    0.0880
       30 H6     2pz       -0.0075    0.0082    0.0345    0.0221   -0.0268   -0.0629    0.0228   -0.0761    0.0539   -0.0000
       31 H7     1s         0.1488    0.2774    0.3616    0.2862   -0.6421   -1.4205   -0.1233   -1.5499   -1.3516    0.0000
       32 H7     2s        -0.0471   -0.0650    0.0122    0.0966   -0.3144   -0.7525    0.1192   -1.0589   -1.1511    0.0000
       33 H7     2px       -0.0000   -0.0000   -0.0000    0.0000    0.0000   -0.0000   -0.0000    0.0000    0.0000    0.1882
       34 H7     2py       -0.0000    0.0000   -0.0000    0.0000    0.0000   -0.0000   -0.0000    0.0000    0.0000    0.0661
       35 H7     2pz       -0.0078   -0.0059    0.0211    0.0373    0.0069   -0.0677    0.0033   -0.1866    0.0290   -0.0000
       36 H8     1s         0.1303    0.2560    0.3426    0.4080    0.8842    0.9974   -0.2355    0.9888    1.1425   -0.0000
       37 H8     2s         0.0167    0.0151   -0.0016    0.0467    0.5383    0.9449    0.0807    1.1480    0.4686   -0.0000
       38 H8     2px        0.0000    0.0000    0.0000   -0.0000   -0.0000    0.0000   -0.0000   -0.0000    0.0000    0.1166
       39 H8     2py       -0.0000   -0.0000   -0.0000   -0.0000   -0.0000    0.0000    0.0000   -0.0000    0.0000    0.0409
       40 H8     2pz       -0.0131   -0.0232   -0.0188   -0.0081   -0.0093   -0.0344    0.0101   -0.0920    0.0019   -0.0000
 
          Orbital           11    
          Energy            0.5251
          Occ. No.          0.0000
 
        1 H1     1s         0.0000
        2 H1     2s         0.0000
        3 H1     2px       -0.0409
        4 H1     2py        0.1166
        5 H1     2pz        0.0000
        6 H2     1s        -0.0000
        7 H2     2s        -0.0000
        8 H2     2px       -0.0661
        9 H2     2py        0.1882
       10 H2     2pz        0.0000
       11 H3     1s         0.0000
       12 H3     2s        -0.0000
       13 H3     2px       -0.0880
       14 H3     2py        0.2507
       15 H3     2pz       -0.0000
       16 H4     1s        -0.0000
       17 H4     2s        -0.0000
       18 H4     2px       -0.0994
       19 H4     2py        0.2831
       20 H4     2pz       -0.0000
       21 H5     1s         0.0000
       22 H5     2s         0.0000
       23 H5     2px       -0.0994
       24 H5     2py        0.2831
       25 H5     2pz       -0.0000
       26 H6     1s        -0.0000
       27 H6     2s        -0.0000
       28 H6     2px       -0.0880
       29 H6     2py        0.2507
       30 H6     2pz        0.0000
       31 H7     1s         0.0000
       32 H7     2s         0.0000
       33 H7     2px       -0.0661
       34 H7     2py        0.1882
       35 H7     2pz        0.0000
       36 H8     1s        -0.0000
       37 H8     2s        -0.0000
       38 H8     2px       -0.0409
       39 H8     2py        0.1166
       40 H8     2pz        0.0000
--
 
 
++    Molecular charges:
      ------------------
 
      Mulliken charges per centre and basis function type
      ---------------------------------------------------
 
                H1      H2      H3      H4      H5      H6      H7      H8    
      1s       1.0498  0.9235  1.0183  0.9595  0.9595  1.0183  0.9235  1.0498
      2s       0.0029 -0.0236 -0.0817 -0.0428 -0.0428 -0.0817 -0.0236  0.0029
      2px      0.0000  0.0000  0.0000 -0.0000  0.0000  0.0000 -0.0000  0.0000
      2pz      0.0236  0.0585  0.0574  0.0546  0.0546  0.0574  0.0585  0.0236
      2py      0.0000  0.0000  0.0000 -0.0000  0.0000  0.0000  0.0000  0.0000
      Total    1.0763  0.9585  0.9940  0.9713  0.9713  0.9940  0.9585  1.0763
 
      N-E     -0.0763  0.0415  0.0060  0.0287  0.0287  0.0060  0.0415 -0.0763
 
      Total electronic charge=    8.000000
 
      Total            charge=   -0.000000
--
 
 
  Input file to MOLDEN was generated!
 
 
++    Static properties:
      ------------------
 
 
      LoProp Charges per center
 

                   H1       H2       H3       H4       H5       H6       H7       H8    
      Nuclear      1.0000   1.0000   1.0000   1.0000   1.0000   1.0000   1.0000   1.0000
      Electronic  -1.0427  -0.9802  -0.9914  -0.9857  -0.9857  -0.9914  -0.9802  -1.0427
 
      Total       -0.0427   0.0198   0.0086   0.0143   0.0143   0.0086   0.0198  -0.0427
--
 
 
++    Natural Bond Order analysis
      ---------------------------
      Based on LoProp computed density
      -------------------------------------------------------------------------------------
      Atom A       Atom B       Bond Order | Atom A       Atom B       Bond Order
        H1           H2             0.984  |   H3           H4             0.948
        H7           H8             0.984  |   H5           H6             0.948
      -------------------------------------------------------------------------------------
      NBO located      7.728 electrons involved in    4 bonds.
      The remaining    0.272 electrons are to be considered as diffuse
--
 
 
++    Molecular properties:
      ---------------------
 
      Charge (e):
                      =   -0.0000
      Dipole Moment (Debye):
      Origin of the operator (Ang)=    0.0000    0.0000    0.0000
                   X=  1.2250E-13               Y= -1.0751E-13               Z=  5.7793E-13           Total=  6.0047E-13
      Quadrupole Moment (Debye*Ang):
      Origin of the operator (Ang)=    0.0000    0.0000    3.2030
                  XX= -8.5958E+00              XY=  8.7472E-28              XZ= -3.4296E-13              YY= -8.5958E+00
                  YZ=  3.4585E-13              ZZ= -1.1190E+01
      In traceless form (Debye*Ang)
                  XX=  1.2971E+00              XY=  1.3121E-27              XZ= -5.1445E-13              YY=  1.2971E+00
                  YZ=  5.1878E-13              ZZ= -2.5942E+00
--
 
 
  Input file to MOLDEN was generated!
 
 ###############################################################################
 ###############################################################################
 ###                                                                         ###
 ###                                                                         ###
 ###    RunFile label nBas                                                   ###
 ###    was used       78 times                                              ###
 ###                                                                         ###
 ###                                                                         ###
 ###############################################################################
 ###############################################################################
forrtl: warning (528): IEEE_UNDERFLOW is signaling
--- Stop Module: scf at Sun Oct 26 13:06:15 2025 /rc=_RC_ALL_IS_WELL_ ---
*** files: H8_0.92.LprOrb H8_0.92.LoProp.molden H8_0.92.scf.molden H8_0.92.ScfOrb H8_0.92.scf.h5 xmldump
    saved to directory ${LOCALHOME}/DDCASPT2/hydrogen_comps/rerun/H8_chain/H8_0.92

>>> COPY /tmp/H8_0.92/H8_0.92.scf.h5 ${LOCALHOME}/DDCASPT2/hydrogen_comps/rerun/H8_chain/H8_0.92/

*** symbolic link created: INPORB -> H8_0.92.ScfOrb
--- Start Module: rasscf at Sun Oct 26 13:06:15 2025 ---
 
()()()()()()()()()()()()()()()()()()()()()()()()()()()()()()()()()()()()()()()()()()()()()()()()()()

                                              &RASSCF

                                   only a single process is used
                       available to each process: 2.0 GB of memory, 1 thread?
()()()()()()()()()()()()()()()()()()()()()()()()()()()()()()()()()()()()()()()()()()()()()()()()()()
 
 
      Header of the ONEINT file:
      --------------------------
      
      Integrals generated by seward 4.2.0  , Sun Oct 26 13:06:14 2025
 
 
      OrdInt status: non-squared
 
 
      Cartesian coordinates in Angstrom:
      -----------------------------------------------------
      No.  Label        X            Y            Z        
      -----------------------------------------------------
       1   H1         0.00000000   0.00000000   0.00000000
       2   H2         0.00000000   0.00000000   0.91515200
       3   H3         0.00000000   0.00000000   1.83030300
       4   H4         0.00000000   0.00000000   2.74545500
       5   H5         0.00000000   0.00000000   3.66060600
       6   H6         0.00000000   0.00000000   4.57575800
       7   H7         0.00000000   0.00000000   5.49090900
       8   H8         0.00000000   0.00000000   6.40606100
      -----------------------------------------------------
      Nuclear repulsion energy =    7.94666945
 
++    Wave function specifications:
      -----------------------------
 
      Number of closed shell electrons           0
      Number of electrons in active shells       8
      Max number of holes in RAS1 space          0
      Max nr of electrons in RAS3 space          0
      Number of inactive orbitals                0
      Number of active orbitals                  8
      Number of secondary orbitals              32
      Spin quantum number                      0.0
      State symmetry                             1
--
 
++    Orbital specifications:
      -----------------------
 
      Symmetry species                           1
                                                 a
      Frozen orbitals                            0
      Inactive orbitals                          0
      Active orbitals                            8
      RAS1 orbitals                              0
      RAS2 orbitals                              8
      RAS3 orbitals                              0
      Secondary orbitals                        32
      Deleted orbitals                           0
      Number of basis functions                 40
--
 
++    CI expansion specifications:
      ----------------------------
 
      Number of CSFs                          1764
      Number of determinants                  2485
      Number of root(s) required                 1
      Root chosen for geometry opt.              1
      CI root used                               1
         
      highest root included in the CI            1
      max. size of the explicit Hamiltonian    200
--
 
++    Optimization specifications:
      ----------------------------
 
      RASSCF algorithm: Conventional
      Maximum number of macro iterations       200
      Maximum number of SX iterations          100
      Threshold for RASSCF energy            0.100E-07
      Threshold for max MO rotation          0.100E+00
      Threshold for max BLB element          0.100E-03
      Level shift parameter                  0.500E+00
      Make Quasi-Newton update
--
 
      The MO-coefficients are taken from the file:
      ${LOCALHOME}/DDCASPT2/hydrogen_comps/rerun/H8_chain/H8_0.60/H8_0.60.RasOrb                                                  
      Title: RASSCF average (pseudo-natural) orbitals                                      
 
      Total molecular charge    0.00
 
      ************************************************************************************************************************
      *                                                                                                                      *
      *                                            Wave function control section                                             *
      *                                                                                                                      *
      ************************************************************************************************************************
 
 
                                         RASSCF iterations: Energy and convergence statistics
                                         ----------------------------------------------------
 
      Iter CI   SX   CI       RASSCF       Energy    max ROT     max BLB   max BLB  Level Ln srch  Step   QN   Walltime
          iter iter root      energy       change     param      element    value   shift minimum  type update hh:mm:ss
 Nr of preliminary CI iterations:   4
        1   1   98    1    -4.20758344    0.00E+00   0.12E+00*   2  38 1 -0.49E+00*  0.02   0.00    SX    NO    0:00:00
        2   3   51    1    -4.38151059   -0.17E+00*  0.69E-01    1   9 1 -0.86E-01*  0.00   0.00    SX    NO    0:00:00
        3   3   13    1    -4.39434580   -0.13E-01*  0.36E-01    1   9 1 -0.20E-01*  0.00   0.00    SX    NO    0:00:00
        4   3   12    1    -4.39549483   -0.11E-02*  0.20E-01    1   9 1 -0.44E-02*  0.00   0.00    SX    NO    0:00:00
        5   3   12    1    -4.39573524   -0.24E-03*  0.20E-01    4  36 1  0.15E-02*  0.00   2.08    LS   YES    0:00:00
        6   4   11    1    -4.39582524   -0.90E-04* -0.57E-02    1   9 1  0.24E-02*  0.00   1.08    QN   YES    0:00:00
        7   3   10    1    -4.39584301   -0.18E-04* -0.38E-02    1   9 1  0.90E-03*  0.00   1.67    LS   YES    0:00:00
        8   4   10    1    -4.39584646   -0.34E-05* -0.22E-02    3  35 1 -0.25E-03*  0.00   1.02    QN   YES    0:00:00
        9   3   10    1    -4.39584802   -0.16E-05* -0.16E-02    1   9 1 -0.18E-03*  0.00   1.75    LS   YES    0:00:00
       10   3    9    1    -4.39584837   -0.35E-06* -0.84E-03    1   9 1 -0.24E-03*  0.00   1.01    QN   YES    0:00:00
       11   4    8    1    -4.39584859   -0.22E-06* -0.34E-03    1   9 1 -0.38E-04   0.00   1.41    LS   YES    0:00:00
       12   3    8    1    -4.39584861   -0.20E-07*  0.16E-03    1   9 1  0.42E-04   0.00   1.00    QN   YES    0:00:00
       13   3    7    1    -4.39584862   -0.91E-08   0.95E-03    1   9 1  0.13E-04   0.00   1.89    QN   YES    0:00:00
      Convergence after 13 iterations
 
  Dmat in MO in SXCTL bf call to SXHAM                                                                                    
  mat. size =     8x    8
 
        1.9859014641046824
        0.0000000279347481      1.9696778814947986
       -0.0095877459452339     -0.0000000018271084      1.9604280508629628
       -0.0000000865794587     -0.0173976000241988      0.0000000771388415      1.9208479261885758
       -0.0462752779039643     -0.0000000583872862     -0.0426098438718833      0.0000000332017595      0.0207600397615107
        0.0000000221031759     -0.1017275176966774      0.0000000141810355     -0.0698986045806235     -0.0000000012418787
        0.0462097977781984
        0.0436423834045988      0.0000001020257719     -0.0016568222037046     -0.0000000088848708      0.0081080367297792
        0.0000000305620767      0.0929990139524971
        0.0000000003902775      0.0000067221592328     -0.0000000003250305     -0.0000413306989519     -0.0000000000128559
        0.0000094118129675     -0.0000000001235295      0.0031758258567959
       14   4    7    1    -4.39584868   -0.55E-07*  0.95E-03    1   9 1 -0.52E-04   0.00   1.89    QN   YES    0:00:00
 
      ************************************************************************************************************************
                                                      Wave function printout:
                       occupation of active orbitals, and spin coupling of open shells (u,d: Spin up or down)
      ************************************************************************************************************************
 
      Note: transformation to natural orbitals
      has been made, which may change the order of the CSFs.
 
      printout of CI-coefficients larger than  0.05 for root  1
      energy=      -4.395849
      conf/sym  11111111     Coeff  Weight
             1  22220000   0.96194 0.92533
            23  22200020  -0.15665 0.02454
            32  22ud0ud0  -0.10223 0.01045
            41  2u2du0d0   0.06745 0.00455
            63  22020020  -0.06308 0.00398
           120  22uu0dd0  -0.06548 0.00429
 
      Natural orbitals and occupation numbers for root  1
      sym 1:   1.990535   1.978450   1.958825   1.920097   0.017614   0.038188   0.093114   0.003176
 
      ************************************************************************************************************************
      *                                                                                                                      *
      *                                                    Final results                                                     *
      *                                                                                                                      *
      ************************************************************************************************************************
 
 
++    Wave function specifications:
      -----------------------------
 
      Number of closed shell electrons           0
      Number of electrons in active shells       8
      Max number of holes in RAS1 space          0
      Max nr of electrons in RAS3 space          0
      Number of inactive orbitals                0
      Number of active orbitals                  8
      Number of secondary orbitals              32
      Spin quantum number                      0.0
      State symmetry                             1
--
 
++    Orbital specifications:
      -----------------------
 
      Symmetry species                           1
                                                 a
      Frozen orbitals                            0
      Inactive orbitals                          0
      Active orbitals                            8
      RAS1 orbitals                              0
      RAS2 orbitals                              8
      RAS3 orbitals                              0
      Secondary orbitals                        32
      Deleted orbitals                           0
      Number of basis functions                 40
--
 
++    CI expansion specifications:
      ----------------------------
 
      Number of CSFs                          1764
      Number of determinants                  2485
      Number of root(s) required                 1
      CI root used                               1
      highest root included in the CI            1
      Root passed to geometry opt.               1
--
 
++    Final optimization conditions:
      ------------------------------
 
      Average CI energy                              -4.39584868
      RASSCF energy for state  1                     -4.39584868
      Super-CI energy                                -0.00000000
      RASSCF energy change                            0.00000000
      Max change in MO coefficients               0.302E-02
      Max non-diagonal density matrix element     0.953E-03
      Maximum BLB matrix element                 -0.521E-04
      (orbital pair   1,   9 in symmetry   1)
      Norm of electronic gradient            0.102E-03
--
 
 
      Final state energy(ies):
      ------------------------
 
::    RASSCF root number  1 Total energy:     -4.39584868
 
++    Molecular orbitals:
      -------------------
 
      Pseudonatural active orbitals and approximate occupation numbers
 
 
 
 
      Molecular orbitals for symmetry species 1: a  
 
 
      Orbital                1         2         3         4         5         6         7         8         9        10
      Energy            0.0000    0.0000    0.0000    0.0000    0.0000    0.0000    0.0000    0.0000    0.1922    0.2600
      Occ. No.          1.9905    1.9785    1.9588    1.9201    0.0176    0.0382    0.0931    0.0032    0.0000    0.0000
 
    1 H1     1s         0.0951   -0.2280    0.3535   -0.4421    0.6952   -0.7043   -0.5415    0.0009   -0.0931    0.2606
    2 H1     2s         0.0158   -0.0121   -0.0016   -0.0433    0.0531    0.0160    0.0393    0.0001    0.1784    0.6531
    3 H1     2px       -0.0000   -0.0000    0.0000    0.0000   -0.0000   -0.0000    0.0000   -0.0041   -0.0000   -0.0000
    4 H1     2py       -0.0000   -0.0000    0.0000    0.0000   -0.0000   -0.0000    0.0000   -0.0016   -0.0000   -0.0000
    5 H1     2pz        0.0101   -0.0209    0.0173   -0.0059   -0.0142    0.0146    0.0075    0.0000   -0.0007    0.0518
    6 H2     1s         0.1191   -0.2558    0.3554   -0.2768   -1.2691    0.8597    0.2230   -0.0021   -0.0849   -0.5153
    7 H2     2s        -0.0442    0.0787   -0.0139   -0.0729   -0.2701    0.0875   -0.0478   -0.0006    0.1512   -0.1237
    8 H2     2px       -0.0000   -0.0000    0.0000    0.0000   -0.0000   -0.0000   -0.0000   -0.0232   -0.0000   -0.0000
    9 H2     2py       -0.0000   -0.0000    0.0000    0.0000   -0.0000   -0.0000   -0.0000   -0.0090   -0.0000   -0.0000
   10 H2     2pz        0.0105   -0.0111   -0.0161    0.0359    0.0134    0.0341    0.0548    0.0001   -0.0004    0.0997
   11 H3     1s         0.2794   -0.3077   -0.0258    0.4831    1.2509   -0.1806    0.5273    0.0029   -0.0426    0.5638
   12 H3     2s        -0.0229    0.0341   -0.0295    0.1097    0.3587   -0.0794    0.0408    0.0009    0.2238    0.5716
   13 H3     2px        0.0000   -0.0000   -0.0000   -0.0000    0.0000    0.0000    0.0000    0.0480   -0.0000   -0.0000
   14 H3     2py        0.0000   -0.0000   -0.0000   -0.0000    0.0000    0.0000    0.0000    0.0186   -0.0000   -0.0000
   15 H3     2pz        0.0103    0.0072   -0.0343    0.0222    0.0590   -0.0713   -0.0230    0.0000   -0.0157    0.0707
   16 H4     1s         0.3325   -0.1647   -0.2507    0.3566   -0.5335   -0.6002   -0.4066   -0.0034   -0.0936   -0.5831
   17 H4     2s        -0.0440   -0.0043    0.0244    0.0711   -0.1638   -0.1229   -0.0309   -0.0010    0.2000   -0.3463
   18 H4     2px       -0.0000    0.0000    0.0000   -0.0000    0.0000    0.0001    0.0000    0.5113   -0.0000   -0.0000
   19 H4     2py       -0.0000    0.0000    0.0000   -0.0000    0.0000    0.0000    0.0000    0.1984   -0.0000   -0.0000
   20 H4     2pz        0.0037    0.0230   -0.0171   -0.0285   -0.0943    0.0383   -0.0498   -0.0000   -0.0007    0.0954
   21 H5     1s         0.3325    0.1647   -0.2507   -0.3566   -0.5335    0.6002   -0.4066    0.0034   -0.0936    0.5831
   22 H5     2s        -0.0440    0.0043    0.0244   -0.0711   -0.1638    0.1229   -0.0309    0.0010    0.2000    0.3463
   23 H5     2px        0.0000    0.0000   -0.0000   -0.0000   -0.0000    0.0001   -0.0000    0.5113    0.0000   -0.0000
   24 H5     2py        0.0000    0.0000   -0.0000   -0.0000   -0.0000    0.0000   -0.0000    0.1984    0.0000   -0.0000
   25 H5     2pz       -0.0037    0.0230    0.0171   -0.0285    0.0943    0.0383    0.0498   -0.0000    0.0007    0.0954
   26 H6     1s         0.2794    0.3077   -0.0258   -0.4831    1.2509    0.1806    0.5273   -0.0029   -0.0426   -0.5638
   27 H6     2s        -0.0229   -0.0341   -0.0295   -0.1097    0.3587    0.0794    0.0408   -0.0009    0.2238   -0.5716
   28 H6     2px       -0.0000   -0.0000    0.0000   -0.0000   -0.0000    0.0000   -0.0000    0.0480    0.0000   -0.0000
   29 H6     2py       -0.0000   -0.0000    0.0000   -0.0000   -0.0000    0.0000   -0.0000    0.0186    0.0000   -0.0000
   30 H6     2pz       -0.0103    0.0072    0.0343    0.0222   -0.0590   -0.0713    0.0230    0.0000    0.0157    0.0707
   31 H7     1s         0.1191    0.2558    0.3554    0.2768   -1.2691   -0.8597    0.2230    0.0021   -0.0849    0.5153
   32 H7     2s        -0.0442   -0.0787   -0.0139    0.0729   -0.2701   -0.0875   -0.0478    0.0006    0.1512    0.1237
   33 H7     2px        0.0000   -0.0000   -0.0000    0.0000    0.0000   -0.0000    0.0000   -0.0232    0.0000   -0.0000
   34 H7     2py        0.0000   -0.0000   -0.0000    0.0000    0.0000   -0.0000    0.0000   -0.0090    0.0000   -0.0000
   35 H7     2pz       -0.0105   -0.0111    0.0161    0.0359   -0.0134    0.0341   -0.0548    0.0001    0.0004    0.0997
   36 H8     1s         0.0951    0.2280    0.3535    0.4421    0.6952    0.7043   -0.5415   -0.0009   -0.0931   -0.2606
   37 H8     2s         0.0158    0.0121   -0.0016    0.0433    0.0531   -0.0160    0.0393   -0.0001    0.1784   -0.6532
   38 H8     2px        0.0000   -0.0000   -0.0000    0.0000    0.0000   -0.0000   -0.0000   -0.0041    0.0000   -0.0000
   39 H8     2py        0.0000   -0.0000   -0.0000    0.0000    0.0000   -0.0000   -0.0000   -0.0016    0.0000   -0.0000
   40 H8     2pz       -0.0101   -0.0209   -0.0173   -0.0059    0.0142    0.0146   -0.0075    0.0000    0.0007    0.0518
 
 
      Orbital               11        12        13        14        15        16        17        18        19        20
      Energy            0.3828    0.5298    0.5646    0.6338    0.6338    0.7138    0.8046    0.9289    0.9931    1.0461
      Occ. No.          0.0000    0.0000    0.0000    0.0000    0.0000    0.0000    0.0000    0.0000    0.0000    0.0000
 
    1 H1     1s        -0.7724   -0.0000    1.7637    0.0000   -0.0000    0.0003    0.0000    2.0067   -0.8106    0.0000
    2 H1     2s        -1.1178   -0.0000    1.6436    0.0000   -0.0000    0.0007    0.0000    1.7093   -0.1950    0.0000
    3 H1     2px        0.0000   -0.0452   -0.0001   -0.2396    0.0930    0.3375   -0.1406    0.0000   -0.0006   -0.4646
    4 H1     2py        0.0000    0.1165   -0.0000   -0.0930   -0.2396    0.1310    0.3622    0.0000   -0.0002   -0.1803
    5 H1     2pz       -0.1372    0.0000    0.1608   -0.0000   -0.0000    0.0002   -0.0000    0.1623    0.2116    0.0000
    6 H2     1s         0.5887    0.0000   -2.3886   -0.0001    0.0000    0.0007   -0.0000   -3.0383    3.2210    0.0000
    7 H2     2s         0.4306    0.0000   -2.1346   -0.0001    0.0000    0.0002   -0.0000   -3.0436    2.2729   -0.0000
    8 H2     2px        0.0000   -0.0726   -0.0001   -0.3057    0.1186    0.3478   -0.1094    0.0000   -0.0002   -0.0727
    9 H2     2py        0.0000    0.1870   -0.0000   -0.1186   -0.3057    0.1350    0.2819    0.0000   -0.0001   -0.0282
   10 H2     2pz       -0.2212    0.0000    0.2138   -0.0000   -0.0000    0.0002   -0.0000    0.1110    0.1469    0.0000
   11 H3     1s        -0.2021   -0.0000    1.6107    0.0001    0.0000   -0.0024    0.0000    0.4929   -5.2498   -0.0002
   12 H3     2s        -0.0348   -0.0000    0.7105    0.0001    0.0000   -0.0018    0.0000    0.2494   -3.8717   -0.0001
   13 H3     2px        0.0000   -0.0962   -0.0001   -0.2613    0.1014    0.1467    0.0116   -0.0000    0.0004    0.4047
   14 H3     2py        0.0000    0.2479   -0.0001   -0.1014   -0.2612    0.0569   -0.0300   -0.0000    0.0002    0.1571
   15 H3     2pz       -0.1015    0.0000   -0.0731   -0.0000    0.0000    0.0000   -0.0000   -0.3560    0.1383   -0.0000
   16 H4     1s         0.2296    0.0000   -2.1614   -0.0000    0.0000    0.0024    0.0000    0.7735    4.9248    0.0001
   17 H4     2s         0.4903    0.0000   -1.7138   -0.0000    0.0000    0.0013    0.0000    1.0791    3.0434    0.0001
   18 H4     2px        0.0000   -0.1080   -0.0001   -0.1014    0.0393   -0.1182    0.1234   -0.0000    0.0006    0.2736
   19 H4     2py        0.0000    0.2783   -0.0001   -0.0394   -0.1014   -0.0459   -0.3179   -0.0000    0.0002    0.1062
   20 H4     2pz       -0.0764    0.0000   -0.1555   -0.0000    0.0000   -0.0001   -0.0000   -0.1116   -0.1207   -0.0000
   21 H5     1s         0.2296    0.0000    2.1614   -0.0000   -0.0000   -0.0024   -0.0000    0.7734   -4.9248    0.0001
   22 H5     2s         0.4903   -0.0000    1.7138   -0.0000   -0.0000   -0.0013   -0.0000    1.0791   -3.0434    0.0001
   23 H5     2px       -0.0000   -0.1080   -0.0001    0.1014   -0.0393   -0.1182    0.1234    0.0000    0.0006   -0.2736
   24 H5     2py       -0.0000    0.2783   -0.0001    0.0394    0.1014   -0.0459   -0.3179    0.0000    0.0002   -0.1062
   25 H5     2pz        0.0764   -0.0000   -0.1555    0.0000    0.0000   -0.0001    0.0000    0.1116   -0.1207    0.0000
   26 H6     1s        -0.2021   -0.0000   -1.6107    0.0001    0.0000    0.0024    0.0000    0.4930    5.2498   -0.0002
   27 H6     2s        -0.0348   -0.0000   -0.7105    0.0001    0.0000    0.0018    0.0000    0.2494    3.8717   -0.0001
   28 H6     2px       -0.0000   -0.0962   -0.0001    0.2613   -0.1014    0.1467    0.0116    0.0000    0.0004   -0.4047
   29 H6     2py       -0.0000    0.2479   -0.0001    0.1014    0.2612    0.0569   -0.0300    0.0000    0.0002   -0.1571
   30 H6     2pz        0.1015   -0.0000   -0.0731    0.0000    0.0000    0.0000    0.0000    0.3560    0.1383    0.0000
   31 H7     1s         0.5887    0.0000    2.3886   -0.0001   -0.0000   -0.0007   -0.0000   -3.0383   -3.2210    0.0000
   32 H7     2s         0.4306    0.0000    2.1346   -0.0001   -0.0000   -0.0002   -0.0000   -3.0436   -2.2728   -0.0000
   33 H7     2px       -0.0000   -0.0726   -0.0001    0.3057   -0.1186    0.3478   -0.1094   -0.0000   -0.0002    0.0727
   34 H7     2py       -0.0000    0.1870   -0.0000    0.1186    0.3057    0.1350    0.2819   -0.0000   -0.0001    0.0282
   35 H7     2pz        0.2212   -0.0000    0.2138    0.0000   -0.0000    0.0002   -0.0000   -0.1110    0.1469   -0.0000
   36 H8     1s        -0.7724   -0.0000   -1.7637    0.0000    0.0000   -0.0003    0.0000    2.0067    0.8106    0.0000
   37 H8     2s        -1.1178    0.0000   -1.6436    0.0000    0.0000   -0.0007    0.0000    1.7093    0.1949    0.0000
   38 H8     2px       -0.0000   -0.0452   -0.0001    0.2396   -0.0930    0.3375   -0.1406   -0.0000   -0.0006    0.4646
   39 H8     2py       -0.0000    0.1165   -0.0000    0.0930    0.2396    0.1310    0.3622   -0.0000   -0.0002    0.1803
   40 H8     2pz        0.1372   -0.0000    0.1608    0.0000   -0.0000    0.0002   -0.0000   -0.1623    0.2116   -0.0000
 
 
      Orbital               21        22        23        24        25        26        27        28        29        30
      Energy            1.0461    1.3268    1.3730    1.3762    1.6228    1.7912    1.7912    1.8949    2.0165    2.2959
      Occ. No.          0.0000    0.0000    0.0000    0.0000    0.0000    0.0000    0.0000    0.0000    0.0000    0.0000
 
    1 H1     1s        -0.0000   -0.0043   -0.0000    1.7470   -0.4732    0.0001    0.0000   -2.1668    1.4958    0.0007
    2 H1     2s         0.0000   -0.0033   -0.0000    1.4845   -0.1871    0.0001    0.0000   -1.7108    1.0728    0.0005
    3 H1     2px        0.1803    0.5544   -0.2060    0.0011    0.0000   -0.5409    0.2099   -0.0000   -0.0002    0.4719
    4 H1     2py       -0.4646    0.2151    0.5308    0.0004    0.0000   -0.2099   -0.5409   -0.0000   -0.0001    0.1831
    5 H1     2pz        0.0000   -0.0002   -0.0000    0.1976    0.4958    0.0000    0.0000   -0.6028    0.9568    0.0002
    6 H2     1s         0.0000    0.0099    0.0000   -3.5076    2.6050   -0.0002   -0.0000    5.7951   -2.7975   -0.0021
    7 H2     2s         0.0000    0.0092    0.0000   -3.5289    2.2619   -0.0001   -0.0000    4.8606   -1.7359   -0.0015
    8 H2     2px        0.0282   -0.2502    0.1125   -0.0006   -0.0000    0.6686   -0.2595    0.0000    0.0002   -0.8595
    9 H2     2py       -0.0727   -0.0971   -0.2898   -0.0002   -0.0000    0.2595    0.6686    0.0000    0.0001   -0.3336
   10 H2     2pz        0.0000    0.0003   -0.0000   -0.0814    0.0708   -0.0000   -0.0000    0.3859   -0.1550   -0.0001
   11 H3     1s        -0.0000   -0.0065    0.0000    0.9674   -4.7131    0.0002    0.0000   -6.6719    1.7445    0.0033
   12 H3     2s        -0.0000   -0.0064    0.0000    1.4326   -4.1708    0.0001    0.0000   -5.8056    0.7752    0.0024
   13 H3     2px       -0.1571   -0.4921    0.1739   -0.0010   -0.0000   -0.0719    0.0279   -0.0000   -0.0001    0.7986
   14 H3     2py        0.4047   -0.1910   -0.4482   -0.0004   -0.0000   -0.0279   -0.0719   -0.0000   -0.0000    0.3099
   15 H3     2pz        0.0000    0.0008    0.0000   -0.3422    0.2445    0.0000    0.0000   -0.2261    0.1775    0.0001
   16 H4     1s         0.0000   -0.0034   -0.0000    3.9239    2.4109   -0.0001   -0.0000    3.0196   -0.6235   -0.0040
   17 H4     2s         0.0000   -0.0035   -0.0000    3.2683    2.2127   -0.0000   -0.0000    2.5966    0.3967   -0.0030
   18 H4     2px       -0.1062    0.2575   -0.1456    0.0008    0.0000   -0.6008    0.2332   -0.0000   -0.0003   -0.2877
   19 H4     2py        0.2735    0.0999    0.3750    0.0003    0.0000   -0.2332   -0.6008   -0.0000   -0.0001   -0.1117
   20 H4     2pz       -0.0000   -0.0006   -0.0000    0.2695   -0.5043   -0.0000   -0.0000   -0.0808    0.0199   -0.0000
   21 H5     1s         0.0000    0.0034    0.0000   -3.9239    2.4109   -0.0001   -0.0000    3.0195    0.6234    0.0040
   22 H5     2s         0.0000    0.0035    0.0000   -3.2683    2.2127   -0.0000   -0.0000    2.5966   -0.3968    0.0030
   23 H5     2px        0.1062    0.2575   -0.1456    0.0008   -0.0000    0.6008   -0.2332    0.0000   -0.0003   -0.2877
   24 H5     2py       -0.2735    0.0999    0.3750    0.0003   -0.0000    0.2332    0.6008    0.0000   -0.0001   -0.1117
   25 H5     2pz       -0.0000   -0.0006   -0.0000    0.2695    0.5043    0.0000    0.0000    0.0808    0.0199   -0.0000
   26 H6     1s         0.0000    0.0065    0.0000   -0.9674   -4.7131    0.0002    0.0000   -6.6719   -1.7444   -0.0033
   27 H6     2s         0.0000    0.0064    0.0000   -1.4326   -4.1708    0.0001    0.0000   -5.8056   -0.7752   -0.0024
   28 H6     2px        0.1571   -0.4921    0.1739   -0.0010    0.0000    0.0719   -0.0279    0.0000   -0.0001    0.7986
   29 H6     2py       -0.4047   -0.1910   -0.4482   -0.0004    0.0000    0.0279    0.0719    0.0000   -0.0000    0.3099
   30 H6     2pz        0.0000    0.0008    0.0000   -0.3422   -0.2445   -0.0000   -0.0000    0.2261    0.1775    0.0001
   31 H7     1s        -0.0000   -0.0099   -0.0000    3.5076    2.6050   -0.0002   -0.0000    5.7951    2.7975    0.0021
   32 H7     2s        -0.0000   -0.0092   -0.0000    3.5289    2.2619   -0.0001   -0.0000    4.8607    1.7359    0.0015
   33 H7     2px       -0.0282   -0.2502    0.1125   -0.0006    0.0000   -0.6686    0.2595   -0.0000    0.0002   -0.8595
   34 H7     2py        0.0727   -0.0971   -0.2898   -0.0002    0.0000   -0.2595   -0.6686   -0.0000    0.0001   -0.3336
   35 H7     2pz        0.0000    0.0003    0.0000   -0.0814   -0.0708    0.0000    0.0000   -0.3859   -0.1550   -0.0001
   36 H8     1s         0.0000    0.0043    0.0000   -1.7470   -0.4732    0.0001    0.0000   -2.1668   -1.4958   -0.0007
   37 H8     2s         0.0000    0.0033    0.0000   -1.4845   -0.1871    0.0001    0.0000   -1.7108   -1.0728   -0.0005
   38 H8     2px       -0.1803    0.5544   -0.2060    0.0011   -0.0000    0.5409   -0.2099    0.0000   -0.0002    0.4719
   39 H8     2py        0.4646    0.2151    0.5308    0.0004   -0.0000    0.2099    0.5409    0.0000   -0.0001    0.1831
   40 H8     2pz        0.0000   -0.0002   -0.0000    0.1976   -0.4958   -0.0000   -0.0000    0.6028    0.9568    0.0002
 
 
      Orbital               31        32        33        34        35        36        37        38        39        40
      Energy            2.3028    2.5306    2.5423    2.8140    2.8140    3.1310    3.7709    4.4842    5.2782    6.3818
      Occ. No.          0.0000    0.0000    0.0000    0.0000    0.0000    0.0000    0.0000    0.0000    0.0000    0.0000
 
    1 H1     1s         0.0000   -2.0446   -1.9901    0.0000   -0.0000    2.0139   -1.8317   -1.6168   -1.2038    0.8871
    2 H1     2s         0.0000   -1.5170   -1.1307    0.0000   -0.0000    0.8622   -0.5353   -0.3003   -0.0293    0.0004
    3 H1     2px       -0.1810    0.0001    0.0000    0.1091   -0.2811   -0.0000   -0.0000   -0.0000    0.0000    0.0000
    4 H1     2py        0.4663    0.0000    0.0000   -0.2811   -0.1091   -0.0000   -0.0000   -0.0000    0.0000    0.0000
    5 H1     2pz        0.0000   -0.3828   -0.9854    0.0000   -0.0000    0.9495   -0.8615   -0.7388   -0.5552    0.3821
    6 H2     1s        -0.0000    7.0533    4.1568   -0.0000    0.0000   -3.2501    1.3325   -0.2259   -1.4204    1.2409
    7 H2     2s        -0.0000    5.6258    2.3840   -0.0000   -0.0000   -1.5508    0.4653   -0.0571   -0.3153    0.0450
    8 H2     2px        0.3303   -0.0001   -0.0000   -0.2424    0.6246    0.0000   -0.0000   -0.0000   -0.0000    0.0000
    9 H2     2py       -0.8511   -0.0000   -0.0000    0.6246    0.2424    0.0000   -0.0000   -0.0000   -0.0000    0.0000
   10 H2     2pz       -0.0000    0.4615   -0.1102    0.0000   -0.0000    0.6787   -1.3660   -1.8426   -1.9597    1.5084
   11 H3     1s         0.0000  -12.8745   -3.5322   -0.0000   -0.0000    1.1003    2.1361    2.2216    0.5156    1.0930
   12 H3     2s         0.0000  -10.4762   -2.1965   -0.0000    0.0000    1.0227    0.4374    0.3202    0.0093    0.1818
   13 H3     2px       -0.3106    0.0002    0.0000    0.3463   -0.8922   -0.0000   -0.0000   -0.0000    0.0000   -0.0000
   14 H3     2py        0.8003    0.0001    0.0000   -0.8922   -0.3463   -0.0000   -0.0000   -0.0000    0.0000   -0.0000
   15 H3     2pz       -0.0000   -0.4269    0.3738   -0.0000    0.0000   -0.8428    0.5408   -0.7684   -2.3629    2.6000
   16 H4     1s        -0.0000   16.6385    1.4544    0.0000    0.0000    0.9278   -1.5730    1.8911    2.1565    0.1911
   17 H4     2s        -0.0000   13.5271    0.8421    0.0000   -0.0000   -0.2678   -0.4395    0.5507    0.2801   -0.0949
   18 H4     2px        0.1259   -0.0003   -0.0000   -0.4024    1.0367    0.0000   -0.0000    0.0000    0.0000   -0.0000
   19 H4     2py       -0.3245   -0.0001   -0.0000    1.0368    0.4024    0.0000   -0.0000    0.0000    0.0000   -0.0000
   20 H4     2pz        0.0000    0.1478   -0.7737    0.0000   -0.0000    0.4901    0.8993    1.2985   -1.0561    3.2214
   21 H5     1s        -0.0000  -16.6386    1.4541   -0.0000    0.0000   -0.9278   -1.5730   -1.8911    2.1565   -0.1911
   22 H5     2s        -0.0000  -13.5271    0.8418   -0.0000   -0.0000    0.2678   -0.4395   -0.5507    0.2801    0.0949
   23 H5     2px        0.1259   -0.0003    0.0000    0.4024   -1.0367    0.0000    0.0000    0.0000   -0.0000   -0.0000
   24 H5     2py       -0.3245   -0.0001    0.0000   -1.0368   -0.4024    0.0000    0.0000    0.0000   -0.0000   -0.0000
   25 H5     2pz       -0.0000    0.1478    0.7737    0.0000    0.0000    0.4901   -0.8993    1.2985    1.0561    3.2214
   26 H6     1s         0.0000   12.8746   -3.5319    0.0000   -0.0000   -1.1003    2.1361   -2.2216    0.5156   -1.0930
   27 H6     2s         0.0000   10.4763   -2.1963    0.0000    0.0000   -1.0227    0.4374   -0.3202    0.0093   -0.1818
   28 H6     2px       -0.3106    0.0002   -0.0000   -0.3463    0.8922   -0.0000    0.0000   -0.0000   -0.0000   -0.0000
   29 H6     2py        0.8003    0.0001   -0.0000    0.8922    0.3463   -0.0000    0.0000   -0.0000   -0.0000   -0.0000
   30 H6     2pz       -0.0000   -0.4269   -0.3738   -0.0000   -0.0000   -0.8428   -0.5408   -0.7684    2.3629    2.6000
   31 H7     1s        -0.0000   -7.0534    4.1566   -0.0000    0.0000    3.2501    1.3325    0.2259   -1.4204   -1.2409
   32 H7     2s        -0.0000   -5.6259    2.3839    0.0000   -0.0000    1.5508    0.4653    0.0571   -0.3153   -0.0450
   33 H7     2px        0.3303   -0.0001    0.0000    0.2424   -0.6246    0.0000    0.0000   -0.0000    0.0000    0.0000
   34 H7     2py       -0.8511   -0.0000    0.0000   -0.6246   -0.2424    0.0000    0.0000   -0.0000    0.0000    0.0000
   35 H7     2pz        0.0000    0.4615    0.1102    0.0000    0.0000    0.6787    1.3660   -1.8426    1.9597    1.5084
   36 H8     1s         0.0000    2.0447   -1.9901    0.0000   -0.0000   -2.0139   -1.8317    1.6168   -1.2038   -0.8871
   37 H8     2s         0.0000    1.5170   -1.1307   -0.0000   -0.0000   -0.8622   -0.5353    0.3003   -0.0293   -0.0004
   38 H8     2px       -0.1810    0.0001   -0.0000   -0.1091    0.2811   -0.0000    0.0000   -0.0000   -0.0000    0.0000
   39 H8     2py        0.4663    0.0000   -0.0000    0.2811    0.1091   -0.0000    0.0000   -0.0000   -0.0000    0.0000
   40 H8     2pz       -0.0000   -0.3828    0.9853   -0.0000    0.0000    0.9495    0.8615   -0.7388    0.5552    0.3821
--
 
      Von Neumann Entropy (Root  1) =  0.49808
 

      Mulliken population analysis for root number:  1
      -----------------------------------------------
 
 
++    Molecular charges:
      ------------------
 
      Mulliken charges per centre and basis function type
      ---------------------------------------------------
 
                H1      H2      H3      H4      H5      H6      H7      H8    
      1s       1.0637  0.8949  1.0161  0.9554  0.9554  1.0161  0.8949  1.0637
      2s       0.0030 -0.0204 -0.0729 -0.0342 -0.0342 -0.0729 -0.0204  0.0030
      2px     -0.0000 -0.0000  0.0001  0.0013  0.0013  0.0001 -0.0000 -0.0000
      2pz      0.0216  0.0566  0.0586  0.0560  0.0560  0.0586  0.0566  0.0216
      2py     -0.0000 -0.0000  0.0000  0.0002  0.0002  0.0000 -0.0000 -0.0000
      Total    1.0883  0.9311  1.0019  0.9787  0.9787  1.0019  0.9311  1.0883
 
      N-E     -0.0883  0.0689 -0.0019  0.0213  0.0213 -0.0019  0.0689 -0.0883
 
      Total electronic charge=    8.000000
 
      Total            charge=   -0.000000
--
 
 

      Expectation values of various properties for root number:  1
      -----------------------------------------------------------
 
 
++    Molecular properties:
      ---------------------
 
      Charge (e):
                      =   -0.0000
      Dipole Moment (Debye):
      Origin of the operator (Ang)=    0.0000    0.0000    0.0000
                   X= -1.0817E-09               Y= -4.2701E-10               Z= -1.2253E-07           Total=  1.2254E-07
      Quadrupole Moment (Debye*Ang):
      Origin of the operator (Ang)=    0.0000    0.0000    3.2030
                  XX= -8.3812E+00              XY= -2.0999E-03              XZ= -8.4196E-05              YY= -8.3766E+00
                  YZ= -3.2676E-05              ZZ= -1.0761E+01
      In traceless form (Debye*Ang)
                  XX=  1.1877E+00              XY= -3.1498E-03              XZ= -1.2629E-04              YY=  1.1946E+00
                  YZ= -4.9014E-05              ZZ= -2.3824E+00
--
 

      LoProp population analysis for root number:  1
      -----------------------------------------------
 
 
++    LoProp analysis:
      ----------------
 
 
 
  Input file to MOLDEN was generated!
 
 
++    Static properties:
      ------------------
 
 
      LoProp Charges per center
 

                   H1       H2       H3       H4       H5       H6       H7       H8    
      Nuclear      1.0000   1.0000   1.0000   1.0000   1.0000   1.0000   1.0000   1.0000
      Electronic  -1.0389  -0.9798  -0.9899  -0.9913  -0.9913  -0.9899  -0.9798  -1.0389
 
      Total       -0.0389   0.0202   0.0101   0.0087   0.0087   0.0101   0.0202  -0.0389
--
 
 
      Natural Bond Order analysis for root number:  1
 
++    Natural Bond Order analysis
      ---------------------------
      Based on LoProp computed density
      -------------------------------------------------------------------------------------
      Atom A       Atom B       Bond Order | Atom A       Atom B       Bond Order
        H1           H2             0.947  |   H3           H4             0.909
        H7           H8             0.947  |   H5           H6             0.909
      -------------------------------------------------------------------------------------
      NBO located      7.427 electrons involved in    4 bonds.
      The remaining    0.573 electrons are to be considered as diffuse
--
 
--
 
 
  Input file to MOLDEN was generated!
 
      Average orbitals are written to the RASORB file
      Natural orbitals for root   1 are written to the RASORB.1 file
      Spin density orbitals for root   1 are written to the SPDORB.1 file
 
forrtl: warning (525): IEEE_DIVIDE_BY_ZERO is signaling
forrtl: warning (526): IEEE_INVALID is signaling
forrtl: warning (528): IEEE_UNDERFLOW is signaling
--- Stop Module: rasscf at Sun Oct 26 13:06:16 2025 /rc=_RC_ALL_IS_WELL_ ---
*** files: H8_0.92.LprOrb H8_0.92.rasscf.molden H8_0.92.LoProp.molden H8_0.92.RasOrb.1 H8_0.92.RasOrb H8_0.92.rasscf.h5 H8_0.92.SpdOrb.1 xmldump
    saved to directory ${LOCALHOME}/DDCASPT2/hydrogen_comps/rerun/H8_chain/H8_0.92
--- Module rasscf spent 1 second ---

>>> COPY /tmp/H8_0.92/H8_0.92.rasscf.h5 ${LOCALHOME}/DDCASPT2/hydrogen_comps/rerun/H8_chain/H8_0.92/

>>> COPY /tmp/H8_0.92/DDCASPT2_Fock_MO.csv ${LOCALHOME}/DDCASPT2/hydrogen_comps/rerun/H8_chain/H8_0.92/H8_0.92.DDCASPT2_Fock_MO.csv

*** symbolic link created: INPORB -> H8_0.92.RasOrb
--- Start Module: motra at Sun Oct 26 13:06:16 2025 ---
 
()()()()()()()()()()()()()()()()()()()()()()()()()()()()()()()()()()()()()()()()()()()()()()()()()()

                                               &MOTRA

                                   only a single process is used
                       available to each process: 2.0 GB of memory, 1 thread?
()()()()()()()()()()()()()()()()()()()()()()()()()()()()()()()()()()()()()()()()()()()()()()()()()()
 
 
      *** WARNING: Default frozen orbitals is overwritten by user input.
      *** Default values:   0
 
      Header of the integral files:
      
       Integrals generated by seward 4.2.0  , Sun Oct 26 13:06:14 2025
 
 
      Header of MO coefficients source file:
      * RASSCF average (pseudo-natural) orbitals                                      
 
 
      Cartesian coordinates in Angstrom:
      -----------------------------------------------------
      No.  Label        X            Y            Z        
      -----------------------------------------------------
       1   H1         0.00000000   0.00000000   0.00000000
       2   H2         0.00000000   0.00000000   0.91515200
       3   H3         0.00000000   0.00000000   1.83030300
       4   H4         0.00000000   0.00000000   2.74545500
       5   H5         0.00000000   0.00000000   3.66060600
       6   H6         0.00000000   0.00000000   4.57575800
       7   H7         0.00000000   0.00000000   5.49090900
       8   H8         0.00000000   0.00000000   6.40606100
      -----------------------------------------------------
      Nuclear repulsion energy =    7.94666945
 
      Orbital specifications:
      -----------------------
 
      Symmetry species:              1
      Number of basis functions:    40
      Frozen orbitals:               0
      Deleted orbitals:              0
      Number of orbitals used:      40

       SYMMETRY  BASIS FUNCTIONS       ORBITALS      INTEGRALS   CPU(SEC)  I/O(SEC)
        1 1 1 1   40  40  40  40    40  40  40  40      336610       0.00      0.00

       TOTAL CPU TIME(SEC)    0.21TOTAL I/O TIME(SEC)    0.50
 
--- Stop Module: motra at Sun Oct 26 13:06:16 2025 /rc=_RC_ALL_IS_WELL_ ---
*** files: xmldump
    saved to directory ${LOCALHOME}/DDCASPT2/hydrogen_comps/rerun/H8_chain/H8_0.92

>>> COPY /tmp/H8_0.92/DDCASPT2_one_int_indx.csv ${LOCALHOME}/DDCASPT2/hydrogen_comps/rerun/H8_chain/H8_0.92/H8_0.92.DDCASPT2_one_int_indx.csv

>>> COPY /tmp/H8_0.92/DDCASPT2_one_int.csv ${LOCALHOME}/DDCASPT2/hydrogen_comps/rerun/H8_chain/H8_0.92/H8_0.92.DDCASPT2_one_int.csv

>>> COPY /tmp/H8_0.92/DDCASPT2_two_int_indx.csv ${LOCALHOME}/DDCASPT2/hydrogen_comps/rerun/H8_chain/H8_0.92/H8_0.92.DDCASPT2_two_int_indx.csv

>>> COPY /tmp/H8_0.92/DDCASPT2_two_int.csv ${LOCALHOME}/DDCASPT2/hydrogen_comps/rerun/H8_chain/H8_0.92/H8_0.92.DDCASPT2_two_int.csv

*** symbolic link created: INPORB -> H8_0.92.RasOrb
--- Start Module: caspt2 at Sun Oct 26 13:06:16 2025 ---
 
()()()()()()()()()()()()()()()()()()()()()()()()()()()()()()()()()()()()()()()()()()()()()()()()()()

                                              &CASPT2

                                   only a single process is used
                       available to each process: 2.0 GB of memory, 1 thread?
()()()()()()()()()()()()()()()()()()()()()()()()()()()()()()()()()()()()()()()()()()()()()()()()()()
 
 Cholesky algorithm in CASPT2 =    1
 
 ###############################################################################
 ###############################################################################
 ###                                                                         ###
 ###                                                                         ###
 ###    User changed nr of frozen orbitals.                                  ###
 ###                                                                         ###
 ###                                                                         ###
 ###############################################################################
 ###############################################################################
 
++    Wave function specifications:
      -----------------------------
 
      Number of closed shell electrons           0
      Number of electrons in active shells       8
      Max number of holes in RAS1 space          0
      Max number of electrons in RAS3 space      0
      Number of inactive orbitals                0
      Number of active orbitals                  8
      Number of secondary orbitals              32
      Spin quantum number                      0.0
      State symmetry                             1
      Number of CSFs                          1764
      Number of root(s) available                1
      Root passed to geometry opt.               1
      A file JOBMIX will be created.
      This is a CASSCF or RASSCF reference function
--
 
++    Orbital specifications:
      -----------------------
 
      Symmetry species                           1
                                                 a
      Frozen orbitals                            0
      Inactive orbitals                          0
      Active orbitals                            8
      Secondary orbitals                        32
      Deleted orbitals                           0
      Number of basis functions                 40
--
 
      Type of Fock operator: STANDARD
      Type of 0-order Hamiltonian: STANDARD WITH DEFAULT IPEA
        "IP-EA" denominator shift =      0.25
      The input orbitals and the CI vector will be transformed.
 
--------------------------------------------------------------------------------
 Estimated memory requirements:
  POLY3 :                   450746
  RHS:                      417296
  SIGMA :                   326032
  PRPCTL:                        0
 Available workspace:    230388092
 
++ CASPT2 computation for group   1
 
********************************************************************************
 Multi-State initialization phase begins for group   1
--------------------------------------------------------------------------------
********************************************************************************
 Compute H0 matrices for state    1
--------------------------------------------------------------------------------
--------------------------------------------------------------------------------
 H0 matrices have been computed.
 
********************************************************************************
  CASPT2 EQUATION SOLUTION
--------------------------------------------------------------------------------
 
  Total nr of CASPT2 parameters:
   Before reduction:       49280
   After  reduction:       48896
 
 The contributions to the second order correlation energy in atomic units.
-----------------------------------------------------------------------------------------------------------------------------
  IT.      VJTU        VJTI        ATVX        AIVX        VJAI        BVAT        BJAT        BJAI        TOTAL       RNORM  
-----------------------------------------------------------------------------------------------------------------------------
   1     0.000000    0.000000   -0.032135    0.000000    0.000000   -0.048868    0.000000    0.000000   -0.081003    0.004151
   2     0.000000    0.000000   -0.032445    0.000000    0.000000   -0.048942    0.000000    0.000000   -0.081387    0.000477
   3     0.000000    0.000000   -0.032452    0.000000    0.000000   -0.048944    0.000000    0.000000   -0.081397    0.000077
   4     0.000000    0.000000   -0.032448    0.000000    0.000000   -0.048944    0.000000    0.000000   -0.081392    0.000009
   5     0.000000    0.000000   -0.032448    0.000000    0.000000   -0.048944    0.000000    0.000000   -0.081392    0.000001
-------------------------------------------------------------------------------------------------------------------
 
  FINAL CASPT2 RESULT:
 
  Correlation energy /Case, /Symm, and sums:
 VJTU      0.00000000  0.00000000
 VJTIP     0.00000000  0.00000000
 VJTIM     0.00000000  0.00000000
 ATVX     -0.03244789 -0.03244789
 AIVX      0.00000000  0.00000000
 VJAIP     0.00000000  0.00000000
 VJAIM     0.00000000  0.00000000
 BVATP    -0.04483843 -0.04483843
 BVATM    -0.00410588 -0.00410588
 BJATP     0.00000000  0.00000000
 BJATM     0.00000000  0.00000000
 BJAIP     0.00000000  0.00000000
 BJAIM     0.00000000  0.00000000
 Summed:  -0.08139220 -0.08139220
 
      Reference energy:          -4.3958486777
      E2 (Non-variational):      -0.0813921993
      E2 (Variational):          -0.0813922003
      Total energy:              -4.4772408780
      Residual norm:              0.0000001809
      Reference weight:           0.97187
 
      Contributions to the CASPT2 correlation energy
      Active & Virtual Only:         -0.0813921993
      One Inactive Excited:           0.0000000000
      Two Inactive Excited:           0.0000000000
 
 
++ Denominators, etc.
----------------------------------------------------------------------------------------------------
 Report on small energy denominators, large coefficients, and large energy contributions.
CASE  SYMM ACTIVE-MIX  NON-ACTIVE INDICES          DENOMINATOR     RHS VALUE       COEFFICIENT     CONTRIBUTION
ATVX     1  Mu1.0013  Se1.019                       2.16394019      0.07314597     -0.03369543     -0.00246468
--
 
   (Skipping property calculation,
    use PROP keyword to activate)
--
 
  Total CASPT2 energies:
::    CASPT2 Root  1     Total energy:     -4.47724088
 
  A NEW JOBIPH FILE NAMED 'JOBMIX' IS PREPARED.
********************************************************************************
forrtl: warning (528): IEEE_UNDERFLOW is signaling
--- Stop Module: caspt2 at Sun Oct 26 13:06:17 2025 /rc=_RC_ALL_IS_WELL_ ---
*** files: xmldump
    saved to directory ${LOCALHOME}/DDCASPT2/hydrogen_comps/rerun/H8_chain/H8_0.92

>>> EXPORT i = B

>>> EXPORT j = P

>>> IF (-FILE DDCASPT2_e2_${i}_${j}_1_.csv)
(Skipped)

>>> END FOREACH

>>> EXPORT j = M

>>> IF (-FILE DDCASPT2_e2_${i}_${j}_1_.csv)
(Skipped)

>>> END FOREACH

>>> END FOREACH

>>> EXPORT i = E

>>> EXPORT j = P

>>> IF (-FILE DDCASPT2_e2_${i}_${j}_1_.csv)
(Skipped)

>>> END FOREACH

>>> EXPORT j = M

>>> IF (-FILE DDCASPT2_e2_${i}_${j}_1_.csv)
(Skipped)

>>> END FOREACH

>>> END FOREACH

>>> EXPORT i = F

>>> EXPORT j = P

>>> IF (-FILE DDCASPT2_e2_${i}_${j}_1_.csv)

>>> COPY /tmp/H8_0.92/DDCASPT2_RHS_F_P_1_.csv ${LOCALHOME}/DDCASPT2/hydrogen_comps/rerun/H8_chain/H8_0.92/DDCASPT2_RHS_F_P_1_.csv

>>> COPY /tmp/H8_0.92/DDCASPT2_IVECW_F_P_1_.csv ${LOCALHOME}/DDCASPT2/hydrogen_comps/rerun/H8_chain/H8_0.92/DDCASPT2_IVECW_F_P_1_.csv

>>> COPY /tmp/H8_0.92/DDCASPT2_IVECX_F_P_1_.csv ${LOCALHOME}/DDCASPT2/hydrogen_comps/rerun/H8_chain/H8_0.92/DDCASPT2_IVECX_F_P_1_.csv

>>> COPY /tmp/H8_0.92/DDCASPT2_IVECC2_F_P_1_.csv ${LOCALHOME}/DDCASPT2/hydrogen_comps/rerun/H8_chain/H8_0.92/DDCASPT2_IVECC2_F_P_1_.csv

>>> COPY /tmp/H8_0.92/DDCASPT2_e2_F_P_1_.csv ${LOCALHOME}/DDCASPT2/hydrogen_comps/rerun/H8_chain/H8_0.92/DDCASPT2_e2_F_P_1_.csv

>>> END FOREACH

>>> EXPORT j = M

>>> IF (-FILE DDCASPT2_e2_${i}_${j}_1_.csv)

>>> COPY /tmp/H8_0.92/DDCASPT2_RHS_F_M_1_.csv ${LOCALHOME}/DDCASPT2/hydrogen_comps/rerun/H8_chain/H8_0.92/DDCASPT2_RHS_F_M_1_.csv

>>> COPY /tmp/H8_0.92/DDCASPT2_IVECW_F_M_1_.csv ${LOCALHOME}/DDCASPT2/hydrogen_comps/rerun/H8_chain/H8_0.92/DDCASPT2_IVECW_F_M_1_.csv

>>> COPY /tmp/H8_0.92/DDCASPT2_IVECX_F_M_1_.csv ${LOCALHOME}/DDCASPT2/hydrogen_comps/rerun/H8_chain/H8_0.92/DDCASPT2_IVECX_F_M_1_.csv

>>> COPY /tmp/H8_0.92/DDCASPT2_IVECC2_F_M_1_.csv ${LOCALHOME}/DDCASPT2/hydrogen_comps/rerun/H8_chain/H8_0.92/DDCASPT2_IVECC2_F_M_1_.csv

>>> COPY /tmp/H8_0.92/DDCASPT2_e2_F_M_1_.csv ${LOCALHOME}/DDCASPT2/hydrogen_comps/rerun/H8_chain/H8_0.92/DDCASPT2_e2_F_M_1_.csv

>>> END FOREACH

>>> END FOREACH

>>> EXPORT i = G

>>> EXPORT j = P

>>> IF (-FILE DDCASPT2_e2_${i}_${j}_1_.csv)
(Skipped)

>>> END FOREACH

>>> EXPORT j = M

>>> IF (-FILE DDCASPT2_e2_${i}_${j}_1_.csv)
(Skipped)

>>> END FOREACH

>>> END FOREACH

>>> EXPORT i = H

>>> EXPORT j = P

>>> IF (-FILE DDCASPT2_e2_${i}_${j}_1_.csv)
(Skipped)

>>> END FOREACH

>>> EXPORT j = M

>>> IF (-FILE DDCASPT2_e2_${i}_${j}_1_.csv)
(Skipped)

>>> END FOREACH

>>> END FOREACH

>>> EXPORT i = A

>>> IF (-FILE DDCASPT2_e2_${i}_1_.csv)
(Skipped)

>>> END FOREACH

>>> EXPORT i = C

>>> IF (-FILE DDCASPT2_e2_${i}_1_.csv)

>>> COPY /tmp/H8_0.92/DDCASPT2_RHS_C_1_.csv ${LOCALHOME}/DDCASPT2/hydrogen_comps/rerun/H8_chain/H8_0.92/DDCASPT2_RHS_C_1_.csv

>>> COPY /tmp/H8_0.92/DDCASPT2_IVECW_C_1_.csv ${LOCALHOME}/DDCASPT2/hydrogen_comps/rerun/H8_chain/H8_0.92/DDCASPT2_IVECW_C_1_.csv

>>> COPY /tmp/H8_0.92/DDCASPT2_IVECX_C_1_.csv ${LOCALHOME}/DDCASPT2/hydrogen_comps/rerun/H8_chain/H8_0.92/DDCASPT2_IVECX_C_1_.csv

>>> COPY /tmp/H8_0.92/DDCASPT2_IVECC2_C_1_.csv ${LOCALHOME}/DDCASPT2/hydrogen_comps/rerun/H8_chain/H8_0.92/DDCASPT2_IVECC2_C_1_.csv

>>> COPY /tmp/H8_0.92/DDCASPT2_e2_C_1_.csv ${LOCALHOME}/DDCASPT2/hydrogen_comps/rerun/H8_chain/H8_0.92/DDCASPT2_e2_C_1_.csv

>>> END FOREACH

>>> EXPORT i = D

>>> IF (-FILE DDCASPT2_e2_${i}_1_.csv)
(Skipped)

>>> END FOREACH

.########################.
.# Non-zero return code #.
.########################.

    Timing: Wall=3.82 User=2.91 System=0.90
***************************************
*** WorkDir at /tmp/H8_0.92 cleaned ***
***************************************
