   This run of MOLCAS is using the pymolcas driver

                             OPE
                             OPE          NMOL  CASOP  ENMOLC A   SO
                 OPE        NMOLC        AS  OP EN  MO LC     AS  OP
                OPENM       OL CA        SO  PE NM  OL CA     SOP EN
                OP EN      MO   LC       AS  OP ENMOL  CASO   PENMOL
                OP  EN     MO   LC       AS  OP EN     MO     LC ASO
               OP   E  NMOL  C  AS       OP  EN MO     LC     AS  OP
               OP  E   NMO   LC AS        OPEN  MO     LCASOP EN   M
               O  PEN   MO  LCA  SO
            OPE   NMO   L   CAS    OP
        OPENMOL  CASOP     ENMOL   CASOPE
     OPENMOLCA   SOPENMOLCASOPEN   MOLCASOPE
    OPENMOLCAS   OP           EN   MOL    CAS
    OPENMOLCAS       OP  ENM        O     LCA
    OPENMOLCAS    OPEN  MOLCASO     P  E  NMO
    OPENMOLCAS     OP               E  N  MOL
    OPENMOLCA   SO           PENM   O  L  CAS    OPEN    MO    LCAS
    OPENMOLCA   SOP           ENM   O  L  CAS   OP  EN  MOLC  AS   O
    OPENMOLCA   SOPE           NM      O  LCA   S      OP  EN MO
    OPENMOLC                AS         O  PEN   M      OL  CA  SOPE
    OPENMO        LCASOPE  NMOL        C  ASO   P      ENMOLC     AS
    OPE     NMO      LCA  SO     P     E   NM   OL  CA SO  PE N   MO
          OPENMOLCA            SOPE   NMO        LCAS  O    P  ENMO
     OPENMOLCASOPENMOLCASOPENMOLCASOPENMOLCA
        OPENMOLCASOPENMOLCASOPENMOLCASOPE
            OPENMOLCASOPENMOLCASOPENM
               OPENMOLCASOPENMOLCA        version: f37762c57
                   OPENMOLCASO
                       OPE                tag:

 OpenMolcas is free software; you can redistribute it and/or modify it
 under the terms of the GNU Lesser General Public License version 2.1.
 OpenMolcas is distributed in the hope that it will be useful, but it
 is provided "as is" and without any express or implied warranties.
 For more details see the full text of the license in the file
 LICENSE or in <http://www.gnu.org/licenses/>.

                 Copyright (C) The OpenMolcas Authors
           For the author list and the recommended citation,
                   consult the file CONTRIBUTORS.md

           *************************************************
           * pymolcas version py2.28                       *
           *   build c4a6d18ded8cb6cad61d2372a9abd97c      *
           *   (after the EMIL interpreter by V. Veryazov) *
           *************************************************

configuration info
------------------
C Compiler ID: Intel
C flags: -std=gnu99 -gcc-sys
Fortran Compiler ID: IntelLLVM
Fortran flags: -standard-semantics -fltconsistency -fpp -i8 -heap-arrays
Definitions: _MOLCAS_;_I8_;_LINUX_
Parallel: OFF (GA=OFF)


   --------------------------------------------------------------------------------------
  |
  |              Project: H6_2.22
  |       Submitted from: ${LOCALHOME}/DDCASPT2/hydrogen_comps/rerun/H6_chain/H6_2.22
  |         Scratch area: /tmp/H6_2.22
  |      Save outputs to: ${LOCALHOME}/DDCASPT2/hydrogen_comps/rerun/H6_chain/H6_2.22
  |               Molcas: ${LOCALHOME}/Test/build
  |
  | Scratch area is empty
  |
  |       MOLCAS_DRIVER = /usr/local/pymolcas
  | MOLCAS_KEEP_WORKDIR = NO
  |  MOLCAS_NEW_WORKDIR = YES
  |       MOLCAS_NPROCS = 1
  |        MOLCAS_PRINT = NORMAL
  |       MOLCAS_SOURCE = ${LOCALHOME}/Test
  |    MOLCAS_STRUCTURE = 0
  |
   --------------------------------------------------------------------------------------

++ ---------   Input file   ---------

&GATEWAY
coord=H6_2.22.xyz
Basis = ANO-RCC-VDZP
Group = nosymm
End of Input

&SEWARD
End of Input

&SCF

>>> COPY $WorkDir/H6_2.22.scf.h5 $CurrDir/

&RASSCF
Title= RASSCF
FileOrb
${LOCALHOME}/DDCASPT2/hydrogen_comps/rerun/H6_chain/H6_0.60/H6_0.60.RasOrb
NACTEL
6 0 0
Inactive
0
RAS2
6
Symmetry
1
Spin
1
orblisting
all

>>> COPY $WorkDir/H6_2.22.rasscf.h5 $CurrDir/

>>> COPY $WorkDir/DDCASPT2_Fock_MO.csv $CurrDir/H6_2.22.DDCASPT2_Fock_MO.csv

&MOTRA
Frozen=0
LUMORB

>>> COPY $WorkDir/DDCASPT2_one_int_indx.csv $CurrDir/H6_2.22.DDCASPT2_one_int_indx.csv

>>> COPY $WorkDir/DDCASPT2_one_int.csv $CurrDir/H6_2.22.DDCASPT2_one_int.csv

>>> COPY $WorkDir/DDCASPT2_two_int_indx.csv $CurrDir/H6_2.22.DDCASPT2_two_int_indx.csv

>>> COPY $WorkDir/DDCASPT2_two_int.csv $CurrDir/H6_2.22.DDCASPT2_two_int.csv

&CASPT2
Frozen
0

MAXITER
50

>>> FOREACH i IN (B,E,F,G,H)

  >>> FOREACH j IN (P,M)

    >>> IF (-FILE DDCASPT2_e2_${i}_${j}_1_.csv)

      >>> COPY $WorkDir/DDCASPT2_RHS_${i}_${j}_1_.csv $CurrDir/DDCASPT2_RHS_${i}_${j}_1_.csv

      >>> COPY $WorkDir/DDCASPT2_IVECW_${i}_${j}_1_.csv $CurrDir/DDCASPT2_IVECW_${i}_${j}_1_.csv

      >>> COPY $WorkDir/DDCASPT2_IVECX_${i}_${j}_1_.csv $CurrDir/DDCASPT2_IVECX_${i}_${j}_1_.csv

      >>> COPY $WorkDir/DDCASPT2_IVECC2_${i}_${j}_1_.csv $CurrDir/DDCASPT2_IVECC2_${i}_${j}_1_.csv

      >>> COPY $WorkDir/DDCASPT2_e2_${i}_${j}_1_.csv $CurrDir/DDCASPT2_e2_${i}_${j}_1_.csv

    >>> END IF

  >>> END FOREACH

>>> END FOREACH

>>> FOREACH i IN (A,C,D)

  >>> IF (-FILE DDCASPT2_e2_${i}_1_.csv)

    >>> COPY $WorkDir/DDCASPT2_RHS_${i}_1_.csv $CurrDir/DDCASPT2_RHS_${i}_1_.csv

    >>> COPY $WorkDir/DDCASPT2_IVECW_${i}_1_.csv $CurrDir/DDCASPT2_IVECW_${i}_1_.csv

    >>> COPY $WorkDir/DDCASPT2_IVECX_${i}_1_.csv $CurrDir/DDCASPT2_IVECX_${i}_1_.csv

    >>> COPY $WorkDir/DDCASPT2_IVECC2_${i}_1_.csv $CurrDir/DDCASPT2_IVECC2_${i}_1_.csv

    >>> COPY $WorkDir/DDCASPT2_e2_${i}_1_.csv $CurrDir/DDCASPT2_e2_${i}_1_.csv

  >>> END IF

>>> END FOREACH

-- ----------------------------------

--- Start Module: gateway at Sun Oct 26 13:07:34 2025 ---
 
()()()()()()()()()()()()()()()()()()()()()()()()()()()()()()()()()()()()()()()()()()()()()()()()()()

                                              &GATEWAY

                                   only a single process is used
                       available to each process: 2.0 GB of memory, 1 thread?
()()()()()()()()()()()()()()()()()()()()()()()()()()()()()()()()()()()()()()()()()()()()()()()()()()
 
 
++    Symmetry information:
      ---------------------
 
                    Character Table for C1 
 
                             E  
                    a        1  x, y, xy, Rz, z, xz, Ry, yz, Rx, I
--
 
 
++    Basis set information:
      ----------------------
 
 
      Basis set label: H.ANO-RCC...2S1P.
 
      Electronic valence basis set:
      ------------------
      Associated Effective Charge   1.000000 au
      Associated Actual Charge      1.000000 au
      Nuclear Model: Point charge
 
      Shell  nPrim  nBasis  Cartesian Spherical Contaminant
         s       8       2        X                  
         p       4       1        X                  
--
 
 
++    Molecular structure info:
      -------------------------
 
                    ************************************************ 
                    **** Cartesian Coordinates / Bohr, Angstrom **** 
                    ************************************************ 
 
     Center  Label                x              y              z                     x              y              z
        1      H1               0.000000       0.000000       0.000000              0.000000       0.000000       0.000000
        2      H2               0.000000       0.000000       4.203208              0.000000       0.000000       2.224242
        3      H3               0.000000       0.000000       8.406418              0.000000       0.000000       4.448485
        4      H4               0.000000       0.000000      12.609627              0.000000       0.000000       6.672727
        5      H5               0.000000       0.000000      16.812837              0.000000       0.000000       8.896970
        6      H6               0.000000       0.000000      21.016045              0.000000       0.000000      11.121212
 
                    *************************************** 
                    *    InterNuclear Distances / Bohr    * 
                    *************************************** 
 
               1 H1            2 H2            3 H3            4 H4            5 H5            6 H6    
    1 H1       0.000000
    2 H2       4.203208        0.000000
    3 H3       8.406418        4.203210        0.000000
    4 H4      12.609627        8.406418        4.203208        0.000000
    5 H5      16.812837       12.609628        8.406418        4.203210        0.000000
    6 H6      21.016045       16.812837       12.609627        8.406418        4.203208        0.000000
 
                    ******************************************* 
                    *    InterNuclear Distances / Angstrom    * 
                    ******************************************* 
 
               1 H1            2 H2            3 H3            4 H4            5 H5            6 H6    
    1 H1       0.000000
    2 H2       2.224242        0.000000
    3 H3       4.448485        2.224243        0.000000
    4 H4       6.672727        4.448485        2.224242        0.000000
    5 H5       8.896970        6.672728        4.448485        2.224243        0.000000
    6 H6      11.121212        8.896970        6.672727        4.448485        2.224242        0.000000
--
 
 
            Nuclear Potential Energy              2.06984709 au
 
--- Stop Module: gateway at Sun Oct 26 13:07:34 2025 /rc=_RC_ALL_IS_WELL_ ---
*** files: xmldump
    saved to directory ${LOCALHOME}/DDCASPT2/hydrogen_comps/rerun/H6_chain/H6_2.22

--- Start Module: seward at Sun Oct 26 13:07:34 2025 ---
 
()()()()()()()()()()()()()()()()()()()()()()()()()()()()()()()()()()()()()()()()()()()()()()()()()()

                                              &SEWARD

                                   only a single process is used
                       available to each process: 2.0 GB of memory, 1 thread?
()()()()()()()()()()()()()()()()()()()()()()()()()()()()()()()()()()()()()()()()()()()()()()()()()()
 
               SEWARD will generate:
                  Multipole Moment integrals up to order  2
                  Kinetic Energy integrals
                  Nuclear Attraction integrals (point charge)
                  One-Electron Hamiltonian integrals
                  Velocity integrals
                  Relativistic Douglas-Kroll-Hess integrals:
                    - Parametrization         : EXP
                    - DKH order of Hamiltonian: 2
                    - DKH order of Properties : 0
                         - multipole moment operators
                         - electric potential operators
                         - contact operators
                  Atomic mean-field integrals
                  Two-Electron Repulsion integrals
 
                   Integrals are discarded if absolute value <: 0.10E-13
                   Integral cutoff threshold is set to       <: 0.10E-15
 
            Nuclear Potential Energy              2.06984709 au
 
 
      Basis set specifications :
      Symmetry species         a  
      Basis functions           30
 
 
  Input file to MOLDEN was generated!
 
forrtl: warning (525): IEEE_DIVIDE_BY_ZERO is signaling
forrtl: warning (526): IEEE_INVALID is signaling
forrtl: warning (528): IEEE_UNDERFLOW is signaling
--- Stop Module: seward at Sun Oct 26 13:07:35 2025 /rc=_RC_ALL_IS_WELL_ ---
*** files: H6_2.22.GssOrb H6_2.22.guessorb.h5 H6_2.22.guessorb.molden xmldump
    saved to directory ${LOCALHOME}/DDCASPT2/hydrogen_comps/rerun/H6_chain/H6_2.22

*** symbolic link created: INPORB -> H6_2.22.GssOrb
--- Start Module: scf at Sun Oct 26 13:07:35 2025 ---
 
()()()()()()()()()()()()()()()()()()()()()()()()()()()()()()()()()()()()()()()()()()()()()()()()()()

                                                &SCF

                                   only a single process is used
                       available to each process: 2.0 GB of memory, 1 thread?
()()()()()()()()()()()()()()()()()()()()()()()()()()()()()()()()()()()()()()()()()()()()()()()()()()
 
++    Input section:
      --------------
 
      Header of the integral files:
      
       Integrals generated by seward 4.2.0  , Sun Oct 26 13:07:34 2025
 
 
      Cartesian coordinates in Angstrom:
      -----------------------------------------------------
      No.  Label        X            Y            Z        
      -----------------------------------------------------
       1   H1         0.00000000   0.00000000   0.00000000
       2   H2         0.00000000   0.00000000   2.22424200
       3   H3         0.00000000   0.00000000   4.44848500
       4   H4         0.00000000   0.00000000   6.67272700
       5   H5         0.00000000   0.00000000   8.89697000
       6   H6         0.00000000   0.00000000  11.12121200
      -----------------------------------------------------
      Nuclear repulsion energy =    2.06984709
--
 
++    Orbital specifications:
      -----------------------
 
      Symmetry species               1
                                     a
      Frozen orbitals                0
      Occupied orbitals              3
      Secondary orbitals            27
      Deleted orbitals               0
      Total number of orbitals      30
      Number of basis functions     30
--
 
      Molecular charge                           0.000
 
++    Optimization specifications:
      ----------------------------
 
      SCF Algorithm: Conventional
      Minimized density differences are used
      Number of density matrices in core                5
      Maximum number of NDDO SCF iterations           400
      Maximum number of HF SCF iterations             400
      Threshold for SCF energy change            0.10E-08
      Threshold for density matrix               0.10E-03
      Threshold for Fock matrix                  0.15E-03
      Threshold for linear dependence            0.10E-08
      Threshold at which DIIS is turned on       0.15E+00
      Threshold at which QNR/C2DIIS is turned on 0.75E-01
      Threshold for Norm(delta) (QNR/C2DIIS)     0.20E-04
      DIIS extrapolation of the SCF procedure
      All orbitals punched on: SCFORB
--
 
      Input vectors read from INPORB
      Orbital file label: *Guess orbitals
 
 
++ Convergence information
                                   SCF        iterations: Energy and convergence statistics
 
Iter     Tot. SCF        One-elec.       Two-elec.     Energy      Max Dij or  Max Fij      DNorm      TNorm      AccCon     Time
         Energy          Energy          Energy        Change      Delta Norm                                                in Sec.
   1    -2.532179781    -7.292539555     2.690512683   0.00E+00    0.35E+00*   0.11E+00*    0.37E+01   0.64E+01   None         0.
   2    -2.679735940    -7.272138476     2.522555444  -0.15E+00*   0.11E+00*   0.22E-01*    0.11E+01   0.62E+01   EDIIS        0.
   3    -2.687015383    -7.227153082     2.470290607  -0.73E-02*   0.61E-01*   0.83E-02*    0.21E+00   0.61E+01   EDIIS        0.
   4    -2.688113931    -7.229696317     2.471735295  -0.11E-02*   0.36E-01*   0.54E-02*    0.11E+00   0.61E+01   c2DIIS       0.
   5    -2.688466466    -7.222634700     2.464321143  -0.35E-03*   0.96E-02*   0.23E-02*    0.17E-01   0.61E+01   QNRc2DIIS    0.
   6    -2.688528610    -7.226013325     2.467637623  -0.62E-04*   0.70E-02*   0.11E-02*    0.34E-02   0.61E+01   QNRc2DIIS    0.
   7    -2.688551674    -7.225122325     2.466723559  -0.23E-04*   0.24E-02*   0.35E-03*    0.50E-03   0.61E+01   QNRc2DIIS    0.
   8    -2.688553531    -7.224577420     2.466176798  -0.19E-05*   0.25E-04*   0.50E-05     0.24E-03   0.61E+01   QNRc2DIIS    0.
   9    -2.688553531    -7.224567662     2.466167039  -0.39E-09    0.27E-05    0.45E-06     0.26E-04   0.61E+01   QNRc2DIIS    0.
 
       Convergence after  9 Macro Iterations
--
 
 *****************************************************************************************************************************
 *                                                                                                                           *
 *                                             SCF/KS-DFT Program, Final results                                             *
 *                                                                                                                           *
 *                                                                                                                           *
 *                                                                                                                           *
 *                                                       Final Results                                                       *
 *                                                                                                                           *
 *****************************************************************************************************************************
 
::    Total SCF energy                                 -2.6885535311
      One-electron energy                              -7.2245676615
      Two-electron energy                               2.4661670388
      Nuclear repulsion energy                          2.0698470917
      Kinetic energy (interpolated)                     2.0023553808
      Virial theorem                                    1.3426954860
      Total spin, S(S+1)                                0.0000000000
      Total spin, S                                     0.0000000000
      Max non-diagonal density matrix element           0.0000036843
      Max non-diagonal Fock matrix element              0.0000002606
 
 
      All orbitals with orbital energies smaller than  E(LUMO)+0.5 are printed
 
++    Molecular orbitals:
      -------------------
 
      Title: SCF orbitals

      Molecular orbitals for symmetry species 1: a  
 
          Orbital            1         2         3         4         5         6         7         8    
          Energy           -0.4153   -0.3859   -0.3449   -0.1301   -0.0700   -0.0145    0.3240    0.3505
          Occ. No.          2.0000    2.0000    2.0000    0.0000    0.0000    0.0000    0.0000    0.0000
 
        1 H1     1s         0.2288   -0.4003    0.3898   -0.4882    0.5752   -0.3695   -0.1473    0.1806
        2 H1     2s         0.0346   -0.0675    0.0763   -0.1622    0.2138   -0.1461    0.3130   -0.5213
        3 H1     2px        0.0000   -0.0000    0.0000   -0.0000    0.0000   -0.0000    0.0000   -0.0000
        4 H1     2py        0.0000   -0.0000   -0.0000    0.0000   -0.0000    0.0000    0.0000   -0.0000
        5 H1     2pz        0.0105   -0.0149    0.0108    0.0046   -0.0167    0.0204   -0.0285    0.0371
        6 H2     1s         0.3153   -0.4511    0.3154    0.2824   -0.6394    0.5872   -0.2182    0.1968
        7 H2     2s         0.0438   -0.0950    0.0968    0.0879   -0.2416    0.2264    0.2520   -0.2597
        8 H2     2px       -0.0000    0.0000   -0.0000    0.0000   -0.0000    0.0000   -0.0000    0.0000
        9 H2     2py        0.0000   -0.0000    0.0000    0.0000    0.0000    0.0000    0.0000   -0.0000
       10 H2     2pz       -0.0012    0.0099   -0.0165    0.0232   -0.0133   -0.0084    0.0064   -0.0212
       11 H3     1s         0.4246   -0.0862   -0.4485    0.5066    0.2107   -0.7369   -0.2254    0.0765
       12 H3     2s         0.0653    0.0025   -0.1176    0.1710    0.0850   -0.2801    0.3031   -0.1248
       13 H3     2px       -0.0000   -0.0000    0.0000    0.0000    0.0000   -0.0000    0.0000    0.0000
       14 H3     2py        0.0000   -0.0000   -0.0000   -0.0000    0.0000    0.0000   -0.0000   -0.0000
       15 H3     2pz        0.0071    0.0082   -0.0145   -0.0193    0.0213    0.0102   -0.0067   -0.0130
       16 H4     1s         0.4246    0.0862   -0.4485   -0.5066    0.2107    0.7369   -0.2254   -0.0765
       17 H4     2s         0.0653   -0.0025   -0.1176   -0.1710    0.0850    0.2801    0.3031    0.1248
       18 H4     2px       -0.0000   -0.0000    0.0000    0.0000    0.0000   -0.0000    0.0000    0.0000
       19 H4     2py       -0.0000    0.0000   -0.0000   -0.0000    0.0000    0.0000    0.0000   -0.0000
       20 H4     2pz       -0.0071    0.0082    0.0145   -0.0193   -0.0213    0.0102    0.0067   -0.0130
       21 H5     1s         0.3153    0.4511    0.3154   -0.2824   -0.6394   -0.5872   -0.2182   -0.1968
       22 H5     2s         0.0438    0.0950    0.0968   -0.0879   -0.2416   -0.2264    0.2520    0.2597
       23 H5     2px        0.0000    0.0000   -0.0000    0.0000    0.0000   -0.0000   -0.0000    0.0000
       24 H5     2py       -0.0000   -0.0000   -0.0000    0.0000   -0.0000   -0.0000    0.0000    0.0000
       25 H5     2pz        0.0012    0.0099    0.0165    0.0232    0.0133   -0.0084   -0.0064   -0.0212
       26 H6     1s         0.2288    0.4003    0.3898    0.4882    0.5752    0.3695   -0.1473   -0.1806
       27 H6     2s         0.0346    0.0675    0.0763    0.1622    0.2138    0.1461    0.3130    0.5213
       28 H6     2px       -0.0000    0.0000    0.0000    0.0000    0.0000   -0.0000    0.0000   -0.0000
       29 H6     2py       -0.0000    0.0000    0.0000    0.0000   -0.0000   -0.0000   -0.0000   -0.0000
       30 H6     2pz       -0.0105   -0.0149   -0.0108    0.0046    0.0167    0.0204    0.0285    0.0371
--
 
 
++    Molecular charges:
      ------------------
 
      Mulliken charges per centre and basis function type
      ---------------------------------------------------
 
                H1      H2      H3      H4      H5      H6    
      1s       0.8823  0.9507  0.9258  0.9258  0.9507  0.8823
      2s       0.0709  0.0802  0.0678  0.0678  0.0802  0.0709
      2px      0.0000  0.0000  0.0000  0.0000  0.0000  0.0000
      2pz      0.0065  0.0080  0.0077  0.0077  0.0080  0.0065
      2py      0.0000  0.0000  0.0000  0.0000  0.0000  0.0000
      Total    0.9598  1.0389  1.0013  1.0013  1.0389  0.9598
 
      N-E      0.0402 -0.0389 -0.0013 -0.0013 -0.0389  0.0402
 
      Total electronic charge=    6.000000
 
      Total            charge=   -0.000000
--
 
 
  Input file to MOLDEN was generated!
 
 
++    Static properties:
      ------------------
 
 
      LoProp Charges per center
 

                   H1       H2       H3       H4       H5       H6    
      Nuclear      1.0000   1.0000   1.0000   1.0000   1.0000   1.0000
      Electronic  -0.9784  -1.0187  -1.0028  -1.0028  -1.0187  -0.9784
 
      Total        0.0216  -0.0187  -0.0028  -0.0028  -0.0187   0.0216
--
 
 
++    Natural Bond Order analysis
      ---------------------------
      Based on LoProp computed density
      -------------------------------------------------------------------------------------
      Atom A       Atom B       Bond Order
      -------------------------------------------------------------------------------------
      NBO located      0.961 non-bonded electrons on atom H1        
      NBO located      1.012 non-bonded electrons on atom H3        
      NBO located      1.012 non-bonded electrons on atom H4        
      NBO located      0.961 non-bonded electrons on atom H6        
      The remaining    2.054 electrons are to be considered as diffuse
--
 
 
++    Molecular properties:
      ---------------------
 
      Charge (e):
                      =   -0.0000
      Dipole Moment (Debye):
      Origin of the operator (Ang)=    0.0000    0.0000    0.0000
                   X= -1.3833E-13               Y= -1.5889E-14               Z=  8.1451E-12           Total=  8.1463E-12
      Quadrupole Moment (Debye*Ang):
      Origin of the operator (Ang)=    0.0000    0.0000    5.5606
                  XX= -1.3385E+01              XY= -8.2982E-29              XZ=  7.6739E-13              YY= -1.3385E+01
                  YZ=  6.1966E-14              ZZ= -1.2307E+00
      In traceless form (Debye*Ang)
                  XX= -6.0771E+00              XY= -1.2447E-28              XZ=  1.1511E-12              YY= -6.0771E+00
                  YZ=  9.2949E-14              ZZ=  1.2154E+01
--
 
 
  Input file to MOLDEN was generated!
 
 ###############################################################################
 ###############################################################################
 ###                                                                         ###
 ###                                                                         ###
 ###    RunFile label nBas                                                   ###
 ###    was used       78 times                                              ###
 ###                                                                         ###
 ###                                                                         ###
 ###############################################################################
 ###############################################################################
forrtl: warning (528): IEEE_UNDERFLOW is signaling
--- Stop Module: scf at Sun Oct 26 13:07:35 2025 /rc=_RC_ALL_IS_WELL_ ---
*** files: H6_2.22.LprOrb H6_2.22.LoProp.molden H6_2.22.scf.molden H6_2.22.ScfOrb H6_2.22.scf.h5 xmldump
    saved to directory ${LOCALHOME}/DDCASPT2/hydrogen_comps/rerun/H6_chain/H6_2.22

>>> COPY /tmp/H6_2.22/H6_2.22.scf.h5 ${LOCALHOME}/DDCASPT2/hydrogen_comps/rerun/H6_chain/H6_2.22/

*** symbolic link created: INPORB -> H6_2.22.ScfOrb
--- Start Module: rasscf at Sun Oct 26 13:07:35 2025 ---
 
()()()()()()()()()()()()()()()()()()()()()()()()()()()()()()()()()()()()()()()()()()()()()()()()()()

                                              &RASSCF

                                   only a single process is used
                       available to each process: 2.0 GB of memory, 1 thread?
()()()()()()()()()()()()()()()()()()()()()()()()()()()()()()()()()()()()()()()()()()()()()()()()()()
 
 
      Header of the ONEINT file:
      --------------------------
      
      Integrals generated by seward 4.2.0  , Sun Oct 26 13:07:34 2025
 
 
      OrdInt status: non-squared
 
 
      Cartesian coordinates in Angstrom:
      -----------------------------------------------------
      No.  Label        X            Y            Z        
      -----------------------------------------------------
       1   H1         0.00000000   0.00000000   0.00000000
       2   H2         0.00000000   0.00000000   2.22424200
       3   H3         0.00000000   0.00000000   4.44848500
       4   H4         0.00000000   0.00000000   6.67272700
       5   H5         0.00000000   0.00000000   8.89697000
       6   H6         0.00000000   0.00000000  11.12121200
      -----------------------------------------------------
      Nuclear repulsion energy =    2.06984709
 
++    Wave function specifications:
      -----------------------------
 
      Number of closed shell electrons           0
      Number of electrons in active shells       6
      Max number of holes in RAS1 space          0
      Max nr of electrons in RAS3 space          0
      Number of inactive orbitals                0
      Number of active orbitals                  6
      Number of secondary orbitals              24
      Spin quantum number                      0.0
      State symmetry                             1
--
 
++    Orbital specifications:
      -----------------------
 
      Symmetry species                           1
                                                 a
      Frozen orbitals                            0
      Inactive orbitals                          0
      Active orbitals                            6
      RAS1 orbitals                              0
      RAS2 orbitals                              6
      RAS3 orbitals                              0
      Secondary orbitals                        24
      Deleted orbitals                           0
      Number of basis functions                 30
--
 
++    CI expansion specifications:
      ----------------------------
 
      Number of CSFs                           175
      Number of determinants                   210
      Number of root(s) required                 1
      Root chosen for geometry opt.              1
      CI root used                               1
         
      highest root included in the CI            1
      max. size of the explicit Hamiltonian    175
--
 
++    Optimization specifications:
      ----------------------------
 
      RASSCF algorithm: Conventional
      Maximum number of macro iterations       200
      Maximum number of SX iterations          100
      Threshold for RASSCF energy            0.100E-07
      Threshold for max MO rotation          0.100E+00
      Threshold for max BLB element          0.100E-03
      Level shift parameter                  0.500E+00
      Make Quasi-Newton update
--
 
      The MO-coefficients are taken from the file:
      ${LOCALHOME}/DDCASPT2/hydrogen_comps/rerun/H6_chain/H6_0.60/H6_0.60.RasOrb                                                  
      Title: RASSCF average (pseudo-natural) orbitals                                      
 
      Total molecular charge    0.00
 
      ************************************************************************************************************************
      *                                                                                                                      *
      *                                            Wave function control section                                             *
      *                                                                                                                      *
      ************************************************************************************************************************
 
 
                                         RASSCF iterations: Energy and convergence statistics
                                         ----------------------------------------------------
 
      Iter CI   SX   CI       RASSCF       Energy    max ROT     max BLB   max BLB  Level Ln srch  Step   QN   Walltime
          iter iter root      energy       change     param      element    value   shift minimum  type update hh:mm:ss
 Nr of preliminary CI iterations:   1
        1   1   95    1    -2.03273403    0.00E+00   0.48E+00*   1   8 1 -0.32E+00*  0.39   0.00    SX    NO    0:00:00
        2   1   21    1    -2.62499186   -0.59E+00* -0.17E+00*   1   8 1 -0.19E+00*  0.21   0.00    SX    NO    0:00:00
        3   1   33    1    -2.74978749   -0.12E+00* -0.13E+00*   2  11 1  0.53E-01*  0.20   0.00    SX    NO    0:00:00
        4   1   58    1    -2.77633904   -0.27E-01* -0.99E-01    2  11 1  0.48E-01*  0.17   0.00    SX    NO    0:00:00
        5   1   45    1    -2.79776546   -0.21E-01* -0.28E+00*   2  11 1  0.46E-01*  0.15   2.49    QN   YES    0:00:00
        6   1   61    1    -2.79309711    0.47E-02*  0.79E-01    2  11 1 -0.71E-01*  0.07   0.49    LS   YES    0:00:00
        7   1   30    1    -2.81002143   -0.17E-01*  0.53E-01    2  11 1 -0.36E-01*  0.10   1.81    LS   YES    0:00:00
        8   1   27    1    -2.81479468   -0.48E-02* -0.24E-01    2  24 1  0.14E-01*  0.12   1.32    QN   YES    0:00:00
        9   1   27    1    -2.81659322   -0.18E-02* -0.56E-01    5   8 1  0.91E-02*  0.11   2.29    QN   YES    0:00:00
       10   1   27    1    -2.81943983   -0.28E-02* -0.22E+00*   4  11 1 -0.15E-01*  0.11   2.50    QN   YES    0:00:00
       11   1   63    1    -2.82507249   -0.56E-02*  0.59E-01    1  16 1  0.55E-01*  0.09   0.78    QN   YES    0:00:00
       12   1   56    1    -2.82668488   -0.16E-02* -0.25E-01    4  11 1 -0.44E-01*  0.08   0.83    QN   YES    0:00:00
       13   1   29    1    -2.82851570   -0.18E-02* -0.15E+00*   4  11 1 -0.52E-01*  0.08   2.50    QN   YES    0:00:00
       14   1   99    1    -2.83565808   -0.71E-02*  0.82E-01    4  11 1 -0.80E-01*  0.11   1.02    QN   YES    0:00:00
       15   1   99    1    -2.83059896    0.51E-02* -0.12E+00*   4  11 1 -0.71E-01*  0.09  -0.50    SX   YES    0:00:00
       16   1  100    1    -2.86416895   -0.34E-01* -0.27E+00*   4  11 1 -0.64E-01*  0.12   2.50    QN   YES    0:00:00
       17   1   34    1    -2.90707514   -0.43E-01* -0.39E-01    2   7 1 -0.15E-01*  0.18   1.01    QN   YES    0:00:00
       18   1   25    1    -2.90997202   -0.29E-02*  0.40E-01    3  21 1 -0.90E-02*  0.17   1.35    QN   YES    0:00:00
       19   1   21    1    -2.91116982   -0.12E-02* -0.13E+00*   3  16 1  0.66E-02*  0.16   2.50    QN   YES    0:00:00
       20   1   71    1    -2.91542752   -0.43E-02* -0.11E+00*   1  21 1  0.13E-01*  0.10   2.50    LS   YES    0:00:00
       21   1   57    1    -2.92213593   -0.67E-02* -0.99E-01    6   7 1  0.28E-01*  0.04   2.50    LS   YES    0:00:00
       22   1  100    1    -2.93317374   -0.11E-01* -0.37E-01    6   7 1  0.51E-01*  0.00   2.50    QN   YES    0:00:00
       23   1  100    1    -2.94259578   -0.94E-02* -0.15E+00*   6   7 1  0.48E-01*  0.00   1.71    SX   YES    0:00:00
       24   1  100    1    -2.97776096   -0.35E-01* -0.13E+00*   6   7 1  0.61E-01*  0.00   2.50    LS   YES    0:00:00
       25   1  100    1    -3.00511699   -0.27E-01* -0.14E+00*   6   7 1  0.43E-01*  0.00   1.67    QN   YES    0:00:00
       26   1   17    1    -3.01695449   -0.12E-01*  0.29E-01    6   7 1 -0.14E-01*  0.00   0.86    QN   YES    0:00:00
       27   1   15    1    -3.01767851   -0.72E-03*  0.24E-01    2   7 1 -0.16E-01*  0.00   0.69    QN   YES    0:00:00
       28   1   14    1    -3.01792577   -0.25E-03* -0.94E-02    3   7 1 -0.70E-02*  0.00   0.59    LS   YES    0:00:00
       29   1   13    1    -3.01814416   -0.22E-03* -0.10E-01    2   7 1 -0.52E-02*  0.00   1.04    QN   YES    0:00:00
       30   1   13    1    -3.01820920   -0.65E-04* -0.47E-02    4  11 1  0.25E-02*  0.00   0.60    QN   YES    0:00:00
       31   1   12    1    -3.01827626   -0.67E-04*  0.18E-02    6   7 1 -0.76E-03*  0.00   0.90    QN   YES    0:00:00
       32   1   11    1    -3.01827991   -0.36E-05*  0.55E-03    2   7 1 -0.51E-03*  0.00   0.71    QN   YES    0:00:00
       33   1    9    1    -3.01828099   -0.11E-05* -0.16E-03    6  29 1  0.68E-04   0.00   1.00    QN   YES    0:00:00
       34   1    8    1    -3.01828104   -0.47E-07*  0.31E-04    3   7 1  0.25E-04   0.00   1.07    QN   YES    0:00:00
       35   1    6    1    -3.01828104   -0.67E-08   0.56E-05    2  11 1 -0.38E-05   0.00   1.10    QN   YES    0:00:00
      Convergence after 35 iterations
 
  Dmat in MO in SXCTL bf call to SXHAM                                                                                    
  mat. size =     6x    6
 
        1.2315041564548956
       -0.0177106862778426      1.4045680102772882
       -0.0380142358246803      0.0126299169795215      1.2760240877507776
        0.0222611396575166      0.1169668138800355     -0.0207270902148495      0.6739299812280698
        0.2082646685263536     -0.0457536367509206      0.0928558656441230      0.0515980125869356      0.6510664631290204
        0.3685024723171573      0.0603077834642019     -0.0829763823819040     -0.0738537761542810      0.1154236509620791
        0.7629073011599526
       36   1    6    1    -3.01828104   -0.12E-09   0.56E-05    2  11 1  0.23E-05   0.00   1.10    QN   YES    0:00:00
 
      ************************************************************************************************************************
                                                      Wave function printout:
                       occupation of active orbitals, and spin coupling of open shells (u,d: Spin up or down)
      ************************************************************************************************************************
 
      Note: transformation to natural orbitals
      has been made, which may change the order of the CSFs.
 
      printout of CI-coefficients larger than  0.05 for root  1
      energy=      -3.018281
      conf/sym  111111     Coeff  Weight
             1  222000   0.57028 0.32522
            11  220200  -0.29181 0.08515
            13  220020  -0.07583 0.00575
            16  220002  -0.05731 0.00328
            18  2udud0  -0.29871 0.08923
            21  2ud0ud  -0.09662 0.00934
            23  u2d200   0.05030 0.00253
            25  u2d020  -0.11041 0.01219
            26  u2du0d  -0.28615 0.08188
            29  202200  -0.08068 0.00651
            31  202020  -0.19421 0.03772
            32  202u0d  -0.11070 0.01225
            34  202002  -0.06719 0.00452
            36  ud2ud0  -0.10303 0.01062
            39  ud20ud  -0.21647 0.04686
            41  022200  -0.06471 0.00419
            43  022020  -0.07153 0.00512
            44  022u0d   0.05291 0.00280
            46  022002  -0.15544 0.02416
            47  2uudd0   0.08601 0.00740
            51  u2ud0d   0.09752 0.00951
           120  200220   0.16622 0.02763
           123  200202   0.05225 0.00273
           127  ud02ud   0.17550 0.03080
           130  ud0ud2   0.05542 0.00307
           132  020220   0.05534 0.00306
           134  020u2d   0.06853 0.00470
           135  020202   0.12497 0.01562
           140  u0du2d   0.16906 0.02858
           141  u0d202   0.06844 0.00468
           145  0ud2ud   0.05895 0.00347
           148  0udud2   0.13835 0.01914
           155  002022   0.09779 0.00956
           161  u0ud2d  -0.05541 0.00307
           175  000222  -0.12815 0.01642
 
      Natural orbitals and occupation numbers for root  1
      sym 1:   1.510114   1.427474   1.287404   0.720006   0.572376   0.482625
 
      ************************************************************************************************************************
      *                                                                                                                      *
      *                                                    Final results                                                     *
      *                                                                                                                      *
      ************************************************************************************************************************
 
 
++    Wave function specifications:
      -----------------------------
 
      Number of closed shell electrons           0
      Number of electrons in active shells       6
      Max number of holes in RAS1 space          0
      Max nr of electrons in RAS3 space          0
      Number of inactive orbitals                0
      Number of active orbitals                  6
      Number of secondary orbitals              24
      Spin quantum number                      0.0
      State symmetry                             1
--
 
++    Orbital specifications:
      -----------------------
 
      Symmetry species                           1
                                                 a
      Frozen orbitals                            0
      Inactive orbitals                          0
      Active orbitals                            6
      RAS1 orbitals                              0
      RAS2 orbitals                              6
      RAS3 orbitals                              0
      Secondary orbitals                        24
      Deleted orbitals                           0
      Number of basis functions                 30
--
 
++    CI expansion specifications:
      ----------------------------
 
      Number of CSFs                           175
      Number of determinants                   210
      Number of root(s) required                 1
      CI root used                               1
      highest root included in the CI            1
      Root passed to geometry opt.               1
--
 
++    Final optimization conditions:
      ------------------------------
 
      Average CI energy                              -3.01828104
      RASSCF energy for state  1                     -3.01828104
      Super-CI energy                                -0.00000000
      RASSCF energy change                           -0.00000000
      Max change in MO coefficients               0.914E-05
      Max non-diagonal density matrix element     0.563E-05
      Maximum BLB matrix element                  0.233E-05
      (orbital pair   2,  11 in symmetry   1)
      Norm of electronic gradient            0.365E-05
--
 
 
      Final state energy(ies):
      ------------------------
 
::    RASSCF root number  1 Total energy:     -3.01828104
 
++    Molecular orbitals:
      -------------------
 
      Pseudonatural active orbitals and approximate occupation numbers
 
 
 
 
      Molecular orbitals for symmetry species 1: a  
 
 
      Orbital                1         2         3         4         5         6         7         8         9        10
      Energy            0.0000    0.0000    0.0000    0.0000    0.0000    0.0000    0.3335    0.3600    0.4171    0.5155
      Occ. No.          1.5101    1.4275    1.2874    0.7200    0.5724    0.4826    0.0000    0.0000    0.0000    0.0000
 
    1 H1     1s         0.2554   -0.4263    0.4065   -0.4694   -0.5405   -0.3473   -0.1063   -0.1048    0.0225    0.1908
    2 H1     2s         0.0178   -0.0322    0.0340   -0.0504   -0.0640   -0.0449    0.3150    0.5356    0.6456    0.6462
    3 H1     2px        0.0000   -0.0000    0.0000   -0.0000   -0.0000   -0.0000   -0.0000   -0.0000   -0.0000   -0.0000
    4 H1     2py        0.0000   -0.0000    0.0000   -0.0000   -0.0000   -0.0000   -0.0000   -0.0000   -0.0000   -0.0000
    5 H1     2pz        0.0031   -0.0039    0.0023   -0.0017   -0.0032   -0.0029   -0.0246   -0.0340   -0.0318   -0.0452
    6 H2     1s         0.3445   -0.4624    0.2950    0.2763    0.5945    0.5225   -0.1963   -0.1945   -0.0596   -0.0686
    7 H2     2s         0.0214   -0.0457    0.0490    0.0203    0.0879    0.0938    0.2536    0.2555   -0.0800   -0.6160
    8 H2     2px       -0.0000    0.0000   -0.0000   -0.0000   -0.0000   -0.0000    0.0000   -0.0000   -0.0000   -0.0000
    9 H2     2py       -0.0000    0.0000   -0.0000   -0.0000   -0.0000   -0.0000    0.0000    0.0000   -0.0000   -0.0000
   10 H2     2pz        0.0015    0.0020   -0.0054    0.0022   -0.0005   -0.0009    0.0022    0.0174    0.0223   -0.0144
   11 H3     1s         0.4301   -0.1012   -0.4704    0.5166   -0.1844   -0.6428   -0.1914   -0.0404    0.1283   -0.0045
   12 H3     2s         0.0287    0.0035   -0.0595    0.0659   -0.0401   -0.1155    0.3098    0.1311   -0.4130   -0.4836
   13 H3     2px        0.0000   -0.0000   -0.0000    0.0000   -0.0000   -0.0000   -0.0000   -0.0000    0.0000    0.0000
   14 H3     2py        0.0000   -0.0000   -0.0000    0.0000   -0.0000   -0.0000   -0.0000   -0.0000    0.0000    0.0000
   15 H3     2pz        0.0003    0.0040   -0.0037   -0.0010   -0.0010   -0.0023   -0.0028    0.0132    0.0098    0.0170
   16 H4     1s         0.4301    0.1012   -0.4704   -0.5166   -0.1844    0.6428   -0.1914    0.0404    0.1283    0.0045
   17 H4     2s         0.0287   -0.0036   -0.0595   -0.0659   -0.0401    0.1155    0.3098   -0.1311   -0.4130    0.4836
   18 H4     2px       -0.0000   -0.0000    0.0000    0.0000    0.0000   -0.0000    0.0000   -0.0000   -0.0000    0.0000
   19 H4     2py       -0.0000   -0.0000    0.0000    0.0000    0.0000   -0.0000    0.0000   -0.0000   -0.0000    0.0000
   20 H4     2pz       -0.0003    0.0040    0.0037   -0.0010    0.0010   -0.0023    0.0028    0.0132   -0.0098    0.0170
   21 H5     1s         0.3445    0.4624    0.2950   -0.2763    0.5945   -0.5225   -0.1963    0.1944   -0.0596    0.0686
   22 H5     2s         0.0214    0.0457    0.0490   -0.0203    0.0879   -0.0938    0.2536   -0.2555   -0.0800    0.6160
   23 H5     2px       -0.0000   -0.0000   -0.0000    0.0000   -0.0000    0.0000    0.0000   -0.0000   -0.0000    0.0000
   24 H5     2py       -0.0000   -0.0000   -0.0000    0.0000   -0.0000    0.0000    0.0000   -0.0000   -0.0000    0.0000
   25 H5     2pz       -0.0015    0.0020    0.0054    0.0022    0.0005   -0.0009   -0.0022    0.0174   -0.0223   -0.0144
   26 H6     1s         0.2554    0.4263    0.4065    0.4694   -0.5405    0.3473   -0.1063    0.1048    0.0225   -0.1908
   27 H6     2s         0.0178    0.0322    0.0340    0.0504   -0.0640    0.0449    0.3150   -0.5356    0.6456   -0.6462
   28 H6     2px        0.0000    0.0000    0.0000    0.0000   -0.0000    0.0000   -0.0000    0.0000   -0.0000    0.0000
   29 H6     2py        0.0000    0.0000    0.0000   -0.0000    0.0000   -0.0000   -0.0000   -0.0000   -0.0000   -0.0000
   30 H6     2pz       -0.0031   -0.0039   -0.0023   -0.0017    0.0032   -0.0029    0.0246   -0.0340    0.0318   -0.0452
 
 
      Orbital               11        12        13        14        15        16        17        18        19        20
      Energy            0.6510    0.7366    0.7491    0.8078    0.8078    0.8481    0.8481    0.9099    0.9099    0.9860
      Occ. No.          0.0000    0.0000    0.0000    0.0000    0.0000    0.0000    0.0000    0.0000    0.0000    0.0000
 
    1 H1     1s        -0.2584   -0.1600    0.2021   -0.0000   -0.0000    0.0000    0.0000   -0.0000   -0.0000    0.0000
    2 H1     2s        -0.4796   -0.1486    0.1938    0.0000    0.0000   -0.0000   -0.0000    0.0000    0.0000    0.0000
    3 H1     2px        0.0000   -0.0000   -0.0000    0.0088    0.2138   -0.0304   -0.3947   -0.0264    0.5094   -0.0466
    4 H1     2py        0.0000    0.0000   -0.0000    0.2138   -0.0088   -0.3947    0.0304    0.5094    0.0264   -0.5295
    5 H1     2pz        0.0950    0.3232   -0.3569   -0.0000   -0.0000    0.0000    0.0000    0.0000    0.0000    0.0000
    6 H2     1s         0.2722    0.1169   -0.2176    0.0000    0.0000   -0.0000   -0.0000    0.0000    0.0000   -0.0000
    7 H2     2s         0.9588    0.3023   -0.5211   -0.0000   -0.0000    0.0000   -0.0000   -0.0000   -0.0000   -0.0000
    8 H2     2px        0.0000    0.0000   -0.0000    0.0159    0.3879   -0.0382   -0.4956   -0.0120    0.2324    0.0205
    9 H2     2py        0.0000    0.0000   -0.0000    0.3879   -0.0159   -0.4956    0.0382    0.2324    0.0120    0.2332
   10 H2     2pz        0.0603   -0.3691    0.3402    0.0000    0.0000   -0.0000   -0.0000   -0.0000   -0.0000   -0.0000
   11 H3     1s        -0.1242   -0.0494    0.2611   -0.0000   -0.0000    0.0000    0.0000    0.0000    0.0000    0.0000
   12 H3     2s        -0.5124   -0.1552    0.6887    0.0000    0.0000    0.0000    0.0000    0.0000    0.0000    0.0000
   13 H3     2px        0.0000   -0.0000   -0.0000    0.0199    0.4861   -0.0170   -0.2202    0.0213   -0.4102    0.0376
   14 H3     2py        0.0000    0.0000   -0.0000    0.4861   -0.0199   -0.2202    0.0170   -0.4102   -0.0213    0.4266
   15 H3     2pz       -0.2255    0.3461   -0.1372   -0.0000   -0.0000    0.0000    0.0000    0.0000    0.0000    0.0000
   16 H4     1s        -0.1242   -0.0494   -0.2611    0.0000    0.0000    0.0000   -0.0000   -0.0000   -0.0000   -0.0000
   17 H4     2s        -0.5124   -0.1552   -0.6887   -0.0000   -0.0000   -0.0000   -0.0000   -0.0000   -0.0000   -0.0000
   18 H4     2px       -0.0000   -0.0000   -0.0000    0.0199    0.4861    0.0170    0.2202    0.0213   -0.4102   -0.0376
   19 H4     2py       -0.0000   -0.0000   -0.0000    0.4861   -0.0199    0.2202   -0.0170   -0.4102   -0.0213   -0.4266
   20 H4     2pz        0.2255   -0.3461   -0.1372   -0.0000   -0.0000    0.0000   -0.0000    0.0000   -0.0000    0.0000
   21 H5     1s         0.2722    0.1169    0.2176   -0.0000   -0.0000    0.0000    0.0000    0.0000    0.0000    0.0000
   22 H5     2s         0.9588    0.3023    0.5211    0.0000    0.0000    0.0000   -0.0000    0.0000    0.0000    0.0000
   23 H5     2px        0.0000   -0.0000   -0.0000    0.0159    0.3879    0.0382    0.4956   -0.0120    0.2324   -0.0205
   24 H5     2py        0.0000   -0.0000   -0.0000    0.3879   -0.0159    0.4956   -0.0382    0.2324    0.0120   -0.2332
   25 H5     2pz       -0.0603    0.3691    0.3403    0.0000    0.0000   -0.0000   -0.0000   -0.0000   -0.0000   -0.0000
   26 H6     1s        -0.2584   -0.1600   -0.2021   -0.0000   -0.0000    0.0000   -0.0000    0.0000   -0.0000    0.0000
   27 H6     2s        -0.4796   -0.1486   -0.1938   -0.0000   -0.0000    0.0000    0.0000   -0.0000    0.0000   -0.0000
   28 H6     2px        0.0000    0.0000   -0.0000    0.0088    0.2138    0.0304    0.3947   -0.0264    0.5094    0.0466
   29 H6     2py       -0.0000    0.0000   -0.0000    0.2138   -0.0088    0.3947   -0.0304    0.5094    0.0264    0.5295
   30 H6     2pz       -0.0950   -0.3231   -0.3569   -0.0000   -0.0000    0.0000    0.0000    0.0000    0.0000    0.0000
 
 
      Orbital               21        22        23        24        25        26        27        28        29        30
      Energy            0.9860    1.0604    1.0604    1.1160    1.1160    1.1707    1.1844    1.2787    1.4319    1.5697
      Occ. No.          0.0000    0.0000    0.0000    0.0000    0.0000    0.0000    0.0000    0.0000    0.0000    0.0000
 
    1 H1     1s         0.0000   -0.0000   -0.0000    0.0000   -0.0000    0.2348   -0.2156   -0.2233   -0.1748    0.1088
    2 H1     2s         0.0000   -0.0000   -0.0000   -0.0000   -0.0000    0.4310   -0.3538   -0.3554   -0.2049    0.0981
    3 H1     2px       -0.5295   -0.1407    0.4217   -0.2359    0.0935    0.0000   -0.0000   -0.0000    0.0000   -0.0000
    4 H1     2py        0.0466    0.4217    0.1407   -0.0935   -0.2359    0.0000   -0.0000   -0.0000    0.0000   -0.0000
    5 H1     2pz        0.0000   -0.0000   -0.0000    0.0000   -0.0000    0.4879   -0.2055   -0.5837   -0.4904    0.2847
    6 H2     1s        -0.0000    0.0000    0.0000    0.0000    0.0000   -0.5254    0.6251    0.3573    0.0818    0.0275
    7 H2     2s        -0.0000    0.0000    0.0000    0.0000    0.0000   -0.8345    1.0752    0.4659    0.1093   -0.0224
    8 H2     2px        0.2332    0.1740   -0.5215    0.4214   -0.1671   -0.0000    0.0000    0.0000   -0.0000    0.0000
    9 H2     2py       -0.0205   -0.5215   -0.1740    0.1671    0.4214   -0.0000   -0.0000   -0.0000    0.0000   -0.0000
   10 H2     2pz       -0.0000    0.0000    0.0000    0.0000    0.0000   -0.1608    0.3662   -0.2985   -0.6791    0.5556
   11 H3     1s        -0.0000   -0.0000   -0.0000   -0.0000   -0.0000    0.2886   -0.9934   -0.0011    0.1241    0.0371
   12 H3     2s         0.0000   -0.0000   -0.0000   -0.0000   -0.0000    0.4484   -1.6831   -0.0910    0.0597    0.0391
   13 H3     2px        0.4266   -0.0768    0.2303   -0.5241    0.2078    0.0000   -0.0000   -0.0000    0.0000   -0.0000
   14 H3     2py       -0.0376    0.2303    0.0768   -0.2078   -0.5241    0.0000    0.0000   -0.0000   -0.0000   -0.0000
   15 H3     2pz        0.0000   -0.0000   -0.0000   -0.0000   -0.0000   -0.5165   -0.1900    0.4858   -0.2829    0.6919
   16 H4     1s        -0.0000    0.0000    0.0000    0.0000    0.0000    0.2886    0.9934    0.0011    0.1241   -0.0371
   17 H4     2s        -0.0000    0.0000    0.0000    0.0000    0.0000    0.4483    1.6831    0.0911    0.0597   -0.0391
   18 H4     2px       -0.4266   -0.0768    0.2303    0.5241   -0.2079   -0.0000   -0.0000   -0.0000   -0.0000   -0.0000
   19 H4     2py        0.0376    0.2303    0.0768    0.2079    0.5241   -0.0000   -0.0000   -0.0000    0.0000   -0.0000
   20 H4     2pz       -0.0000    0.0000   -0.0000    0.0000   -0.0000    0.5165   -0.1900    0.4858    0.2829    0.6919
   21 H5     1s         0.0000   -0.0000   -0.0000   -0.0000   -0.0000   -0.5254   -0.6251   -0.3573    0.0818   -0.0275
   22 H5     2s         0.0000   -0.0000   -0.0000   -0.0000   -0.0000   -0.8345   -1.0752   -0.4659    0.1093    0.0224
   23 H5     2px       -0.2332    0.1740   -0.5215   -0.4214    0.1671    0.0000    0.0000    0.0000    0.0000    0.0000
   24 H5     2py        0.0205   -0.5215   -0.1740   -0.1671   -0.4214    0.0000    0.0000    0.0000    0.0000    0.0000
   25 H5     2pz       -0.0000    0.0000    0.0000    0.0000    0.0000    0.1608    0.3662   -0.2985    0.6791    0.5556
   26 H6     1s        -0.0000    0.0000   -0.0000    0.0000    0.0000    0.2348    0.2156    0.2233   -0.1748   -0.1088
   27 H6     2s         0.0000    0.0000    0.0000    0.0000    0.0000    0.4310    0.3538    0.3554   -0.2049   -0.0981
   28 H6     2px        0.5295   -0.1407    0.4217    0.2359   -0.0935    0.0000   -0.0000    0.0000    0.0000    0.0000
   29 H6     2py       -0.0466    0.4217    0.1407    0.0935    0.2359   -0.0000   -0.0000   -0.0000   -0.0000   -0.0000
   30 H6     2pz        0.0000   -0.0000   -0.0000   -0.0000   -0.0000   -0.4879   -0.2055   -0.5837    0.4904    0.2847
--
 
      Von Neumann Entropy (Root  1) =  2.60452
 

      Mulliken population analysis for root number:  1
      -----------------------------------------------
 
 
++    Molecular charges:
      ------------------
 
      Mulliken charges per centre and basis function type
      ---------------------------------------------------
 
                H1      H2      H3      H4      H5      H6    
      1s       0.9864  1.0020  1.0012  1.0012  1.0020  0.9864
      2s       0.0078  0.0015 -0.0030 -0.0030  0.0015  0.0078
      2px      0.0000  0.0000  0.0000  0.0000  0.0000  0.0000
      2pz      0.0006  0.0018  0.0016  0.0016  0.0018  0.0006
      2py      0.0000  0.0000  0.0000  0.0000  0.0000  0.0000
      Total    0.9948  1.0054  0.9998  0.9998  1.0054  0.9948
 
      N-E      0.0052 -0.0054  0.0002  0.0002 -0.0054  0.0052
 
      Total electronic charge=    6.000000
 
      Total            charge=   -0.000000
--
 
 

      Expectation values of various properties for root number:  1
      -----------------------------------------------------------
 
 
++    Molecular properties:
      ---------------------
 
      Charge (e):
                      =   -0.0000
      Dipole Moment (Debye):
      Origin of the operator (Ang)=    0.0000    0.0000    0.0000
                   X= -1.0265E-09               Y=  3.2460E-09               Z= -3.2238E-06           Total=  3.2238E-06
      Quadrupole Moment (Debye*Ang):
      Origin of the operator (Ang)=    0.0000    0.0000    5.5606
                  XX= -9.2302E+00              XY= -1.9131E-18              XZ=  5.6119E-09              YY= -9.2302E+00
                  YZ=  1.4318E-08              ZZ= -7.8444E+00
      In traceless form (Debye*Ang)
                  XX= -6.9294E-01              XY= -2.8697E-18              XZ=  8.4178E-09              YY= -6.9294E-01
                  YZ=  2.1477E-08              ZZ=  1.3859E+00
--
 

      LoProp population analysis for root number:  1
      -----------------------------------------------
 
 
++    LoProp analysis:
      ----------------
 
 
 
  Input file to MOLDEN was generated!
 
 
++    Static properties:
      ------------------
 
 
      LoProp Charges per center
 

                   H1       H2       H3       H4       H5       H6    
      Nuclear      1.0000   1.0000   1.0000   1.0000   1.0000   1.0000
      Electronic  -1.0001  -1.0000  -0.9999  -0.9999  -1.0000  -1.0001
 
      Total       -0.0001   0.0000   0.0001   0.0001   0.0000  -0.0001
--
 
 
      Natural Bond Order analysis for root number:  1
 
++    Natural Bond Order analysis
      ---------------------------
      Based on LoProp computed density
      -------------------------------------------------------------------------------------
      Atom A       Atom B       Bond Order
      -------------------------------------------------------------------------------------
      The remaining    6.000 electrons are to be considered as diffuse
--
 
--
 
 
  Input file to MOLDEN was generated!
 
      Average orbitals are written to the RASORB file
      Natural orbitals for root   1 are written to the RASORB.1 file
      Spin density orbitals for root   1 are written to the SPDORB.1 file
 
 ###############################################################################
 ###############################################################################
 ###                                                                         ###
 ###                                                                         ###
 ###    RunFile label BirthCertificate                                       ###
 ###    was used       41 times                                              ###
 ###                                                                         ###
 ###                                                                         ###
 ###############################################################################
 ###############################################################################
forrtl: warning (525): IEEE_DIVIDE_BY_ZERO is signaling
forrtl: warning (526): IEEE_INVALID is signaling
forrtl: warning (528): IEEE_UNDERFLOW is signaling
--- Stop Module: rasscf at Sun Oct 26 13:07:37 2025 /rc=_RC_ALL_IS_WELL_ ---
*** files: H6_2.22.LprOrb H6_2.22.rasscf.molden H6_2.22.LoProp.molden H6_2.22.RasOrb.1 H6_2.22.RasOrb H6_2.22.rasscf.h5 H6_2.22.SpdOrb.1 xmldump
    saved to directory ${LOCALHOME}/DDCASPT2/hydrogen_comps/rerun/H6_chain/H6_2.22
--- Module rasscf spent 2 seconds ---

>>> COPY /tmp/H6_2.22/H6_2.22.rasscf.h5 ${LOCALHOME}/DDCASPT2/hydrogen_comps/rerun/H6_chain/H6_2.22/

>>> COPY /tmp/H6_2.22/DDCASPT2_Fock_MO.csv ${LOCALHOME}/DDCASPT2/hydrogen_comps/rerun/H6_chain/H6_2.22/H6_2.22.DDCASPT2_Fock_MO.csv

*** symbolic link created: INPORB -> H6_2.22.RasOrb
--- Start Module: motra at Sun Oct 26 13:07:37 2025 ---
 
()()()()()()()()()()()()()()()()()()()()()()()()()()()()()()()()()()()()()()()()()()()()()()()()()()

                                               &MOTRA

                                   only a single process is used
                       available to each process: 2.0 GB of memory, 1 thread?
()()()()()()()()()()()()()()()()()()()()()()()()()()()()()()()()()()()()()()()()()()()()()()()()()()
 
 
      *** WARNING: Default frozen orbitals is overwritten by user input.
      *** Default values:   0
 
      Header of the integral files:
      
       Integrals generated by seward 4.2.0  , Sun Oct 26 13:07:34 2025
 
 
      Header of MO coefficients source file:
      * RASSCF average (pseudo-natural) orbitals                                      
 
 
      Cartesian coordinates in Angstrom:
      -----------------------------------------------------
      No.  Label        X            Y            Z        
      -----------------------------------------------------
       1   H1         0.00000000   0.00000000   0.00000000
       2   H2         0.00000000   0.00000000   2.22424200
       3   H3         0.00000000   0.00000000   4.44848500
       4   H4         0.00000000   0.00000000   6.67272700
       5   H5         0.00000000   0.00000000   8.89697000
       6   H6         0.00000000   0.00000000  11.12121200
      -----------------------------------------------------
      Nuclear repulsion energy =    2.06984709
 
      Orbital specifications:
      -----------------------
 
      Symmetry species:              1
      Number of basis functions:    30
      Frozen orbitals:               0
      Deleted orbitals:              0
      Number of orbitals used:      30

       SYMMETRY  BASIS FUNCTIONS       ORBITALS      INTEGRALS   CPU(SEC)  I/O(SEC)
        1 1 1 1   30  30  30  30    30  30  30  30      108345       0.00      0.00

       TOTAL CPU TIME(SEC)    0.08TOTAL I/O TIME(SEC)    0.15
 
--- Stop Module: motra at Sun Oct 26 13:07:37 2025 /rc=_RC_ALL_IS_WELL_ ---
*** files: xmldump
    saved to directory ${LOCALHOME}/DDCASPT2/hydrogen_comps/rerun/H6_chain/H6_2.22

>>> COPY /tmp/H6_2.22/DDCASPT2_one_int_indx.csv ${LOCALHOME}/DDCASPT2/hydrogen_comps/rerun/H6_chain/H6_2.22/H6_2.22.DDCASPT2_one_int_indx.csv

>>> COPY /tmp/H6_2.22/DDCASPT2_one_int.csv ${LOCALHOME}/DDCASPT2/hydrogen_comps/rerun/H6_chain/H6_2.22/H6_2.22.DDCASPT2_one_int.csv

>>> COPY /tmp/H6_2.22/DDCASPT2_two_int_indx.csv ${LOCALHOME}/DDCASPT2/hydrogen_comps/rerun/H6_chain/H6_2.22/H6_2.22.DDCASPT2_two_int_indx.csv

>>> COPY /tmp/H6_2.22/DDCASPT2_two_int.csv ${LOCALHOME}/DDCASPT2/hydrogen_comps/rerun/H6_chain/H6_2.22/H6_2.22.DDCASPT2_two_int.csv

*** symbolic link created: INPORB -> H6_2.22.RasOrb
--- Start Module: caspt2 at Sun Oct 26 13:07:38 2025 ---
 
()()()()()()()()()()()()()()()()()()()()()()()()()()()()()()()()()()()()()()()()()()()()()()()()()()

                                              &CASPT2

                                   only a single process is used
                       available to each process: 2.0 GB of memory, 1 thread?
()()()()()()()()()()()()()()()()()()()()()()()()()()()()()()()()()()()()()()()()()()()()()()()()()()
 
 Cholesky algorithm in CASPT2 =    1
 
 ###############################################################################
 ###############################################################################
 ###                                                                         ###
 ###                                                                         ###
 ###    User changed nr of frozen orbitals.                                  ###
 ###                                                                         ###
 ###                                                                         ###
 ###############################################################################
 ###############################################################################
 
++    Wave function specifications:
      -----------------------------
 
      Number of closed shell electrons           0
      Number of electrons in active shells       6
      Max number of holes in RAS1 space          0
      Max number of electrons in RAS3 space      0
      Number of inactive orbitals                0
      Number of active orbitals                  6
      Number of secondary orbitals              24
      Spin quantum number                      0.0
      State symmetry                             1
      Number of CSFs                           175
      Number of root(s) available                1
      Root passed to geometry opt.               1
      A file JOBMIX will be created.
      This is a CASSCF or RASSCF reference function
--
 
++    Orbital specifications:
      -----------------------
 
      Symmetry species                           1
                                                 a
      Frozen orbitals                            0
      Inactive orbitals                          0
      Active orbitals                            6
      Secondary orbitals                        24
      Deleted orbitals                           0
      Number of basis functions                 30
--
 
      Type of Fock operator: STANDARD
      Type of 0-order Hamiltonian: STANDARD WITH DEFAULT IPEA
        "IP-EA" denominator shift =      0.25
      The input orbitals and the CI vector will be transformed.
 
--------------------------------------------------------------------------------
 Estimated memory requirements:
  POLY3 :                   262414
  RHS:                      285604
  SIGMA :                   275200
  PRPCTL:                        0
 Available workspace:    230396124
 
++ CASPT2 computation for group   1
 
********************************************************************************
 Multi-State initialization phase begins for group   1
--------------------------------------------------------------------------------
********************************************************************************
 Compute H0 matrices for state    1
--------------------------------------------------------------------------------
--------------------------------------------------------------------------------
 H0 matrices have been computed.
 
********************************************************************************
  CASPT2 EQUATION SOLUTION
--------------------------------------------------------------------------------
 
  Total nr of CASPT2 parameters:
   Before reduction:       15624
   After  reduction:       15048
 
 The contributions to the second order correlation energy in atomic units.
-----------------------------------------------------------------------------------------------------------------------------
  IT.      VJTU        VJTI        ATVX        AIVX        VJAI        BVAT        BJAT        BJAI        TOTAL       RNORM  
-----------------------------------------------------------------------------------------------------------------------------
   1     0.000000    0.000000   -0.001406    0.000000    0.000000   -0.003792    0.000000    0.000000   -0.005198    0.000726
   2     0.000000    0.000000   -0.001421    0.000000    0.000000   -0.003797    0.000000    0.000000   -0.005218    0.000091
   3     0.000000    0.000000   -0.001421    0.000000    0.000000   -0.003798    0.000000    0.000000   -0.005219    0.000018
   4     0.000000    0.000000   -0.001421    0.000000    0.000000   -0.003798    0.000000    0.000000   -0.005219    0.000002
-------------------------------------------------------------------------------------------------------------------
 
  FINAL CASPT2 RESULT:
 
  Correlation energy /Case, /Symm, and sums:
 VJTU      0.00000000  0.00000000
 VJTIP     0.00000000  0.00000000
 VJTIM     0.00000000  0.00000000
 ATVX     -0.00142103 -0.00142103
 AIVX      0.00000000  0.00000000
 VJAIP     0.00000000  0.00000000
 VJAIM     0.00000000  0.00000000
 BVATP    -0.00355984 -0.00355984
 BVATM    -0.00023773 -0.00023773
 BJATP     0.00000000  0.00000000
 BJATM     0.00000000  0.00000000
 BJAIP     0.00000000  0.00000000
 BJAIM     0.00000000  0.00000000
 Summed:  -0.00521860 -0.00521860
 
      Reference energy:          -3.0182810419
      E2 (Non-variational):      -0.0052185966
      E2 (Variational):          -0.0052186007
      Total energy:              -3.0234996426
      Residual norm:              0.0000003068
      Reference weight:           0.99678
 
      Contributions to the CASPT2 correlation energy
      Active & Virtual Only:         -0.0052185966
      One Inactive Excited:           0.0000000000
      Two Inactive Excited:           0.0000000000
 
 
++ Denominators, etc.
----------------------------------------------------------------------------------------------------
 Report on small energy denominators, large coefficients, and large energy contributions.
CASE  SYMM ACTIVE-MIX  NON-ACTIVE INDICES          DENOMINATOR     RHS VALUE       COEFFICIENT     CONTRIBUTION
--
 
   (Skipping property calculation,
    use PROP keyword to activate)
--
 
  Total CASPT2 energies:
::    CASPT2 Root  1     Total energy:     -3.02349964
 
  A NEW JOBIPH FILE NAMED 'JOBMIX' IS PREPARED.
********************************************************************************
forrtl: warning (528): IEEE_UNDERFLOW is signaling
--- Stop Module: caspt2 at Sun Oct 26 13:07:38 2025 /rc=_RC_ALL_IS_WELL_ ---
*** files: xmldump
    saved to directory ${LOCALHOME}/DDCASPT2/hydrogen_comps/rerun/H6_chain/H6_2.22

>>> EXPORT i = B

>>> EXPORT j = P

>>> IF (-FILE DDCASPT2_e2_${i}_${j}_1_.csv)
(Skipped)

>>> END FOREACH

>>> EXPORT j = M

>>> IF (-FILE DDCASPT2_e2_${i}_${j}_1_.csv)
(Skipped)

>>> END FOREACH

>>> END FOREACH

>>> EXPORT i = E

>>> EXPORT j = P

>>> IF (-FILE DDCASPT2_e2_${i}_${j}_1_.csv)
(Skipped)

>>> END FOREACH

>>> EXPORT j = M

>>> IF (-FILE DDCASPT2_e2_${i}_${j}_1_.csv)
(Skipped)

>>> END FOREACH

>>> END FOREACH

>>> EXPORT i = F

>>> EXPORT j = P

>>> IF (-FILE DDCASPT2_e2_${i}_${j}_1_.csv)

>>> COPY /tmp/H6_2.22/DDCASPT2_RHS_F_P_1_.csv ${LOCALHOME}/DDCASPT2/hydrogen_comps/rerun/H6_chain/H6_2.22/DDCASPT2_RHS_F_P_1_.csv

>>> COPY /tmp/H6_2.22/DDCASPT2_IVECW_F_P_1_.csv ${LOCALHOME}/DDCASPT2/hydrogen_comps/rerun/H6_chain/H6_2.22/DDCASPT2_IVECW_F_P_1_.csv

>>> COPY /tmp/H6_2.22/DDCASPT2_IVECX_F_P_1_.csv ${LOCALHOME}/DDCASPT2/hydrogen_comps/rerun/H6_chain/H6_2.22/DDCASPT2_IVECX_F_P_1_.csv

>>> COPY /tmp/H6_2.22/DDCASPT2_IVECC2_F_P_1_.csv ${LOCALHOME}/DDCASPT2/hydrogen_comps/rerun/H6_chain/H6_2.22/DDCASPT2_IVECC2_F_P_1_.csv

>>> COPY /tmp/H6_2.22/DDCASPT2_e2_F_P_1_.csv ${LOCALHOME}/DDCASPT2/hydrogen_comps/rerun/H6_chain/H6_2.22/DDCASPT2_e2_F_P_1_.csv

>>> END FOREACH

>>> EXPORT j = M

>>> IF (-FILE DDCASPT2_e2_${i}_${j}_1_.csv)

>>> COPY /tmp/H6_2.22/DDCASPT2_RHS_F_M_1_.csv ${LOCALHOME}/DDCASPT2/hydrogen_comps/rerun/H6_chain/H6_2.22/DDCASPT2_RHS_F_M_1_.csv

>>> COPY /tmp/H6_2.22/DDCASPT2_IVECW_F_M_1_.csv ${LOCALHOME}/DDCASPT2/hydrogen_comps/rerun/H6_chain/H6_2.22/DDCASPT2_IVECW_F_M_1_.csv

>>> COPY /tmp/H6_2.22/DDCASPT2_IVECX_F_M_1_.csv ${LOCALHOME}/DDCASPT2/hydrogen_comps/rerun/H6_chain/H6_2.22/DDCASPT2_IVECX_F_M_1_.csv

>>> COPY /tmp/H6_2.22/DDCASPT2_IVECC2_F_M_1_.csv ${LOCALHOME}/DDCASPT2/hydrogen_comps/rerun/H6_chain/H6_2.22/DDCASPT2_IVECC2_F_M_1_.csv

>>> COPY /tmp/H6_2.22/DDCASPT2_e2_F_M_1_.csv ${LOCALHOME}/DDCASPT2/hydrogen_comps/rerun/H6_chain/H6_2.22/DDCASPT2_e2_F_M_1_.csv

>>> END FOREACH

>>> END FOREACH

>>> EXPORT i = G

>>> EXPORT j = P

>>> IF (-FILE DDCASPT2_e2_${i}_${j}_1_.csv)
(Skipped)

>>> END FOREACH

>>> EXPORT j = M

>>> IF (-FILE DDCASPT2_e2_${i}_${j}_1_.csv)
(Skipped)

>>> END FOREACH

>>> END FOREACH

>>> EXPORT i = H

>>> EXPORT j = P

>>> IF (-FILE DDCASPT2_e2_${i}_${j}_1_.csv)
(Skipped)

>>> END FOREACH

>>> EXPORT j = M

>>> IF (-FILE DDCASPT2_e2_${i}_${j}_1_.csv)
(Skipped)

>>> END FOREACH

>>> END FOREACH

>>> EXPORT i = A

>>> IF (-FILE DDCASPT2_e2_${i}_1_.csv)
(Skipped)

>>> END FOREACH

>>> EXPORT i = C

>>> IF (-FILE DDCASPT2_e2_${i}_1_.csv)

>>> COPY /tmp/H6_2.22/DDCASPT2_RHS_C_1_.csv ${LOCALHOME}/DDCASPT2/hydrogen_comps/rerun/H6_chain/H6_2.22/DDCASPT2_RHS_C_1_.csv

>>> COPY /tmp/H6_2.22/DDCASPT2_IVECW_C_1_.csv ${LOCALHOME}/DDCASPT2/hydrogen_comps/rerun/H6_chain/H6_2.22/DDCASPT2_IVECW_C_1_.csv

>>> COPY /tmp/H6_2.22/DDCASPT2_IVECX_C_1_.csv ${LOCALHOME}/DDCASPT2/hydrogen_comps/rerun/H6_chain/H6_2.22/DDCASPT2_IVECX_C_1_.csv

>>> COPY /tmp/H6_2.22/DDCASPT2_IVECC2_C_1_.csv ${LOCALHOME}/DDCASPT2/hydrogen_comps/rerun/H6_chain/H6_2.22/DDCASPT2_IVECC2_C_1_.csv

>>> COPY /tmp/H6_2.22/DDCASPT2_e2_C_1_.csv ${LOCALHOME}/DDCASPT2/hydrogen_comps/rerun/H6_chain/H6_2.22/DDCASPT2_e2_C_1_.csv

>>> END FOREACH

>>> EXPORT i = D

>>> IF (-FILE DDCASPT2_e2_${i}_1_.csv)
(Skipped)

>>> END FOREACH

.########################.
.# Non-zero return code #.
.########################.

    Timing: Wall=3.84 User=3.18 System=0.65
***************************************
*** WorkDir at /tmp/H6_2.22 cleaned ***
***************************************
