   This run of MOLCAS is using the pymolcas driver

                             OPE
                             OPE          NMOL  CASOP  ENMOLC A   SO
                 OPE        NMOLC        AS  OP EN  MO LC     AS  OP
                OPENM       OL CA        SO  PE NM  OL CA     SOP EN
                OP EN      MO   LC       AS  OP ENMOL  CASO   PENMOL
                OP  EN     MO   LC       AS  OP EN     MO     LC ASO
               OP   E  NMOL  C  AS       OP  EN MO     LC     AS  OP
               OP  E   NMO   LC AS        OPEN  MO     LCASOP EN   M
               O  PEN   MO  LCA  SO
            OPE   NMO   L   CAS    OP
        OPENMOL  CASOP     ENMOL   CASOPE
     OPENMOLCA   SOPENMOLCASOPEN   MOLCASOPE
    OPENMOLCAS   OP           EN   MOL    CAS
    OPENMOLCAS       OP  ENM        O     LCA
    OPENMOLCAS    OPEN  MOLCASO     P  E  NMO
    OPENMOLCAS     OP               E  N  MOL
    OPENMOLCA   SO           PENM   O  L  CAS    OPEN    MO    LCAS
    OPENMOLCA   SOP           ENM   O  L  CAS   OP  EN  MOLC  AS   O
    OPENMOLCA   SOPE           NM      O  LCA   S      OP  EN MO
    OPENMOLC                AS         O  PEN   M      OL  CA  SOPE
    OPENMO        LCASOPE  NMOL        C  ASO   P      ENMOLC     AS
    OPE     NMO      LCA  SO     P     E   NM   OL  CA SO  PE N   MO
          OPENMOLCA            SOPE   NMO        LCAS  O    P  ENMO
     OPENMOLCASOPENMOLCASOPENMOLCASOPENMOLCA
        OPENMOLCASOPENMOLCASOPENMOLCASOPE
            OPENMOLCASOPENMOLCASOPENM
               OPENMOLCASOPENMOLCA        version: f37762c57
                   OPENMOLCASO
                       OPE                tag:

 OpenMolcas is free software; you can redistribute it and/or modify it
 under the terms of the GNU Lesser General Public License version 2.1.
 OpenMolcas is distributed in the hope that it will be useful, but it
 is provided "as is" and without any express or implied warranties.
 For more details see the full text of the license in the file
 LICENSE or in <http://www.gnu.org/licenses/>.

                 Copyright (C) The OpenMolcas Authors
           For the author list and the recommended citation,
                   consult the file CONTRIBUTORS.md

           *************************************************
           * pymolcas version py2.28                       *
           *   build c4a6d18ded8cb6cad61d2372a9abd97c      *
           *   (after the EMIL interpreter by V. Veryazov) *
           *************************************************

configuration info
------------------
C Compiler ID: Intel
C flags: -std=gnu99 -gcc-sys
Fortran Compiler ID: IntelLLVM
Fortran flags: -standard-semantics -fltconsistency -fpp -i8 -heap-arrays
Definitions: _MOLCAS_;_I8_;_LINUX_
Parallel: OFF (GA=OFF)


   --------------------------------------------------------------------------------------
  |
  |              Project: H8_2.37
  |       Submitted from: /home/grierjones/DDCASPT2/hydrogen_comps/rerun/H8_chain/H8_2.37
  |         Scratch area: /tmp/H8_2.37
  |      Save outputs to: /home/grierjones/DDCASPT2/hydrogen_comps/rerun/H8_chain/H8_2.37
  |               Molcas: /home/grierjones/Test/build
  |
  | Scratch area is empty
  |
  |       MOLCAS_DRIVER = /usr/local/pymolcas
  | MOLCAS_KEEP_WORKDIR = NO
  |  MOLCAS_NEW_WORKDIR = YES
  |       MOLCAS_NPROCS = 1
  |        MOLCAS_PRINT = NORMAL
  |       MOLCAS_SOURCE = /home/grierjones/Test
  |    MOLCAS_STRUCTURE = 0
  |
   --------------------------------------------------------------------------------------

++ ---------   Input file   ---------

&GATEWAY
coord=H8_2.37.xyz
Basis = ANO-RCC-VDZP
Group = nosymm
End of Input

&SEWARD
End of Input

&SCF

>>> COPY $WorkDir/H8_2.37.scf.h5 $CurrDir/

&RASSCF
Title= RASSCF
FileOrb
/home/grierjones/DDCASPT2/hydrogen_comps/rerun/H8_chain/H8_0.60/H8_0.60.RasOrb
NACTEL
8 0 0
Inactive
0
RAS2
8
Symmetry
1
Spin
1
orblisting
all

>>> COPY $WorkDir/H8_2.37.rasscf.h5 $CurrDir/

>>> COPY $WorkDir/GMJ_Fock_MO.csv $CurrDir/H8_2.37.GMJ_Fock_MO.csv

&MOTRA
Frozen=0
LUMORB

>>> COPY $WorkDir/GMJ_one_int_indx.csv $CurrDir/H8_2.37.GMJ_one_int_indx.csv

>>> COPY $WorkDir/GMJ_one_int.csv $CurrDir/H8_2.37.GMJ_one_int.csv

>>> COPY $WorkDir/GMJ_two_int_indx.csv $CurrDir/H8_2.37.GMJ_two_int_indx.csv

>>> COPY $WorkDir/GMJ_two_int.csv $CurrDir/H8_2.37.GMJ_two_int.csv

&CASPT2
Frozen
0

MAXITER
50

>>> FOREACH i IN (B,E,F,G,H)

  >>> FOREACH j IN (P,M)

    >>> IF (-FILE GMJ_e2_${i}_${j}_1_.csv)

      >>> COPY $WorkDir/GMJ_RHS_${i}_${j}_1_.csv $CurrDir/GMJ_RHS_${i}_${j}_1_.csv

      >>> COPY $WorkDir/GMJ_IVECW_${i}_${j}_1_.csv $CurrDir/GMJ_IVECW_${i}_${j}_1_.csv

      >>> COPY $WorkDir/GMJ_IVECX_${i}_${j}_1_.csv $CurrDir/GMJ_IVECX_${i}_${j}_1_.csv

      >>> COPY $WorkDir/GMJ_IVECC2_${i}_${j}_1_.csv $CurrDir/GMJ_IVECC2_${i}_${j}_1_.csv

      >>> COPY $WorkDir/GMJ_e2_${i}_${j}_1_.csv $CurrDir/GMJ_e2_${i}_${j}_1_.csv

    >>> END IF

  >>> END FOREACH

>>> END FOREACH

>>> FOREACH i IN (A,C,D)

  >>> IF (-FILE GMJ_e2_${i}_1_.csv)

    >>> COPY $WorkDir/GMJ_RHS_${i}_1_.csv $CurrDir/GMJ_RHS_${i}_1_.csv

    >>> COPY $WorkDir/GMJ_IVECW_${i}_1_.csv $CurrDir/GMJ_IVECW_${i}_1_.csv

    >>> COPY $WorkDir/GMJ_IVECX_${i}_1_.csv $CurrDir/GMJ_IVECX_${i}_1_.csv

    >>> COPY $WorkDir/GMJ_IVECC2_${i}_1_.csv $CurrDir/GMJ_IVECC2_${i}_1_.csv

    >>> COPY $WorkDir/GMJ_e2_${i}_1_.csv $CurrDir/GMJ_e2_${i}_1_.csv

  >>> END IF

>>> END FOREACH

-- ----------------------------------

--- Start Module: gateway at Sun Oct 26 13:38:07 2025 ---
 
()()()()()()()()()()()()()()()()()()()()()()()()()()()()()()()()()()()()()()()()()()()()()()()()()()

                                              &GATEWAY

                                   only a single process is used
                       available to each process: 2.0 GB of memory, 1 thread?
()()()()()()()()()()()()()()()()()()()()()()()()()()()()()()()()()()()()()()()()()()()()()()()()()()
 
 
++    Symmetry information:
      ---------------------
 
                    Character Table for C1 
 
                             E  
                    a        1  x, y, xy, Rz, z, xz, Ry, yz, Rx, I
--
 
 
++    Basis set information:
      ----------------------
 
 
      Basis set label: H.ANO-RCC...2S1P.
 
      Electronic valence basis set:
      ------------------
      Associated Effective Charge   1.000000 au
      Associated Actual Charge      1.000000 au
      Nuclear Model: Point charge
 
      Shell  nPrim  nBasis  Cartesian Spherical Contaminant
         s       8       2        X                  
         p       4       1        X                  
--
 
 
++    Molecular structure info:
      -------------------------
 
                    ************************************************ 
                    **** Cartesian Coordinates / Bohr, Angstrom **** 
                    ************************************************ 
 
     Center  Label                x              y              z                     x              y              z
        1      H1               0.000000       0.000000       0.000000              0.000000       0.000000       0.000000
        2      H2               0.000000       0.000000       4.478078              0.000000       0.000000       2.369697
        3      H3               0.000000       0.000000       8.956157              0.000000       0.000000       4.739394
        4      H4               0.000000       0.000000      13.434235              0.000000       0.000000       7.109091
        5      H5               0.000000       0.000000      17.912313              0.000000       0.000000       9.478788
        6      H6               0.000000       0.000000      22.390392              0.000000       0.000000      11.848485
        7      H7               0.000000       0.000000      26.868470              0.000000       0.000000      14.218182
        8      H8               0.000000       0.000000      31.346548              0.000000       0.000000      16.587879
 
                    *************************************** 
                    *    InterNuclear Distances / Bohr    * 
                    *************************************** 
 
               1 H1            2 H2            3 H3            4 H4            5 H5            6 H6    
    1 H1       0.000000
    2 H2       4.478078        0.000000
    3 H3       8.956157        4.478078        0.000000
    4 H4      13.434235        8.956157        4.478078        0.000000
    5 H5      17.912313       13.434235        8.956157        4.478078        0.000000
    6 H6      22.390392       17.912313       13.434235        8.956157        4.478078        0.000000
    7 H7      26.868470       22.390392       17.912313       13.434235        8.956157        4.478078
    8 H8      31.346548       26.868470       22.390392       17.912313       13.434235        8.956157
 
               7 H7            8 H8    
    7 H7       0.000000
    8 H8       4.478078        0.000000
 
                    ******************************************* 
                    *    InterNuclear Distances / Angstrom    * 
                    ******************************************* 
 
               1 H1            2 H2            3 H3            4 H4            5 H5            6 H6    
    1 H1       0.000000
    2 H2       2.369697        0.000000
    3 H3       4.739394        2.369697        0.000000
    4 H4       7.109091        4.739394        2.369697        0.000000
    5 H5       9.478788        7.109091        4.739394        2.369697        0.000000
    6 H6      11.848485        9.478788        7.109091        4.739394        2.369697        0.000000
    7 H7      14.218182       11.848485        9.478788        7.109091        4.739394        2.369697
    8 H8      16.587879       14.218182       11.848485        9.478788        7.109091        4.739394
 
               7 H7            8 H8    
    7 H7       0.000000
    8 H8       2.369697        0.000000
--
 
 
            Nuclear Potential Energy              3.06891844 au
 
--- Stop Module: gateway at Sun Oct 26 13:38:07 2025 /rc=_RC_ALL_IS_WELL_ ---
*** files: xmldump
    saved to directory /home/grierjones/DDCASPT2/hydrogen_comps/rerun/H8_chain/H8_2.37

--- Start Module: seward at Sun Oct 26 13:38:07 2025 ---
 
()()()()()()()()()()()()()()()()()()()()()()()()()()()()()()()()()()()()()()()()()()()()()()()()()()

                                              &SEWARD

                                   only a single process is used
                       available to each process: 2.0 GB of memory, 1 thread?
()()()()()()()()()()()()()()()()()()()()()()()()()()()()()()()()()()()()()()()()()()()()()()()()()()
 
               SEWARD will generate:
                  Multipole Moment integrals up to order  2
                  Kinetic Energy integrals
                  Nuclear Attraction integrals (point charge)
                  One-Electron Hamiltonian integrals
                  Velocity integrals
                  Relativistic Douglas-Kroll-Hess integrals:
                    - Parametrization         : EXP
                    - DKH order of Hamiltonian: 2
                    - DKH order of Properties : 0
                         - multipole moment operators
                         - electric potential operators
                         - contact operators
                  Atomic mean-field integrals
                  Two-Electron Repulsion integrals
 
                   Integrals are discarded if absolute value <: 0.10E-13
                   Integral cutoff threshold is set to       <: 0.10E-15
 
            Nuclear Potential Energy              3.06891844 au
 
 
      Basis set specifications :
      Symmetry species         a  
      Basis functions           40
 
 
  Input file to MOLDEN was generated!
 
forrtl: warning (525): IEEE_DIVIDE_BY_ZERO is signaling
forrtl: warning (526): IEEE_INVALID is signaling
forrtl: warning (528): IEEE_UNDERFLOW is signaling
--- Stop Module: seward at Sun Oct 26 13:38:08 2025 /rc=_RC_ALL_IS_WELL_ ---
*** files: H8_2.37.GssOrb H8_2.37.guessorb.h5 H8_2.37.guessorb.molden xmldump
    saved to directory /home/grierjones/DDCASPT2/hydrogen_comps/rerun/H8_chain/H8_2.37

*** symbolic link created: INPORB -> H8_2.37.GssOrb
--- Start Module: scf at Sun Oct 26 13:38:08 2025 ---
 
()()()()()()()()()()()()()()()()()()()()()()()()()()()()()()()()()()()()()()()()()()()()()()()()()()

                                                &SCF

                                   only a single process is used
                       available to each process: 2.0 GB of memory, 1 thread?
()()()()()()()()()()()()()()()()()()()()()()()()()()()()()()()()()()()()()()()()()()()()()()()()()()
 
++    Input section:
      --------------
 
      Header of the integral files:
      
       Integrals generated by seward 4.2.0  , Sun Oct 26 13:38:07 2025
 
 
      Cartesian coordinates in Angstrom:
      -----------------------------------------------------
      No.  Label        X            Y            Z        
      -----------------------------------------------------
       1   H1         0.00000000   0.00000000   0.00000000
       2   H2         0.00000000   0.00000000   2.36969700
       3   H3         0.00000000   0.00000000   4.73939400
       4   H4         0.00000000   0.00000000   7.10909100
       5   H5         0.00000000   0.00000000   9.47878800
       6   H6         0.00000000   0.00000000  11.84848500
       7   H7         0.00000000   0.00000000  14.21818200
       8   H8         0.00000000   0.00000000  16.58787900
      -----------------------------------------------------
      Nuclear repulsion energy =    3.06891844
--
 
++    Orbital specifications:
      -----------------------
 
      Symmetry species               1
                                     a
      Frozen orbitals                0
      Occupied orbitals              4
      Secondary orbitals            36
      Deleted orbitals               0
      Total number of orbitals      40
      Number of basis functions     40
--
 
      Molecular charge                           0.000
 
++    Optimization specifications:
      ----------------------------
 
      SCF Algorithm: Conventional
      Minimized density differences are used
      Number of density matrices in core                5
      Maximum number of NDDO SCF iterations           400
      Maximum number of HF SCF iterations             400
      Threshold for SCF energy change            0.10E-08
      Threshold for density matrix               0.10E-03
      Threshold for Fock matrix                  0.15E-03
      Threshold for linear dependence            0.10E-08
      Threshold at which DIIS is turned on       0.15E+00
      Threshold at which QNR/C2DIIS is turned on 0.75E-01
      Threshold for Norm(delta) (QNR/C2DIIS)     0.20E-04
      DIIS extrapolation of the SCF procedure
      All orbitals punched on: SCFORB
--
 
      Input vectors read from INPORB
      Orbital file label: *Guess orbitals
 
 
++ Convergence information
                                   SCF        iterations: Energy and convergence statistics
 
Iter     Tot. SCF        One-elec.       Two-elec.     Energy      Max Dij or  Max Fij      DNorm      TNorm      AccCon     Time
         Energy          Energy          Energy        Change      Delta Norm                                                in Sec.
   1    -3.295616359   -10.302223117     3.937688323   0.00E+00    0.37E+00*   0.12E+00*    0.43E+01   0.79E+01   None         0.
   2    -3.509700826   -10.269648798     3.691029537  -0.21E+00*   0.14E+00*   0.23E-01*    0.13E+01   0.76E+01   EDIIS        0.
   3    -3.520799113   -10.208960308     3.619242760  -0.11E-01*   0.80E-01*   0.90E-02*    0.29E+00   0.76E+01   EDIIS        0.
   4    -3.522994663   -10.211652573     3.619739474  -0.22E-02*   0.47E-01*   0.66E-02*    0.15E+00   0.76E+01   c2DIIS       0.
   5    -3.523909457   -10.201542887     3.608714996  -0.91E-03*   0.16E-01*   0.27E-02*    0.33E-01   0.76E+01   QNRc2DIIS    0.
   6    -3.524087903   -10.206210429     3.613204090  -0.18E-03*   0.17E-01*   0.15E-02*    0.11E-01   0.76E+01   QNRc2DIIS    0.
   7    -3.524176173   -10.204761922     3.611667314  -0.88E-04*   0.38E-02*   0.44E-03*    0.54E-02   0.76E+01   QNRc2DIIS    0.
   8    -3.524179342   -10.203571305     3.610473528  -0.32E-05*   0.78E-03*   0.18E-03*    0.20E-02   0.76E+01   QNRc2DIIS    0.
   9    -3.524179853   -10.203704637     3.610606349  -0.51E-06*   0.79E-04*   0.10E-04     0.39E-03   0.76E+01   QNRc2DIIS    0.
  10    -3.524179856   -10.203696624     3.610598333  -0.29E-08*   0.21E-04*   0.26E-05     0.14E-03   0.76E+01   QNRc2DIIS    0.
  11    -3.524179856   -10.203697512     3.610599220  -0.19E-09    0.56E-05    0.48E-06     0.11E-04   0.76E+01   QNRc2DIIS    0.
 
       Convergence after 11 Macro Iterations
--
 
 *****************************************************************************************************************************
 *                                                                                                                           *
 *                                             SCF/KS-DFT Program, Final results                                             *
 *                                                                                                                           *
 *                                                                                                                           *
 *                                                                                                                           *
 *                                                       Final Results                                                       *
 *                                                                                                                           *
 *****************************************************************************************************************************
 
::    Total SCF energy                                 -3.5241798558
      One-electron energy                             -10.2036975116
      Two-electron energy                               3.6105992205
      Nuclear repulsion energy                          3.0689184353
      Kinetic energy (interpolated)                     2.6446180835
      Virial theorem                                    1.3325855547
      Total spin, S(S+1)                                0.0000000000
      Total spin, S                                     0.0000000000
      Max non-diagonal density matrix element           0.0000054942
      Max non-diagonal Fock matrix element              0.0000003916
 
 
      All orbitals with orbital energies smaller than  E(LUMO)+0.5 are printed
 
++    Molecular orbitals:
      -------------------
 
      Title: SCF orbitals

      Molecular orbitals for symmetry species 1: a  
 
          Orbital            1         2         3         4         5         6         7         8         9        10    
          Energy           -0.4051   -0.3884   -0.3630   -0.3348   -0.1455   -0.1061   -0.0651   -0.0337    0.3223    0.3373
          Occ. No.          2.0000    2.0000    2.0000    2.0000    0.0000    0.0000    0.0000    0.0000    0.0000    0.0000
 
        1 H1     1s         0.1641   -0.3080    0.3885   -0.3146    0.3755   -0.5100    0.4492   -0.2583   -0.1160    0.1690
        2 H1     2s         0.0272   -0.0537    0.0735   -0.0650    0.1193   -0.1749    0.1628   -0.0956    0.2355   -0.4054
        3 H1     2px        0.0000    0.0000   -0.0000   -0.0000    0.0000    0.0000   -0.0000    0.0000   -0.0000    0.0000
        4 H1     2py       -0.0000    0.0000   -0.0000    0.0000    0.0000   -0.0000    0.0000   -0.0000   -0.0000    0.0000
        5 H1     2pz        0.0069   -0.0115    0.0120   -0.0078   -0.0027    0.0097   -0.0157    0.0131   -0.0170    0.0247
        6 H2     1s         0.2268   -0.3781    0.3895   -0.2433   -0.1944    0.4575   -0.5856    0.4146   -0.1818    0.2193
        7 H2     2s         0.0325   -0.0703    0.0966   -0.0768   -0.0554    0.1596   -0.2171    0.1532    0.2104   -0.2779
        8 H2     2px        0.0000   -0.0000    0.0000    0.0000   -0.0000    0.0000   -0.0000   -0.0000   -0.0000    0.0000
        9 H2     2py        0.0000    0.0000    0.0000    0.0000   -0.0000   -0.0000   -0.0000   -0.0000   -0.0000    0.0000
       10 H2     2pz       -0.0006    0.0047   -0.0114    0.0126   -0.0174    0.0168   -0.0032   -0.0062    0.0032   -0.0087
       11 H3     1s         0.3470   -0.2891   -0.1439    0.4082   -0.4614    0.1312    0.4735   -0.5658   -0.1949    0.1520
       12 H3     2s         0.0585   -0.0436   -0.0476    0.1066   -0.1506    0.0401    0.1758   -0.2057    0.2618   -0.2302
       13 H3     2px       -0.0000    0.0000   -0.0000    0.0000   -0.0000   -0.0000    0.0000   -0.0000   -0.0000    0.0000
       14 H3     2py        0.0000   -0.0000    0.0000    0.0000    0.0000    0.0000    0.0000   -0.0000   -0.0000    0.0000
       15 H3     2pz        0.0066   -0.0003   -0.0108    0.0110    0.0132   -0.0202    0.0063    0.0105   -0.0050   -0.0027
       16 H4     1s         0.3719   -0.1924   -0.2789    0.3741    0.3872   -0.4210   -0.2299    0.6253   -0.2120    0.0514
       17 H4     2s         0.0583   -0.0476   -0.0510    0.1032    0.1227   -0.1540   -0.0817    0.2280    0.2762   -0.0793
       18 H4     2px        0.0000    0.0000    0.0000   -0.0000   -0.0000    0.0000    0.0000    0.0000    0.0000   -0.0000
       19 H4     2py       -0.0000    0.0000   -0.0000   -0.0000    0.0000   -0.0000    0.0000   -0.0000    0.0000    0.0000
       20 H4     2pz       -0.0041    0.0090   -0.0003   -0.0134    0.0182    0.0043   -0.0198    0.0027    0.0029   -0.0080
       21 H5     1s         0.3719    0.1924   -0.2789   -0.3741    0.3872    0.4210   -0.2299   -0.6253   -0.2120   -0.0514
       22 H5     2s         0.0583    0.0476   -0.0510   -0.1032    0.1227    0.1540   -0.0817   -0.2280    0.2762    0.0793
       23 H5     2px        0.0000    0.0000   -0.0000    0.0000    0.0000   -0.0000    0.0000    0.0000    0.0000   -0.0000
       24 H5     2py        0.0000    0.0000    0.0000   -0.0000   -0.0000   -0.0000    0.0000    0.0000   -0.0000   -0.0000
       25 H5     2pz        0.0041    0.0090    0.0003   -0.0134   -0.0182    0.0043    0.0198    0.0027   -0.0029   -0.0080
       26 H6     1s         0.3470    0.2891   -0.1439   -0.4082   -0.4614   -0.1312    0.4735    0.5658   -0.1949   -0.1520
       27 H6     2s         0.0585    0.0436   -0.0476   -0.1066   -0.1506   -0.0401    0.1758    0.2057    0.2618    0.2302
       28 H6     2px       -0.0000    0.0000   -0.0000   -0.0000   -0.0000   -0.0000    0.0000    0.0000    0.0000   -0.0000
       29 H6     2py       -0.0000   -0.0000   -0.0000    0.0000    0.0000    0.0000   -0.0000    0.0000   -0.0000   -0.0000
       30 H6     2pz       -0.0066   -0.0003    0.0108    0.0110   -0.0132   -0.0202   -0.0063    0.0105    0.0050   -0.0027
       31 H7     1s         0.2268    0.3781    0.3895    0.2433   -0.1944   -0.4575   -0.5856   -0.4146   -0.1818   -0.2193
       32 H7     2s         0.0325    0.0703    0.0966    0.0768   -0.0554   -0.1596   -0.2171   -0.1532    0.2104    0.2779
       33 H7     2px       -0.0000   -0.0000   -0.0000    0.0000    0.0000    0.0000    0.0000   -0.0000    0.0000   -0.0000
       34 H7     2py       -0.0000   -0.0000   -0.0000    0.0000   -0.0000    0.0000   -0.0000   -0.0000    0.0000    0.0000
       35 H7     2pz        0.0006    0.0047    0.0114    0.0126    0.0174    0.0168    0.0032   -0.0062   -0.0032   -0.0087
       36 H8     1s         0.1641    0.3080    0.3885    0.3146    0.3755    0.5100    0.4492    0.2583   -0.1160   -0.1690
       37 H8     2s         0.0272    0.0537    0.0735    0.0650    0.1193    0.1749    0.1628    0.0956    0.2355    0.4054
       38 H8     2px        0.0000   -0.0000   -0.0000   -0.0000    0.0000   -0.0000   -0.0000   -0.0000   -0.0000   -0.0000
       39 H8     2py        0.0000   -0.0000    0.0000    0.0000   -0.0000    0.0000    0.0000    0.0000   -0.0000    0.0000
       40 H8     2pz       -0.0069   -0.0115   -0.0120   -0.0078    0.0027    0.0097    0.0157    0.0131    0.0170    0.0247
--
 
 
++    Molecular charges:
      ------------------
 
      Mulliken charges per centre and basis function type
      ---------------------------------------------------
 
                H1      H2      H3      H4      H5      H6      H7      H8    
      1s       0.8799  0.9413  0.9150  0.9207  0.9207  0.9150  0.9413  0.8799
      2s       0.0777  0.0872  0.0760  0.0782  0.0782  0.0760  0.0872  0.0777
      2px      0.0000  0.0000  0.0000  0.0000  0.0000  0.0000  0.0000  0.0000
      2pz      0.0053  0.0063  0.0062  0.0062  0.0062  0.0062  0.0063  0.0053
      2py      0.0000  0.0000  0.0000  0.0000  0.0000  0.0000  0.0000  0.0000
      Total    0.9630  1.0348  0.9972  1.0051  1.0051  0.9972  1.0348  0.9630
 
      N-E      0.0370 -0.0348  0.0028 -0.0051 -0.0051  0.0028 -0.0348  0.0370
 
      Total electronic charge=    8.000000
 
      Total            charge=   -0.000000
--
 
 
  Input file to MOLDEN was generated!
 
 
++    Static properties:
      ------------------
 
 
      LoProp Charges per center
 

                   H1       H2       H3       H4       H5       H6       H7       H8    
      Nuclear      1.0000   1.0000   1.0000   1.0000   1.0000   1.0000   1.0000   1.0000
      Electronic  -0.9782  -1.0182  -0.9986  -1.0050  -1.0050  -0.9986  -1.0182  -0.9782
 
      Total        0.0218  -0.0182   0.0014  -0.0050  -0.0050   0.0014  -0.0182   0.0218
--
 
 
++    Natural Bond Order analysis
      ---------------------------
      Based on LoProp computed density
      -------------------------------------------------------------------------------------
      Atom A       Atom B       Bond Order
      -------------------------------------------------------------------------------------
      NBO located      0.964 non-bonded electrons on atom H1        
      NBO located      1.006 non-bonded electrons on atom H3        
      NBO located      1.013 non-bonded electrons on atom H4        
      NBO located      1.013 non-bonded electrons on atom H5        
      NBO located      1.006 non-bonded electrons on atom H6        
      NBO located      0.964 non-bonded electrons on atom H8        
      The remaining    2.034 electrons are to be considered as diffuse
--
 
 
++    Molecular properties:
      ---------------------
 
      Charge (e):
                      =   -0.0000
      Dipole Moment (Debye):
      Origin of the operator (Ang)=    0.0000    0.0000    0.0000
                   X= -3.7852E-14               Y=  1.3604E-14               Z=  1.0078E-11           Total=  1.0078E-11
      Quadrupole Moment (Debye*Ang):
      Origin of the operator (Ang)=    0.0000    0.0000    8.2939
                  XX= -1.8425E+01              XY=  7.5058E-30              XZ=  2.9344E-13              YY= -1.8425E+01
                  YZ= -1.2103E-13              ZZ=  7.8611E-01
      In traceless form (Debye*Ang)
                  XX= -9.6057E+00              XY=  1.1259E-29              XZ=  4.4016E-13              YY= -9.6057E+00
                  YZ= -1.8155E-13              ZZ=  1.9211E+01
--
 
 
  Input file to MOLDEN was generated!
 
 ###############################################################################
 ###############################################################################
 ###                                                                         ###
 ###                                                                         ###
 ###    RunFile label nBas                                                   ###
 ###    was used       78 times                                              ###
 ###                                                                         ###
 ###                                                                         ###
 ###############################################################################
 ###############################################################################
forrtl: warning (528): IEEE_UNDERFLOW is signaling
--- Stop Module: scf at Sun Oct 26 13:38:08 2025 /rc=_RC_ALL_IS_WELL_ ---
*** files: H8_2.37.LprOrb H8_2.37.LoProp.molden H8_2.37.scf.molden H8_2.37.ScfOrb H8_2.37.scf.h5 xmldump
    saved to directory /home/grierjones/DDCASPT2/hydrogen_comps/rerun/H8_chain/H8_2.37

>>> COPY /tmp/H8_2.37/H8_2.37.scf.h5 /home/grierjones/DDCASPT2/hydrogen_comps/rerun/H8_chain/H8_2.37/

*** symbolic link created: INPORB -> H8_2.37.ScfOrb
--- Start Module: rasscf at Sun Oct 26 13:38:08 2025 ---
 
()()()()()()()()()()()()()()()()()()()()()()()()()()()()()()()()()()()()()()()()()()()()()()()()()()

                                              &RASSCF

                                   only a single process is used
                       available to each process: 2.0 GB of memory, 1 thread?
()()()()()()()()()()()()()()()()()()()()()()()()()()()()()()()()()()()()()()()()()()()()()()()()()()
 
 
      Header of the ONEINT file:
      --------------------------
      
      Integrals generated by seward 4.2.0  , Sun Oct 26 13:38:07 2025
 
 
      OrdInt status: non-squared
 
 
      Cartesian coordinates in Angstrom:
      -----------------------------------------------------
      No.  Label        X            Y            Z        
      -----------------------------------------------------
       1   H1         0.00000000   0.00000000   0.00000000
       2   H2         0.00000000   0.00000000   2.36969700
       3   H3         0.00000000   0.00000000   4.73939400
       4   H4         0.00000000   0.00000000   7.10909100
       5   H5         0.00000000   0.00000000   9.47878800
       6   H6         0.00000000   0.00000000  11.84848500
       7   H7         0.00000000   0.00000000  14.21818200
       8   H8         0.00000000   0.00000000  16.58787900
      -----------------------------------------------------
      Nuclear repulsion energy =    3.06891844
 
++    Wave function specifications:
      -----------------------------
 
      Number of closed shell electrons           0
      Number of electrons in active shells       8
      Max number of holes in RAS1 space          0
      Max nr of electrons in RAS3 space          0
      Number of inactive orbitals                0
      Number of active orbitals                  8
      Number of secondary orbitals              32
      Spin quantum number                      0.0
      State symmetry                             1
--
 
++    Orbital specifications:
      -----------------------
 
      Symmetry species                           1
                                                 a
      Frozen orbitals                            0
      Inactive orbitals                          0
      Active orbitals                            8
      RAS1 orbitals                              0
      RAS2 orbitals                              8
      RAS3 orbitals                              0
      Secondary orbitals                        32
      Deleted orbitals                           0
      Number of basis functions                 40
--
 
++    CI expansion specifications:
      ----------------------------
 
      Number of CSFs                          1764
      Number of determinants                  2485
      Number of root(s) required                 1
      Root chosen for geometry opt.              1
      CI root used                               1
         
      highest root included in the CI            1
      max. size of the explicit Hamiltonian    200
--
 
++    Optimization specifications:
      ----------------------------
 
      RASSCF algorithm: Conventional
      Maximum number of macro iterations       200
      Maximum number of SX iterations          100
      Threshold for RASSCF energy            0.100E-07
      Threshold for max MO rotation          0.100E+00
      Threshold for max BLB element          0.100E-03
      Level shift parameter                  0.500E+00
      Make Quasi-Newton update
--
 
      The MO-coefficients are taken from the file:
      /home/grierjones/DDCASPT2/hydrogen_comps/rerun/H8_chain/H8_0.60/H8_0.60.RasOrb                                                  
      Title: RASSCF average (pseudo-natural) orbitals                                      
 
      Total molecular charge    0.00
 
      ************************************************************************************************************************
      *                                                                                                                      *
      *                                            Wave function control section                                             *
      *                                                                                                                      *
      ************************************************************************************************************************
 
 
                                         RASSCF iterations: Energy and convergence statistics
                                         ----------------------------------------------------
 
      Iter CI   SX   CI       RASSCF       Energy    max ROT     max BLB   max BLB  Level Ln srch  Step   QN   Walltime
          iter iter root      energy       change     param      element    value   shift minimum  type update hh:mm:ss
 Nr of preliminary CI iterations:   8
        1   1  100    1    -2.62292256    0.00E+00  -0.34E+00*   7  24 1  0.33E+00*  0.42   0.00    SX    NO    0:00:00
        2   7  100    1    -3.27638596   -0.65E+00* -0.35E+00*   3  18 1  0.22E+00*  0.31   0.00    SX    NO    0:00:00
        3   6  100    1    -3.62871438   -0.35E+00* -0.40E+00*   2  10 1  0.17E+00*  0.12   0.00    SX    NO    0:00:00
        4  12  100    1    -3.75924937   -0.13E+00*  0.19E+00*   1  24 1  0.33E-01*  0.08   0.00    SX    NO    0:00:00
        5  11  100    1    -3.81753694   -0.58E-01*  0.13E+00*   8  15 1 -0.55E-01*  0.07   2.50    LS   YES    0:00:00
        6  11  100    1    -3.86247465   -0.45E-01* -0.93E-01    8  12 1  0.36E-01*  0.06   1.16    QN   YES    0:00:00
        7   5   30    1    -3.88244799   -0.20E-01*  0.39E-01    8  10 1 -0.30E-01*  0.06   1.19    QN   YES    0:00:00
        8   5   35    1    -3.88682585   -0.44E-02*  0.10E-01    8  10 1 -0.63E-02*  0.07   1.22    QN   YES    0:00:00
        9   9   33    1    -3.88741725   -0.59E-03* -0.94E-02    3  18 1 -0.12E-02*  0.07   1.02    QN   YES    0:00:00
       10  10   35    1    -3.88750571   -0.88E-04*  0.17E-01    8  10 1  0.86E-03*  0.07   1.02    QN   YES    0:00:00
       11  16   35    1    -3.88757382   -0.68E-04*  0.14E+00*   7   9 1  0.69E-03*  0.06   1.63    QN   YES    0:00:00
       12  29   80    1    -3.88841472   -0.84E-03*  0.11E+00*   1  24 1 -0.50E-02*  0.02   2.50    LS   YES    0:00:00
       13  11  100    1    -3.89001078   -0.16E-02* -0.16E+00*   1  24 1 -0.88E-02*  0.00   2.50    SX   YES    0:00:00
       14   8  100    1    -3.90287761   -0.13E-01* -0.12E+00*   5  18 1  0.19E-01*  0.00   2.50    LS   YES    0:00:00
       15   7  100    1    -3.92676246   -0.24E-01* -0.11E+00*   5  18 1  0.38E-01*  0.00   2.50    LS   YES    0:00:00
       16   7  100    1    -3.95371629   -0.27E-01* -0.22E+00*   5  15 1 -0.47E-01*  0.00   1.76    QN   YES    0:00:00
       17   6  100    1    -3.95875291   -0.50E-02* -0.52E-01    3   9 1 -0.42E-01*  0.00   0.53    SX   YES    0:00:00
       18  12  100    1    -3.99800470   -0.39E-01* -0.32E-01    5  32 1  0.24E-01*  0.00   1.77    LS   YES    0:00:00
       19   4   18    1    -4.00966136   -0.12E-01*  0.19E-01    2  15 1 -0.10E-01*  0.00   1.27    QN   YES    0:00:00
       20   9   40    1    -4.00997873   -0.32E-03* -0.19E-01    5   9 1  0.13E-01*  0.00   0.59    SX   YES    0:00:00
       21  23   13    1    -4.01134502   -0.14E-02*  0.30E-02    3  15 1 -0.24E-02*  0.00   0.88    QN   YES    0:00:00
       22   3   12    1    -4.01138541   -0.40E-04* -0.23E-02    5  18 1  0.19E-02*  0.00   0.75    QN   YES    0:00:00
       23  15   12    1    -4.01139479   -0.94E-05*  0.10E-02    3  18 1  0.17E-02*  0.00   0.73    QN   YES    0:00:00
       24  10   12    1    -4.01139532   -0.54E-06*  0.15E-02    3  18 1  0.14E-02*  0.00   0.56    SX   YES    0:00:00
       25  42   11    1    -4.01141509   -0.20E-04*  0.40E-03    3   9 1  0.34E-03*  0.00   0.88    QN   YES    0:00:00
       26   3    9    1    -4.01141621   -0.11E-05* -0.54E-04    4  12 1  0.42E-04   0.00   0.96    QN   YES    0:00:00
       27   9    8    1    -4.01141626   -0.49E-07* -0.27E-04    5  24 1  0.21E-04   0.00   0.96    QN   YES    0:00:00
       28   1    7    1    -4.01141626   -0.40E-08   0.64E-05    5  25 1 -0.13E-04   0.00   1.12    QN   YES    0:00:00
      Convergence after 28 iterations
 
  Dmat in MO in SXCTL bf call to SXHAM                                                                                    
  mat. size =     8x    8
 
        1.4021044254250750
        0.0111700986787561      1.2155868971200430
       -0.0741096468841077     -0.0040990710560356      1.2017464313446420
        0.0034182690830814     -0.0236814741779262      0.0078402050394652      1.2058659679001971
        0.1139019355124296      0.0470520166011112      0.1414319982254180     -0.0221516025749500      0.7630032252499197
        0.0076499388614835      0.2244304684928953      0.0111539501428661      0.0030846868940147     -0.0227896287528866
        0.6824920095481590
       -0.0741798066499616     -0.0052652703742651     -0.1987316617768174      0.0088937919512264      0.0193450753238679
        0.0116202297853890      0.7893092651163138
       -0.0553965584900440      0.2388492423028178     -0.0301053337691325     -0.0282022512825232     -0.0208357625786837
        0.0299220238287895     -0.0331310519343754      0.7398917782956409
       29   1    7    1    -4.01141626   -0.70E-09   0.64E-05    5  25 1 -0.79E-05   0.00   1.12    QN   YES    0:00:00
 
      ************************************************************************************************************************
                                                      Wave function printout:
                       occupation of active orbitals, and spin coupling of open shells (u,d: Spin up or down)
      ************************************************************************************************************************
 
      Note: transformation to natural orbitals
      has been made, which may change the order of the CSFs.
 
      printout of CI-coefficients larger than  0.05 for root  1
      energy=      -4.011416
      conf/sym  11111111     Coeff  Weight
             1  22220000   0.41351 0.17099
            18  22202000  -0.21347 0.04557
            27  22200002  -0.05704 0.00325
            32  22ud0ud0  -0.05165 0.00267
            34  22udu00d   0.22352 0.04996
            41  2u2du0d0   0.17900 0.03204
            45  2u2d0u0d  -0.07293 0.00532
            47  2u2d0002  -0.06958 0.00484
            49  u22dud00   0.19552 0.03823
            56  u22d00ud  -0.09820 0.00964
            58  22022000  -0.05888 0.00347
            61  2202u0d0   0.06935 0.00481
            63  22020020  -0.05556 0.00309
            67  22020002  -0.13820 0.01910
            69  2ud2ud00   0.09848 0.00970
            76  2ud200ud  -0.18380 0.03378
            81  u2d2u0d0   0.07541 0.00569
            83  u2d20020  -0.05427 0.00295
            85  u2d20u0d  -0.14681 0.02155
            93  20220020  -0.11096 0.01231
            95  20220u0d  -0.05461 0.00298
            97  20220002  -0.05773 0.00333
           102  ud220ud0  -0.14330 0.02054
           104  ud22u00d   0.05533 0.00306
           110  02220200  -0.10868 0.01181
           113  02220020  -0.05058 0.00256
           121  22uud00d  -0.06363 0.00405
           125  2u2ud0d0  -0.06400 0.00410
           130  u22udd00  -0.07603 0.00578
           568  22002002   0.12319 0.01518
           582  2ud020ud   0.13277 0.01763
           600  u2d02u0d   0.11485 0.01319
           617  20202020   0.09201 0.00847
           635  ud202ud0   0.09126 0.00833
           654  02202200   0.08515 0.00725
           691  2u0du0d2   0.10885 0.01185
           709  u20dud02   0.09479 0.00899
           726  20udu02d   0.08769 0.00769
           743  udududud   0.08393 0.00704
           745  ududuudd   0.10128 0.01026
           761  02udu20d   0.07693 0.00592
           783  uuddudud   0.12457 0.01552
           798  u02dud20   0.07843 0.00615
           816  0u2du2d0   0.07857 0.00617
           853  20020022   0.07974 0.00636
           872  ud020ud2   0.07259 0.00527
           890  02020202   0.06536 0.00427
           907  u0d20u2d   0.07746 0.00600
           924  0ud202ud   0.07670 0.00588
           939  00220220   0.05842 0.00341
          1602  20002022  -0.07993 0.00639
          1610  ud002ud2  -0.09170 0.00841
          1619  02002202  -0.06161 0.00380
          1627  u0d02u2d  -0.07622 0.00581
          1636  0ud022ud  -0.08422 0.00709
          1645  00202220  -0.05208 0.00271
          1663  u00dud22   0.08196 0.00672
          1671  0u0du2d2   0.06601 0.00436
          1678  00udu22d   0.06868 0.00472
          1694  00020222  -0.05248 0.00275
          1764  00002222   0.07990 0.00638
 
      Natural orbitals and occupation numbers for root  1
      sym 1:   1.438409   1.390255   1.309499   1.202624   0.803514   0.555551   0.607251   0.692898
 
      ************************************************************************************************************************
      *                                                                                                                      *
      *                                                    Final results                                                     *
      *                                                                                                                      *
      ************************************************************************************************************************
 
 
++    Wave function specifications:
      -----------------------------
 
      Number of closed shell electrons           0
      Number of electrons in active shells       8
      Max number of holes in RAS1 space          0
      Max nr of electrons in RAS3 space          0
      Number of inactive orbitals                0
      Number of active orbitals                  8
      Number of secondary orbitals              32
      Spin quantum number                      0.0
      State symmetry                             1
--
 
++    Orbital specifications:
      -----------------------
 
      Symmetry species                           1
                                                 a
      Frozen orbitals                            0
      Inactive orbitals                          0
      Active orbitals                            8
      RAS1 orbitals                              0
      RAS2 orbitals                              8
      RAS3 orbitals                              0
      Secondary orbitals                        32
      Deleted orbitals                           0
      Number of basis functions                 40
--
 
++    CI expansion specifications:
      ----------------------------
 
      Number of CSFs                          1764
      Number of determinants                  2485
      Number of root(s) required                 1
      CI root used                               1
      highest root included in the CI            1
      Root passed to geometry opt.               1
--
 
++    Final optimization conditions:
      ------------------------------
 
      Average CI energy                              -4.01141626
      RASSCF energy for state  1                     -4.01141626
      Super-CI energy                                -0.00000000
      RASSCF energy change                            0.00000000
      Max change in MO coefficients              -0.122E-04
      Max non-diagonal density matrix element     0.637E-05
      Maximum BLB matrix element                 -0.787E-05
      (orbital pair   5,  25 in symmetry   1)
      Norm of electronic gradient            0.201E-04
--
 
 
      Final state energy(ies):
      ------------------------
 
::    RASSCF root number  1 Total energy:     -4.01141626
 
++    Molecular orbitals:
      -------------------
 
      Pseudonatural active orbitals and approximate occupation numbers
 
 
 
 
      Molecular orbitals for symmetry species 1: a  
 
 
      Orbital                1         2         3         4         5         6         7         8         9        10
      Energy            0.0000    0.0000    0.0000    0.0000    0.0000    0.0000    0.0000    0.0000    0.3327    0.3477
      Occ. No.          1.4384    1.3903    1.3095    1.2026    0.8035    0.5556    0.6073    0.6929    0.0000    0.0000
 
    1 H1     1s         0.1911   -0.3413    0.4044   -0.3268   -0.3641    0.2501    0.4292    0.4807    0.0850   -0.1127
    2 H1     2s         0.0138   -0.0255    0.0320   -0.0275   -0.0383    0.0331    0.0535    0.0551   -0.2350    0.4101
    3 H1     2px       -0.0000   -0.0000    0.0000    0.0000   -0.0000   -0.0000    0.0000   -0.0000    0.0000   -0.0000
    4 H1     2py       -0.0000   -0.0000    0.0000   -0.0000   -0.0000   -0.0000    0.0000   -0.0000    0.0000   -0.0000
    5 H1     2pz        0.0017   -0.0025    0.0021   -0.0011   -0.0010    0.0020    0.0026    0.0020    0.0137   -0.0208
    6 H2     1s         0.2629   -0.4105    0.3816   -0.2079    0.1828   -0.3821   -0.5457   -0.4340    0.1541   -0.1917
    7 H2     2s         0.0162   -0.0331    0.0435   -0.0347    0.0104   -0.0678   -0.0867   -0.0540   -0.2142    0.2835
    8 H2     2px        0.0000   -0.0000    0.0000   -0.0000   -0.0000    0.0000    0.0000    0.0000    0.0000   -0.0000
    9 H2     2py        0.0000   -0.0000    0.0000   -0.0000   -0.0000    0.0000    0.0000    0.0000    0.0000   -0.0000
   10 H2     2pz        0.0010    0.0000   -0.0024    0.0032    0.0012    0.0003    0.0007    0.0000   -0.0000    0.0051
   11 H3     1s         0.3551   -0.2930   -0.1438    0.4386    0.4748    0.5039    0.4178   -0.1381    0.1633   -0.1156
   12 H3     2s         0.0246   -0.0167   -0.0233    0.0509    0.0594    0.0885    0.0737   -0.0123   -0.2656    0.2350
   13 H3     2px        0.0000   -0.0000   -0.0000    0.0000    0.0000   -0.0000   -0.0000   -0.0000    0.0000   -0.0000
   14 H3     2py        0.0000   -0.0000   -0.0000    0.0000    0.0000    0.0000   -0.0000   -0.0000    0.0000   -0.0000
   15 H3     2pz        0.0004    0.0015   -0.0030    0.0017   -0.0005    0.0016    0.0008    0.0001    0.0019    0.0043
   16 H4     1s         0.3838   -0.1677   -0.3234    0.3774   -0.3907   -0.5529   -0.2016    0.4199    0.1769   -0.0506
   17 H4     2s         0.0251   -0.0189   -0.0240    0.0475   -0.0440   -0.0991   -0.0281    0.0676   -0.2822    0.0812
   18 H4     2px       -0.0000    0.0000   -0.0000    0.0000    0.0000   -0.0000   -0.0000   -0.0000   -0.0000    0.0000
   19 H4     2py       -0.0000    0.0000   -0.0000    0.0000    0.0000   -0.0000   -0.0000   -0.0000   -0.0000    0.0000
   20 H4     2pz        0.0005    0.0022   -0.0013   -0.0028   -0.0007    0.0012    0.0010   -0.0006    0.0001    0.0067
   21 H5     1s         0.3839    0.1676   -0.3237   -0.3772   -0.3905    0.5530   -0.2014   -0.4203    0.1769    0.0506
   22 H5     2s         0.0251    0.0189   -0.0240   -0.0475   -0.0440    0.0991   -0.0281   -0.0677   -0.2822   -0.0813
   23 H5     2px       -0.0000    0.0000   -0.0000    0.0000    0.0000   -0.0000   -0.0000   -0.0000   -0.0000    0.0000
   24 H5     2py       -0.0000   -0.0000   -0.0000    0.0000    0.0000   -0.0000   -0.0000   -0.0000   -0.0000    0.0000
   25 H5     2pz       -0.0005    0.0022    0.0013   -0.0028    0.0007    0.0012   -0.0010   -0.0006   -0.0001    0.0067
   26 H6     1s         0.3551    0.2928   -0.1443   -0.4386    0.4748   -0.5039    0.4176    0.1386    0.1632    0.1156
   27 H6     2s         0.0246    0.0167   -0.0233   -0.0509    0.0594   -0.0886    0.0737    0.0123   -0.2656   -0.2351
   28 H6     2px        0.0000   -0.0000    0.0000   -0.0000    0.0000   -0.0000   -0.0000   -0.0000    0.0000   -0.0000
   29 H6     2py        0.0000   -0.0000    0.0000    0.0000    0.0000    0.0000   -0.0000   -0.0000    0.0000    0.0000
   30 H6     2pz       -0.0004    0.0015    0.0030    0.0017    0.0005    0.0016   -0.0008    0.0001   -0.0019    0.0043
   31 H7     1s         0.2629    0.4107    0.3816    0.2076    0.1825    0.3822   -0.5458    0.4339    0.1541    0.1917
   32 H7     2s         0.0163    0.0332    0.0435    0.0347    0.0103    0.0678   -0.0867    0.0540   -0.2142   -0.2835
   33 H7     2px        0.0000    0.0000    0.0000    0.0000    0.0000    0.0000   -0.0000    0.0000    0.0000    0.0000
   34 H7     2py        0.0000    0.0000    0.0000   -0.0000   -0.0000    0.0000   -0.0000    0.0000    0.0000    0.0000
   35 H7     2pz       -0.0010    0.0000    0.0024    0.0032   -0.0012    0.0003   -0.0007    0.0000    0.0000    0.0051
   36 H8     1s         0.1912    0.3415    0.4045    0.3264   -0.3638   -0.2502    0.4294   -0.4807    0.0850    0.1127
   37 H8     2s         0.0138    0.0255    0.0320    0.0275   -0.0383   -0.0331    0.0535   -0.0551   -0.2349   -0.4101
   38 H8     2px       -0.0000   -0.0000    0.0000   -0.0000   -0.0000   -0.0000    0.0000    0.0000    0.0000    0.0000
   39 H8     2py        0.0000    0.0000    0.0000    0.0000   -0.0000   -0.0000    0.0000   -0.0000    0.0000    0.0000
   40 H8     2pz       -0.0017   -0.0025   -0.0021   -0.0011    0.0010    0.0020   -0.0026    0.0020   -0.0137   -0.0208
 
 
      Orbital               11        12        13        14        15        16        17        18        19        20
      Energy            0.3773    0.4260    0.4956    0.5891    0.6736    0.7407    0.7410    0.8277    0.8277    0.8483
      Occ. No.          0.0000    0.0000    0.0000    0.0000    0.0000    0.0000    0.0000    0.0000    0.0000    0.0000
 
    1 H1     1s         0.0664    0.0300    0.1310   -0.1935    0.1624   -0.1457    0.1581    0.0000   -0.0000    0.0000
    2 H1     2s        -0.5113    0.5556    0.5394   -0.4565    0.2849   -0.1754    0.1911   -0.0000    0.0000   -0.0000
    3 H1     2px        0.0000    0.0000   -0.0000   -0.0000   -0.0000    0.0000    0.0000    0.1419   -0.0476   -0.2711
    4 H1     2py        0.0000   -0.0000   -0.0000   -0.0000   -0.0000    0.0000    0.0000    0.0476    0.1419   -0.0891
    5 H1     2pz        0.0212   -0.0223   -0.0350    0.0728   -0.1107    0.3240   -0.3392    0.0000   -0.0000    0.0000
    6 H2     1s         0.1110   -0.0228   -0.0394    0.1639   -0.2140    0.1313   -0.1564   -0.0000    0.0000   -0.0000
    7 H2     2s        -0.1527   -0.1418   -0.4926    0.7537   -0.6473    0.3422   -0.3955    0.0000   -0.0000    0.0000
    8 H2     2px        0.0000   -0.0000   -0.0000   -0.0000   -0.0000    0.0000    0.0000    0.2693   -0.0904   -0.4199
    9 H2     2py        0.0000   -0.0000   -0.0000    0.0000   -0.0000    0.0000   -0.0000    0.0904    0.2693   -0.1380
   10 H2     2pz       -0.0089   -0.0027   -0.0304    0.0433    0.0031   -0.3511    0.3565   -0.0000    0.0000   -0.0000
   11 H3     1s        -0.0579    0.1001   -0.0014   -0.0269    0.2054   -0.1060    0.1628    0.0000   -0.0000    0.0000
   12 H3     2s         0.1067   -0.4569   -0.4082   -0.1767    0.6621   -0.2984    0.4251   -0.0000   -0.0000   -0.0000
   13 H3     2px       -0.0000    0.0000    0.0000   -0.0000    0.0000   -0.0000    0.0000    0.3650   -0.1225   -0.3708
   14 H3     2py       -0.0000    0.0000    0.0000   -0.0000    0.0000   -0.0000    0.0000    0.1225    0.3650   -0.1219
   15 H3     2pz       -0.0075    0.0026    0.0308   -0.1353    0.1907    0.2757   -0.2411   -0.0000   -0.0000   -0.0000
   16 H4     1s        -0.1324    0.0589    0.0051   -0.1202   -0.0875    0.0412   -0.1548   -0.0000   -0.0000    0.0000
   17 H4     2s         0.3469   -0.2493    0.4404   -0.6498   -0.2738    0.1122   -0.3840   -0.0000    0.0000    0.0000
   18 H4     2px       -0.0000    0.0000    0.0000   -0.0000    0.0000   -0.0000    0.0000    0.4155   -0.1395   -0.1474
   19 H4     2py       -0.0000    0.0000    0.0000   -0.0000    0.0000   -0.0000    0.0000    0.1395    0.4155   -0.0484
   20 H4     2pz       -0.0014    0.0006    0.0232    0.0754   -0.3384   -0.2069    0.0821    0.0000    0.0000    0.0000
   21 H5     1s        -0.1324   -0.0589    0.0051    0.1202   -0.0875    0.0419    0.1546    0.0000   -0.0000   -0.0000
   22 H5     2s         0.3469    0.2493    0.4404    0.6498   -0.2738    0.1139    0.3835    0.0000   -0.0000   -0.0000
   23 H5     2px       -0.0000    0.0000    0.0000   -0.0000    0.0000   -0.0000    0.0000    0.4155   -0.1395    0.1473
   24 H5     2py       -0.0000    0.0000    0.0000   -0.0000    0.0000   -0.0000    0.0000    0.1395    0.4155    0.0484
   25 H5     2pz        0.0014    0.0006   -0.0232    0.0754    0.3384    0.2072    0.0812   -0.0000   -0.0000   -0.0000
   26 H6     1s        -0.0579   -0.1001   -0.0014    0.0269    0.2054   -0.1067   -0.1624    0.0000    0.0000    0.0000
   27 H6     2s         0.1066    0.4569   -0.4081    0.1768    0.6621   -0.3002   -0.4238   -0.0000   -0.0000   -0.0000
   28 H6     2px       -0.0000    0.0000    0.0000   -0.0000    0.0000   -0.0000    0.0000    0.3650   -0.1225    0.3708
   29 H6     2py       -0.0000    0.0000    0.0000   -0.0000    0.0000   -0.0000    0.0000    0.1225    0.3650    0.1219
   30 H6     2pz        0.0075    0.0026   -0.0308   -0.1353   -0.1907   -0.2768   -0.2399    0.0000   -0.0000    0.0000
   31 H7     1s         0.1110    0.0228   -0.0394   -0.1639   -0.2140    0.1320    0.1558   -0.0000   -0.0000   -0.0000
   32 H7     2s        -0.1527    0.1419   -0.4926   -0.7537   -0.6473    0.3440    0.3939    0.0000    0.0000    0.0000
   33 H7     2px        0.0000   -0.0000    0.0000    0.0000    0.0000   -0.0000   -0.0000    0.2694   -0.0904    0.4199
   34 H7     2py        0.0000   -0.0000    0.0000    0.0000    0.0000   -0.0000   -0.0000    0.0904    0.2694    0.1380
   35 H7     2pz        0.0089   -0.0027    0.0304    0.0433   -0.0031    0.3527    0.3550    0.0000    0.0000    0.0000
   36 H8     1s         0.0664   -0.0300    0.1310    0.1936    0.1624   -0.1464   -0.1574   -0.0000   -0.0000    0.0000
   37 H8     2s        -0.5113   -0.5556    0.5394    0.4565    0.2849   -0.1762   -0.1903   -0.0000   -0.0000   -0.0000
   38 H8     2px        0.0000   -0.0000   -0.0000    0.0000    0.0000   -0.0000   -0.0000    0.1419   -0.0476    0.2711
   39 H8     2py        0.0000    0.0000   -0.0000   -0.0000   -0.0000   -0.0000   -0.0000    0.0476    0.1419    0.0891
   40 H8     2pz       -0.0212   -0.0223    0.0350    0.0728    0.1107   -0.3255   -0.3377   -0.0000   -0.0000   -0.0000
 
 
      Orbital               21        22        23        24        25        26        27        28        29        30
      Energy            0.8483    0.8810    0.8810    0.9231    0.9231    0.9713    0.9713    1.0187    1.0187    1.0596
      Occ. No.          0.0000    0.0000    0.0000    0.0000    0.0000    0.0000    0.0000    0.0000    0.0000    0.0000
 
    1 H1     1s         0.0000   -0.0000    0.0000    0.0000    0.0000    0.0000   -0.0000   -0.0000   -0.0000   -0.0000
    2 H1     2s        -0.0000    0.0000    0.0000    0.0000   -0.0000    0.0000    0.0000   -0.0000   -0.0000   -0.0000
    3 H1     2px        0.0891    0.3654   -0.1444    0.3787   -0.2549    0.4381   -0.1693   -0.4127    0.1072    0.3133
    4 H1     2py       -0.2711    0.1444    0.3654   -0.2549   -0.3787    0.1693    0.4381   -0.1072   -0.4127    0.0824
    5 H1     2pz        0.0000   -0.0000   -0.0000   -0.0000   -0.0000    0.0000   -0.0000   -0.0000   -0.0000   -0.0000
    6 H2     1s        -0.0000    0.0000    0.0000   -0.0000    0.0000   -0.0000    0.0000   -0.0000    0.0000    0.0000
    7 H2     2s         0.0000   -0.0000   -0.0000   -0.0000    0.0000   -0.0000    0.0000    0.0000    0.0000    0.0000
    8 H2     2px        0.1380    0.3708   -0.1466    0.1379   -0.0928   -0.1475    0.0570    0.4062   -0.1055   -0.4736
    9 H2     2py       -0.4199    0.1466    0.3708   -0.0928   -0.1379   -0.0570   -0.1475    0.1055    0.4062   -0.1246
   10 H2     2pz       -0.0000    0.0000    0.0000    0.0000    0.0000   -0.0000    0.0000    0.0000    0.0000    0.0000
   11 H3     1s         0.0000   -0.0000   -0.0000   -0.0000   -0.0000    0.0000   -0.0000   -0.0000   -0.0000   -0.0000
   12 H3     2s        -0.0000   -0.0000   -0.0000    0.0000   -0.0000    0.0000   -0.0000   -0.0000   -0.0000   -0.0000
   13 H3     2px        0.1219    0.0016   -0.0006   -0.3341    0.2249   -0.3878    0.1499    0.0047   -0.0012    0.4141
   14 H3     2py       -0.3708    0.0006    0.0016    0.2249    0.3341   -0.1499   -0.3878    0.0012    0.0047    0.1089
   15 H3     2pz        0.0000    0.0000   -0.0000   -0.0000    0.0000   -0.0000    0.0000   -0.0000   -0.0000   -0.0000
   16 H4     1s         0.0000    0.0000   -0.0000   -0.0000   -0.0000   -0.0000   -0.0000    0.0000    0.0000    0.0000
   17 H4     2s        -0.0000    0.0000    0.0000    0.0000    0.0000   -0.0000   -0.0000    0.0000    0.0000    0.0000
   18 H4     2px        0.0484   -0.3668    0.1450   -0.2504    0.1686    0.2864   -0.1107   -0.4087    0.1062   -0.1638
   19 H4     2py       -0.1474   -0.1450   -0.3668    0.1686    0.2504    0.1107    0.2864   -0.1062   -0.4087   -0.0431
   20 H4     2pz        0.0000   -0.0000   -0.0000    0.0000   -0.0000    0.0000   -0.0000   -0.0000   -0.0000   -0.0000
   21 H5     1s         0.0000   -0.0000   -0.0000   -0.0000    0.0000    0.0000   -0.0000   -0.0000    0.0000   -0.0000
   22 H5     2s         0.0000   -0.0000    0.0000   -0.0000   -0.0000    0.0000    0.0000   -0.0000    0.0000   -0.0000
   23 H5     2px       -0.0484   -0.3668    0.1450    0.2504   -0.1686    0.2864   -0.1107    0.4087   -0.1062   -0.1639
   24 H5     2py        0.1473   -0.1450   -0.3668   -0.1686   -0.2504    0.1107    0.2864    0.1062    0.4087   -0.0431
   25 H5     2pz       -0.0000    0.0000    0.0000   -0.0000   -0.0000   -0.0000    0.0000    0.0000    0.0000    0.0000
   26 H6     1s        -0.0000   -0.0000    0.0000    0.0000    0.0000   -0.0000   -0.0000   -0.0000   -0.0000   -0.0000
   27 H6     2s        -0.0000    0.0000   -0.0000    0.0000    0.0000   -0.0000   -0.0000   -0.0000   -0.0000    0.0000
   28 H6     2px       -0.1219    0.0016   -0.0006    0.3341   -0.2249   -0.3878    0.1499   -0.0047    0.0012    0.4142
   29 H6     2py        0.3708    0.0006    0.0016   -0.2249   -0.3341   -0.1499   -0.3878   -0.0012   -0.0047    0.1089
   30 H6     2pz       -0.0000   -0.0000   -0.0000   -0.0000    0.0000    0.0000   -0.0000   -0.0000   -0.0000   -0.0000
   31 H7     1s         0.0000   -0.0000    0.0000   -0.0000   -0.0000    0.0000    0.0000    0.0000    0.0000   -0.0000
   32 H7     2s        -0.0000   -0.0000   -0.0000   -0.0000    0.0000    0.0000    0.0000    0.0000    0.0000    0.0000
   33 H7     2px       -0.1380    0.3708   -0.1466   -0.1379    0.0928   -0.1476    0.0570   -0.4062    0.1055   -0.4736
   34 H7     2py        0.4199    0.1466    0.3708    0.0928    0.1379   -0.0570   -0.1476   -0.1055   -0.4062   -0.1246
   35 H7     2pz       -0.0000   -0.0000   -0.0000    0.0000    0.0000   -0.0000   -0.0000   -0.0000   -0.0000    0.0000
   36 H8     1s        -0.0000   -0.0000   -0.0000    0.0000   -0.0000   -0.0000   -0.0000    0.0000   -0.0000    0.0000
   37 H8     2s         0.0000    0.0000    0.0000   -0.0000    0.0000    0.0000    0.0000   -0.0000   -0.0000   -0.0000
   38 H8     2px       -0.0891    0.3654   -0.1444   -0.3787    0.2549    0.4381   -0.1693    0.4127   -0.1072    0.3133
   39 H8     2py        0.2711    0.1444    0.3654    0.2549    0.3787    0.1693    0.4381    0.1072    0.4127    0.0824
   40 H8     2pz        0.0000    0.0000    0.0000   -0.0000   -0.0000    0.0000    0.0000    0.0000    0.0000    0.0000
 
 
      Orbital               31        32        33        34        35        36        37        38        39        40
      Energy            1.0596    1.0874    1.0874    1.1110    1.1307    1.1462    1.2143    1.3104    1.4060    1.4773
      Occ. No.          0.0000    0.0000    0.0000    0.0000    0.0000    0.0000    0.0000    0.0000    0.0000    0.0000
 
    1 H1     1s         0.0000    0.0000   -0.0000    0.1669    0.0179   -0.2031    0.1537   -0.1349   -0.1059    0.0600
    2 H1     2s        -0.0000    0.0000   -0.0000    0.3149    0.0606   -0.3784    0.2790   -0.2030   -0.1295    0.0631
    3 H1     2px       -0.0824   -0.0901    0.1500    0.0000    0.0000    0.0000    0.0000   -0.0000    0.0000    0.0000
    4 H1     2py        0.3133   -0.1500   -0.0901    0.0000   -0.0000    0.0000    0.0000   -0.0000    0.0000    0.0000
    5 H1     2pz       -0.0000    0.0000   -0.0000    0.2927    0.1875   -0.4127    0.4929   -0.4563   -0.3501    0.1905
    6 H2     1s         0.0000   -0.0000    0.0000   -0.4359    0.0332    0.5054   -0.2439    0.1118    0.0120    0.0210
    7 H2     2s         0.0000   -0.0000    0.0000   -0.8146    0.0883    0.8939   -0.3604    0.1522    0.0423   -0.0057
    8 H2     2px        0.1246    0.1672   -0.2783   -0.0000    0.0000    0.0000   -0.0000    0.0000    0.0000   -0.0000
    9 H2     2py       -0.4736    0.2783    0.1672    0.0000    0.0000    0.0000   -0.0000    0.0000    0.0000   -0.0000
   10 H2     2pz        0.0000   -0.0000    0.0000   -0.2980    0.1152    0.2339    0.2251   -0.5100   -0.5822    0.3842
   11 H3     1s        -0.0000    0.0000   -0.0000    0.5128   -0.3567   -0.5562   -0.0338    0.0902    0.0276    0.0297
   12 H3     2s        -0.0000    0.0000   -0.0000    0.9513   -0.6767   -1.0025   -0.0174    0.0576    0.0031    0.0269
   13 H3     2px       -0.1089   -0.2244    0.3737    0.0000   -0.0000   -0.0000    0.0000    0.0000   -0.0000   -0.0000
   14 H3     2py        0.4141   -0.3737   -0.2244    0.0000   -0.0000   -0.0000    0.0000    0.0000   -0.0000    0.0000
   15 H3     2pz       -0.0000    0.0000   -0.0000   -0.0662   -0.4753    0.2220   -0.4796    0.0006   -0.5026    0.5149
   16 H4     1s         0.0000   -0.0000    0.0000   -0.2317    0.7105    0.4201    0.1096    0.0839    0.0842    0.0042
   17 H4     2s         0.0000   -0.0000    0.0000   -0.4267    1.2974    0.8018    0.1317    0.0928    0.0636   -0.0036
   18 H4     2px        0.0431    0.2548   -0.4243   -0.0000    0.0000    0.0000   -0.0000   -0.0000   -0.0000    0.0000
   19 H4     2py       -0.1638    0.4243    0.2548   -0.0000    0.0000    0.0000   -0.0000   -0.0000   -0.0000    0.0000
   20 H4     2pz        0.0000    0.0000   -0.0000    0.4464    0.2827   -0.2004   -0.3270    0.4798   -0.2063    0.5914
   21 H5     1s        -0.0000    0.0000   -0.0000   -0.2317   -0.7105   -0.4201    0.1096   -0.0839    0.0842   -0.0042
   22 H5     2s        -0.0000    0.0000   -0.0000   -0.4268   -1.2974   -0.8018    0.1317   -0.0928    0.0636    0.0036
   23 H5     2px        0.0431   -0.2548    0.4243   -0.0000    0.0000    0.0000   -0.0000   -0.0000   -0.0000    0.0000
   24 H5     2py       -0.1639   -0.4243   -0.2548    0.0000    0.0000    0.0000   -0.0000   -0.0000   -0.0000    0.0000
   25 H5     2pz        0.0000   -0.0000    0.0000   -0.4465    0.2827   -0.2004    0.3270    0.4798    0.2063    0.5914
   26 H6     1s         0.0000    0.0000   -0.0000    0.5128    0.3567    0.5562   -0.0338   -0.0902    0.0276   -0.0297
   27 H6     2s         0.0000   -0.0000    0.0000    0.9513    0.6767    1.0025   -0.0174   -0.0576    0.0031   -0.0269
   28 H6     2px       -0.1089    0.2244   -0.3737   -0.0000    0.0000    0.0000   -0.0000   -0.0000   -0.0000    0.0000
   29 H6     2py        0.4142    0.3737    0.2244   -0.0000   -0.0000   -0.0000   -0.0000   -0.0000   -0.0000    0.0000
   30 H6     2pz       -0.0000    0.0000   -0.0000    0.0662   -0.4753    0.2220    0.4796    0.0006    0.5026    0.5149
   31 H7     1s        -0.0000   -0.0000   -0.0000   -0.4359   -0.0332   -0.5053   -0.2439   -0.1118    0.0120   -0.0210
   32 H7     2s        -0.0000   -0.0000   -0.0000   -0.8146   -0.0883   -0.8939   -0.3603   -0.1522    0.0423    0.0057
   33 H7     2px        0.1246   -0.1671    0.2783   -0.0000   -0.0000   -0.0000   -0.0000   -0.0000    0.0000   -0.0000
   34 H7     2py       -0.4736   -0.2783   -0.1671   -0.0000    0.0000   -0.0000   -0.0000   -0.0000    0.0000    0.0000
   35 H7     2pz        0.0000    0.0000    0.0000    0.2980    0.1152    0.2338   -0.2251   -0.5100    0.5822    0.3842
   36 H8     1s         0.0000    0.0000    0.0000    0.1669   -0.0179    0.2031    0.1537    0.1349   -0.1059   -0.0600
   37 H8     2s         0.0000    0.0000   -0.0000    0.3149   -0.0606    0.3784    0.2790    0.2030   -0.1295   -0.0631
   38 H8     2px       -0.0824    0.0901   -0.1500    0.0000    0.0000    0.0000    0.0000    0.0000    0.0000   -0.0000
   39 H8     2py        0.3133    0.1500    0.0901    0.0000   -0.0000    0.0000    0.0000    0.0000   -0.0000   -0.0000
   40 H8     2pz       -0.0000   -0.0000    0.0000   -0.2927    0.1875   -0.4127   -0.4929   -0.4563    0.3501    0.1905
--
 
      Von Neumann Entropy (Root  1) =  3.64182
 

      Mulliken population analysis for root number:  1
      -----------------------------------------------
 
 
++    Molecular charges:
      ------------------
 
      Mulliken charges per centre and basis function type
      ---------------------------------------------------
 
                H1      H2      H3      H4      H5      H6      H7      H8    
      1s       0.9895  1.0017  1.0019  1.0015  1.0015  1.0019  1.0017  0.9894
      2s       0.0069  0.0008 -0.0029 -0.0023 -0.0023 -0.0029  0.0008  0.0069
      2px      0.0000  0.0000  0.0000  0.0000  0.0000  0.0000  0.0000  0.0000
      2pz      0.0003  0.0010  0.0009  0.0008  0.0008  0.0009  0.0010  0.0003
      2py      0.0000  0.0000  0.0000  0.0000  0.0000  0.0000  0.0000  0.0000
      Total    0.9966  1.0035  0.9998  1.0000  1.0000  0.9998  1.0035  0.9966
 
      N-E      0.0034 -0.0035  0.0002 -0.0000 -0.0000  0.0002 -0.0035  0.0034
 
      Total electronic charge=    8.000000
 
      Total            charge=   -0.000000
--
 
 

      Expectation values of various properties for root number:  1
      -----------------------------------------------------------
 
 
++    Molecular properties:
      ---------------------
 
      Charge (e):
                      =   -0.0000
      Dipole Moment (Debye):
      Origin of the operator (Ang)=    0.0000    0.0000    0.0000
                   X= -7.3356E-07               Y= -4.4953E-07               Z= -5.4084E-05           Total=  5.4091E-05
      Quadrupole Moment (Debye*Ang):
      Origin of the operator (Ang)=    0.0000    0.0000    8.2939
                  XX= -1.2243E+01              XY= -1.4000E-13              XZ= -5.6289E-07              YY= -1.2243E+01
                  YZ= -7.3193E-07              ZZ= -1.1104E+01
      In traceless form (Debye*Ang)
                  XX= -5.6962E-01              XY= -2.1001E-13              XZ= -8.4434E-07              YY= -5.6962E-01
                  YZ= -1.0979E-06              ZZ=  1.1392E+00
--
 

      LoProp population analysis for root number:  1
      -----------------------------------------------
 
 
++    LoProp analysis:
      ----------------
 
 
 
  Input file to MOLDEN was generated!
 
 
++    Static properties:
      ------------------
 
 
      LoProp Charges per center
 

                   H1       H2       H3       H4       H5       H6       H7       H8    
      Nuclear      1.0000   1.0000   1.0000   1.0000   1.0000   1.0000   1.0000   1.0000
      Electronic  -1.0001  -1.0000  -0.9999  -1.0000  -1.0000  -0.9999  -1.0000  -1.0001
 
      Total       -0.0001   0.0000   0.0001  -0.0000  -0.0000   0.0001   0.0000  -0.0001
--
 
 
      Natural Bond Order analysis for root number:  1
 
++    Natural Bond Order analysis
      ---------------------------
      Based on LoProp computed density
      -------------------------------------------------------------------------------------
      Atom A       Atom B       Bond Order
      -------------------------------------------------------------------------------------
      The remaining    8.000 electrons are to be considered as diffuse
--
 
--
 
 
  Input file to MOLDEN was generated!
 
      Average orbitals are written to the RASORB file
      Natural orbitals for root   1 are written to the RASORB.1 file
      Spin density orbitals for root   1 are written to the SPDORB.1 file
 
forrtl: warning (525): IEEE_DIVIDE_BY_ZERO is signaling
forrtl: warning (526): IEEE_INVALID is signaling
forrtl: warning (528): IEEE_UNDERFLOW is signaling
--- Stop Module: rasscf at Sun Oct 26 13:38:12 2025 /rc=_RC_ALL_IS_WELL_ ---
*** files: H8_2.37.LprOrb H8_2.37.rasscf.molden H8_2.37.LoProp.molden H8_2.37.RasOrb.1 H8_2.37.RasOrb H8_2.37.rasscf.h5 H8_2.37.SpdOrb.1 xmldump
    saved to directory /home/grierjones/DDCASPT2/hydrogen_comps/rerun/H8_chain/H8_2.37
--- Module rasscf spent 4 seconds ---

>>> COPY /tmp/H8_2.37/H8_2.37.rasscf.h5 /home/grierjones/DDCASPT2/hydrogen_comps/rerun/H8_chain/H8_2.37/

>>> COPY /tmp/H8_2.37/GMJ_Fock_MO.csv /home/grierjones/DDCASPT2/hydrogen_comps/rerun/H8_chain/H8_2.37/H8_2.37.GMJ_Fock_MO.csv

*** symbolic link created: INPORB -> H8_2.37.RasOrb
--- Start Module: motra at Sun Oct 26 13:38:12 2025 ---
 
()()()()()()()()()()()()()()()()()()()()()()()()()()()()()()()()()()()()()()()()()()()()()()()()()()

                                               &MOTRA

                                   only a single process is used
                       available to each process: 2.0 GB of memory, 1 thread?
()()()()()()()()()()()()()()()()()()()()()()()()()()()()()()()()()()()()()()()()()()()()()()()()()()
 
 
      *** WARNING: Default frozen orbitals is overwritten by user input.
      *** Default values:   0
 
      Header of the integral files:
      
       Integrals generated by seward 4.2.0  , Sun Oct 26 13:38:07 2025
 
 
      Header of MO coefficients source file:
      * RASSCF average (pseudo-natural) orbitals                                      
 
 
      Cartesian coordinates in Angstrom:
      -----------------------------------------------------
      No.  Label        X            Y            Z        
      -----------------------------------------------------
       1   H1         0.00000000   0.00000000   0.00000000
       2   H2         0.00000000   0.00000000   2.36969700
       3   H3         0.00000000   0.00000000   4.73939400
       4   H4         0.00000000   0.00000000   7.10909100
       5   H5         0.00000000   0.00000000   9.47878800
       6   H6         0.00000000   0.00000000  11.84848500
       7   H7         0.00000000   0.00000000  14.21818200
       8   H8         0.00000000   0.00000000  16.58787900
      -----------------------------------------------------
      Nuclear repulsion energy =    3.06891844
 
      Orbital specifications:
      -----------------------
 
      Symmetry species:              1
      Number of basis functions:    40
      Frozen orbitals:               0
      Deleted orbitals:              0
      Number of orbitals used:      40

       SYMMETRY  BASIS FUNCTIONS       ORBITALS      INTEGRALS   CPU(SEC)  I/O(SEC)
        1 1 1 1   40  40  40  40    40  40  40  40      336610       0.00      0.00

       TOTAL CPU TIME(SEC)    0.24TOTAL I/O TIME(SEC)    0.48
 
--- Stop Module: motra at Sun Oct 26 13:38:13 2025 /rc=_RC_ALL_IS_WELL_ ---
*** files: xmldump
    saved to directory /home/grierjones/DDCASPT2/hydrogen_comps/rerun/H8_chain/H8_2.37

>>> COPY /tmp/H8_2.37/GMJ_one_int_indx.csv /home/grierjones/DDCASPT2/hydrogen_comps/rerun/H8_chain/H8_2.37/H8_2.37.GMJ_one_int_indx.csv

>>> COPY /tmp/H8_2.37/GMJ_one_int.csv /home/grierjones/DDCASPT2/hydrogen_comps/rerun/H8_chain/H8_2.37/H8_2.37.GMJ_one_int.csv

>>> COPY /tmp/H8_2.37/GMJ_two_int_indx.csv /home/grierjones/DDCASPT2/hydrogen_comps/rerun/H8_chain/H8_2.37/H8_2.37.GMJ_two_int_indx.csv

>>> COPY /tmp/H8_2.37/GMJ_two_int.csv /home/grierjones/DDCASPT2/hydrogen_comps/rerun/H8_chain/H8_2.37/H8_2.37.GMJ_two_int.csv

*** symbolic link created: INPORB -> H8_2.37.RasOrb
--- Start Module: caspt2 at Sun Oct 26 13:38:13 2025 ---
 
()()()()()()()()()()()()()()()()()()()()()()()()()()()()()()()()()()()()()()()()()()()()()()()()()()

                                              &CASPT2

                                   only a single process is used
                       available to each process: 2.0 GB of memory, 1 thread?
()()()()()()()()()()()()()()()()()()()()()()()()()()()()()()()()()()()()()()()()()()()()()()()()()()
 
 Cholesky algorithm in CASPT2 =    1
 
 ###############################################################################
 ###############################################################################
 ###                                                                         ###
 ###                                                                         ###
 ###    User changed nr of frozen orbitals.                                  ###
 ###                                                                         ###
 ###                                                                         ###
 ###############################################################################
 ###############################################################################
 
++    Wave function specifications:
      -----------------------------
 
      Number of closed shell electrons           0
      Number of electrons in active shells       8
      Max number of holes in RAS1 space          0
      Max number of electrons in RAS3 space      0
      Number of inactive orbitals                0
      Number of active orbitals                  8
      Number of secondary orbitals              32
      Spin quantum number                      0.0
      State symmetry                             1
      Number of CSFs                          1764
      Number of root(s) available                1
      Root passed to geometry opt.               1
      A file JOBMIX will be created.
      This is a CASSCF or RASSCF reference function
--
 
++    Orbital specifications:
      -----------------------
 
      Symmetry species                           1
                                                 a
      Frozen orbitals                            0
      Inactive orbitals                          0
      Active orbitals                            8
      Secondary orbitals                        32
      Deleted orbitals                           0
      Number of basis functions                 40
--
 
      Type of Fock operator: STANDARD
      Type of 0-order Hamiltonian: STANDARD WITH DEFAULT IPEA
        "IP-EA" denominator shift =      0.25
      The input orbitals and the CI vector will be transformed.
 
--------------------------------------------------------------------------------
 Estimated memory requirements:
  POLY3 :                   450746
  RHS:                      417296
  SIGMA :                   326032
  PRPCTL:                        0
 Available workspace:    230388092
 
++ CASPT2 computation for group   1
 
********************************************************************************
 Multi-State initialization phase begins for group   1
--------------------------------------------------------------------------------
********************************************************************************
 Compute H0 matrices for state    1
--------------------------------------------------------------------------------
--------------------------------------------------------------------------------
 H0 matrices have been computed.
 
********************************************************************************
  CASPT2 EQUATION SOLUTION
--------------------------------------------------------------------------------
 
  Total nr of CASPT2 parameters:
   Before reduction:       49280
   After  reduction:       48832
 
 The contributions to the second order correlation energy in atomic units.
-----------------------------------------------------------------------------------------------------------------------------
  IT.      VJTU        VJTI        ATVX        AIVX        VJAI        BVAT        BJAT        BJAI        TOTAL       RNORM  
-----------------------------------------------------------------------------------------------------------------------------
   1     0.000000    0.000000   -0.001387    0.000000    0.000000   -0.003487    0.000000    0.000000   -0.004874    0.000824
   2     0.000000    0.000000   -0.001401    0.000000    0.000000   -0.003492    0.000000    0.000000   -0.004893    0.000135
   3     0.000000    0.000000   -0.001403    0.000000    0.000000   -0.003492    0.000000    0.000000   -0.004895    0.000033
   4     0.000000    0.000000   -0.001402    0.000000    0.000000   -0.003492    0.000000    0.000000   -0.004894    0.000005
-------------------------------------------------------------------------------------------------------------------
 
  FINAL CASPT2 RESULT:
 
  Correlation energy /Case, /Symm, and sums:
 VJTU      0.00000000  0.00000000
 VJTIP     0.00000000  0.00000000
 VJTIM     0.00000000  0.00000000
 ATVX     -0.00140192 -0.00140192
 AIVX      0.00000000  0.00000000
 VJAIP     0.00000000  0.00000000
 VJAIM     0.00000000  0.00000000
 BVATP    -0.00321723 -0.00321723
 BVATM    -0.00027512 -0.00027512
 BJATP     0.00000000  0.00000000
 BJATM     0.00000000  0.00000000
 BJAIP     0.00000000  0.00000000
 BJAIM     0.00000000  0.00000000
 Summed:  -0.00489427 -0.00489427
 
      Reference energy:          -4.0114162619
      E2 (Non-variational):      -0.0048942653
      E2 (Variational):          -0.0048942784
      Total energy:              -4.0163105403
      Residual norm:              0.0000009369
      Reference weight:           0.99686
 
      Contributions to the CASPT2 correlation energy
      Active & Virtual Only:         -0.0048942653
      One Inactive Excited:           0.0000000000
      Two Inactive Excited:           0.0000000000
 
 
++ Denominators, etc.
----------------------------------------------------------------------------------------------------
 Report on small energy denominators, large coefficients, and large energy contributions.
CASE  SYMM ACTIVE-MIX  NON-ACTIVE INDICES          DENOMINATOR     RHS VALUE       COEFFICIENT     CONTRIBUTION
--
 
   (Skipping property calculation,
    use PROP keyword to activate)
--
 
  Total CASPT2 energies:
::    CASPT2 Root  1     Total energy:     -4.01631054
 
  A NEW JOBIPH FILE NAMED 'JOBMIX' IS PREPARED.
********************************************************************************
forrtl: warning (528): IEEE_UNDERFLOW is signaling
--- Stop Module: caspt2 at Sun Oct 26 13:38:13 2025 /rc=_RC_ALL_IS_WELL_ ---
*** files: xmldump
    saved to directory /home/grierjones/DDCASPT2/hydrogen_comps/rerun/H8_chain/H8_2.37

>>> EXPORT i = B

>>> EXPORT j = P

>>> IF (-FILE GMJ_e2_${i}_${j}_1_.csv)
(Skipped)

>>> END FOREACH

>>> EXPORT j = M

>>> IF (-FILE GMJ_e2_${i}_${j}_1_.csv)
(Skipped)

>>> END FOREACH

>>> END FOREACH

>>> EXPORT i = E

>>> EXPORT j = P

>>> IF (-FILE GMJ_e2_${i}_${j}_1_.csv)
(Skipped)

>>> END FOREACH

>>> EXPORT j = M

>>> IF (-FILE GMJ_e2_${i}_${j}_1_.csv)
(Skipped)

>>> END FOREACH

>>> END FOREACH

>>> EXPORT i = F

>>> EXPORT j = P

>>> IF (-FILE GMJ_e2_${i}_${j}_1_.csv)

>>> COPY /tmp/H8_2.37/GMJ_RHS_F_P_1_.csv /home/grierjones/DDCASPT2/hydrogen_comps/rerun/H8_chain/H8_2.37/GMJ_RHS_F_P_1_.csv

>>> COPY /tmp/H8_2.37/GMJ_IVECW_F_P_1_.csv /home/grierjones/DDCASPT2/hydrogen_comps/rerun/H8_chain/H8_2.37/GMJ_IVECW_F_P_1_.csv

>>> COPY /tmp/H8_2.37/GMJ_IVECX_F_P_1_.csv /home/grierjones/DDCASPT2/hydrogen_comps/rerun/H8_chain/H8_2.37/GMJ_IVECX_F_P_1_.csv

>>> COPY /tmp/H8_2.37/GMJ_IVECC2_F_P_1_.csv /home/grierjones/DDCASPT2/hydrogen_comps/rerun/H8_chain/H8_2.37/GMJ_IVECC2_F_P_1_.csv

>>> COPY /tmp/H8_2.37/GMJ_e2_F_P_1_.csv /home/grierjones/DDCASPT2/hydrogen_comps/rerun/H8_chain/H8_2.37/GMJ_e2_F_P_1_.csv

>>> END FOREACH

>>> EXPORT j = M

>>> IF (-FILE GMJ_e2_${i}_${j}_1_.csv)

>>> COPY /tmp/H8_2.37/GMJ_RHS_F_M_1_.csv /home/grierjones/DDCASPT2/hydrogen_comps/rerun/H8_chain/H8_2.37/GMJ_RHS_F_M_1_.csv

>>> COPY /tmp/H8_2.37/GMJ_IVECW_F_M_1_.csv /home/grierjones/DDCASPT2/hydrogen_comps/rerun/H8_chain/H8_2.37/GMJ_IVECW_F_M_1_.csv

>>> COPY /tmp/H8_2.37/GMJ_IVECX_F_M_1_.csv /home/grierjones/DDCASPT2/hydrogen_comps/rerun/H8_chain/H8_2.37/GMJ_IVECX_F_M_1_.csv

>>> COPY /tmp/H8_2.37/GMJ_IVECC2_F_M_1_.csv /home/grierjones/DDCASPT2/hydrogen_comps/rerun/H8_chain/H8_2.37/GMJ_IVECC2_F_M_1_.csv

>>> COPY /tmp/H8_2.37/GMJ_e2_F_M_1_.csv /home/grierjones/DDCASPT2/hydrogen_comps/rerun/H8_chain/H8_2.37/GMJ_e2_F_M_1_.csv

>>> END FOREACH

>>> END FOREACH

>>> EXPORT i = G

>>> EXPORT j = P

>>> IF (-FILE GMJ_e2_${i}_${j}_1_.csv)
(Skipped)

>>> END FOREACH

>>> EXPORT j = M

>>> IF (-FILE GMJ_e2_${i}_${j}_1_.csv)
(Skipped)

>>> END FOREACH

>>> END FOREACH

>>> EXPORT i = H

>>> EXPORT j = P

>>> IF (-FILE GMJ_e2_${i}_${j}_1_.csv)
(Skipped)

>>> END FOREACH

>>> EXPORT j = M

>>> IF (-FILE GMJ_e2_${i}_${j}_1_.csv)
(Skipped)

>>> END FOREACH

>>> END FOREACH

>>> EXPORT i = A

>>> IF (-FILE GMJ_e2_${i}_1_.csv)
(Skipped)

>>> END FOREACH

>>> EXPORT i = C

>>> IF (-FILE GMJ_e2_${i}_1_.csv)

>>> COPY /tmp/H8_2.37/GMJ_RHS_C_1_.csv /home/grierjones/DDCASPT2/hydrogen_comps/rerun/H8_chain/H8_2.37/GMJ_RHS_C_1_.csv

>>> COPY /tmp/H8_2.37/GMJ_IVECW_C_1_.csv /home/grierjones/DDCASPT2/hydrogen_comps/rerun/H8_chain/H8_2.37/GMJ_IVECW_C_1_.csv

>>> COPY /tmp/H8_2.37/GMJ_IVECX_C_1_.csv /home/grierjones/DDCASPT2/hydrogen_comps/rerun/H8_chain/H8_2.37/GMJ_IVECX_C_1_.csv

>>> COPY /tmp/H8_2.37/GMJ_IVECC2_C_1_.csv /home/grierjones/DDCASPT2/hydrogen_comps/rerun/H8_chain/H8_2.37/GMJ_IVECC2_C_1_.csv

>>> COPY /tmp/H8_2.37/GMJ_e2_C_1_.csv /home/grierjones/DDCASPT2/hydrogen_comps/rerun/H8_chain/H8_2.37/GMJ_e2_C_1_.csv

>>> END FOREACH

>>> EXPORT i = D

>>> IF (-FILE GMJ_e2_${i}_1_.csv)
(Skipped)

>>> END FOREACH

.########################.
.# Non-zero return code #.
.########################.

    Timing: Wall=6.53 User=5.49 System=1.03
***************************************
*** WorkDir at /tmp/H8_2.37 cleaned ***
***************************************
