   This run of MOLCAS is using the pymolcas driver

                             OPE
                             OPE          NMOL  CASOP  ENMOLC A   SO
                 OPE        NMOLC        AS  OP EN  MO LC     AS  OP
                OPENM       OL CA        SO  PE NM  OL CA     SOP EN
                OP EN      MO   LC       AS  OP ENMOL  CASO   PENMOL
                OP  EN     MO   LC       AS  OP EN     MO     LC ASO
               OP   E  NMOL  C  AS       OP  EN MO     LC     AS  OP
               OP  E   NMO   LC AS        OPEN  MO     LCASOP EN   M
               O  PEN   MO  LCA  SO
            OPE   NMO   L   CAS    OP
        OPENMOL  CASOP     ENMOL   CASOPE
     OPENMOLCA   SOPENMOLCASOPEN   MOLCASOPE
    OPENMOLCAS   OP           EN   MOL    CAS
    OPENMOLCAS       OP  ENM        O     LCA
    OPENMOLCAS    OPEN  MOLCASO     P  E  NMO
    OPENMOLCAS     OP               E  N  MOL
    OPENMOLCA   SO           PENM   O  L  CAS    OPEN    MO    LCAS
    OPENMOLCA   SOP           ENM   O  L  CAS   OP  EN  MOLC  AS   O
    OPENMOLCA   SOPE           NM      O  LCA   S      OP  EN MO
    OPENMOLC                AS         O  PEN   M      OL  CA  SOPE
    OPENMO        LCASOPE  NMOL        C  ASO   P      ENMOLC     AS
    OPE     NMO      LCA  SO     P     E   NM   OL  CA SO  PE N   MO
          OPENMOLCA            SOPE   NMO        LCAS  O    P  ENMO
     OPENMOLCASOPENMOLCASOPENMOLCASOPENMOLCA
        OPENMOLCASOPENMOLCASOPENMOLCASOPE
            OPENMOLCASOPENMOLCASOPENM
               OPENMOLCASOPENMOLCA        version: f37762c57
                   OPENMOLCASO
                       OPE                tag:

 OpenMolcas is free software; you can redistribute it and/or modify it
 under the terms of the GNU Lesser General Public License version 2.1.
 OpenMolcas is distributed in the hope that it will be useful, but it
 is provided "as is" and without any express or implied warranties.
 For more details see the full text of the license in the file
 LICENSE or in <http://www.gnu.org/licenses/>.

                 Copyright (C) The OpenMolcas Authors
           For the author list and the recommended citation,
                   consult the file CONTRIBUTORS.md

           *************************************************
           * pymolcas version py2.28                       *
           *   build c4a6d18ded8cb6cad61d2372a9abd97c      *
           *   (after the EMIL interpreter by V. Veryazov) *
           *************************************************

configuration info
------------------
C Compiler ID: Intel
C flags: -std=gnu99 -gcc-sys
Fortran Compiler ID: IntelLLVM
Fortran flags: -standard-semantics -fltconsistency -fpp -i8 -heap-arrays
Definitions: _MOLCAS_;_I8_;_LINUX_
Parallel: OFF (GA=OFF)


   --------------------------------------------------------------------------------------
  |
  |              Project: H6_0.89
  |       Submitted from: /home/grierjones/DDCASPT2/hydrogen_comps/rerun/H6_chain/H6_0.89
  |         Scratch area: /tmp/H6_0.89
  |      Save outputs to: /home/grierjones/DDCASPT2/hydrogen_comps/rerun/H6_chain/H6_0.89
  |               Molcas: /home/grierjones/Test/build
  |
  | Scratch area is empty
  |
  |       MOLCAS_DRIVER = /usr/local/pymolcas
  | MOLCAS_KEEP_WORKDIR = NO
  |  MOLCAS_NEW_WORKDIR = YES
  |       MOLCAS_NPROCS = 1
  |        MOLCAS_PRINT = NORMAL
  |       MOLCAS_SOURCE = /home/grierjones/Test
  |    MOLCAS_STRUCTURE = 0
  |
   --------------------------------------------------------------------------------------

++ ---------   Input file   ---------

&GATEWAY
coord=H6_0.89.xyz
Basis = ANO-RCC-VDZP
Group = nosymm
End of Input

&SEWARD
End of Input

&SCF

>>> COPY $WorkDir/H6_0.89.scf.h5 $CurrDir/

&RASSCF
Title= RASSCF
FileOrb
/home/grierjones/DDCASPT2/hydrogen_comps/rerun/H6_chain/H6_0.60/H6_0.60.RasOrb
NACTEL
6 0 0
Inactive
0
RAS2
6
Symmetry
1
Spin
1
orblisting
all

>>> COPY $WorkDir/H6_0.89.rasscf.h5 $CurrDir/

>>> COPY $WorkDir/GMJ_Fock_MO.csv $CurrDir/H6_0.89.GMJ_Fock_MO.csv

&MOTRA
Frozen=0
LUMORB

>>> COPY $WorkDir/GMJ_one_int_indx.csv $CurrDir/H6_0.89.GMJ_one_int_indx.csv

>>> COPY $WorkDir/GMJ_one_int.csv $CurrDir/H6_0.89.GMJ_one_int.csv

>>> COPY $WorkDir/GMJ_two_int_indx.csv $CurrDir/H6_0.89.GMJ_two_int_indx.csv

>>> COPY $WorkDir/GMJ_two_int.csv $CurrDir/H6_0.89.GMJ_two_int.csv

&CASPT2
Frozen
0

MAXITER
50

>>> FOREACH i IN (B,E,F,G,H)

  >>> FOREACH j IN (P,M)

    >>> IF (-FILE GMJ_e2_${i}_${j}_1_.csv)

      >>> COPY $WorkDir/GMJ_RHS_${i}_${j}_1_.csv $CurrDir/GMJ_RHS_${i}_${j}_1_.csv

      >>> COPY $WorkDir/GMJ_IVECW_${i}_${j}_1_.csv $CurrDir/GMJ_IVECW_${i}_${j}_1_.csv

      >>> COPY $WorkDir/GMJ_IVECX_${i}_${j}_1_.csv $CurrDir/GMJ_IVECX_${i}_${j}_1_.csv

      >>> COPY $WorkDir/GMJ_IVECC2_${i}_${j}_1_.csv $CurrDir/GMJ_IVECC2_${i}_${j}_1_.csv

      >>> COPY $WorkDir/GMJ_e2_${i}_${j}_1_.csv $CurrDir/GMJ_e2_${i}_${j}_1_.csv

    >>> END IF

  >>> END FOREACH

>>> END FOREACH

>>> FOREACH i IN (A,C,D)

  >>> IF (-FILE GMJ_e2_${i}_1_.csv)

    >>> COPY $WorkDir/GMJ_RHS_${i}_1_.csv $CurrDir/GMJ_RHS_${i}_1_.csv

    >>> COPY $WorkDir/GMJ_IVECW_${i}_1_.csv $CurrDir/GMJ_IVECW_${i}_1_.csv

    >>> COPY $WorkDir/GMJ_IVECX_${i}_1_.csv $CurrDir/GMJ_IVECX_${i}_1_.csv

    >>> COPY $WorkDir/GMJ_IVECC2_${i}_1_.csv $CurrDir/GMJ_IVECC2_${i}_1_.csv

    >>> COPY $WorkDir/GMJ_e2_${i}_1_.csv $CurrDir/GMJ_e2_${i}_1_.csv

  >>> END IF

>>> END FOREACH

-- ----------------------------------

--- Start Module: gateway at Sun Oct 26 13:00:22 2025 ---
 
()()()()()()()()()()()()()()()()()()()()()()()()()()()()()()()()()()()()()()()()()()()()()()()()()()

                                              &GATEWAY

                                   only a single process is used
                       available to each process: 2.0 GB of memory, 1 thread?
()()()()()()()()()()()()()()()()()()()()()()()()()()()()()()()()()()()()()()()()()()()()()()()()()()
 
 
++    Symmetry information:
      ---------------------
 
                    Character Table for C1 
 
                             E  
                    a        1  x, y, xy, Rz, z, xz, Ry, yz, Rx, I
--
 
 
++    Basis set information:
      ----------------------
 
 
      Basis set label: H.ANO-RCC...2S1P.
 
      Electronic valence basis set:
      ------------------
      Associated Effective Charge   1.000000 au
      Associated Actual Charge      1.000000 au
      Nuclear Model: Point charge
 
      Shell  nPrim  nBasis  Cartesian Spherical Contaminant
         s       8       2        X                  
         p       4       1        X                  
--
 
 
++    Molecular structure info:
      -------------------------
 
                    ************************************************ 
                    **** Cartesian Coordinates / Bohr, Angstrom **** 
                    ************************************************ 
 
     Center  Label                x              y              z                     x              y              z
        1      H1               0.000000       0.000000       0.000000              0.000000       0.000000       0.000000
        2      H2               0.000000       0.000000       1.683574              0.000000       0.000000       0.890909
        3      H3               0.000000       0.000000       3.367148              0.000000       0.000000       1.781818
        4      H4               0.000000       0.000000       5.050722              0.000000       0.000000       2.672727
        5      H5               0.000000       0.000000       6.734296              0.000000       0.000000       3.563636
        6      H6               0.000000       0.000000       8.417870              0.000000       0.000000       4.454545
 
                    *************************************** 
                    *    InterNuclear Distances / Bohr    * 
                    *************************************** 
 
               1 H1            2 H2            3 H3            4 H4            5 H5            6 H6    
    1 H1       0.000000
    2 H2       1.683574        0.000000
    3 H3       3.367148        1.683574        0.000000
    4 H4       5.050722        3.367148        1.683574        0.000000
    5 H5       6.734296        5.050722        3.367148        1.683574        0.000000
    6 H6       8.417870        6.734296        5.050722        3.367148        1.683574        0.000000
 
                    ******************************************* 
                    *    InterNuclear Distances / Angstrom    * 
                    ******************************************* 
 
               1 H1            2 H2            3 H3            4 H4            5 H5            6 H6    
    1 H1       0.000000
    2 H2       0.890909        0.000000
    3 H3       1.781818        0.890909        0.000000
    4 H4       2.672727        1.781818        0.890909        0.000000
    5 H5       3.563636        2.672727        1.781818        0.890909        0.000000
    6 H6       4.454545        3.563636        2.672727        1.781818        0.890909        0.000000
 
                    ************************************** 
                    *    Valence Bond Angles / Degree    * 
                    ************************************** 
                          Atom centers                 Phi
                      1 H1       2 H2       3 H3       180.00
                      2 H2       3 H3       4 H4       180.00
                      3 H3       4 H4       5 H5       180.00
                      4 H4       5 H5       6 H6       180.00
--
 
 
            Nuclear Potential Energy              5.16757798 au
 
--- Stop Module: gateway at Sun Oct 26 13:00:23 2025 /rc=_RC_ALL_IS_WELL_ ---
*** files: xmldump
    saved to directory /home/grierjones/DDCASPT2/hydrogen_comps/rerun/H6_chain/H6_0.89

--- Start Module: seward at Sun Oct 26 13:00:23 2025 ---
 
()()()()()()()()()()()()()()()()()()()()()()()()()()()()()()()()()()()()()()()()()()()()()()()()()()

                                              &SEWARD

                                   only a single process is used
                       available to each process: 2.0 GB of memory, 1 thread?
()()()()()()()()()()()()()()()()()()()()()()()()()()()()()()()()()()()()()()()()()()()()()()()()()()
 
               SEWARD will generate:
                  Multipole Moment integrals up to order  2
                  Kinetic Energy integrals
                  Nuclear Attraction integrals (point charge)
                  One-Electron Hamiltonian integrals
                  Velocity integrals
                  Relativistic Douglas-Kroll-Hess integrals:
                    - Parametrization         : EXP
                    - DKH order of Hamiltonian: 2
                    - DKH order of Properties : 0
                         - multipole moment operators
                         - electric potential operators
                         - contact operators
                  Atomic mean-field integrals
                  Two-Electron Repulsion integrals
 
                   Integrals are discarded if absolute value <: 0.10E-13
                   Integral cutoff threshold is set to       <: 0.10E-15
 
            Nuclear Potential Energy              5.16757798 au
 
 
      Basis set specifications :
      Symmetry species         a  
      Basis functions           30
 
 
  Input file to MOLDEN was generated!
 
forrtl: warning (525): IEEE_DIVIDE_BY_ZERO is signaling
forrtl: warning (526): IEEE_INVALID is signaling
forrtl: warning (528): IEEE_UNDERFLOW is signaling
--- Stop Module: seward at Sun Oct 26 13:00:23 2025 /rc=_RC_ALL_IS_WELL_ ---
*** files: H6_0.89.GssOrb H6_0.89.guessorb.h5 H6_0.89.guessorb.molden xmldump
    saved to directory /home/grierjones/DDCASPT2/hydrogen_comps/rerun/H6_chain/H6_0.89

*** symbolic link created: INPORB -> H6_0.89.GssOrb
--- Start Module: scf at Sun Oct 26 13:00:23 2025 ---
 
()()()()()()()()()()()()()()()()()()()()()()()()()()()()()()()()()()()()()()()()()()()()()()()()()()

                                                &SCF

                                   only a single process is used
                       available to each process: 2.0 GB of memory, 1 thread?
()()()()()()()()()()()()()()()()()()()()()()()()()()()()()()()()()()()()()()()()()()()()()()()()()()
 
++    Input section:
      --------------
 
      Header of the integral files:
      
       Integrals generated by seward 4.2.0  , Sun Oct 26 13:00:23 2025
 
 
      Cartesian coordinates in Angstrom:
      -----------------------------------------------------
      No.  Label        X            Y            Z        
      -----------------------------------------------------
       1   H1         0.00000000   0.00000000   0.00000000
       2   H2         0.00000000   0.00000000   0.89090900
       3   H3         0.00000000   0.00000000   1.78181800
       4   H4         0.00000000   0.00000000   2.67272700
       5   H5         0.00000000   0.00000000   3.56363600
       6   H6         0.00000000   0.00000000   4.45454500
      -----------------------------------------------------
      Nuclear repulsion energy =    5.16757798
--
 
++    Orbital specifications:
      -----------------------
 
      Symmetry species               1
                                     a
      Frozen orbitals                0
      Occupied orbitals              3
      Secondary orbitals            27
      Deleted orbitals               0
      Total number of orbitals      30
      Number of basis functions     30
--
 
      Molecular charge                           0.000
 
++    Optimization specifications:
      ----------------------------
 
      SCF Algorithm: Conventional
      Minimized density differences are used
      Number of density matrices in core                5
      Maximum number of NDDO SCF iterations           400
      Maximum number of HF SCF iterations             400
      Threshold for SCF energy change            0.10E-08
      Threshold for density matrix               0.10E-03
      Threshold for Fock matrix                  0.15E-03
      Threshold for linear dependence            0.10E-08
      Threshold at which DIIS is turned on       0.15E+00
      Threshold at which QNR/C2DIIS is turned on 0.75E-01
      Threshold for Norm(delta) (QNR/C2DIIS)     0.20E-04
      DIIS extrapolation of the SCF procedure
      All orbitals punched on: SCFORB
--
 
      Input vectors read from INPORB
      Orbital file label: *Guess orbitals
 
 
++ Convergence information
                                   SCF        iterations: Energy and convergence statistics
 
Iter     Tot. SCF        One-elec.       Two-elec.     Energy      Max Dij or  Max Fij      DNorm      TNorm      AccCon     Time
         Energy          Energy          Energy        Change      Delta Norm                                                in Sec.
   1    -3.159482883   -12.995698685     4.668637820   0.00E+00    0.21E+00*   0.15E+00*    0.32E+01   0.12E+02   None         0.
   2    -3.244430801   -13.299292550     4.887283767  -0.85E-01*   0.38E-01*   0.18E-01*    0.14E+01   0.12E+02   EDIIS        0.
   3    -3.246982699   -13.288064847     4.873504165  -0.26E-02*   0.70E-02*   0.48E-02*    0.28E+00   0.12E+02   c2DIIS       0.
   4    -3.247115958   -13.291252907     4.876558966  -0.13E-03*   0.10E-02*   0.53E-03*    0.39E-01   0.12E+02   QNRc2DIIS    0.
   5    -3.247118434   -13.290871410     4.876174993  -0.25E-05*   0.58E-03*   0.14E-03     0.29E-02   0.12E+02   QNRc2DIIS    0.
   6    -3.247118802   -13.290939050     4.876242265  -0.37E-06*   0.28E-04*   0.16E-04     0.53E-03   0.12E+02   QNRc2DIIS    0.
   7    -3.247118804   -13.290942246     4.876245460  -0.16E-08*   0.79E-05    0.35E-05     0.76E-04   0.12E+02   QNRc2DIIS    0.
   8    -3.247118804   -13.290943683     4.876246897  -0.83E-10    0.54E-06    0.17E-06     0.58E-05   0.12E+02   QNRc2DIIS    0.
 
       Convergence after  8 Macro Iterations
--
 
 *****************************************************************************************************************************
 *                                                                                                                           *
 *                                             SCF/KS-DFT Program, Final results                                             *
 *                                                                                                                           *
 *                                                                                                                           *
 *                                                                                                                           *
 *                                                       Final Results                                                       *
 *                                                                                                                           *
 *****************************************************************************************************************************
 
::    Total SCF energy                                 -3.2471188038
      One-electron energy                             -13.2909436831
      Two-electron energy                               4.8762468968
      Nuclear repulsion energy                          5.1675779825
      Kinetic energy (interpolated)                     3.2670775019
      Virial theorem                                    0.9938909628
      Total spin, S(S+1)                                0.0000000000
      Total spin, S                                     0.0000000000
      Max non-diagonal density matrix element           0.0000008616
      Max non-diagonal Fock matrix element              0.0000000785
 
 
      All orbitals with orbital energies smaller than  E(LUMO)+0.5 are printed
 
++    Molecular orbitals:
      -------------------
 
      Title: SCF orbitals

      Molecular orbitals for symmetry species 1: a  
 
          Orbital            1         2         3         4         5         6         7         8         9    
          Energy           -0.7645   -0.6149   -0.3899    0.0883    0.1787    0.3206    0.3289    0.5425    0.5425
          Occ. No.          2.0000    2.0000    2.0000    0.0000    0.0000    0.0000    0.0000    0.0000    0.0000
 
        1 H1     1s         0.1992   -0.3528    0.4485   -1.1008    0.4606    1.6737   -0.1591    0.0000    0.0000
        2 H1     2s         0.0259   -0.0047    0.0342   -0.7167    0.6077    1.2460   -0.6928    0.0000    0.0000
        3 H1     2px        0.0000   -0.0000    0.0000    0.0000   -0.0000   -0.0000   -0.0000    0.1777    0.0227
        4 H1     2py       -0.0000    0.0000    0.0000   -0.0000    0.0000   -0.0000    0.0000   -0.0227    0.1777
        5 H1     2pz        0.0203   -0.0261    0.0110   -0.0217    0.0119    0.0754   -0.0849    0.0000    0.0000
        6 H2     1s         0.2115   -0.3658    0.3558    0.9634   -0.8743   -2.0283    0.7271   -0.0000   -0.0000
        7 H2     2s        -0.0718    0.0472    0.1015    0.5214   -0.3226   -1.5230    0.3430   -0.0000   -0.0000
        8 H2     2px       -0.0000    0.0000    0.0000   -0.0000    0.0000   -0.0000   -0.0000    0.2710    0.0345
        9 H2     2py       -0.0000    0.0000   -0.0000   -0.0000    0.0000   -0.0000    0.0000   -0.0345    0.2710
       10 H2     2pz        0.0114    0.0092   -0.0423   -0.0069    0.0320    0.1339   -0.1663    0.0000   -0.0000
       11 H3     1s         0.3572   -0.0884   -0.5017    0.2512    0.2862    0.7475   -1.7284   -0.0000   -0.0000
       12 H3     2s        -0.0408    0.0566   -0.1032   -0.0330    0.3818    0.1411   -1.1919   -0.0000   -0.0000
       13 H3     2px        0.0000    0.0000    0.0000   -0.0000    0.0000   -0.0000   -0.0000    0.3337    0.0425
       14 H3     2py        0.0000   -0.0000   -0.0000   -0.0000    0.0000   -0.0000   -0.0000   -0.0425    0.3337
       15 H3     2pz        0.0068    0.0306   -0.0296   -0.0511    0.0050    0.0372   -0.1178   -0.0000    0.0000
       16 H4     1s         0.3572    0.0884   -0.5017   -0.2512    0.2862    0.7475    1.7284    0.0000    0.0000
       17 H4     2s        -0.0408   -0.0566   -0.1032    0.0330    0.3818    0.1411    1.1919    0.0000    0.0000
       18 H4     2px        0.0000    0.0000   -0.0000   -0.0000    0.0000   -0.0000   -0.0000    0.3337    0.0425
       19 H4     2py        0.0000   -0.0000    0.0000    0.0000    0.0000   -0.0000   -0.0000   -0.0425    0.3337
       20 H4     2pz       -0.0068    0.0306    0.0296   -0.0511   -0.0050   -0.0372   -0.1178   -0.0000    0.0000
       21 H5     1s         0.2115    0.3658    0.3558   -0.9634   -0.8743   -2.0283   -0.7271   -0.0000   -0.0000
       22 H5     2s        -0.0718   -0.0472    0.1015   -0.5214   -0.3226   -1.5230   -0.3430   -0.0000   -0.0000
       23 H5     2px        0.0000    0.0000    0.0000    0.0000    0.0000   -0.0000   -0.0000    0.2710    0.0345
       24 H5     2py       -0.0000   -0.0000   -0.0000    0.0000    0.0000   -0.0000    0.0000   -0.0345    0.2710
       25 H5     2pz       -0.0114    0.0092    0.0423   -0.0069   -0.0320   -0.1339   -0.1663   -0.0000    0.0000
       26 H6     1s         0.1992    0.3528    0.4485    1.1008    0.4606    1.6737    0.1591    0.0000    0.0000
       27 H6     2s         0.0259    0.0047    0.0342    0.7167    0.6077    1.2460    0.6928    0.0000    0.0000
       28 H6     2px        0.0000   -0.0000   -0.0000   -0.0000    0.0000   -0.0000   -0.0000    0.1777    0.0227
       29 H6     2py       -0.0000    0.0000   -0.0000   -0.0000    0.0000   -0.0000    0.0000   -0.0227    0.1777
       30 H6     2pz       -0.0203   -0.0261   -0.0110   -0.0217   -0.0119   -0.0754   -0.0849   -0.0000    0.0000
--
 
 
++    Molecular charges:
      ------------------
 
      Mulliken charges per centre and basis function type
      ---------------------------------------------------
 
                H1      H2      H3      H4      H5      H6    
      1s       1.0555  0.9047  0.9879  0.9879  0.9047  1.0555
      2s       0.0057 -0.0184 -0.0802 -0.0802 -0.0184  0.0057
      2px      0.0000  0.0000  0.0000  0.0000  0.0000  0.0000
      2pz      0.0246  0.0605  0.0598  0.0598  0.0605  0.0246
      2py      0.0000  0.0000 -0.0000  0.0000  0.0000  0.0000
      Total    1.0858  0.9467  0.9675  0.9675  0.9467  1.0858
 
      N-E     -0.0858  0.0533  0.0325  0.0325  0.0533 -0.0858
 
      Total electronic charge=    6.000000
 
      Total            charge=   -0.000000
--
 
 
  Input file to MOLDEN was generated!
 
 
++    Static properties:
      ------------------
 
 
      LoProp Charges per center
 

                   H1       H2       H3       H4       H5       H6    
      Nuclear      1.0000   1.0000   1.0000   1.0000   1.0000   1.0000
      Electronic  -1.0384  -0.9790  -0.9826  -0.9826  -0.9790  -1.0384
 
      Total       -0.0384   0.0210   0.0174   0.0174   0.0210  -0.0384
--
 
 
++    Natural Bond Order analysis
      ---------------------------
      Based on LoProp computed density
      -------------------------------------------------------------------------------------
      Atom A       Atom B       Bond Order | Atom A       Atom B       Bond Order
        H1           H2             0.983  |   H5           H6             0.983
        H3           H4             0.955  |
      -------------------------------------------------------------------------------------
      NBO located      5.844 electrons involved in    3 bonds.
      The remaining    0.156 electrons are to be considered as diffuse
--
 
 
++    Molecular properties:
      ---------------------
 
      Charge (e):
                      =   -0.0000
      Dipole Moment (Debye):
      Origin of the operator (Ang)=    0.0000    0.0000    0.0000
                   X= -1.3734E-14               Y=  2.5071E-14               Z=  9.4274E-12           Total=  9.4275E-12
      Quadrupole Moment (Debye*Ang):
      Origin of the operator (Ang)=    0.0000    0.0000    2.2273
                  XX= -6.4406E+00              XY=  1.5718E-29              XZ=  2.7892E-14              YY= -6.4406E+00
                  YZ= -3.9472E-14              ZZ= -7.4458E+00
      In traceless form (Debye*Ang)
                  XX=  5.0257E-01              XY=  2.3577E-29              XZ=  4.1839E-14              YY=  5.0257E-01
                  YZ= -5.9207E-14              ZZ= -1.0051E+00
--
 
 
  Input file to MOLDEN was generated!
 
 ###############################################################################
 ###############################################################################
 ###                                                                         ###
 ###                                                                         ###
 ###    RunFile label nBas                                                   ###
 ###    was used       78 times                                              ###
 ###                                                                         ###
 ###                                                                         ###
 ###############################################################################
 ###############################################################################
forrtl: warning (528): IEEE_UNDERFLOW is signaling
--- Stop Module: scf at Sun Oct 26 13:00:24 2025 /rc=_RC_ALL_IS_WELL_ ---
*** files: H6_0.89.LprOrb H6_0.89.LoProp.molden H6_0.89.scf.molden H6_0.89.ScfOrb H6_0.89.scf.h5 xmldump
    saved to directory /home/grierjones/DDCASPT2/hydrogen_comps/rerun/H6_chain/H6_0.89

>>> COPY /tmp/H6_0.89/H6_0.89.scf.h5 /home/grierjones/DDCASPT2/hydrogen_comps/rerun/H6_chain/H6_0.89/

*** symbolic link created: INPORB -> H6_0.89.ScfOrb
--- Start Module: rasscf at Sun Oct 26 13:00:24 2025 ---
 
()()()()()()()()()()()()()()()()()()()()()()()()()()()()()()()()()()()()()()()()()()()()()()()()()()

                                              &RASSCF

                                   only a single process is used
                       available to each process: 2.0 GB of memory, 1 thread?
()()()()()()()()()()()()()()()()()()()()()()()()()()()()()()()()()()()()()()()()()()()()()()()()()()
 
 
      Header of the ONEINT file:
      --------------------------
      
      Integrals generated by seward 4.2.0  , Sun Oct 26 13:00:23 2025
 
 
      OrdInt status: non-squared
 
 
      Cartesian coordinates in Angstrom:
      -----------------------------------------------------
      No.  Label        X            Y            Z        
      -----------------------------------------------------
       1   H1         0.00000000   0.00000000   0.00000000
       2   H2         0.00000000   0.00000000   0.89090900
       3   H3         0.00000000   0.00000000   1.78181800
       4   H4         0.00000000   0.00000000   2.67272700
       5   H5         0.00000000   0.00000000   3.56363600
       6   H6         0.00000000   0.00000000   4.45454500
      -----------------------------------------------------
      Nuclear repulsion energy =    5.16757798
 
++    Wave function specifications:
      -----------------------------
 
      Number of closed shell electrons           0
      Number of electrons in active shells       6
      Max number of holes in RAS1 space          0
      Max nr of electrons in RAS3 space          0
      Number of inactive orbitals                0
      Number of active orbitals                  6
      Number of secondary orbitals              24
      Spin quantum number                      0.0
      State symmetry                             1
--
 
++    Orbital specifications:
      -----------------------
 
      Symmetry species                           1
                                                 a
      Frozen orbitals                            0
      Inactive orbitals                          0
      Active orbitals                            6
      RAS1 orbitals                              0
      RAS2 orbitals                              6
      RAS3 orbitals                              0
      Secondary orbitals                        24
      Deleted orbitals                           0
      Number of basis functions                 30
--
 
++    CI expansion specifications:
      ----------------------------
 
      Number of CSFs                           175
      Number of determinants                   210
      Number of root(s) required                 1
      Root chosen for geometry opt.              1
      CI root used                               1
         
      highest root included in the CI            1
      max. size of the explicit Hamiltonian    175
--
 
++    Optimization specifications:
      ----------------------------
 
      RASSCF algorithm: Conventional
      Maximum number of macro iterations       200
      Maximum number of SX iterations          100
      Threshold for RASSCF energy            0.100E-07
      Threshold for max MO rotation          0.100E+00
      Threshold for max BLB element          0.100E-03
      Level shift parameter                  0.500E+00
      Make Quasi-Newton update
--
 
      The MO-coefficients are taken from the file:
      /home/grierjones/DDCASPT2/hydrogen_comps/rerun/H6_chain/H6_0.60/H6_0.60.RasOrb                                                  
      Title: RASSCF average (pseudo-natural) orbitals                                      
 
      Total molecular charge    0.00
 
      ************************************************************************************************************************
      *                                                                                                                      *
      *                                            Wave function control section                                             *
      *                                                                                                                      *
      ************************************************************************************************************************
 
 
                                         RASSCF iterations: Energy and convergence statistics
                                         ----------------------------------------------------
 
      Iter CI   SX   CI       RASSCF       Energy    max ROT     max BLB   max BLB  Level Ln srch  Step   QN   Walltime
          iter iter root      energy       change     param      element    value   shift minimum  type update hh:mm:ss
 Nr of preliminary CI iterations:   1
        1   1   68    1    -3.19677471    0.00E+00   0.13E+00*   1   8 1 -0.28E+00*  0.00   0.00    SX    NO    0:00:00
        2   1   21    1    -3.29365733   -0.97E-01*  0.49E-01    1   8 1 -0.76E-01*  0.00   0.00    SX    NO    0:00:00
        3   1   19    1    -3.29938850   -0.57E-02*  0.36E-01    1   8 1 -0.17E-01*  0.00   0.00    SX    NO    0:00:00
        4   1   20    1    -3.29983935   -0.45E-03*  0.31E-01    1   8 1 -0.38E-02*  0.00   0.00    SX    NO    0:00:00
        5   1   20    1    -3.29995087   -0.11E-03*  0.40E-01    3   8 1  0.10E-02*  0.00   2.50    LS   YES    0:00:00
        6   1   20    1    -3.30003418   -0.83E-04*  0.66E-01    1   8 1  0.28E-02*  0.00   1.69    QN   YES    0:00:00
        7   1   21    1    -3.30014556   -0.11E-03*  0.17E+00*   1   8 1  0.36E-02*  0.00   2.50    QN   YES    0:00:00
        8   1   24    1    -3.30036072   -0.22E-03*  0.78E-01    1   8 1  0.41E-02*  0.00   1.03    QN   YES    0:00:00
        9   1   22    1    -3.30058193   -0.22E-03*  0.20E+00*   3  21 1  0.41E-02*  0.00   2.50    QN   YES    0:00:00
       10   1   37    1    -3.30055163    0.30E-04* -0.83E-01    3  27 1 -0.51E-02*  0.00   0.49    SX   YES    0:00:00
       11   1   50    1    -3.30296215   -0.24E-02* -0.79E-01    3  27 1 -0.53E-02*  0.00   2.50    LS   YES    0:00:00
       12   1   32    1    -3.30564749   -0.27E-02* -0.22E+00*   3  29 1  0.58E-02*  0.00   2.50    QN   YES    0:00:00
       13   1   45    1    -3.30839743   -0.27E-02*  0.91E-01    3  29 1  0.10E-01*  0.00   1.12    QN   YES    0:00:00
       14   1   57    1    -3.30577931    0.26E-02* -0.23E+00*   3  29 1  0.11E-01*  0.00  -0.50    QN   YES    0:00:00
       15   1   22    1    -3.31005477   -0.43E-02* -0.13E+00*   3  30 1  0.20E-01*  0.00   1.35    QN   YES    0:00:00
       16   1   46    1    -3.30574026    0.43E-02*  0.15E+00*   3  30 1  0.21E-01*  0.00  -0.50    QN   YES    0:00:00
       17   1   43    1    -3.31125951   -0.55E-02*  0.15E+00*   3  30 1  0.21E-01*  0.00   2.50    QN   YES    0:00:00
       18   1   20    1    -3.31512110   -0.39E-02*  0.53E-01    3  30 1  0.19E-01*  0.00   1.44    QN   YES    0:00:00
       19   1   19    1    -3.31618398   -0.11E-02* -0.35E-01    3  30 1  0.81E-02*  0.00   1.43    QN   YES    0:00:00
       20   1   17    1    -3.31653621   -0.35E-03*  0.20E-01    3  30 1  0.24E-02*  0.00   1.41    QN   YES    0:00:00
       21   1   16    1    -3.31660849   -0.72E-04*  0.81E-02    3   7 1  0.12E-02*  0.00   1.16    QN   YES    0:00:00
       22   1   15    1    -3.31662006   -0.12E-04*  0.31E-02    3   7 1  0.53E-03*  0.00   1.06    QN   YES    0:00:00
       23   1   13    1    -3.31662201   -0.20E-05* -0.10E-02    3  24 1 -0.14E-03*  0.00   1.18    QN   YES    0:00:00
       24   1   11    1    -3.31662217   -0.16E-06*  0.25E-03    3  24 1 -0.36E-04   0.00   1.17    QN   YES    0:00:00
       25   1   10    1    -3.31662218   -0.14E-07*  0.78E-04    3  16 1 -0.19E-04   0.00   1.37    QN   YES    0:00:00
       26   1    8    1    -3.31662219   -0.22E-08  -0.22E-04    1   8 1  0.33E-05   0.00   1.14    QN   YES    0:00:00
      Convergence after 26 iterations
 
  Dmat in MO in SXCTL bf call to SXHAM                                                                                    
  mat. size =     6x    6
 
        1.9707508751551763
       -0.0000190621039050      1.9677679350225881
       -0.0112997790638170     -0.0000153142296386      1.9248569232105561
       -0.0002033469052145     -0.0173744818454796     -0.0011541525468335      0.0805033539232815
        0.0130687996887303     -0.0002338653094910      0.0419316632069066     -0.0053278590067447      0.0246064134262820
        0.1442987073970105      0.0003240323878623      0.0669069517789849      0.0075294410901834      0.0095688326758605
        0.0315144992621128
       27   1    8    1    -3.31662219   -0.11E-09  -0.22E-04    3  29 1 -0.64E-06   0.00   1.14    QN   YES    0:00:00
 
      ************************************************************************************************************************
                                                      Wave function printout:
                       occupation of active orbitals, and spin coupling of open shells (u,d: Spin up or down)
      ************************************************************************************************************************
 
      Note: transformation to natural orbitals
      has been made, which may change the order of the CSFs.
 
      printout of CI-coefficients larger than  0.05 for root  1
      energy=      -3.316622
      conf/sym  111111     Coeff  Weight
             1  222000  -0.96931 0.93956
            11  220200   0.15397 0.02371
            18  2udud0   0.09442 0.00892
            26  u2du0d  -0.06813 0.00464
            29  202200   0.05988 0.00359
            47  2uudd0  -0.06130 0.00376
 
      Natural orbitals and occupation numbers for root  1
      sym 1:   1.982199   1.967928   1.927516   0.081596   0.028541   0.012219
 
      ************************************************************************************************************************
      *                                                                                                                      *
      *                                                    Final results                                                     *
      *                                                                                                                      *
      ************************************************************************************************************************
 
 
++    Wave function specifications:
      -----------------------------
 
      Number of closed shell electrons           0
      Number of electrons in active shells       6
      Max number of holes in RAS1 space          0
      Max nr of electrons in RAS3 space          0
      Number of inactive orbitals                0
      Number of active orbitals                  6
      Number of secondary orbitals              24
      Spin quantum number                      0.0
      State symmetry                             1
--
 
++    Orbital specifications:
      -----------------------
 
      Symmetry species                           1
                                                 a
      Frozen orbitals                            0
      Inactive orbitals                          0
      Active orbitals                            6
      RAS1 orbitals                              0
      RAS2 orbitals                              6
      RAS3 orbitals                              0
      Secondary orbitals                        24
      Deleted orbitals                           0
      Number of basis functions                 30
--
 
++    CI expansion specifications:
      ----------------------------
 
      Number of CSFs                           175
      Number of determinants                   210
      Number of root(s) required                 1
      CI root used                               1
      highest root included in the CI            1
      Root passed to geometry opt.               1
--
 
++    Final optimization conditions:
      ------------------------------
 
      Average CI energy                              -3.31662219
      RASSCF energy for state  1                     -3.31662219
      Super-CI energy                                -0.00000000
      RASSCF energy change                           -0.00000000
      Max change in MO coefficients              -0.574E-04
      Max non-diagonal density matrix element    -0.224E-04
      Maximum BLB matrix element                 -0.636E-06
      (orbital pair   3,  29 in symmetry   1)
      Norm of electronic gradient            0.204E-05
--
 
 
      Final state energy(ies):
      ------------------------
 
::    RASSCF root number  1 Total energy:     -3.31662219
 
++    Molecular orbitals:
      -------------------
 
      Pseudonatural active orbitals and approximate occupation numbers
 
 
 
 
      Molecular orbitals for symmetry species 1: a  
 
 
      Orbital                1         2         3         4         5         6         7         8         9        10
      Energy            0.0000    0.0000    0.0000    0.0000    0.0000    0.0000    0.2026    0.3019    0.4849    0.5473
      Occ. No.          1.9822    1.9679    1.9275    0.0816    0.0285    0.0122    0.0000    0.0000    0.0000    0.0000
 
    1 H1     1s         0.2140   -0.3584    0.4531   -0.5643   -0.7832    0.8035    0.1329    0.3915   -1.3318    0.0000
    2 H1     2s         0.0268   -0.0069    0.0264    0.0777   -0.0001    0.1298   -0.2257    0.8323   -1.5577    0.0000
    3 H1     2px       -0.0000   -0.0000   -0.0000    0.0000    0.0000   -0.0000   -0.0000    0.0000    0.0000    0.1776
    4 H1     2py        0.0000    0.0000    0.0000    0.0000    0.0000    0.0000   -0.0000    0.0000   -0.0000   -0.0271
    5 H1     2pz        0.0183   -0.0232    0.0060    0.0189    0.0269   -0.0178   -0.0067    0.1096   -0.2039    0.0000
    6 H2     1s         0.2272   -0.3489    0.3197    0.1819    1.0842   -1.7000    0.0605   -0.3809    1.1160   -0.0000
    7 H2     2s        -0.0691    0.0678    0.0793   -0.1385    0.0936   -0.5045   -0.2142   -0.0976    1.0360   -0.0000
    8 H2     2px       -0.0000    0.0000    0.0000   -0.0000   -0.0000    0.0000    0.0000   -0.0000    0.0000    0.2701
    9 H2     2py        0.0000   -0.0000   -0.0000    0.0000    0.0000   -0.0000   -0.0000    0.0000   -0.0000   -0.0412
   10 H2     2pz        0.0110    0.0057   -0.0416    0.0590    0.0063    0.0537   -0.0109    0.1593   -0.2999    0.0000
   11 H3     1s         0.3389   -0.1177   -0.4937    0.7089   -0.4909    2.2749    0.0622    0.3841    0.0021    0.0000
   12 H3     2s        -0.0470    0.0414   -0.0773    0.0838   -0.0820    0.7413   -0.2495    0.4286    0.3465   -0.0000
   13 H3     2px       -0.0000   -0.0000   -0.0000    0.0000    0.0000   -0.0000    0.0000    0.0000    0.0000    0.3323
   14 H3     2py        0.0000    0.0000    0.0000   -0.0000   -0.0000    0.0000   -0.0000    0.0000   -0.0000   -0.0507
   15 H3     2pz        0.0033    0.0299   -0.0278   -0.0326   -0.0820    0.0067    0.0118    0.1438   -0.0259   -0.0000
   16 H4     1s         0.3389    0.1177   -0.4937   -0.7088   -0.4909   -2.2749    0.0623   -0.3841    0.0021   -0.0000
   17 H4     2s        -0.0470   -0.0414   -0.0773   -0.0838   -0.0820   -0.7414   -0.2494   -0.4286    0.3465   -0.0000
   18 H4     2px        0.0000   -0.0000   -0.0000   -0.0000   -0.0000   -0.0000    0.0000    0.0000    0.0000    0.3323
   19 H4     2py        0.0000    0.0000    0.0000    0.0000    0.0000    0.0000   -0.0000   -0.0000   -0.0000   -0.0507
   20 H4     2pz       -0.0033    0.0299    0.0278   -0.0326    0.0820    0.0067   -0.0118    0.1438    0.0259   -0.0000
   21 H5     1s         0.2272    0.3489    0.3197   -0.1819    1.0842    1.7000    0.0604    0.3809    1.1161    0.0000
   22 H5     2s        -0.0691   -0.0678    0.0793    0.1385    0.0936    0.5046   -0.2143    0.0975    1.0361    0.0000
   23 H5     2px       -0.0000    0.0000   -0.0000    0.0000   -0.0000    0.0000    0.0000    0.0000    0.0000    0.2701
   24 H5     2py        0.0000   -0.0000   -0.0000    0.0000   -0.0000   -0.0000   -0.0000   -0.0000   -0.0000   -0.0412
   25 H5     2pz       -0.0110    0.0057    0.0416    0.0590   -0.0063    0.0537    0.0109    0.1593    0.2999   -0.0000
   26 H6     1s         0.2140    0.3584    0.4531    0.5643   -0.7832   -0.8035    0.1330   -0.3915   -1.3318    0.0000
   27 H6     2s         0.0268    0.0069    0.0264   -0.0777   -0.0001   -0.1299   -0.2256   -0.8323   -1.5578    0.0000
   28 H6     2px        0.0000    0.0000    0.0000    0.0000   -0.0000   -0.0000    0.0000    0.0000    0.0000    0.1776
   29 H6     2py       -0.0000   -0.0000   -0.0000   -0.0000    0.0000    0.0000   -0.0000   -0.0000   -0.0000   -0.0271
   30 H6     2pz       -0.0183   -0.0232   -0.0060    0.0189   -0.0269   -0.0179    0.0067    0.1096    0.2039   -0.0000
 
 
      Orbital               11        12        13        14        15        16        17        18        19        20
      Energy            0.5473    0.7187    0.7187    0.8477    1.0032    1.0032    1.3274    1.4288    1.4288    1.8201
      Occ. No.          0.0000    0.0000    0.0000    0.0000    0.0000    0.0000    0.0000    0.0000    0.0000    0.0000
 
    1 H1     1s        -0.0000    0.0000   -0.0000    2.4332   -0.0000    0.0000    2.2148    0.0000   -0.0000   -1.8217
    2 H1     2s        -0.0000    0.0000   -0.0000    2.1339   -0.0000    0.0000    1.6286    0.0000   -0.0000   -1.5031
    3 H1     2px        0.0271   -0.3698   -0.0196    0.0000    0.5447   -0.0186    0.0000   -0.6593   -0.0240    0.0000
    4 H1     2py        0.1776    0.0196   -0.3698   -0.0000    0.0186    0.5447   -0.0000    0.0240   -0.6593    0.0000
    5 H1     2pz       -0.0000    0.0000   -0.0000    0.2686   -0.0000   -0.0000   -0.0125   -0.0000    0.0000   -0.9023
    6 H2     1s         0.0000   -0.0000    0.0000   -3.5273    0.0000   -0.0000   -5.1923   -0.0000    0.0000    3.5289
    7 H2     2s         0.0000   -0.0000    0.0000   -3.4603    0.0000   -0.0000   -4.7292   -0.0000    0.0000    2.8813
    8 H2     2px        0.0412   -0.3753   -0.0199    0.0000    0.1516   -0.0052   -0.0000    0.4044    0.0147   -0.0000
    9 H2     2py        0.2701    0.0199   -0.3753   -0.0000    0.0052    0.1516    0.0000   -0.0147    0.4044    0.0000
   10 H2     2pz       -0.0000    0.0000   -0.0000    0.1500   -0.0000   -0.0000   -0.1040   -0.0000    0.0000    0.2584
   11 H3     1s         0.0000    0.0000   -0.0000    1.0753    0.0000    0.0000    3.2075    0.0000   -0.0000   -1.6293
   12 H3     2s         0.0000    0.0000   -0.0000    0.6102    0.0000    0.0000    3.0343    0.0000   -0.0000   -1.5052
   13 H3     2px        0.0507   -0.1631   -0.0087   -0.0000   -0.4164    0.0142   -0.0000    0.5246    0.0191   -0.0000
   14 H3     2py        0.3323    0.0087   -0.1631   -0.0000   -0.0142   -0.4164    0.0000   -0.0191    0.5246    0.0000
   15 H3     2pz       -0.0000   -0.0000    0.0000   -0.2699    0.0000   -0.0000   -0.5133   -0.0000    0.0000   -0.2327
   16 H4     1s         0.0000   -0.0000    0.0000   -1.0753   -0.0000    0.0000    3.2074    0.0000    0.0000   -1.6288
   17 H4     2s         0.0000   -0.0000    0.0000   -0.6102   -0.0000    0.0000    3.0343    0.0000    0.0000   -1.5048
   18 H4     2px        0.0507    0.1631    0.0087   -0.0000   -0.4164    0.0142    0.0000   -0.5246   -0.0191    0.0000
   19 H4     2py        0.3323   -0.0087    0.1631    0.0000   -0.0142   -0.4164   -0.0000    0.0191   -0.5246   -0.0000
   20 H4     2pz        0.0000   -0.0000    0.0000   -0.2699    0.0000    0.0000    0.5133    0.0000   -0.0000    0.2327
   21 H5     1s         0.0000    0.0000   -0.0000    3.5272    0.0000   -0.0000   -5.1923   -0.0000    0.0000    3.5286
   22 H5     2s         0.0000    0.0000   -0.0000    3.4603   -0.0000   -0.0000   -4.7292   -0.0000    0.0000    2.8811
   23 H5     2px        0.0412    0.3753    0.0199   -0.0000    0.1516   -0.0052    0.0000   -0.4044   -0.0147   -0.0000
   24 H5     2py        0.2701   -0.0199    0.3753    0.0000    0.0052    0.1516   -0.0000    0.0147   -0.4044    0.0000
   25 H5     2pz        0.0000   -0.0000   -0.0000    0.1500   -0.0000    0.0000    0.1040   -0.0000    0.0000   -0.2584
   26 H6     1s        -0.0000   -0.0000    0.0000   -2.4331    0.0000    0.0000    2.2148    0.0000   -0.0000   -1.8217
   27 H6     2s        -0.0000   -0.0000    0.0000   -2.1339    0.0000   -0.0000    1.6286    0.0000   -0.0000   -1.5030
   28 H6     2px        0.0271    0.3698    0.0196    0.0000    0.5448   -0.0186   -0.0000    0.6593    0.0240   -0.0000
   29 H6     2py        0.1776   -0.0196    0.3698    0.0000    0.0186    0.5448    0.0000   -0.0240    0.6593    0.0000
   30 H6     2pz        0.0000    0.0000   -0.0000    0.2686   -0.0000    0.0000    0.0125   -0.0000    0.0000    0.9023
 
 
      Orbital               21        22        23        24        25        26        27        28        29        30
      Energy            1.8834    2.0234    2.0234    2.3161    2.7557    2.7557    2.9606    3.8378    4.8142    6.1291
      Occ. No.          0.0000    0.0000    0.0000    0.0000    0.0000    0.0000    0.0000    0.0000    0.0000    0.0000
 
    1 H1     1s        -0.9879   -0.0000    0.0000    3.4007    0.0000   -0.0000   -2.2545   -2.3648   -1.8413    1.2962
    2 H1     2s        -0.6874   -0.0000    0.0000    2.3260    0.0000   -0.0000   -1.0140   -0.7291   -0.2340   -0.0414
    3 H1     2px       -0.0000    0.6469   -0.1030    0.0000   -0.4435    0.0397   -0.0000   -0.0000   -0.0000    0.0000
    4 H1     2py        0.0000    0.1030    0.6469   -0.0000   -0.0397   -0.4435    0.0000    0.0000   -0.0000   -0.0000
    5 H1     2pz        0.5082    0.0000   -0.0000    1.1308    0.0000   -0.0000   -1.1074   -1.0477   -0.8232    0.5547
    6 H2     1s         5.1277    0.0000   -0.0000   -9.3496   -0.0000    0.0000    3.8428    2.0890   -0.9106    2.0076
    7 H2     2s         4.4374    0.0000   -0.0000   -6.8615   -0.0000    0.0000    1.7481    0.8427   -0.3463    0.2548
    8 H2     2px        0.0000   -0.9632    0.1533   -0.0000    0.9497   -0.0851    0.0000    0.0000    0.0000   -0.0000
    9 H2     2py       -0.0000   -0.1533   -0.9632    0.0000    0.0851    0.9497   -0.0000   -0.0000   -0.0000    0.0000
   10 H2     2pz        0.3263    0.0000   -0.0000   -0.4181    0.0000   -0.0000   -0.5450   -1.5645   -2.3377    2.2551
   11 H3     1s       -10.2864   -0.0000    0.0000   13.3170    0.0000   -0.0000   -1.4922    1.8940    2.8069    0.9323
   12 H3     2s        -8.8962   -0.0000    0.0000   10.2092    0.0000   -0.0000   -0.8363    0.1590    0.5073    0.2118
   13 H3     2px       -0.0000    0.4544   -0.0723    0.0000   -1.2477    0.1118   -0.0000   -0.0000   -0.0000    0.0000
   14 H3     2py        0.0000    0.0723    0.4544   -0.0000   -0.1118   -1.2477    0.0000    0.0000    0.0000   -0.0000
   15 H3     2pz       -0.0497   -0.0000    0.0000    0.3517   -0.0000    0.0000    0.8693    0.7004   -1.3629    3.5824
   16 H4     1s        10.2865    0.0000   -0.0000  -13.3170    0.0000   -0.0000   -1.4922   -1.8940    2.8069   -0.9323
   17 H4     2s         8.8963    0.0000   -0.0000  -10.2092   -0.0000   -0.0000   -0.8363   -0.1590    0.5073   -0.2118
   18 H4     2px       -0.0000    0.4544   -0.0723    0.0000    1.2477   -0.1118    0.0000    0.0000    0.0000    0.0000
   19 H4     2py        0.0000    0.0723    0.4544   -0.0000    0.1118    1.2477   -0.0000   -0.0000   -0.0000   -0.0000
   20 H4     2pz       -0.0497   -0.0000    0.0000    0.3517    0.0000   -0.0000   -0.8693    0.7004    1.3629    3.5824
   21 H5     1s        -5.1279   -0.0000    0.0000    9.3496   -0.0000    0.0000    3.8428   -2.0890   -0.9106   -2.0076
   22 H5     2s        -4.4376   -0.0000    0.0000    6.8615   -0.0000    0.0000    1.7480   -0.8427   -0.3463   -0.2548
   23 H5     2px        0.0000   -0.9632    0.1533   -0.0000   -0.9497    0.0851   -0.0000    0.0000   -0.0000   -0.0000
   24 H5     2py       -0.0000   -0.1533   -0.9632    0.0000   -0.0851   -0.9497    0.0000   -0.0000    0.0000    0.0000
   25 H5     2pz        0.3263    0.0000   -0.0000   -0.4181   -0.0000    0.0000    0.5450   -1.5645    2.3377    2.2551
   26 H6     1s         0.9880    0.0000   -0.0000   -3.4007    0.0000   -0.0000   -2.2545    2.3648   -1.8413   -1.2962
   27 H6     2s         0.6874    0.0000   -0.0000   -2.3260    0.0000   -0.0000   -1.0140    0.7291   -0.2340    0.0414
   28 H6     2px       -0.0000    0.6469   -0.1030    0.0000    0.4435   -0.0397    0.0000   -0.0000    0.0000    0.0000
   29 H6     2py        0.0000    0.1030    0.6469   -0.0000    0.0397    0.4435   -0.0000    0.0000   -0.0000   -0.0000
   30 H6     2pz        0.5082    0.0000   -0.0000    1.1308   -0.0000    0.0000    1.1074   -1.0477    0.8232    0.5547
--
 
      Von Neumann Entropy (Root  1) =  0.40778
 

      Mulliken population analysis for root number:  1
      -----------------------------------------------
 
 
++    Molecular charges:
      ------------------
 
      Mulliken charges per centre and basis function type
      ---------------------------------------------------
 
                H1      H2      H3      H4      H5      H6    
      1s       1.0713  0.8732  0.9899  0.9899  0.8732  1.0713
      2s       0.0073 -0.0132 -0.0673 -0.0673 -0.0132  0.0073
      2px      0.0000  0.0000  0.0000  0.0000  0.0000  0.0000
      2pz      0.0225  0.0591  0.0575  0.0575  0.0591  0.0225
      2py      0.0000  0.0000 -0.0000  0.0000 -0.0000  0.0000
      Total    1.1010  0.9190  0.9800  0.9800  0.9190  1.1010
 
      N-E     -0.1010  0.0810  0.0200  0.0200  0.0810 -0.1010
 
      Total electronic charge=    6.000000
 
      Total            charge=   -0.000000
--
 
 

      Expectation values of various properties for root number:  1
      -----------------------------------------------------------
 
 
++    Molecular properties:
      ---------------------
 
      Charge (e):
                      =   -0.0000
      Dipole Moment (Debye):
      Origin of the operator (Ang)=    0.0000    0.0000    0.0000
                   X= -1.5409E-10               Y=  3.3512E-10               Z=  3.8315E-06           Total=  3.8315E-06
      Quadrupole Moment (Debye*Ang):
      Origin of the operator (Ang)=    0.0000    0.0000    2.2273
                  XX= -6.2329E+00              XY=  2.5059E-19              XZ= -2.3588E-09              YY= -6.2329E+00
                  YZ=  2.4047E-09              ZZ= -7.4829E+00
      In traceless form (Debye*Ang)
                  XX=  6.2499E-01              XY=  3.7589E-19              XZ= -3.5382E-09              YY=  6.2499E-01
                  YZ=  3.6071E-09              ZZ= -1.2500E+00
--
 

      LoProp population analysis for root number:  1
      -----------------------------------------------
 
 
++    LoProp analysis:
      ----------------
 
 
 
  Input file to MOLDEN was generated!
 
 
++    Static properties:
      ------------------
 
 
      LoProp Charges per center
 

                   H1       H2       H3       H4       H5       H6    
      Nuclear      1.0000   1.0000   1.0000   1.0000   1.0000   1.0000
      Electronic  -1.0388  -0.9776  -0.9837  -0.9837  -0.9776  -1.0388
 
      Total       -0.0388   0.0224   0.0163   0.0163   0.0224  -0.0388
--
 
 
      Natural Bond Order analysis for root number:  1
 
++    Natural Bond Order analysis
      ---------------------------
      Based on LoProp computed density
      -------------------------------------------------------------------------------------
      Atom A       Atom B       Bond Order | Atom A       Atom B       Bond Order
        H1           H2             0.951  |   H5           H6             0.951
        H3           H4             0.922  |
      -------------------------------------------------------------------------------------
      NBO located      5.647 electrons involved in    3 bonds.
      The remaining    0.353 electrons are to be considered as diffuse
--
 
--
 
 
  Input file to MOLDEN was generated!
 
      Average orbitals are written to the RASORB file
      Natural orbitals for root   1 are written to the RASORB.1 file
      Spin density orbitals for root   1 are written to the SPDORB.1 file
 
forrtl: warning (525): IEEE_DIVIDE_BY_ZERO is signaling
forrtl: warning (526): IEEE_INVALID is signaling
forrtl: warning (528): IEEE_UNDERFLOW is signaling
--- Stop Module: rasscf at Sun Oct 26 13:00:25 2025 /rc=_RC_ALL_IS_WELL_ ---
*** files: H6_0.89.LprOrb H6_0.89.rasscf.molden H6_0.89.LoProp.molden H6_0.89.RasOrb.1 H6_0.89.RasOrb H6_0.89.rasscf.h5 H6_0.89.SpdOrb.1 xmldump
    saved to directory /home/grierjones/DDCASPT2/hydrogen_comps/rerun/H6_chain/H6_0.89
--- Module rasscf spent 1 second ---

>>> COPY /tmp/H6_0.89/H6_0.89.rasscf.h5 /home/grierjones/DDCASPT2/hydrogen_comps/rerun/H6_chain/H6_0.89/

>>> COPY /tmp/H6_0.89/GMJ_Fock_MO.csv /home/grierjones/DDCASPT2/hydrogen_comps/rerun/H6_chain/H6_0.89/H6_0.89.GMJ_Fock_MO.csv

*** symbolic link created: INPORB -> H6_0.89.RasOrb
--- Start Module: motra at Sun Oct 26 13:00:25 2025 ---
 
()()()()()()()()()()()()()()()()()()()()()()()()()()()()()()()()()()()()()()()()()()()()()()()()()()

                                               &MOTRA

                                   only a single process is used
                       available to each process: 2.0 GB of memory, 1 thread?
()()()()()()()()()()()()()()()()()()()()()()()()()()()()()()()()()()()()()()()()()()()()()()()()()()
 
 
      *** WARNING: Default frozen orbitals is overwritten by user input.
      *** Default values:   0
 
      Header of the integral files:
      
       Integrals generated by seward 4.2.0  , Sun Oct 26 13:00:23 2025
 
 
      Header of MO coefficients source file:
      * RASSCF average (pseudo-natural) orbitals                                      
 
 
      Cartesian coordinates in Angstrom:
      -----------------------------------------------------
      No.  Label        X            Y            Z        
      -----------------------------------------------------
       1   H1         0.00000000   0.00000000   0.00000000
       2   H2         0.00000000   0.00000000   0.89090900
       3   H3         0.00000000   0.00000000   1.78181800
       4   H4         0.00000000   0.00000000   2.67272700
       5   H5         0.00000000   0.00000000   3.56363600
       6   H6         0.00000000   0.00000000   4.45454500
      -----------------------------------------------------
      Nuclear repulsion energy =    5.16757798
 
      Orbital specifications:
      -----------------------
 
      Symmetry species:              1
      Number of basis functions:    30
      Frozen orbitals:               0
      Deleted orbitals:              0
      Number of orbitals used:      30

       SYMMETRY  BASIS FUNCTIONS       ORBITALS      INTEGRALS   CPU(SEC)  I/O(SEC)
        1 1 1 1   30  30  30  30    30  30  30  30      108345       0.00      0.00

       TOTAL CPU TIME(SEC)    0.07TOTAL I/O TIME(SEC)    0.15
 
--- Stop Module: motra at Sun Oct 26 13:00:25 2025 /rc=_RC_ALL_IS_WELL_ ---
*** files: xmldump
    saved to directory /home/grierjones/DDCASPT2/hydrogen_comps/rerun/H6_chain/H6_0.89

>>> COPY /tmp/H6_0.89/GMJ_one_int_indx.csv /home/grierjones/DDCASPT2/hydrogen_comps/rerun/H6_chain/H6_0.89/H6_0.89.GMJ_one_int_indx.csv

>>> COPY /tmp/H6_0.89/GMJ_one_int.csv /home/grierjones/DDCASPT2/hydrogen_comps/rerun/H6_chain/H6_0.89/H6_0.89.GMJ_one_int.csv

>>> COPY /tmp/H6_0.89/GMJ_two_int_indx.csv /home/grierjones/DDCASPT2/hydrogen_comps/rerun/H6_chain/H6_0.89/H6_0.89.GMJ_two_int_indx.csv

>>> COPY /tmp/H6_0.89/GMJ_two_int.csv /home/grierjones/DDCASPT2/hydrogen_comps/rerun/H6_chain/H6_0.89/H6_0.89.GMJ_two_int.csv

*** symbolic link created: INPORB -> H6_0.89.RasOrb
--- Start Module: caspt2 at Sun Oct 26 13:00:25 2025 ---
 
()()()()()()()()()()()()()()()()()()()()()()()()()()()()()()()()()()()()()()()()()()()()()()()()()()

                                              &CASPT2

                                   only a single process is used
                       available to each process: 2.0 GB of memory, 1 thread?
()()()()()()()()()()()()()()()()()()()()()()()()()()()()()()()()()()()()()()()()()()()()()()()()()()
 
 Cholesky algorithm in CASPT2 =    1
 
 ###############################################################################
 ###############################################################################
 ###                                                                         ###
 ###                                                                         ###
 ###    User changed nr of frozen orbitals.                                  ###
 ###                                                                         ###
 ###                                                                         ###
 ###############################################################################
 ###############################################################################
 
++    Wave function specifications:
      -----------------------------
 
      Number of closed shell electrons           0
      Number of electrons in active shells       6
      Max number of holes in RAS1 space          0
      Max number of electrons in RAS3 space      0
      Number of inactive orbitals                0
      Number of active orbitals                  6
      Number of secondary orbitals              24
      Spin quantum number                      0.0
      State symmetry                             1
      Number of CSFs                           175
      Number of root(s) available                1
      Root passed to geometry opt.               1
      A file JOBMIX will be created.
      This is a CASSCF or RASSCF reference function
--
 
++    Orbital specifications:
      -----------------------
 
      Symmetry species                           1
                                                 a
      Frozen orbitals                            0
      Inactive orbitals                          0
      Active orbitals                            6
      Secondary orbitals                        24
      Deleted orbitals                           0
      Number of basis functions                 30
--
 
      Type of Fock operator: STANDARD
      Type of 0-order Hamiltonian: STANDARD WITH DEFAULT IPEA
        "IP-EA" denominator shift =      0.25
      The input orbitals and the CI vector will be transformed.
 
--------------------------------------------------------------------------------
 Estimated memory requirements:
  POLY3 :                   262414
  RHS:                      285604
  SIGMA :                   275200
  PRPCTL:                        0
 Available workspace:    230396124
 
++ CASPT2 computation for group   1
 
********************************************************************************
 Multi-State initialization phase begins for group   1
--------------------------------------------------------------------------------
********************************************************************************
 Compute H0 matrices for state    1
--------------------------------------------------------------------------------
--------------------------------------------------------------------------------
 H0 matrices have been computed.
 
********************************************************************************
  CASPT2 EQUATION SOLUTION
--------------------------------------------------------------------------------
 
  Total nr of CASPT2 parameters:
   Before reduction:       15624
   After  reduction:       15384
 
 The contributions to the second order correlation energy in atomic units.
-----------------------------------------------------------------------------------------------------------------------------
  IT.      VJTU        VJTI        ATVX        AIVX        VJAI        BVAT        BJAT        BJAI        TOTAL       RNORM  
-----------------------------------------------------------------------------------------------------------------------------
   1     0.000000    0.000000   -0.011059    0.000000    0.000000   -0.035819    0.000000    0.000000   -0.046878    0.004031
   2     0.000000    0.000000   -0.011223    0.000000    0.000000   -0.035879    0.000000    0.000000   -0.047102    0.000537
   3     0.000000    0.000000   -0.011226    0.000000    0.000000   -0.035881    0.000000    0.000000   -0.047107    0.000090
   4     0.000000    0.000000   -0.011222    0.000000    0.000000   -0.035882    0.000000    0.000000   -0.047104    0.000011
   5     0.000000    0.000000   -0.011222    0.000000    0.000000   -0.035882    0.000000    0.000000   -0.047104    0.000002
-------------------------------------------------------------------------------------------------------------------
 
  FINAL CASPT2 RESULT:
 
  Correlation energy /Case, /Symm, and sums:
 VJTU      0.00000000  0.00000000
 VJTIP     0.00000000  0.00000000
 VJTIM     0.00000000  0.00000000
 ATVX     -0.01122244 -0.01122244
 AIVX      0.00000000  0.00000000
 VJAIP     0.00000000  0.00000000
 VJAIM     0.00000000  0.00000000
 BVATP    -0.03338181 -0.03338181
 BVATM    -0.00249996 -0.00249996
 BJATP     0.00000000  0.00000000
 BJATM     0.00000000  0.00000000
 BJAIP     0.00000000  0.00000000
 BJAIM     0.00000000  0.00000000
 Summed:  -0.04710421 -0.04710421
 
      Reference energy:          -3.3166221873
      E2 (Non-variational):      -0.0471042117
      E2 (Variational):          -0.0471042122
      Total energy:              -3.3637263995
      Residual norm:              0.0000002675
      Reference weight:           0.98362
 
      Contributions to the CASPT2 correlation energy
      Active & Virtual Only:         -0.0471042117
      One Inactive Excited:           0.0000000000
      Two Inactive Excited:           0.0000000000
 
 
++ Denominators, etc.
----------------------------------------------------------------------------------------------------
 Report on small energy denominators, large coefficients, and large energy contributions.
CASE  SYMM ACTIVE-MIX  NON-ACTIVE INDICES          DENOMINATOR     RHS VALUE       COEFFICIENT     CONTRIBUTION
--
 
   (Skipping property calculation,
    use PROP keyword to activate)
--
 
  Total CASPT2 energies:
::    CASPT2 Root  1     Total energy:     -3.36372640
 
  A NEW JOBIPH FILE NAMED 'JOBMIX' IS PREPARED.
********************************************************************************
forrtl: warning (528): IEEE_UNDERFLOW is signaling
--- Stop Module: caspt2 at Sun Oct 26 13:00:25 2025 /rc=_RC_ALL_IS_WELL_ ---
*** files: xmldump
    saved to directory /home/grierjones/DDCASPT2/hydrogen_comps/rerun/H6_chain/H6_0.89

>>> EXPORT i = B

>>> EXPORT j = P

>>> IF (-FILE GMJ_e2_${i}_${j}_1_.csv)
(Skipped)

>>> END FOREACH

>>> EXPORT j = M

>>> IF (-FILE GMJ_e2_${i}_${j}_1_.csv)
(Skipped)

>>> END FOREACH

>>> END FOREACH

>>> EXPORT i = E

>>> EXPORT j = P

>>> IF (-FILE GMJ_e2_${i}_${j}_1_.csv)
(Skipped)

>>> END FOREACH

>>> EXPORT j = M

>>> IF (-FILE GMJ_e2_${i}_${j}_1_.csv)
(Skipped)

>>> END FOREACH

>>> END FOREACH

>>> EXPORT i = F

>>> EXPORT j = P

>>> IF (-FILE GMJ_e2_${i}_${j}_1_.csv)

>>> COPY /tmp/H6_0.89/GMJ_RHS_F_P_1_.csv /home/grierjones/DDCASPT2/hydrogen_comps/rerun/H6_chain/H6_0.89/GMJ_RHS_F_P_1_.csv

>>> COPY /tmp/H6_0.89/GMJ_IVECW_F_P_1_.csv /home/grierjones/DDCASPT2/hydrogen_comps/rerun/H6_chain/H6_0.89/GMJ_IVECW_F_P_1_.csv

>>> COPY /tmp/H6_0.89/GMJ_IVECX_F_P_1_.csv /home/grierjones/DDCASPT2/hydrogen_comps/rerun/H6_chain/H6_0.89/GMJ_IVECX_F_P_1_.csv

>>> COPY /tmp/H6_0.89/GMJ_IVECC2_F_P_1_.csv /home/grierjones/DDCASPT2/hydrogen_comps/rerun/H6_chain/H6_0.89/GMJ_IVECC2_F_P_1_.csv

>>> COPY /tmp/H6_0.89/GMJ_e2_F_P_1_.csv /home/grierjones/DDCASPT2/hydrogen_comps/rerun/H6_chain/H6_0.89/GMJ_e2_F_P_1_.csv

>>> END FOREACH

>>> EXPORT j = M

>>> IF (-FILE GMJ_e2_${i}_${j}_1_.csv)

>>> COPY /tmp/H6_0.89/GMJ_RHS_F_M_1_.csv /home/grierjones/DDCASPT2/hydrogen_comps/rerun/H6_chain/H6_0.89/GMJ_RHS_F_M_1_.csv

>>> COPY /tmp/H6_0.89/GMJ_IVECW_F_M_1_.csv /home/grierjones/DDCASPT2/hydrogen_comps/rerun/H6_chain/H6_0.89/GMJ_IVECW_F_M_1_.csv

>>> COPY /tmp/H6_0.89/GMJ_IVECX_F_M_1_.csv /home/grierjones/DDCASPT2/hydrogen_comps/rerun/H6_chain/H6_0.89/GMJ_IVECX_F_M_1_.csv

>>> COPY /tmp/H6_0.89/GMJ_IVECC2_F_M_1_.csv /home/grierjones/DDCASPT2/hydrogen_comps/rerun/H6_chain/H6_0.89/GMJ_IVECC2_F_M_1_.csv

>>> COPY /tmp/H6_0.89/GMJ_e2_F_M_1_.csv /home/grierjones/DDCASPT2/hydrogen_comps/rerun/H6_chain/H6_0.89/GMJ_e2_F_M_1_.csv

>>> END FOREACH

>>> END FOREACH

>>> EXPORT i = G

>>> EXPORT j = P

>>> IF (-FILE GMJ_e2_${i}_${j}_1_.csv)
(Skipped)

>>> END FOREACH

>>> EXPORT j = M

>>> IF (-FILE GMJ_e2_${i}_${j}_1_.csv)
(Skipped)

>>> END FOREACH

>>> END FOREACH

>>> EXPORT i = H

>>> EXPORT j = P

>>> IF (-FILE GMJ_e2_${i}_${j}_1_.csv)
(Skipped)

>>> END FOREACH

>>> EXPORT j = M

>>> IF (-FILE GMJ_e2_${i}_${j}_1_.csv)
(Skipped)

>>> END FOREACH

>>> END FOREACH

>>> EXPORT i = A

>>> IF (-FILE GMJ_e2_${i}_1_.csv)
(Skipped)

>>> END FOREACH

>>> EXPORT i = C

>>> IF (-FILE GMJ_e2_${i}_1_.csv)

>>> COPY /tmp/H6_0.89/GMJ_RHS_C_1_.csv /home/grierjones/DDCASPT2/hydrogen_comps/rerun/H6_chain/H6_0.89/GMJ_RHS_C_1_.csv

>>> COPY /tmp/H6_0.89/GMJ_IVECW_C_1_.csv /home/grierjones/DDCASPT2/hydrogen_comps/rerun/H6_chain/H6_0.89/GMJ_IVECW_C_1_.csv

>>> COPY /tmp/H6_0.89/GMJ_IVECX_C_1_.csv /home/grierjones/DDCASPT2/hydrogen_comps/rerun/H6_chain/H6_0.89/GMJ_IVECX_C_1_.csv

>>> COPY /tmp/H6_0.89/GMJ_IVECC2_C_1_.csv /home/grierjones/DDCASPT2/hydrogen_comps/rerun/H6_chain/H6_0.89/GMJ_IVECC2_C_1_.csv

>>> COPY /tmp/H6_0.89/GMJ_e2_C_1_.csv /home/grierjones/DDCASPT2/hydrogen_comps/rerun/H6_chain/H6_0.89/GMJ_e2_C_1_.csv

>>> END FOREACH

>>> EXPORT i = D

>>> IF (-FILE GMJ_e2_${i}_1_.csv)
(Skipped)

>>> END FOREACH

.########################.
.# Non-zero return code #.
.########################.

    Timing: Wall=2.64 User=1.76 System=0.86
***************************************
*** WorkDir at /tmp/H6_0.89 cleaned ***
***************************************
