   This run of MOLCAS is using the pymolcas driver

                             OPE
                             OPE          NMOL  CASOP  ENMOLC A   SO
                 OPE        NMOLC        AS  OP EN  MO LC     AS  OP
                OPENM       OL CA        SO  PE NM  OL CA     SOP EN
                OP EN      MO   LC       AS  OP ENMOL  CASO   PENMOL
                OP  EN     MO   LC       AS  OP EN     MO     LC ASO
               OP   E  NMOL  C  AS       OP  EN MO     LC     AS  OP
               OP  E   NMO   LC AS        OPEN  MO     LCASOP EN   M
               O  PEN   MO  LCA  SO
            OPE   NMO   L   CAS    OP
        OPENMOL  CASOP     ENMOL   CASOPE
     OPENMOLCA   SOPENMOLCASOPEN   MOLCASOPE
    OPENMOLCAS   OP           EN   MOL    CAS
    OPENMOLCAS       OP  ENM        O     LCA
    OPENMOLCAS    OPEN  MOLCASO     P  E  NMO
    OPENMOLCAS     OP               E  N  MOL
    OPENMOLCA   SO           PENM   O  L  CAS    OPEN    MO    LCAS
    OPENMOLCA   SOP           ENM   O  L  CAS   OP  EN  MOLC  AS   O
    OPENMOLCA   SOPE           NM      O  LCA   S      OP  EN MO
    OPENMOLC                AS         O  PEN   M      OL  CA  SOPE
    OPENMO        LCASOPE  NMOL        C  ASO   P      ENMOLC     AS
    OPE     NMO      LCA  SO     P     E   NM   OL  CA SO  PE N   MO
          OPENMOLCA            SOPE   NMO        LCAS  O    P  ENMO
     OPENMOLCASOPENMOLCASOPENMOLCASOPENMOLCA
        OPENMOLCASOPENMOLCASOPENMOLCASOPE
            OPENMOLCASOPENMOLCASOPENM
               OPENMOLCASOPENMOLCA        version: f37762c57
                   OPENMOLCASO
                       OPE                tag:

 OpenMolcas is free software; you can redistribute it and/or modify it
 under the terms of the GNU Lesser General Public License version 2.1.
 OpenMolcas is distributed in the hope that it will be useful, but it
 is provided "as is" and without any express or implied warranties.
 For more details see the full text of the license in the file
 LICENSE or in <http://www.gnu.org/licenses/>.

                 Copyright (C) The OpenMolcas Authors
           For the author list and the recommended citation,
                   consult the file CONTRIBUTORS.md

           *************************************************
           * pymolcas version py2.28                       *
           *   build c4a6d18ded8cb6cad61d2372a9abd97c      *
           *   (after the EMIL interpreter by V. Veryazov) *
           *************************************************

configuration info
------------------
C Compiler ID: Intel
C flags: -std=gnu99 -gcc-sys
Fortran Compiler ID: IntelLLVM
Fortran flags: -standard-semantics -fltconsistency -fpp -i8 -heap-arrays
Definitions: _MOLCAS_;_I8_;_LINUX_
Parallel: OFF (GA=OFF)


   --------------------------------------------------------------------------------------
  |
  |              Project: H6_1.08
  |       Submitted from: /home/grierjones/DDCASPT2/hydrogen_comps/rerun/H6_chain/H6_1.08
  |         Scratch area: /tmp/H6_1.08
  |      Save outputs to: /home/grierjones/DDCASPT2/hydrogen_comps/rerun/H6_chain/H6_1.08
  |               Molcas: /home/grierjones/Test/build
  |
  | Scratch area is empty
  |
  |       MOLCAS_DRIVER = /usr/local/pymolcas
  | MOLCAS_KEEP_WORKDIR = NO
  |  MOLCAS_NEW_WORKDIR = YES
  |       MOLCAS_NPROCS = 1
  |        MOLCAS_PRINT = NORMAL
  |       MOLCAS_SOURCE = /home/grierjones/Test
  |    MOLCAS_STRUCTURE = 0
  |
   --------------------------------------------------------------------------------------

++ ---------   Input file   ---------

&GATEWAY
coord=H6_1.08.xyz
Basis = ANO-RCC-VDZP
Group = nosymm
End of Input

&SEWARD
End of Input

&SCF

>>> COPY $WorkDir/H6_1.08.scf.h5 $CurrDir/

&RASSCF
Title= RASSCF
FileOrb
/home/grierjones/DDCASPT2/hydrogen_comps/rerun/H6_chain/H6_0.60/H6_0.60.RasOrb
NACTEL
6 0 0
Inactive
0
RAS2
6
Symmetry
1
Spin
1
orblisting
all

>>> COPY $WorkDir/H6_1.08.rasscf.h5 $CurrDir/

>>> COPY $WorkDir/GMJ_Fock_MO.csv $CurrDir/H6_1.08.GMJ_Fock_MO.csv

&MOTRA
Frozen=0
LUMORB

>>> COPY $WorkDir/GMJ_one_int_indx.csv $CurrDir/H6_1.08.GMJ_one_int_indx.csv

>>> COPY $WorkDir/GMJ_one_int.csv $CurrDir/H6_1.08.GMJ_one_int.csv

>>> COPY $WorkDir/GMJ_two_int_indx.csv $CurrDir/H6_1.08.GMJ_two_int_indx.csv

>>> COPY $WorkDir/GMJ_two_int.csv $CurrDir/H6_1.08.GMJ_two_int.csv

&CASPT2
Frozen
0

MAXITER
50

>>> FOREACH i IN (B,E,F,G,H)

  >>> FOREACH j IN (P,M)

    >>> IF (-FILE GMJ_e2_${i}_${j}_1_.csv)

      >>> COPY $WorkDir/GMJ_RHS_${i}_${j}_1_.csv $CurrDir/GMJ_RHS_${i}_${j}_1_.csv

      >>> COPY $WorkDir/GMJ_IVECW_${i}_${j}_1_.csv $CurrDir/GMJ_IVECW_${i}_${j}_1_.csv

      >>> COPY $WorkDir/GMJ_IVECX_${i}_${j}_1_.csv $CurrDir/GMJ_IVECX_${i}_${j}_1_.csv

      >>> COPY $WorkDir/GMJ_IVECC2_${i}_${j}_1_.csv $CurrDir/GMJ_IVECC2_${i}_${j}_1_.csv

      >>> COPY $WorkDir/GMJ_e2_${i}_${j}_1_.csv $CurrDir/GMJ_e2_${i}_${j}_1_.csv

    >>> END IF

  >>> END FOREACH

>>> END FOREACH

>>> FOREACH i IN (A,C,D)

  >>> IF (-FILE GMJ_e2_${i}_1_.csv)

    >>> COPY $WorkDir/GMJ_RHS_${i}_1_.csv $CurrDir/GMJ_RHS_${i}_1_.csv

    >>> COPY $WorkDir/GMJ_IVECW_${i}_1_.csv $CurrDir/GMJ_IVECW_${i}_1_.csv

    >>> COPY $WorkDir/GMJ_IVECX_${i}_1_.csv $CurrDir/GMJ_IVECX_${i}_1_.csv

    >>> COPY $WorkDir/GMJ_IVECC2_${i}_1_.csv $CurrDir/GMJ_IVECC2_${i}_1_.csv

    >>> COPY $WorkDir/GMJ_e2_${i}_1_.csv $CurrDir/GMJ_e2_${i}_1_.csv

  >>> END IF

>>> END FOREACH

-- ----------------------------------

--- Start Module: gateway at Sun Oct 26 13:01:24 2025 ---
 
()()()()()()()()()()()()()()()()()()()()()()()()()()()()()()()()()()()()()()()()()()()()()()()()()()

                                              &GATEWAY

                                   only a single process is used
                       available to each process: 2.0 GB of memory, 1 thread?
()()()()()()()()()()()()()()()()()()()()()()()()()()()()()()()()()()()()()()()()()()()()()()()()()()
 
 
++    Symmetry information:
      ---------------------
 
                    Character Table for C1 
 
                             E  
                    a        1  x, y, xy, Rz, z, xz, Ry, yz, Rx, I
--
 
 
++    Basis set information:
      ----------------------
 
 
      Basis set label: H.ANO-RCC...2S1P.
 
      Electronic valence basis set:
      ------------------
      Associated Effective Charge   1.000000 au
      Associated Actual Charge      1.000000 au
      Nuclear Model: Point charge
 
      Shell  nPrim  nBasis  Cartesian Spherical Contaminant
         s       8       2        X                  
         p       4       1        X                  
--
 
 
++    Molecular structure info:
      -------------------------
 
                    ************************************************ 
                    **** Cartesian Coordinates / Bohr, Angstrom **** 
                    ************************************************ 
 
     Center  Label                x              y              z                     x              y              z
        1      H1               0.000000       0.000000       0.000000              0.000000       0.000000       0.000000
        2      H2               0.000000       0.000000       2.050066              0.000000       0.000000       1.084848
        3      H3               0.000000       0.000000       4.100133              0.000000       0.000000       2.169697
        4      H4               0.000000       0.000000       6.150199              0.000000       0.000000       3.254545
        5      H5               0.000000       0.000000       8.200266              0.000000       0.000000       4.339394
        6      H6               0.000000       0.000000      10.250332              0.000000       0.000000       5.424242
 
                    *************************************** 
                    *    InterNuclear Distances / Bohr    * 
                    *************************************** 
 
               1 H1            2 H2            3 H3            4 H4            5 H5            6 H6    
    1 H1       0.000000
    2 H2       2.050066        0.000000
    3 H3       4.100133        2.050067        0.000000
    4 H4       6.150199        4.100133        2.050066        0.000000
    5 H5       8.200266        6.150201        4.100133        2.050067        0.000000
    6 H6      10.250332        8.200266        6.150199        4.100133        2.050066        0.000000
 
                    ******************************************* 
                    *    InterNuclear Distances / Angstrom    * 
                    ******************************************* 
 
               1 H1            2 H2            3 H3            4 H4            5 H5            6 H6    
    1 H1       0.000000
    2 H2       1.084848        0.000000
    3 H3       2.169697        1.084849        0.000000
    4 H4       3.254545        2.169697        1.084848        0.000000
    5 H5       4.339394        3.254546        2.169697        1.084849        0.000000
    6 H6       5.424242        4.339394        3.254545        2.169697        1.084848        0.000000
 
                    ************************************** 
                    *    Valence Bond Angles / Degree    * 
                    ************************************** 
                          Atom centers                 Phi
                      1 H1       2 H2       3 H3       180.00
                      2 H2       3 H3       4 H4       180.00
                      3 H3       4 H4       5 H5       180.00
                      4 H4       5 H5       6 H6       180.00
--
 
 
            Nuclear Potential Energy              4.24376493 au
 
--- Stop Module: gateway at Sun Oct 26 13:01:25 2025 /rc=_RC_ALL_IS_WELL_ ---
*** files: xmldump
    saved to directory /home/grierjones/DDCASPT2/hydrogen_comps/rerun/H6_chain/H6_1.08

--- Start Module: seward at Sun Oct 26 13:01:25 2025 ---
 
()()()()()()()()()()()()()()()()()()()()()()()()()()()()()()()()()()()()()()()()()()()()()()()()()()

                                              &SEWARD

                                   only a single process is used
                       available to each process: 2.0 GB of memory, 1 thread?
()()()()()()()()()()()()()()()()()()()()()()()()()()()()()()()()()()()()()()()()()()()()()()()()()()
 
               SEWARD will generate:
                  Multipole Moment integrals up to order  2
                  Kinetic Energy integrals
                  Nuclear Attraction integrals (point charge)
                  One-Electron Hamiltonian integrals
                  Velocity integrals
                  Relativistic Douglas-Kroll-Hess integrals:
                    - Parametrization         : EXP
                    - DKH order of Hamiltonian: 2
                    - DKH order of Properties : 0
                         - multipole moment operators
                         - electric potential operators
                         - contact operators
                  Atomic mean-field integrals
                  Two-Electron Repulsion integrals
 
                   Integrals are discarded if absolute value <: 0.10E-13
                   Integral cutoff threshold is set to       <: 0.10E-15
 
            Nuclear Potential Energy              4.24376493 au
 
 
      Basis set specifications :
      Symmetry species         a  
      Basis functions           30
 
 
  Input file to MOLDEN was generated!
 
forrtl: warning (525): IEEE_DIVIDE_BY_ZERO is signaling
forrtl: warning (526): IEEE_INVALID is signaling
forrtl: warning (528): IEEE_UNDERFLOW is signaling
--- Stop Module: seward at Sun Oct 26 13:01:25 2025 /rc=_RC_ALL_IS_WELL_ ---
*** files: H6_1.08.GssOrb H6_1.08.guessorb.h5 H6_1.08.guessorb.molden xmldump
    saved to directory /home/grierjones/DDCASPT2/hydrogen_comps/rerun/H6_chain/H6_1.08

*** symbolic link created: INPORB -> H6_1.08.GssOrb
--- Start Module: scf at Sun Oct 26 13:01:25 2025 ---
 
()()()()()()()()()()()()()()()()()()()()()()()()()()()()()()()()()()()()()()()()()()()()()()()()()()

                                                &SCF

                                   only a single process is used
                       available to each process: 2.0 GB of memory, 1 thread?
()()()()()()()()()()()()()()()()()()()()()()()()()()()()()()()()()()()()()()()()()()()()()()()()()()
 
++    Input section:
      --------------
 
      Header of the integral files:
      
       Integrals generated by seward 4.2.0  , Sun Oct 26 13:01:25 2025
 
 
      Cartesian coordinates in Angstrom:
      -----------------------------------------------------
      No.  Label        X            Y            Z        
      -----------------------------------------------------
       1   H1         0.00000000   0.00000000   0.00000000
       2   H2         0.00000000   0.00000000   1.08484800
       3   H3         0.00000000   0.00000000   2.16969700
       4   H4         0.00000000   0.00000000   3.25454500
       5   H5         0.00000000   0.00000000   4.33939400
       6   H6         0.00000000   0.00000000   5.42424200
      -----------------------------------------------------
      Nuclear repulsion energy =    4.24376493
--
 
++    Orbital specifications:
      -----------------------
 
      Symmetry species               1
                                     a
      Frozen orbitals                0
      Occupied orbitals              3
      Secondary orbitals            27
      Deleted orbitals               0
      Total number of orbitals      30
      Number of basis functions     30
--
 
      Molecular charge                           0.000
 
++    Optimization specifications:
      ----------------------------
 
      SCF Algorithm: Conventional
      Minimized density differences are used
      Number of density matrices in core                5
      Maximum number of NDDO SCF iterations           400
      Maximum number of HF SCF iterations             400
      Threshold for SCF energy change            0.10E-08
      Threshold for density matrix               0.10E-03
      Threshold for Fock matrix                  0.15E-03
      Threshold for linear dependence            0.10E-08
      Threshold at which DIIS is turned on       0.15E+00
      Threshold at which QNR/C2DIIS is turned on 0.75E-01
      Threshold for Norm(delta) (QNR/C2DIIS)     0.20E-04
      DIIS extrapolation of the SCF procedure
      All orbitals punched on: SCFORB
--
 
      Input vectors read from INPORB
      Orbital file label: *Guess orbitals
 
 
++ Convergence information
                                   SCF        iterations: Energy and convergence statistics
 
Iter     Tot. SCF        One-elec.       Two-elec.     Energy      Max Dij or  Max Fij      DNorm      TNorm      AccCon     Time
         Energy          Energy          Energy        Change      Delta Norm                                                in Sec.
   1    -3.155070127   -11.563593641     4.164758589   0.00E+00    0.21E+00*   0.13E+00*    0.31E+01   0.10E+02   None         0.
   2    -3.212583621   -11.720382514     4.264033967  -0.58E-01*   0.42E-01*   0.13E-01*    0.12E+01   0.10E+02   EDIIS        0.
   3    -3.214586757   -11.703031400     4.244679718  -0.20E-02*   0.10E-01*   0.45E-02*    0.20E+00   0.10E+02   c2DIIS       0.
   4    -3.214764301   -11.705332577     4.246803351  -0.18E-03*   0.23E-02*   0.10E-02*    0.50E-01   0.10E+02   QNRc2DIIS    0.
   5    -3.214774541   -11.704691650     4.246152184  -0.10E-04*   0.16E-02*   0.31E-03*    0.35E-02   0.10E+02   QNRc2DIIS    0.
   6    -3.214776613   -11.704780394     4.246238856  -0.21E-05*   0.20E-04    0.11E-04     0.52E-03   0.10E+02   QNRc2DIIS    0.
   7    -3.214776614   -11.704764258     4.246222718  -0.95E-09    0.57E-05    0.21E-05     0.63E-04   0.10E+02   QNRc2DIIS    0.
 
       Convergence after  7 Macro Iterations
--
 
 *****************************************************************************************************************************
 *                                                                                                                           *
 *                                             SCF/KS-DFT Program, Final results                                             *
 *                                                                                                                           *
 *                                                                                                                           *
 *                                                                                                                           *
 *                                                       Final Results                                                       *
 *                                                                                                                           *
 *****************************************************************************************************************************
 
::    Total SCF energy                                 -3.2147766138
      One-electron energy                             -11.7047642575
      Two-electron energy                               4.2462227184
      Nuclear repulsion energy                          4.2437649253
      Kinetic energy (interpolated)                     2.8229478588
      Virial theorem                                    1.1388012725
      Total spin, S(S+1)                                0.0000000000
      Total spin, S                                     0.0000000000
      Max non-diagonal density matrix element           0.0000062209
      Max non-diagonal Fock matrix element              0.0000006742
 
 
      All orbitals with orbital energies smaller than  E(LUMO)+0.5 are printed
 
++    Molecular orbitals:
      -------------------
 
      Title: SCF orbitals

      Molecular orbitals for symmetry species 1: a  
 
          Orbital            1         2         3         4         5         6         7    
          Energy           -0.6619   -0.5540   -0.3903    0.0251    0.1792    0.2677    0.2984
          Occ. No.          2.0000    2.0000    2.0000    0.0000    0.0000    0.0000    0.0000
 
        1 H1     1s         0.1855   -0.3367    0.4240   -0.8164    0.7205   -0.9568   -0.2197
        2 H1     2s         0.0068    0.0005    0.0388   -0.4367    0.7222   -0.4976   -0.7147
        3 H1     2px       -0.0000    0.0000    0.0000   -0.0000    0.0000   -0.0000    0.0000
        4 H1     2py       -0.0000   -0.0000   -0.0000    0.0000   -0.0000   -0.0000    0.0000
        5 H1     2pz        0.0170   -0.0214    0.0118    0.0030   -0.0170   -0.0178   -0.0055
        6 H2     1s         0.2568   -0.4191    0.3473    0.5426   -1.1294    1.0161    0.6962
        7 H2     2s        -0.0361   -0.0146    0.1048    0.2497   -0.5003    0.8729    0.2523
        8 H2     2px        0.0000   -0.0000    0.0000   -0.0000   -0.0000   -0.0000    0.0000
        9 H2     2py       -0.0000    0.0000   -0.0000    0.0000   -0.0000   -0.0000    0.0000
       10 H2     2pz        0.0078    0.0110   -0.0345    0.0194    0.0288   -0.0482   -0.1102
       11 H3     1s         0.3718   -0.0867   -0.4806    0.5784    0.3743   -0.5065   -1.1110
       12 H3     2s        -0.0200    0.0465   -0.1085    0.2105    0.3487    0.0649   -0.7713
       13 H3     2px       -0.0000    0.0000   -0.0000    0.0000   -0.0000   -0.0000    0.0000
       14 H3     2py       -0.0000    0.0000    0.0000   -0.0000    0.0000   -0.0000    0.0000
       15 H3     2pz        0.0066    0.0259   -0.0238   -0.0288    0.0145   -0.0318   -0.0579
       16 H4     1s         0.3718    0.0867   -0.4806   -0.5784    0.3743   -0.5065    1.1110
       17 H4     2s        -0.0200   -0.0465   -0.1085   -0.2105    0.3487    0.0649    0.7713
       18 H4     2px       -0.0000    0.0000   -0.0000    0.0000    0.0000   -0.0000    0.0000
       19 H4     2py       -0.0000   -0.0000   -0.0000   -0.0000    0.0000   -0.0000    0.0000
       20 H4     2pz       -0.0066    0.0259    0.0238   -0.0288   -0.0145    0.0318   -0.0579
       21 H5     1s         0.2568    0.4191    0.3473   -0.5426   -1.1294    1.0161   -0.6962
       22 H5     2s        -0.0361    0.0146    0.1048   -0.2497   -0.5003    0.8729   -0.2523
       23 H5     2px        0.0000    0.0000   -0.0000    0.0000   -0.0000   -0.0000    0.0000
       24 H5     2py       -0.0000    0.0000   -0.0000   -0.0000   -0.0000   -0.0000   -0.0000
       25 H5     2pz       -0.0078    0.0110    0.0345    0.0194   -0.0288    0.0482   -0.1102
       26 H6     1s         0.1855    0.3367    0.4240    0.8164    0.7205   -0.9568    0.2197
       27 H6     2s         0.0068   -0.0005    0.0388    0.4367    0.7222   -0.4976    0.7147
       28 H6     2px       -0.0000   -0.0000    0.0000   -0.0000    0.0000   -0.0000   -0.0000
       29 H6     2py        0.0000    0.0000    0.0000    0.0000   -0.0000   -0.0000    0.0000
       30 H6     2pz       -0.0170   -0.0214   -0.0118    0.0030    0.0170    0.0178   -0.0055
--
 
 
++    Molecular charges:
      ------------------
 
      Mulliken charges per centre and basis function type
      ---------------------------------------------------
 
                H1      H2      H3      H4      H5      H6    
      1s       0.9699  1.0135  1.0015  1.0015  1.0135  0.9699
      2s      -0.0007 -0.0243 -0.0657 -0.0657 -0.0243 -0.0007
      2px      0.0000  0.0000  0.0000  0.0000  0.0000  0.0000
      2pz      0.0196  0.0434  0.0427  0.0427  0.0434  0.0196
      2py      0.0000  0.0000  0.0000  0.0000  0.0000  0.0000
      Total    0.9888  1.0326  0.9786  0.9786  1.0326  0.9888
 
      N-E      0.0112 -0.0326  0.0214  0.0214 -0.0326  0.0112
 
      Total electronic charge=    6.000000
 
      Total            charge=   -0.000000
--
 
 
  Input file to MOLDEN was generated!
 
 
++    Static properties:
      ------------------
 
 
      LoProp Charges per center
 

                   H1       H2       H3       H4       H5       H6    
      Nuclear      1.0000   1.0000   1.0000   1.0000   1.0000   1.0000
      Electronic  -1.0103  -0.9963  -0.9934  -0.9934  -0.9963  -1.0103
 
      Total       -0.0103   0.0037   0.0066   0.0066   0.0037  -0.0103
--
 
 
++    Natural Bond Order analysis
      ---------------------------
      Based on LoProp computed density
      -------------------------------------------------------------------------------------
      Atom A       Atom B       Bond Order | Atom A       Atom B       Bond Order
        H1           H2             0.989  |   H3           H4             0.967
        H5           H6             0.989  |
      -------------------------------------------------------------------------------------
      NBO located      5.891 electrons involved in    3 bonds.
      The remaining    0.109 electrons are to be considered as diffuse
--
 
 
++    Molecular properties:
      ---------------------
 
      Charge (e):
                      =   -0.0000
      Dipole Moment (Debye):
      Origin of the operator (Ang)=    0.0000    0.0000    0.0000
                   X= -5.0077E-16               Y=  2.0163E-14               Z= -8.3077E-13           Total=  8.3101E-13
      Quadrupole Moment (Debye*Ang):
      Origin of the operator (Ang)=    0.0000    0.0000    2.7121
                  XX= -7.4053E+00              XY= -2.3414E-29              XZ=  1.3075E-14              YY= -7.4053E+00
                  YZ= -1.9505E-14              ZZ= -6.0424E+00
      In traceless form (Debye*Ang)
                  XX= -6.8144E-01              XY= -3.5121E-29              XZ=  1.9612E-14              YY= -6.8144E-01
                  YZ= -2.9257E-14              ZZ=  1.3629E+00
--
 
 
  Input file to MOLDEN was generated!
 
 ###############################################################################
 ###############################################################################
 ###                                                                         ###
 ###                                                                         ###
 ###    RunFile label nBas                                                   ###
 ###    was used       78 times                                              ###
 ###                                                                         ###
 ###                                                                         ###
 ###############################################################################
 ###############################################################################
forrtl: warning (528): IEEE_UNDERFLOW is signaling
--- Stop Module: scf at Sun Oct 26 13:01:26 2025 /rc=_RC_ALL_IS_WELL_ ---
*** files: H6_1.08.LprOrb H6_1.08.LoProp.molden H6_1.08.scf.molden H6_1.08.ScfOrb H6_1.08.scf.h5 xmldump
    saved to directory /home/grierjones/DDCASPT2/hydrogen_comps/rerun/H6_chain/H6_1.08

>>> COPY /tmp/H6_1.08/H6_1.08.scf.h5 /home/grierjones/DDCASPT2/hydrogen_comps/rerun/H6_chain/H6_1.08/

*** symbolic link created: INPORB -> H6_1.08.ScfOrb
--- Start Module: rasscf at Sun Oct 26 13:01:26 2025 ---
 
()()()()()()()()()()()()()()()()()()()()()()()()()()()()()()()()()()()()()()()()()()()()()()()()()()

                                              &RASSCF

                                   only a single process is used
                       available to each process: 2.0 GB of memory, 1 thread?
()()()()()()()()()()()()()()()()()()()()()()()()()()()()()()()()()()()()()()()()()()()()()()()()()()
 
 
      Header of the ONEINT file:
      --------------------------
      
      Integrals generated by seward 4.2.0  , Sun Oct 26 13:01:25 2025
 
 
      OrdInt status: non-squared
 
 
      Cartesian coordinates in Angstrom:
      -----------------------------------------------------
      No.  Label        X            Y            Z        
      -----------------------------------------------------
       1   H1         0.00000000   0.00000000   0.00000000
       2   H2         0.00000000   0.00000000   1.08484800
       3   H3         0.00000000   0.00000000   2.16969700
       4   H4         0.00000000   0.00000000   3.25454500
       5   H5         0.00000000   0.00000000   4.33939400
       6   H6         0.00000000   0.00000000   5.42424200
      -----------------------------------------------------
      Nuclear repulsion energy =    4.24376493
 
++    Wave function specifications:
      -----------------------------
 
      Number of closed shell electrons           0
      Number of electrons in active shells       6
      Max number of holes in RAS1 space          0
      Max nr of electrons in RAS3 space          0
      Number of inactive orbitals                0
      Number of active orbitals                  6
      Number of secondary orbitals              24
      Spin quantum number                      0.0
      State symmetry                             1
--
 
++    Orbital specifications:
      -----------------------
 
      Symmetry species                           1
                                                 a
      Frozen orbitals                            0
      Inactive orbitals                          0
      Active orbitals                            6
      RAS1 orbitals                              0
      RAS2 orbitals                              6
      RAS3 orbitals                              0
      Secondary orbitals                        24
      Deleted orbitals                           0
      Number of basis functions                 30
--
 
++    CI expansion specifications:
      ----------------------------
 
      Number of CSFs                           175
      Number of determinants                   210
      Number of root(s) required                 1
      Root chosen for geometry opt.              1
      CI root used                               1
         
      highest root included in the CI            1
      max. size of the explicit Hamiltonian    175
--
 
++    Optimization specifications:
      ----------------------------
 
      RASSCF algorithm: Conventional
      Maximum number of macro iterations       200
      Maximum number of SX iterations          100
      Threshold for RASSCF energy            0.100E-07
      Threshold for max MO rotation          0.100E+00
      Threshold for max BLB element          0.100E-03
      Level shift parameter                  0.500E+00
      Make Quasi-Newton update
--
 
      The MO-coefficients are taken from the file:
      /home/grierjones/DDCASPT2/hydrogen_comps/rerun/H6_chain/H6_0.60/H6_0.60.RasOrb                                                  
      Title: RASSCF average (pseudo-natural) orbitals                                      
 
      Total molecular charge    0.00
 
      ************************************************************************************************************************
      *                                                                                                                      *
      *                                            Wave function control section                                             *
      *                                                                                                                      *
      ************************************************************************************************************************
 
 
                                         RASSCF iterations: Energy and convergence statistics
                                         ----------------------------------------------------
 
      Iter CI   SX   CI       RASSCF       Energy    max ROT     max BLB   max BLB  Level Ln srch  Step   QN   Walltime
          iter iter root      energy       change     param      element    value   shift minimum  type update hh:mm:ss
 Nr of preliminary CI iterations:   1
        1   1   73    1    -3.02467278    0.00E+00   0.19E+00*   1   8 1 -0.41E+00*  0.00   0.00    SX    NO    0:00:00
        2   1   44    1    -3.25560609   -0.23E+00*  0.10E+00*   1   8 1 -0.14E+00*  0.00   0.00    SX    NO    0:00:00
        3   1   28    1    -3.27611719   -0.21E-01*  0.89E-01    1   8 1 -0.30E-01*  0.00   0.00    SX    NO    0:00:00
        4   1   37    1    -3.27810748   -0.20E-02*  0.97E-01    1   8 1 -0.64E-02*  0.00   0.00    SX    NO    0:00:00
        5   1   32    1    -3.27890961   -0.80E-03*  0.17E+00*   3  16 1  0.25E-02*  0.00   2.50    QN   YES    0:00:00
        6   1   30    1    -3.27971963   -0.81E-03*  0.93E-01    2  17 1  0.24E-02*  0.00   1.41    QN   YES    0:00:00
        7   1   26    1    -3.28023144   -0.51E-03*  0.22E+00*   2  17 1  0.30E-02*  0.00   2.50    QN   YES    0:00:00
        8   1   50    1    -3.28055687   -0.33E-03* -0.11E+00*   3   8 1 -0.81E-02*  0.00   0.73    QN   YES    0:00:00
        9   1   45    1    -3.28021020    0.35E-03* -0.83E-01    1   8 1  0.41E-02*  0.00  -0.50    SX   YES    0:00:00
       10   1   76    1    -3.28206474   -0.19E-02* -0.82E-01    3  30 1  0.57E-02*  0.00   2.50    LS   YES    0:00:00
       11   1   66    1    -3.28468596   -0.26E-02* -0.81E-01    3  30 1  0.73E-02*  0.00   2.50    LS   YES    0:00:00
       12   1   67    1    -3.28791750   -0.32E-02* -0.14E+00*   3  30 1  0.81E-02*  0.00   2.50    QN   YES    0:00:00
       13   1   36    1    -3.28680899    0.11E-02* -0.12E+00*   3  29 1  0.21E-01*  0.00  -0.00    SX   YES    0:00:00
       14   1   46    1    -3.29196062   -0.52E-02* -0.11E+00*   3  29 1  0.19E-01*  0.00   2.50    LS   YES    0:00:00
       15   1   45    1    -3.29704046   -0.51E-02* -0.24E+00*   3  29 1  0.17E-01*  0.00   2.50    QN   YES    0:00:00
       16   1   20    1    -3.30464156   -0.76E-02*  0.30E-01    3  30 1 -0.12E-01*  0.00   1.06    QN   YES    0:00:00
       17   1   21    1    -3.30475855   -0.12E-03*  0.30E-01    3  30 1 -0.47E-02*  0.00   0.83    QN   YES    0:00:00
       18   1   21    1    -3.30431168    0.45E-03* -0.28E-01    3  30 1 -0.85E-02*  0.00  -0.50    LS   YES    0:00:00
       19   1   21    1    -3.30474079   -0.43E-03* -0.22E-01    3  30 1 -0.50E-02*  0.00   1.86    LS   YES    0:00:00
       20   1   21    1    -3.30486044   -0.12E-03* -0.13E-01    3  30 1 -0.22E-02*  0.00   1.11    QN   YES    0:00:00
       21   1   20    1    -3.30496252   -0.10E-03* -0.11E-01    3  27 1 -0.20E-02*  0.00   1.91    LS   YES    0:00:00
       22   1   19    1    -3.30499261   -0.30E-04*  0.28E-02    3  29 1  0.30E-02*  0.00   1.05    QN   YES    0:00:00
       23   1   17    1    -3.30501136   -0.19E-04*  0.15E-02    3  29 1  0.81E-03*  0.00   1.54    LS   YES    0:00:00
       24   1   16    1    -3.30501396   -0.26E-05* -0.10E-02    3  29 1 -0.33E-03*  0.00   1.01    QN   YES    0:00:00
       25   1   14    1    -3.30501455   -0.58E-06* -0.29E-03    3  29 1 -0.65E-04   0.00   1.22    QN   YES    0:00:00
       26   1   12    1    -3.30501461   -0.60E-07* -0.85E-04    3  30 1  0.18E-04   0.00   1.14    QN   YES    0:00:00
       27   1    9    1    -3.30501461   -0.33E-08  -0.26E-04    1   7 1 -0.51E-05   0.00   1.25    QN   YES    0:00:00
      Convergence after 27 iterations
 
  Dmat in MO in SXCTL bf call to SXHAM                                                                                    
  mat. size =     6x    6
 
        1.9197580364661591
        0.0000356278835441      1.9412241870404576
       -0.0236454089561396     -0.0000176957801869      1.8734889393708134
        0.0029683644546335     -0.0472037271397922     -0.0005173707070928      0.1305306454253543
        0.0677420881709049      0.0002488276355434      0.0938074386939573      0.0116330112536857      0.0565776352085927
        0.2754936509761456     -0.0002849210335775      0.0352570526774654     -0.0225259294660032      0.0203132146294854
        0.0784205564886295
       28   1    9    1    -3.30501461   -0.31E-09  -0.26E-04    1   8 1  0.16E-05   0.00   1.25    QN   YES    0:00:00
 
      ************************************************************************************************************************
                                                      Wave function printout:
                       occupation of active orbitals, and spin coupling of open shells (u,d: Spin up or down)
      ************************************************************************************************************************
 
      Note: transformation to natural orbitals
      has been made, which may change the order of the CSFs.
 
      printout of CI-coefficients larger than  0.05 for root  1
      energy=      -3.305015
      conf/sym  111111     Coeff  Weight
             1  222000  -0.94585 0.89462
            11  220200   0.19305 0.03727
            18  2udud0   0.13598 0.01849
            26  u2du0d   0.10197 0.01040
            29  202200   0.06952 0.00483
            31  202020   0.06532 0.00427
            36  ud2ud0   0.05969 0.00356
            39  ud20ud   0.05650 0.00319
            41  022200   0.05111 0.00261
            47  2uudd0  -0.06715 0.00451
 
      Natural orbitals and occupation numbers for root  1
      sym 1:   1.965210   1.942454   1.876645   0.135650   0.053380   0.026661
 
      ************************************************************************************************************************
      *                                                                                                                      *
      *                                                    Final results                                                     *
      *                                                                                                                      *
      ************************************************************************************************************************
 
 
++    Wave function specifications:
      -----------------------------
 
      Number of closed shell electrons           0
      Number of electrons in active shells       6
      Max number of holes in RAS1 space          0
      Max nr of electrons in RAS3 space          0
      Number of inactive orbitals                0
      Number of active orbitals                  6
      Number of secondary orbitals              24
      Spin quantum number                      0.0
      State symmetry                             1
--
 
++    Orbital specifications:
      -----------------------
 
      Symmetry species                           1
                                                 a
      Frozen orbitals                            0
      Inactive orbitals                          0
      Active orbitals                            6
      RAS1 orbitals                              0
      RAS2 orbitals                              6
      RAS3 orbitals                              0
      Secondary orbitals                        24
      Deleted orbitals                           0
      Number of basis functions                 30
--
 
++    CI expansion specifications:
      ----------------------------
 
      Number of CSFs                           175
      Number of determinants                   210
      Number of root(s) required                 1
      CI root used                               1
      highest root included in the CI            1
      Root passed to geometry opt.               1
--
 
++    Final optimization conditions:
      ------------------------------
 
      Average CI energy                              -3.30501461
      RASSCF energy for state  1                     -3.30501461
      Super-CI energy                                -0.00000000
      RASSCF energy change                           -0.00000000
      Max change in MO coefficients               0.787E-04
      Max non-diagonal density matrix element    -0.261E-04
      Maximum BLB matrix element                  0.155E-05
      (orbital pair   1,   8 in symmetry   1)
      Norm of electronic gradient            0.314E-05
--
 
 
      Final state energy(ies):
      ------------------------
 
::    RASSCF root number  1 Total energy:     -3.30501461
 
++    Molecular orbitals:
      -------------------
 
      Pseudonatural active orbitals and approximate occupation numbers
 
 
 
 
      Molecular orbitals for symmetry species 1: a  
 
 
      Orbital                1         2         3         4         5         6         7         8         9        10
      Energy            0.0000    0.0000    0.0000    0.0000    0.0000    0.0000    0.2240    0.3036    0.4586    0.5751
      Occ. No.          1.9652    1.9425    1.8766    0.1357    0.0534    0.0267    0.0000    0.0000    0.0000    0.0000
 
    1 H1     1s         0.1920   -0.3426    0.4333   -0.5791   -0.7255   -0.6124   -0.0953    0.1759    0.7720    0.0000
    2 H1     2s         0.0059    0.0027    0.0273    0.0157   -0.0183   -0.0836    0.2760    0.7126    1.1818    0.0000
    3 H1     2px       -0.0000    0.0000   -0.0000    0.0000    0.0000    0.0000    0.0000    0.0000    0.0000   -0.0131
    4 H1     2py       -0.0000    0.0000   -0.0000    0.0000    0.0000    0.0000    0.0000    0.0000    0.0000    0.1839
    5 H1     2pz        0.0140   -0.0172    0.0074    0.0010   -0.0019   -0.0084   -0.0166    0.0215    0.0786    0.0000
    6 H2     1s         0.2664   -0.4084    0.3211    0.2570    0.9745    1.2079   -0.1254   -0.2446   -0.5474   -0.0000
    7 H2     2s        -0.0359    0.0035    0.0820   -0.0497    0.1413    0.3302    0.1965    0.0560   -0.6006   -0.0000
    8 H2     2px        0.0000   -0.0000    0.0000    0.0000    0.0000    0.0000    0.0000    0.0000    0.0000   -0.0212
    9 H2     2py        0.0000   -0.0000    0.0000    0.0000    0.0000    0.0000    0.0000    0.0000   -0.0000    0.2979
   10 H2     2pz        0.0089    0.0070   -0.0319    0.0374    0.0080   -0.0191    0.0070    0.1028    0.2251    0.0000
   11 H3     1s         0.3644   -0.1080   -0.4718    0.6017   -0.4313   -1.5694   -0.0936    0.1595   -0.0134    0.0000
   12 H3     2s        -0.0261    0.0367   -0.0831    0.0562   -0.1098   -0.4423    0.2596    0.2529   -0.4287    0.0000
   13 H3     2px        0.0000    0.0000    0.0000   -0.0000   -0.0000    0.0000   -0.0000    0.0000   -0.0000   -0.0261
   14 H3     2py       -0.0000    0.0000    0.0000   -0.0000   -0.0000    0.0000   -0.0000    0.0000   -0.0000    0.3667
   15 H3     2pz        0.0032    0.0249   -0.0210   -0.0209   -0.0392   -0.0100   -0.0122    0.0800    0.0193   -0.0000
   16 H4     1s         0.3644    0.1080   -0.4718   -0.6017   -0.4313    1.5694   -0.0936   -0.1595   -0.0134   -0.0000
   17 H4     2s        -0.0261   -0.0367   -0.0831   -0.0562   -0.1098    0.4423    0.2596   -0.2529   -0.4286   -0.0000
   18 H4     2px        0.0000    0.0000   -0.0000   -0.0000   -0.0000    0.0000   -0.0000    0.0000   -0.0000   -0.0261
   19 H4     2py        0.0000    0.0000   -0.0000   -0.0000   -0.0000    0.0000   -0.0000    0.0000   -0.0000    0.3667
   20 H4     2pz       -0.0032    0.0249    0.0210   -0.0209    0.0392   -0.0100    0.0122    0.0800   -0.0193   -0.0000
   21 H5     1s         0.2664    0.4084    0.3211   -0.2570    0.9745   -1.2079   -0.1254    0.2446   -0.5474    0.0000
   22 H5     2s        -0.0359   -0.0035    0.0820    0.0497    0.1413   -0.3302    0.1965   -0.0560   -0.6006    0.0000
   23 H5     2px       -0.0000   -0.0000   -0.0000    0.0000   -0.0000    0.0000   -0.0000    0.0000   -0.0000   -0.0212
   24 H5     2py       -0.0000   -0.0000   -0.0000    0.0000   -0.0000    0.0000   -0.0000    0.0000   -0.0000    0.2979
   25 H5     2pz       -0.0089    0.0070    0.0319    0.0374   -0.0080   -0.0192   -0.0070    0.1028   -0.2251   -0.0000
   26 H6     1s         0.1920    0.3426    0.4333    0.5791   -0.7254    0.6124   -0.0953   -0.1759    0.7720   -0.0000
   27 H6     2s         0.0059   -0.0027    0.0273   -0.0157   -0.0183    0.0836    0.2760   -0.7126    1.1818   -0.0000
   28 H6     2px        0.0000    0.0000    0.0000    0.0000   -0.0000    0.0000   -0.0000    0.0000   -0.0000   -0.0131
   29 H6     2py        0.0000    0.0000    0.0000    0.0000   -0.0000    0.0000   -0.0000    0.0000   -0.0000    0.1839
   30 H6     2pz       -0.0140   -0.0172   -0.0074    0.0010    0.0019   -0.0084    0.0166    0.0215   -0.0786   -0.0000
 
 
      Orbital               11        12        13        14        15        16        17        18        19        20
      Energy            0.5751    0.7070    0.7070    0.7812    0.9299    0.9299    1.1853    1.2611    1.2611    1.4416
      Occ. No.          0.0000    0.0000    0.0000    0.0000    0.0000    0.0000    0.0000    0.0000    0.0000    0.0000
 
    1 H1     1s         0.0000    0.0000    0.0000    1.4242   -0.0000   -0.0000   -1.2039    0.0000    0.0000   -1.1352
    2 H1     2s         0.0000    0.0000    0.0000    1.4722   -0.0000   -0.0000   -0.8662    0.0000    0.0000   -1.1994
    3 H1     2px        0.1839    0.0445   -0.3635    0.0000   -0.0910    0.5109   -0.0000    0.0374   -0.6035    0.0000
    4 H1     2py        0.0131   -0.3635   -0.0445    0.0000    0.5109    0.0910   -0.0000   -0.6035   -0.0374    0.0000
    5 H1     2pz        0.0000    0.0000    0.0000    0.1146   -0.0000   -0.0000    0.1837   -0.0000   -0.0000   -0.5375
    6 H2     1s        -0.0000   -0.0000   -0.0000   -1.6366    0.0000    0.0000    2.5333   -0.0000   -0.0000    2.3767
    7 H2     2s        -0.0000   -0.0000   -0.0000   -2.0719    0.0000    0.0000    2.7167   -0.0000   -0.0000    2.4665
    8 H2     2px        0.2979    0.0490   -0.4002    0.0000   -0.0313    0.1756    0.0000   -0.0206    0.3327    0.0000
    9 H2     2py        0.0212   -0.4002   -0.0490    0.0000    0.1756    0.0313    0.0000    0.3327    0.0206    0.0000
   10 H2     2pz        0.0000    0.0000    0.0000    0.1654   -0.0000   -0.0000   -0.0598    0.0000    0.0000    0.3213
   11 H3     1s         0.0000    0.0000    0.0000   -0.0860   -0.0000    0.0000   -1.5586   -0.0000   -0.0000   -1.2380
   12 H3     2s         0.0000   -0.0000   -0.0000   -0.3609   -0.0000    0.0000   -1.7652   -0.0000   -0.0000   -1.3559
   13 H3     2px        0.3667    0.0213   -0.1737   -0.0000    0.0714   -0.4009    0.0000   -0.0302    0.4875   -0.0000
   14 H3     2py        0.0261   -0.1737   -0.0213   -0.0000   -0.4009   -0.0714    0.0000    0.4875    0.0302   -0.0000
   15 H3     2pz       -0.0000   -0.0000   -0.0000   -0.2293    0.0000    0.0000    0.4471   -0.0000   -0.0000   -0.1659
   16 H4     1s        -0.0000   -0.0000   -0.0000    0.0860   -0.0000   -0.0000   -1.5586    0.0000    0.0000   -1.2381
   17 H4     2s        -0.0000   -0.0000   -0.0000    0.3609   -0.0000   -0.0000   -1.7652    0.0000    0.0000   -1.3560
   18 H4     2px        0.3667   -0.0213    0.1737   -0.0000    0.0714   -0.4009   -0.0000    0.0302   -0.4875   -0.0000
   19 H4     2py        0.0261    0.1737    0.0213   -0.0000   -0.4009   -0.0714   -0.0000   -0.4875   -0.0302   -0.0000
   20 H4     2pz       -0.0000   -0.0000   -0.0000   -0.2293    0.0000    0.0000   -0.4471    0.0000    0.0000    0.1659
   21 H5     1s         0.0000    0.0000    0.0000    1.6366    0.0000   -0.0000    2.5334   -0.0000   -0.0000    2.3767
   22 H5     2s         0.0000    0.0000    0.0000    2.0719   -0.0000   -0.0000    2.7167   -0.0000   -0.0000    2.4665
   23 H5     2px        0.2979   -0.0490    0.4002   -0.0000   -0.0313    0.1756   -0.0000    0.0206   -0.3327   -0.0000
   24 H5     2py        0.0212    0.4002    0.0490   -0.0000    0.1756    0.0313   -0.0000   -0.3327   -0.0206   -0.0000
   25 H5     2pz       -0.0000    0.0000   -0.0000    0.1654   -0.0000   -0.0000    0.0598   -0.0000   -0.0000   -0.3213
   26 H6     1s        -0.0000   -0.0000   -0.0000   -1.4242    0.0000    0.0000   -1.2039    0.0000    0.0000   -1.1352
   27 H6     2s        -0.0000   -0.0000   -0.0000   -1.4722    0.0000    0.0000   -0.8662    0.0000    0.0000   -1.1994
   28 H6     2px        0.1839   -0.0445    0.3635   -0.0000   -0.0910    0.5109   -0.0000   -0.0374    0.6035   -0.0000
   29 H6     2py        0.0131    0.3635    0.0445   -0.0000    0.5109    0.0910   -0.0000    0.6035    0.0374   -0.0000
   30 H6     2pz       -0.0000    0.0000   -0.0000    0.1146   -0.0000   -0.0000   -0.1837    0.0000    0.0000    0.5375
 
 
      Orbital               21        22        23        24        25        26        27        28        29        30
      Energy            1.5426    1.6980    1.6980    2.0027    2.1677    2.1677    2.2104    2.8306    3.5811    4.5645
      Occ. No.          0.0000    0.0000    0.0000    0.0000    0.0000    0.0000    0.0000    0.0000    0.0000    0.0000
 
    1 H1     1s        -0.0412    0.0000    0.0000   -1.8474    0.0000   -0.0000   -1.4176   -1.4513   -1.2047    0.8702
    2 H1     2s         0.1713    0.0000    0.0000   -1.5120    0.0000   -0.0000   -0.9125   -0.6219   -0.2701    0.1148
    3 H1     2px        0.0000   -0.3258    0.4703    0.0000    0.2705   -0.2471    0.0000   -0.0000   -0.0000    0.0000
    4 H1     2py       -0.0000    0.4703    0.3258    0.0000   -0.2471   -0.2705    0.0000   -0.0000   -0.0000    0.0000
    5 H1     2pz        0.6202    0.0000    0.0000   -0.6490    0.0000   -0.0000   -0.9421   -0.8934   -0.7326    0.4944
    6 H2     1s         0.8741   -0.0000   -0.0000    5.4740   -0.0000    0.0000    2.7946    1.6470   -0.1212    0.7030
    7 H2     2s         1.0751   -0.0000   -0.0000    4.6096   -0.0000    0.0000    1.5895    0.7598    0.0138   -0.0528
    8 H2     2px        0.0000    0.4568   -0.6594   -0.0000   -0.5456    0.4985   -0.0000   -0.0000   -0.0000    0.0000
    9 H2     2py        0.0000   -0.6594   -0.4568   -0.0000    0.4985    0.5456   -0.0000   -0.0000   -0.0000    0.0000
   10 H2     2pz       -0.0645   -0.0000   -0.0000    0.4976    0.0000    0.0000   -0.1780   -0.9762   -1.6328    1.4890
   11 H3     1s        -2.6314    0.0000    0.0000   -8.1445    0.0000   -0.0000   -1.2746    0.8751    1.3964    0.4663
   12 H3     2s        -2.9680   -0.0000   -0.0000   -7.0206    0.0000   -0.0000   -0.7883   -0.0623    0.1826    0.1663
   13 H3     2px        0.0000   -0.2107    0.3041    0.0000    0.7021   -0.6415    0.0000    0.0000    0.0000    0.0000
   14 H3     2py        0.0000    0.3041    0.2107    0.0000   -0.6415   -0.7021    0.0000    0.0000    0.0000    0.0000
   15 H3     2pz        0.0276    0.0000    0.0000   -0.2290   -0.0000    0.0000    0.7723    0.7305   -0.8647    2.1562
   16 H4     1s         2.6313   -0.0000   -0.0000    8.1445    0.0000    0.0000   -1.2746   -0.8751    1.3964   -0.4663
   17 H4     2s         2.9680    0.0000    0.0000    7.0206    0.0000    0.0000   -0.7883    0.0623    0.1826   -0.1663
   18 H4     2px        0.0000   -0.2107    0.3041    0.0000   -0.7021    0.6415   -0.0000    0.0000    0.0000    0.0000
   19 H4     2py        0.0000    0.3041    0.2107    0.0000    0.6415    0.7021   -0.0000    0.0000    0.0000    0.0000
   20 H4     2pz        0.0276    0.0000    0.0000   -0.2290    0.0000   -0.0000   -0.7723    0.7305    0.8647    2.1562
   21 H5     1s        -0.8741    0.0000    0.0000   -5.4740   -0.0000    0.0000    2.7946   -1.6470   -0.1212   -0.7030
   22 H5     2s        -1.0751    0.0000    0.0000   -4.6096   -0.0000   -0.0000    1.5895   -0.7598    0.0138    0.0528
   23 H5     2px        0.0000    0.4568   -0.6594    0.0000    0.5456   -0.4985    0.0000   -0.0000    0.0000    0.0000
   24 H5     2py        0.0000   -0.6594   -0.4568    0.0000   -0.4985   -0.5456    0.0000   -0.0000    0.0000    0.0000
   25 H5     2pz       -0.0645   -0.0000   -0.0000    0.4976   -0.0000    0.0000    0.1780   -0.9762    1.6328    1.4890
   26 H6     1s         0.0412   -0.0000   -0.0000    1.8474    0.0000   -0.0000   -1.4176    1.4513   -1.2047   -0.8702
   27 H6     2s        -0.1713   -0.0000   -0.0000    1.5120    0.0000   -0.0000   -0.9125    0.6219   -0.2701   -0.1148
   28 H6     2px        0.0000   -0.3258    0.4703    0.0000   -0.2705    0.2471    0.0000   -0.0000    0.0000    0.0000
   29 H6     2py        0.0000    0.4703    0.3258    0.0000    0.2471    0.2705    0.0000   -0.0000    0.0000    0.0000
   30 H6     2pz        0.6202    0.0000    0.0000   -0.6489   -0.0000    0.0000    0.9421   -0.8934    0.7326    0.4944
--
 
      Von Neumann Entropy (Root  1) =  0.63782
 

      Mulliken population analysis for root number:  1
      -----------------------------------------------
 
 
++    Molecular charges:
      ------------------
 
      Mulliken charges per centre and basis function type
      ---------------------------------------------------
 
                H1      H2      H3      H4      H5      H6    
      1s       0.9934  0.9921  1.0048  1.0048  0.9921  0.9934
      2s      -0.0011 -0.0259 -0.0576 -0.0576 -0.0259 -0.0011
      2px      0.0000  0.0000  0.0000  0.0000  0.0000  0.0000
      2pz      0.0150  0.0401  0.0392  0.0392  0.0401  0.0150
      2py      0.0000  0.0000  0.0000  0.0000  0.0000  0.0000
      Total    1.0073  1.0063  0.9864  0.9864  1.0063  1.0073
 
      N-E     -0.0073 -0.0063  0.0136  0.0136 -0.0063 -0.0073
 
      Total electronic charge=    6.000000
 
      Total            charge=   -0.000000
--
 
 

      Expectation values of various properties for root number:  1
      -----------------------------------------------------------
 
 
++    Molecular properties:
      ---------------------
 
      Charge (e):
                      =   -0.0000
      Dipole Moment (Debye):
      Origin of the operator (Ang)=    0.0000    0.0000    0.0000
                   X= -6.6212E-09               Y= -1.1455E-08               Z= -1.9490E-05           Total=  1.9490E-05
      Quadrupole Moment (Debye*Ang):
      Origin of the operator (Ang)=    0.0000    0.0000    2.7121
                  XX= -7.0079E+00              XY= -3.4027E-16              XZ= -4.7068E-08              YY= -7.0079E+00
                  YZ= -3.0368E-08              ZZ= -6.2822E+00
      In traceless form (Debye*Ang)
                  XX= -3.6286E-01              XY= -5.1041E-16              XZ= -7.0602E-08              YY= -3.6286E-01
                  YZ= -4.5552E-08              ZZ=  7.2573E-01
--
 

      LoProp population analysis for root number:  1
      -----------------------------------------------
 
 
++    LoProp analysis:
      ----------------
 
 
 
  Input file to MOLDEN was generated!
 
 
++    Static properties:
      ------------------
 
 
      LoProp Charges per center
 

                   H1       H2       H3       H4       H5       H6    
      Nuclear      1.0000   1.0000   1.0000   1.0000   1.0000   1.0000
      Electronic  -1.0152  -0.9906  -0.9942  -0.9942  -0.9906  -1.0152
 
      Total       -0.0152   0.0094   0.0058   0.0058   0.0094  -0.0152
--
 
 
      Natural Bond Order analysis for root number:  1
 
++    Natural Bond Order analysis
      ---------------------------
      Based on LoProp computed density
      -------------------------------------------------------------------------------------
      Atom A       Atom B       Bond Order | Atom A       Atom B       Bond Order
        H1           H2             0.945  |   H3           H4             0.921
        H5           H6             0.945  |
      -------------------------------------------------------------------------------------
      NBO located      5.621 electrons involved in    3 bonds.
      The remaining    0.379 electrons are to be considered as diffuse
--
 
--
 
 
  Input file to MOLDEN was generated!
 
      Average orbitals are written to the RASORB file
      Natural orbitals for root   1 are written to the RASORB.1 file
      Spin density orbitals for root   1 are written to the SPDORB.1 file
 
forrtl: warning (525): IEEE_DIVIDE_BY_ZERO is signaling
forrtl: warning (526): IEEE_INVALID is signaling
forrtl: warning (528): IEEE_UNDERFLOW is signaling
--- Stop Module: rasscf at Sun Oct 26 13:01:27 2025 /rc=_RC_ALL_IS_WELL_ ---
*** files: H6_1.08.LprOrb H6_1.08.rasscf.molden H6_1.08.LoProp.molden H6_1.08.RasOrb.1 H6_1.08.RasOrb H6_1.08.rasscf.h5 H6_1.08.SpdOrb.1 xmldump
    saved to directory /home/grierjones/DDCASPT2/hydrogen_comps/rerun/H6_chain/H6_1.08
--- Module rasscf spent 1 second ---

>>> COPY /tmp/H6_1.08/H6_1.08.rasscf.h5 /home/grierjones/DDCASPT2/hydrogen_comps/rerun/H6_chain/H6_1.08/

>>> COPY /tmp/H6_1.08/GMJ_Fock_MO.csv /home/grierjones/DDCASPT2/hydrogen_comps/rerun/H6_chain/H6_1.08/H6_1.08.GMJ_Fock_MO.csv

*** symbolic link created: INPORB -> H6_1.08.RasOrb
--- Start Module: motra at Sun Oct 26 13:01:27 2025 ---
 
()()()()()()()()()()()()()()()()()()()()()()()()()()()()()()()()()()()()()()()()()()()()()()()()()()

                                               &MOTRA

                                   only a single process is used
                       available to each process: 2.0 GB of memory, 1 thread?
()()()()()()()()()()()()()()()()()()()()()()()()()()()()()()()()()()()()()()()()()()()()()()()()()()
 
 
      *** WARNING: Default frozen orbitals is overwritten by user input.
      *** Default values:   0
 
      Header of the integral files:
      
       Integrals generated by seward 4.2.0  , Sun Oct 26 13:01:25 2025
 
 
      Header of MO coefficients source file:
      * RASSCF average (pseudo-natural) orbitals                                      
 
 
      Cartesian coordinates in Angstrom:
      -----------------------------------------------------
      No.  Label        X            Y            Z        
      -----------------------------------------------------
       1   H1         0.00000000   0.00000000   0.00000000
       2   H2         0.00000000   0.00000000   1.08484800
       3   H3         0.00000000   0.00000000   2.16969700
       4   H4         0.00000000   0.00000000   3.25454500
       5   H5         0.00000000   0.00000000   4.33939400
       6   H6         0.00000000   0.00000000   5.42424200
      -----------------------------------------------------
      Nuclear repulsion energy =    4.24376493
 
      Orbital specifications:
      -----------------------
 
      Symmetry species:              1
      Number of basis functions:    30
      Frozen orbitals:               0
      Deleted orbitals:              0
      Number of orbitals used:      30

       SYMMETRY  BASIS FUNCTIONS       ORBITALS      INTEGRALS   CPU(SEC)  I/O(SEC)
        1 1 1 1   30  30  30  30    30  30  30  30      108345       0.00      0.00

       TOTAL CPU TIME(SEC)    0.06TOTAL I/O TIME(SEC)    0.16
 
--- Stop Module: motra at Sun Oct 26 13:01:27 2025 /rc=_RC_ALL_IS_WELL_ ---
*** files: xmldump
    saved to directory /home/grierjones/DDCASPT2/hydrogen_comps/rerun/H6_chain/H6_1.08

>>> COPY /tmp/H6_1.08/GMJ_one_int_indx.csv /home/grierjones/DDCASPT2/hydrogen_comps/rerun/H6_chain/H6_1.08/H6_1.08.GMJ_one_int_indx.csv

>>> COPY /tmp/H6_1.08/GMJ_one_int.csv /home/grierjones/DDCASPT2/hydrogen_comps/rerun/H6_chain/H6_1.08/H6_1.08.GMJ_one_int.csv

>>> COPY /tmp/H6_1.08/GMJ_two_int_indx.csv /home/grierjones/DDCASPT2/hydrogen_comps/rerun/H6_chain/H6_1.08/H6_1.08.GMJ_two_int_indx.csv

>>> COPY /tmp/H6_1.08/GMJ_two_int.csv /home/grierjones/DDCASPT2/hydrogen_comps/rerun/H6_chain/H6_1.08/H6_1.08.GMJ_two_int.csv

*** symbolic link created: INPORB -> H6_1.08.RasOrb
--- Start Module: caspt2 at Sun Oct 26 13:01:27 2025 ---
 
()()()()()()()()()()()()()()()()()()()()()()()()()()()()()()()()()()()()()()()()()()()()()()()()()()

                                              &CASPT2

                                   only a single process is used
                       available to each process: 2.0 GB of memory, 1 thread?
()()()()()()()()()()()()()()()()()()()()()()()()()()()()()()()()()()()()()()()()()()()()()()()()()()
 
 Cholesky algorithm in CASPT2 =    1
 
 ###############################################################################
 ###############################################################################
 ###                                                                         ###
 ###                                                                         ###
 ###    User changed nr of frozen orbitals.                                  ###
 ###                                                                         ###
 ###                                                                         ###
 ###############################################################################
 ###############################################################################
 
++    Wave function specifications:
      -----------------------------
 
      Number of closed shell electrons           0
      Number of electrons in active shells       6
      Max number of holes in RAS1 space          0
      Max number of electrons in RAS3 space      0
      Number of inactive orbitals                0
      Number of active orbitals                  6
      Number of secondary orbitals              24
      Spin quantum number                      0.0
      State symmetry                             1
      Number of CSFs                           175
      Number of root(s) available                1
      Root passed to geometry opt.               1
      A file JOBMIX will be created.
      This is a CASSCF or RASSCF reference function
--
 
++    Orbital specifications:
      -----------------------
 
      Symmetry species                           1
                                                 a
      Frozen orbitals                            0
      Inactive orbitals                          0
      Active orbitals                            6
      Secondary orbitals                        24
      Deleted orbitals                           0
      Number of basis functions                 30
--
 
      Type of Fock operator: STANDARD
      Type of 0-order Hamiltonian: STANDARD WITH DEFAULT IPEA
        "IP-EA" denominator shift =      0.25
      The input orbitals and the CI vector will be transformed.
 
--------------------------------------------------------------------------------
 Estimated memory requirements:
  POLY3 :                   262414
  RHS:                      285604
  SIGMA :                   275200
  PRPCTL:                        0
 Available workspace:    230396124
 
++ CASPT2 computation for group   1
 
********************************************************************************
 Multi-State initialization phase begins for group   1
--------------------------------------------------------------------------------
********************************************************************************
 Compute H0 matrices for state    1
--------------------------------------------------------------------------------
--------------------------------------------------------------------------------
 H0 matrices have been computed.
 
********************************************************************************
  CASPT2 EQUATION SOLUTION
--------------------------------------------------------------------------------
 
  Total nr of CASPT2 parameters:
   Before reduction:       15624
   After  reduction:       15384
 
 The contributions to the second order correlation energy in atomic units.
-----------------------------------------------------------------------------------------------------------------------------
  IT.      VJTU        VJTI        ATVX        AIVX        VJAI        BVAT        BJAT        BJAI        TOTAL       RNORM  
-----------------------------------------------------------------------------------------------------------------------------
   1     0.000000    0.000000   -0.010309    0.000000    0.000000   -0.030393    0.000000    0.000000   -0.040702    0.002856
   2     0.000000    0.000000   -0.010448    0.000000    0.000000   -0.030434    0.000000    0.000000   -0.040882    0.000279
   3     0.000000    0.000000   -0.010449    0.000000    0.000000   -0.030435    0.000000    0.000000   -0.040884    0.000041
   4     0.000000    0.000000   -0.010448    0.000000    0.000000   -0.030435    0.000000    0.000000   -0.040883    0.000004
-------------------------------------------------------------------------------------------------------------------
 
  FINAL CASPT2 RESULT:
 
  Correlation energy /Case, /Symm, and sums:
 VJTU      0.00000000  0.00000000
 VJTIP     0.00000000  0.00000000
 VJTIM     0.00000000  0.00000000
 ATVX     -0.01044754 -0.01044754
 AIVX      0.00000000  0.00000000
 VJAIP     0.00000000  0.00000000
 VJAIM     0.00000000  0.00000000
 BVATP    -0.02871682 -0.02871682
 BVATM    -0.00171844 -0.00171844
 BJATP     0.00000000  0.00000000
 BJATM     0.00000000  0.00000000
 BJAIP     0.00000000  0.00000000
 BJAIM     0.00000000  0.00000000
 Summed:  -0.04088280 -0.04088280
 
      Reference energy:          -3.3050146094
      E2 (Non-variational):      -0.0408827971
      E2 (Variational):          -0.0408828067
      Total energy:              -3.3458974162
      Residual norm:              0.0000005148
      Reference weight:           0.98401
 
      Contributions to the CASPT2 correlation energy
      Active & Virtual Only:         -0.0408827971
      One Inactive Excited:           0.0000000000
      Two Inactive Excited:           0.0000000000
 
 
++ Denominators, etc.
----------------------------------------------------------------------------------------------------
 Report on small energy denominators, large coefficients, and large energy contributions.
CASE  SYMM ACTIVE-MIX  NON-ACTIVE INDICES          DENOMINATOR     RHS VALUE       COEFFICIENT     CONTRIBUTION
--
 
   (Skipping property calculation,
    use PROP keyword to activate)
--
 
  Total CASPT2 energies:
::    CASPT2 Root  1     Total energy:     -3.34589742
 
  A NEW JOBIPH FILE NAMED 'JOBMIX' IS PREPARED.
********************************************************************************
forrtl: warning (528): IEEE_UNDERFLOW is signaling
--- Stop Module: caspt2 at Sun Oct 26 13:01:27 2025 /rc=_RC_ALL_IS_WELL_ ---
*** files: xmldump
    saved to directory /home/grierjones/DDCASPT2/hydrogen_comps/rerun/H6_chain/H6_1.08

>>> EXPORT i = B

>>> EXPORT j = P

>>> IF (-FILE GMJ_e2_${i}_${j}_1_.csv)
(Skipped)

>>> END FOREACH

>>> EXPORT j = M

>>> IF (-FILE GMJ_e2_${i}_${j}_1_.csv)
(Skipped)

>>> END FOREACH

>>> END FOREACH

>>> EXPORT i = E

>>> EXPORT j = P

>>> IF (-FILE GMJ_e2_${i}_${j}_1_.csv)
(Skipped)

>>> END FOREACH

>>> EXPORT j = M

>>> IF (-FILE GMJ_e2_${i}_${j}_1_.csv)
(Skipped)

>>> END FOREACH

>>> END FOREACH

>>> EXPORT i = F

>>> EXPORT j = P

>>> IF (-FILE GMJ_e2_${i}_${j}_1_.csv)

>>> COPY /tmp/H6_1.08/GMJ_RHS_F_P_1_.csv /home/grierjones/DDCASPT2/hydrogen_comps/rerun/H6_chain/H6_1.08/GMJ_RHS_F_P_1_.csv

>>> COPY /tmp/H6_1.08/GMJ_IVECW_F_P_1_.csv /home/grierjones/DDCASPT2/hydrogen_comps/rerun/H6_chain/H6_1.08/GMJ_IVECW_F_P_1_.csv

>>> COPY /tmp/H6_1.08/GMJ_IVECX_F_P_1_.csv /home/grierjones/DDCASPT2/hydrogen_comps/rerun/H6_chain/H6_1.08/GMJ_IVECX_F_P_1_.csv

>>> COPY /tmp/H6_1.08/GMJ_IVECC2_F_P_1_.csv /home/grierjones/DDCASPT2/hydrogen_comps/rerun/H6_chain/H6_1.08/GMJ_IVECC2_F_P_1_.csv

>>> COPY /tmp/H6_1.08/GMJ_e2_F_P_1_.csv /home/grierjones/DDCASPT2/hydrogen_comps/rerun/H6_chain/H6_1.08/GMJ_e2_F_P_1_.csv

>>> END FOREACH

>>> EXPORT j = M

>>> IF (-FILE GMJ_e2_${i}_${j}_1_.csv)

>>> COPY /tmp/H6_1.08/GMJ_RHS_F_M_1_.csv /home/grierjones/DDCASPT2/hydrogen_comps/rerun/H6_chain/H6_1.08/GMJ_RHS_F_M_1_.csv

>>> COPY /tmp/H6_1.08/GMJ_IVECW_F_M_1_.csv /home/grierjones/DDCASPT2/hydrogen_comps/rerun/H6_chain/H6_1.08/GMJ_IVECW_F_M_1_.csv

>>> COPY /tmp/H6_1.08/GMJ_IVECX_F_M_1_.csv /home/grierjones/DDCASPT2/hydrogen_comps/rerun/H6_chain/H6_1.08/GMJ_IVECX_F_M_1_.csv

>>> COPY /tmp/H6_1.08/GMJ_IVECC2_F_M_1_.csv /home/grierjones/DDCASPT2/hydrogen_comps/rerun/H6_chain/H6_1.08/GMJ_IVECC2_F_M_1_.csv

>>> COPY /tmp/H6_1.08/GMJ_e2_F_M_1_.csv /home/grierjones/DDCASPT2/hydrogen_comps/rerun/H6_chain/H6_1.08/GMJ_e2_F_M_1_.csv

>>> END FOREACH

>>> END FOREACH

>>> EXPORT i = G

>>> EXPORT j = P

>>> IF (-FILE GMJ_e2_${i}_${j}_1_.csv)
(Skipped)

>>> END FOREACH

>>> EXPORT j = M

>>> IF (-FILE GMJ_e2_${i}_${j}_1_.csv)
(Skipped)

>>> END FOREACH

>>> END FOREACH

>>> EXPORT i = H

>>> EXPORT j = P

>>> IF (-FILE GMJ_e2_${i}_${j}_1_.csv)
(Skipped)

>>> END FOREACH

>>> EXPORT j = M

>>> IF (-FILE GMJ_e2_${i}_${j}_1_.csv)
(Skipped)

>>> END FOREACH

>>> END FOREACH

>>> EXPORT i = A

>>> IF (-FILE GMJ_e2_${i}_1_.csv)
(Skipped)

>>> END FOREACH

>>> EXPORT i = C

>>> IF (-FILE GMJ_e2_${i}_1_.csv)

>>> COPY /tmp/H6_1.08/GMJ_RHS_C_1_.csv /home/grierjones/DDCASPT2/hydrogen_comps/rerun/H6_chain/H6_1.08/GMJ_RHS_C_1_.csv

>>> COPY /tmp/H6_1.08/GMJ_IVECW_C_1_.csv /home/grierjones/DDCASPT2/hydrogen_comps/rerun/H6_chain/H6_1.08/GMJ_IVECW_C_1_.csv

>>> COPY /tmp/H6_1.08/GMJ_IVECX_C_1_.csv /home/grierjones/DDCASPT2/hydrogen_comps/rerun/H6_chain/H6_1.08/GMJ_IVECX_C_1_.csv

>>> COPY /tmp/H6_1.08/GMJ_IVECC2_C_1_.csv /home/grierjones/DDCASPT2/hydrogen_comps/rerun/H6_chain/H6_1.08/GMJ_IVECC2_C_1_.csv

>>> COPY /tmp/H6_1.08/GMJ_e2_C_1_.csv /home/grierjones/DDCASPT2/hydrogen_comps/rerun/H6_chain/H6_1.08/GMJ_e2_C_1_.csv

>>> END FOREACH

>>> EXPORT i = D

>>> IF (-FILE GMJ_e2_${i}_1_.csv)
(Skipped)

>>> END FOREACH

.########################.
.# Non-zero return code #.
.########################.

    Timing: Wall=2.79 User=1.92 System=0.86
***************************************
*** WorkDir at /tmp/H6_1.08 cleaned ***
***************************************
