   This run of MOLCAS is using the pymolcas driver

                             OPE
                             OPE          NMOL  CASOP  ENMOLC A   SO
                 OPE        NMOLC        AS  OP EN  MO LC     AS  OP
                OPENM       OL CA        SO  PE NM  OL CA     SOP EN
                OP EN      MO   LC       AS  OP ENMOL  CASO   PENMOL
                OP  EN     MO   LC       AS  OP EN     MO     LC ASO
               OP   E  NMOL  C  AS       OP  EN MO     LC     AS  OP
               OP  E   NMO   LC AS        OPEN  MO     LCASOP EN   M
               O  PEN   MO  LCA  SO
            OPE   NMO   L   CAS    OP
        OPENMOL  CASOP     ENMOL   CASOPE
     OPENMOLCA   SOPENMOLCASOPEN   MOLCASOPE
    OPENMOLCAS   OP           EN   MOL    CAS
    OPENMOLCAS       OP  ENM        O     LCA
    OPENMOLCAS    OPEN  MOLCASO     P  E  NMO
    OPENMOLCAS     OP               E  N  MOL
    OPENMOLCA   SO           PENM   O  L  CAS    OPEN    MO    LCAS
    OPENMOLCA   SOP           ENM   O  L  CAS   OP  EN  MOLC  AS   O
    OPENMOLCA   SOPE           NM      O  LCA   S      OP  EN MO
    OPENMOLC                AS         O  PEN   M      OL  CA  SOPE
    OPENMO        LCASOPE  NMOL        C  ASO   P      ENMOLC     AS
    OPE     NMO      LCA  SO     P     E   NM   OL  CA SO  PE N   MO
          OPENMOLCA            SOPE   NMO        LCAS  O    P  ENMO
     OPENMOLCASOPENMOLCASOPENMOLCASOPENMOLCA
        OPENMOLCASOPENMOLCASOPENMOLCASOPE
            OPENMOLCASOPENMOLCASOPENM
               OPENMOLCASOPENMOLCA        version: f37762c57
                   OPENMOLCASO
                       OPE                tag:

 OpenMolcas is free software; you can redistribute it and/or modify it
 under the terms of the GNU Lesser General Public License version 2.1.
 OpenMolcas is distributed in the hope that it will be useful, but it
 is provided "as is" and without any express or implied warranties.
 For more details see the full text of the license in the file
 LICENSE or in <http://www.gnu.org/licenses/>.

                 Copyright (C) The OpenMolcas Authors
           For the author list and the recommended citation,
                   consult the file CONTRIBUTORS.md

           *************************************************
           * pymolcas version py2.28                       *
           *   build c4a6d18ded8cb6cad61d2372a9abd97c      *
           *   (after the EMIL interpreter by V. Veryazov) *
           *************************************************

configuration info
------------------
C Compiler ID: Intel
C flags: -std=gnu99 -gcc-sys
Fortran Compiler ID: IntelLLVM
Fortran flags: -standard-semantics -fltconsistency -fpp -i8 -heap-arrays
Definitions: _MOLCAS_;_I8_;_LINUX_
Parallel: OFF (GA=OFF)


   --------------------------------------------------------------------------------------
  |
  |              Project: H8_0.94
  |       Submitted from: ${LOCALHOME}/DDCASPT2/hydrogen_comps/rerun/H8_chain/H8_0.94
  |         Scratch area: /tmp/H8_0.94
  |      Save outputs to: ${LOCALHOME}/DDCASPT2/hydrogen_comps/rerun/H8_chain/H8_0.94
  |               Molcas: ${LOCALHOME}/Test/build
  |
  | Scratch area is empty
  |
  |       MOLCAS_DRIVER = /usr/local/pymolcas
  | MOLCAS_KEEP_WORKDIR = NO
  |  MOLCAS_NEW_WORKDIR = YES
  |       MOLCAS_NPROCS = 1
  |        MOLCAS_PRINT = NORMAL
  |       MOLCAS_SOURCE = ${LOCALHOME}/Test
  |    MOLCAS_STRUCTURE = 0
  |
   --------------------------------------------------------------------------------------

++ ---------   Input file   ---------

&GATEWAY
coord=H8_0.94.xyz
Basis = ANO-RCC-VDZP
Group = nosymm
End of Input

&SEWARD
End of Input

&SCF

>>> COPY $WorkDir/H8_0.94.scf.h5 $CurrDir/

&RASSCF
Title= RASSCF
FileOrb
${LOCALHOME}/DDCASPT2/hydrogen_comps/rerun/H8_chain/H8_0.60/H8_0.60.RasOrb
NACTEL
8 0 0
Inactive
0
RAS2
8
Symmetry
1
Spin
1
orblisting
all

>>> COPY $WorkDir/H8_0.94.rasscf.h5 $CurrDir/

>>> COPY $WorkDir/DDCASPT2_Fock_MO.csv $CurrDir/H8_0.94.DDCASPT2_Fock_MO.csv

&MOTRA
Frozen=0
LUMORB

>>> COPY $WorkDir/DDCASPT2_one_int_indx.csv $CurrDir/H8_0.94.DDCASPT2_one_int_indx.csv

>>> COPY $WorkDir/DDCASPT2_one_int.csv $CurrDir/H8_0.94.DDCASPT2_one_int.csv

>>> COPY $WorkDir/DDCASPT2_two_int_indx.csv $CurrDir/H8_0.94.DDCASPT2_two_int_indx.csv

>>> COPY $WorkDir/DDCASPT2_two_int.csv $CurrDir/H8_0.94.DDCASPT2_two_int.csv

&CASPT2
Frozen
0

MAXITER
50

>>> FOREACH i IN (B,E,F,G,H)

  >>> FOREACH j IN (P,M)

    >>> IF (-FILE DDCASPT2_e2_${i}_${j}_1_.csv)

      >>> COPY $WorkDir/DDCASPT2_RHS_${i}_${j}_1_.csv $CurrDir/DDCASPT2_RHS_${i}_${j}_1_.csv

      >>> COPY $WorkDir/DDCASPT2_IVECW_${i}_${j}_1_.csv $CurrDir/DDCASPT2_IVECW_${i}_${j}_1_.csv

      >>> COPY $WorkDir/DDCASPT2_IVECX_${i}_${j}_1_.csv $CurrDir/DDCASPT2_IVECX_${i}_${j}_1_.csv

      >>> COPY $WorkDir/DDCASPT2_IVECC2_${i}_${j}_1_.csv $CurrDir/DDCASPT2_IVECC2_${i}_${j}_1_.csv

      >>> COPY $WorkDir/DDCASPT2_e2_${i}_${j}_1_.csv $CurrDir/DDCASPT2_e2_${i}_${j}_1_.csv

    >>> END IF

  >>> END FOREACH

>>> END FOREACH

>>> FOREACH i IN (A,C,D)

  >>> IF (-FILE DDCASPT2_e2_${i}_1_.csv)

    >>> COPY $WorkDir/DDCASPT2_RHS_${i}_1_.csv $CurrDir/DDCASPT2_RHS_${i}_1_.csv

    >>> COPY $WorkDir/DDCASPT2_IVECW_${i}_1_.csv $CurrDir/DDCASPT2_IVECW_${i}_1_.csv

    >>> COPY $WorkDir/DDCASPT2_IVECX_${i}_1_.csv $CurrDir/DDCASPT2_IVECX_${i}_1_.csv

    >>> COPY $WorkDir/DDCASPT2_IVECC2_${i}_1_.csv $CurrDir/DDCASPT2_IVECC2_${i}_1_.csv

    >>> COPY $WorkDir/DDCASPT2_e2_${i}_1_.csv $CurrDir/DDCASPT2_e2_${i}_1_.csv

  >>> END IF

>>> END FOREACH

-- ----------------------------------

--- Start Module: gateway at Sun Oct 26 13:06:44 2025 ---
 
()()()()()()()()()()()()()()()()()()()()()()()()()()()()()()()()()()()()()()()()()()()()()()()()()()

                                              &GATEWAY

                                   only a single process is used
                       available to each process: 2.0 GB of memory, 1 thread?
()()()()()()()()()()()()()()()()()()()()()()()()()()()()()()()()()()()()()()()()()()()()()()()()()()
 
 
++    Symmetry information:
      ---------------------
 
                    Character Table for C1 
 
                             E  
                    a        1  x, y, xy, Rz, z, xz, Ry, yz, Rx, I
--
 
 
++    Basis set information:
      ----------------------
 
 
      Basis set label: H.ANO-RCC...2S1P.
 
      Electronic valence basis set:
      ------------------
      Associated Effective Charge   1.000000 au
      Associated Actual Charge      1.000000 au
      Nuclear Model: Point charge
 
      Shell  nPrim  nBasis  Cartesian Spherical Contaminant
         s       8       2        X                  
         p       4       1        X                  
--
 
 
++    Molecular structure info:
      -------------------------
 
                    ************************************************ 
                    **** Cartesian Coordinates / Bohr, Angstrom **** 
                    ************************************************ 
 
     Center  Label                x              y              z                     x              y              z
        1      H1               0.000000       0.000000       0.000000              0.000000       0.000000       0.000000
        2      H2               0.000000       0.000000       1.775197              0.000000       0.000000       0.939394
        3      H3               0.000000       0.000000       3.550395              0.000000       0.000000       1.878788
        4      H4               0.000000       0.000000       5.325592              0.000000       0.000000       2.818182
        5      H5               0.000000       0.000000       7.100790              0.000000       0.000000       3.757576
        6      H6               0.000000       0.000000       8.875987              0.000000       0.000000       4.696970
        7      H7               0.000000       0.000000      10.651184              0.000000       0.000000       5.636364
        8      H8               0.000000       0.000000      12.426382              0.000000       0.000000       6.575758
 
                    *************************************** 
                    *    InterNuclear Distances / Bohr    * 
                    *************************************** 
 
               1 H1            2 H2            3 H3            4 H4            5 H5            6 H6    
    1 H1       0.000000
    2 H2       1.775197        0.000000
    3 H3       3.550395        1.775197        0.000000
    4 H4       5.325592        3.550395        1.775197        0.000000
    5 H5       7.100790        5.325592        3.550395        1.775197        0.000000
    6 H6       8.875987        7.100790        5.325592        3.550395        1.775197        0.000000
    7 H7      10.651184        8.875987        7.100790        5.325592        3.550395        1.775197
    8 H8      12.426382       10.651184        8.875987        7.100790        5.325592        3.550395
 
               7 H7            8 H8    
    7 H7       0.000000
    8 H8       1.775197        0.000000
 
                    ******************************************* 
                    *    InterNuclear Distances / Angstrom    * 
                    ******************************************* 
 
               1 H1            2 H2            3 H3            4 H4            5 H5            6 H6    
    1 H1       0.000000
    2 H2       0.939394        0.000000
    3 H3       1.878788        0.939394        0.000000
    4 H4       2.818182        1.878788        0.939394        0.000000
    5 H5       3.757576        2.818182        1.878788        0.939394        0.000000
    6 H6       4.696970        3.757576        2.818182        1.878788        0.939394        0.000000
    7 H7       5.636364        4.696970        3.757576        2.818182        1.878788        0.939394
    8 H8       6.575758        5.636364        4.696970        3.757576        2.818182        1.878788
 
               7 H7            8 H8    
    7 H7       0.000000
    8 H8       0.939394        0.000000
 
                    ************************************** 
                    *    Valence Bond Angles / Degree    * 
                    ************************************** 
                          Atom centers                 Phi
                      1 H1       2 H2       3 H3       180.00
                      2 H2       3 H3       4 H4       180.00
                      3 H3       4 H4       5 H5       180.00
                      4 H4       5 H5       6 H6       180.00
                      5 H5       6 H6       7 H7       180.00
                      6 H6       7 H7       8 H8       180.00
--
 
 
            Nuclear Potential Energy              7.74159385 au
 
--- Stop Module: gateway at Sun Oct 26 13:06:44 2025 /rc=_RC_ALL_IS_WELL_ ---
*** files: xmldump
    saved to directory ${LOCALHOME}/DDCASPT2/hydrogen_comps/rerun/H8_chain/H8_0.94

--- Start Module: seward at Sun Oct 26 13:06:44 2025 ---
 
()()()()()()()()()()()()()()()()()()()()()()()()()()()()()()()()()()()()()()()()()()()()()()()()()()

                                              &SEWARD

                                   only a single process is used
                       available to each process: 2.0 GB of memory, 1 thread?
()()()()()()()()()()()()()()()()()()()()()()()()()()()()()()()()()()()()()()()()()()()()()()()()()()
 
               SEWARD will generate:
                  Multipole Moment integrals up to order  2
                  Kinetic Energy integrals
                  Nuclear Attraction integrals (point charge)
                  One-Electron Hamiltonian integrals
                  Velocity integrals
                  Relativistic Douglas-Kroll-Hess integrals:
                    - Parametrization         : EXP
                    - DKH order of Hamiltonian: 2
                    - DKH order of Properties : 0
                         - multipole moment operators
                         - electric potential operators
                         - contact operators
                  Atomic mean-field integrals
                  Two-Electron Repulsion integrals
 
                   Integrals are discarded if absolute value <: 0.10E-13
                   Integral cutoff threshold is set to       <: 0.10E-15
 
            Nuclear Potential Energy              7.74159385 au
 
 
      Basis set specifications :
      Symmetry species         a  
      Basis functions           40
 
 
  Input file to MOLDEN was generated!
 
forrtl: warning (525): IEEE_DIVIDE_BY_ZERO is signaling
forrtl: warning (526): IEEE_INVALID is signaling
forrtl: warning (528): IEEE_UNDERFLOW is signaling
--- Stop Module: seward at Sun Oct 26 13:06:45 2025 /rc=_RC_ALL_IS_WELL_ ---
*** files: H8_0.94.GssOrb H8_0.94.guessorb.h5 H8_0.94.guessorb.molden xmldump
    saved to directory ${LOCALHOME}/DDCASPT2/hydrogen_comps/rerun/H8_chain/H8_0.94

*** symbolic link created: INPORB -> H8_0.94.GssOrb
--- Start Module: scf at Sun Oct 26 13:06:45 2025 ---
 
()()()()()()()()()()()()()()()()()()()()()()()()()()()()()()()()()()()()()()()()()()()()()()()()()()

                                                &SCF

                                   only a single process is used
                       available to each process: 2.0 GB of memory, 1 thread?
()()()()()()()()()()()()()()()()()()()()()()()()()()()()()()()()()()()()()()()()()()()()()()()()()()
 
++    Input section:
      --------------
 
      Header of the integral files:
      
       Integrals generated by seward 4.2.0  , Sun Oct 26 13:06:44 2025
 
 
      Cartesian coordinates in Angstrom:
      -----------------------------------------------------
      No.  Label        X            Y            Z        
      -----------------------------------------------------
       1   H1         0.00000000   0.00000000   0.00000000
       2   H2         0.00000000   0.00000000   0.93939400
       3   H3         0.00000000   0.00000000   1.87878800
       4   H4         0.00000000   0.00000000   2.81818200
       5   H5         0.00000000   0.00000000   3.75757600
       6   H6         0.00000000   0.00000000   4.69697000
       7   H7         0.00000000   0.00000000   5.63636400
       8   H8         0.00000000   0.00000000   6.57575800
      -----------------------------------------------------
      Nuclear repulsion energy =    7.74159385
--
 
++    Orbital specifications:
      -----------------------
 
      Symmetry species               1
                                     a
      Frozen orbitals                0
      Occupied orbitals              4
      Secondary orbitals            36
      Deleted orbitals               0
      Total number of orbitals      40
      Number of basis functions     40
--
 
      Molecular charge                           0.000
 
++    Optimization specifications:
      ----------------------------
 
      SCF Algorithm: Conventional
      Minimized density differences are used
      Number of density matrices in core                5
      Maximum number of NDDO SCF iterations           400
      Maximum number of HF SCF iterations             400
      Threshold for SCF energy change            0.10E-08
      Threshold for density matrix               0.10E-03
      Threshold for Fock matrix                  0.15E-03
      Threshold for linear dependence            0.10E-08
      Threshold at which DIIS is turned on       0.15E+00
      Threshold at which QNR/C2DIIS is turned on 0.75E-01
      Threshold for Norm(delta) (QNR/C2DIIS)     0.20E-04
      DIIS extrapolation of the SCF procedure
      All orbitals punched on: SCFORB
--
 
      Input vectors read from INPORB
      Orbital file label: *Guess orbitals
 
 
++ Convergence information
                                   SCF        iterations: Energy and convergence statistics
 
Iter     Tot. SCF        One-elec.       Two-elec.     Energy      Max Dij or  Max Fij      DNorm      TNorm      AccCon     Time
         Energy          Energy          Energy        Change      Delta Norm                                                in Sec.
   1    -4.213951696   -19.154551842     7.199006300   0.00E+00    0.20E+00*   0.17E+00*    0.37E+01   0.15E+02   None         0.
   2    -4.315268602   -19.510262868     7.453400419  -0.10E+00*   0.48E-01*   0.16E-01*    0.17E+01   0.16E+02   EDIIS        0.
   3    -4.319001703   -19.491397652     7.430802103  -0.37E-02*   0.10E-01*   0.44E-02*    0.35E+00   0.16E+02   EDIIS        0.
   4    -4.319274280   -19.496809510     7.435941384  -0.27E-03*   0.40E-02*   0.20E-02*    0.78E-01   0.16E+02   c2DIIS       0.
   5    -4.319314674   -19.496801844     7.435893324  -0.40E-04*   0.86E-03*   0.30E-03*    0.12E-01   0.16E+02   QNRc2DIIS    0.
   6    -4.319316118   -19.497040254     7.436130290  -0.14E-05*   0.63E-03*   0.12E-03     0.11E-02   0.16E+02   QNRc2DIIS    0.
   7    -4.319316432   -19.497000677     7.436090399  -0.31E-06*   0.15E-04    0.94E-05     0.23E-03   0.16E+02   QNRc2DIIS    0.
   8    -4.319316432   -19.497013018     7.436102739  -0.55E-09    0.39E-05    0.19E-05     0.22E-04   0.16E+02   QNRc2DIIS    0.
 
       Convergence after  8 Macro Iterations
--
 
 *****************************************************************************************************************************
 *                                                                                                                           *
 *                                             SCF/KS-DFT Program, Final results                                             *
 *                                                                                                                           *
 *                                                                                                                           *
 *                                                                                                                           *
 *                                                       Final Results                                                       *
 *                                                                                                                           *
 *****************************************************************************************************************************
 
::    Total SCF energy                                 -4.3193164322
      One-electron energy                             -19.4970130176
      Two-electron energy                               7.4361027393
      Nuclear repulsion energy                          7.7415938461
      Kinetic energy (interpolated)                     4.2311753224
      Virial theorem                                    1.0208313537
      Total spin, S(S+1)                                0.0000000000
      Total spin, S                                     0.0000000000
      Max non-diagonal density matrix element           0.0000052034
      Max non-diagonal Fock matrix element              0.0000005313
 
 
      All orbitals with orbital energies smaller than  E(LUMO)+0.5 are printed
 
++    Molecular orbitals:
      -------------------
 
      Title: SCF orbitals

      Molecular orbitals for symmetry species 1: a  
 
          Orbital            1         2         3         4         5         6         7         8         9        10    
          Energy           -0.7534   -0.6689   -0.5334   -0.3566    0.0541    0.1869    0.1976    0.3428    0.3511    0.5289
          Occ. No.          2.0000    2.0000    2.0000    2.0000    0.0000    0.0000    0.0000    0.0000    0.0000    0.0000
 
        1 H1     1s         0.1291   -0.2519    0.3406   -0.4027    0.8470   -0.9832   -0.1836    0.9563   -1.0175    0.0000
        2 H1     2s         0.0144   -0.0117   -0.0014   -0.0459    0.5000   -0.9159    0.1217    1.1099   -0.3550    0.0000
        3 H1     2px        0.0000   -0.0000    0.0000   -0.0000   -0.0000    0.0000    0.0000   -0.0000    0.0000    0.1128
        4 H1     2py        0.0000   -0.0000    0.0000    0.0000   -0.0000    0.0000   -0.0000   -0.0000    0.0000    0.0517
        5 H1     2pz        0.0128   -0.0223    0.0183   -0.0082    0.0063   -0.0258   -0.0104    0.0777    0.0045    0.0000
        6 H2     1s         0.1540   -0.2868    0.3665   -0.2853   -0.5872    1.3748   -0.1736   -1.4908    1.1448    0.0000
        7 H2     2s        -0.0439    0.0562    0.0187   -0.0965   -0.2826    0.7211    0.0917   -1.0117    1.0079   -0.0000
        8 H2     2px        0.0000   -0.0000    0.0000   -0.0000    0.0000   -0.0000    0.0000   -0.0000   -0.0000    0.1836
        9 H2     2py        0.0000   -0.0000    0.0000    0.0000   -0.0000    0.0000   -0.0000   -0.0000    0.0000    0.0841
       10 H2     2pz        0.0077   -0.0049   -0.0208    0.0362   -0.0101   -0.0598   -0.0012    0.1744    0.0333    0.0000
       11 H3     1s         0.2874   -0.2582   -0.0947    0.5037   -0.5470   -0.5456    0.2930    1.4802   -0.0325   -0.0000
       12 H3     2s        -0.0191    0.0483   -0.0476    0.1195   -0.1789   -0.4533    0.3985    0.7655    0.2286   -0.0000
       13 H3     2px        0.0000    0.0000   -0.0000   -0.0000    0.0000   -0.0000    0.0000   -0.0000   -0.0000    0.2444
       14 H3     2py        0.0000   -0.0000   -0.0000    0.0000   -0.0000    0.0000   -0.0000   -0.0000   -0.0000    0.1120
       15 H3     2pz        0.0076    0.0086   -0.0335    0.0214    0.0254   -0.0571   -0.0207    0.0702    0.0487    0.0000
       16 H4     1s         0.3018   -0.1694   -0.2661    0.3977    0.4786   -0.2258   -0.2944   -0.7660   -0.7869   -0.0000
       17 H4     2s        -0.0422   -0.0172    0.0291    0.0921    0.1881   -0.0536    0.1120   -0.7243   -0.3165   -0.0000
       18 H4     2px        0.0000    0.0000    0.0000   -0.0000    0.0000   -0.0000    0.0000    0.0000   -0.0000    0.2760
       19 H4     2py       -0.0000   -0.0000   -0.0000    0.0000   -0.0000    0.0000   -0.0000    0.0000   -0.0000    0.1265
       20 H4     2pz       -0.0000    0.0225   -0.0146   -0.0295    0.0330   -0.0292   -0.0141    0.0220    0.1215   -0.0000
       21 H5     1s         0.3018    0.1694   -0.2661   -0.3977    0.4786    0.2258   -0.2944   -0.7660    0.7869    0.0000
       22 H5     2s        -0.0422    0.0172    0.0291   -0.0921    0.1881    0.0536    0.1120   -0.7243    0.3165    0.0000
       23 H5     2px       -0.0000   -0.0000    0.0000    0.0000    0.0000    0.0000    0.0000    0.0000    0.0000    0.2760
       24 H5     2py        0.0000    0.0000    0.0000    0.0000    0.0000    0.0000   -0.0000    0.0000   -0.0000    0.1265
       25 H5     2pz        0.0000    0.0225    0.0146   -0.0295   -0.0330   -0.0292    0.0141   -0.0220    0.1215   -0.0000
       26 H6     1s         0.2874    0.2582   -0.0947   -0.5037   -0.5470    0.5456    0.2930    1.4802    0.0325   -0.0000
       27 H6     2s        -0.0191   -0.0483   -0.0476   -0.1195   -0.1789    0.4533    0.3985    0.7655   -0.2286   -0.0000
       28 H6     2px        0.0000    0.0000   -0.0000   -0.0000    0.0000    0.0000    0.0000    0.0000    0.0000    0.2444
       29 H6     2py        0.0000   -0.0000   -0.0000    0.0000    0.0000   -0.0000   -0.0000    0.0000   -0.0000    0.1120
       30 H6     2pz       -0.0076    0.0086    0.0335    0.0214   -0.0254   -0.0571    0.0207   -0.0702    0.0487   -0.0000
       31 H7     1s         0.1540    0.2868    0.3665    0.2853   -0.5872   -1.3748   -0.1736   -1.4908   -1.1448    0.0000
       32 H7     2s        -0.0439   -0.0562    0.0187    0.0965   -0.2826   -0.7211    0.0917   -1.0117   -1.0079    0.0000
       33 H7     2px       -0.0000    0.0000   -0.0000   -0.0000    0.0000    0.0000    0.0000   -0.0000    0.0000    0.1836
       34 H7     2py       -0.0000   -0.0000    0.0000    0.0000    0.0000    0.0000   -0.0000   -0.0000   -0.0000    0.0841
       35 H7     2pz       -0.0077   -0.0049    0.0208    0.0362    0.0101   -0.0598    0.0012   -0.1744    0.0333    0.0000
       36 H8     1s         0.1291    0.2519    0.3406    0.4027    0.8470    0.9832   -0.1836    0.9563    1.0175   -0.0000
       37 H8     2s         0.0144    0.0117   -0.0014    0.0459    0.5000    0.9159    0.1217    1.1099    0.3550   -0.0000
       38 H8     2px        0.0000    0.0000    0.0000    0.0000   -0.0000    0.0000    0.0000   -0.0000   -0.0000    0.1128
       39 H8     2py       -0.0000   -0.0000    0.0000    0.0000    0.0000    0.0000   -0.0000   -0.0000    0.0000    0.0517
       40 H8     2pz       -0.0128   -0.0223   -0.0183   -0.0082   -0.0063   -0.0258    0.0104   -0.0777    0.0045    0.0000
 
          Orbital           11    
          Energy            0.5289
          Occ. No.          0.0000
 
        1 H1     1s        -0.0000
        2 H1     2s        -0.0000
        3 H1     2px       -0.0517
        4 H1     2py        0.1128
        5 H1     2pz       -0.0000
        6 H2     1s         0.0000
        7 H2     2s         0.0000
        8 H2     2px       -0.0841
        9 H2     2py        0.1836
       10 H2     2pz        0.0000
       11 H3     1s        -0.0000
       12 H3     2s        -0.0000
       13 H3     2px       -0.1120
       14 H3     2py        0.2444
       15 H3     2pz        0.0000
       16 H4     1s        -0.0000
       17 H4     2s        -0.0000
       18 H4     2px       -0.1265
       19 H4     2py        0.2760
       20 H4     2pz        0.0000
       21 H5     1s         0.0000
       22 H5     2s         0.0000
       23 H5     2px       -0.1265
       24 H5     2py        0.2760
       25 H5     2pz       -0.0000
       26 H6     1s        -0.0000
       27 H6     2s        -0.0000
       28 H6     2px       -0.1120
       29 H6     2py        0.2444
       30 H6     2pz       -0.0000
       31 H7     1s         0.0000
       32 H7     2s         0.0000
       33 H7     2px       -0.0841
       34 H7     2py        0.1836
       35 H7     2pz        0.0000
       36 H8     1s        -0.0000
       37 H8     2s        -0.0000
       38 H8     2px       -0.0517
       39 H8     2py        0.1128
       40 H8     2pz        0.0000
--
 
 
++    Molecular charges:
      ------------------
 
      Mulliken charges per centre and basis function type
      ---------------------------------------------------
 
                H1      H2      H3      H4      H5      H6      H7      H8    
      1s       1.0345  0.9436  1.0173  0.9665  0.9665  1.0173  0.9436  1.0345
      2s       0.0018 -0.0252 -0.0807 -0.0443 -0.0443 -0.0807 -0.0252  0.0018
      2px      0.0000  0.0000  0.0000  0.0000  0.0000  0.0000  0.0000  0.0000
      2pz      0.0227  0.0559  0.0551  0.0528  0.0528  0.0551  0.0559  0.0227
      2py      0.0000  0.0000  0.0000  0.0000  0.0000  0.0000  0.0000  0.0000
      Total    1.0589  0.9743  0.9917  0.9750  0.9750  0.9917  0.9743  1.0589
 
      N-E     -0.0589  0.0257  0.0083  0.0250  0.0250  0.0083  0.0257 -0.0589
 
      Total electronic charge=    8.000000
 
      Total            charge=   -0.000000
--
 
 
  Input file to MOLDEN was generated!
 
 
++    Static properties:
      ------------------
 
 
      LoProp Charges per center
 

                   H1       H2       H3       H4       H5       H6       H7       H8    
      Nuclear      1.0000   1.0000   1.0000   1.0000   1.0000   1.0000   1.0000   1.0000
      Electronic  -1.0376  -0.9827  -0.9923  -0.9874  -0.9874  -0.9923  -0.9827  -1.0376
 
      Total       -0.0376   0.0173   0.0077   0.0126   0.0126   0.0077   0.0173  -0.0376
--
 
 
++    Natural Bond Order analysis
      ---------------------------
      Based on LoProp computed density
      -------------------------------------------------------------------------------------
      Atom A       Atom B       Bond Order | Atom A       Atom B       Bond Order
        H1           H2             0.985  |   H5           H6             0.950
        H3           H4             0.950  |   H7           H8             0.985
      -------------------------------------------------------------------------------------
      NBO located      7.739 electrons involved in    4 bonds.
      The remaining    0.261 electrons are to be considered as diffuse
--
 
 
++    Molecular properties:
      ---------------------
 
      Charge (e):
                      =   -0.0000
      Dipole Moment (Debye):
      Origin of the operator (Ang)=    0.0000    0.0000    0.0000
                   X= -2.5118E-14               Y= -6.3231E-14               Z=  4.8311E-11           Total=  4.8311E-11
      Quadrupole Moment (Debye*Ang):
      Origin of the operator (Ang)=    0.0000    0.0000    3.2879
                  XX= -8.7449E+00              XY= -3.6303E-29              XZ=  7.4341E-14              YY= -8.7449E+00
                  YZ=  1.4833E-13              ZZ= -1.0828E+01
      In traceless form (Debye*Ang)
                  XX=  1.0417E+00              XY= -5.4455E-29              XZ=  1.1151E-13              YY=  1.0417E+00
                  YZ=  2.2250E-13              ZZ= -2.0834E+00
--
 
 
  Input file to MOLDEN was generated!
 
 ###############################################################################
 ###############################################################################
 ###                                                                         ###
 ###                                                                         ###
 ###    RunFile label nBas                                                   ###
 ###    was used       78 times                                              ###
 ###                                                                         ###
 ###                                                                         ###
 ###############################################################################
 ###############################################################################
forrtl: warning (528): IEEE_UNDERFLOW is signaling
--- Stop Module: scf at Sun Oct 26 13:06:45 2025 /rc=_RC_ALL_IS_WELL_ ---
*** files: H8_0.94.LprOrb H8_0.94.LoProp.molden H8_0.94.scf.molden H8_0.94.ScfOrb H8_0.94.scf.h5 xmldump
    saved to directory ${LOCALHOME}/DDCASPT2/hydrogen_comps/rerun/H8_chain/H8_0.94

>>> COPY /tmp/H8_0.94/H8_0.94.scf.h5 ${LOCALHOME}/DDCASPT2/hydrogen_comps/rerun/H8_chain/H8_0.94/

*** symbolic link created: INPORB -> H8_0.94.ScfOrb
--- Start Module: rasscf at Sun Oct 26 13:06:45 2025 ---
 
()()()()()()()()()()()()()()()()()()()()()()()()()()()()()()()()()()()()()()()()()()()()()()()()()()

                                              &RASSCF

                                   only a single process is used
                       available to each process: 2.0 GB of memory, 1 thread?
()()()()()()()()()()()()()()()()()()()()()()()()()()()()()()()()()()()()()()()()()()()()()()()()()()
 
 
      Header of the ONEINT file:
      --------------------------
      
      Integrals generated by seward 4.2.0  , Sun Oct 26 13:06:44 2025
 
 
      OrdInt status: non-squared
 
 
      Cartesian coordinates in Angstrom:
      -----------------------------------------------------
      No.  Label        X            Y            Z        
      -----------------------------------------------------
       1   H1         0.00000000   0.00000000   0.00000000
       2   H2         0.00000000   0.00000000   0.93939400
       3   H3         0.00000000   0.00000000   1.87878800
       4   H4         0.00000000   0.00000000   2.81818200
       5   H5         0.00000000   0.00000000   3.75757600
       6   H6         0.00000000   0.00000000   4.69697000
       7   H7         0.00000000   0.00000000   5.63636400
       8   H8         0.00000000   0.00000000   6.57575800
      -----------------------------------------------------
      Nuclear repulsion energy =    7.74159385
 
++    Wave function specifications:
      -----------------------------
 
      Number of closed shell electrons           0
      Number of electrons in active shells       8
      Max number of holes in RAS1 space          0
      Max nr of electrons in RAS3 space          0
      Number of inactive orbitals                0
      Number of active orbitals                  8
      Number of secondary orbitals              32
      Spin quantum number                      0.0
      State symmetry                             1
--
 
++    Orbital specifications:
      -----------------------
 
      Symmetry species                           1
                                                 a
      Frozen orbitals                            0
      Inactive orbitals                          0
      Active orbitals                            8
      RAS1 orbitals                              0
      RAS2 orbitals                              8
      RAS3 orbitals                              0
      Secondary orbitals                        32
      Deleted orbitals                           0
      Number of basis functions                 40
--
 
++    CI expansion specifications:
      ----------------------------
 
      Number of CSFs                          1764
      Number of determinants                  2485
      Number of root(s) required                 1
      Root chosen for geometry opt.              1
      CI root used                               1
         
      highest root included in the CI            1
      max. size of the explicit Hamiltonian    200
--
 
++    Optimization specifications:
      ----------------------------
 
      RASSCF algorithm: Conventional
      Maximum number of macro iterations       200
      Maximum number of SX iterations          100
      Threshold for RASSCF energy            0.100E-07
      Threshold for max MO rotation          0.100E+00
      Threshold for max BLB element          0.100E-03
      Level shift parameter                  0.500E+00
      Make Quasi-Newton update
--
 
      The MO-coefficients are taken from the file:
      ${LOCALHOME}/DDCASPT2/hydrogen_comps/rerun/H8_chain/H8_0.60/H8_0.60.RasOrb                                                  
      Title: RASSCF average (pseudo-natural) orbitals                                      
 
      Total molecular charge    0.00
 
      ************************************************************************************************************************
      *                                                                                                                      *
      *                                            Wave function control section                                             *
      *                                                                                                                      *
      ************************************************************************************************************************
 
 
                                         RASSCF iterations: Energy and convergence statistics
                                         ----------------------------------------------------
 
      Iter CI   SX   CI       RASSCF       Energy    max ROT     max BLB   max BLB  Level Ln srch  Step   QN   Walltime
          iter iter root      energy       change     param      element    value   shift minimum  type update hh:mm:ss
 Nr of preliminary CI iterations:   4
        1   1   96    1    -4.18481338    0.00E+00   0.13E+00*   2  38 1 -0.50E+00*  0.02   0.00    SX    NO    0:00:00
        2   4   75    1    -4.38221489   -0.20E+00*  0.73E-01    1   9 1 -0.93E-01*  0.00   0.00    SX    NO    0:00:00
        3   3   16    1    -4.39753239   -0.15E-01*  0.38E-01    1   9 1 -0.22E-01*  0.00   0.00    SX    NO    0:00:00
        4   3   13    1    -4.39890860   -0.14E-02*  0.21E-01    1   9 1 -0.48E-02*  0.00   0.00    SX    NO    0:00:00
        5   3   12    1    -4.39920869   -0.30E-03*  0.22E-01    4  36 1  0.17E-02*  0.00   2.13    LS   YES    0:00:00
        6   4   11    1    -4.39932778   -0.12E-03* -0.77E-02    1   9 1  0.28E-02*  0.00   1.09    QN   YES    0:00:00
        7   4   11    1    -4.39935336   -0.26E-04* -0.53E-02    1   9 1  0.11E-02*  0.00   1.70    LS   YES    0:00:00
        8   4   11    1    -4.39935861   -0.53E-05* -0.27E-02    3  35 1 -0.32E-03*  0.00   1.02    QN   YES    0:00:00
        9   3   10    1    -4.39936114   -0.25E-05* -0.18E-02    1   9 1 -0.23E-03*  0.00   1.67    LS   YES    0:00:00
       10   3   10    1    -4.39936162   -0.48E-06* -0.10E-02    1   9 1 -0.32E-03*  0.00   1.01    QN   YES    0:00:00
       11   4    8    1    -4.39936197   -0.34E-06* -0.42E-03    1   9 1 -0.59E-04   0.00   1.41    LS   YES    0:00:00
       12   3    8    1    -4.39936200   -0.32E-07*  0.17E-03    1   9 1  0.47E-04   0.00   1.01    QN   YES    0:00:00
       13   2    7    1    -4.39936201   -0.11E-07*  0.30E-03    1   9 1  0.15E-04   0.00   1.50    QN   YES    0:00:00
       14   3    6    1    -4.39936202   -0.83E-08   0.45E-03    8  32 1 -0.89E-05   0.00   2.50    LS   YES    0:00:00
      Convergence after 14 iterations
 
  Dmat in MO in SXCTL bf call to SXHAM                                                                                    
  mat. size =     8x    8
 
        1.9844218390444721
       -0.0000000045923278      1.9663053137288506
       -0.0111455903002526      0.0000000085534100      1.9579009053894940
        0.0000000408866883     -0.0193624691341578     -0.0000000179025180      1.9166696670994274
       -0.0520982318317475     -0.0000000346341026     -0.0489156005407839      0.0000001241044491      0.0229275922486159
        0.0000000652398686     -0.1106920743740577      0.0000001903085764     -0.0688533863329605     -0.0000000031279461
        0.0499504294740747
        0.0485022264581717     -0.0000000586330713     -0.0002025614490833     -0.0000000402974801      0.0080863996380512
       -0.0000000066485914      0.0986909413299416
        0.0000000310013321      0.0000048374653387     -0.0000000027305439     -0.0000301103220628     -0.0000000008355220
        0.0000067714575133      0.0000000011972506      0.0031333116851156
       15   3    6    1    -4.39936204   -0.21E-07*  0.45E-03    1   9 1 -0.39E-04   0.00   2.50    LS   YES    0:00:00
 
      ************************************************************************************************************************
                                                      Wave function printout:
                       occupation of active orbitals, and spin coupling of open shells (u,d: Spin up or down)
      ************************************************************************************************************************
 
      Note: transformation to natural orbitals
      has been made, which may change the order of the CSFs.
 
      printout of CI-coefficients larger than  0.05 for root  1
      energy=      -4.399362
      conf/sym  11111111     Coeff  Weight
             1  22220000   0.95949 0.92062
            23  22200020  -0.16053 0.02577
            32  22ud0ud0  -0.10728 0.01151
            41  2u2du0d0   0.07102 0.00504
            60  22020200  -0.05128 0.00263
            63  22020020  -0.06432 0.00414
            72  2ud20ud0  -0.05144 0.00265
           120  22uu0dd0  -0.06535 0.00427
 
      Natural orbitals and occupation numbers for root  1
      sym 1:   1.990166   1.976782   1.956023   1.915167   0.019175   0.040976   0.098578   0.003133
 
      ************************************************************************************************************************
      *                                                                                                                      *
      *                                                    Final results                                                     *
      *                                                                                                                      *
      ************************************************************************************************************************
 
 
++    Wave function specifications:
      -----------------------------
 
      Number of closed shell electrons           0
      Number of electrons in active shells       8
      Max number of holes in RAS1 space          0
      Max nr of electrons in RAS3 space          0
      Number of inactive orbitals                0
      Number of active orbitals                  8
      Number of secondary orbitals              32
      Spin quantum number                      0.0
      State symmetry                             1
--
 
++    Orbital specifications:
      -----------------------
 
      Symmetry species                           1
                                                 a
      Frozen orbitals                            0
      Inactive orbitals                          0
      Active orbitals                            8
      RAS1 orbitals                              0
      RAS2 orbitals                              8
      RAS3 orbitals                              0
      Secondary orbitals                        32
      Deleted orbitals                           0
      Number of basis functions                 40
--
 
++    CI expansion specifications:
      ----------------------------
 
      Number of CSFs                          1764
      Number of determinants                  2485
      Number of root(s) required                 1
      CI root used                               1
      highest root included in the CI            1
      Root passed to geometry opt.               1
--
 
++    Final optimization conditions:
      ------------------------------
 
      Average CI energy                              -4.39936204
      RASSCF energy for state  1                     -4.39936204
      Super-CI energy                                -0.00000002
      RASSCF energy change                            0.00000000
      Max change in MO coefficients               0.126E-02
      Max non-diagonal density matrix element     0.445E-03
      Maximum BLB matrix element                 -0.392E-04
      (orbital pair   1,   9 in symmetry   1)
      Norm of electronic gradient            0.734E-04
--
 
 
      Final state energy(ies):
      ------------------------
 
::    RASSCF root number  1 Total energy:     -4.39936204
 
++    Molecular orbitals:
      -------------------
 
      Pseudonatural active orbitals and approximate occupation numbers
 
 
 
 
      Molecular orbitals for symmetry species 1: a  
 
 
      Orbital                1         2         3         4         5         6         7         8         9        10
      Energy            0.0000    0.0000    0.0000    0.0000    0.0000    0.0000    0.0000    0.0000    0.1954    0.2607
      Occ. No.          1.9902    1.9768    1.9560    1.9152    0.0192    0.0410    0.0986    0.0031    0.0000    0.0000
 
    1 H1     1s         0.0874   -0.2187    0.3529   -0.4395    0.6768   -0.7049   -0.5451    0.0006   -0.0893    0.2338
    2 H1     2s         0.0135   -0.0079   -0.0020   -0.0419    0.0515    0.0128    0.0333    0.0001    0.1844    0.6381
    3 H1     2px       -0.0000   -0.0000    0.0000    0.0000   -0.0000   -0.0000    0.0000   -0.0038   -0.0000   -0.0000
    4 H1     2py       -0.0000   -0.0000    0.0000    0.0000   -0.0000   -0.0000    0.0000   -0.0015   -0.0000   -0.0000
    5 H1     2pz        0.0095   -0.0197    0.0169   -0.0063   -0.0096    0.0102    0.0052    0.0000   -0.0030    0.0425
    6 H2     1s         0.1162   -0.2620    0.3642   -0.2808   -1.2304    0.8667    0.2337   -0.0013   -0.0911   -0.4785
    7 H2     2s        -0.0418    0.0709   -0.0076   -0.0728   -0.2619    0.1011   -0.0389   -0.0003    0.1499   -0.0921
    8 H2     2px       -0.0000   -0.0000    0.0000    0.0000   -0.0000   -0.0000   -0.0000   -0.0220   -0.0000   -0.0000
    9 H2     2py       -0.0000   -0.0000    0.0000    0.0000   -0.0000   -0.0000   -0.0000   -0.0085   -0.0000   -0.0000
   10 H2     2pz        0.0107   -0.0105   -0.0155    0.0345    0.0115    0.0331    0.0519    0.0000   -0.0005    0.0932
   11 H3     1s         0.2805   -0.3128   -0.0213    0.4755    1.2114   -0.2053    0.5151    0.0019   -0.0449    0.5006
   12 H3     2s        -0.0213    0.0309   -0.0303    0.1101    0.3452   -0.0984    0.0394    0.0005    0.2258    0.5292
   13 H3     2px        0.0000   -0.0000   -0.0000   -0.0000    0.0000    0.0000    0.0000    0.0506   -0.0000   -0.0000
   14 H3     2py        0.0000   -0.0000   -0.0000   -0.0000    0.0000    0.0000    0.0000    0.0196   -0.0000   -0.0000
   15 H3     2pz        0.0110    0.0074   -0.0330    0.0216    0.0554   -0.0662   -0.0214    0.0000   -0.0155    0.0640
   16 H4     1s         0.3409   -0.1712   -0.2460    0.3512   -0.5168   -0.5572   -0.4001   -0.0022   -0.0987   -0.5239
   17 H4     2s        -0.0409   -0.0082    0.0195    0.0708   -0.1569   -0.1076   -0.0333   -0.0006    0.2007   -0.3018
   18 H4     2px       -0.0000    0.0000    0.0000   -0.0000    0.0000    0.0001    0.0000    0.5129   -0.0000   -0.0000
   19 H4     2py       -0.0000    0.0000    0.0000   -0.0000    0.0000    0.0000    0.0000    0.1991   -0.0000   -0.0000
   20 H4     2pz        0.0040    0.0234   -0.0165   -0.0274   -0.0880    0.0347   -0.0478   -0.0000   -0.0007    0.0884
   21 H5     1s         0.3409    0.1712   -0.2460   -0.3512   -0.5168    0.5572   -0.4001    0.0022   -0.0987    0.5239
   22 H5     2s        -0.0409    0.0082    0.0195   -0.0708   -0.1569    0.1076   -0.0333    0.0006    0.2007    0.3018
   23 H5     2px        0.0000    0.0000   -0.0000   -0.0000   -0.0000    0.0001   -0.0000    0.5129    0.0000   -0.0000
   24 H5     2py        0.0000    0.0000   -0.0000   -0.0000   -0.0000    0.0000   -0.0000    0.1991    0.0000   -0.0000
   25 H5     2pz       -0.0040    0.0234    0.0165   -0.0274    0.0880    0.0347    0.0478   -0.0000    0.0007    0.0884
   26 H6     1s         0.2805    0.3128   -0.0213   -0.4755    1.2114    0.2053    0.5151   -0.0019   -0.0449   -0.5006
   27 H6     2s        -0.0213   -0.0309   -0.0303   -0.1101    0.3452    0.0984    0.0394   -0.0005    0.2258   -0.5292
   28 H6     2px       -0.0000   -0.0000    0.0000   -0.0000   -0.0000    0.0000   -0.0000    0.0506    0.0000   -0.0000
   29 H6     2py       -0.0000   -0.0000    0.0000   -0.0000   -0.0000    0.0000   -0.0000    0.0196    0.0000   -0.0000
   30 H6     2pz       -0.0110    0.0074    0.0330    0.0216   -0.0554   -0.0662    0.0214    0.0000    0.0155    0.0640
   31 H7     1s         0.1162    0.2620    0.3642    0.2808   -1.2304   -0.8667    0.2337    0.0013   -0.0911    0.4785
   32 H7     2s        -0.0418   -0.0709   -0.0076    0.0728   -0.2619   -0.1011   -0.0389    0.0003    0.1499    0.0921
   33 H7     2px        0.0000   -0.0000   -0.0000    0.0000    0.0000   -0.0000    0.0000   -0.0220    0.0000   -0.0000
   34 H7     2py        0.0000   -0.0000   -0.0000    0.0000    0.0000   -0.0000    0.0000   -0.0085    0.0000   -0.0000
   35 H7     2pz       -0.0107   -0.0105    0.0155    0.0345   -0.0115    0.0331   -0.0519    0.0000    0.0005    0.0932
   36 H8     1s         0.0874    0.2187    0.3529    0.4395    0.6768    0.7049   -0.5451   -0.0006   -0.0893   -0.2338
   37 H8     2s         0.0135    0.0079   -0.0020    0.0419    0.0515   -0.0128    0.0333   -0.0001    0.1844   -0.6381
   38 H8     2px        0.0000   -0.0000   -0.0000    0.0000    0.0000   -0.0000   -0.0000   -0.0038   -0.0000   -0.0000
   39 H8     2py        0.0000   -0.0000   -0.0000    0.0000    0.0000   -0.0000   -0.0000   -0.0015   -0.0000   -0.0000
   40 H8     2pz       -0.0095   -0.0197   -0.0169   -0.0063    0.0096    0.0102   -0.0052    0.0000    0.0030    0.0425
 
 
      Orbital               11        12        13        14        15        16        17        18        19        20
      Energy            0.3805    0.5337    0.5584    0.6337    0.6337    0.7107    0.7985    0.9170    0.9474    1.0321
      Occ. No.          0.0000    0.0000    0.0000    0.0000    0.0000    0.0000    0.0000    0.0000    0.0000    0.0000
 
    1 H1     1s        -0.7090    0.0000    1.6363    0.0000    0.0000    0.0002   -0.0000    1.8759   -0.6738    0.0000
    2 H1     2s        -1.0774    0.0000    1.5572    0.0000    0.0000    0.0005   -0.0000    1.6258   -0.0893    0.0000
    3 H1     2px        0.0000   -0.0454   -0.0001   -0.2393    0.0929    0.3362   -0.1398    0.0000   -0.0004   -0.4602
    4 H1     2py        0.0000    0.1169   -0.0000   -0.0929   -0.2393    0.1305    0.3602    0.0000   -0.0002   -0.1786
    5 H1     2pz       -0.1209    0.0000    0.1430   -0.0000   -0.0000    0.0001   -0.0000    0.1459    0.1977    0.0000
    6 H2     1s         0.5301   -0.0000   -2.1637   -0.0001   -0.0000    0.0006    0.0000   -2.7735    2.7695    0.0000
    7 H2     2s         0.3824   -0.0000   -1.9663   -0.0000   -0.0000    0.0002    0.0000   -2.8532    1.9081   -0.0000
    8 H2     2px        0.0000   -0.0735   -0.0001   -0.3087    0.1198    0.3510   -0.1105    0.0000   -0.0002   -0.0771
    9 H2     2py        0.0000    0.1894   -0.0000   -0.1198   -0.3087    0.1362    0.2848    0.0000   -0.0001   -0.0299
   10 H2     2pz       -0.2098    0.0000    0.2093   -0.0000   -0.0000    0.0001   -0.0000    0.1162    0.1285    0.0000
   11 H3     1s        -0.1743    0.0000    1.4307    0.0001    0.0000   -0.0018   -0.0000    0.3758   -4.6576   -0.0001
   12 H3     2s        -0.0081   -0.0000    0.5680    0.0000    0.0000   -0.0014   -0.0000    0.1500   -3.4184   -0.0001
   13 H3     2px        0.0000   -0.0974   -0.0001   -0.2638    0.1024    0.1496    0.0112   -0.0000    0.0003    0.4019
   14 H3     2py        0.0000    0.2509   -0.0000   -0.1024   -0.2638    0.0580   -0.0288   -0.0000    0.0001    0.1560
   15 H3     2pz       -0.0950   -0.0000   -0.0712   -0.0000   -0.0000    0.0000    0.0000   -0.3448    0.1183   -0.0000
   16 H4     1s         0.1980   -0.0000   -1.9433   -0.0000   -0.0000    0.0018    0.0000    0.7560    4.4979    0.0001
   17 H4     2s         0.4745   -0.0000   -1.5548   -0.0000    0.0000    0.0010    0.0000    1.0720    2.7473    0.0001
   18 H4     2px        0.0000   -0.1093   -0.0001   -0.1025    0.0398   -0.1159    0.1236   -0.0000    0.0004    0.2727
   19 H4     2py        0.0000    0.2816   -0.0000   -0.0398   -0.1024   -0.0450   -0.3185   -0.0000    0.0002    0.1058
   20 H4     2pz       -0.0721   -0.0000   -0.1493   -0.0000   -0.0000   -0.0001    0.0000   -0.1099   -0.1100   -0.0000
   21 H5     1s         0.1980    0.0000    1.9433   -0.0000   -0.0000   -0.0018   -0.0000    0.7561   -4.4979    0.0001
   22 H5     2s         0.4745    0.0000    1.5548   -0.0000   -0.0000   -0.0010   -0.0000    1.0721   -2.7473    0.0001
   23 H5     2px       -0.0000   -0.1093   -0.0001    0.1025   -0.0398   -0.1159    0.1236    0.0000    0.0004   -0.2727
   24 H5     2py       -0.0000    0.2816   -0.0000    0.0398    0.1024   -0.0450   -0.3185    0.0000    0.0002   -0.1059
   25 H5     2pz        0.0721   -0.0000   -0.1493    0.0000    0.0000   -0.0001   -0.0000    0.1099   -0.1100    0.0000
   26 H6     1s        -0.1743   -0.0000   -1.4307    0.0001    0.0000    0.0018   -0.0000    0.3758    4.6576   -0.0001
   27 H6     2s        -0.0081   -0.0000   -0.5680    0.0000    0.0000    0.0014   -0.0000    0.1499    3.4184   -0.0001
   28 H6     2px       -0.0000   -0.0974   -0.0001    0.2638   -0.1024    0.1496    0.0112    0.0000    0.0003   -0.4020
   29 H6     2py       -0.0000    0.2509   -0.0000    0.1024    0.2638    0.0580   -0.0288    0.0000    0.0001   -0.1560
   30 H6     2pz        0.0950   -0.0000   -0.0712    0.0000    0.0000    0.0000   -0.0000    0.3448    0.1183    0.0000
   31 H7     1s         0.5301    0.0000    2.1637   -0.0001   -0.0000   -0.0006    0.0000   -2.7735   -2.7695    0.0000
   32 H7     2s         0.3824    0.0000    1.9663   -0.0000   -0.0000   -0.0002    0.0000   -2.8532   -1.9081   -0.0000
   33 H7     2px       -0.0000   -0.0735   -0.0001    0.3087   -0.1198    0.3510   -0.1105   -0.0000   -0.0002    0.0771
   34 H7     2py       -0.0000    0.1894   -0.0000    0.1198    0.3087    0.1362    0.2848   -0.0000   -0.0001    0.0299
   35 H7     2pz        0.2098    0.0000    0.2093    0.0000    0.0000    0.0001    0.0000   -0.1162    0.1285   -0.0000
   36 H8     1s        -0.7090   -0.0000   -1.6363    0.0000    0.0000   -0.0002   -0.0000    1.8759    0.6738    0.0000
   37 H8     2s        -1.0774   -0.0000   -1.5572    0.0000    0.0000   -0.0005   -0.0000    1.6258    0.0893    0.0000
   38 H8     2px       -0.0000   -0.0454   -0.0001    0.2393   -0.0929    0.3362   -0.1398   -0.0000   -0.0004    0.4602
   39 H8     2py       -0.0000    0.1169   -0.0000    0.0929    0.2393    0.1305    0.3602   -0.0000   -0.0002    0.1786
   40 H8     2pz        0.1209    0.0000    0.1430    0.0000    0.0000    0.0001    0.0000   -0.1459    0.1977   -0.0000
 
 
      Orbital               21        22        23        24        25        26        27        28        29        30
      Energy            1.0321    1.3030    1.3481    1.3483    1.5808    1.7509    1.7510    1.8482    1.9417    2.2318
      Occ. No.          0.0000    0.0000    0.0000    0.0000    0.0000    0.0000    0.0000    0.0000    0.0000    0.0000
 
    1 H1     1s        -0.0000   -0.0027   -0.0000    1.6544   -0.3407    0.0001    0.0000   -1.9762    1.3596    0.0004
    2 H1     2s        -0.0000   -0.0021   -0.0000    1.4079   -0.0666    0.0000    0.0000   -1.5944    1.0317    0.0003
    3 H1     2px        0.1786    0.5474   -0.2033    0.0007    0.0000   -0.5319    0.2064   -0.0000   -0.0001    0.4619
    4 H1     2py       -0.4602    0.2125    0.5240    0.0003    0.0000   -0.2064   -0.5319   -0.0000   -0.0000    0.1792
    5 H1     2pz       -0.0000   -0.0001   -0.0000    0.1562    0.5069    0.0000    0.0000   -0.5181    0.9166    0.0001
    6 H2     1s         0.0000    0.0061    0.0000   -3.3469    2.0830   -0.0001   -0.0000    5.3720   -2.5623   -0.0012
    7 H2     2s         0.0000    0.0058    0.0000   -3.4182    1.8318   -0.0001   -0.0000    4.6158   -1.6345   -0.0009
    8 H2     2px        0.0299   -0.2404    0.1088   -0.0004   -0.0000    0.6505   -0.2525    0.0000    0.0002   -0.8335
    9 H2     2py       -0.0771   -0.0933   -0.2802   -0.0002   -0.0000    0.2525    0.6505    0.0000    0.0001   -0.3235
   10 H2     2pz       -0.0000    0.0001    0.0000   -0.0749    0.0264   -0.0000   -0.0000    0.3848   -0.1789   -0.0001
   11 H3     1s         0.0000   -0.0041   -0.0000    1.0589   -3.9591    0.0001    0.0000   -6.2872    1.5154    0.0019
   12 H3     2s         0.0000   -0.0041   -0.0000    1.4922   -3.5696    0.0001    0.0000   -5.5809    0.6403    0.0014
   13 H3     2px       -0.1560   -0.4890    0.1725   -0.0006   -0.0000   -0.0661    0.0257   -0.0000   -0.0001    0.7710
   14 H3     2py        0.4020   -0.1898   -0.4445   -0.0002   -0.0000   -0.0256   -0.0661   -0.0000   -0.0000    0.2992
   15 H3     2pz        0.0000    0.0005    0.0000   -0.3439    0.2506    0.0000    0.0000   -0.2077    0.1641    0.0001
   16 H4     1s        -0.0000   -0.0019   -0.0000    3.4820    2.0511   -0.0001   -0.0000    2.8535   -0.3786   -0.0023
   17 H4     2s        -0.0000   -0.0021   -0.0000    2.9789    1.9229   -0.0000   -0.0000    2.5110    0.5598   -0.0017
   18 H4     2px       -0.1058    0.2505   -0.1433    0.0005    0.0000   -0.5881    0.2282   -0.0000   -0.0002   -0.2753
   19 H4     2py        0.2727    0.0972    0.3694    0.0002    0.0000   -0.2282   -0.5881   -0.0000   -0.0001   -0.1068
   20 H4     2pz        0.0000   -0.0004   -0.0000    0.2640   -0.4880   -0.0000   -0.0000   -0.0842    0.0123   -0.0000
   21 H5     1s        -0.0000    0.0019    0.0000   -3.4820    2.0511   -0.0001   -0.0000    2.8535    0.3786    0.0023
   22 H5     2s        -0.0000    0.0021    0.0000   -2.9789    1.9229   -0.0000   -0.0000    2.5110   -0.5598    0.0017
   23 H5     2px        0.1058    0.2505   -0.1433    0.0005   -0.0000    0.5881   -0.2282    0.0000   -0.0002   -0.2753
   24 H5     2py       -0.2727    0.0972    0.3694    0.0002   -0.0000    0.2282    0.5881    0.0000   -0.0001   -0.1068
   25 H5     2pz       -0.0000   -0.0004   -0.0000    0.2640    0.4880    0.0000    0.0000    0.0842    0.0123   -0.0000
   26 H6     1s         0.0000    0.0041    0.0000   -1.0589   -3.9591    0.0001    0.0000   -6.2872   -1.5154   -0.0019
   27 H6     2s         0.0000    0.0041    0.0000   -1.4922   -3.5696    0.0001    0.0000   -5.5809   -0.6403   -0.0014
   28 H6     2px        0.1560   -0.4890    0.1725   -0.0006    0.0000    0.0661   -0.0257    0.0000   -0.0001    0.7710
   29 H6     2py       -0.4020   -0.1898   -0.4445   -0.0002    0.0000    0.0256    0.0661    0.0000   -0.0000    0.2992
   30 H6     2pz       -0.0000    0.0005    0.0000   -0.3439   -0.2506   -0.0000   -0.0000    0.2077    0.1641    0.0001
   31 H7     1s        -0.0000   -0.0061   -0.0000    3.3469    2.0830   -0.0001   -0.0000    5.3720    2.5623    0.0012
   32 H7     2s         0.0000   -0.0058   -0.0000    3.4182    1.8318   -0.0001   -0.0000    4.6158    1.6345    0.0009
   33 H7     2px       -0.0299   -0.2404    0.1088   -0.0004    0.0000   -0.6505    0.2525   -0.0000    0.0002   -0.8335
   34 H7     2py        0.0771   -0.0933   -0.2802   -0.0002    0.0000   -0.2525   -0.6505   -0.0000    0.0001   -0.3235
   35 H7     2pz        0.0000    0.0001    0.0000   -0.0749   -0.0264    0.0000    0.0000   -0.3848   -0.1789   -0.0001
   36 H8     1s        -0.0000    0.0027    0.0000   -1.6544   -0.3407    0.0001    0.0000   -1.9762   -1.3596   -0.0004
   37 H8     2s        -0.0000    0.0021    0.0000   -1.4079   -0.0666    0.0000    0.0000   -1.5944   -1.0317   -0.0003
   38 H8     2px       -0.1786    0.5474   -0.2033    0.0007   -0.0000    0.5319   -0.2064    0.0000   -0.0001    0.4619
   39 H8     2py        0.4602    0.2125    0.5240    0.0003   -0.0000    0.2064    0.5319    0.0000   -0.0000    0.1792
   40 H8     2pz        0.0000   -0.0001   -0.0000    0.1562   -0.5069   -0.0000   -0.0000    0.5181    0.9166    0.0001
 
 
      Orbital               31        32        33        34        35        36        37        38        39        40
      Energy            2.2387    2.4414    2.4798    2.7185    2.7185    2.9984    3.6112    4.2969    5.0727    6.1271
      Occ. No.          0.0000    0.0000    0.0000    0.0000    0.0000    0.0000    0.0000    0.0000    0.0000    0.0000
 
    1 H1     1s         0.0000   -1.8889   -1.8545    0.0000   -0.0000    1.8956   -1.7228   -1.5284   -1.1648    0.8452
    2 H1     2s        -0.0000   -1.1274   -1.4029    0.0000    0.0000    0.8515   -0.5311   -0.3041   -0.0573    0.0216
    3 H1     2px       -0.1770    0.0000    0.0000    0.1061   -0.2734   -0.0000   -0.0000   -0.0000    0.0000    0.0000
    4 H1     2py        0.4562    0.0000    0.0000   -0.2734   -0.1061   -0.0000   -0.0000   -0.0000    0.0000    0.0000
    5 H1     2pz        0.0000   -0.9662   -0.3604    0.0000   -0.0000    0.9309   -0.8444   -0.7274   -0.5561    0.3783
    6 H2     1s         0.0000    4.0374    6.3743   -0.0000    0.0000   -3.1522    1.3424   -0.1169   -1.2175    1.0872
    7 H2     2s         0.0000    2.3890    5.1596    0.0000   -0.0000   -1.5445    0.4890   -0.0097   -0.2403    0.0180
    8 H2     2px        0.3202   -0.0000   -0.0001   -0.2337    0.6023    0.0000    0.0000   -0.0000   -0.0000    0.0000
    9 H2     2py       -0.8251   -0.0000   -0.0000    0.6023    0.2337    0.0000    0.0000   -0.0000   -0.0000    0.0000
   10 H2     2pz        0.0000   -0.0579    0.4525    0.0000   -0.0000    0.6095   -1.2767   -1.7457   -1.8712    1.4270
   11 H3     1s        -0.0000   -3.4944  -11.5904    0.0000   -0.0000    1.1683    1.9189    2.0261    0.4725    0.9753
   12 H3     2s        -0.0000   -2.2208   -9.5451   -0.0000    0.0000    1.0558    0.3719    0.2678   -0.0087    0.1660
   13 H3     2px       -0.2999    0.0000    0.0001    0.3327   -0.8572   -0.0000   -0.0000   -0.0000    0.0000   -0.0000
   14 H3     2py        0.7727    0.0000    0.0000   -0.8572   -0.3327   -0.0000   -0.0000   -0.0000    0.0000   -0.0000
   15 H3     2pz       -0.0000    0.3631   -0.4124   -0.0000    0.0000   -0.8316    0.5601   -0.6934   -2.2143    2.4223
   16 H4     1s         0.0000    1.4345   14.9370   -0.0000    0.0000    0.7833   -1.4728    1.7370    1.9590    0.1630
   17 H4     2s         0.0000    0.8565   12.2785    0.0000   -0.0000   -0.3240   -0.4025    0.5114    0.2512   -0.0893
   18 H4     2px        0.1214   -0.0000   -0.0002   -0.3861    0.9948    0.0000   -0.0000    0.0000    0.0000   -0.0000
   19 H4     2py       -0.3129   -0.0000   -0.0001    0.9948    0.3861    0.0000   -0.0000    0.0000    0.0000   -0.0000
   20 H4     2pz       -0.0000   -0.7555    0.1453    0.0000   -0.0000    0.4738    0.8677    1.2561   -0.9841    2.9864
   21 H5     1s        -0.0000    1.4345  -14.9370   -0.0000    0.0000   -0.7833   -1.4728   -1.7370    1.9590   -0.1630
   22 H5     2s        -0.0000    0.8565  -12.2785    0.0000   -0.0000    0.3240   -0.4025   -0.5114    0.2512    0.0893
   23 H5     2px        0.1214   -0.0000   -0.0002    0.3861   -0.9948    0.0000    0.0000    0.0000   -0.0000   -0.0000
   24 H5     2py       -0.3129   -0.0000   -0.0001   -0.9948   -0.3861    0.0000    0.0000    0.0000   -0.0000   -0.0000
   25 H5     2pz        0.0000    0.7555    0.1453   -0.0000    0.0000    0.4738   -0.8677    1.2561    0.9841    2.9864
   26 H6     1s        -0.0000   -3.4944   11.5904    0.0000   -0.0000   -1.1683    1.9189   -2.0261    0.4725   -0.9753
   27 H6     2s        -0.0000   -2.2208    9.5451   -0.0000    0.0000   -1.0558    0.3719   -0.2678   -0.0087   -0.1660
   28 H6     2px       -0.2999   -0.0000    0.0001   -0.3327    0.8572   -0.0000    0.0000   -0.0000   -0.0000   -0.0000
   29 H6     2py        0.7727   -0.0000    0.0000    0.8572    0.3327   -0.0000    0.0000   -0.0000   -0.0000   -0.0000
   30 H6     2pz       -0.0000   -0.3631   -0.4124    0.0000   -0.0000   -0.8316   -0.5601   -0.6934    2.2143    2.4223
   31 H7     1s         0.0000    4.0374   -6.3743   -0.0000    0.0000    3.1522    1.3424    0.1169   -1.2175   -1.0872
   32 H7     2s         0.0000    2.3890   -5.1596    0.0000   -0.0000    1.5445    0.4890    0.0097   -0.2403   -0.0180
   33 H7     2px        0.3202    0.0000   -0.0001    0.2337   -0.6023    0.0000   -0.0000   -0.0000    0.0000    0.0000
   34 H7     2py       -0.8251    0.0000   -0.0000   -0.6023   -0.2337    0.0000   -0.0000   -0.0000    0.0000    0.0000
   35 H7     2pz       -0.0000    0.0579    0.4525   -0.0000    0.0000    0.6095    1.2767   -1.7457    1.8712    1.4270
   36 H8     1s        -0.0000   -1.8889    1.8545    0.0000   -0.0000   -1.8956   -1.7228    1.5284   -1.1648   -0.8452
   37 H8     2s        -0.0000   -1.1274    1.4029    0.0000    0.0000   -0.8515   -0.5311    0.3041   -0.0573   -0.0216
   38 H8     2px       -0.1770   -0.0000    0.0000   -0.1061    0.2734   -0.0000    0.0000   -0.0000   -0.0000    0.0000
   39 H8     2py        0.4562   -0.0000    0.0000    0.2734    0.1061   -0.0000    0.0000   -0.0000   -0.0000    0.0000
   40 H8     2pz        0.0000    0.9662   -0.3604   -0.0000    0.0000    0.9309    0.8444   -0.7274    0.5561    0.3783
--
 
      Von Neumann Entropy (Root  1) =  0.52282
 

      Mulliken population analysis for root number:  1
      -----------------------------------------------
 
 
++    Molecular charges:
      ------------------
 
      Mulliken charges per centre and basis function type
      ---------------------------------------------------
 
                H1      H2      H3      H4      H5      H6      H7      H8    
      1s       1.0490  0.9161  1.0155  0.9626  0.9626  1.0155  0.9161  1.0490
      2s       0.0018 -0.0231 -0.0724 -0.0356 -0.0356 -0.0724 -0.0231  0.0018
      2px     -0.0000 -0.0000  0.0001  0.0013  0.0013  0.0001 -0.0000 -0.0000
      2pz      0.0203  0.0538  0.0561  0.0542  0.0542  0.0561  0.0538  0.0203
      2py     -0.0000 -0.0000  0.0000  0.0002  0.0002  0.0000 -0.0000 -0.0000
      Total    1.0711  0.9468  0.9994  0.9827  0.9827  0.9994  0.9468  1.0711
 
      N-E     -0.0711  0.0532  0.0006  0.0173  0.0173  0.0006  0.0532 -0.0711
 
      Total electronic charge=    8.000000
 
      Total            charge=   -0.000000
--
 
 

      Expectation values of various properties for root number:  1
      -----------------------------------------------------------
 
 
++    Molecular properties:
      ---------------------
 
      Charge (e):
                      =   -0.0000
      Dipole Moment (Debye):
      Origin of the operator (Ang)=    0.0000    0.0000    0.0000
                   X= -1.2098E-09               Y=  1.2707E-10               Z= -2.0317E-07           Total=  2.0317E-07
      Quadrupole Moment (Debye*Ang):
      Origin of the operator (Ang)=    0.0000    0.0000    3.2879
                  XX= -8.5138E+00              XY= -2.0787E-03              XZ= -6.4495E-05              YY= -8.5093E+00
                  YZ= -2.5034E-05              ZZ= -1.0373E+01
      In traceless form (Debye*Ang)
                  XX=  9.2724E-01              XY= -3.1181E-03              XZ= -9.6743E-05              YY=  9.3407E-01
                  YZ= -3.7551E-05              ZZ= -1.8613E+00
--
 

      LoProp population analysis for root number:  1
      -----------------------------------------------
 
 
++    LoProp analysis:
      ----------------
 
 
 
  Input file to MOLDEN was generated!
 
 
++    Static properties:
      ------------------
 
 
      LoProp Charges per center
 

                   H1       H2       H3       H4       H5       H6       H7       H8    
      Nuclear      1.0000   1.0000   1.0000   1.0000   1.0000   1.0000   1.0000   1.0000
      Electronic  -1.0341  -0.9817  -0.9910  -0.9932  -0.9932  -0.9910  -0.9817  -1.0341
 
      Total       -0.0341   0.0183   0.0090   0.0068   0.0068   0.0090   0.0183  -0.0341
--
 
 
      Natural Bond Order analysis for root number:  1
 
++    Natural Bond Order analysis
      ---------------------------
      Based on LoProp computed density
      -------------------------------------------------------------------------------------
      Atom A       Atom B       Bond Order | Atom A       Atom B       Bond Order
        H1           H2             0.947  |   H3           H4             0.911
        H7           H8             0.947  |   H5           H6             0.911
      -------------------------------------------------------------------------------------
      NBO located      7.430 electrons involved in    4 bonds.
      The remaining    0.570 electrons are to be considered as diffuse
--
 
--
 
 
  Input file to MOLDEN was generated!
 
      Average orbitals are written to the RASORB file
      Natural orbitals for root   1 are written to the RASORB.1 file
      Spin density orbitals for root   1 are written to the SPDORB.1 file
 
forrtl: warning (525): IEEE_DIVIDE_BY_ZERO is signaling
forrtl: warning (526): IEEE_INVALID is signaling
forrtl: warning (528): IEEE_UNDERFLOW is signaling
--- Stop Module: rasscf at Sun Oct 26 13:06:47 2025 /rc=_RC_ALL_IS_WELL_ ---
*** files: H8_0.94.LprOrb H8_0.94.rasscf.molden H8_0.94.LoProp.molden H8_0.94.RasOrb.1 H8_0.94.RasOrb H8_0.94.rasscf.h5 H8_0.94.SpdOrb.1 xmldump
    saved to directory ${LOCALHOME}/DDCASPT2/hydrogen_comps/rerun/H8_chain/H8_0.94
--- Module rasscf spent 1 second ---

>>> COPY /tmp/H8_0.94/H8_0.94.rasscf.h5 ${LOCALHOME}/DDCASPT2/hydrogen_comps/rerun/H8_chain/H8_0.94/

>>> COPY /tmp/H8_0.94/DDCASPT2_Fock_MO.csv ${LOCALHOME}/DDCASPT2/hydrogen_comps/rerun/H8_chain/H8_0.94/H8_0.94.DDCASPT2_Fock_MO.csv

*** symbolic link created: INPORB -> H8_0.94.RasOrb
--- Start Module: motra at Sun Oct 26 13:06:47 2025 ---
 
()()()()()()()()()()()()()()()()()()()()()()()()()()()()()()()()()()()()()()()()()()()()()()()()()()

                                               &MOTRA

                                   only a single process is used
                       available to each process: 2.0 GB of memory, 1 thread?
()()()()()()()()()()()()()()()()()()()()()()()()()()()()()()()()()()()()()()()()()()()()()()()()()()
 
 
      *** WARNING: Default frozen orbitals is overwritten by user input.
      *** Default values:   0
 
      Header of the integral files:
      
       Integrals generated by seward 4.2.0  , Sun Oct 26 13:06:44 2025
 
 
      Header of MO coefficients source file:
      * RASSCF average (pseudo-natural) orbitals                                      
 
 
      Cartesian coordinates in Angstrom:
      -----------------------------------------------------
      No.  Label        X            Y            Z        
      -----------------------------------------------------
       1   H1         0.00000000   0.00000000   0.00000000
       2   H2         0.00000000   0.00000000   0.93939400
       3   H3         0.00000000   0.00000000   1.87878800
       4   H4         0.00000000   0.00000000   2.81818200
       5   H5         0.00000000   0.00000000   3.75757600
       6   H6         0.00000000   0.00000000   4.69697000
       7   H7         0.00000000   0.00000000   5.63636400
       8   H8         0.00000000   0.00000000   6.57575800
      -----------------------------------------------------
      Nuclear repulsion energy =    7.74159385
 
      Orbital specifications:
      -----------------------
 
      Symmetry species:              1
      Number of basis functions:    40
      Frozen orbitals:               0
      Deleted orbitals:              0
      Number of orbitals used:      40

       SYMMETRY  BASIS FUNCTIONS       ORBITALS      INTEGRALS   CPU(SEC)  I/O(SEC)
        1 1 1 1   40  40  40  40    40  40  40  40      336610       0.00      0.00

       TOTAL CPU TIME(SEC)    0.17TOTAL I/O TIME(SEC)    0.48
 
--- Stop Module: motra at Sun Oct 26 13:06:47 2025 /rc=_RC_ALL_IS_WELL_ ---
*** files: xmldump
    saved to directory ${LOCALHOME}/DDCASPT2/hydrogen_comps/rerun/H8_chain/H8_0.94

>>> COPY /tmp/H8_0.94/DDCASPT2_one_int_indx.csv ${LOCALHOME}/DDCASPT2/hydrogen_comps/rerun/H8_chain/H8_0.94/H8_0.94.DDCASPT2_one_int_indx.csv

>>> COPY /tmp/H8_0.94/DDCASPT2_one_int.csv ${LOCALHOME}/DDCASPT2/hydrogen_comps/rerun/H8_chain/H8_0.94/H8_0.94.DDCASPT2_one_int.csv

>>> COPY /tmp/H8_0.94/DDCASPT2_two_int_indx.csv ${LOCALHOME}/DDCASPT2/hydrogen_comps/rerun/H8_chain/H8_0.94/H8_0.94.DDCASPT2_two_int_indx.csv

>>> COPY /tmp/H8_0.94/DDCASPT2_two_int.csv ${LOCALHOME}/DDCASPT2/hydrogen_comps/rerun/H8_chain/H8_0.94/H8_0.94.DDCASPT2_two_int.csv

*** symbolic link created: INPORB -> H8_0.94.RasOrb
--- Start Module: caspt2 at Sun Oct 26 13:06:47 2025 ---
 
()()()()()()()()()()()()()()()()()()()()()()()()()()()()()()()()()()()()()()()()()()()()()()()()()()

                                              &CASPT2

                                   only a single process is used
                       available to each process: 2.0 GB of memory, 1 thread?
()()()()()()()()()()()()()()()()()()()()()()()()()()()()()()()()()()()()()()()()()()()()()()()()()()
 
 Cholesky algorithm in CASPT2 =    1
 
 ###############################################################################
 ###############################################################################
 ###                                                                         ###
 ###                                                                         ###
 ###    User changed nr of frozen orbitals.                                  ###
 ###                                                                         ###
 ###                                                                         ###
 ###############################################################################
 ###############################################################################
 
++    Wave function specifications:
      -----------------------------
 
      Number of closed shell electrons           0
      Number of electrons in active shells       8
      Max number of holes in RAS1 space          0
      Max number of electrons in RAS3 space      0
      Number of inactive orbitals                0
      Number of active orbitals                  8
      Number of secondary orbitals              32
      Spin quantum number                      0.0
      State symmetry                             1
      Number of CSFs                          1764
      Number of root(s) available                1
      Root passed to geometry opt.               1
      A file JOBMIX will be created.
      This is a CASSCF or RASSCF reference function
--
 
++    Orbital specifications:
      -----------------------
 
      Symmetry species                           1
                                                 a
      Frozen orbitals                            0
      Inactive orbitals                          0
      Active orbitals                            8
      Secondary orbitals                        32
      Deleted orbitals                           0
      Number of basis functions                 40
--
 
      Type of Fock operator: STANDARD
      Type of 0-order Hamiltonian: STANDARD WITH DEFAULT IPEA
        "IP-EA" denominator shift =      0.25
      The input orbitals and the CI vector will be transformed.
 
--------------------------------------------------------------------------------
 Estimated memory requirements:
  POLY3 :                   450746
  RHS:                      417296
  SIGMA :                   326032
  PRPCTL:                        0
 Available workspace:    230388092
 
++ CASPT2 computation for group   1
 
********************************************************************************
 Multi-State initialization phase begins for group   1
--------------------------------------------------------------------------------
********************************************************************************
 Compute H0 matrices for state    1
--------------------------------------------------------------------------------
--------------------------------------------------------------------------------
 H0 matrices have been computed.
 
********************************************************************************
  CASPT2 EQUATION SOLUTION
--------------------------------------------------------------------------------
 
  Total nr of CASPT2 parameters:
   Before reduction:       49280
   After  reduction:       48800
 
 The contributions to the second order correlation energy in atomic units.
-----------------------------------------------------------------------------------------------------------------------------
  IT.      VJTU        VJTI        ATVX        AIVX        VJAI        BVAT        BJAT        BJAI        TOTAL       RNORM  
-----------------------------------------------------------------------------------------------------------------------------
   1     0.000000    0.000000   -0.032513    0.000000    0.000000   -0.048413    0.000000    0.000000   -0.080926    0.004054
   2     0.000000    0.000000   -0.032825    0.000000    0.000000   -0.048484    0.000000    0.000000   -0.081309    0.000451
   3     0.000000    0.000000   -0.032832    0.000000    0.000000   -0.048486    0.000000    0.000000   -0.081318    0.000070
   4     0.000000    0.000000   -0.032828    0.000000    0.000000   -0.048486    0.000000    0.000000   -0.081314    0.000008
   5     0.000000    0.000000   -0.032828    0.000000    0.000000   -0.048486    0.000000    0.000000   -0.081314    0.000001
-------------------------------------------------------------------------------------------------------------------
 
  FINAL CASPT2 RESULT:
 
  Correlation energy /Case, /Symm, and sums:
 VJTU      0.00000000  0.00000000
 VJTIP     0.00000000  0.00000000
 VJTIM     0.00000000  0.00000000
 ATVX     -0.03282784 -0.03282784
 AIVX      0.00000000  0.00000000
 VJAIP     0.00000000  0.00000000
 VJAIM     0.00000000  0.00000000
 BVATP    -0.04448316 -0.04448316
 BVATM    -0.00400311 -0.00400311
 BJATP     0.00000000  0.00000000
 BJATM     0.00000000  0.00000000
 BJAIP     0.00000000  0.00000000
 BJAIM     0.00000000  0.00000000
 Summed:  -0.08131411 -0.08131411
 
      Reference energy:          -4.3993620369
      E2 (Non-variational):      -0.0813141145
      E2 (Variational):          -0.0813141153
      Total energy:              -4.4806761522
      Residual norm:              0.0000001516
      Reference weight:           0.97131
 
      Contributions to the CASPT2 correlation energy
      Active & Virtual Only:         -0.0813141145
      One Inactive Excited:           0.0000000000
      Two Inactive Excited:           0.0000000000
 
 
++ Denominators, etc.
----------------------------------------------------------------------------------------------------
 Report on small energy denominators, large coefficients, and large energy contributions.
CASE  SYMM ACTIVE-MIX  NON-ACTIVE INDICES          DENOMINATOR     RHS VALUE       COEFFICIENT     CONTRIBUTION
ATVX     1  Mu1.0013  Se1.019                       2.08842206     -0.07565230      0.03609418     -0.00273061
--
 
   (Skipping property calculation,
    use PROP keyword to activate)
--
 
  Total CASPT2 energies:
::    CASPT2 Root  1     Total energy:     -4.48067615
 
  A NEW JOBIPH FILE NAMED 'JOBMIX' IS PREPARED.
********************************************************************************
forrtl: warning (528): IEEE_UNDERFLOW is signaling
--- Stop Module: caspt2 at Sun Oct 26 13:06:48 2025 /rc=_RC_ALL_IS_WELL_ ---
*** files: xmldump
    saved to directory ${LOCALHOME}/DDCASPT2/hydrogen_comps/rerun/H8_chain/H8_0.94

>>> EXPORT i = B

>>> EXPORT j = P

>>> IF (-FILE DDCASPT2_e2_${i}_${j}_1_.csv)
(Skipped)

>>> END FOREACH

>>> EXPORT j = M

>>> IF (-FILE DDCASPT2_e2_${i}_${j}_1_.csv)
(Skipped)

>>> END FOREACH

>>> END FOREACH

>>> EXPORT i = E

>>> EXPORT j = P

>>> IF (-FILE DDCASPT2_e2_${i}_${j}_1_.csv)
(Skipped)

>>> END FOREACH

>>> EXPORT j = M

>>> IF (-FILE DDCASPT2_e2_${i}_${j}_1_.csv)
(Skipped)

>>> END FOREACH

>>> END FOREACH

>>> EXPORT i = F

>>> EXPORT j = P

>>> IF (-FILE DDCASPT2_e2_${i}_${j}_1_.csv)

>>> COPY /tmp/H8_0.94/DDCASPT2_RHS_F_P_1_.csv ${LOCALHOME}/DDCASPT2/hydrogen_comps/rerun/H8_chain/H8_0.94/DDCASPT2_RHS_F_P_1_.csv

>>> COPY /tmp/H8_0.94/DDCASPT2_IVECW_F_P_1_.csv ${LOCALHOME}/DDCASPT2/hydrogen_comps/rerun/H8_chain/H8_0.94/DDCASPT2_IVECW_F_P_1_.csv

>>> COPY /tmp/H8_0.94/DDCASPT2_IVECX_F_P_1_.csv ${LOCALHOME}/DDCASPT2/hydrogen_comps/rerun/H8_chain/H8_0.94/DDCASPT2_IVECX_F_P_1_.csv

>>> COPY /tmp/H8_0.94/DDCASPT2_IVECC2_F_P_1_.csv ${LOCALHOME}/DDCASPT2/hydrogen_comps/rerun/H8_chain/H8_0.94/DDCASPT2_IVECC2_F_P_1_.csv

>>> COPY /tmp/H8_0.94/DDCASPT2_e2_F_P_1_.csv ${LOCALHOME}/DDCASPT2/hydrogen_comps/rerun/H8_chain/H8_0.94/DDCASPT2_e2_F_P_1_.csv

>>> END FOREACH

>>> EXPORT j = M

>>> IF (-FILE DDCASPT2_e2_${i}_${j}_1_.csv)

>>> COPY /tmp/H8_0.94/DDCASPT2_RHS_F_M_1_.csv ${LOCALHOME}/DDCASPT2/hydrogen_comps/rerun/H8_chain/H8_0.94/DDCASPT2_RHS_F_M_1_.csv

>>> COPY /tmp/H8_0.94/DDCASPT2_IVECW_F_M_1_.csv ${LOCALHOME}/DDCASPT2/hydrogen_comps/rerun/H8_chain/H8_0.94/DDCASPT2_IVECW_F_M_1_.csv

>>> COPY /tmp/H8_0.94/DDCASPT2_IVECX_F_M_1_.csv ${LOCALHOME}/DDCASPT2/hydrogen_comps/rerun/H8_chain/H8_0.94/DDCASPT2_IVECX_F_M_1_.csv

>>> COPY /tmp/H8_0.94/DDCASPT2_IVECC2_F_M_1_.csv ${LOCALHOME}/DDCASPT2/hydrogen_comps/rerun/H8_chain/H8_0.94/DDCASPT2_IVECC2_F_M_1_.csv

>>> COPY /tmp/H8_0.94/DDCASPT2_e2_F_M_1_.csv ${LOCALHOME}/DDCASPT2/hydrogen_comps/rerun/H8_chain/H8_0.94/DDCASPT2_e2_F_M_1_.csv

>>> END FOREACH

>>> END FOREACH

>>> EXPORT i = G

>>> EXPORT j = P

>>> IF (-FILE DDCASPT2_e2_${i}_${j}_1_.csv)
(Skipped)

>>> END FOREACH

>>> EXPORT j = M

>>> IF (-FILE DDCASPT2_e2_${i}_${j}_1_.csv)
(Skipped)

>>> END FOREACH

>>> END FOREACH

>>> EXPORT i = H

>>> EXPORT j = P

>>> IF (-FILE DDCASPT2_e2_${i}_${j}_1_.csv)
(Skipped)

>>> END FOREACH

>>> EXPORT j = M

>>> IF (-FILE DDCASPT2_e2_${i}_${j}_1_.csv)
(Skipped)

>>> END FOREACH

>>> END FOREACH

>>> EXPORT i = A

>>> IF (-FILE DDCASPT2_e2_${i}_1_.csv)
(Skipped)

>>> END FOREACH

>>> EXPORT i = C

>>> IF (-FILE DDCASPT2_e2_${i}_1_.csv)

>>> COPY /tmp/H8_0.94/DDCASPT2_RHS_C_1_.csv ${LOCALHOME}/DDCASPT2/hydrogen_comps/rerun/H8_chain/H8_0.94/DDCASPT2_RHS_C_1_.csv

>>> COPY /tmp/H8_0.94/DDCASPT2_IVECW_C_1_.csv ${LOCALHOME}/DDCASPT2/hydrogen_comps/rerun/H8_chain/H8_0.94/DDCASPT2_IVECW_C_1_.csv

>>> COPY /tmp/H8_0.94/DDCASPT2_IVECX_C_1_.csv ${LOCALHOME}/DDCASPT2/hydrogen_comps/rerun/H8_chain/H8_0.94/DDCASPT2_IVECX_C_1_.csv

>>> COPY /tmp/H8_0.94/DDCASPT2_IVECC2_C_1_.csv ${LOCALHOME}/DDCASPT2/hydrogen_comps/rerun/H8_chain/H8_0.94/DDCASPT2_IVECC2_C_1_.csv

>>> COPY /tmp/H8_0.94/DDCASPT2_e2_C_1_.csv ${LOCALHOME}/DDCASPT2/hydrogen_comps/rerun/H8_chain/H8_0.94/DDCASPT2_e2_C_1_.csv

>>> END FOREACH

>>> EXPORT i = D

>>> IF (-FILE DDCASPT2_e2_${i}_1_.csv)
(Skipped)

>>> END FOREACH

.########################.
.# Non-zero return code #.
.########################.

    Timing: Wall=3.89 User=2.90 System=0.97
***************************************
*** WorkDir at /tmp/H8_0.94 cleaned ***
***************************************
