   This run of MOLCAS is using the pymolcas driver

                             OPE
                             OPE          NMOL  CASOP  ENMOLC A   SO
                 OPE        NMOLC        AS  OP EN  MO LC     AS  OP
                OPENM       OL CA        SO  PE NM  OL CA     SOP EN
                OP EN      MO   LC       AS  OP ENMOL  CASO   PENMOL
                OP  EN     MO   LC       AS  OP EN     MO     LC ASO
               OP   E  NMOL  C  AS       OP  EN MO     LC     AS  OP
               OP  E   NMO   LC AS        OPEN  MO     LCASOP EN   M
               O  PEN   MO  LCA  SO
            OPE   NMO   L   CAS    OP
        OPENMOL  CASOP     ENMOL   CASOPE
     OPENMOLCA   SOPENMOLCASOPEN   MOLCASOPE
    OPENMOLCAS   OP           EN   MOL    CAS
    OPENMOLCAS       OP  ENM        O     LCA
    OPENMOLCAS    OPEN  MOLCASO     P  E  NMO
    OPENMOLCAS     OP               E  N  MOL
    OPENMOLCA   SO           PENM   O  L  CAS    OPEN    MO    LCAS
    OPENMOLCA   SOP           ENM   O  L  CAS   OP  EN  MOLC  AS   O
    OPENMOLCA   SOPE           NM      O  LCA   S      OP  EN MO
    OPENMOLC                AS         O  PEN   M      OL  CA  SOPE
    OPENMO        LCASOPE  NMOL        C  ASO   P      ENMOLC     AS
    OPE     NMO      LCA  SO     P     E   NM   OL  CA SO  PE N   MO
          OPENMOLCA            SOPE   NMO        LCAS  O    P  ENMO
     OPENMOLCASOPENMOLCASOPENMOLCASOPENMOLCA
        OPENMOLCASOPENMOLCASOPENMOLCASOPE
            OPENMOLCASOPENMOLCASOPENM
               OPENMOLCASOPENMOLCA        version: f37762c57
                   OPENMOLCASO
                       OPE                tag:

 OpenMolcas is free software; you can redistribute it and/or modify it
 under the terms of the GNU Lesser General Public License version 2.1.
 OpenMolcas is distributed in the hope that it will be useful, but it
 is provided "as is" and without any express or implied warranties.
 For more details see the full text of the license in the file
 LICENSE or in <http://www.gnu.org/licenses/>.

                 Copyright (C) The OpenMolcas Authors
           For the author list and the recommended citation,
                   consult the file CONTRIBUTORS.md

           *************************************************
           * pymolcas version py2.28                       *
           *   build c4a6d18ded8cb6cad61d2372a9abd97c      *
           *   (after the EMIL interpreter by V. Veryazov) *
           *************************************************

configuration info
------------------
C Compiler ID: Intel
C flags: -std=gnu99 -gcc-sys
Fortran Compiler ID: IntelLLVM
Fortran flags: -standard-semantics -fltconsistency -fpp -i8 -heap-arrays
Definitions: _MOLCAS_;_I8_;_LINUX_
Parallel: OFF (GA=OFF)


   --------------------------------------------------------------------------------------
  |
  |              Project: H6_1.35
  |       Submitted from: ${LOCALHOME}/DDCASPT2/hydrogen_comps/rerun/H6_chain/H6_1.35
  |         Scratch area: /tmp/H6_1.35
  |      Save outputs to: ${LOCALHOME}/DDCASPT2/hydrogen_comps/rerun/H6_chain/H6_1.35
  |               Molcas: ${LOCALHOME}/Test/build
  |
  | Scratch area is empty
  |
  |       MOLCAS_DRIVER = /usr/local/pymolcas
  | MOLCAS_KEEP_WORKDIR = NO
  |  MOLCAS_NEW_WORKDIR = YES
  |       MOLCAS_NPROCS = 1
  |        MOLCAS_PRINT = NORMAL
  |       MOLCAS_SOURCE = ${LOCALHOME}/Test
  |    MOLCAS_STRUCTURE = 0
  |
   --------------------------------------------------------------------------------------

++ ---------   Input file   ---------

&GATEWAY
coord=H6_1.35.xyz
Basis = ANO-RCC-VDZP
Group = nosymm
End of Input

&SEWARD
End of Input

&SCF

>>> COPY $WorkDir/H6_1.35.scf.h5 $CurrDir/

&RASSCF
Title= RASSCF
FileOrb
${LOCALHOME}/DDCASPT2/hydrogen_comps/rerun/H6_chain/H6_0.60/H6_0.60.RasOrb
NACTEL
6 0 0
Inactive
0
RAS2
6
Symmetry
1
Spin
1
orblisting
all

>>> COPY $WorkDir/H6_1.35.rasscf.h5 $CurrDir/

>>> COPY $WorkDir/DDCASPT2_Fock_MO.csv $CurrDir/H6_1.35.DDCASPT2_Fock_MO.csv

&MOTRA
Frozen=0
LUMORB

>>> COPY $WorkDir/DDCASPT2_one_int_indx.csv $CurrDir/H6_1.35.DDCASPT2_one_int_indx.csv

>>> COPY $WorkDir/DDCASPT2_one_int.csv $CurrDir/H6_1.35.DDCASPT2_one_int.csv

>>> COPY $WorkDir/DDCASPT2_two_int_indx.csv $CurrDir/H6_1.35.DDCASPT2_two_int_indx.csv

>>> COPY $WorkDir/DDCASPT2_two_int.csv $CurrDir/H6_1.35.DDCASPT2_two_int.csv

&CASPT2
Frozen
0

MAXITER
50

>>> FOREACH i IN (B,E,F,G,H)

  >>> FOREACH j IN (P,M)

    >>> IF (-FILE DDCASPT2_e2_${i}_${j}_1_.csv)

      >>> COPY $WorkDir/DDCASPT2_RHS_${i}_${j}_1_.csv $CurrDir/DDCASPT2_RHS_${i}_${j}_1_.csv

      >>> COPY $WorkDir/DDCASPT2_IVECW_${i}_${j}_1_.csv $CurrDir/DDCASPT2_IVECW_${i}_${j}_1_.csv

      >>> COPY $WorkDir/DDCASPT2_IVECX_${i}_${j}_1_.csv $CurrDir/DDCASPT2_IVECX_${i}_${j}_1_.csv

      >>> COPY $WorkDir/DDCASPT2_IVECC2_${i}_${j}_1_.csv $CurrDir/DDCASPT2_IVECC2_${i}_${j}_1_.csv

      >>> COPY $WorkDir/DDCASPT2_e2_${i}_${j}_1_.csv $CurrDir/DDCASPT2_e2_${i}_${j}_1_.csv

    >>> END IF

  >>> END FOREACH

>>> END FOREACH

>>> FOREACH i IN (A,C,D)

  >>> IF (-FILE DDCASPT2_e2_${i}_1_.csv)

    >>> COPY $WorkDir/DDCASPT2_RHS_${i}_1_.csv $CurrDir/DDCASPT2_RHS_${i}_1_.csv

    >>> COPY $WorkDir/DDCASPT2_IVECW_${i}_1_.csv $CurrDir/DDCASPT2_IVECW_${i}_1_.csv

    >>> COPY $WorkDir/DDCASPT2_IVECX_${i}_1_.csv $CurrDir/DDCASPT2_IVECX_${i}_1_.csv

    >>> COPY $WorkDir/DDCASPT2_IVECC2_${i}_1_.csv $CurrDir/DDCASPT2_IVECC2_${i}_1_.csv

    >>> COPY $WorkDir/DDCASPT2_e2_${i}_1_.csv $CurrDir/DDCASPT2_e2_${i}_1_.csv

  >>> END IF

>>> END FOREACH

-- ----------------------------------

--- Start Module: gateway at Sun Oct 26 13:02:49 2025 ---
 
()()()()()()()()()()()()()()()()()()()()()()()()()()()()()()()()()()()()()()()()()()()()()()()()()()

                                              &GATEWAY

                                   only a single process is used
                       available to each process: 2.0 GB of memory, 1 thread?
()()()()()()()()()()()()()()()()()()()()()()()()()()()()()()()()()()()()()()()()()()()()()()()()()()
 
 
++    Symmetry information:
      ---------------------
 
                    Character Table for C1 
 
                             E  
                    a        1  x, y, xy, Rz, z, xz, Ry, yz, Rx, I
--
 
 
++    Basis set information:
      ----------------------
 
 
      Basis set label: H.ANO-RCC...2S1P.
 
      Electronic valence basis set:
      ------------------
      Associated Effective Charge   1.000000 au
      Associated Actual Charge      1.000000 au
      Nuclear Model: Point charge
 
      Shell  nPrim  nBasis  Cartesian Spherical Contaminant
         s       8       2        X                  
         p       4       1        X                  
--
 
 
++    Molecular structure info:
      -------------------------
 
                    ************************************************ 
                    **** Cartesian Coordinates / Bohr, Angstrom **** 
                    ************************************************ 
 
     Center  Label                x              y              z                     x              y              z
        1      H1               0.000000       0.000000       0.000000              0.000000       0.000000       0.000000
        2      H2               0.000000       0.000000       2.553993              0.000000       0.000000       1.351515
        3      H3               0.000000       0.000000       5.107986              0.000000       0.000000       2.703030
        4      H4               0.000000       0.000000       7.661980              0.000000       0.000000       4.054545
        5      H5               0.000000       0.000000      10.215975              0.000000       0.000000       5.406061
        6      H6               0.000000       0.000000      12.769968              0.000000       0.000000       6.757576
 
                    *************************************** 
                    *    InterNuclear Distances / Bohr    * 
                    *************************************** 
 
               1 H1            2 H2            3 H3            4 H4            5 H5            6 H6    
    1 H1       0.000000
    2 H2       2.553993        0.000000
    3 H3       5.107986        2.553993        0.000000
    4 H4       7.661980        5.107986        2.553993        0.000000
    5 H5      10.215975        7.661982        5.107988        2.553995        0.000000
    6 H6      12.769968       10.215975        7.661982        5.107988        2.553993        0.000000
 
                    ******************************************* 
                    *    InterNuclear Distances / Angstrom    * 
                    ******************************************* 
 
               1 H1            2 H2            3 H3            4 H4            5 H5            6 H6    
    1 H1       0.000000
    2 H2       1.351515        0.000000
    3 H3       2.703030        1.351515        0.000000
    4 H4       4.054545        2.703030        1.351515        0.000000
    5 H5       5.406061        4.054546        2.703031        1.351516        0.000000
    6 H6       6.757576        5.406061        4.054546        2.703031        1.351515        0.000000
 
                    ************************************** 
                    *    Valence Bond Angles / Degree    * 
                    ************************************** 
                          Atom centers                 Phi
                      1 H1       2 H2       3 H3       180.00
                      2 H2       3 H3       4 H4       180.00
                      3 H3       4 H4       5 H5       180.00
                      4 H4       5 H5       6 H6       180.00
--
 
 
            Nuclear Potential Energy              3.40642982 au
 
--- Stop Module: gateway at Sun Oct 26 13:02:49 2025 /rc=_RC_ALL_IS_WELL_ ---
*** files: xmldump
    saved to directory ${LOCALHOME}/DDCASPT2/hydrogen_comps/rerun/H6_chain/H6_1.35

--- Start Module: seward at Sun Oct 26 13:02:49 2025 ---
 
()()()()()()()()()()()()()()()()()()()()()()()()()()()()()()()()()()()()()()()()()()()()()()()()()()

                                              &SEWARD

                                   only a single process is used
                       available to each process: 2.0 GB of memory, 1 thread?
()()()()()()()()()()()()()()()()()()()()()()()()()()()()()()()()()()()()()()()()()()()()()()()()()()
 
               SEWARD will generate:
                  Multipole Moment integrals up to order  2
                  Kinetic Energy integrals
                  Nuclear Attraction integrals (point charge)
                  One-Electron Hamiltonian integrals
                  Velocity integrals
                  Relativistic Douglas-Kroll-Hess integrals:
                    - Parametrization         : EXP
                    - DKH order of Hamiltonian: 2
                    - DKH order of Properties : 0
                         - multipole moment operators
                         - electric potential operators
                         - contact operators
                  Atomic mean-field integrals
                  Two-Electron Repulsion integrals
 
                   Integrals are discarded if absolute value <: 0.10E-13
                   Integral cutoff threshold is set to       <: 0.10E-15
 
            Nuclear Potential Energy              3.40642982 au
 
 
      Basis set specifications :
      Symmetry species         a  
      Basis functions           30
 
 
  Input file to MOLDEN was generated!
 
forrtl: warning (525): IEEE_DIVIDE_BY_ZERO is signaling
forrtl: warning (526): IEEE_INVALID is signaling
forrtl: warning (528): IEEE_UNDERFLOW is signaling
--- Stop Module: seward at Sun Oct 26 13:02:50 2025 /rc=_RC_ALL_IS_WELL_ ---
*** files: H6_1.35.GssOrb H6_1.35.guessorb.h5 H6_1.35.guessorb.molden xmldump
    saved to directory ${LOCALHOME}/DDCASPT2/hydrogen_comps/rerun/H6_chain/H6_1.35

*** symbolic link created: INPORB -> H6_1.35.GssOrb
--- Start Module: scf at Sun Oct 26 13:02:50 2025 ---
 
()()()()()()()()()()()()()()()()()()()()()()()()()()()()()()()()()()()()()()()()()()()()()()()()()()

                                                &SCF

                                   only a single process is used
                       available to each process: 2.0 GB of memory, 1 thread?
()()()()()()()()()()()()()()()()()()()()()()()()()()()()()()()()()()()()()()()()()()()()()()()()()()
 
++    Input section:
      --------------
 
      Header of the integral files:
      
       Integrals generated by seward 4.2.0  , Sun Oct 26 13:02:49 2025
 
 
      Cartesian coordinates in Angstrom:
      -----------------------------------------------------
      No.  Label        X            Y            Z        
      -----------------------------------------------------
       1   H1         0.00000000   0.00000000   0.00000000
       2   H2         0.00000000   0.00000000   1.35151500
       3   H3         0.00000000   0.00000000   2.70303000
       4   H4         0.00000000   0.00000000   4.05454500
       5   H5         0.00000000   0.00000000   5.40606100
       6   H6         0.00000000   0.00000000   6.75757600
      -----------------------------------------------------
      Nuclear repulsion energy =    3.40642982
--
 
++    Orbital specifications:
      -----------------------
 
      Symmetry species               1
                                     a
      Frozen orbitals                0
      Occupied orbitals              3
      Secondary orbitals            27
      Deleted orbitals               0
      Total number of orbitals      30
      Number of basis functions     30
--
 
      Molecular charge                           0.000
 
++    Optimization specifications:
      ----------------------------
 
      SCF Algorithm: Conventional
      Minimized density differences are used
      Number of density matrices in core                5
      Maximum number of NDDO SCF iterations           400
      Maximum number of HF SCF iterations             400
      Threshold for SCF energy change            0.10E-08
      Threshold for density matrix               0.10E-03
      Threshold for Fock matrix                  0.15E-03
      Threshold for linear dependence            0.10E-08
      Threshold at which DIIS is turned on       0.15E+00
      Threshold at which QNR/C2DIIS is turned on 0.75E-01
      Threshold for Norm(delta) (QNR/C2DIIS)     0.20E-04
      DIIS extrapolation of the SCF procedure
      All orbitals punched on: SCFORB
--
 
      Input vectors read from INPORB
      Orbital file label: *Guess orbitals
 
 
++ Convergence information
                                   SCF        iterations: Energy and convergence statistics
 
Iter     Tot. SCF        One-elec.       Two-elec.     Energy      Max Dij or  Max Fij      DNorm      TNorm      AccCon     Time
         Energy          Energy          Energy        Change      Delta Norm                                                in Sec.
   1    -3.023974373   -10.076712338     3.646308148   0.00E+00    0.23E+00*   0.11E+00*    0.31E+01   0.88E+01   None         0.
   2    -3.083213117   -10.126614979     3.636972045  -0.59E-01*   0.62E-01*   0.14E-01*    0.11E+01   0.88E+01   EDIIS        0.
   3    -3.085809869   -10.098624436     3.606384750  -0.26E-02*   0.23E-01*   0.64E-02*    0.17E+00   0.87E+01   c2DIIS       0.
   4    -3.086155853   -10.099241750     3.606656081  -0.35E-03*   0.44E-02*   0.16E-02*    0.67E-01   0.87E+01   QNRc2DIIS    0.
   5    -3.086184604   -10.098001141     3.605386720  -0.29E-04*   0.36E-02*   0.66E-03*    0.45E-02   0.87E+01   QNRc2DIIS    0.
   6    -3.086191847   -10.098110314     3.605488650  -0.72E-05*   0.45E-04*   0.17E-04     0.63E-03   0.87E+01   QNRc2DIIS    0.
   7    -3.086191851   -10.098070778     3.605449110  -0.35E-08*   0.62E-05    0.34E-05     0.64E-04   0.87E+01   QNRc2DIIS    0.
   8    -3.086191851   -10.098068373     3.605446705  -0.68E-10    0.48E-06    0.17E-06     0.72E-05   0.87E+01   QNRc2DIIS    0.
 
       Convergence after  8 Macro Iterations
--
 
 *****************************************************************************************************************************
 *                                                                                                                           *
 *                                             SCF/KS-DFT Program, Final results                                             *
 *                                                                                                                           *
 *                                                                                                                           *
 *                                                                                                                           *
 *                                                       Final Results                                                       *
 *                                                                                                                           *
 *****************************************************************************************************************************
 
::    Total SCF energy                                 -3.0861918507
      One-electron energy                             -10.0980683730
      Two-electron energy                               3.6054467054
      Nuclear repulsion energy                          3.4064298168
      Kinetic energy (interpolated)                     2.4447596640
      Virial theorem                                    1.2623702429
      Total spin, S(S+1)                                0.0000000000
      Total spin, S                                     0.0000000000
      Max non-diagonal density matrix element           0.0000006666
      Max non-diagonal Fock matrix element              0.0000000498
 
 
      All orbitals with orbital energies smaller than  E(LUMO)+0.5 are printed
 
++    Molecular orbitals:
      -------------------
 
      Title: SCF orbitals

      Molecular orbitals for symmetry species 1: a  
 
          Orbital            1         2         3         4         5         6         7         8    
          Energy           -0.5679   -0.4940   -0.3817   -0.0404    0.1104    0.2638    0.2642    0.3835
          Occ. No.          2.0000    2.0000    2.0000    0.0000    0.0000    0.0000    0.0000    0.0000
 
        1 H1     1s         0.1890   -0.3460    0.4084   -0.6551    0.8031   -0.4242   -0.3153    0.5789
        2 H1     2s         0.0046   -0.0129    0.0493   -0.2875    0.5327   -0.6440    0.1341   -0.1255
        3 H1     2px        0.0000   -0.0000    0.0000   -0.0000    0.0000   -0.0000    0.0000   -0.0000
        4 H1     2py       -0.0000    0.0000    0.0000    0.0000   -0.0000    0.0000   -0.0000    0.0000
        5 H1     2pz        0.0155   -0.0200    0.0128    0.0063   -0.0306    0.0546   -0.0303   -0.0121
        6 H2     1s         0.2859   -0.4380    0.3340    0.3710   -1.0661    0.9713    0.0930   -0.8338
        7 H2     2s        -0.0066   -0.0505    0.1049    0.1473   -0.5260    0.4260    0.3623   -0.7789
        8 H2     2px        0.0000   -0.0000    0.0000   -0.0000    0.0000   -0.0000    0.0000   -0.0000
        9 H2     2py        0.0000   -0.0000    0.0000   -0.0000   -0.0000    0.0000   -0.0000   -0.0000
       10 H2     2pz        0.0047    0.0114   -0.0282    0.0272    0.0047   -0.0775   -0.0014   -0.0267
       11 H3     1s         0.3884   -0.0978   -0.4631    0.5889    0.4115   -1.1766   -0.2487    1.0446
       12 H3     2s         0.0053    0.0254   -0.1127    0.2293    0.2202   -0.6958    0.2445    0.4158
       13 H3     2px       -0.0000   -0.0000    0.0000   -0.0000    0.0000   -0.0000   -0.0000   -0.0000
       14 H3     2py       -0.0000   -0.0000    0.0000    0.0000   -0.0000   -0.0000   -0.0000   -0.0000
       15 H3     2pz        0.0069    0.0196   -0.0198   -0.0243    0.0314   -0.0072   -0.0219   -0.0760
       16 H4     1s         0.3884    0.0978   -0.4631   -0.5889    0.4115    1.1766   -0.2487   -1.0446
       17 H4     2s         0.0053   -0.0254   -0.1127   -0.2293    0.2202    0.6958    0.2445   -0.4158
       18 H4     2px        0.0000   -0.0000   -0.0000   -0.0000   -0.0000    0.0000   -0.0000   -0.0000
       19 H4     2py        0.0000    0.0000    0.0000    0.0000    0.0000    0.0000   -0.0000   -0.0000
       20 H4     2pz       -0.0069    0.0196    0.0198   -0.0243   -0.0314   -0.0072    0.0219   -0.0760
       21 H5     1s         0.2859    0.4380    0.3340   -0.3710   -1.0661   -0.9713    0.0930    0.8338
       22 H5     2s        -0.0066    0.0505    0.1049   -0.1473   -0.5260   -0.4261    0.3623    0.7789
       23 H5     2px        0.0000   -0.0000   -0.0000   -0.0000    0.0000    0.0000   -0.0000   -0.0000
       24 H5     2py        0.0000    0.0000   -0.0000   -0.0000    0.0000    0.0000   -0.0000   -0.0000
       25 H5     2pz       -0.0047    0.0114    0.0282    0.0272   -0.0047   -0.0775    0.0014   -0.0267
       26 H6     1s         0.1890    0.3460    0.4084    0.6551    0.8031    0.4242   -0.3152   -0.5789
       27 H6     2s         0.0046    0.0129    0.0493    0.2875    0.5327    0.6440    0.1341    0.1255
       28 H6     2px       -0.0000   -0.0000   -0.0000    0.0000    0.0000   -0.0000    0.0000    0.0000
       29 H6     2py       -0.0000   -0.0000   -0.0000   -0.0000    0.0000    0.0000    0.0000   -0.0000
       30 H6     2pz       -0.0155   -0.0200   -0.0128    0.0063    0.0306    0.0546    0.0303   -0.0121
--
 
 
++    Molecular charges:
      ------------------
 
      Mulliken charges per centre and basis function type
      ---------------------------------------------------
 
                H1      H2      H3      H4      H5      H6    
      1s       0.9237  1.0310  0.9965  0.9965  1.0310  0.9237
      2s       0.0081 -0.0005 -0.0312 -0.0312 -0.0005  0.0081
      2px      0.0000  0.0000  0.0000  0.0000  0.0000  0.0000
      2pz      0.0164  0.0288  0.0273  0.0273  0.0288  0.0164
      2py      0.0000  0.0000  0.0000  0.0000  0.0000  0.0000
      Total    0.9481  1.0593  0.9925  0.9925  1.0593  0.9481
 
      N-E      0.0519 -0.0593  0.0075  0.0075 -0.0593  0.0519
 
      Total electronic charge=    6.000000
 
      Total            charge=   -0.000000
--
 
 
  Input file to MOLDEN was generated!
 
 
++    Static properties:
      ------------------
 
 
      LoProp Charges per center
 

                   H1       H2       H3       H4       H5       H6    
      Nuclear      1.0000   1.0000   1.0000   1.0000   1.0000   1.0000
      Electronic  -0.9887  -1.0111  -1.0001  -1.0001  -1.0111  -0.9887
 
      Total        0.0113  -0.0111  -0.0001  -0.0001  -0.0111   0.0113
--
 
 
++    Natural Bond Order analysis
      ---------------------------
      Based on LoProp computed density
      -------------------------------------------------------------------------------------
      Atom A       Atom B       Bond Order
      -------------------------------------------------------------------------------------
      NBO located      0.954 non-bonded electrons on atom H1        
      NBO located      1.016 non-bonded electrons on atom H3        
      NBO located      1.016 non-bonded electrons on atom H4        
      NBO located      0.954 non-bonded electrons on atom H6        
      The remaining    2.060 electrons are to be considered as diffuse
--
 
 
++    Molecular properties:
      ---------------------
 
      Charge (e):
                      =   -0.0000
      Dipole Moment (Debye):
      Origin of the operator (Ang)=    0.0000    0.0000    0.0000
                   X= -5.6630E-14               Y= -2.2838E-14               Z= -2.3311E-07           Total=  2.3311E-07
      Quadrupole Moment (Debye*Ang):
      Origin of the operator (Ang)=    0.0000    0.0000    3.3788
                  XX= -8.9599E+00              XY= -1.1449E-28              XZ=  1.6093E-13              YY= -8.9599E+00
                  YZ=  8.1588E-14              ZZ= -4.2881E+00
      In traceless form (Debye*Ang)
                  XX= -2.3359E+00              XY= -1.7174E-28              XZ=  2.4139E-13              YY= -2.3359E+00
                  YZ=  1.2238E-13              ZZ=  4.6718E+00
--
 
 
  Input file to MOLDEN was generated!
 
 ###############################################################################
 ###############################################################################
 ###                                                                         ###
 ###                                                                         ###
 ###    RunFile label nBas                                                   ###
 ###    was used       78 times                                              ###
 ###                                                                         ###
 ###                                                                         ###
 ###############################################################################
 ###############################################################################
forrtl: warning (528): IEEE_UNDERFLOW is signaling
--- Stop Module: scf at Sun Oct 26 13:02:50 2025 /rc=_RC_ALL_IS_WELL_ ---
*** files: H6_1.35.LprOrb H6_1.35.LoProp.molden H6_1.35.scf.molden H6_1.35.ScfOrb H6_1.35.scf.h5 xmldump
    saved to directory ${LOCALHOME}/DDCASPT2/hydrogen_comps/rerun/H6_chain/H6_1.35

>>> COPY /tmp/H6_1.35/H6_1.35.scf.h5 ${LOCALHOME}/DDCASPT2/hydrogen_comps/rerun/H6_chain/H6_1.35/

*** symbolic link created: INPORB -> H6_1.35.ScfOrb
--- Start Module: rasscf at Sun Oct 26 13:02:50 2025 ---
 
()()()()()()()()()()()()()()()()()()()()()()()()()()()()()()()()()()()()()()()()()()()()()()()()()()

                                              &RASSCF

                                   only a single process is used
                       available to each process: 2.0 GB of memory, 1 thread?
()()()()()()()()()()()()()()()()()()()()()()()()()()()()()()()()()()()()()()()()()()()()()()()()()()
 
 
      Header of the ONEINT file:
      --------------------------
      
      Integrals generated by seward 4.2.0  , Sun Oct 26 13:02:49 2025
 
 
      OrdInt status: non-squared
 
 
      Cartesian coordinates in Angstrom:
      -----------------------------------------------------
      No.  Label        X            Y            Z        
      -----------------------------------------------------
       1   H1         0.00000000   0.00000000   0.00000000
       2   H2         0.00000000   0.00000000   1.35151500
       3   H3         0.00000000   0.00000000   2.70303000
       4   H4         0.00000000   0.00000000   4.05454500
       5   H5         0.00000000   0.00000000   5.40606100
       6   H6         0.00000000   0.00000000   6.75757600
      -----------------------------------------------------
      Nuclear repulsion energy =    3.40642982
 
++    Wave function specifications:
      -----------------------------
 
      Number of closed shell electrons           0
      Number of electrons in active shells       6
      Max number of holes in RAS1 space          0
      Max nr of electrons in RAS3 space          0
      Number of inactive orbitals                0
      Number of active orbitals                  6
      Number of secondary orbitals              24
      Spin quantum number                      0.0
      State symmetry                             1
--
 
++    Orbital specifications:
      -----------------------
 
      Symmetry species                           1
                                                 a
      Frozen orbitals                            0
      Inactive orbitals                          0
      Active orbitals                            6
      RAS1 orbitals                              0
      RAS2 orbitals                              6
      RAS3 orbitals                              0
      Secondary orbitals                        24
      Deleted orbitals                           0
      Number of basis functions                 30
--
 
++    CI expansion specifications:
      ----------------------------
 
      Number of CSFs                           175
      Number of determinants                   210
      Number of root(s) required                 1
      Root chosen for geometry opt.              1
      CI root used                               1
         
      highest root included in the CI            1
      max. size of the explicit Hamiltonian    175
--
 
++    Optimization specifications:
      ----------------------------
 
      RASSCF algorithm: Conventional
      Maximum number of macro iterations       200
      Maximum number of SX iterations          100
      Threshold for RASSCF energy            0.100E-07
      Threshold for max MO rotation          0.100E+00
      Threshold for max BLB element          0.100E-03
      Level shift parameter                  0.500E+00
      Make Quasi-Newton update
--
 
      The MO-coefficients are taken from the file:
      ${LOCALHOME}/DDCASPT2/hydrogen_comps/rerun/H6_chain/H6_0.60/H6_0.60.RasOrb                                                  
      Title: RASSCF average (pseudo-natural) orbitals                                      
 
      Total molecular charge    0.00
 
      ************************************************************************************************************************
      *                                                                                                                      *
      *                                            Wave function control section                                             *
      *                                                                                                                      *
      ************************************************************************************************************************
 
 
                                         RASSCF iterations: Energy and convergence statistics
                                         ----------------------------------------------------
 
      Iter CI   SX   CI       RASSCF       Energy    max ROT     max BLB   max BLB  Level Ln srch  Step   QN   Walltime
          iter iter root      energy       change     param      element    value   shift minimum  type update hh:mm:ss
 Nr of preliminary CI iterations:   1
        1   1   92    1    -2.64781655    0.00E+00  -0.28E+00*   1   8 1 -0.51E+00*  0.00   0.00    SX    NO    0:00:00
        2   1   76    1    -3.10361693   -0.46E+00*  0.16E+00*   1   8 1 -0.22E+00*  0.00   0.00    SX    NO    0:00:00
        3   1   80    1    -3.16364780   -0.60E-01* -0.17E+00*   1   8 1 -0.45E-01*  0.00   0.00    SX    NO    0:00:00
        4   1   89    1    -3.17057748   -0.69E-02*  0.14E+00*   4   7 1  0.93E-02*  0.00   0.00    SX    NO    0:00:00
        5   1   74    1    -3.17398786   -0.34E-02*  0.23E+00*   4   7 1  0.59E-02*  0.00   2.50    QN   YES    0:00:00
        6   1   80    1    -3.17766182   -0.37E-02*  0.17E+00*   2  17 1  0.95E-02*  0.00   1.21    QN   YES    0:00:00
        7   1   56    1    -3.17482176    0.28E-02* -0.11E+00*   2  17 1  0.57E-02*  0.00  -0.50    LS   YES    0:00:00
        8   1   74    1    -3.17651526   -0.17E-02* -0.10E+00*   2  17 1  0.81E-02*  0.00   2.50    LS   YES    0:00:00
        9   1  100    1    -3.17830530   -0.18E-02* -0.14E+00*   2  17 1  0.10E-01*  0.00   2.50    QN   YES    0:00:00
       10   1   76    1    -3.17855149   -0.25E-03*  0.70E-01    3  29 1  0.97E-02*  0.00   0.61    QN   YES    0:00:00
       11   1   86    1    -3.17710879    0.14E-02* -0.60E-01    3  30 1  0.62E-02*  0.00  -0.50    LS   YES    0:00:00
       12   1   72    1    -3.17833437   -0.12E-02* -0.16E+00*   3  29 1  0.92E-02*  0.00   2.50    SX   YES    0:00:00
       13   1   72    1    -3.18479410   -0.65E-02* -0.14E+00*   3  29 1  0.11E-01*  0.00   2.50    LS   YES    0:00:00
       14   1   53    1    -3.19290714   -0.81E-02* -0.13E+00*   3  29 1  0.16E-01*  0.00   2.50    LS   YES    0:00:00
       15   1   52    1    -3.20162972   -0.87E-02* -0.56E-01    3  29 1  0.22E-01*  0.00   2.50    QN   YES    0:00:00
       16   1  100    1    -3.18060570    0.21E-01*  0.37E-01    3  29 1  0.11E+00*  0.00  -0.27    LS   YES    0:00:00
       17   1  100    1    -3.19768417   -0.17E-01* -0.13E+00*   3  29 1  0.52E-01*  0.00   1.87    QN   YES    0:00:00
       18   1   24    1    -3.20905312   -0.11E-01* -0.90E-01    3  29 1  0.22E-01*  0.00   1.98    LS   YES    0:00:00
       19   1   19    1    -3.21305565   -0.40E-02*  0.75E-01    4   7 1 -0.56E-02*  0.00   1.34    QN   YES    0:00:00
       20   1   20    1    -3.21281745    0.24E-03* -0.25E-01    2   7 1 -0.15E-01*  0.00   0.46    LS   YES    0:00:00
       21   1   25    1    -3.21354568   -0.73E-03* -0.41E-01    2   7 1 -0.10E-01*  0.00   1.59    QN   YES    0:00:00
       22   1   19    1    -3.21399105   -0.45E-03*  0.34E-02    2   7 1 -0.72E-02*  0.00   1.01    QN   YES    0:00:00
       23   1   19    1    -3.21405871   -0.68E-04* -0.79E-02    2   7 1 -0.66E-02*  0.00   2.42    QN   YES    0:00:00
       24   1   19    1    -3.21419320   -0.13E-03* -0.12E-01    2   7 1 -0.49E-02*  0.00   2.01    QN   YES    0:00:00
       25   1   19    1    -3.21434754   -0.15E-03* -0.11E-01    3  29 1  0.46E-02*  0.00   1.82    QN   YES    0:00:00
       26   1   19    1    -3.21445940   -0.11E-03*  0.61E-02    3  29 1  0.32E-02*  0.00   1.51    QN   YES    0:00:00
       27   1   17    1    -3.21449467   -0.35E-04* -0.14E-02    3  29 1  0.97E-03*  0.00   1.28    QN   YES    0:00:00
       28   1   15    1    -3.21449883   -0.42E-05*  0.70E-03    1   7 1  0.81E-04   0.00   1.16    QN   YES    0:00:00
       29   1   11    1    -3.21449902   -0.19E-06*  0.89E-04    3  29 1 -0.21E-04   0.00   1.11    QN   YES    0:00:00
       30   1    9    1    -3.21449903   -0.60E-08  -0.24E-04    3  29 1 -0.86E-05   0.00   1.16    QN   YES    0:00:00
      Convergence after 30 iterations
 
  Dmat in MO in SXCTL bf call to SXHAM                                                                                    
  mat. size =     6x    6
 
        1.8093016647411175
        0.0001494817414890      1.8764151009173591
       -0.0441932950086051     -0.0000895680338216      1.7643693237334086
        0.0089324323398645     -0.0693820199506919     -0.0028230204449499      0.2301553459159326
        0.1748277506405988      0.0005778025358301      0.1321414611971206      0.0225345644995463      0.1418620370903399
        0.3815232567279031     -0.0009258131864665     -0.0156805405885496     -0.0503101886658215      0.0493389086775284
        0.1778965276018409
       31   1    9    1    -3.21449903   -0.47E-09  -0.24E-04    2   7 1 -0.17E-05   0.00   1.16    QN   YES    0:00:00
 
      ************************************************************************************************************************
                                                      Wave function printout:
                       occupation of active orbitals, and spin coupling of open shells (u,d: Spin up or down)
      ************************************************************************************************************************
 
      Note: transformation to natural orbitals
      has been made, which may change the order of the CSFs.
 
      printout of CI-coefficients larger than  0.05 for root  1
      energy=      -3.214499
      conf/sym  111111     Coeff  Weight
             1  222000  -0.89148 0.79474
            11  220200   0.24671 0.06086
            13  220020   0.05922 0.00351
            18  2udud0   0.19850 0.03940
            21  2ud0ud   0.05596 0.00313
            25  u2d020   0.05352 0.00286
            26  u2du0d   0.15831 0.02506
            29  202200   0.07961 0.00634
            31  202020   0.09929 0.00986
            32  202u0d   0.05424 0.00294
            36  ud2ud0   0.07672 0.00589
            39  ud20ud   0.09169 0.00841
            41  022200   0.06056 0.00367
            46  022002   0.05941 0.00353
            47  2uudd0  -0.07574 0.00574
            51  u2ud0d  -0.05934 0.00352
           120  200220  -0.05279 0.00279
 
      Natural orbitals and occupation numbers for root  1
      sym 1:   1.920109   1.879335   1.768197   0.246942   0.116796   0.068621
 
      ************************************************************************************************************************
      *                                                                                                                      *
      *                                                    Final results                                                     *
      *                                                                                                                      *
      ************************************************************************************************************************
 
 
++    Wave function specifications:
      -----------------------------
 
      Number of closed shell electrons           0
      Number of electrons in active shells       6
      Max number of holes in RAS1 space          0
      Max nr of electrons in RAS3 space          0
      Number of inactive orbitals                0
      Number of active orbitals                  6
      Number of secondary orbitals              24
      Spin quantum number                      0.0
      State symmetry                             1
--
 
++    Orbital specifications:
      -----------------------
 
      Symmetry species                           1
                                                 a
      Frozen orbitals                            0
      Inactive orbitals                          0
      Active orbitals                            6
      RAS1 orbitals                              0
      RAS2 orbitals                              6
      RAS3 orbitals                              0
      Secondary orbitals                        24
      Deleted orbitals                           0
      Number of basis functions                 30
--
 
++    CI expansion specifications:
      ----------------------------
 
      Number of CSFs                           175
      Number of determinants                   210
      Number of root(s) required                 1
      CI root used                               1
      highest root included in the CI            1
      Root passed to geometry opt.               1
--
 
++    Final optimization conditions:
      ------------------------------
 
      Average CI energy                              -3.21449903
      RASSCF energy for state  1                     -3.21449903
      Super-CI energy                                -0.00000000
      RASSCF energy change                           -0.00000000
      Max change in MO coefficients              -0.520E-04
      Max non-diagonal density matrix element    -0.238E-04
      Maximum BLB matrix element                 -0.169E-05
      (orbital pair   2,   7 in symmetry   1)
      Norm of electronic gradient            0.424E-05
--
 
 
      Final state energy(ies):
      ------------------------
 
::    RASSCF root number  1 Total energy:     -3.21449903
 
++    Molecular orbitals:
      -------------------
 
      Pseudonatural active orbitals and approximate occupation numbers
 
 
 
 
      Molecular orbitals for symmetry species 1: a  
 
 
      Orbital                1         2         3         4         5         6         7         8         9        10
      Energy            0.0000    0.0000    0.0000    0.0000    0.0000    0.0000    0.2587    0.3192    0.4437    0.6222
      Occ. No.          1.9201    1.8793    1.7682    0.2469    0.1168    0.0686    0.0000    0.0000    0.0000    0.0000
 
    1 H1     1s         0.1955   -0.3576    0.4195   -0.5573   -0.6522   -0.4638   -0.0906    0.0457    0.4174    0.0000
    2 H1     2s         0.0016   -0.0057    0.0313   -0.0258   -0.0389   -0.0512    0.3083    0.6436    0.9323    0.0000
    3 H1     2px       -0.0000    0.0000   -0.0000    0.0000    0.0000    0.0000    0.0000    0.0000    0.0000    0.0939
    4 H1     2py       -0.0000    0.0000   -0.0000    0.0000    0.0000    0.0000    0.0000    0.0000    0.0000    0.1676
    5 H1     2pz        0.0111   -0.0138    0.0075   -0.0046   -0.0091   -0.0098   -0.0360   -0.0335   -0.0046   -0.0000
    6 H2     1s         0.2942   -0.4311    0.3151    0.2740    0.8153    0.8441   -0.1646   -0.2025   -0.2585   -0.0000
    7 H2     2s        -0.0101   -0.0293    0.0790   -0.0100    0.1298    0.1942    0.2016    0.1303   -0.3638   -0.0000
    8 H2     2px        0.0000   -0.0000    0.0000    0.0000    0.0000    0.0000    0.0000    0.0000    0.0000    0.1602
    9 H2     2py        0.0000   -0.0000    0.0000    0.0000    0.0000    0.0000    0.0000    0.0000    0.0000    0.2859
   10 H2     2pz        0.0066    0.0065   -0.0233    0.0209    0.0047   -0.0059    0.0074    0.0778    0.1732    0.0000
   11 H3     1s         0.3869   -0.1120   -0.4583    0.5584   -0.3348   -1.0819   -0.1388    0.0442    0.0386    0.0000
   12 H3     2s        -0.0036    0.0198   -0.0827    0.0659   -0.0895   -0.2483    0.2719    0.1706   -0.4335    0.0000
   13 H3     2px       -0.0000    0.0000    0.0000   -0.0000    0.0000    0.0000    0.0000    0.0000    0.0000    0.1987
   14 H3     2py       -0.0000    0.0000    0.0000   -0.0000    0.0000    0.0000    0.0000    0.0000    0.0000    0.3546
   15 H3     2pz        0.0026    0.0180   -0.0153   -0.0113   -0.0161   -0.0084   -0.0125    0.0517    0.0165   -0.0000
   16 H4     1s         0.3869    0.1120   -0.4583   -0.5584   -0.3348    1.0819   -0.1388   -0.0442    0.0386   -0.0000
   17 H4     2s        -0.0036   -0.0198   -0.0827   -0.0659   -0.0895    0.2483    0.2719   -0.1706   -0.4335   -0.0000
   18 H4     2px        0.0000    0.0000   -0.0000   -0.0000   -0.0000    0.0000   -0.0000    0.0000   -0.0000    0.1987
   19 H4     2py        0.0000    0.0000   -0.0000   -0.0000   -0.0000    0.0000   -0.0000    0.0000   -0.0000    0.3546
   20 H4     2pz       -0.0026    0.0180    0.0153   -0.0113    0.0161   -0.0084    0.0125    0.0517   -0.0165   -0.0000
   21 H5     1s         0.2942    0.4311    0.3151   -0.2740    0.8153   -0.8441   -0.1646    0.2025   -0.2585    0.0000
   22 H5     2s        -0.0101    0.0293    0.0790    0.0100    0.1298   -0.1942    0.2016   -0.1303   -0.3638    0.0000
   23 H5     2px       -0.0000   -0.0000   -0.0000    0.0000   -0.0000    0.0000   -0.0000    0.0000   -0.0000    0.1602
   24 H5     2py       -0.0000   -0.0000   -0.0000    0.0000   -0.0000    0.0000   -0.0000    0.0000   -0.0000    0.2859
   25 H5     2pz       -0.0066    0.0065    0.0233    0.0209   -0.0047   -0.0059   -0.0074    0.0778   -0.1732    0.0000
   26 H6     1s         0.1955    0.3576    0.4195    0.5573   -0.6522    0.4638   -0.0906   -0.0457    0.4174   -0.0000
   27 H6     2s         0.0016    0.0057    0.0313    0.0258   -0.0389    0.0512    0.3084   -0.6436    0.9323   -0.0000
   28 H6     2px        0.0000    0.0000    0.0000    0.0000   -0.0000    0.0000   -0.0000    0.0000   -0.0000    0.0939
   29 H6     2py        0.0000    0.0000    0.0000    0.0000   -0.0000    0.0000   -0.0000    0.0000   -0.0000    0.1676
   30 H6     2pz       -0.0111   -0.0138   -0.0075   -0.0046    0.0091   -0.0098    0.0360   -0.0335    0.0046   -0.0000
 
 
      Orbital               11        12        13        14        15        16        17        18        19        20
      Energy            0.6222    0.6981    0.7217    0.7217    0.8890    0.8890    0.9764    1.1207    1.1286    1.1286
      Occ. No.          0.0000    0.0000    0.0000    0.0000    0.0000    0.0000    0.0000    0.0000    0.0000    0.0000
 
    1 H1     1s         0.0000    0.8341   -0.0000    0.0000    0.0000   -0.0000   -0.4887    0.7468   -0.0000   -0.0000
    2 H1     2s         0.0000    1.0583    0.0000    0.0000   -0.0000   -0.0000   -0.2143    0.8792   -0.0000   -0.0000
    3 H1     2px        0.1676   -0.0000   -0.1737    0.3279    0.2238    0.4555    0.0000   -0.0000   -0.2305   -0.5183
    4 H1     2py       -0.0939    0.0000   -0.3279   -0.1737    0.4555   -0.2238    0.0000   -0.0000   -0.5183    0.2305
    5 H1     2pz       -0.0000    0.0009    0.0000    0.0000    0.0000    0.0000    0.3145    0.1311   -0.0000   -0.0000
    6 H2     1s        -0.0000   -0.7435    0.0000   -0.0000    0.0000    0.0000    0.7604   -1.4075    0.0000    0.0000
    7 H2     2s        -0.0000   -1.3633   -0.0000   -0.0000    0.0000    0.0000    1.0160   -2.0422    0.0000    0.0000
    8 H2     2px        0.2859   -0.0000   -0.2033    0.3837    0.0884    0.1798    0.0000    0.0000    0.1156    0.2598
    9 H2     2py       -0.1602   -0.0000   -0.3837   -0.2033    0.1798   -0.0884    0.0000    0.0000    0.2598   -0.1156
   10 H2     2pz        0.0000    0.1533    0.0000    0.0000   -0.0000   -0.0000   -0.2494   -0.2169    0.0000    0.0000
   11 H3     1s         0.0000   -0.1929   -0.0000   -0.0000   -0.0000   -0.0000   -0.4610    0.7761   -0.0000   -0.0000
   12 H3     2s        -0.0000   -0.5132   -0.0000   -0.0000   -0.0000   -0.0000   -0.7044    1.1841   -0.0000   -0.0000
   13 H3     2px        0.3546   -0.0000   -0.0890    0.1681   -0.1779   -0.3621    0.0000    0.0000    0.1866    0.4195
   14 H3     2py       -0.1987   -0.0000   -0.1681   -0.0890   -0.3621    0.1779   -0.0000    0.0000    0.4195   -0.1866
   15 H3     2pz       -0.0000   -0.1667   -0.0000   -0.0000    0.0000    0.0000    0.3993    0.1331   -0.0000   -0.0000
   16 H4     1s        -0.0000    0.1929   -0.0000    0.0000    0.0000   -0.0000   -0.4610    0.7761   -0.0000   -0.0000
   17 H4     2s        -0.0000    0.5132   -0.0000    0.0000    0.0000   -0.0000   -0.7044    1.1840   -0.0000   -0.0000
   18 H4     2px        0.3546   -0.0000    0.0890   -0.1681   -0.1779   -0.3621   -0.0000   -0.0000   -0.1866   -0.4195
   19 H4     2py       -0.1987   -0.0000    0.1681    0.0890   -0.3621    0.1779   -0.0000   -0.0000   -0.4195    0.1866
   20 H4     2pz       -0.0000   -0.1667   -0.0000   -0.0000    0.0000    0.0000   -0.3993   -0.1331    0.0000    0.0000
   21 H5     1s         0.0000    0.7435    0.0000    0.0000   -0.0000    0.0000    0.7604   -1.4075    0.0000    0.0000
   22 H5     2s         0.0000    1.3633    0.0000    0.0000   -0.0000    0.0000    1.0160   -2.0422    0.0000    0.0000
   23 H5     2px        0.2859   -0.0000    0.2033   -0.3837    0.0884    0.1798   -0.0000   -0.0000   -0.1156   -0.2598
   24 H5     2py       -0.1602   -0.0000    0.3837    0.2033    0.1798   -0.0884   -0.0000   -0.0000   -0.2598    0.1156
   25 H5     2pz        0.0000    0.1533   -0.0000    0.0000   -0.0000   -0.0000    0.2494    0.2169   -0.0000   -0.0000
   26 H6     1s        -0.0000   -0.8341   -0.0000   -0.0000    0.0000   -0.0000   -0.4887    0.7468   -0.0000   -0.0000
   27 H6     2s        -0.0000   -1.0583   -0.0000   -0.0000    0.0000    0.0000   -0.2143    0.8792   -0.0000   -0.0000
   28 H6     2px        0.1676   -0.0000    0.1737   -0.3279    0.2238    0.4555   -0.0000    0.0000    0.2305    0.5183
   29 H6     2py       -0.0939   -0.0000    0.3279    0.1737    0.4555   -0.2238   -0.0000    0.0000    0.5183   -0.2305
   30 H6     2pz       -0.0000    0.0009   -0.0000    0.0000    0.0000    0.0000   -0.3145   -0.1311    0.0000   -0.0000
 
 
      Orbital               21        22        23        24        25        26        27        28        29        30
      Energy            1.1730    1.4177    1.4177    1.6859    1.6859    1.6938    1.7240    2.0865    2.6163    3.2259
      Occ. No.          0.0000    0.0000    0.0000    0.0000    0.0000    0.0000    0.0000    0.0000    0.0000    0.0000
 
    1 H1     1s         0.0483   -0.0000   -0.0000   -0.0000    0.0000   -0.8965   -0.9204   -0.8380   -0.7085    0.4863
    2 H1     2s        -0.2584    0.0000    0.0000   -0.0000    0.0000   -0.8543   -0.9121   -0.5337   -0.2553    0.1224
    3 H1     2px        0.0000    0.0015    0.5106   -0.2602    0.1689    0.0000    0.0000   -0.0000   -0.0000    0.0000
    4 H1     2py       -0.0000    0.5106   -0.0015   -0.1689   -0.2602    0.0000   -0.0000   -0.0000   -0.0000    0.0000
    5 H1     2pz       -0.4989    0.0000    0.0000   -0.0000   -0.0000   -0.7717   -0.3720   -0.7709   -0.6375    0.4012
    6 H2     1s        -0.1526    0.0000    0.0000    0.0000   -0.0000    1.9721    2.7776    1.1065    0.0988    0.2672
    7 H2     2s        -0.3147   -0.0000   -0.0000    0.0000   -0.0000    1.5481    2.8017    0.6242    0.1048   -0.0692
    8 H2     2px       -0.0000   -0.0020   -0.6791    0.4989   -0.3238   -0.0000    0.0000   -0.0000   -0.0000    0.0000
    9 H2     2py       -0.0000   -0.6791    0.0020    0.3238    0.4989   -0.0000    0.0000   -0.0000   -0.0000    0.0000
   10 H2     2pz        0.2547    0.0000    0.0000   -0.0000   -0.0000    0.0479    0.4179   -0.6284   -1.1561    0.9983
   11 H3     1s         0.7279    0.0000    0.0000    0.0000    0.0000   -1.0039   -4.2527    0.4156    0.6871    0.1959
   12 H3     2s         1.3014   -0.0000   -0.0000    0.0000    0.0000   -0.7998   -4.3090   -0.0549    0.0787    0.0821
   13 H3     2px       -0.0000    0.0009    0.3073   -0.6319    0.4101    0.0000    0.0000    0.0000   -0.0000    0.0000
   14 H3     2py       -0.0000    0.3073   -0.0009   -0.4101   -0.6319    0.0000   -0.0000    0.0000   -0.0000    0.0000
   15 H3     2pz       -0.0881   -0.0000   -0.0000    0.0000    0.0000    0.6669   -0.1837    0.6458   -0.5599    1.3528
   16 H4     1s        -0.7279   -0.0000   -0.0000   -0.0000   -0.0000   -1.0041    4.2526   -0.4157    0.6871   -0.1959
   17 H4     2s        -1.3014    0.0000    0.0000   -0.0000   -0.0000   -0.8000    4.3090    0.0549    0.0787   -0.0821
   18 H4     2px       -0.0000    0.0009    0.3073    0.6319   -0.4101   -0.0000    0.0000    0.0000    0.0000    0.0000
   19 H4     2py       -0.0000    0.3073   -0.0009    0.4101    0.6319   -0.0000    0.0000    0.0000    0.0000    0.0000
   20 H4     2pz       -0.0880   -0.0000   -0.0000   -0.0000   -0.0000   -0.6669   -0.1838    0.6458    0.5599    1.3528
   21 H5     1s         0.1527   -0.0000   -0.0000    0.0000    0.0000    1.9723   -2.7775   -1.1065    0.0988   -0.2672
   22 H5     2s         0.3147    0.0000    0.0000    0.0000    0.0000    1.5482   -2.8016   -0.6242    0.1048    0.0692
   23 H5     2px       -0.0000   -0.0020   -0.6791   -0.4989    0.3238    0.0000    0.0000   -0.0000    0.0000    0.0000
   24 H5     2py       -0.0000   -0.6791    0.0020   -0.3238   -0.4989    0.0000   -0.0000   -0.0000    0.0000    0.0000
   25 H5     2pz        0.2547    0.0000    0.0000   -0.0000   -0.0000   -0.0480    0.4179   -0.6284    1.1561    0.9983
   26 H6     1s        -0.0484    0.0000    0.0000   -0.0000   -0.0000   -0.8965    0.9204    0.8380   -0.7085   -0.4863
   27 H6     2s         0.2584   -0.0000   -0.0000   -0.0000   -0.0000   -0.8543    0.9120    0.5337   -0.2553   -0.1224
   28 H6     2px        0.0000    0.0015    0.5106    0.2602   -0.1689   -0.0000    0.0000   -0.0000    0.0000    0.0000
   29 H6     2py        0.0000    0.5106   -0.0015    0.1689    0.2602   -0.0000    0.0000   -0.0000    0.0000    0.0000
   30 H6     2pz       -0.4989    0.0000    0.0000    0.0000    0.0000    0.7718   -0.3720   -0.7708    0.6375    0.4012
--
 
      Von Neumann Entropy (Root  1) =  1.07679
 

      Mulliken population analysis for root number:  1
      -----------------------------------------------
 
 
++    Molecular charges:
      ------------------
 
      Mulliken charges per centre and basis function type
      ---------------------------------------------------
 
                H1      H2      H3      H4      H5      H6    
      1s       0.9665  1.0184  1.0088  1.0088  1.0184  0.9665
      2s      -0.0000 -0.0141 -0.0348 -0.0348 -0.0141 -0.0000
      2px      0.0000  0.0000  0.0000  0.0000  0.0000  0.0000
      2pz      0.0096  0.0234  0.0220  0.0220  0.0234  0.0096
      2py      0.0000  0.0000  0.0000  0.0000  0.0000  0.0000
      Total    0.9761  1.0278  0.9961  0.9961  1.0278  0.9761
 
      N-E      0.0239 -0.0278  0.0039  0.0039 -0.0278  0.0239
 
      Total electronic charge=    6.000000
 
      Total            charge=   -0.000000
--
 
 

      Expectation values of various properties for root number:  1
      -----------------------------------------------------------
 
 
++    Molecular properties:
      ---------------------
 
      Charge (e):
                      =   -0.0000
      Dipole Moment (Debye):
      Origin of the operator (Ang)=    0.0000    0.0000    0.0000
                   X= -2.2938E-09               Y=  1.1982E-08               Z=  3.6380E-05           Total=  3.6380E-05
      Quadrupole Moment (Debye*Ang):
      Origin of the operator (Ang)=    0.0000    0.0000    3.3788
                  XX= -8.0759E+00              XY= -3.1599E-14              XZ= -1.9551E-07              YY= -8.0759E+00
                  YZ= -2.8103E-07              ZZ= -5.3998E+00
      In traceless form (Debye*Ang)
                  XX= -1.3380E+00              XY= -4.7398E-14              XZ= -2.9327E-07              YY= -1.3380E+00
                  YZ= -4.2155E-07              ZZ=  2.6761E+00
--
 

      LoProp population analysis for root number:  1
      -----------------------------------------------
 
 
++    LoProp analysis:
      ----------------
 
 
 
  Input file to MOLDEN was generated!
 
 
++    Static properties:
      ------------------
 
 
      LoProp Charges per center
 

                   H1       H2       H3       H4       H5       H6    
      Nuclear      1.0000   1.0000   1.0000   1.0000   1.0000   1.0000
      Electronic  -1.0019  -0.9988  -0.9994  -0.9994  -0.9988  -1.0019
 
      Total       -0.0019   0.0012   0.0006   0.0006   0.0012  -0.0019
--
 
 
      Natural Bond Order analysis for root number:  1
 
++    Natural Bond Order analysis
      ---------------------------
      Based on LoProp computed density
      -------------------------------------------------------------------------------------
      Atom A       Atom B       Bond Order
      -------------------------------------------------------------------------------------
      NBO located      0.979 non-bonded electrons on atom H1        
      NBO located      1.016 non-bonded electrons on atom H3        
      NBO located      1.016 non-bonded electrons on atom H4        
      NBO located      0.979 non-bonded electrons on atom H6        
      The remaining    2.010 electrons are to be considered as diffuse
--
 
--
 
 
  Input file to MOLDEN was generated!
 
      Average orbitals are written to the RASORB file
      Natural orbitals for root   1 are written to the RASORB.1 file
      Spin density orbitals for root   1 are written to the SPDORB.1 file
 
forrtl: warning (525): IEEE_DIVIDE_BY_ZERO is signaling
forrtl: warning (526): IEEE_INVALID is signaling
forrtl: warning (528): IEEE_UNDERFLOW is signaling
--- Stop Module: rasscf at Sun Oct 26 13:02:52 2025 /rc=_RC_ALL_IS_WELL_ ---
*** files: H6_1.35.LprOrb H6_1.35.rasscf.molden H6_1.35.LoProp.molden H6_1.35.RasOrb.1 H6_1.35.RasOrb H6_1.35.rasscf.h5 H6_1.35.SpdOrb.1 xmldump
    saved to directory ${LOCALHOME}/DDCASPT2/hydrogen_comps/rerun/H6_chain/H6_1.35
--- Module rasscf spent 2 seconds ---

>>> COPY /tmp/H6_1.35/H6_1.35.rasscf.h5 ${LOCALHOME}/DDCASPT2/hydrogen_comps/rerun/H6_chain/H6_1.35/

>>> COPY /tmp/H6_1.35/DDCASPT2_Fock_MO.csv ${LOCALHOME}/DDCASPT2/hydrogen_comps/rerun/H6_chain/H6_1.35/H6_1.35.DDCASPT2_Fock_MO.csv

*** symbolic link created: INPORB -> H6_1.35.RasOrb
--- Start Module: motra at Sun Oct 26 13:02:52 2025 ---
 
()()()()()()()()()()()()()()()()()()()()()()()()()()()()()()()()()()()()()()()()()()()()()()()()()()

                                               &MOTRA

                                   only a single process is used
                       available to each process: 2.0 GB of memory, 1 thread?
()()()()()()()()()()()()()()()()()()()()()()()()()()()()()()()()()()()()()()()()()()()()()()()()()()
 
 
      *** WARNING: Default frozen orbitals is overwritten by user input.
      *** Default values:   0
 
      Header of the integral files:
      
       Integrals generated by seward 4.2.0  , Sun Oct 26 13:02:49 2025
 
 
      Header of MO coefficients source file:
      * RASSCF average (pseudo-natural) orbitals                                      
 
 
      Cartesian coordinates in Angstrom:
      -----------------------------------------------------
      No.  Label        X            Y            Z        
      -----------------------------------------------------
       1   H1         0.00000000   0.00000000   0.00000000
       2   H2         0.00000000   0.00000000   1.35151500
       3   H3         0.00000000   0.00000000   2.70303000
       4   H4         0.00000000   0.00000000   4.05454500
       5   H5         0.00000000   0.00000000   5.40606100
       6   H6         0.00000000   0.00000000   6.75757600
      -----------------------------------------------------
      Nuclear repulsion energy =    3.40642982
 
      Orbital specifications:
      -----------------------
 
      Symmetry species:              1
      Number of basis functions:    30
      Frozen orbitals:               0
      Deleted orbitals:              0
      Number of orbitals used:      30

       SYMMETRY  BASIS FUNCTIONS       ORBITALS      INTEGRALS   CPU(SEC)  I/O(SEC)
        1 1 1 1   30  30  30  30    30  30  30  30      108345       0.00      0.00

       TOTAL CPU TIME(SEC)    0.08TOTAL I/O TIME(SEC)    0.15
 
--- Stop Module: motra at Sun Oct 26 13:02:52 2025 /rc=_RC_ALL_IS_WELL_ ---
*** files: xmldump
    saved to directory ${LOCALHOME}/DDCASPT2/hydrogen_comps/rerun/H6_chain/H6_1.35

>>> COPY /tmp/H6_1.35/DDCASPT2_one_int_indx.csv ${LOCALHOME}/DDCASPT2/hydrogen_comps/rerun/H6_chain/H6_1.35/H6_1.35.DDCASPT2_one_int_indx.csv

>>> COPY /tmp/H6_1.35/DDCASPT2_one_int.csv ${LOCALHOME}/DDCASPT2/hydrogen_comps/rerun/H6_chain/H6_1.35/H6_1.35.DDCASPT2_one_int.csv

>>> COPY /tmp/H6_1.35/DDCASPT2_two_int_indx.csv ${LOCALHOME}/DDCASPT2/hydrogen_comps/rerun/H6_chain/H6_1.35/H6_1.35.DDCASPT2_two_int_indx.csv

>>> COPY /tmp/H6_1.35/DDCASPT2_two_int.csv ${LOCALHOME}/DDCASPT2/hydrogen_comps/rerun/H6_chain/H6_1.35/H6_1.35.DDCASPT2_two_int.csv

*** symbolic link created: INPORB -> H6_1.35.RasOrb
--- Start Module: caspt2 at Sun Oct 26 13:02:52 2025 ---
 
()()()()()()()()()()()()()()()()()()()()()()()()()()()()()()()()()()()()()()()()()()()()()()()()()()

                                              &CASPT2

                                   only a single process is used
                       available to each process: 2.0 GB of memory, 1 thread?
()()()()()()()()()()()()()()()()()()()()()()()()()()()()()()()()()()()()()()()()()()()()()()()()()()
 
 Cholesky algorithm in CASPT2 =    1
 
 ###############################################################################
 ###############################################################################
 ###                                                                         ###
 ###                                                                         ###
 ###    User changed nr of frozen orbitals.                                  ###
 ###                                                                         ###
 ###                                                                         ###
 ###############################################################################
 ###############################################################################
 
++    Wave function specifications:
      -----------------------------
 
      Number of closed shell electrons           0
      Number of electrons in active shells       6
      Max number of holes in RAS1 space          0
      Max number of electrons in RAS3 space      0
      Number of inactive orbitals                0
      Number of active orbitals                  6
      Number of secondary orbitals              24
      Spin quantum number                      0.0
      State symmetry                             1
      Number of CSFs                           175
      Number of root(s) available                1
      Root passed to geometry opt.               1
      A file JOBMIX will be created.
      This is a CASSCF or RASSCF reference function
--
 
++    Orbital specifications:
      -----------------------
 
      Symmetry species                           1
                                                 a
      Frozen orbitals                            0
      Inactive orbitals                          0
      Active orbitals                            6
      Secondary orbitals                        24
      Deleted orbitals                           0
      Number of basis functions                 30
--
 
      Type of Fock operator: STANDARD
      Type of 0-order Hamiltonian: STANDARD WITH DEFAULT IPEA
        "IP-EA" denominator shift =      0.25
      The input orbitals and the CI vector will be transformed.
 
--------------------------------------------------------------------------------
 Estimated memory requirements:
  POLY3 :                   262414
  RHS:                      285604
  SIGMA :                   275200
  PRPCTL:                        0
 Available workspace:    230396124
 
++ CASPT2 computation for group   1
 
********************************************************************************
 Multi-State initialization phase begins for group   1
--------------------------------------------------------------------------------
********************************************************************************
 Compute H0 matrices for state    1
--------------------------------------------------------------------------------
--------------------------------------------------------------------------------
 H0 matrices have been computed.
 
********************************************************************************
  CASPT2 EQUATION SOLUTION
--------------------------------------------------------------------------------
 
  Total nr of CASPT2 parameters:
   Before reduction:       15624
   After  reduction:       15384
 
 The contributions to the second order correlation energy in atomic units.
-----------------------------------------------------------------------------------------------------------------------------
  IT.      VJTU        VJTI        ATVX        AIVX        VJAI        BVAT        BJAT        BJAI        TOTAL       RNORM  
-----------------------------------------------------------------------------------------------------------------------------
   1     0.000000    0.000000   -0.008399    0.000000    0.000000   -0.022608    0.000000    0.000000   -0.031007    0.001918
   2     0.000000    0.000000   -0.008501    0.000000    0.000000   -0.022636    0.000000    0.000000   -0.031137    0.000145
   3     0.000000    0.000000   -0.008501    0.000000    0.000000   -0.022636    0.000000    0.000000   -0.031137    0.000019
   4     0.000000    0.000000   -0.008501    0.000000    0.000000   -0.022636    0.000000    0.000000   -0.031137    0.000001
-------------------------------------------------------------------------------------------------------------------
 
  FINAL CASPT2 RESULT:
 
  Correlation energy /Case, /Symm, and sums:
 VJTU      0.00000000  0.00000000
 VJTIP     0.00000000  0.00000000
 VJTIM     0.00000000  0.00000000
 ATVX     -0.00850080 -0.00850080
 AIVX      0.00000000  0.00000000
 VJAIP     0.00000000  0.00000000
 VJAIM     0.00000000  0.00000000
 BVATP    -0.02159324 -0.02159324
 BVATM    -0.00104272 -0.00104272
 BJATP     0.00000000  0.00000000
 BJATM     0.00000000  0.00000000
 BJAIP     0.00000000  0.00000000
 BJAIM     0.00000000  0.00000000
 Summed:  -0.03113676 -0.03113676
 
      Reference energy:          -3.2144990258
      E2 (Non-variational):      -0.0311367644
      E2 (Variational):          -0.0311367674
      Total energy:              -3.2456357933
      Residual norm:              0.0000001753
      Reference weight:           0.98590
 
      Contributions to the CASPT2 correlation energy
      Active & Virtual Only:         -0.0311367644
      One Inactive Excited:           0.0000000000
      Two Inactive Excited:           0.0000000000
 
 
++ Denominators, etc.
----------------------------------------------------------------------------------------------------
 Report on small energy denominators, large coefficients, and large energy contributions.
CASE  SYMM ACTIVE-MIX  NON-ACTIVE INDICES          DENOMINATOR     RHS VALUE       COEFFICIENT     CONTRIBUTION
--
 
   (Skipping property calculation,
    use PROP keyword to activate)
--
 
  Total CASPT2 energies:
::    CASPT2 Root  1     Total energy:     -3.24563579
 
  A NEW JOBIPH FILE NAMED 'JOBMIX' IS PREPARED.
********************************************************************************
forrtl: warning (528): IEEE_UNDERFLOW is signaling
--- Stop Module: caspt2 at Sun Oct 26 13:02:53 2025 /rc=_RC_ALL_IS_WELL_ ---
*** files: xmldump
    saved to directory ${LOCALHOME}/DDCASPT2/hydrogen_comps/rerun/H6_chain/H6_1.35

>>> EXPORT i = B

>>> EXPORT j = P

>>> IF (-FILE DDCASPT2_e2_${i}_${j}_1_.csv)
(Skipped)

>>> END FOREACH

>>> EXPORT j = M

>>> IF (-FILE DDCASPT2_e2_${i}_${j}_1_.csv)
(Skipped)

>>> END FOREACH

>>> END FOREACH

>>> EXPORT i = E

>>> EXPORT j = P

>>> IF (-FILE DDCASPT2_e2_${i}_${j}_1_.csv)
(Skipped)

>>> END FOREACH

>>> EXPORT j = M

>>> IF (-FILE DDCASPT2_e2_${i}_${j}_1_.csv)
(Skipped)

>>> END FOREACH

>>> END FOREACH

>>> EXPORT i = F

>>> EXPORT j = P

>>> IF (-FILE DDCASPT2_e2_${i}_${j}_1_.csv)

>>> COPY /tmp/H6_1.35/DDCASPT2_RHS_F_P_1_.csv ${LOCALHOME}/DDCASPT2/hydrogen_comps/rerun/H6_chain/H6_1.35/DDCASPT2_RHS_F_P_1_.csv

>>> COPY /tmp/H6_1.35/DDCASPT2_IVECW_F_P_1_.csv ${LOCALHOME}/DDCASPT2/hydrogen_comps/rerun/H6_chain/H6_1.35/DDCASPT2_IVECW_F_P_1_.csv

>>> COPY /tmp/H6_1.35/DDCASPT2_IVECX_F_P_1_.csv ${LOCALHOME}/DDCASPT2/hydrogen_comps/rerun/H6_chain/H6_1.35/DDCASPT2_IVECX_F_P_1_.csv

>>> COPY /tmp/H6_1.35/DDCASPT2_IVECC2_F_P_1_.csv ${LOCALHOME}/DDCASPT2/hydrogen_comps/rerun/H6_chain/H6_1.35/DDCASPT2_IVECC2_F_P_1_.csv

>>> COPY /tmp/H6_1.35/DDCASPT2_e2_F_P_1_.csv ${LOCALHOME}/DDCASPT2/hydrogen_comps/rerun/H6_chain/H6_1.35/DDCASPT2_e2_F_P_1_.csv

>>> END FOREACH

>>> EXPORT j = M

>>> IF (-FILE DDCASPT2_e2_${i}_${j}_1_.csv)

>>> COPY /tmp/H6_1.35/DDCASPT2_RHS_F_M_1_.csv ${LOCALHOME}/DDCASPT2/hydrogen_comps/rerun/H6_chain/H6_1.35/DDCASPT2_RHS_F_M_1_.csv

>>> COPY /tmp/H6_1.35/DDCASPT2_IVECW_F_M_1_.csv ${LOCALHOME}/DDCASPT2/hydrogen_comps/rerun/H6_chain/H6_1.35/DDCASPT2_IVECW_F_M_1_.csv

>>> COPY /tmp/H6_1.35/DDCASPT2_IVECX_F_M_1_.csv ${LOCALHOME}/DDCASPT2/hydrogen_comps/rerun/H6_chain/H6_1.35/DDCASPT2_IVECX_F_M_1_.csv

>>> COPY /tmp/H6_1.35/DDCASPT2_IVECC2_F_M_1_.csv ${LOCALHOME}/DDCASPT2/hydrogen_comps/rerun/H6_chain/H6_1.35/DDCASPT2_IVECC2_F_M_1_.csv

>>> COPY /tmp/H6_1.35/DDCASPT2_e2_F_M_1_.csv ${LOCALHOME}/DDCASPT2/hydrogen_comps/rerun/H6_chain/H6_1.35/DDCASPT2_e2_F_M_1_.csv

>>> END FOREACH

>>> END FOREACH

>>> EXPORT i = G

>>> EXPORT j = P

>>> IF (-FILE DDCASPT2_e2_${i}_${j}_1_.csv)
(Skipped)

>>> END FOREACH

>>> EXPORT j = M

>>> IF (-FILE DDCASPT2_e2_${i}_${j}_1_.csv)
(Skipped)

>>> END FOREACH

>>> END FOREACH

>>> EXPORT i = H

>>> EXPORT j = P

>>> IF (-FILE DDCASPT2_e2_${i}_${j}_1_.csv)
(Skipped)

>>> END FOREACH

>>> EXPORT j = M

>>> IF (-FILE DDCASPT2_e2_${i}_${j}_1_.csv)
(Skipped)

>>> END FOREACH

>>> END FOREACH

>>> EXPORT i = A

>>> IF (-FILE DDCASPT2_e2_${i}_1_.csv)
(Skipped)

>>> END FOREACH

>>> EXPORT i = C

>>> IF (-FILE DDCASPT2_e2_${i}_1_.csv)

>>> COPY /tmp/H6_1.35/DDCASPT2_RHS_C_1_.csv ${LOCALHOME}/DDCASPT2/hydrogen_comps/rerun/H6_chain/H6_1.35/DDCASPT2_RHS_C_1_.csv

>>> COPY /tmp/H6_1.35/DDCASPT2_IVECW_C_1_.csv ${LOCALHOME}/DDCASPT2/hydrogen_comps/rerun/H6_chain/H6_1.35/DDCASPT2_IVECW_C_1_.csv

>>> COPY /tmp/H6_1.35/DDCASPT2_IVECX_C_1_.csv ${LOCALHOME}/DDCASPT2/hydrogen_comps/rerun/H6_chain/H6_1.35/DDCASPT2_IVECX_C_1_.csv

>>> COPY /tmp/H6_1.35/DDCASPT2_IVECC2_C_1_.csv ${LOCALHOME}/DDCASPT2/hydrogen_comps/rerun/H6_chain/H6_1.35/DDCASPT2_IVECC2_C_1_.csv

>>> COPY /tmp/H6_1.35/DDCASPT2_e2_C_1_.csv ${LOCALHOME}/DDCASPT2/hydrogen_comps/rerun/H6_chain/H6_1.35/DDCASPT2_e2_C_1_.csv

>>> END FOREACH

>>> EXPORT i = D

>>> IF (-FILE DDCASPT2_e2_${i}_1_.csv)
(Skipped)

>>> END FOREACH

.########################.
.# Non-zero return code #.
.########################.

    Timing: Wall=3.61 User=2.90 System=0.70
***************************************
*** WorkDir at /tmp/H6_1.35 cleaned ***
***************************************
