   This run of MOLCAS is using the pymolcas driver

                             OPE
                             OPE          NMOL  CASOP  ENMOLC A   SO
                 OPE        NMOLC        AS  OP EN  MO LC     AS  OP
                OPENM       OL CA        SO  PE NM  OL CA     SOP EN
                OP EN      MO   LC       AS  OP ENMOL  CASO   PENMOL
                OP  EN     MO   LC       AS  OP EN     MO     LC ASO
               OP   E  NMOL  C  AS       OP  EN MO     LC     AS  OP
               OP  E   NMO   LC AS        OPEN  MO     LCASOP EN   M
               O  PEN   MO  LCA  SO
            OPE   NMO   L   CAS    OP
        OPENMOL  CASOP     ENMOL   CASOPE
     OPENMOLCA   SOPENMOLCASOPEN   MOLCASOPE
    OPENMOLCAS   OP           EN   MOL    CAS
    OPENMOLCAS       OP  ENM        O     LCA
    OPENMOLCAS    OPEN  MOLCASO     P  E  NMO
    OPENMOLCAS     OP               E  N  MOL
    OPENMOLCA   SO           PENM   O  L  CAS    OPEN    MO    LCAS
    OPENMOLCA   SOP           ENM   O  L  CAS   OP  EN  MOLC  AS   O
    OPENMOLCA   SOPE           NM      O  LCA   S      OP  EN MO
    OPENMOLC                AS         O  PEN   M      OL  CA  SOPE
    OPENMO        LCASOPE  NMOL        C  ASO   P      ENMOLC     AS
    OPE     NMO      LCA  SO     P     E   NM   OL  CA SO  PE N   MO
          OPENMOLCA            SOPE   NMO        LCAS  O    P  ENMO
     OPENMOLCASOPENMOLCASOPENMOLCASOPENMOLCA
        OPENMOLCASOPENMOLCASOPENMOLCASOPE
            OPENMOLCASOPENMOLCASOPENM
               OPENMOLCASOPENMOLCA        version: f37762c57
                   OPENMOLCASO
                       OPE                tag:

 OpenMolcas is free software; you can redistribute it and/or modify it
 under the terms of the GNU Lesser General Public License version 2.1.
 OpenMolcas is distributed in the hope that it will be useful, but it
 is provided "as is" and without any express or implied warranties.
 For more details see the full text of the license in the file
 LICENSE or in <http://www.gnu.org/licenses/>.

                 Copyright (C) The OpenMolcas Authors
           For the author list and the recommended citation,
                   consult the file CONTRIBUTORS.md

           *************************************************
           * pymolcas version py2.28                       *
           *   build c4a6d18ded8cb6cad61d2372a9abd97c      *
           *   (after the EMIL interpreter by V. Veryazov) *
           *************************************************

configuration info
------------------
C Compiler ID: Intel
C flags: -std=gnu99 -gcc-sys
Fortran Compiler ID: IntelLLVM
Fortran flags: -standard-semantics -fltconsistency -fpp -i8 -heap-arrays
Definitions: _MOLCAS_;_I8_;_LINUX_
Parallel: OFF (GA=OFF)


   --------------------------------------------------------------------------------------
  |
  |              Project: H6_1.42
  |       Submitted from: /home/grierjones/DDCASPT2/hydrogen_comps/rerun/H6_chain/H6_1.42
  |         Scratch area: /tmp/H6_1.42
  |      Save outputs to: /home/grierjones/DDCASPT2/hydrogen_comps/rerun/H6_chain/H6_1.42
  |               Molcas: /home/grierjones/Test/build
  |
  | Scratch area is empty
  |
  |       MOLCAS_DRIVER = /usr/local/pymolcas
  | MOLCAS_KEEP_WORKDIR = NO
  |  MOLCAS_NEW_WORKDIR = YES
  |       MOLCAS_NPROCS = 1
  |        MOLCAS_PRINT = NORMAL
  |       MOLCAS_SOURCE = /home/grierjones/Test
  |    MOLCAS_STRUCTURE = 0
  |
   --------------------------------------------------------------------------------------

++ ---------   Input file   ---------

&GATEWAY
coord=H6_1.42.xyz
Basis = ANO-RCC-VDZP
Group = nosymm
End of Input

&SEWARD
End of Input

&SCF

>>> COPY $WorkDir/H6_1.42.scf.h5 $CurrDir/

&RASSCF
Title= RASSCF
FileOrb
/home/grierjones/DDCASPT2/hydrogen_comps/rerun/H6_chain/H6_0.60/H6_0.60.RasOrb
NACTEL
6 0 0
Inactive
0
RAS2
6
Symmetry
1
Spin
1
orblisting
all

>>> COPY $WorkDir/H6_1.42.rasscf.h5 $CurrDir/

>>> COPY $WorkDir/GMJ_Fock_MO.csv $CurrDir/H6_1.42.GMJ_Fock_MO.csv

&MOTRA
Frozen=0
LUMORB

>>> COPY $WorkDir/GMJ_one_int_indx.csv $CurrDir/H6_1.42.GMJ_one_int_indx.csv

>>> COPY $WorkDir/GMJ_one_int.csv $CurrDir/H6_1.42.GMJ_one_int.csv

>>> COPY $WorkDir/GMJ_two_int_indx.csv $CurrDir/H6_1.42.GMJ_two_int_indx.csv

>>> COPY $WorkDir/GMJ_two_int.csv $CurrDir/H6_1.42.GMJ_two_int.csv

&CASPT2
Frozen
0

MAXITER
50

>>> FOREACH i IN (B,E,F,G,H)

  >>> FOREACH j IN (P,M)

    >>> IF (-FILE GMJ_e2_${i}_${j}_1_.csv)

      >>> COPY $WorkDir/GMJ_RHS_${i}_${j}_1_.csv $CurrDir/GMJ_RHS_${i}_${j}_1_.csv

      >>> COPY $WorkDir/GMJ_IVECW_${i}_${j}_1_.csv $CurrDir/GMJ_IVECW_${i}_${j}_1_.csv

      >>> COPY $WorkDir/GMJ_IVECX_${i}_${j}_1_.csv $CurrDir/GMJ_IVECX_${i}_${j}_1_.csv

      >>> COPY $WorkDir/GMJ_IVECC2_${i}_${j}_1_.csv $CurrDir/GMJ_IVECC2_${i}_${j}_1_.csv

      >>> COPY $WorkDir/GMJ_e2_${i}_${j}_1_.csv $CurrDir/GMJ_e2_${i}_${j}_1_.csv

    >>> END IF

  >>> END FOREACH

>>> END FOREACH

>>> FOREACH i IN (A,C,D)

  >>> IF (-FILE GMJ_e2_${i}_1_.csv)

    >>> COPY $WorkDir/GMJ_RHS_${i}_1_.csv $CurrDir/GMJ_RHS_${i}_1_.csv

    >>> COPY $WorkDir/GMJ_IVECW_${i}_1_.csv $CurrDir/GMJ_IVECW_${i}_1_.csv

    >>> COPY $WorkDir/GMJ_IVECX_${i}_1_.csv $CurrDir/GMJ_IVECX_${i}_1_.csv

    >>> COPY $WorkDir/GMJ_IVECC2_${i}_1_.csv $CurrDir/GMJ_IVECC2_${i}_1_.csv

    >>> COPY $WorkDir/GMJ_e2_${i}_1_.csv $CurrDir/GMJ_e2_${i}_1_.csv

  >>> END IF

>>> END FOREACH

-- ----------------------------------

--- Start Module: gateway at Sun Oct 26 13:03:14 2025 ---
 
()()()()()()()()()()()()()()()()()()()()()()()()()()()()()()()()()()()()()()()()()()()()()()()()()()

                                              &GATEWAY

                                   only a single process is used
                       available to each process: 2.0 GB of memory, 1 thread?
()()()()()()()()()()()()()()()()()()()()()()()()()()()()()()()()()()()()()()()()()()()()()()()()()()
 
 
++    Symmetry information:
      ---------------------
 
                    Character Table for C1 
 
                             E  
                    a        1  x, y, xy, Rz, z, xz, Ry, yz, Rx, I
--
 
 
++    Basis set information:
      ----------------------
 
 
      Basis set label: H.ANO-RCC...2S1P.
 
      Electronic valence basis set:
      ------------------
      Associated Effective Charge   1.000000 au
      Associated Actual Charge      1.000000 au
      Nuclear Model: Point charge
 
      Shell  nPrim  nBasis  Cartesian Spherical Contaminant
         s       8       2        X                  
         p       4       1        X                  
--
 
 
++    Molecular structure info:
      -------------------------
 
                    ************************************************ 
                    **** Cartesian Coordinates / Bohr, Angstrom **** 
                    ************************************************ 
 
     Center  Label                x              y              z                     x              y              z
        1      H1               0.000000       0.000000       0.000000              0.000000       0.000000       0.000000
        2      H2               0.000000       0.000000       2.691427              0.000000       0.000000       1.424242
        3      H3               0.000000       0.000000       5.382857              0.000000       0.000000       2.848485
        4      H4               0.000000       0.000000       8.074284              0.000000       0.000000       4.272727
        5      H5               0.000000       0.000000      10.765713              0.000000       0.000000       5.696970
        6      H6               0.000000       0.000000      13.457140              0.000000       0.000000       7.121212
 
                    *************************************** 
                    *    InterNuclear Distances / Bohr    * 
                    *************************************** 
 
               1 H1            2 H2            3 H3            4 H4            5 H5            6 H6    
    1 H1       0.000000
    2 H2       2.691427        0.000000
    3 H3       5.382857        2.691429        0.000000
    4 H4       8.074284        5.382857        2.691427        0.000000
    5 H5      10.765713        8.074286        5.382857        2.691429        0.000000
    6 H6      13.457140       10.765713        8.074284        5.382857        2.691427        0.000000
 
                    ******************************************* 
                    *    InterNuclear Distances / Angstrom    * 
                    ******************************************* 
 
               1 H1            2 H2            3 H3            4 H4            5 H5            6 H6    
    1 H1       0.000000
    2 H2       1.424242        0.000000
    3 H3       2.848485        1.424243        0.000000
    4 H4       4.272727        2.848485        1.424242        0.000000
    5 H5       5.696970        4.272728        2.848485        1.424243        0.000000
    6 H6       7.121212        5.696970        4.272727        2.848485        1.424242        0.000000
 
                    ************************************** 
                    *    Valence Bond Angles / Degree    * 
                    ************************************** 
                          Atom centers                 Phi
                      1 H1       2 H2       3 H3       180.00
                      2 H2       3 H3       4 H4       180.00
                      3 H3       4 H4       5 H5       180.00
                      4 H4       5 H5       6 H6       180.00
--
 
 
            Nuclear Potential Energy              3.23248460 au
 
--- Stop Module: gateway at Sun Oct 26 13:03:14 2025 /rc=_RC_ALL_IS_WELL_ ---
*** files: xmldump
    saved to directory /home/grierjones/DDCASPT2/hydrogen_comps/rerun/H6_chain/H6_1.42

--- Start Module: seward at Sun Oct 26 13:03:14 2025 ---
 
()()()()()()()()()()()()()()()()()()()()()()()()()()()()()()()()()()()()()()()()()()()()()()()()()()

                                              &SEWARD

                                   only a single process is used
                       available to each process: 2.0 GB of memory, 1 thread?
()()()()()()()()()()()()()()()()()()()()()()()()()()()()()()()()()()()()()()()()()()()()()()()()()()
 
               SEWARD will generate:
                  Multipole Moment integrals up to order  2
                  Kinetic Energy integrals
                  Nuclear Attraction integrals (point charge)
                  One-Electron Hamiltonian integrals
                  Velocity integrals
                  Relativistic Douglas-Kroll-Hess integrals:
                    - Parametrization         : EXP
                    - DKH order of Hamiltonian: 2
                    - DKH order of Properties : 0
                         - multipole moment operators
                         - electric potential operators
                         - contact operators
                  Atomic mean-field integrals
                  Two-Electron Repulsion integrals
 
                   Integrals are discarded if absolute value <: 0.10E-13
                   Integral cutoff threshold is set to       <: 0.10E-15
 
            Nuclear Potential Energy              3.23248460 au
 
 
      Basis set specifications :
      Symmetry species         a  
      Basis functions           30
 
 
  Input file to MOLDEN was generated!
 
forrtl: warning (525): IEEE_DIVIDE_BY_ZERO is signaling
forrtl: warning (526): IEEE_INVALID is signaling
forrtl: warning (528): IEEE_UNDERFLOW is signaling
--- Stop Module: seward at Sun Oct 26 13:03:15 2025 /rc=_RC_ALL_IS_WELL_ ---
*** files: H6_1.42.GssOrb H6_1.42.guessorb.h5 H6_1.42.guessorb.molden xmldump
    saved to directory /home/grierjones/DDCASPT2/hydrogen_comps/rerun/H6_chain/H6_1.42

*** symbolic link created: INPORB -> H6_1.42.GssOrb
--- Start Module: scf at Sun Oct 26 13:03:15 2025 ---
 
()()()()()()()()()()()()()()()()()()()()()()()()()()()()()()()()()()()()()()()()()()()()()()()()()()

                                                &SCF

                                   only a single process is used
                       available to each process: 2.0 GB of memory, 1 thread?
()()()()()()()()()()()()()()()()()()()()()()()()()()()()()()()()()()()()()()()()()()()()()()()()()()
 
++    Input section:
      --------------
 
      Header of the integral files:
      
       Integrals generated by seward 4.2.0  , Sun Oct 26 13:03:15 2025
 
 
      Cartesian coordinates in Angstrom:
      -----------------------------------------------------
      No.  Label        X            Y            Z        
      -----------------------------------------------------
       1   H1         0.00000000   0.00000000   0.00000000
       2   H2         0.00000000   0.00000000   1.42424200
       3   H3         0.00000000   0.00000000   2.84848500
       4   H4         0.00000000   0.00000000   4.27272700
       5   H5         0.00000000   0.00000000   5.69697000
       6   H6         0.00000000   0.00000000   7.12121200
      -----------------------------------------------------
      Nuclear repulsion energy =    3.23248460
--
 
++    Orbital specifications:
      -----------------------
 
      Symmetry species               1
                                     a
      Frozen orbitals                0
      Occupied orbitals              3
      Secondary orbitals            27
      Deleted orbitals               0
      Total number of orbitals      30
      Number of basis functions     30
--
 
      Molecular charge                           0.000
 
++    Optimization specifications:
      ----------------------------
 
      SCF Algorithm: Conventional
      Minimized density differences are used
      Number of density matrices in core                5
      Maximum number of NDDO SCF iterations           400
      Maximum number of HF SCF iterations             400
      Threshold for SCF energy change            0.10E-08
      Threshold for density matrix               0.10E-03
      Threshold for Fock matrix                  0.15E-03
      Threshold for linear dependence            0.10E-08
      Threshold at which DIIS is turned on       0.15E+00
      Threshold at which QNR/C2DIIS is turned on 0.75E-01
      Threshold for Norm(delta) (QNR/C2DIIS)     0.20E-04
      DIIS extrapolation of the SCF procedure
      All orbitals punched on: SCFORB
--
 
      Input vectors read from INPORB
      Orbital file label: *Guess orbitals
 
 
++ Convergence information
                                   SCF        iterations: Energy and convergence statistics
 
Iter     Tot. SCF        One-elec.       Two-elec.     Energy      Max Dij or  Max Fij      DNorm      TNorm      AccCon     Time
         Energy          Energy          Energy        Change      Delta Norm                                                in Sec.
   1    -2.979632515    -9.742591587     3.530474473   0.00E+00    0.24E+00*   0.98E-01*    0.32E+01   0.85E+01   None         0.
   2    -3.043741959    -9.775230457     3.499003899  -0.64E-01*   0.66E-01*   0.14E-01*    0.11E+01   0.84E+01   EDIIS        0.
   3    -3.046669781    -9.744689028     3.465534647  -0.29E-02*   0.26E-01*   0.70E-02*    0.17E+00   0.84E+01   c2DIIS       0.
   4    -3.047076318    -9.744980166     3.465419249  -0.41E-03*   0.51E-02*   0.18E-02*    0.71E-01   0.84E+01   QNRc2DIIS    0.
   5    -3.047112051    -9.743527821     3.463931170  -0.36E-04*   0.42E-02*   0.75E-03*    0.49E-02   0.84E+01   QNRc2DIIS    0.
   6    -3.047121505    -9.743653685     3.464047581  -0.95E-05*   0.50E-04*   0.24E-04     0.73E-03   0.84E+01   QNRc2DIIS    0.
   7    -3.047121509    -9.743611408     3.464005299  -0.47E-08*   0.80E-05    0.43E-05     0.85E-04   0.84E+01   QNRc2DIIS    0.
   8    -3.047121509    -9.743607484     3.464001375  -0.11E-09    0.44E-06    0.15E-06     0.93E-05   0.84E+01   QNRc2DIIS    0.
 
       Convergence after  8 Macro Iterations
--
 
 *****************************************************************************************************************************
 *                                                                                                                           *
 *                                             SCF/KS-DFT Program, Final results                                             *
 *                                                                                                                           *
 *                                                                                                                           *
 *                                                                                                                           *
 *                                                       Final Results                                                       *
 *                                                                                                                           *
 *****************************************************************************************************************************
 
::    Total SCF energy                                 -3.0471215095
      One-electron energy                              -9.7436074837
      Two-electron energy                               3.4640013751
      Nuclear repulsion energy                          3.2324845991
      Kinetic energy (interpolated)                     2.3716505049
      Virial theorem                                    1.2848105162
      Total spin, S(S+1)                                0.0000000000
      Total spin, S                                     0.0000000000
      Max non-diagonal density matrix element           0.0000005225
      Max non-diagonal Fock matrix element              0.0000000349
 
 
      All orbitals with orbital energies smaller than  E(LUMO)+0.5 are printed
 
++    Molecular orbitals:
      -------------------
 
      Title: SCF orbitals

      Molecular orbitals for symmetry species 1: a  
 
          Orbital            1         2         3         4         5         6         7         8    
          Energy           -0.5482   -0.4809   -0.3787   -0.0537    0.0881    0.2407    0.2708    0.3620
          Occ. No.          2.0000    2.0000    2.0000    0.0000    0.0000    0.0000    0.0000    0.0000
 
        1 H1     1s         0.1914   -0.3502    0.4058   -0.6289    0.7689   -0.4785   -0.2578    0.4335
        2 H1     2s         0.0060   -0.0176    0.0522   -0.2654    0.4716   -0.5555    0.1906   -0.3009
        3 H1     2px       -0.0000    0.0000   -0.0000    0.0000   -0.0000    0.0000   -0.0000    0.0000
        4 H1     2py        0.0000    0.0000   -0.0000    0.0000   -0.0000    0.0000    0.0000    0.0000
        5 H1     2pz        0.0151   -0.0198    0.0129    0.0061   -0.0303    0.0580   -0.0346    0.0080
        6 H2     1s         0.2909   -0.4404    0.3309    0.3494   -0.9970    1.0133    0.0077   -0.5074
        7 H2     2s        -0.0002   -0.0570    0.1044    0.1346   -0.4844    0.4739    0.3179   -0.5836
        8 H2     2px       -0.0000    0.0000   -0.0000    0.0000   -0.0000    0.0000   -0.0000    0.0000
        9 H2     2py       -0.0000    0.0000   -0.0000    0.0000    0.0000   -0.0000    0.0000    0.0000
       10 H2     2pz        0.0039    0.0114   -0.0269    0.0280   -0.0009   -0.0642    0.0028   -0.0427
       11 H3     1s         0.3922   -0.0991   -0.4599    0.5791    0.3881   -1.2198   -0.2306    0.7065
       12 H3     2s         0.0116    0.0213   -0.1135    0.2240    0.1970   -0.6732    0.2576    0.2156
       13 H3     2px        0.0000   -0.0000    0.0000    0.0000   -0.0000    0.0000   -0.0000    0.0000
       14 H3     2py        0.0000    0.0000   -0.0000   -0.0000    0.0000   -0.0000   -0.0000    0.0000
       15 H3     2pz        0.0070    0.0182   -0.0191   -0.0240    0.0327    0.0051   -0.0204   -0.0657
       16 H4     1s         0.3922    0.0991   -0.4599   -0.5791    0.3881    1.2198   -0.2306   -0.7065
       17 H4     2s         0.0116   -0.0213   -0.1135   -0.2240    0.1970    0.6732    0.2576   -0.2156
       18 H4     2px       -0.0000   -0.0000   -0.0000   -0.0000   -0.0000   -0.0000   -0.0000   -0.0000
       19 H4     2py       -0.0000   -0.0000   -0.0000   -0.0000   -0.0000    0.0000   -0.0000    0.0000
       20 H4     2pz       -0.0070    0.0182    0.0191   -0.0240   -0.0327    0.0051    0.0204   -0.0657
       21 H5     1s         0.2909    0.4404    0.3309   -0.3494   -0.9970   -1.0133    0.0077    0.5074
       22 H5     2s        -0.0002    0.0570    0.1044   -0.1346   -0.4844   -0.4739    0.3179    0.5836
       23 H5     2px        0.0000   -0.0000   -0.0000    0.0000   -0.0000   -0.0000   -0.0000    0.0000
       24 H5     2py        0.0000   -0.0000    0.0000    0.0000   -0.0000   -0.0000   -0.0000    0.0000
       25 H5     2pz       -0.0039    0.0114    0.0269    0.0280    0.0009   -0.0642   -0.0028   -0.0427
       26 H6     1s         0.1914    0.3502    0.4058    0.6289    0.7689    0.4785   -0.2578   -0.4335
       27 H6     2s         0.0060    0.0176    0.0522    0.2654    0.4716    0.5555    0.1906    0.3009
       28 H6     2px        0.0000    0.0000   -0.0000   -0.0000    0.0000    0.0000   -0.0000   -0.0000
       29 H6     2py        0.0000    0.0000    0.0000   -0.0000    0.0000    0.0000    0.0000   -0.0000
       30 H6     2pz       -0.0151   -0.0198   -0.0129    0.0061    0.0303    0.0580    0.0346    0.0080
--
 
 
++    Molecular charges:
      ------------------
 
      Mulliken charges per centre and basis function type
      ---------------------------------------------------
 
                H1      H2      H3      H4      H5      H6    
      1s       0.9160  1.0272  0.9913  0.9913  1.0272  0.9160
      2s       0.0127  0.0078 -0.0208 -0.0208  0.0078  0.0127
      2px      0.0000  0.0000  0.0000  0.0000  0.0000  0.0000
      2pz      0.0156  0.0258  0.0243  0.0243  0.0258  0.0156
      2py      0.0000  0.0000  0.0000  0.0000  0.0000  0.0000
      Total    0.9443  1.0609  0.9948  0.9948  1.0609  0.9443
 
      N-E      0.0557 -0.0609  0.0052  0.0052 -0.0609  0.0557
 
      Total electronic charge=    6.000000
 
      Total            charge=   -0.000000
--
 
 
  Input file to MOLDEN was generated!
 
 
++    Static properties:
      ------------------
 
 
      LoProp Charges per center
 

                   H1       H2       H3       H4       H5       H6    
      Nuclear      1.0000   1.0000   1.0000   1.0000   1.0000   1.0000
      Electronic  -0.9852  -1.0137  -1.0011  -1.0011  -1.0137  -0.9852
 
      Total        0.0148  -0.0137  -0.0011  -0.0011  -0.0137   0.0148
--
 
 
++    Natural Bond Order analysis
      ---------------------------
      Based on LoProp computed density
      -------------------------------------------------------------------------------------
      Atom A       Atom B       Bond Order
      -------------------------------------------------------------------------------------
      NBO located      0.950 non-bonded electrons on atom H1        
      NBO located      1.017 non-bonded electrons on atom H3        
      NBO located      1.017 non-bonded electrons on atom H4        
      NBO located      0.950 non-bonded electrons on atom H6        
      The remaining    2.066 electrons are to be considered as diffuse
--
 
 
++    Molecular properties:
      ---------------------
 
      Charge (e):
                      =   -0.0000
      Dipole Moment (Debye):
      Origin of the operator (Ang)=    0.0000    0.0000    0.0000
                   X=  1.0024E-13               Y=  3.0373E-14               Z= -1.4809E-12           Total=  1.4846E-12
      Quadrupole Moment (Debye*Ang):
      Origin of the operator (Ang)=    0.0000    0.0000    3.5606
                  XX= -9.4005E+00              XY= -1.9734E-28              XZ= -3.1226E-13              YY= -9.4005E+00
                  YZ= -1.3258E-13              ZZ= -3.8532E+00
      In traceless form (Debye*Ang)
                  XX= -2.7736E+00              XY= -2.9602E-28              XZ= -4.6839E-13              YY= -2.7736E+00
                  YZ= -1.9888E-13              ZZ=  5.5473E+00
--
 
 
  Input file to MOLDEN was generated!
 
 ###############################################################################
 ###############################################################################
 ###                                                                         ###
 ###                                                                         ###
 ###    RunFile label nBas                                                   ###
 ###    was used       78 times                                              ###
 ###                                                                         ###
 ###                                                                         ###
 ###############################################################################
 ###############################################################################
forrtl: warning (528): IEEE_UNDERFLOW is signaling
--- Stop Module: scf at Sun Oct 26 13:03:15 2025 /rc=_RC_ALL_IS_WELL_ ---
*** files: H6_1.42.LprOrb H6_1.42.LoProp.molden H6_1.42.scf.molden H6_1.42.ScfOrb H6_1.42.scf.h5 xmldump
    saved to directory /home/grierjones/DDCASPT2/hydrogen_comps/rerun/H6_chain/H6_1.42

>>> COPY /tmp/H6_1.42/H6_1.42.scf.h5 /home/grierjones/DDCASPT2/hydrogen_comps/rerun/H6_chain/H6_1.42/

*** symbolic link created: INPORB -> H6_1.42.ScfOrb
--- Start Module: rasscf at Sun Oct 26 13:03:15 2025 ---
 
()()()()()()()()()()()()()()()()()()()()()()()()()()()()()()()()()()()()()()()()()()()()()()()()()()

                                              &RASSCF

                                   only a single process is used
                       available to each process: 2.0 GB of memory, 1 thread?
()()()()()()()()()()()()()()()()()()()()()()()()()()()()()()()()()()()()()()()()()()()()()()()()()()
 
 
      Header of the ONEINT file:
      --------------------------
      
      Integrals generated by seward 4.2.0  , Sun Oct 26 13:03:15 2025
 
 
      OrdInt status: non-squared
 
 
      Cartesian coordinates in Angstrom:
      -----------------------------------------------------
      No.  Label        X            Y            Z        
      -----------------------------------------------------
       1   H1         0.00000000   0.00000000   0.00000000
       2   H2         0.00000000   0.00000000   1.42424200
       3   H3         0.00000000   0.00000000   2.84848500
       4   H4         0.00000000   0.00000000   4.27272700
       5   H5         0.00000000   0.00000000   5.69697000
       6   H6         0.00000000   0.00000000   7.12121200
      -----------------------------------------------------
      Nuclear repulsion energy =    3.23248460
 
++    Wave function specifications:
      -----------------------------
 
      Number of closed shell electrons           0
      Number of electrons in active shells       6
      Max number of holes in RAS1 space          0
      Max nr of electrons in RAS3 space          0
      Number of inactive orbitals                0
      Number of active orbitals                  6
      Number of secondary orbitals              24
      Spin quantum number                      0.0
      State symmetry                             1
--
 
++    Orbital specifications:
      -----------------------
 
      Symmetry species                           1
                                                 a
      Frozen orbitals                            0
      Inactive orbitals                          0
      Active orbitals                            6
      RAS1 orbitals                              0
      RAS2 orbitals                              6
      RAS3 orbitals                              0
      Secondary orbitals                        24
      Deleted orbitals                           0
      Number of basis functions                 30
--
 
++    CI expansion specifications:
      ----------------------------
 
      Number of CSFs                           175
      Number of determinants                   210
      Number of root(s) required                 1
      Root chosen for geometry opt.              1
      CI root used                               1
         
      highest root included in the CI            1
      max. size of the explicit Hamiltonian    175
--
 
++    Optimization specifications:
      ----------------------------
 
      RASSCF algorithm: Conventional
      Maximum number of macro iterations       200
      Maximum number of SX iterations          100
      Threshold for RASSCF energy            0.100E-07
      Threshold for max MO rotation          0.100E+00
      Threshold for max BLB element          0.100E-03
      Level shift parameter                  0.500E+00
      Make Quasi-Newton update
--
 
      The MO-coefficients are taken from the file:
      /home/grierjones/DDCASPT2/hydrogen_comps/rerun/H6_chain/H6_0.60/H6_0.60.RasOrb                                                  
      Title: RASSCF average (pseudo-natural) orbitals                                      
 
      Total molecular charge    0.00
 
      ************************************************************************************************************************
      *                                                                                                                      *
      *                                            Wave function control section                                             *
      *                                                                                                                      *
      ************************************************************************************************************************
 
 
                                         RASSCF iterations: Energy and convergence statistics
                                         ----------------------------------------------------
 
      Iter CI   SX   CI       RASSCF       Energy    max ROT     max BLB   max BLB  Level Ln srch  Step   QN   Walltime
          iter iter root      energy       change     param      element    value   shift minimum  type update hh:mm:ss
 Nr of preliminary CI iterations:   1
        1   1   98    1    -2.54229429    0.00E+00  -0.30E+00*   1   8 1 -0.52E+00*  0.00   0.00    SX    NO    0:00:00
        2   1   94    1    -3.05776917   -0.52E+00*  0.17E+00*   1   8 1 -0.23E+00*  0.00   0.00    SX    NO    0:00:00
        3   1   87    1    -3.12973020   -0.72E-01* -0.19E+00*   1   8 1 -0.47E-01*  0.00   0.00    SX    NO    0:00:00
        4   1   49    1    -3.13872154   -0.90E-02* -0.23E+00*   4   7 1  0.11E-01*  0.00   0.00    SX    NO    0:00:00
        5   1  100    1    -3.14553442   -0.68E-02* -0.15E+00*   3  30 1  0.82E-02*  0.00   2.50    LS   YES    0:00:00
        6   1   64    1    -3.15085174   -0.53E-02*  0.26E+00*   3  30 1  0.12E-01*  0.00   2.50    QN   YES    0:00:00
        7   1   76    1    -3.15707988   -0.62E-02* -0.84E-01    3  29 1  0.17E-01*  0.00   1.05    QN   YES    0:00:00
        8   1   91    1    -3.16633890   -0.93E-02* -0.22E+00*   3  29 1  0.23E-01*  0.00   2.50    QN   YES    0:00:00
        9   1   83    1    -3.17827232   -0.12E-01* -0.50E-01    3  29 1  0.28E-01*  0.00   0.85    QN   YES    0:00:00
       10   1   31    1    -3.18166995   -0.34E-02* -0.61E-01    3  29 1  0.30E-01*  0.00   1.71    SX   YES    0:00:00
       11   1   18    1    -3.18646879   -0.48E-02* -0.40E-01    3  29 1  0.12E-01*  0.00   1.79    LS   YES    0:00:00
       12   1   19    1    -3.18773126   -0.13E-02* -0.28E-01    3  30 1 -0.69E-02*  0.00   1.20    QN   YES    0:00:00
       13   1   17    1    -3.18802810   -0.30E-03*  0.28E-02    3  30 1 -0.22E-02*  0.00   1.15    QN   YES    0:00:00
       14   1   15    1    -3.18804839   -0.20E-04* -0.65E-03    3  16 1 -0.24E-03*  0.00   1.19    QN   YES    0:00:00
       15   1   14    1    -3.18804968   -0.13E-05* -0.21E-03    3  30 1  0.11E-03*  0.00   1.15    QN   YES    0:00:00
       16   1   12    1    -3.18804977   -0.86E-07* -0.84E-04    3  30 1  0.46E-04   0.00   1.30    QN   YES    0:00:00
       17   1    9    1    -3.18804978   -0.10E-07* -0.20E-04    3  30 1  0.54E-05   0.00   1.14    QN   YES    0:00:00
       18   1    7    1    -3.18804978   -0.51E-09  -0.49E-05    4  11 1  0.14E-05   0.00   1.20    QN   YES    0:00:00
      Convergence after 18 iterations
 
  Dmat in MO in SXCTL bf call to SXHAM                                                                                    
  mat. size =     6x    6
 
        1.7743815158988212
        0.0022769057563018      1.8516530751306028
       -0.0510970147031215     -0.0006330124748971      1.7273177396786019
        0.0093594020979869     -0.0678244724128296     -0.0027687016177082      0.2664328699288506
        0.2034409188553820      0.0060698702150362      0.1346312037963802      0.0255172924569481      0.1741663165383964
        0.3909013336258498     -0.0129707199724626     -0.0239043046867346     -0.0541823538671296      0.0604113689636273
        0.2060484828247313
       19   1    7    1    -3.18804978   -0.35E-10  -0.49E-05    1  30 1  0.36E-06   0.00   1.20    QN   YES    0:00:00
 
      ************************************************************************************************************************
                                                      Wave function printout:
                       occupation of active orbitals, and spin coupling of open shells (u,d: Spin up or down)
      ************************************************************************************************************************
 
      Note: transformation to natural orbitals
      has been made, which may change the order of the CSFs.
 
      printout of CI-coefficients larger than  0.05 for root  1
      energy=      -3.188050
      conf/sym  111111     Coeff  Weight
             1  222000  -0.87132 0.75919
            11  220200   0.25983 0.06751
            13  220020   0.06230 0.00388
            18  2udud0   0.21526 0.04634
            21  2ud0ud   0.06099 0.00372
            25  u2d020   0.06051 0.00366
            26  u2du0d   0.17463 0.03049
            29  202200   0.08164 0.00667
            31  202020   0.10966 0.01202
            32  202u0d   0.06105 0.00373
            36  ud2ud0   0.08120 0.00659
            39  ud20ud   0.10307 0.01062
            41  022200   0.06244 0.00390
            46  022002   0.06723 0.00452
            47  2uudd0  -0.07792 0.00607
            51  u2ud0d  -0.06405 0.00410
           120  200220  -0.06189 0.00383
           127  ud02ud  -0.05152 0.00265
 
      Natural orbitals and occupation numbers for root  1
      sym 1:   1.901555   1.854631   1.730753   0.284728   0.141781   0.086552
 
      ************************************************************************************************************************
      *                                                                                                                      *
      *                                                    Final results                                                     *
      *                                                                                                                      *
      ************************************************************************************************************************
 
 
++    Wave function specifications:
      -----------------------------
 
      Number of closed shell electrons           0
      Number of electrons in active shells       6
      Max number of holes in RAS1 space          0
      Max nr of electrons in RAS3 space          0
      Number of inactive orbitals                0
      Number of active orbitals                  6
      Number of secondary orbitals              24
      Spin quantum number                      0.0
      State symmetry                             1
--
 
++    Orbital specifications:
      -----------------------
 
      Symmetry species                           1
                                                 a
      Frozen orbitals                            0
      Inactive orbitals                          0
      Active orbitals                            6
      RAS1 orbitals                              0
      RAS2 orbitals                              6
      RAS3 orbitals                              0
      Secondary orbitals                        24
      Deleted orbitals                           0
      Number of basis functions                 30
--
 
++    CI expansion specifications:
      ----------------------------
 
      Number of CSFs                           175
      Number of determinants                   210
      Number of root(s) required                 1
      CI root used                               1
      highest root included in the CI            1
      Root passed to geometry opt.               1
--
 
++    Final optimization conditions:
      ------------------------------
 
      Average CI energy                              -3.18804978
      RASSCF energy for state  1                     -3.18804978
      Super-CI energy                                -0.00000000
      RASSCF energy change                           -0.00000000
      Max change in MO coefficients              -0.110E-04
      Max non-diagonal density matrix element    -0.490E-05
      Maximum BLB matrix element                  0.356E-06
      (orbital pair   1,  30 in symmetry   1)
      Norm of electronic gradient            0.117E-05
--
 
 
      Final state energy(ies):
      ------------------------
 
::    RASSCF root number  1 Total energy:     -3.18804978
 
++    Molecular orbitals:
      -------------------
 
      Pseudonatural active orbitals and approximate occupation numbers
 
 
 
 
      Molecular orbitals for symmetry species 1: a  
 
 
      Orbital                1         2         3         4         5         6         7         8         9        10
      Energy            0.0000    0.0000    0.0000    0.0000    0.0000    0.0000    0.2683    0.3245    0.4419    0.6370
      Occ. No.          1.9016    1.8546    1.7308    0.2847    0.1418    0.0866    0.0000    0.0000    0.0000    0.0000
 
    1 H1     1s         0.1992   -0.3638    0.4170   -0.5493   -0.6368   -0.4405   -0.0913    0.0238    0.3571    0.0000
    2 H1     2s         0.0025   -0.0090    0.0322   -0.0327   -0.0438   -0.0479    0.3151    0.6334    0.8896    0.0000
    3 H1     2px       -0.0000   -0.0000    0.0000   -0.0000   -0.0000    0.0000   -0.0000    0.0000   -0.0000    0.1664
    4 H1     2py       -0.0000    0.0000   -0.0000    0.0000    0.0000    0.0000    0.0000    0.0000    0.0000   -0.1001
    5 H1     2pz        0.0104   -0.0130    0.0074   -0.0048   -0.0090   -0.0090   -0.0391   -0.0416   -0.0177   -0.0000
    6 H2     1s         0.2997   -0.4343    0.3133    0.2754    0.7821    0.7862   -0.1729   -0.2020   -0.2189   -0.0000
    7 H2     2s        -0.0049   -0.0342    0.0773   -0.0040    0.1250    0.1742    0.2034    0.1400   -0.3285   -0.0000
    8 H2     2px        0.0000   -0.0000    0.0000   -0.0000    0.0000    0.0000    0.0000    0.0000    0.0000    0.2868
    9 H2     2py       -0.0000    0.0000   -0.0000   -0.0000   -0.0000   -0.0000   -0.0000    0.0000   -0.0000   -0.1726
   10 H2     2pz        0.0060    0.0062   -0.0214    0.0179    0.0037   -0.0047    0.0079    0.0736    0.1615    0.0000
   11 H3     1s         0.3915   -0.1117   -0.4571    0.5517   -0.3138   -1.0045   -0.1485    0.0291    0.0545   -0.0000
   12 H3     2s         0.0013    0.0167   -0.0816    0.0681   -0.0832   -0.2214    0.2752    0.1614   -0.4296   -0.0000
   13 H3     2px        0.0000    0.0000   -0.0000    0.0000   -0.0000   -0.0000   -0.0000    0.0000    0.0000    0.3564
   14 H3     2py        0.0000    0.0000   -0.0000    0.0000   -0.0000   -0.0000   -0.0000    0.0000   -0.0000   -0.2145
   15 H3     2pz        0.0024    0.0162   -0.0141   -0.0096   -0.0130   -0.0077   -0.0124    0.0472    0.0158   -0.0000
   16 H4     1s         0.3915    0.1117   -0.4571   -0.5517   -0.3138    1.0045   -0.1485   -0.0291    0.0545    0.0000
   17 H4     2s         0.0013   -0.0167   -0.0816   -0.0681   -0.0832    0.2214    0.2752   -0.1614   -0.4296    0.0000
   18 H4     2px        0.0000   -0.0000   -0.0000   -0.0000   -0.0000    0.0000   -0.0000    0.0000   -0.0000    0.3564
   19 H4     2py        0.0000   -0.0000   -0.0000   -0.0000   -0.0000    0.0000   -0.0000    0.0000   -0.0000   -0.2145
   20 H4     2pz       -0.0024    0.0162    0.0141   -0.0096    0.0130   -0.0077    0.0124    0.0472   -0.0158   -0.0000
   21 H5     1s         0.2997    0.4343    0.3133   -0.2754    0.7821   -0.7862   -0.1729    0.2020   -0.2189    0.0000
   22 H5     2s        -0.0049    0.0342    0.0773    0.0040    0.1250   -0.1742    0.2034   -0.1400   -0.3285    0.0000
   23 H5     2px       -0.0000   -0.0000   -0.0000    0.0000   -0.0000   -0.0000   -0.0000    0.0000   -0.0000    0.2868
   24 H5     2py        0.0000   -0.0000   -0.0000   -0.0000   -0.0000    0.0000   -0.0000   -0.0000   -0.0000   -0.1726
   25 H5     2pz       -0.0060    0.0062    0.0214    0.0179   -0.0037   -0.0047   -0.0079    0.0736   -0.1615    0.0000
   26 H6     1s         0.1992    0.3638    0.4170    0.5493   -0.6368    0.4405   -0.0913   -0.0238    0.3571   -0.0000
   27 H6     2s         0.0025    0.0090    0.0322    0.0327   -0.0438    0.0479    0.3151   -0.6334    0.8896   -0.0000
   28 H6     2px        0.0000    0.0000    0.0000    0.0000    0.0000   -0.0000    0.0000   -0.0000   -0.0000    0.1664
   29 H6     2py       -0.0000   -0.0000   -0.0000   -0.0000    0.0000   -0.0000    0.0000   -0.0000    0.0000   -0.1001
   30 H6     2pz       -0.0104   -0.0130   -0.0074   -0.0048    0.0090   -0.0090    0.0391   -0.0416    0.0177    0.0000
 
 
      Orbital               11        12        13        14        15        16        17        18        19        20
      Energy            0.6370    0.6789    0.7299    0.7299    0.8850    0.8850    0.9270    1.0560    1.0982    1.1043
      Occ. No.          0.0000    0.0000    0.0000    0.0000    0.0000    0.0000    0.0000    0.0000    0.0000    0.0000
 
    1 H1     1s         0.0000    0.7361   -0.0000    0.0000    0.0000    0.0000   -0.3915    0.6695    0.0769   -0.0000
    2 H1     2s         0.0000    0.9890   -0.0000    0.0000    0.0000    0.0000   -0.1259    0.7929   -0.2340    0.0000
    3 H1     2px        0.1001   -0.0000   -0.3469   -0.1376    0.5014    0.0722    0.0000   -0.0000    0.0000   -0.4844
    4 H1     2py        0.1664    0.0000    0.1376   -0.3469   -0.0722    0.5014    0.0000   -0.0000    0.0000    0.2827
    5 H1     2pz       -0.0000   -0.0184    0.0000    0.0000   -0.0000    0.0000    0.3175    0.0538   -0.4677    0.0000
    6 H2     1s        -0.0000   -0.6160    0.0000   -0.0000   -0.0000   -0.0000    0.5412   -1.1866   -0.1378    0.0000
    7 H2     2s        -0.0000   -1.2546    0.0000   -0.0000   -0.0000   -0.0000    0.7580   -1.8848   -0.2821    0.0000
    8 H2     2px        0.1726   -0.0000   -0.4106   -0.1628    0.2029    0.0292    0.0000    0.0000   -0.0000    0.2382
    9 H2     2py        0.2868    0.0000    0.1628   -0.4106   -0.0292    0.2029    0.0000    0.0000   -0.0000   -0.1390
   10 H2     2pz        0.0000    0.1451   -0.0000    0.0000    0.0000   -0.0000   -0.2788   -0.1758    0.2780   -0.0000
   11 H3     1s         0.0000   -0.1671   -0.0000   -0.0000    0.0000    0.0000   -0.3229    0.6517    0.5772   -0.0000
   12 H3     2s        -0.0000   -0.5056   -0.0000   -0.0000    0.0000    0.0000   -0.5380    1.0999    1.1482   -0.0000
   13 H3     2px        0.2145   -0.0000   -0.1803   -0.0715   -0.3993   -0.0575   -0.0000    0.0000   -0.0000    0.3920
   14 H3     2py        0.3564    0.0000    0.0715   -0.1803    0.0575   -0.3993   -0.0000    0.0000   -0.0000   -0.2288
   15 H3     2pz       -0.0000   -0.1492    0.0000   -0.0000   -0.0000   -0.0000    0.3933    0.1343   -0.1008    0.0000
   16 H4     1s        -0.0000    0.1671    0.0000    0.0000   -0.0000    0.0000   -0.3229    0.6517   -0.5772    0.0000
   17 H4     2s        -0.0000    0.5056   -0.0000    0.0000   -0.0000    0.0000   -0.5380    1.0999   -1.1482    0.0000
   18 H4     2px        0.2145   -0.0000    0.1803    0.0715   -0.3993   -0.0575   -0.0000   -0.0000    0.0000   -0.3920
   19 H4     2py        0.3564   -0.0000   -0.0715    0.1803    0.0575   -0.3993   -0.0000    0.0000    0.0000    0.2288
   20 H4     2pz       -0.0000   -0.1492    0.0000   -0.0000    0.0000   -0.0000   -0.3933   -0.1343   -0.1008    0.0000
   21 H5     1s         0.0000    0.6160    0.0000    0.0000    0.0000   -0.0000    0.5412   -1.1866    0.1378   -0.0000
   22 H5     2s         0.0000    1.2546   -0.0000    0.0000   -0.0000   -0.0000    0.7580   -1.8848    0.2821   -0.0000
   23 H5     2px        0.1726   -0.0000    0.4106    0.1628    0.2029    0.0292    0.0000   -0.0000    0.0000   -0.2382
   24 H5     2py        0.2868   -0.0000   -0.1628    0.4106   -0.0292    0.2029    0.0000   -0.0000    0.0000    0.1390
   25 H5     2pz        0.0000    0.1451   -0.0000    0.0000    0.0000    0.0000    0.2788    0.1758    0.2780   -0.0000
   26 H6     1s        -0.0000   -0.7361   -0.0000   -0.0000    0.0000    0.0000   -0.3915    0.6695   -0.0769    0.0000
   27 H6     2s        -0.0000   -0.9890    0.0000   -0.0000    0.0000    0.0000   -0.1259    0.7929    0.2340   -0.0000
   28 H6     2px        0.1001   -0.0000    0.3469    0.1376    0.5014    0.0722    0.0000    0.0000   -0.0000    0.4844
   29 H6     2py        0.1664   -0.0000   -0.1376    0.3469   -0.0722    0.5014    0.0000    0.0000   -0.0000   -0.2827
   30 H6     2pz       -0.0000   -0.0184    0.0000    0.0000   -0.0000    0.0000   -0.3175   -0.0538   -0.4677    0.0000
 
 
      Orbital               21        22        23        24        25        26        27        28        29        30
      Energy            1.1043    1.3626    1.3626    1.5948    1.5948    1.6091    1.6620    1.9538    2.4330    2.9689
      Occ. No.          0.0000    0.0000    0.0000    0.0000    0.0000    0.0000    0.0000    0.0000    0.0000    0.0000
 
    1 H1     1s         0.0000    0.0000    0.0000    0.0000   -0.0000   -0.8018   -0.7858   -0.7362   -0.6213    0.4218
    2 H1     2s        -0.0000    0.0000   -0.0000    0.0000   -0.0000   -0.8281   -0.8169   -0.5189   -0.2513    0.1200
    3 H1     2px       -0.2827    0.4115   -0.2833   -0.2975    0.0424    0.0000   -0.0000    0.0000    0.0000    0.0000
    4 H1     2py       -0.4844    0.2833    0.4115   -0.0424   -0.2975   -0.0000    0.0000   -0.0000   -0.0000    0.0000
    5 H1     2pz       -0.0000    0.0000    0.0000    0.0000   -0.0000   -0.7294   -0.3321   -0.7467   -0.6180    0.3837
    6 H2     1s        -0.0000   -0.0000   -0.0000   -0.0000    0.0000    1.7865    2.3725    1.0058    0.1153    0.2158
    7 H2     2s        -0.0000   -0.0000    0.0000   -0.0000    0.0000    1.5145    2.5105    0.6080    0.1126   -0.0646
    8 H2     2px        0.1390   -0.5415    0.3728    0.5646   -0.0805   -0.0000    0.0000    0.0000   -0.0000    0.0000
    9 H2     2py        0.2382   -0.3728   -0.5415    0.0805    0.5646    0.0000   -0.0000    0.0000    0.0000   -0.0000
   10 H2     2pz        0.0000   -0.0000   -0.0000   -0.0000    0.0000    0.0786    0.4024   -0.5699   -1.0749    0.9209
   11 H3     1s         0.0000    0.0000    0.0000    0.0000   -0.0000   -0.9244   -3.6563    0.3325    0.5825    0.1611
   12 H3     2s         0.0000    0.0000    0.0000    0.0000   -0.0000   -0.7879   -3.8688   -0.0637    0.0683    0.0710
   13 H3     2px        0.2288    0.2441   -0.1680   -0.7129    0.1017    0.0000   -0.0000   -0.0000    0.0000   -0.0000
   14 H3     2py        0.3920    0.1680    0.2441   -0.1017   -0.7129   -0.0000   -0.0000   -0.0000    0.0000   -0.0000
   15 H3     2pz       -0.0000    0.0000    0.0000    0.0000   -0.0000    0.6424   -0.1804    0.6232   -0.5107    1.2321
   16 H4     1s        -0.0000   -0.0000   -0.0000   -0.0000    0.0000   -0.9244    3.6562   -0.3325    0.5825   -0.1611
   17 H4     2s        -0.0000   -0.0000   -0.0000   -0.0000    0.0000   -0.7879    3.8687    0.0637    0.0683   -0.0710
   18 H4     2px       -0.2288    0.2441   -0.1680    0.7129   -0.1017   -0.0000    0.0000    0.0000   -0.0000    0.0000
   19 H4     2py       -0.3920    0.1680    0.2441    0.1017    0.7129    0.0000    0.0000    0.0000    0.0000    0.0000
   20 H4     2pz       -0.0000   -0.0000    0.0000    0.0000   -0.0000   -0.6424   -0.1804    0.6232    0.5107    1.2321
   21 H5     1s         0.0000    0.0000    0.0000    0.0000   -0.0000    1.7865   -2.3725   -1.0058    0.1153   -0.2158
   22 H5     2s         0.0000    0.0000    0.0000    0.0000   -0.0000    1.5145   -2.5105   -0.6080    0.1126    0.0646
   23 H5     2px       -0.1390   -0.5415    0.3728   -0.5646    0.0805    0.0000   -0.0000   -0.0000    0.0000   -0.0000
   24 H5     2py       -0.2382   -0.3728   -0.5415   -0.0805   -0.5646    0.0000    0.0000   -0.0000    0.0000    0.0000
   25 H5     2pz        0.0000   -0.0000   -0.0000   -0.0000    0.0000   -0.0786    0.4024   -0.5699    1.0749    0.9209
   26 H6     1s        -0.0000   -0.0000   -0.0000   -0.0000    0.0000   -0.8018    0.7858    0.7362   -0.6213   -0.4218
   27 H6     2s         0.0000   -0.0000   -0.0000   -0.0000    0.0000   -0.8281    0.8169    0.5189   -0.2513   -0.1200
   28 H6     2px        0.2827    0.4115   -0.2833    0.2975   -0.0424   -0.0000    0.0000    0.0000   -0.0000   -0.0000
   29 H6     2py        0.4844    0.2833    0.4115    0.0424    0.2975   -0.0000   -0.0000    0.0000   -0.0000   -0.0000
   30 H6     2pz       -0.0000    0.0000    0.0000    0.0000   -0.0000    0.7294   -0.3321   -0.7467    0.6180    0.3837
--
 
      Von Neumann Entropy (Root  1) =  1.21782
 

      Mulliken population analysis for root number:  1
      -----------------------------------------------
 
 
++    Molecular charges:
      ------------------
 
      Mulliken charges per centre and basis function type
      ---------------------------------------------------
 
                H1      H2      H3      H4      H5      H6    
      1s       0.9651  1.0177  1.0075  1.0075  1.0177  0.9651
      2s       0.0015 -0.0101 -0.0287 -0.0287 -0.0101  0.0015
      2px      0.0000  0.0000  0.0000  0.0000  0.0000  0.0000
      2pz      0.0084  0.0200  0.0186  0.0186  0.0200  0.0084
      2py      0.0000  0.0000  0.0000  0.0000  0.0000  0.0000
      Total    0.9750  1.0276  0.9974  0.9974  1.0276  0.9750
 
      N-E      0.0250 -0.0276  0.0026  0.0026 -0.0276  0.0250
 
      Total electronic charge=    6.000000
 
      Total            charge=   -0.000000
--
 
 

      Expectation values of various properties for root number:  1
      -----------------------------------------------------------
 
 
++    Molecular properties:
      ---------------------
 
      Charge (e):
                      =   -0.0000
      Dipole Moment (Debye):
      Origin of the operator (Ang)=    0.0000    0.0000    0.0000
                   X= -3.5477E-10               Y=  1.1121E-10               Z=  1.6067E-05           Total=  1.6067E-05
      Quadrupole Moment (Debye*Ang):
      Origin of the operator (Ang)=    0.0000    0.0000    3.5606
                  XX= -8.3274E+00              XY= -2.3591E-20              XZ=  6.2571E-10              YY= -8.3274E+00
                  YZ= -2.6146E-10              ZZ= -5.3451E+00
      In traceless form (Debye*Ang)
                  XX= -1.4912E+00              XY= -3.5387E-20              XZ=  9.3856E-10              YY= -1.4912E+00
                  YZ= -3.9218E-10              ZZ=  2.9823E+00
--
 

      LoProp population analysis for root number:  1
      -----------------------------------------------
 
 
++    LoProp analysis:
      ----------------
 
 
 
  Input file to MOLDEN was generated!
 
 
++    Static properties:
      ------------------
 
 
      LoProp Charges per center
 

                   H1       H2       H3       H4       H5       H6    
      Nuclear      1.0000   1.0000   1.0000   1.0000   1.0000   1.0000
      Electronic  -1.0005  -0.9996  -0.9998  -0.9998  -0.9996  -1.0005
 
      Total       -0.0005   0.0004   0.0002   0.0002   0.0004  -0.0005
--
 
 
      Natural Bond Order analysis for root number:  1
 
++    Natural Bond Order analysis
      ---------------------------
      Based on LoProp computed density
      -------------------------------------------------------------------------------------
      Atom A       Atom B       Bond Order
      -------------------------------------------------------------------------------------
      NBO located      0.979 non-bonded electrons on atom H1        
      NBO located      1.017 non-bonded electrons on atom H3        
      NBO located      1.017 non-bonded electrons on atom H4        
      NBO located      0.979 non-bonded electrons on atom H6        
      The remaining    2.008 electrons are to be considered as diffuse
--
 
--
 
 
  Input file to MOLDEN was generated!
 
      Average orbitals are written to the RASORB file
      Natural orbitals for root   1 are written to the RASORB.1 file
      Spin density orbitals for root   1 are written to the SPDORB.1 file
 
forrtl: warning (525): IEEE_DIVIDE_BY_ZERO is signaling
forrtl: warning (526): IEEE_INVALID is signaling
forrtl: warning (528): IEEE_UNDERFLOW is signaling
--- Stop Module: rasscf at Sun Oct 26 13:03:17 2025 /rc=_RC_ALL_IS_WELL_ ---
*** files: H6_1.42.LprOrb H6_1.42.rasscf.molden H6_1.42.LoProp.molden H6_1.42.RasOrb.1 H6_1.42.RasOrb H6_1.42.rasscf.h5 H6_1.42.SpdOrb.1 xmldump
    saved to directory /home/grierjones/DDCASPT2/hydrogen_comps/rerun/H6_chain/H6_1.42
--- Module rasscf spent 1 second ---

>>> COPY /tmp/H6_1.42/H6_1.42.rasscf.h5 /home/grierjones/DDCASPT2/hydrogen_comps/rerun/H6_chain/H6_1.42/

>>> COPY /tmp/H6_1.42/GMJ_Fock_MO.csv /home/grierjones/DDCASPT2/hydrogen_comps/rerun/H6_chain/H6_1.42/H6_1.42.GMJ_Fock_MO.csv

*** symbolic link created: INPORB -> H6_1.42.RasOrb
--- Start Module: motra at Sun Oct 26 13:03:17 2025 ---
 
()()()()()()()()()()()()()()()()()()()()()()()()()()()()()()()()()()()()()()()()()()()()()()()()()()

                                               &MOTRA

                                   only a single process is used
                       available to each process: 2.0 GB of memory, 1 thread?
()()()()()()()()()()()()()()()()()()()()()()()()()()()()()()()()()()()()()()()()()()()()()()()()()()
 
 
      *** WARNING: Default frozen orbitals is overwritten by user input.
      *** Default values:   0
 
      Header of the integral files:
      
       Integrals generated by seward 4.2.0  , Sun Oct 26 13:03:15 2025
 
 
      Header of MO coefficients source file:
      * RASSCF average (pseudo-natural) orbitals                                      
 
 
      Cartesian coordinates in Angstrom:
      -----------------------------------------------------
      No.  Label        X            Y            Z        
      -----------------------------------------------------
       1   H1         0.00000000   0.00000000   0.00000000
       2   H2         0.00000000   0.00000000   1.42424200
       3   H3         0.00000000   0.00000000   2.84848500
       4   H4         0.00000000   0.00000000   4.27272700
       5   H5         0.00000000   0.00000000   5.69697000
       6   H6         0.00000000   0.00000000   7.12121200
      -----------------------------------------------------
      Nuclear repulsion energy =    3.23248460
 
      Orbital specifications:
      -----------------------
 
      Symmetry species:              1
      Number of basis functions:    30
      Frozen orbitals:               0
      Deleted orbitals:              0
      Number of orbitals used:      30

       SYMMETRY  BASIS FUNCTIONS       ORBITALS      INTEGRALS   CPU(SEC)  I/O(SEC)
        1 1 1 1   30  30  30  30    30  30  30  30      108345       0.00      0.00

       TOTAL CPU TIME(SEC)    0.07TOTAL I/O TIME(SEC)    0.16
 
--- Stop Module: motra at Sun Oct 26 13:03:17 2025 /rc=_RC_ALL_IS_WELL_ ---
*** files: xmldump
    saved to directory /home/grierjones/DDCASPT2/hydrogen_comps/rerun/H6_chain/H6_1.42

>>> COPY /tmp/H6_1.42/GMJ_one_int_indx.csv /home/grierjones/DDCASPT2/hydrogen_comps/rerun/H6_chain/H6_1.42/H6_1.42.GMJ_one_int_indx.csv

>>> COPY /tmp/H6_1.42/GMJ_one_int.csv /home/grierjones/DDCASPT2/hydrogen_comps/rerun/H6_chain/H6_1.42/H6_1.42.GMJ_one_int.csv

>>> COPY /tmp/H6_1.42/GMJ_two_int_indx.csv /home/grierjones/DDCASPT2/hydrogen_comps/rerun/H6_chain/H6_1.42/H6_1.42.GMJ_two_int_indx.csv

>>> COPY /tmp/H6_1.42/GMJ_two_int.csv /home/grierjones/DDCASPT2/hydrogen_comps/rerun/H6_chain/H6_1.42/H6_1.42.GMJ_two_int.csv

*** symbolic link created: INPORB -> H6_1.42.RasOrb
--- Start Module: caspt2 at Sun Oct 26 13:03:17 2025 ---
 
()()()()()()()()()()()()()()()()()()()()()()()()()()()()()()()()()()()()()()()()()()()()()()()()()()

                                              &CASPT2

                                   only a single process is used
                       available to each process: 2.0 GB of memory, 1 thread?
()()()()()()()()()()()()()()()()()()()()()()()()()()()()()()()()()()()()()()()()()()()()()()()()()()
 
 Cholesky algorithm in CASPT2 =    1
 
 ###############################################################################
 ###############################################################################
 ###                                                                         ###
 ###                                                                         ###
 ###    User changed nr of frozen orbitals.                                  ###
 ###                                                                         ###
 ###                                                                         ###
 ###############################################################################
 ###############################################################################
 
++    Wave function specifications:
      -----------------------------
 
      Number of closed shell electrons           0
      Number of electrons in active shells       6
      Max number of holes in RAS1 space          0
      Max number of electrons in RAS3 space      0
      Number of inactive orbitals                0
      Number of active orbitals                  6
      Number of secondary orbitals              24
      Spin quantum number                      0.0
      State symmetry                             1
      Number of CSFs                           175
      Number of root(s) available                1
      Root passed to geometry opt.               1
      A file JOBMIX will be created.
      This is a CASSCF or RASSCF reference function
--
 
++    Orbital specifications:
      -----------------------
 
      Symmetry species                           1
                                                 a
      Frozen orbitals                            0
      Inactive orbitals                          0
      Active orbitals                            6
      Secondary orbitals                        24
      Deleted orbitals                           0
      Number of basis functions                 30
--
 
      Type of Fock operator: STANDARD
      Type of 0-order Hamiltonian: STANDARD WITH DEFAULT IPEA
        "IP-EA" denominator shift =      0.25
      The input orbitals and the CI vector will be transformed.
 
--------------------------------------------------------------------------------
 Estimated memory requirements:
  POLY3 :                   262414
  RHS:                      285604
  SIGMA :                   275200
  PRPCTL:                        0
 Available workspace:    230396124
 
++ CASPT2 computation for group   1
 
********************************************************************************
 Multi-State initialization phase begins for group   1
--------------------------------------------------------------------------------
********************************************************************************
 Compute H0 matrices for state    1
--------------------------------------------------------------------------------
--------------------------------------------------------------------------------
 H0 matrices have been computed.
 
********************************************************************************
  CASPT2 EQUATION SOLUTION
--------------------------------------------------------------------------------
 
  Total nr of CASPT2 parameters:
   Before reduction:       15624
   After  reduction:       15360
 
 The contributions to the second order correlation energy in atomic units.
-----------------------------------------------------------------------------------------------------------------------------
  IT.      VJTU        VJTI        ATVX        AIVX        VJAI        BVAT        BJAT        BJAI        TOTAL       RNORM  
-----------------------------------------------------------------------------------------------------------------------------
   1     0.000000    0.000000   -0.007739    0.000000    0.000000   -0.020489    0.000000    0.000000   -0.028228    0.001722
   2     0.000000    0.000000   -0.007830    0.000000    0.000000   -0.020515    0.000000    0.000000   -0.028344    0.000125
   3     0.000000    0.000000   -0.007830    0.000000    0.000000   -0.020514    0.000000    0.000000   -0.028345    0.000016
   4     0.000000    0.000000   -0.007830    0.000000    0.000000   -0.020515    0.000000    0.000000   -0.028344    0.000001
-------------------------------------------------------------------------------------------------------------------
 
  FINAL CASPT2 RESULT:
 
  Correlation energy /Case, /Symm, and sums:
 VJTU      0.00000000  0.00000000
 VJTIP     0.00000000  0.00000000
 VJTIM     0.00000000  0.00000000
 ATVX     -0.00782985 -0.00782985
 AIVX      0.00000000  0.00000000
 VJAIP     0.00000000  0.00000000
 VJAIM     0.00000000  0.00000000
 BVATP    -0.01960092 -0.01960092
 BVATM    -0.00091359 -0.00091359
 BJATP     0.00000000  0.00000000
 BJATM     0.00000000  0.00000000
 BJAIP     0.00000000  0.00000000
 BJAIM     0.00000000  0.00000000
 Summed:  -0.02834435 -0.02834435
 
      Reference energy:          -3.1880497760
      E2 (Non-variational):      -0.0283443524
      E2 (Variational):          -0.0283443546
      Total energy:              -3.2163941306
      Residual norm:              0.0000001403
      Reference weight:           0.98668
 
      Contributions to the CASPT2 correlation energy
      Active & Virtual Only:         -0.0283443524
      One Inactive Excited:           0.0000000000
      Two Inactive Excited:           0.0000000000
 
 
++ Denominators, etc.
----------------------------------------------------------------------------------------------------
 Report on small energy denominators, large coefficients, and large energy contributions.
CASE  SYMM ACTIVE-MIX  NON-ACTIVE INDICES          DENOMINATOR     RHS VALUE       COEFFICIENT     CONTRIBUTION
--
 
   (Skipping property calculation,
    use PROP keyword to activate)
--
 
  Total CASPT2 energies:
::    CASPT2 Root  1     Total energy:     -3.21639413
 
  A NEW JOBIPH FILE NAMED 'JOBMIX' IS PREPARED.
********************************************************************************
forrtl: warning (528): IEEE_UNDERFLOW is signaling
--- Stop Module: caspt2 at Sun Oct 26 13:03:17 2025 /rc=_RC_ALL_IS_WELL_ ---
*** files: xmldump
    saved to directory /home/grierjones/DDCASPT2/hydrogen_comps/rerun/H6_chain/H6_1.42

>>> EXPORT i = B

>>> EXPORT j = P

>>> IF (-FILE GMJ_e2_${i}_${j}_1_.csv)
(Skipped)

>>> END FOREACH

>>> EXPORT j = M

>>> IF (-FILE GMJ_e2_${i}_${j}_1_.csv)
(Skipped)

>>> END FOREACH

>>> END FOREACH

>>> EXPORT i = E

>>> EXPORT j = P

>>> IF (-FILE GMJ_e2_${i}_${j}_1_.csv)
(Skipped)

>>> END FOREACH

>>> EXPORT j = M

>>> IF (-FILE GMJ_e2_${i}_${j}_1_.csv)
(Skipped)

>>> END FOREACH

>>> END FOREACH

>>> EXPORT i = F

>>> EXPORT j = P

>>> IF (-FILE GMJ_e2_${i}_${j}_1_.csv)

>>> COPY /tmp/H6_1.42/GMJ_RHS_F_P_1_.csv /home/grierjones/DDCASPT2/hydrogen_comps/rerun/H6_chain/H6_1.42/GMJ_RHS_F_P_1_.csv

>>> COPY /tmp/H6_1.42/GMJ_IVECW_F_P_1_.csv /home/grierjones/DDCASPT2/hydrogen_comps/rerun/H6_chain/H6_1.42/GMJ_IVECW_F_P_1_.csv

>>> COPY /tmp/H6_1.42/GMJ_IVECX_F_P_1_.csv /home/grierjones/DDCASPT2/hydrogen_comps/rerun/H6_chain/H6_1.42/GMJ_IVECX_F_P_1_.csv

>>> COPY /tmp/H6_1.42/GMJ_IVECC2_F_P_1_.csv /home/grierjones/DDCASPT2/hydrogen_comps/rerun/H6_chain/H6_1.42/GMJ_IVECC2_F_P_1_.csv

>>> COPY /tmp/H6_1.42/GMJ_e2_F_P_1_.csv /home/grierjones/DDCASPT2/hydrogen_comps/rerun/H6_chain/H6_1.42/GMJ_e2_F_P_1_.csv

>>> END FOREACH

>>> EXPORT j = M

>>> IF (-FILE GMJ_e2_${i}_${j}_1_.csv)

>>> COPY /tmp/H6_1.42/GMJ_RHS_F_M_1_.csv /home/grierjones/DDCASPT2/hydrogen_comps/rerun/H6_chain/H6_1.42/GMJ_RHS_F_M_1_.csv

>>> COPY /tmp/H6_1.42/GMJ_IVECW_F_M_1_.csv /home/grierjones/DDCASPT2/hydrogen_comps/rerun/H6_chain/H6_1.42/GMJ_IVECW_F_M_1_.csv

>>> COPY /tmp/H6_1.42/GMJ_IVECX_F_M_1_.csv /home/grierjones/DDCASPT2/hydrogen_comps/rerun/H6_chain/H6_1.42/GMJ_IVECX_F_M_1_.csv

>>> COPY /tmp/H6_1.42/GMJ_IVECC2_F_M_1_.csv /home/grierjones/DDCASPT2/hydrogen_comps/rerun/H6_chain/H6_1.42/GMJ_IVECC2_F_M_1_.csv

>>> COPY /tmp/H6_1.42/GMJ_e2_F_M_1_.csv /home/grierjones/DDCASPT2/hydrogen_comps/rerun/H6_chain/H6_1.42/GMJ_e2_F_M_1_.csv

>>> END FOREACH

>>> END FOREACH

>>> EXPORT i = G

>>> EXPORT j = P

>>> IF (-FILE GMJ_e2_${i}_${j}_1_.csv)
(Skipped)

>>> END FOREACH

>>> EXPORT j = M

>>> IF (-FILE GMJ_e2_${i}_${j}_1_.csv)
(Skipped)

>>> END FOREACH

>>> END FOREACH

>>> EXPORT i = H

>>> EXPORT j = P

>>> IF (-FILE GMJ_e2_${i}_${j}_1_.csv)
(Skipped)

>>> END FOREACH

>>> EXPORT j = M

>>> IF (-FILE GMJ_e2_${i}_${j}_1_.csv)
(Skipped)

>>> END FOREACH

>>> END FOREACH

>>> EXPORT i = A

>>> IF (-FILE GMJ_e2_${i}_1_.csv)
(Skipped)

>>> END FOREACH

>>> EXPORT i = C

>>> IF (-FILE GMJ_e2_${i}_1_.csv)

>>> COPY /tmp/H6_1.42/GMJ_RHS_C_1_.csv /home/grierjones/DDCASPT2/hydrogen_comps/rerun/H6_chain/H6_1.42/GMJ_RHS_C_1_.csv

>>> COPY /tmp/H6_1.42/GMJ_IVECW_C_1_.csv /home/grierjones/DDCASPT2/hydrogen_comps/rerun/H6_chain/H6_1.42/GMJ_IVECW_C_1_.csv

>>> COPY /tmp/H6_1.42/GMJ_IVECX_C_1_.csv /home/grierjones/DDCASPT2/hydrogen_comps/rerun/H6_chain/H6_1.42/GMJ_IVECX_C_1_.csv

>>> COPY /tmp/H6_1.42/GMJ_IVECC2_C_1_.csv /home/grierjones/DDCASPT2/hydrogen_comps/rerun/H6_chain/H6_1.42/GMJ_IVECC2_C_1_.csv

>>> COPY /tmp/H6_1.42/GMJ_e2_C_1_.csv /home/grierjones/DDCASPT2/hydrogen_comps/rerun/H6_chain/H6_1.42/GMJ_e2_C_1_.csv

>>> END FOREACH

>>> EXPORT i = D

>>> IF (-FILE GMJ_e2_${i}_1_.csv)
(Skipped)

>>> END FOREACH

.########################.
.# Non-zero return code #.
.########################.

    Timing: Wall=2.94 User=2.21 System=0.71
***************************************
*** WorkDir at /tmp/H6_1.42 cleaned ***
***************************************
