   This run of MOLCAS is using the pymolcas driver

                             OPE
                             OPE          NMOL  CASOP  ENMOLC A   SO
                 OPE        NMOLC        AS  OP EN  MO LC     AS  OP
                OPENM       OL CA        SO  PE NM  OL CA     SOP EN
                OP EN      MO   LC       AS  OP ENMOL  CASO   PENMOL
                OP  EN     MO   LC       AS  OP EN     MO     LC ASO
               OP   E  NMOL  C  AS       OP  EN MO     LC     AS  OP
               OP  E   NMO   LC AS        OPEN  MO     LCASOP EN   M
               O  PEN   MO  LCA  SO
            OPE   NMO   L   CAS    OP
        OPENMOL  CASOP     ENMOL   CASOPE
     OPENMOLCA   SOPENMOLCASOPEN   MOLCASOPE
    OPENMOLCAS   OP           EN   MOL    CAS
    OPENMOLCAS       OP  ENM        O     LCA
    OPENMOLCAS    OPEN  MOLCASO     P  E  NMO
    OPENMOLCAS     OP               E  N  MOL
    OPENMOLCA   SO           PENM   O  L  CAS    OPEN    MO    LCAS
    OPENMOLCA   SOP           ENM   O  L  CAS   OP  EN  MOLC  AS   O
    OPENMOLCA   SOPE           NM      O  LCA   S      OP  EN MO
    OPENMOLC                AS         O  PEN   M      OL  CA  SOPE
    OPENMO        LCASOPE  NMOL        C  ASO   P      ENMOLC     AS
    OPE     NMO      LCA  SO     P     E   NM   OL  CA SO  PE N   MO
          OPENMOLCA            SOPE   NMO        LCAS  O    P  ENMO
     OPENMOLCASOPENMOLCASOPENMOLCASOPENMOLCA
        OPENMOLCASOPENMOLCASOPENMOLCASOPE
            OPENMOLCASOPENMOLCASOPENM
               OPENMOLCASOPENMOLCA        version: f37762c57
                   OPENMOLCASO
                       OPE                tag:

 OpenMolcas is free software; you can redistribute it and/or modify it
 under the terms of the GNU Lesser General Public License version 2.1.
 OpenMolcas is distributed in the hope that it will be useful, but it
 is provided "as is" and without any express or implied warranties.
 For more details see the full text of the license in the file
 LICENSE or in <http://www.gnu.org/licenses/>.

                 Copyright (C) The OpenMolcas Authors
           For the author list and the recommended citation,
                   consult the file CONTRIBUTORS.md

           *************************************************
           * pymolcas version py2.28                       *
           *   build c4a6d18ded8cb6cad61d2372a9abd97c      *
           *   (after the EMIL interpreter by V. Veryazov) *
           *************************************************

configuration info
------------------
C Compiler ID: Intel
C flags: -std=gnu99 -gcc-sys
Fortran Compiler ID: IntelLLVM
Fortran flags: -standard-semantics -fltconsistency -fpp -i8 -heap-arrays
Definitions: _MOLCAS_;_I8_;_LINUX_
Parallel: OFF (GA=OFF)


   --------------------------------------------------------------------------------------
  |
  |              Project: H8_1.91
  |       Submitted from: ${LOCALHOME}/DDCASPT2/hydrogen_comps/rerun/H8_chain/H8_1.91
  |         Scratch area: /tmp/H8_1.91
  |      Save outputs to: ${LOCALHOME}/DDCASPT2/hydrogen_comps/rerun/H8_chain/H8_1.91
  |               Molcas: ${LOCALHOME}/Test/build
  |
  | Scratch area is empty
  |
  |       MOLCAS_DRIVER = /usr/local/pymolcas
  | MOLCAS_KEEP_WORKDIR = NO
  |  MOLCAS_NEW_WORKDIR = YES
  |       MOLCAS_NPROCS = 1
  |        MOLCAS_PRINT = NORMAL
  |       MOLCAS_SOURCE = ${LOCALHOME}/Test
  |    MOLCAS_STRUCTURE = 0
  |
   --------------------------------------------------------------------------------------

++ ---------   Input file   ---------

&GATEWAY
coord=H8_1.91.xyz
Basis = ANO-RCC-VDZP
Group = nosymm
End of Input

&SEWARD
End of Input

&SCF

>>> COPY $WorkDir/H8_1.91.scf.h5 $CurrDir/

&RASSCF
Title= RASSCF
FileOrb
${LOCALHOME}/DDCASPT2/hydrogen_comps/rerun/H8_chain/H8_0.60/H8_0.60.RasOrb
NACTEL
8 0 0
Inactive
0
RAS2
8
Symmetry
1
Spin
1
orblisting
all

>>> COPY $WorkDir/H8_1.91.rasscf.h5 $CurrDir/

>>> COPY $WorkDir/DDCASPT2_Fock_MO.csv $CurrDir/H8_1.91.DDCASPT2_Fock_MO.csv

&MOTRA
Frozen=0
LUMORB

>>> COPY $WorkDir/DDCASPT2_one_int_indx.csv $CurrDir/H8_1.91.DDCASPT2_one_int_indx.csv

>>> COPY $WorkDir/DDCASPT2_one_int.csv $CurrDir/H8_1.91.DDCASPT2_one_int.csv

>>> COPY $WorkDir/DDCASPT2_two_int_indx.csv $CurrDir/H8_1.91.DDCASPT2_two_int_indx.csv

>>> COPY $WorkDir/DDCASPT2_two_int.csv $CurrDir/H8_1.91.DDCASPT2_two_int.csv

&CASPT2
Frozen
0

MAXITER
50

>>> FOREACH i IN (B,E,F,G,H)

  >>> FOREACH j IN (P,M)

    >>> IF (-FILE DDCASPT2_e2_${i}_${j}_1_.csv)

      >>> COPY $WorkDir/DDCASPT2_RHS_${i}_${j}_1_.csv $CurrDir/DDCASPT2_RHS_${i}_${j}_1_.csv

      >>> COPY $WorkDir/DDCASPT2_IVECW_${i}_${j}_1_.csv $CurrDir/DDCASPT2_IVECW_${i}_${j}_1_.csv

      >>> COPY $WorkDir/DDCASPT2_IVECX_${i}_${j}_1_.csv $CurrDir/DDCASPT2_IVECX_${i}_${j}_1_.csv

      >>> COPY $WorkDir/DDCASPT2_IVECC2_${i}_${j}_1_.csv $CurrDir/DDCASPT2_IVECC2_${i}_${j}_1_.csv

      >>> COPY $WorkDir/DDCASPT2_e2_${i}_${j}_1_.csv $CurrDir/DDCASPT2_e2_${i}_${j}_1_.csv

    >>> END IF

  >>> END FOREACH

>>> END FOREACH

>>> FOREACH i IN (A,C,D)

  >>> IF (-FILE DDCASPT2_e2_${i}_1_.csv)

    >>> COPY $WorkDir/DDCASPT2_RHS_${i}_1_.csv $CurrDir/DDCASPT2_RHS_${i}_1_.csv

    >>> COPY $WorkDir/DDCASPT2_IVECW_${i}_1_.csv $CurrDir/DDCASPT2_IVECW_${i}_1_.csv

    >>> COPY $WorkDir/DDCASPT2_IVECX_${i}_1_.csv $CurrDir/DDCASPT2_IVECX_${i}_1_.csv

    >>> COPY $WorkDir/DDCASPT2_IVECC2_${i}_1_.csv $CurrDir/DDCASPT2_IVECC2_${i}_1_.csv

    >>> COPY $WorkDir/DDCASPT2_e2_${i}_1_.csv $CurrDir/DDCASPT2_e2_${i}_1_.csv

  >>> END IF

>>> END FOREACH

-- ----------------------------------

--- Start Module: gateway at Sun Oct 26 13:27:03 2025 ---
 
()()()()()()()()()()()()()()()()()()()()()()()()()()()()()()()()()()()()()()()()()()()()()()()()()()

                                              &GATEWAY

                                   only a single process is used
                       available to each process: 2.0 GB of memory, 1 thread?
()()()()()()()()()()()()()()()()()()()()()()()()()()()()()()()()()()()()()()()()()()()()()()()()()()
 
 
++    Symmetry information:
      ---------------------
 
                    Character Table for C1 
 
                             E  
                    a        1  x, y, xy, Rz, z, xz, Ry, yz, Rx, I
--
 
 
++    Basis set information:
      ----------------------
 
 
      Basis set label: H.ANO-RCC...2S1P.
 
      Electronic valence basis set:
      ------------------
      Associated Effective Charge   1.000000 au
      Associated Actual Charge      1.000000 au
      Nuclear Model: Point charge
 
      Shell  nPrim  nBasis  Cartesian Spherical Contaminant
         s       8       2        X                  
         p       4       1        X                  
--
 
 
++    Molecular structure info:
      -------------------------
 
                    ************************************************ 
                    **** Cartesian Coordinates / Bohr, Angstrom **** 
                    ************************************************ 
 
     Center  Label                x              y              z                     x              y              z
        1      H1               0.000000       0.000000       0.000000              0.000000       0.000000       0.000000
        2      H2               0.000000       0.000000       3.607659              0.000000       0.000000       1.909091
        3      H3               0.000000       0.000000       7.215318              0.000000       0.000000       3.818182
        4      H4               0.000000       0.000000      10.822977              0.000000       0.000000       5.727273
        5      H5               0.000000       0.000000      14.430637              0.000000       0.000000       7.636364
        6      H6               0.000000       0.000000      18.038296              0.000000       0.000000       9.545455
        7      H7               0.000000       0.000000      21.645953              0.000000       0.000000      11.454545
        8      H8               0.000000       0.000000      25.253612              0.000000       0.000000      13.363636
 
                    *************************************** 
                    *    InterNuclear Distances / Bohr    * 
                    *************************************** 
 
               1 H1            2 H2            3 H3            4 H4            5 H5            6 H6    
    1 H1       0.000000
    2 H2       3.607659        0.000000
    3 H3       7.215318        3.607659        0.000000
    4 H4      10.822977        7.215318        3.607659        0.000000
    5 H5      14.430637       10.822977        7.215318        3.607659        0.000000
    6 H6      18.038296       14.430637       10.822977        7.215318        3.607659        0.000000
    7 H7      21.645953       18.038294       14.430635       10.822976        7.215316        3.607657
    8 H8      25.253612       21.645953       18.038294       14.430635       10.822976        7.215316
 
               7 H7            8 H8    
    7 H7       0.000000
    8 H8       3.607659        0.000000
 
                    ******************************************* 
                    *    InterNuclear Distances / Angstrom    * 
                    ******************************************* 
 
               1 H1            2 H2            3 H3            4 H4            5 H5            6 H6    
    1 H1       0.000000
    2 H2       1.909091        0.000000
    3 H3       3.818182        1.909091        0.000000
    4 H4       5.727273        3.818182        1.909091        0.000000
    5 H5       7.636364        5.727273        3.818182        1.909091        0.000000
    6 H6       9.545455        7.636364        5.727273        3.818182        1.909091        0.000000
    7 H7      11.454545        9.545454        7.636363        5.727272        3.818181        1.909090
    8 H8      13.363636       11.454545        9.545454        7.636363        5.727272        3.818181
 
               7 H7            8 H8    
    7 H7       0.000000
    8 H8       1.909091        0.000000
--
 
 
            Nuclear Potential Energy              3.80935606 au
 
--- Stop Module: gateway at Sun Oct 26 13:27:03 2025 /rc=_RC_ALL_IS_WELL_ ---
*** files: xmldump
    saved to directory ${LOCALHOME}/DDCASPT2/hydrogen_comps/rerun/H8_chain/H8_1.91

--- Start Module: seward at Sun Oct 26 13:27:03 2025 ---
 
()()()()()()()()()()()()()()()()()()()()()()()()()()()()()()()()()()()()()()()()()()()()()()()()()()

                                              &SEWARD

                                   only a single process is used
                       available to each process: 2.0 GB of memory, 1 thread?
()()()()()()()()()()()()()()()()()()()()()()()()()()()()()()()()()()()()()()()()()()()()()()()()()()
 
               SEWARD will generate:
                  Multipole Moment integrals up to order  2
                  Kinetic Energy integrals
                  Nuclear Attraction integrals (point charge)
                  One-Electron Hamiltonian integrals
                  Velocity integrals
                  Relativistic Douglas-Kroll-Hess integrals:
                    - Parametrization         : EXP
                    - DKH order of Hamiltonian: 2
                    - DKH order of Properties : 0
                         - multipole moment operators
                         - electric potential operators
                         - contact operators
                  Atomic mean-field integrals
                  Two-Electron Repulsion integrals
 
                   Integrals are discarded if absolute value <: 0.10E-13
                   Integral cutoff threshold is set to       <: 0.10E-15
 
            Nuclear Potential Energy              3.80935606 au
 
 
      Basis set specifications :
      Symmetry species         a  
      Basis functions           40
 
 
  Input file to MOLDEN was generated!
 
forrtl: warning (525): IEEE_DIVIDE_BY_ZERO is signaling
forrtl: warning (526): IEEE_INVALID is signaling
forrtl: warning (528): IEEE_UNDERFLOW is signaling
--- Stop Module: seward at Sun Oct 26 13:27:04 2025 /rc=_RC_ALL_IS_WELL_ ---
*** files: H8_1.91.GssOrb H8_1.91.guessorb.h5 H8_1.91.guessorb.molden xmldump
    saved to directory ${LOCALHOME}/DDCASPT2/hydrogen_comps/rerun/H8_chain/H8_1.91

*** symbolic link created: INPORB -> H8_1.91.GssOrb
--- Start Module: scf at Sun Oct 26 13:27:04 2025 ---
 
()()()()()()()()()()()()()()()()()()()()()()()()()()()()()()()()()()()()()()()()()()()()()()()()()()

                                                &SCF

                                   only a single process is used
                       available to each process: 2.0 GB of memory, 1 thread?
()()()()()()()()()()()()()()()()()()()()()()()()()()()()()()()()()()()()()()()()()()()()()()()()()()
 
++    Input section:
      --------------
 
      Header of the integral files:
      
       Integrals generated by seward 4.2.0  , Sun Oct 26 13:27:03 2025
 
 
      Cartesian coordinates in Angstrom:
      -----------------------------------------------------
      No.  Label        X            Y            Z        
      -----------------------------------------------------
       1   H1         0.00000000   0.00000000   0.00000000
       2   H2         0.00000000   0.00000000   1.90909100
       3   H3         0.00000000   0.00000000   3.81818200
       4   H4         0.00000000   0.00000000   5.72727300
       5   H5         0.00000000   0.00000000   7.63636400
       6   H6         0.00000000   0.00000000   9.54545500
       7   H7         0.00000000   0.00000000  11.45454500
       8   H8         0.00000000   0.00000000  13.36363600
      -----------------------------------------------------
      Nuclear repulsion energy =    3.80935606
--
 
++    Orbital specifications:
      -----------------------
 
      Symmetry species               1
                                     a
      Frozen orbitals                0
      Occupied orbitals              4
      Secondary orbitals            36
      Deleted orbitals               0
      Total number of orbitals      40
      Number of basis functions     40
--
 
      Molecular charge                           0.000
 
++    Optimization specifications:
      ----------------------------
 
      SCF Algorithm: Conventional
      Minimized density differences are used
      Number of density matrices in core                5
      Maximum number of NDDO SCF iterations           400
      Maximum number of HF SCF iterations             400
      Threshold for SCF energy change            0.10E-08
      Threshold for density matrix               0.10E-03
      Threshold for Fock matrix                  0.15E-03
      Threshold for linear dependence            0.10E-08
      Threshold at which DIIS is turned on       0.15E+00
      Threshold at which QNR/C2DIIS is turned on 0.75E-01
      Threshold for Norm(delta) (QNR/C2DIIS)     0.20E-04
      DIIS extrapolation of the SCF procedure
      All orbitals punched on: SCFORB
--
 
      Input vectors read from INPORB
      Orbital file label: *Guess orbitals
 
 
++ Convergence information
                                   SCF        iterations: Energy and convergence statistics
 
Iter     Tot. SCF        One-elec.       Two-elec.     Energy      Max Dij or  Max Fij      DNorm      TNorm      AccCon     Time
         Energy          Energy          Energy        Change      Delta Norm                                                in Sec.
   1    -3.585045618   -11.914663694     4.520262018   0.00E+00    0.31E+00*   0.96E-01*    0.40E+01   0.91E+01   None         0.
   2    -3.737100688   -11.887058510     4.340601765  -0.15E+00*   0.11E+00*   0.17E-01*    0.12E+01   0.89E+01   EDIIS        0.
   3    -3.745188771   -11.831080487     4.276535658  -0.81E-02*   0.56E-01*   0.81E-02*    0.26E+00   0.88E+01   EDIIS        0.
   4    -3.746622047   -11.830506344     4.274528240  -0.14E-02*   0.25E-01*   0.59E-02*    0.11E+00   0.88E+01   c2DIIS       0.
   5    -3.747188097   -11.824594489     4.268050335  -0.57E-03*   0.67E-02*   0.14E-02*    0.19E-01   0.88E+01   QNRc2DIIS    0.
   6    -3.747232293   -11.826193401     4.269605051  -0.44E-04*   0.81E-02*   0.66E-03*    0.27E-02   0.88E+01   QNRc2DIIS    0.
   7    -3.747251253   -11.825550235     4.268942925  -0.19E-04*   0.15E-03*   0.51E-04     0.12E-02   0.88E+01   QNRc2DIIS    0.
   8    -3.747251288   -11.825485707     4.268878361  -0.36E-07*   0.36E-04*   0.11E-04     0.21E-03   0.88E+01   QNRc2DIIS    0.
   9    -3.747251290   -11.825459377     4.268852029  -0.15E-08*   0.57E-05    0.19E-05     0.48E-04   0.88E+01   QNRc2DIIS    0.
  10    -3.747251290   -11.825459805     4.268852457  -0.31E-10    0.26E-05    0.63E-06     0.16E-04   0.88E+01   QNRc2DIIS    0.
 
       Convergence after 10 Macro Iterations
--
 
 *****************************************************************************************************************************
 *                                                                                                                           *
 *                                             SCF/KS-DFT Program, Final results                                             *
 *                                                                                                                           *
 *                                                                                                                           *
 *                                                                                                                           *
 *                                                       Final Results                                                       *
 *                                                                                                                           *
 *****************************************************************************************************************************
 
::    Total SCF energy                                 -3.7472512900
      One-electron energy                             -11.8254598047
      Two-electron energy                               4.2688524574
      Nuclear repulsion energy                          3.8093560573
      Kinetic energy (interpolated)                     2.7707627466
      Virial theorem                                    1.3524258959
      Total spin, S(S+1)                                0.0000000000
      Total spin, S                                     0.0000000000
      Max non-diagonal density matrix element           0.0000037595
      Max non-diagonal Fock matrix element              0.0000001705
 
 
      All orbitals with orbital energies smaller than  E(LUMO)+0.5 are printed
 
++    Molecular orbitals:
      -------------------
 
      Title: SCF orbitals

      Molecular orbitals for symmetry species 1: a  
 
          Orbital            1         2         3         4         5         6         7         8         9        10    
          Energy           -0.4614   -0.4365   -0.3969   -0.3491   -0.1245   -0.0581    0.0128    0.0737    0.3089    0.3327
          Occ. No.          2.0000    2.0000    2.0000    2.0000    0.0000    0.0000    0.0000    0.0000    0.0000    0.0000
 
        1 H1     1s         0.1480   -0.2812    0.3699   -0.3288    0.4247   -0.5613    0.4979   -0.2919   -0.1251    0.1699
        2 H1     2s         0.0153   -0.0328    0.0531   -0.0594    0.1460   -0.2251    0.2279   -0.1469    0.2493   -0.4361
        3 H1     2px       -0.0000    0.0000   -0.0000   -0.0000    0.0000   -0.0000    0.0000   -0.0000   -0.0000    0.0000
        4 H1     2py        0.0000   -0.0000    0.0000   -0.0000    0.0000   -0.0000   -0.0000    0.0000   -0.0000   -0.0000
        5 H1     2pz        0.0089   -0.0145    0.0149   -0.0097   -0.0026    0.0135   -0.0257    0.0251   -0.0328    0.0470
        6 H2     1s         0.2210   -0.3709    0.3879   -0.2464   -0.1946    0.5246   -0.7102    0.5234   -0.1563    0.1663
        7 H2     2s         0.0194   -0.0533    0.0896   -0.0821   -0.0592    0.2084   -0.3035    0.2224    0.1967   -0.2538
        8 H2     2px       -0.0000    0.0000    0.0000   -0.0000    0.0000   -0.0000   -0.0000    0.0000   -0.0000    0.0000
        9 H2     2py       -0.0000    0.0000   -0.0000    0.0000    0.0000    0.0000    0.0000    0.0000   -0.0000    0.0000
       10 H2     2pz        0.0009    0.0041   -0.0139    0.0174   -0.0230    0.0205    0.0009   -0.0171    0.0065   -0.0274
       11 H3     1s         0.3299   -0.2878   -0.1213    0.4164   -0.4901    0.0961    0.5957   -0.7056   -0.1908    0.1559
       12 H3     2s         0.0377   -0.0283   -0.0433    0.1082   -0.1727    0.0313    0.2514   -0.2962    0.2455   -0.2087
       13 H3     2px       -0.0000   -0.0000    0.0000   -0.0000   -0.0000    0.0000    0.0000   -0.0000   -0.0000   -0.0000
       14 H3     2py        0.0000    0.0000   -0.0000    0.0000    0.0000   -0.0000   -0.0000   -0.0000   -0.0000    0.0000
       15 H3     2pz        0.0071    0.0017   -0.0148    0.0130    0.0161   -0.0285    0.0119    0.0173   -0.0108   -0.0104
       16 H4     1s         0.3582   -0.1787   -0.2867    0.3711    0.3956   -0.4933   -0.2629    0.7951   -0.1927    0.0237
       17 H4     2s         0.0361   -0.0391   -0.0425    0.1028    0.1352   -0.2008   -0.1090    0.3325    0.2588   -0.0784
       18 H4     2px       -0.0000    0.0000   -0.0000   -0.0000   -0.0000   -0.0000   -0.0000    0.0000    0.0000   -0.0000
       19 H4     2py       -0.0000   -0.0000    0.0000   -0.0000   -0.0000    0.0000    0.0000    0.0000   -0.0000    0.0000
       20 H4     2pz       -0.0033    0.0120   -0.0028   -0.0169    0.0227    0.0086   -0.0316    0.0008    0.0036   -0.0261
       21 H5     1s         0.3582    0.1787   -0.2867   -0.3711    0.3956    0.4933   -0.2629   -0.7951   -0.1927   -0.0237
       22 H5     2s         0.0361    0.0391   -0.0425   -0.1028    0.1352    0.2008   -0.1090   -0.3325    0.2588    0.0784
       23 H5     2px        0.0000    0.0000    0.0000    0.0000    0.0000    0.0000   -0.0000   -0.0000   -0.0000   -0.0000
       24 H5     2py        0.0000    0.0000    0.0000    0.0000    0.0000   -0.0000   -0.0000    0.0000   -0.0000   -0.0000
       25 H5     2pz        0.0033    0.0120    0.0028   -0.0169   -0.0227    0.0086    0.0316    0.0008   -0.0036   -0.0261
       26 H6     1s         0.3299    0.2878   -0.1213   -0.4164   -0.4901   -0.0961    0.5957    0.7056   -0.1908   -0.1559
       27 H6     2s         0.0377    0.0283   -0.0433   -0.1082   -0.1727   -0.0313    0.2514    0.2962    0.2455    0.2087
       28 H6     2px       -0.0000   -0.0000    0.0000   -0.0000   -0.0000   -0.0000   -0.0000   -0.0000    0.0000    0.0000
       29 H6     2py        0.0000    0.0000    0.0000   -0.0000   -0.0000    0.0000    0.0000    0.0000    0.0000   -0.0000
       30 H6     2pz       -0.0071    0.0017    0.0148    0.0130   -0.0161   -0.0285   -0.0119    0.0173    0.0108   -0.0104
       31 H7     1s         0.2210    0.3709    0.3879    0.2464   -0.1946   -0.5246   -0.7102   -0.5234   -0.1563   -0.1663
       32 H7     2s         0.0194    0.0533    0.0896    0.0821   -0.0592   -0.2084   -0.3035   -0.2224    0.1967    0.2538
       33 H7     2px       -0.0000    0.0000   -0.0000    0.0000    0.0000    0.0000   -0.0000    0.0000    0.0000   -0.0000
       34 H7     2py        0.0000   -0.0000   -0.0000   -0.0000    0.0000    0.0000   -0.0000    0.0000   -0.0000   -0.0000
       35 H7     2pz       -0.0009    0.0041    0.0139    0.0174    0.0230    0.0205   -0.0009   -0.0171   -0.0065   -0.0274
       36 H8     1s         0.1480    0.2812    0.3699    0.3288    0.4247    0.5613    0.4979    0.2919   -0.1251   -0.1699
       37 H8     2s         0.0153    0.0328    0.0531    0.0594    0.1460    0.2251    0.2279    0.1469    0.2493    0.4361
       38 H8     2px        0.0000    0.0000   -0.0000   -0.0000   -0.0000    0.0000   -0.0000   -0.0000    0.0000   -0.0000
       39 H8     2py        0.0000   -0.0000   -0.0000   -0.0000   -0.0000    0.0000    0.0000    0.0000   -0.0000    0.0000
       40 H8     2pz       -0.0089   -0.0145   -0.0149   -0.0097    0.0026    0.0135    0.0257    0.0251    0.0328    0.0470
--
 
 
++    Molecular charges:
      ------------------
 
      Mulliken charges per centre and basis function type
      ---------------------------------------------------
 
                H1      H2      H3      H4      H5      H6      H7      H8    
      1s       0.8859  0.9801  0.9437  0.9502  0.9502  0.9437  0.9801  0.8859
      2s       0.0500  0.0591  0.0402  0.0440  0.0440  0.0402  0.0591  0.0500
      2px      0.0000  0.0000  0.0000  0.0000  0.0000  0.0000  0.0000  0.0000
      2pz      0.0098  0.0127  0.0121  0.0122  0.0122  0.0121  0.0127  0.0098
      2py      0.0000  0.0000  0.0000  0.0000  0.0000  0.0000  0.0000  0.0000
      Total    0.9456  1.0520  0.9960  1.0064  1.0064  0.9960  1.0520  0.9456
 
      N-E      0.0544 -0.0520  0.0040 -0.0064 -0.0064  0.0040 -0.0520  0.0544
 
      Total electronic charge=    8.000000
 
      Total            charge=   -0.000000
--
 
 
  Input file to MOLDEN was generated!
 
 
++    Static properties:
      ------------------
 
 
      LoProp Charges per center
 

                   H1       H2       H3       H4       H5       H6       H7       H8    
      Nuclear      1.0000   1.0000   1.0000   1.0000   1.0000   1.0000   1.0000   1.0000
      Electronic  -0.9739  -1.0211  -0.9986  -1.0063  -1.0063  -0.9986  -1.0211  -0.9739
 
      Total        0.0261  -0.0211   0.0014  -0.0063  -0.0063   0.0014  -0.0211   0.0261
--
 
 
++    Natural Bond Order analysis
      ---------------------------
      Based on LoProp computed density
      -------------------------------------------------------------------------------------
      Atom A       Atom B       Bond Order
      -------------------------------------------------------------------------------------
      NBO located      0.949 non-bonded electrons on atom H1        
      NBO located      1.010 non-bonded electrons on atom H3        
      NBO located      1.018 non-bonded electrons on atom H4        
      NBO located      1.018 non-bonded electrons on atom H5        
      NBO located      1.010 non-bonded electrons on atom H6        
      NBO located      0.949 non-bonded electrons on atom H8        
      The remaining    2.047 electrons are to be considered as diffuse
--
 
 
++    Molecular properties:
      ---------------------
 
      Charge (e):
                      =   -0.0000
      Dipole Moment (Debye):
      Origin of the operator (Ang)=    0.0000    0.0000    0.0000
                   X=  5.2969E-14               Y= -7.4523E-14               Z=  3.7379E-07           Total=  3.7379E-07
      Quadrupole Moment (Debye*Ang):
      Origin of the operator (Ang)=    0.0000    0.0000    6.6818
                  XX= -1.6041E+01              XY=  2.2762E-28              XZ= -2.5548E-13              YY= -1.6041E+01
                  YZ=  5.3828E-13              ZZ= -2.8954E-01
      In traceless form (Debye*Ang)
                  XX= -7.8760E+00              XY=  3.4143E-28              XZ= -3.8322E-13              YY= -7.8760E+00
                  YZ=  8.0742E-13              ZZ=  1.5752E+01
--
 
 
  Input file to MOLDEN was generated!
 
 ###############################################################################
 ###############################################################################
 ###                                                                         ###
 ###                                                                         ###
 ###    RunFile label nBas                                                   ###
 ###    was used       78 times                                              ###
 ###                                                                         ###
 ###                                                                         ###
 ###############################################################################
 ###############################################################################
forrtl: warning (528): IEEE_UNDERFLOW is signaling
--- Stop Module: scf at Sun Oct 26 13:27:04 2025 /rc=_RC_ALL_IS_WELL_ ---
*** files: H8_1.91.LprOrb H8_1.91.LoProp.molden H8_1.91.scf.molden H8_1.91.ScfOrb H8_1.91.scf.h5 xmldump
    saved to directory ${LOCALHOME}/DDCASPT2/hydrogen_comps/rerun/H8_chain/H8_1.91

>>> COPY /tmp/H8_1.91/H8_1.91.scf.h5 ${LOCALHOME}/DDCASPT2/hydrogen_comps/rerun/H8_chain/H8_1.91/

*** symbolic link created: INPORB -> H8_1.91.ScfOrb
--- Start Module: rasscf at Sun Oct 26 13:27:04 2025 ---
 
()()()()()()()()()()()()()()()()()()()()()()()()()()()()()()()()()()()()()()()()()()()()()()()()()()

                                              &RASSCF

                                   only a single process is used
                       available to each process: 2.0 GB of memory, 1 thread?
()()()()()()()()()()()()()()()()()()()()()()()()()()()()()()()()()()()()()()()()()()()()()()()()()()
 
 
      Header of the ONEINT file:
      --------------------------
      
      Integrals generated by seward 4.2.0  , Sun Oct 26 13:27:03 2025
 
 
      OrdInt status: non-squared
 
 
      Cartesian coordinates in Angstrom:
      -----------------------------------------------------
      No.  Label        X            Y            Z        
      -----------------------------------------------------
       1   H1         0.00000000   0.00000000   0.00000000
       2   H2         0.00000000   0.00000000   1.90909100
       3   H3         0.00000000   0.00000000   3.81818200
       4   H4         0.00000000   0.00000000   5.72727300
       5   H5         0.00000000   0.00000000   7.63636400
       6   H6         0.00000000   0.00000000   9.54545500
       7   H7         0.00000000   0.00000000  11.45454500
       8   H8         0.00000000   0.00000000  13.36363600
      -----------------------------------------------------
      Nuclear repulsion energy =    3.80935606
 
++    Wave function specifications:
      -----------------------------
 
      Number of closed shell electrons           0
      Number of electrons in active shells       8
      Max number of holes in RAS1 space          0
      Max nr of electrons in RAS3 space          0
      Number of inactive orbitals                0
      Number of active orbitals                  8
      Number of secondary orbitals              32
      Spin quantum number                      0.0
      State symmetry                             1
--
 
++    Orbital specifications:
      -----------------------
 
      Symmetry species                           1
                                                 a
      Frozen orbitals                            0
      Inactive orbitals                          0
      Active orbitals                            8
      RAS1 orbitals                              0
      RAS2 orbitals                              8
      RAS3 orbitals                              0
      Secondary orbitals                        32
      Deleted orbitals                           0
      Number of basis functions                 40
--
 
++    CI expansion specifications:
      ----------------------------
 
      Number of CSFs                          1764
      Number of determinants                  2485
      Number of root(s) required                 1
      Root chosen for geometry opt.              1
      CI root used                               1
         
      highest root included in the CI            1
      max. size of the explicit Hamiltonian    200
--
 
++    Optimization specifications:
      ----------------------------
 
      RASSCF algorithm: Conventional
      Maximum number of macro iterations       200
      Maximum number of SX iterations          100
      Threshold for RASSCF energy            0.100E-07
      Threshold for max MO rotation          0.100E+00
      Threshold for max BLB element          0.100E-03
      Level shift parameter                  0.500E+00
      Make Quasi-Newton update
--
 
      The MO-coefficients are taken from the file:
      ${LOCALHOME}/DDCASPT2/hydrogen_comps/rerun/H8_chain/H8_0.60/H8_0.60.RasOrb                                                  
      Title: RASSCF average (pseudo-natural) orbitals                                      
 
      Total molecular charge    0.00
 
      ************************************************************************************************************************
      *                                                                                                                      *
      *                                            Wave function control section                                             *
      *                                                                                                                      *
      ************************************************************************************************************************
 
 
                                         RASSCF iterations: Energy and convergence statistics
                                         ----------------------------------------------------
 
      Iter CI   SX   CI       RASSCF       Energy    max ROT     max BLB   max BLB  Level Ln srch  Step   QN   Walltime
          iter iter root      energy       change     param      element    value   shift minimum  type update hh:mm:ss
 Nr of preliminary CI iterations:   6
        1   1  100    1    -2.80401266    0.00E+00   0.21E+00*   1   9 1 -0.36E+00*  0.40   0.00    SX    NO    0:00:00
        2   7  100    1    -3.46249432   -0.66E+00* -0.21E+00*   1   9 1 -0.24E+00*  0.23   0.00    SX    NO    0:00:00
 ###############################################################################
 ###############################################################################
 ###                                                                         ###
 ###                                                                         ###
 ###    Large orbital rotation.                                              ###
 ###                                                                         ###
 ###                                                                         ###
 ###############################################################################
 ###############################################################################
      Molecular orbital   8 of symmetry 1 MO space 2  weight is    0.384223
        3   5  100    1    -3.79983937   -0.34E+00*  0.62E+00*   2  10 1  0.16E+00*  0.18   0.00    SX    NO    0:00:00
 ###############################################################################
 ###############################################################################
 ###                                                                         ###
 ###                                                                         ###
 ###    Large orbital rotation.                                              ###
 ###                                                                         ###
 ###                                                                         ###
 ###############################################################################
 ###############################################################################
      Molecular orbital   8 of symmetry 1 MO space 2  weight is    0.481730
        4   5  100    1    -3.90456737   -0.10E+00*  0.58E+00*   1   9 1 -0.56E-01*  0.04   0.00    SX    NO    0:00:00
        5   6  100    1    -3.99605163   -0.91E-01*  0.31E+00*   3  12 1 -0.38E-01*  0.00   0.00    SX    NO    0:00:00
        6   9   25    1    -4.06909305   -0.73E-01*  0.69E-01    2  36 1  0.19E-01*  0.00   1.12    QN   YES    0:00:00
        7   5   40    1    -4.07326761   -0.42E-02* -0.27E-01    7  18 1 -0.20E-01*  0.00   0.66    QN   YES    0:00:00
        8   8   15    1    -4.07598842   -0.27E-02* -0.12E-01    5  18 1  0.83E-02*  0.00   1.17    QN   YES    0:00:00
        9   3   15    1    -4.07656929   -0.58E-03* -0.11E-01    3  18 1 -0.41E-02*  0.00   1.97    LS   YES    0:00:00
       10   7   14    1    -4.07677449   -0.21E-03*  0.36E-02    2  10 1 -0.45E-02*  0.00   1.08    QN   YES    0:00:00
       11   5   13    1    -4.07694481   -0.17E-03*  0.19E-02    2  10 1 -0.18E-02*  0.00   1.54    LS   YES    0:00:00
       12   8   12    1    -4.07697003   -0.25E-04*  0.90E-03    7  12 1 -0.39E-03*  0.00   1.02    QN   YES    0:00:00
       13   4   10    1    -4.07697223   -0.22E-05* -0.19E-03    3   9 1  0.89E-04   0.00   1.04    QN   YES    0:00:00
       14   7    8    1    -4.07697235   -0.12E-06* -0.62E-04    4  10 1 -0.27E-04   0.00   0.97    QN   YES    0:00:00
       15   1    6    1    -4.07697236   -0.75E-08  -0.80E-05    2  29 1 -0.44E-05   0.00   0.97    QN   YES    0:00:00
      Convergence after 15 iterations
 
  Dmat in MO in SXCTL bf call to SXHAM                                                                                    
  mat. size =     8x    8
 
        1.6881953899453344
       -0.0020967065276989      1.5602250687096102
       -0.0135171955542531     -0.0021845513144867      1.5148827661048765
       -0.0002914125265717     -0.0482580595065961      0.0008675086902288      1.4103408098248862
       -0.1113142414738399      0.0032078073572395      0.0203215062127120     -0.0056825372794059      0.3526990218058247
       -0.0002943105249849      0.2556553348614091      0.0009680879073482     -0.0119095695982936     -0.0063614523383816
        0.3962264405723266
        0.0400421494782206     -0.0027503429443194     -0.1994702862429370      0.0026592974309633      0.0084564892262694
        0.0030592344654721      0.6589108352381184
        0.0162041933021669      0.1909770867147410      0.0110239085779004     -0.0296737862287824      0.0043494197239286
       -0.0396497892242574      0.0076813251241221      0.4185196677990198
       16   1    6    1    -4.07697236   -0.28E-09  -0.80E-05    4  10 1  0.95E-06   0.00   0.97    QN   YES    0:00:00
 
      ************************************************************************************************************************
                                                      Wave function printout:
                       occupation of active orbitals, and spin coupling of open shells (u,d: Spin up or down)
      ************************************************************************************************************************
 
      Note: transformation to natural orbitals
      has been made, which may change the order of the CSFs.
 
      printout of CI-coefficients larger than  0.05 for root  1
      energy=      -4.076972
      conf/sym  11111111     Coeff  Weight
             1  22220000  -0.60220 0.36264
            23  22200020   0.26261 0.06896
            27  22200002   0.06556 0.00430
            29  22udud00   0.05089 0.00259
            34  22udu00d   0.05630 0.00317
            36  22ud00ud  -0.25162 0.06331
            41  2u2du0d0  -0.19193 0.03684
            45  2u2d0u0d   0.07265 0.00528
            47  2u2d0002   0.07457 0.00556
            52  u22d0ud0  -0.19790 0.03916
            54  u22du00d   0.09597 0.00921
            58  22022000   0.05511 0.00304
            61  2202u0d0  -0.07400 0.00548
            63  22020020   0.07192 0.00517
            67  22020002   0.14222 0.02023
            72  2ud20ud0  -0.09675 0.00936
            74  2ud2u00d   0.17571 0.03088
            76  2ud200ud  -0.06299 0.00397
            81  u2d2u0d0  -0.07968 0.00635
            85  u2d20u0d   0.13226 0.01749
            88  20222000   0.09829 0.00966
            97  20220002   0.06142 0.00377
            99  ud22ud00   0.12094 0.01463
           102  ud220ud0   0.05027 0.00253
           106  ud2200ud  -0.06178 0.00382
           110  02220200   0.08839 0.00781
           123  22uu00dd   0.07492 0.00561
           125  2u2ud0d0  -0.07031 0.00494
           132  u22u0dd0  -0.07664 0.00587
           573  22000022  -0.11047 0.01220
           586  2ud0u02d   0.10982 0.01206
           607  u2d00u2d   0.08892 0.00791
           617  20202020  -0.07115 0.00506
           638  ud20ud20  -0.06698 0.00449
           659  02200220  -0.06058 0.00367
           691  2u0du0d2  -0.08494 0.00721
           712  u20d0ud2  -0.06880 0.00473
           722  20ud20ud   0.06172 0.00381
           743  udududud   0.08829 0.00780
           785  uudduudd   0.08905 0.00793
           848  20022002  -0.05177 0.00268
 
      Natural orbitals and occupation numbers for root  1
      sym 1:   1.702483   1.652009   1.555639   1.399016   0.341918   0.285574   0.614909   0.448453
 
      ************************************************************************************************************************
      *                                                                                                                      *
      *                                                    Final results                                                     *
      *                                                                                                                      *
      ************************************************************************************************************************
 
 
++    Wave function specifications:
      -----------------------------
 
      Number of closed shell electrons           0
      Number of electrons in active shells       8
      Max number of holes in RAS1 space          0
      Max nr of electrons in RAS3 space          0
      Number of inactive orbitals                0
      Number of active orbitals                  8
      Number of secondary orbitals              32
      Spin quantum number                      0.0
      State symmetry                             1
--
 
++    Orbital specifications:
      -----------------------
 
      Symmetry species                           1
                                                 a
      Frozen orbitals                            0
      Inactive orbitals                          0
      Active orbitals                            8
      RAS1 orbitals                              0
      RAS2 orbitals                              8
      RAS3 orbitals                              0
      Secondary orbitals                        32
      Deleted orbitals                           0
      Number of basis functions                 40
--
 
++    CI expansion specifications:
      ----------------------------
 
      Number of CSFs                          1764
      Number of determinants                  2485
      Number of root(s) required                 1
      CI root used                               1
      highest root included in the CI            1
      Root passed to geometry opt.               1
--
 
++    Final optimization conditions:
      ------------------------------
 
      Average CI energy                              -4.07697236
      RASSCF energy for state  1                     -4.07697236
      Super-CI energy                                -0.00000000
      RASSCF energy change                            0.00000000
      Max change in MO coefficients               0.109E-04
      Max non-diagonal density matrix element    -0.802E-05
      Maximum BLB matrix element                  0.952E-06
      (orbital pair   4,  10 in symmetry   1)
      Norm of electronic gradient            0.338E-05
--
 
 
      Final state energy(ies):
      ------------------------
 
::    RASSCF root number  1 Total energy:     -4.07697236
 
++    Molecular orbitals:
      -------------------
 
      Pseudonatural active orbitals and approximate occupation numbers
 
 
 
 
      Molecular orbitals for symmetry species 1: a  
 
 
      Orbital                1         2         3         4         5         6         7         8         9        10
      Energy            0.0000    0.0000    0.0000    0.0000    0.0000    0.0000    0.0000    0.0000    0.3165    0.3401
      Occ. No.          1.7025    1.6520    1.5556    1.3990    0.3419    0.2856    0.6149    0.4485    0.0000    0.0000
 
    1 H1     1s         0.1665   -0.3103    0.3889   -0.3324    0.4564    0.2645   -0.3952    0.5165   -0.0846   -0.0908
    2 H1     2s         0.0088   -0.0187    0.0284   -0.0291    0.0526    0.0329   -0.0407    0.0552    0.2602    0.4661
    3 H1     2px        0.0000    0.0000    0.0000   -0.0000    0.0000    0.0000   -0.0000    0.0000   -0.0000   -0.0000
    4 H1     2py        0.0000    0.0000    0.0000    0.0000   -0.0000   -0.0000   -0.0000   -0.0000   -0.0000    0.0000
    5 H1     2pz        0.0041   -0.0063    0.0058   -0.0033    0.0046    0.0033   -0.0022    0.0038   -0.0311   -0.0467
    6 H2     1s         0.2412   -0.3885    0.3787   -0.2223   -0.6160   -0.4387    0.1818   -0.4725   -0.1659   -0.2078
    7 H2     2s         0.0106   -0.0297    0.0507   -0.0492   -0.1071   -0.0856    0.0043   -0.0621    0.1852    0.2242
    8 H2     2px        0.0000   -0.0000    0.0000   -0.0000   -0.0000   -0.0000    0.0000   -0.0000   -0.0000    0.0000
    9 H2     2py        0.0000   -0.0000    0.0000   -0.0000   -0.0000   -0.0000    0.0000   -0.0000   -0.0000    0.0000
   10 H2     2pz        0.0024    0.0001   -0.0064    0.0089    0.0012    0.0013    0.0056   -0.0021    0.0034    0.0252
   11 H3     1s         0.3343   -0.2862   -0.1282    0.4336    0.4984    0.5903    0.4909   -0.1174   -0.1619   -0.0951
   12 H3     2s         0.0183   -0.0120   -0.0277    0.0633    0.0977    0.1135    0.0687   -0.0054    0.2520    0.2248
   13 H3     2px       -0.0000   -0.0000   -0.0000    0.0000   -0.0000   -0.0000   -0.0000    0.0000    0.0000    0.0000
   14 H3     2py       -0.0000    0.0000   -0.0000    0.0000   -0.0000   -0.0000   -0.0000    0.0000    0.0000    0.0000
   15 H3     2pz        0.0016    0.0034   -0.0081    0.0052    0.0032    0.0031   -0.0024    0.0029   -0.0077    0.0118
   16 H4     1s         0.3649   -0.1620   -0.3071    0.3750   -0.2265   -0.6565   -0.3963    0.4649   -0.1775   -0.0546
   17 H4     2s         0.0178   -0.0196   -0.0224    0.0604   -0.0331   -0.1292   -0.0474    0.0861    0.2605    0.0647
   18 H4     2px        0.0000    0.0000   -0.0000    0.0000    0.0000   -0.0000    0.0000   -0.0000   -0.0000    0.0000
   19 H4     2py        0.0000    0.0000   -0.0000    0.0000    0.0000   -0.0000    0.0000   -0.0000   -0.0000    0.0000
   20 H4     2pz        0.0007    0.0060   -0.0032   -0.0080   -0.0001    0.0028   -0.0039   -0.0025    0.0003    0.0241
   21 H5     1s         0.3649    0.1619   -0.3071   -0.3750   -0.2264    0.6565   -0.3963   -0.4649   -0.1775    0.0546
   22 H5     2s         0.0178    0.0196   -0.0224   -0.0604   -0.0331    0.1292   -0.0474   -0.0861    0.2605   -0.0647
   23 H5     2px       -0.0000    0.0000    0.0000    0.0000    0.0000   -0.0000   -0.0000   -0.0000   -0.0000    0.0000
   24 H5     2py       -0.0000    0.0000    0.0000    0.0000    0.0000   -0.0000   -0.0000   -0.0000   -0.0000    0.0000
   25 H5     2pz       -0.0007    0.0060    0.0032   -0.0080    0.0001    0.0028    0.0039   -0.0025   -0.0003    0.0241
   26 H6     1s         0.3343    0.2862   -0.1282   -0.4336    0.4984   -0.5903    0.4909    0.1174   -0.1619    0.0951
   27 H6     2s         0.0183    0.0120   -0.0277   -0.0633    0.0977   -0.1135    0.0687    0.0054    0.2520   -0.2248
   28 H6     2px        0.0000    0.0000   -0.0000    0.0000    0.0000   -0.0000    0.0000    0.0000   -0.0000    0.0000
   29 H6     2py        0.0000    0.0000   -0.0000    0.0000    0.0000   -0.0000    0.0000    0.0000   -0.0000    0.0000
   30 H6     2pz       -0.0016    0.0034    0.0081    0.0052   -0.0032    0.0031    0.0024    0.0029    0.0077    0.0118
   31 H7     1s         0.2413    0.3884    0.3787    0.2223   -0.6160    0.4387    0.1819    0.4725   -0.1659    0.2078
   32 H7     2s         0.0106    0.0297    0.0507    0.0492   -0.1071    0.0856    0.0043    0.0621    0.1852   -0.2242
   33 H7     2px       -0.0000   -0.0000   -0.0000   -0.0000    0.0000   -0.0000   -0.0000   -0.0000   -0.0000    0.0000
   34 H7     2py       -0.0000   -0.0000   -0.0000   -0.0000    0.0000   -0.0000   -0.0000   -0.0000   -0.0000    0.0000
   35 H7     2pz       -0.0024    0.0001    0.0064    0.0089   -0.0012    0.0013   -0.0056   -0.0021   -0.0034    0.0252
   36 H8     1s         0.1666    0.3102    0.3889    0.3324    0.4564   -0.2645   -0.3952   -0.5165   -0.0846    0.0908
   37 H8     2s         0.0088    0.0187    0.0284    0.0291    0.0526   -0.0329   -0.0407   -0.0552    0.2602   -0.4661
   38 H8     2px        0.0000   -0.0000    0.0000    0.0000    0.0000   -0.0000   -0.0000   -0.0000   -0.0000    0.0000
   39 H8     2py        0.0000   -0.0000    0.0000    0.0000    0.0000   -0.0000   -0.0000   -0.0000   -0.0000    0.0000
   40 H8     2pz       -0.0041   -0.0063   -0.0058   -0.0033   -0.0046    0.0033    0.0022    0.0038    0.0311   -0.0467
 
 
      Orbital               11        12        13        14        15        16        17        18        19        20
      Energy            0.3867    0.4676    0.5883    0.7323    0.7366    0.7366    0.7367    0.7721    0.7721    0.7837
      Occ. No.          0.0000    0.0000    0.0000    0.0000    0.0000    0.0000    0.0000    0.0000    0.0000    0.0000
 
    1 H1     1s        -0.0031    0.1606    0.3060   -0.0217   -0.0000    0.0000    0.3463   -0.0000   -0.0000    0.1566
    2 H1     2s        -0.5959    0.6580    0.6375    0.1013   -0.0000    0.0000    0.4902   -0.0000   -0.0000   -0.0034
    3 H1     2px        0.0000   -0.0000   -0.0000   -0.0000   -0.1339   -0.0488   -0.0000   -0.2730   -0.0375   -0.0000
    4 H1     2py       -0.0000    0.0000    0.0000   -0.0000   -0.0488    0.1339   -0.0000    0.0375   -0.2730   -0.0000
    5 H1     2pz        0.0447   -0.0393   -0.0564    0.1610    0.0000   -0.0000   -0.1175    0.0000    0.0000   -0.3227
    6 H2     1s         0.1306   -0.0751   -0.1765   -0.0364    0.0000   -0.0000   -0.3664    0.0000    0.0000   -0.1191
    7 H2     2s        -0.0526   -0.3114   -0.7554   -0.1664    0.0000   -0.0000   -1.0310    0.0000    0.0000   -0.2147
    8 H2     2px       -0.0000    0.0000    0.0000   -0.0000   -0.2511   -0.0915   -0.0000   -0.4164   -0.0572   -0.0000
    9 H2     2py       -0.0000    0.0000    0.0000   -0.0000   -0.0915    0.2511   -0.0000    0.0572   -0.4164   -0.0000
   10 H2     2pz       -0.0565    0.0671    0.0401   -0.2495    0.0000    0.0000    0.0025   -0.0000   -0.0000    0.3574
   11 H3     1s        -0.0812    0.0839   -0.0338    0.0444   -0.0000    0.0000    0.1180   -0.0000   -0.0000    0.1374
   12 H3     2s         0.1139   -0.4746   -0.3765    0.1581   -0.0000    0.0000    0.3931   -0.0000   -0.0000    0.3706
   13 H3     2px       -0.0000    0.0000   -0.0000   -0.0000   -0.3411   -0.1242   -0.0000   -0.3677   -0.0505   -0.0000
   14 H3     2py       -0.0000    0.0000   -0.0000   -0.0000   -0.1242    0.3411   -0.0000    0.0505   -0.3677   -0.0000
   15 H3     2pz       -0.0283   -0.0018   -0.0330    0.3293   -0.0000    0.0000    0.0717    0.0000    0.0000   -0.2795
   16 H4     1s        -0.1183    0.0452    0.0650   -0.0208   -0.0000    0.0000    0.2147    0.0000    0.0000   -0.1364
   17 H4     2s         0.3506   -0.2529    0.5341   -0.0637   -0.0000    0.0000    0.7730    0.0000    0.0000   -0.3938
   18 H4     2px       -0.0000    0.0000   -0.0000   -0.0000   -0.3886   -0.1415   -0.0000   -0.1462   -0.0201   -0.0000
   19 H4     2py       -0.0000    0.0000   -0.0000   -0.0000   -0.1415    0.3886   -0.0000    0.0201   -0.1462   -0.0000
   20 H4     2pz       -0.0143   -0.0381   -0.0174   -0.3750    0.0000   -0.0000   -0.0434   -0.0000   -0.0000    0.1042
   21 H5     1s        -0.1183   -0.0452    0.0650   -0.0208    0.0000   -0.0000   -0.2147    0.0000    0.0000    0.1364
   22 H5     2s         0.3506    0.2529    0.5341   -0.0637    0.0000   -0.0000   -0.7730    0.0000    0.0000    0.3938
   23 H5     2px        0.0000    0.0000   -0.0000   -0.0000   -0.3886   -0.1415   -0.0000    0.1462    0.0201   -0.0000
   24 H5     2py        0.0000    0.0000   -0.0000   -0.0000   -0.1415    0.3886   -0.0000   -0.0201    0.1462   -0.0000
   25 H5     2pz        0.0143   -0.0381    0.0174    0.3750    0.0000   -0.0000   -0.0434    0.0000    0.0000    0.1042
   26 H6     1s        -0.0812   -0.0839   -0.0338    0.0444    0.0000   -0.0000   -0.1180   -0.0000   -0.0000   -0.1374
   27 H6     2s         0.1139    0.4746   -0.3765    0.1581    0.0000   -0.0000   -0.3931   -0.0000   -0.0000   -0.3706
   28 H6     2px        0.0000    0.0000   -0.0000   -0.0000   -0.3411   -0.1242   -0.0000    0.3677    0.0505   -0.0000
   29 H6     2py        0.0000    0.0000   -0.0000   -0.0000   -0.1242    0.3411   -0.0000   -0.0505    0.3677   -0.0000
   30 H6     2pz        0.0283   -0.0018    0.0330   -0.3293   -0.0000    0.0000    0.0717   -0.0000   -0.0000   -0.2795
   31 H7     1s         0.1306    0.0751   -0.1765   -0.0364   -0.0000    0.0000    0.3664    0.0000    0.0000    0.1191
   32 H7     2s        -0.0526    0.3114   -0.7554   -0.1664   -0.0000    0.0000    1.0310    0.0000    0.0000    0.2147
   33 H7     2px        0.0000    0.0000   -0.0000   -0.0000   -0.2511   -0.0915   -0.0000    0.4164    0.0572   -0.0000
   34 H7     2py        0.0000    0.0000   -0.0000   -0.0000   -0.0915    0.2511   -0.0000   -0.0572    0.4164   -0.0000
   35 H7     2pz        0.0565    0.0671   -0.0401    0.2495   -0.0000   -0.0000    0.0025    0.0000    0.0000    0.3574
   36 H8     1s        -0.0031   -0.1606    0.3060   -0.0217    0.0000   -0.0000   -0.3463   -0.0000   -0.0000   -0.1566
   37 H8     2s        -0.5959   -0.6580    0.6375    0.1013    0.0000   -0.0000   -0.4902   -0.0000   -0.0000    0.0034
   38 H8     2px        0.0000    0.0000   -0.0000   -0.0000   -0.1339   -0.0488   -0.0000    0.2730    0.0375   -0.0000
   39 H8     2py        0.0000    0.0000   -0.0000   -0.0000   -0.0488    0.1339   -0.0000   -0.0375    0.2730   -0.0000
   40 H8     2pz       -0.0447   -0.0393    0.0564   -0.1610    0.0000   -0.0000   -0.1175   -0.0000   -0.0000   -0.3227
 
 
      Orbital               21        22        23        24        25        26        27        28        29        30
      Energy            0.8126    0.8294    0.8294    0.9057    0.9057    0.9979    0.9979    1.0938    1.0938    1.1809
      Occ. No.          0.0000    0.0000    0.0000    0.0000    0.0000    0.0000    0.0000    0.0000    0.0000    0.0000
 
    1 H1     1s        -0.2542   -0.0000   -0.0000    0.0000    0.0000    0.0000    0.0000   -0.0000   -0.0000   -0.0000
    2 H1     2s        -0.1633   -0.0000   -0.0000   -0.0000   -0.0000   -0.0000   -0.0000    0.0000    0.0000    0.0000
    3 H1     2px       -0.0000    0.3788    0.0719   -0.4455   -0.0918    0.4718    0.0587   -0.4378   -0.0300    0.3313
    4 H1     2py       -0.0000   -0.0719    0.3788    0.0918   -0.4455   -0.0587    0.4718    0.0300   -0.4378   -0.0704
    5 H1     2pz        0.3143    0.0000    0.0000    0.0000    0.0000   -0.0000   -0.0000    0.0000    0.0000   -0.0000
    6 H2     1s         0.2955    0.0000    0.0000   -0.0000   -0.0000    0.0000    0.0000    0.0000    0.0000    0.0000
    7 H2     2s         0.6728    0.0000    0.0000    0.0000    0.0000   -0.0000    0.0000    0.0000    0.0000    0.0000
    8 H2     2px       -0.0000    0.3769    0.0716   -0.1551   -0.0320   -0.1669   -0.0208    0.4409    0.0302   -0.5107
    9 H2     2py       -0.0000   -0.0716    0.3769    0.0320   -0.1551    0.0208   -0.1669   -0.0302    0.4409    0.1086
   10 H2     2pz       -0.2313   -0.0000   -0.0000   -0.0000   -0.0000    0.0000    0.0000    0.0000    0.0000    0.0000
   11 H3     1s        -0.3125   -0.0000   -0.0000    0.0000    0.0000   -0.0000   -0.0000    0.0000    0.0000   -0.0000
   12 H3     2s        -0.8576   -0.0000   -0.0000   -0.0000   -0.0000    0.0000    0.0000   -0.0000   -0.0000   -0.0000
   13 H3     2px        0.0000   -0.0005   -0.0001    0.3924    0.0809   -0.4176   -0.0520    0.0011    0.0001    0.4484
   14 H3     2py        0.0000    0.0001   -0.0005   -0.0809    0.3924    0.0520   -0.4176   -0.0001    0.0011   -0.0953
   15 H3     2pz        0.0184   -0.0000   -0.0000   -0.0000   -0.0000    0.0000    0.0000   -0.0000   -0.0000    0.0000
   16 H4     1s         0.1413    0.0000    0.0000   -0.0000   -0.0000   -0.0000   -0.0000   -0.0000    0.0000    0.0000
   17 H4     2s         0.3877    0.0000    0.0000    0.0000    0.0000   -0.0000   -0.0000   -0.0000   -0.0000    0.0000
   18 H4     2px        0.0000   -0.3747   -0.0711    0.2918    0.0601    0.3112    0.0388   -0.4397   -0.0301   -0.1776
   19 H4     2py        0.0000    0.0711   -0.3747   -0.0601    0.2918   -0.0388    0.3112    0.0301   -0.4397    0.0378
   20 H4     2pz        0.1717    0.0000    0.0000    0.0000    0.0000   -0.0000   -0.0000   -0.0000   -0.0000   -0.0000
   21 H5     1s         0.1413   -0.0000   -0.0000   -0.0000   -0.0000    0.0000    0.0000    0.0000    0.0000   -0.0000
   22 H5     2s         0.3877    0.0000    0.0000    0.0000    0.0000    0.0000    0.0000    0.0000    0.0000   -0.0000
   23 H5     2px        0.0000   -0.3747   -0.0711   -0.2918   -0.0601    0.3112    0.0388    0.4397    0.0301   -0.1776
   24 H5     2py        0.0000    0.0711   -0.3747    0.0601   -0.2918   -0.0388    0.3112   -0.0301    0.4397    0.0378
   25 H5     2pz       -0.1717   -0.0000   -0.0000   -0.0000   -0.0000    0.0000    0.0000    0.0000    0.0000   -0.0000
   26 H6     1s        -0.3125   -0.0000   -0.0000    0.0000    0.0000   -0.0000   -0.0000   -0.0000   -0.0000    0.0000
   27 H6     2s        -0.8576   -0.0000   -0.0000   -0.0000   -0.0000   -0.0000   -0.0000   -0.0000   -0.0000    0.0000
   28 H6     2px       -0.0000   -0.0005   -0.0001   -0.3924   -0.0809   -0.4176   -0.0520   -0.0011   -0.0001    0.4484
   29 H6     2py       -0.0000    0.0001   -0.0005    0.0809   -0.3924    0.0520   -0.4176    0.0001   -0.0011   -0.0953
   30 H6     2pz       -0.0184   -0.0000   -0.0000    0.0000    0.0000   -0.0000   -0.0000   -0.0000   -0.0000    0.0000
   31 H7     1s         0.2955    0.0000    0.0000   -0.0000   -0.0000    0.0000    0.0000    0.0000    0.0000   -0.0000
   32 H7     2s         0.6728    0.0000    0.0000    0.0000    0.0000   -0.0000   -0.0000    0.0000    0.0000    0.0000
   33 H7     2px       -0.0000    0.3769    0.0716    0.1551    0.0320   -0.1669   -0.0208   -0.4409   -0.0302   -0.5107
   34 H7     2py       -0.0000   -0.0716    0.3769   -0.0320    0.1551    0.0208   -0.1669    0.0302   -0.4409    0.1086
   35 H7     2pz        0.2313    0.0000    0.0000    0.0000    0.0000   -0.0000   -0.0000   -0.0000   -0.0000    0.0000
   36 H8     1s        -0.2542    0.0000   -0.0000    0.0000    0.0000   -0.0000   -0.0000   -0.0000   -0.0000    0.0000
   37 H8     2s        -0.1633   -0.0000   -0.0000   -0.0000   -0.0000    0.0000    0.0000    0.0000    0.0000   -0.0000
   38 H8     2px       -0.0000    0.3788    0.0719    0.4455    0.0918    0.4718    0.0587    0.4378    0.0300    0.3313
   39 H8     2py       -0.0000   -0.0719    0.3788   -0.0918    0.4455   -0.0587    0.4718   -0.0300    0.4378   -0.0704
   40 H8     2pz       -0.3143   -0.0000   -0.0000   -0.0000   -0.0000    0.0000    0.0000    0.0000    0.0000   -0.0000
 
 
      Orbital               31        32        33        34        35        36        37        38        39        40
      Energy            1.1809    1.2425    1.2425    1.2838    1.2907    1.3772    1.4188    1.5983    1.7921    1.9492
      Occ. No.          0.0000    0.0000    0.0000    0.0000    0.0000    0.0000    0.0000    0.0000    0.0000    0.0000
 
    1 H1     1s        -0.0000    0.0000   -0.0000    0.3378   -0.2793   -0.2754   -0.3021   -0.2674   -0.2174    0.1264
    2 H1     2s         0.0000    0.0000   -0.0000    0.4945   -0.4279   -0.3743   -0.3812   -0.2465   -0.1478    0.0704
    3 H1     2px        0.0704   -0.1710    0.0712    0.0000   -0.0000   -0.0000    0.0000    0.0000    0.0000   -0.0000
    4 H1     2py        0.3313   -0.0712   -0.1710    0.0000   -0.0000   -0.0000    0.0000   -0.0000   -0.0000    0.0000
    5 H1     2pz       -0.0000    0.0000   -0.0000    0.2963   -0.4618   -0.2070   -0.5551   -0.5049   -0.3898    0.2149
    6 H2     1s         0.0000   -0.0000    0.0000   -0.8976    0.5776    0.8007    0.4839    0.2045    0.0027    0.0581
    7 H2     2s        -0.0000   -0.0000    0.0000   -1.2781    0.6782    1.1023    0.4696    0.1845    0.0631   -0.0206
    8 H2     2px       -0.1086    0.3231   -0.1346   -0.0000    0.0000    0.0000   -0.0000   -0.0000   -0.0000    0.0000
    9 H2     2py       -0.5107    0.1346    0.3231   -0.0000    0.0000    0.0000   -0.0000   -0.0000   -0.0000    0.0000
   10 H2     2pz        0.0000   -0.0000    0.0000   -0.3037    0.0383    0.2406   -0.2806   -0.6025   -0.6883    0.4597
   11 H3     1s         0.0000    0.0000   -0.0000    1.0633   -0.1008   -1.2595    0.0843    0.2069    0.0652    0.0663
   12 H3     2s        -0.0000    0.0000   -0.0000    1.4843   -0.0726   -1.7593   -0.0114    0.0313   -0.0122    0.0299
   13 H3     2px        0.0953   -0.4349    0.1812    0.0000   -0.0000    0.0000    0.0000    0.0000   -0.0000    0.0000
   14 H3     2py        0.4484   -0.1812   -0.4349    0.0000   -0.0000    0.0000    0.0000    0.0000   -0.0000    0.0000
   15 H3     2pz        0.0000    0.0000   -0.0000   -0.0622    0.5524   -0.0924    0.5158   -0.0287   -0.6137    0.6311
   16 H4     1s         0.0000   -0.0000    0.0000   -0.4816   -0.6410    1.4631   -0.2252    0.1848    0.1889    0.0142
   17 H4     2s         0.0000   -0.0000    0.0000   -0.6631   -0.8016    2.0904   -0.1390    0.1174    0.0602   -0.0057
   18 H4     2px       -0.0378    0.4942   -0.2060   -0.0000   -0.0000    0.0000   -0.0000   -0.0000    0.0000    0.0000
   19 H4     2py       -0.1776    0.2060    0.4942   -0.0000   -0.0000    0.0000   -0.0000   -0.0000   -0.0000    0.0000
   20 H4     2pz       -0.0000    0.0000   -0.0000    0.4541   -0.3642    0.0019    0.3670    0.5498   -0.2529    0.7305
   21 H5     1s        -0.0000   -0.0000   -0.0000   -0.4816    0.6409   -1.4631   -0.2252   -0.1848    0.1889   -0.0142
   22 H5     2s        -0.0000   -0.0000   -0.0000   -0.6632    0.8016   -2.0904   -0.1390   -0.1174    0.0602    0.0057
   23 H5     2px       -0.0378   -0.4942    0.2060    0.0000   -0.0000    0.0000    0.0000   -0.0000    0.0000    0.0000
   24 H5     2py       -0.1776   -0.2060   -0.4942    0.0000   -0.0000    0.0000    0.0000   -0.0000    0.0000    0.0000
   25 H5     2pz       -0.0000   -0.0000    0.0000   -0.4541   -0.3642    0.0019   -0.3670    0.5498    0.2529    0.7305
   26 H6     1s         0.0000    0.0000    0.0000    1.0633    0.1008    1.2595    0.0843   -0.2069    0.0652   -0.0663
   27 H6     2s         0.0000    0.0000   -0.0000    1.4843    0.0727    1.7593   -0.0114   -0.0313   -0.0122   -0.0299
   28 H6     2px        0.0953    0.4349   -0.1812   -0.0000   -0.0000    0.0000   -0.0000    0.0000    0.0000    0.0000
   29 H6     2py        0.4484    0.1812    0.4349   -0.0000   -0.0000    0.0000   -0.0000    0.0000    0.0000    0.0000
   30 H6     2pz        0.0000   -0.0000   -0.0000    0.0622    0.5524   -0.0924   -0.5158   -0.0287    0.6137    0.6311
   31 H7     1s        -0.0000   -0.0000    0.0000   -0.8975   -0.5776   -0.8007    0.4839   -0.2045    0.0027   -0.0581
   32 H7     2s         0.0000   -0.0000    0.0000   -1.2780   -0.6782   -1.1023    0.4696   -0.1845    0.0631    0.0206
   33 H7     2px       -0.1086   -0.3231    0.1346    0.0000   -0.0000   -0.0000    0.0000   -0.0000    0.0000   -0.0000
   34 H7     2py       -0.5107   -0.1346   -0.3231    0.0000    0.0000    0.0000    0.0000   -0.0000    0.0000    0.0000
   35 H7     2pz        0.0000    0.0000   -0.0000    0.3037    0.0383    0.2406    0.2806   -0.6025    0.6883    0.4597
   36 H8     1s         0.0000    0.0000   -0.0000    0.3377    0.2793    0.2754   -0.3021    0.2674   -0.2174   -0.1264
   37 H8     2s        -0.0000    0.0000   -0.0000    0.4945    0.4279    0.3743   -0.3812    0.2465   -0.1478   -0.0704
   38 H8     2px        0.0704    0.1710   -0.0712   -0.0000    0.0000    0.0000   -0.0000   -0.0000    0.0000    0.0000
   39 H8     2py        0.3313    0.0712    0.1710   -0.0000   -0.0000    0.0000   -0.0000   -0.0000    0.0000    0.0000
   40 H8     2pz       -0.0000   -0.0000    0.0000   -0.2963   -0.4618   -0.2070    0.5551   -0.5049    0.3898    0.2149
--
 
      Von Neumann Entropy (Root  1) =  2.91161
 

      Mulliken population analysis for root number:  1
      -----------------------------------------------
 
 
++    Molecular charges:
      ------------------
 
      Mulliken charges per centre and basis function type
      ---------------------------------------------------
 
                H1      H2      H3      H4      H5      H6      H7      H8    
      1s       0.9770  1.0042  1.0006  0.9997  0.9997  1.0006  1.0042  0.9770
      2s       0.0084  0.0029 -0.0062 -0.0044 -0.0044 -0.0062  0.0029  0.0084
      2px      0.0000  0.0000  0.0000  0.0000  0.0000  0.0000  0.0000  0.0000
      2pz      0.0023  0.0055  0.0049  0.0050  0.0050  0.0049  0.0055  0.0023
      2py      0.0000  0.0000  0.0000  0.0000  0.0000  0.0000  0.0000  0.0000
      Total    0.9878  1.0126  0.9993  1.0003  1.0003  0.9993  1.0126  0.9878
 
      N-E      0.0122 -0.0126  0.0007 -0.0003 -0.0003  0.0007 -0.0126  0.0122
 
      Total electronic charge=    8.000000
 
      Total            charge=   -0.000000
--
 
 

      Expectation values of various properties for root number:  1
      -----------------------------------------------------------
 
 
++    Molecular properties:
      ---------------------
 
      Charge (e):
                      =   -0.0000
      Dipole Moment (Debye):
      Origin of the operator (Ang)=    0.0000    0.0000    0.0000
                   X= -6.2333E-08               Y= -1.4963E-08               Z= -6.3836E-06           Total=  6.3839E-06
      Quadrupole Moment (Debye*Ang):
      Origin of the operator (Ang)=    0.0000    0.0000    6.6818
                  XX= -1.2269E+01              XY= -3.5120E-15              XZ=  2.6123E-07              YY= -1.2269E+01
                  YZ=  8.3052E-08              ZZ= -8.7339E+00
      In traceless form (Debye*Ang)
                  XX= -1.7675E+00              XY= -5.2681E-15              XZ=  3.9184E-07              YY= -1.7675E+00
                  YZ=  1.2458E-07              ZZ=  3.5351E+00
--
 

      LoProp population analysis for root number:  1
      -----------------------------------------------
 
 
++    LoProp analysis:
      ----------------
 
 
 
  Input file to MOLDEN was generated!
 
 
++    Static properties:
      ------------------
 
 
      LoProp Charges per center
 

                   H1       H2       H3       H4       H5       H6       H7       H8    
      Nuclear      1.0000   1.0000   1.0000   1.0000   1.0000   1.0000   1.0000   1.0000
      Electronic  -0.9997  -1.0003  -0.9998  -1.0002  -1.0002  -0.9998  -1.0003  -0.9997
 
      Total        0.0003  -0.0003   0.0002  -0.0002  -0.0002   0.0002  -0.0003   0.0003
--
 
 
      Natural Bond Order analysis for root number:  1
 
++    Natural Bond Order analysis
      ---------------------------
      Based on LoProp computed density
      -------------------------------------------------------------------------------------
      Atom A       Atom B       Bond Order
      -------------------------------------------------------------------------------------
      NBO located      0.993 non-bonded electrons on atom H1        
      NBO located      1.018 non-bonded electrons on atom H3        
      NBO located      1.018 non-bonded electrons on atom H4        
      NBO located      1.018 non-bonded electrons on atom H5        
      NBO located      1.018 non-bonded electrons on atom H6        
      NBO located      0.993 non-bonded electrons on atom H8        
      The remaining    1.943 electrons are to be considered as diffuse
--
 
--
 
 
  Input file to MOLDEN was generated!
 
      Average orbitals are written to the RASORB file
      Natural orbitals for root   1 are written to the RASORB.1 file
      Spin density orbitals for root   1 are written to the SPDORB.1 file
 
forrtl: warning (525): IEEE_DIVIDE_BY_ZERO is signaling
forrtl: warning (526): IEEE_INVALID is signaling
forrtl: warning (528): IEEE_UNDERFLOW is signaling
--- Stop Module: rasscf at Sun Oct 26 13:27:06 2025 /rc=_RC_ALL_IS_WELL_ ---
*** files: H8_1.91.LprOrb H8_1.91.rasscf.molden H8_1.91.LoProp.molden H8_1.91.RasOrb.1 H8_1.91.RasOrb H8_1.91.rasscf.h5 H8_1.91.SpdOrb.1 xmldump
    saved to directory ${LOCALHOME}/DDCASPT2/hydrogen_comps/rerun/H8_chain/H8_1.91
--- Module rasscf spent 1 second ---

>>> COPY /tmp/H8_1.91/H8_1.91.rasscf.h5 ${LOCALHOME}/DDCASPT2/hydrogen_comps/rerun/H8_chain/H8_1.91/

>>> COPY /tmp/H8_1.91/DDCASPT2_Fock_MO.csv ${LOCALHOME}/DDCASPT2/hydrogen_comps/rerun/H8_chain/H8_1.91/H8_1.91.DDCASPT2_Fock_MO.csv

*** symbolic link created: INPORB -> H8_1.91.RasOrb
--- Start Module: motra at Sun Oct 26 13:27:06 2025 ---
 
()()()()()()()()()()()()()()()()()()()()()()()()()()()()()()()()()()()()()()()()()()()()()()()()()()

                                               &MOTRA

                                   only a single process is used
                       available to each process: 2.0 GB of memory, 1 thread?
()()()()()()()()()()()()()()()()()()()()()()()()()()()()()()()()()()()()()()()()()()()()()()()()()()
 
 
      *** WARNING: Default frozen orbitals is overwritten by user input.
      *** Default values:   0
 
      Header of the integral files:
      
       Integrals generated by seward 4.2.0  , Sun Oct 26 13:27:03 2025
 
 
      Header of MO coefficients source file:
      * RASSCF average (pseudo-natural) orbitals                                      
 
 
      Cartesian coordinates in Angstrom:
      -----------------------------------------------------
      No.  Label        X            Y            Z        
      -----------------------------------------------------
       1   H1         0.00000000   0.00000000   0.00000000
       2   H2         0.00000000   0.00000000   1.90909100
       3   H3         0.00000000   0.00000000   3.81818200
       4   H4         0.00000000   0.00000000   5.72727300
       5   H5         0.00000000   0.00000000   7.63636400
       6   H6         0.00000000   0.00000000   9.54545500
       7   H7         0.00000000   0.00000000  11.45454500
       8   H8         0.00000000   0.00000000  13.36363600
      -----------------------------------------------------
      Nuclear repulsion energy =    3.80935606
 
      Orbital specifications:
      -----------------------
 
      Symmetry species:              1
      Number of basis functions:    40
      Frozen orbitals:               0
      Deleted orbitals:              0
      Number of orbitals used:      40

       SYMMETRY  BASIS FUNCTIONS       ORBITALS      INTEGRALS   CPU(SEC)  I/O(SEC)
        1 1 1 1   40  40  40  40    40  40  40  40      336610       0.00      0.00

       TOTAL CPU TIME(SEC)    0.20TOTAL I/O TIME(SEC)    0.48
 
--- Stop Module: motra at Sun Oct 26 13:27:07 2025 /rc=_RC_ALL_IS_WELL_ ---
*** files: xmldump
    saved to directory ${LOCALHOME}/DDCASPT2/hydrogen_comps/rerun/H8_chain/H8_1.91

>>> COPY /tmp/H8_1.91/DDCASPT2_one_int_indx.csv ${LOCALHOME}/DDCASPT2/hydrogen_comps/rerun/H8_chain/H8_1.91/H8_1.91.DDCASPT2_one_int_indx.csv

>>> COPY /tmp/H8_1.91/DDCASPT2_one_int.csv ${LOCALHOME}/DDCASPT2/hydrogen_comps/rerun/H8_chain/H8_1.91/H8_1.91.DDCASPT2_one_int.csv

>>> COPY /tmp/H8_1.91/DDCASPT2_two_int_indx.csv ${LOCALHOME}/DDCASPT2/hydrogen_comps/rerun/H8_chain/H8_1.91/H8_1.91.DDCASPT2_two_int_indx.csv

>>> COPY /tmp/H8_1.91/DDCASPT2_two_int.csv ${LOCALHOME}/DDCASPT2/hydrogen_comps/rerun/H8_chain/H8_1.91/H8_1.91.DDCASPT2_two_int.csv

*** symbolic link created: INPORB -> H8_1.91.RasOrb
--- Start Module: caspt2 at Sun Oct 26 13:27:07 2025 ---
 
()()()()()()()()()()()()()()()()()()()()()()()()()()()()()()()()()()()()()()()()()()()()()()()()()()

                                              &CASPT2

                                   only a single process is used
                       available to each process: 2.0 GB of memory, 1 thread?
()()()()()()()()()()()()()()()()()()()()()()()()()()()()()()()()()()()()()()()()()()()()()()()()()()
 
 Cholesky algorithm in CASPT2 =    1
 
 ###############################################################################
 ###############################################################################
 ###                                                                         ###
 ###                                                                         ###
 ###    User changed nr of frozen orbitals.                                  ###
 ###                                                                         ###
 ###                                                                         ###
 ###############################################################################
 ###############################################################################
 
++    Wave function specifications:
      -----------------------------
 
      Number of closed shell electrons           0
      Number of electrons in active shells       8
      Max number of holes in RAS1 space          0
      Max number of electrons in RAS3 space      0
      Number of inactive orbitals                0
      Number of active orbitals                  8
      Number of secondary orbitals              32
      Spin quantum number                      0.0
      State symmetry                             1
      Number of CSFs                          1764
      Number of root(s) available                1
      Root passed to geometry opt.               1
      A file JOBMIX will be created.
      This is a CASSCF or RASSCF reference function
--
 
++    Orbital specifications:
      -----------------------
 
      Symmetry species                           1
                                                 a
      Frozen orbitals                            0
      Inactive orbitals                          0
      Active orbitals                            8
      Secondary orbitals                        32
      Deleted orbitals                           0
      Number of basis functions                 40
--
 
      Type of Fock operator: STANDARD
      Type of 0-order Hamiltonian: STANDARD WITH DEFAULT IPEA
        "IP-EA" denominator shift =      0.25
      The input orbitals and the CI vector will be transformed.
 
--------------------------------------------------------------------------------
 Estimated memory requirements:
  POLY3 :                   450746
  RHS:                      417296
  SIGMA :                   326032
  PRPCTL:                        0
 Available workspace:    230388092
 
++ CASPT2 computation for group   1
 
********************************************************************************
 Multi-State initialization phase begins for group   1
--------------------------------------------------------------------------------
********************************************************************************
 Compute H0 matrices for state    1
--------------------------------------------------------------------------------
--------------------------------------------------------------------------------
 H0 matrices have been computed.
 
********************************************************************************
  CASPT2 EQUATION SOLUTION
--------------------------------------------------------------------------------
 
  Total nr of CASPT2 parameters:
   Before reduction:       49280
   After  reduction:       49024
 
 The contributions to the second order correlation energy in atomic units.
-----------------------------------------------------------------------------------------------------------------------------
  IT.      VJTU        VJTI        ATVX        AIVX        VJAI        BVAT        BJAT        BJAI        TOTAL       RNORM  
-----------------------------------------------------------------------------------------------------------------------------
   1     0.000000    0.000000   -0.004977    0.000000    0.000000   -0.011388    0.000000    0.000000   -0.016365    0.001251
   2     0.000000    0.000000   -0.005026    0.000000    0.000000   -0.011403    0.000000    0.000000   -0.016429    0.000140
   3     0.000000    0.000000   -0.005028    0.000000    0.000000   -0.011404    0.000000    0.000000   -0.016431    0.000028
   4     0.000000    0.000000   -0.005027    0.000000    0.000000   -0.011404    0.000000    0.000000   -0.016431    0.000003
-------------------------------------------------------------------------------------------------------------------
 
  FINAL CASPT2 RESULT:
 
  Correlation energy /Case, /Symm, and sums:
 VJTU      0.00000000  0.00000000
 VJTIP     0.00000000  0.00000000
 VJTIM     0.00000000  0.00000000
 ATVX     -0.00502663 -0.00502663
 AIVX      0.00000000  0.00000000
 VJAIP     0.00000000  0.00000000
 VJAIM     0.00000000  0.00000000
 BVATP    -0.01081355 -0.01081355
 BVATM    -0.00059032 -0.00059032
 BJATP     0.00000000  0.00000000
 BJATM     0.00000000  0.00000000
 BJAIP     0.00000000  0.00000000
 BJAIM     0.00000000  0.00000000
 Summed:  -0.01643051 -0.01643051
 
      Reference energy:          -4.0769723612
      E2 (Non-variational):      -0.0164305064
      E2 (Variational):          -0.0164305161
      Total energy:              -4.0934028773
      Residual norm:              0.0000004920
      Reference weight:           0.99039
 
      Contributions to the CASPT2 correlation energy
      Active & Virtual Only:         -0.0164305064
      One Inactive Excited:           0.0000000000
      Two Inactive Excited:           0.0000000000
 
 
++ Denominators, etc.
----------------------------------------------------------------------------------------------------
 Report on small energy denominators, large coefficients, and large energy contributions.
CASE  SYMM ACTIVE-MIX  NON-ACTIVE INDICES          DENOMINATOR     RHS VALUE       COEFFICIENT     CONTRIBUTION
ATVX     1  Mu1.0001  Se1.009                       0.26048419      0.00000023     -0.00000092     -0.00000000
ATVX     1  Mu1.0001  Se1.010                       0.28399780      0.00009557      0.00010249      0.00000001
--
 
   (Skipping property calculation,
    use PROP keyword to activate)
--
 
  Total CASPT2 energies:
::    CASPT2 Root  1     Total energy:     -4.09340288
 
  A NEW JOBIPH FILE NAMED 'JOBMIX' IS PREPARED.
********************************************************************************
forrtl: warning (528): IEEE_UNDERFLOW is signaling
--- Stop Module: caspt2 at Sun Oct 26 13:27:08 2025 /rc=_RC_ALL_IS_WELL_ ---
*** files: xmldump
    saved to directory ${LOCALHOME}/DDCASPT2/hydrogen_comps/rerun/H8_chain/H8_1.91

>>> EXPORT i = B

>>> EXPORT j = P

>>> IF (-FILE DDCASPT2_e2_${i}_${j}_1_.csv)
(Skipped)

>>> END FOREACH

>>> EXPORT j = M

>>> IF (-FILE DDCASPT2_e2_${i}_${j}_1_.csv)
(Skipped)

>>> END FOREACH

>>> END FOREACH

>>> EXPORT i = E

>>> EXPORT j = P

>>> IF (-FILE DDCASPT2_e2_${i}_${j}_1_.csv)
(Skipped)

>>> END FOREACH

>>> EXPORT j = M

>>> IF (-FILE DDCASPT2_e2_${i}_${j}_1_.csv)
(Skipped)

>>> END FOREACH

>>> END FOREACH

>>> EXPORT i = F

>>> EXPORT j = P

>>> IF (-FILE DDCASPT2_e2_${i}_${j}_1_.csv)

>>> COPY /tmp/H8_1.91/DDCASPT2_RHS_F_P_1_.csv ${LOCALHOME}/DDCASPT2/hydrogen_comps/rerun/H8_chain/H8_1.91/DDCASPT2_RHS_F_P_1_.csv

>>> COPY /tmp/H8_1.91/DDCASPT2_IVECW_F_P_1_.csv ${LOCALHOME}/DDCASPT2/hydrogen_comps/rerun/H8_chain/H8_1.91/DDCASPT2_IVECW_F_P_1_.csv

>>> COPY /tmp/H8_1.91/DDCASPT2_IVECX_F_P_1_.csv ${LOCALHOME}/DDCASPT2/hydrogen_comps/rerun/H8_chain/H8_1.91/DDCASPT2_IVECX_F_P_1_.csv

>>> COPY /tmp/H8_1.91/DDCASPT2_IVECC2_F_P_1_.csv ${LOCALHOME}/DDCASPT2/hydrogen_comps/rerun/H8_chain/H8_1.91/DDCASPT2_IVECC2_F_P_1_.csv

>>> COPY /tmp/H8_1.91/DDCASPT2_e2_F_P_1_.csv ${LOCALHOME}/DDCASPT2/hydrogen_comps/rerun/H8_chain/H8_1.91/DDCASPT2_e2_F_P_1_.csv

>>> END FOREACH

>>> EXPORT j = M

>>> IF (-FILE DDCASPT2_e2_${i}_${j}_1_.csv)

>>> COPY /tmp/H8_1.91/DDCASPT2_RHS_F_M_1_.csv ${LOCALHOME}/DDCASPT2/hydrogen_comps/rerun/H8_chain/H8_1.91/DDCASPT2_RHS_F_M_1_.csv

>>> COPY /tmp/H8_1.91/DDCASPT2_IVECW_F_M_1_.csv ${LOCALHOME}/DDCASPT2/hydrogen_comps/rerun/H8_chain/H8_1.91/DDCASPT2_IVECW_F_M_1_.csv

>>> COPY /tmp/H8_1.91/DDCASPT2_IVECX_F_M_1_.csv ${LOCALHOME}/DDCASPT2/hydrogen_comps/rerun/H8_chain/H8_1.91/DDCASPT2_IVECX_F_M_1_.csv

>>> COPY /tmp/H8_1.91/DDCASPT2_IVECC2_F_M_1_.csv ${LOCALHOME}/DDCASPT2/hydrogen_comps/rerun/H8_chain/H8_1.91/DDCASPT2_IVECC2_F_M_1_.csv

>>> COPY /tmp/H8_1.91/DDCASPT2_e2_F_M_1_.csv ${LOCALHOME}/DDCASPT2/hydrogen_comps/rerun/H8_chain/H8_1.91/DDCASPT2_e2_F_M_1_.csv

>>> END FOREACH

>>> END FOREACH

>>> EXPORT i = G

>>> EXPORT j = P

>>> IF (-FILE DDCASPT2_e2_${i}_${j}_1_.csv)
(Skipped)

>>> END FOREACH

>>> EXPORT j = M

>>> IF (-FILE DDCASPT2_e2_${i}_${j}_1_.csv)
(Skipped)

>>> END FOREACH

>>> END FOREACH

>>> EXPORT i = H

>>> EXPORT j = P

>>> IF (-FILE DDCASPT2_e2_${i}_${j}_1_.csv)
(Skipped)

>>> END FOREACH

>>> EXPORT j = M

>>> IF (-FILE DDCASPT2_e2_${i}_${j}_1_.csv)
(Skipped)

>>> END FOREACH

>>> END FOREACH

>>> EXPORT i = A

>>> IF (-FILE DDCASPT2_e2_${i}_1_.csv)
(Skipped)

>>> END FOREACH

>>> EXPORT i = C

>>> IF (-FILE DDCASPT2_e2_${i}_1_.csv)

>>> COPY /tmp/H8_1.91/DDCASPT2_RHS_C_1_.csv ${LOCALHOME}/DDCASPT2/hydrogen_comps/rerun/H8_chain/H8_1.91/DDCASPT2_RHS_C_1_.csv

>>> COPY /tmp/H8_1.91/DDCASPT2_IVECW_C_1_.csv ${LOCALHOME}/DDCASPT2/hydrogen_comps/rerun/H8_chain/H8_1.91/DDCASPT2_IVECW_C_1_.csv

>>> COPY /tmp/H8_1.91/DDCASPT2_IVECX_C_1_.csv ${LOCALHOME}/DDCASPT2/hydrogen_comps/rerun/H8_chain/H8_1.91/DDCASPT2_IVECX_C_1_.csv

>>> COPY /tmp/H8_1.91/DDCASPT2_IVECC2_C_1_.csv ${LOCALHOME}/DDCASPT2/hydrogen_comps/rerun/H8_chain/H8_1.91/DDCASPT2_IVECC2_C_1_.csv

>>> COPY /tmp/H8_1.91/DDCASPT2_e2_C_1_.csv ${LOCALHOME}/DDCASPT2/hydrogen_comps/rerun/H8_chain/H8_1.91/DDCASPT2_e2_C_1_.csv

>>> END FOREACH

>>> EXPORT i = D

>>> IF (-FILE DDCASPT2_e2_${i}_1_.csv)
(Skipped)

>>> END FOREACH

.########################.
.# Non-zero return code #.
.########################.

    Timing: Wall=4.51 User=3.52 System=0.98
***************************************
*** WorkDir at /tmp/H8_1.91 cleaned ***
***************************************
