   This run of MOLCAS is using the pymolcas driver

                             OPE
                             OPE          NMOL  CASOP  ENMOLC A   SO
                 OPE        NMOLC        AS  OP EN  MO LC     AS  OP
                OPENM       OL CA        SO  PE NM  OL CA     SOP EN
                OP EN      MO   LC       AS  OP ENMOL  CASO   PENMOL
                OP  EN     MO   LC       AS  OP EN     MO     LC ASO
               OP   E  NMOL  C  AS       OP  EN MO     LC     AS  OP
               OP  E   NMO   LC AS        OPEN  MO     LCASOP EN   M
               O  PEN   MO  LCA  SO
            OPE   NMO   L   CAS    OP
        OPENMOL  CASOP     ENMOL   CASOPE
     OPENMOLCA   SOPENMOLCASOPEN   MOLCASOPE
    OPENMOLCAS   OP           EN   MOL    CAS
    OPENMOLCAS       OP  ENM        O     LCA
    OPENMOLCAS    OPEN  MOLCASO     P  E  NMO
    OPENMOLCAS     OP               E  N  MOL
    OPENMOLCA   SO           PENM   O  L  CAS    OPEN    MO    LCAS
    OPENMOLCA   SOP           ENM   O  L  CAS   OP  EN  MOLC  AS   O
    OPENMOLCA   SOPE           NM      O  LCA   S      OP  EN MO
    OPENMOLC                AS         O  PEN   M      OL  CA  SOPE
    OPENMO        LCASOPE  NMOL        C  ASO   P      ENMOLC     AS
    OPE     NMO      LCA  SO     P     E   NM   OL  CA SO  PE N   MO
          OPENMOLCA            SOPE   NMO        LCAS  O    P  ENMO
     OPENMOLCASOPENMOLCASOPENMOLCASOPENMOLCA
        OPENMOLCASOPENMOLCASOPENMOLCASOPE
            OPENMOLCASOPENMOLCASOPENM
               OPENMOLCASOPENMOLCA        version: f37762c57
                   OPENMOLCASO
                       OPE                tag:

 OpenMolcas is free software; you can redistribute it and/or modify it
 under the terms of the GNU Lesser General Public License version 2.1.
 OpenMolcas is distributed in the hope that it will be useful, but it
 is provided "as is" and without any express or implied warranties.
 For more details see the full text of the license in the file
 LICENSE or in <http://www.gnu.org/licenses/>.

                 Copyright (C) The OpenMolcas Authors
           For the author list and the recommended citation,
                   consult the file CONTRIBUTORS.md

           *************************************************
           * pymolcas version py2.28                       *
           *   build c4a6d18ded8cb6cad61d2372a9abd97c      *
           *   (after the EMIL interpreter by V. Veryazov) *
           *************************************************

configuration info
------------------
C Compiler ID: Intel
C flags: -std=gnu99 -gcc-sys
Fortran Compiler ID: IntelLLVM
Fortran flags: -standard-semantics -fltconsistency -fpp -i8 -heap-arrays
Definitions: _MOLCAS_;_I8_;_LINUX_
Parallel: OFF (GA=OFF)


   --------------------------------------------------------------------------------------
  |
  |              Project: H8_0.70
  |       Submitted from: /home/grierjones/DDCASPT2/hydrogen_comps/rerun/H8_chain/H8_0.70
  |         Scratch area: /tmp/H8_0.70
  |      Save outputs to: /home/grierjones/DDCASPT2/hydrogen_comps/rerun/H8_chain/H8_0.70
  |               Molcas: /home/grierjones/Test/build
  |
  | Scratch area is empty
  |
  |       MOLCAS_DRIVER = /usr/local/pymolcas
  | MOLCAS_KEEP_WORKDIR = NO
  |  MOLCAS_NEW_WORKDIR = YES
  |       MOLCAS_NPROCS = 1
  |        MOLCAS_PRINT = NORMAL
  |       MOLCAS_SOURCE = /home/grierjones/Test
  |    MOLCAS_STRUCTURE = 0
  |
   --------------------------------------------------------------------------------------

++ ---------   Input file   ---------

&GATEWAY
coord=H8_0.70.xyz
Basis = ANO-RCC-VDZP
Group = nosymm
End of Input

&SEWARD
End of Input

&SCF

>>> COPY $WorkDir/H8_0.70.scf.h5 $CurrDir/

&RASSCF
Title= RASSCF
FileOrb
/home/grierjones/DDCASPT2/hydrogen_comps/rerun/H8_chain/H8_0.60/H8_0.60.RasOrb
NACTEL
8 0 0
Inactive
0
RAS2
8
Symmetry
1
Spin
1
orblisting
all

>>> COPY $WorkDir/H8_0.70.rasscf.h5 $CurrDir/

>>> COPY $WorkDir/GMJ_Fock_MO.csv $CurrDir/H8_0.70.GMJ_Fock_MO.csv

&MOTRA
Frozen=0
LUMORB

>>> COPY $WorkDir/GMJ_one_int_indx.csv $CurrDir/H8_0.70.GMJ_one_int_indx.csv

>>> COPY $WorkDir/GMJ_one_int.csv $CurrDir/H8_0.70.GMJ_one_int.csv

>>> COPY $WorkDir/GMJ_two_int_indx.csv $CurrDir/H8_0.70.GMJ_two_int_indx.csv

>>> COPY $WorkDir/GMJ_two_int.csv $CurrDir/H8_0.70.GMJ_two_int.csv

&CASPT2
Frozen
0

MAXITER
50

>>> FOREACH i IN (B,E,F,G,H)

  >>> FOREACH j IN (P,M)

    >>> IF (-FILE GMJ_e2_${i}_${j}_1_.csv)

      >>> COPY $WorkDir/GMJ_RHS_${i}_${j}_1_.csv $CurrDir/GMJ_RHS_${i}_${j}_1_.csv

      >>> COPY $WorkDir/GMJ_IVECW_${i}_${j}_1_.csv $CurrDir/GMJ_IVECW_${i}_${j}_1_.csv

      >>> COPY $WorkDir/GMJ_IVECX_${i}_${j}_1_.csv $CurrDir/GMJ_IVECX_${i}_${j}_1_.csv

      >>> COPY $WorkDir/GMJ_IVECC2_${i}_${j}_1_.csv $CurrDir/GMJ_IVECC2_${i}_${j}_1_.csv

      >>> COPY $WorkDir/GMJ_e2_${i}_${j}_1_.csv $CurrDir/GMJ_e2_${i}_${j}_1_.csv

    >>> END IF

  >>> END FOREACH

>>> END FOREACH

>>> FOREACH i IN (A,C,D)

  >>> IF (-FILE GMJ_e2_${i}_1_.csv)

    >>> COPY $WorkDir/GMJ_RHS_${i}_1_.csv $CurrDir/GMJ_RHS_${i}_1_.csv

    >>> COPY $WorkDir/GMJ_IVECW_${i}_1_.csv $CurrDir/GMJ_IVECW_${i}_1_.csv

    >>> COPY $WorkDir/GMJ_IVECX_${i}_1_.csv $CurrDir/GMJ_IVECX_${i}_1_.csv

    >>> COPY $WorkDir/GMJ_IVECC2_${i}_1_.csv $CurrDir/GMJ_IVECC2_${i}_1_.csv

    >>> COPY $WorkDir/GMJ_e2_${i}_1_.csv $CurrDir/GMJ_e2_${i}_1_.csv

  >>> END IF

>>> END FOREACH

-- ----------------------------------

--- Start Module: gateway at Sun Oct 26 13:01:39 2025 ---
 
()()()()()()()()()()()()()()()()()()()()()()()()()()()()()()()()()()()()()()()()()()()()()()()()()()

                                              &GATEWAY

                                   only a single process is used
                       available to each process: 2.0 GB of memory, 1 thread?
()()()()()()()()()()()()()()()()()()()()()()()()()()()()()()()()()()()()()()()()()()()()()()()()()()
 
 
++    Symmetry information:
      ---------------------
 
                    Character Table for C1 
 
                             E  
                    a        1  x, y, xy, Rz, z, xz, Ry, yz, Rx, I
--
 
 
++    Basis set information:
      ----------------------
 
 
      Basis set label: H.ANO-RCC...2S1P.
 
      Electronic valence basis set:
      ------------------
      Associated Effective Charge   1.000000 au
      Associated Actual Charge      1.000000 au
      Nuclear Model: Point charge
 
      Shell  nPrim  nBasis  Cartesian Spherical Contaminant
         s       8       2        X                  
         p       4       1        X                  
--
 
 
++    Molecular structure info:
      -------------------------
 
                    ************************************************ 
                    **** Cartesian Coordinates / Bohr, Angstrom **** 
                    ************************************************ 
 
     Center  Label                x              y              z                     x              y              z
        1      H1               0.000000       0.000000       0.000000              0.000000       0.000000       0.000000
        2      H2               0.000000       0.000000       1.317082              0.000000       0.000000       0.696970
        3      H3               0.000000       0.000000       2.634163              0.000000       0.000000       1.393939
        4      H4               0.000000       0.000000       3.951245              0.000000       0.000000       2.090909
        5      H5               0.000000       0.000000       5.268328              0.000000       0.000000       2.787879
        6      H6               0.000000       0.000000       6.585408              0.000000       0.000000       3.484848
        7      H7               0.000000       0.000000       7.902491              0.000000       0.000000       4.181818
        8      H8               0.000000       0.000000       9.219573              0.000000       0.000000       4.878788
 
                    *************************************** 
                    *    InterNuclear Distances / Bohr    * 
                    *************************************** 
 
               1 H1            2 H2            3 H3            4 H4            5 H5            6 H6    
    1 H1       0.000000
    2 H2       1.317082        0.000000
    3 H3       2.634163        1.317081        0.000000
    4 H4       3.951245        2.634163        1.317082        0.000000
    5 H5       5.268328        3.951245        2.634165        1.317082        0.000000
    6 H6       6.585408        5.268326        3.951245        2.634163        1.317081        0.000000
    7 H7       7.902491        6.585408        5.268328        3.951245        2.634163        1.317082
    8 H8       9.219573        7.902491        6.585410        5.268328        3.951245        2.634165
 
               7 H7            8 H8    
    7 H7       0.000000
    8 H8       1.317082        0.000000
 
                    ******************************************* 
                    *    InterNuclear Distances / Angstrom    * 
                    ******************************************* 
 
               1 H1            2 H2            3 H3            4 H4            5 H5            6 H6    
    1 H1       0.000000
    2 H2       0.696970        0.000000
    3 H3       1.393939        0.696969        0.000000
    4 H4       2.090909        1.393939        0.696970        0.000000
    5 H5       2.787879        2.090909        1.393940        0.696970        0.000000
    6 H6       3.484848        2.787878        2.090909        1.393939        0.696969        0.000000
    7 H7       4.181818        3.484848        2.787879        2.090909        1.393939        0.696970
    8 H8       4.878788        4.181818        3.484849        2.787879        2.090909        1.393940
 
               7 H7            8 H8    
    7 H7       0.000000
    8 H8       0.696970        0.000000
 
                    ************************************** 
                    *    Valence Bond Angles / Degree    * 
                    ************************************** 
                          Atom centers                 Phi
                      2 H2       1 H1       3 H3         0.00
                      1 H1       2 H2       3 H3       180.00
                      1 H1       2 H2       4 H4       180.00
                      3 H3       2 H2       4 H4         0.00
                      1 H1       3 H3       2 H2         0.00
                      1 H1       3 H3       4 H4       180.00
                      1 H1       3 H3       5 H5       180.00
                      2 H2       3 H3       4 H4       180.00
                      2 H2       3 H3       5 H5       180.00
                      4 H4       3 H3       5 H5         0.00
                      2 H2       4 H4       3 H3         0.00
                      2 H2       4 H4       5 H5       180.00
                      2 H2       4 H4       6 H6       180.00
                      3 H3       4 H4       5 H5       180.00
                      3 H3       4 H4       6 H6       180.00
                      5 H5       4 H4       6 H6         0.00
                      3 H3       5 H5       4 H4         0.00
                      3 H3       5 H5       6 H6       180.00
                      3 H3       5 H5       7 H7       180.00
                      4 H4       5 H5       6 H6       180.00
                      4 H4       5 H5       7 H7       180.00
                      6 H6       5 H5       7 H7         0.00
                      4 H4       6 H6       5 H5         0.00
                      4 H4       6 H6       7 H7       180.00
                      4 H4       6 H6       8 H8       180.00
                      5 H5       6 H6       7 H7       180.00
                      5 H5       6 H6       8 H8       180.00
                      7 H7       6 H6       8 H8         0.00
                      5 H5       7 H7       6 H6         0.00
                      5 H5       7 H7       8 H8       180.00
                      6 H6       7 H7       8 H8       180.00
                      6 H6       8 H8       7 H7         0.00
--
 
 
            Nuclear Potential Energy             10.43432287 au
 
--- Stop Module: gateway at Sun Oct 26 13:01:39 2025 /rc=_RC_ALL_IS_WELL_ ---
*** files: xmldump
    saved to directory /home/grierjones/DDCASPT2/hydrogen_comps/rerun/H8_chain/H8_0.70

--- Start Module: seward at Sun Oct 26 13:01:39 2025 ---
 
()()()()()()()()()()()()()()()()()()()()()()()()()()()()()()()()()()()()()()()()()()()()()()()()()()

                                              &SEWARD

                                   only a single process is used
                       available to each process: 2.0 GB of memory, 1 thread?
()()()()()()()()()()()()()()()()()()()()()()()()()()()()()()()()()()()()()()()()()()()()()()()()()()
 
               SEWARD will generate:
                  Multipole Moment integrals up to order  2
                  Kinetic Energy integrals
                  Nuclear Attraction integrals (point charge)
                  One-Electron Hamiltonian integrals
                  Velocity integrals
                  Relativistic Douglas-Kroll-Hess integrals:
                    - Parametrization         : EXP
                    - DKH order of Hamiltonian: 2
                    - DKH order of Properties : 0
                         - multipole moment operators
                         - electric potential operators
                         - contact operators
                  Atomic mean-field integrals
                  Two-Electron Repulsion integrals
 
                   Integrals are discarded if absolute value <: 0.10E-13
                   Integral cutoff threshold is set to       <: 0.10E-15
 
            Nuclear Potential Energy             10.43432287 au
 
 
      Basis set specifications :
      Symmetry species         a  
      Basis functions           40
 
 
  Input file to MOLDEN was generated!
 
forrtl: warning (525): IEEE_DIVIDE_BY_ZERO is signaling
forrtl: warning (526): IEEE_INVALID is signaling
forrtl: warning (528): IEEE_UNDERFLOW is signaling
--- Stop Module: seward at Sun Oct 26 13:01:40 2025 /rc=_RC_ALL_IS_WELL_ ---
*** files: H8_0.70.GssOrb H8_0.70.guessorb.h5 H8_0.70.guessorb.molden xmldump
    saved to directory /home/grierjones/DDCASPT2/hydrogen_comps/rerun/H8_chain/H8_0.70

*** symbolic link created: INPORB -> H8_0.70.GssOrb
--- Start Module: scf at Sun Oct 26 13:01:40 2025 ---
 
()()()()()()()()()()()()()()()()()()()()()()()()()()()()()()()()()()()()()()()()()()()()()()()()()()

                                                &SCF

                                   only a single process is used
                       available to each process: 2.0 GB of memory, 1 thread?
()()()()()()()()()()()()()()()()()()()()()()()()()()()()()()()()()()()()()()()()()()()()()()()()()()
 
++    Input section:
      --------------
 
      Header of the integral files:
      
       Integrals generated by seward 4.2.0  , Sun Oct 26 13:01:39 2025
 
 
      Cartesian coordinates in Angstrom:
      -----------------------------------------------------
      No.  Label        X            Y            Z        
      -----------------------------------------------------
       1   H1         0.00000000   0.00000000   0.00000000
       2   H2         0.00000000   0.00000000   0.69697000
       3   H3         0.00000000   0.00000000   1.39393900
       4   H4         0.00000000   0.00000000   2.09090900
       5   H5         0.00000000   0.00000000   2.78787900
       6   H6         0.00000000   0.00000000   3.48484800
       7   H7         0.00000000   0.00000000   4.18181800
       8   H8         0.00000000   0.00000000   4.87878800
      -----------------------------------------------------
      Nuclear repulsion energy =   10.43432287
--
 
++    Orbital specifications:
      -----------------------
 
      Symmetry species               1
                                     a
      Frozen orbitals                0
      Occupied orbitals              4
      Secondary orbitals            36
      Deleted orbitals               0
      Total number of orbitals      40
      Number of basis functions     40
--
 
      Molecular charge                           0.000
 
++    Optimization specifications:
      ----------------------------
 
      SCF Algorithm: Conventional
      Minimized density differences are used
      Number of density matrices in core                5
      Maximum number of NDDO SCF iterations           400
      Maximum number of HF SCF iterations             400
      Threshold for SCF energy change            0.10E-08
      Threshold for density matrix               0.10E-03
      Threshold for Fock matrix                  0.15E-03
      Threshold for linear dependence            0.10E-08
      Threshold at which DIIS is turned on       0.15E+00
      Threshold at which QNR/C2DIIS is turned on 0.75E-01
      Threshold for Norm(delta) (QNR/C2DIIS)     0.20E-04
      DIIS extrapolation of the SCF procedure
      All orbitals punched on: SCFORB
--
 
      Input vectors read from INPORB
      Orbital file label: *Guess orbitals
 
 
++ Convergence information
                                   SCF        iterations: Energy and convergence statistics
 
Iter     Tot. SCF        One-elec.       Two-elec.     Energy      Max Dij or  Max Fij      DNorm      TNorm      AccCon     Time
         Energy          Energy          Energy        Change      Delta Norm                                                in Sec.
   1    -3.856042444   -22.938660067     8.648294750   0.00E+00    0.25E+00*   0.19E+00*    0.46E+01   0.19E+02   None         0.
   2    -4.074863442   -23.701478552     9.192292236  -0.22E+00*   0.51E-01*   0.27E-01*    0.28E+01   0.20E+02   EDIIS        0.
   3    -4.082232723   -23.667550177     9.150994580  -0.74E-02*   0.11E-01*   0.66E-02*    0.86E+00   0.20E+02   EDIIS        0.
   4    -4.082558855   -23.671333705     9.154451975  -0.33E-03*   0.17E-02*   0.16E-02*    0.16E+00   0.20E+02   c2DIIS       0.
   5    -4.082577430   -23.670112338     9.153212034  -0.19E-04*   0.25E-03*   0.10E-03     0.16E-01   0.20E+02   QNRc2DIIS    0.
   6    -4.082577549   -23.670203496     9.153303072  -0.12E-06*   0.12E-03*   0.40E-04     0.19E-02   0.20E+02   QNRc2DIIS    0.
   7    -4.082577563   -23.670120078     9.153219640  -0.14E-07*   0.13E-04    0.54E-05     0.19E-03   0.20E+02   QNRc2DIIS    0.
   8    -4.082577564   -23.670107204     9.153206766  -0.25E-09    0.29E-05    0.91E-06     0.30E-04   0.20E+02   QNRc2DIIS    0.
 
       Convergence after  8 Macro Iterations
--
 
 *****************************************************************************************************************************
 *                                                                                                                           *
 *                                             SCF/KS-DFT Program, Final results                                             *
 *                                                                                                                           *
 *                                                                                                                           *
 *                                                                                                                           *
 *                                                       Final Results                                                       *
 *                                                                                                                           *
 *****************************************************************************************************************************
 
::    Total SCF energy                                 -4.0825775635
      One-electron energy                             -23.6701072040
      Two-electron energy                               9.1532067664
      Nuclear repulsion energy                         10.4343228741
      Kinetic energy (interpolated)                     5.4291764388
      Virial theorem                                    0.7519699552
      Total spin, S(S+1)                                0.0000000000
      Total spin, S                                     0.0000000000
      Max non-diagonal density matrix element           0.0000033447
      Max non-diagonal Fock matrix element              0.0000004502
 
 
      All orbitals with orbital energies smaller than  E(LUMO)+0.5 are printed
 
++    Molecular orbitals:
      -------------------
 
      Title: SCF orbitals

      Molecular orbitals for symmetry species 1: a  
 
          Orbital            1         2         3         4         5         6         7         8         9        10    
          Energy           -0.9527   -0.8167   -0.5970   -0.3155    0.1215    0.2057    0.2145    0.4490    0.4836    0.4836
          Occ. No.          2.0000    2.0000    2.0000    2.0000    0.0000    0.0000    0.0000    0.0000    0.0000    0.0000
 
        1 H1     1s         0.1582   -0.3839    0.4138   -0.5067    1.0416   -1.4565   -1.6370   -1.4859    0.0000    0.0000
        2 H1     2s         0.0608   -0.0988    0.0246   -0.0865    0.8227   -1.2983   -1.0155   -1.5177    0.0000    0.0000
        3 H1     2px       -0.0000    0.0000    0.0000   -0.0000   -0.0000    0.0000   -0.0000    0.0000    0.1200    0.0044
        4 H1     2py        0.0000   -0.0000    0.0000   -0.0000   -0.0000   -0.0000   -0.0000    0.0000   -0.0044    0.1200
        5 H1     2pz        0.0167   -0.0459    0.0300   -0.0088    0.0560   -0.1455   -0.0896   -0.2703    0.0000    0.0000
        6 H2     1s         0.0647   -0.0786    0.2301   -0.2375   -1.2609    2.3596    1.5840    2.6809   -0.0000   -0.0000
        7 H2     2s        -0.0930    0.2383   -0.1148   -0.0661   -0.6697    1.4549    1.1889    1.9357   -0.0000   -0.0000
        8 H2     2px       -0.0000    0.0000    0.0000   -0.0000   -0.0000    0.0000   -0.0000    0.0000    0.1733    0.0063
        9 H2     2py       -0.0000   -0.0000    0.0000   -0.0000   -0.0000    0.0000   -0.0000    0.0000   -0.0063    0.1733
       10 H2     2pz        0.0035   -0.0361   -0.0186    0.0528    0.0366   -0.1905   -0.0978   -0.3529    0.0000    0.0000
       11 H3     1s         0.2910   -0.3553   -0.0385    0.5155    0.2058   -2.1176   -0.2941   -3.2684    0.0000    0.0000
       12 H3     2s        -0.0217    0.0157   -0.0097    0.0830    0.3871   -1.5697   -0.1651   -2.0910    0.0000    0.0000
       13 H3     2px       -0.0000    0.0000    0.0000   -0.0000    0.0000    0.0000   -0.0000    0.0000    0.2364    0.0086
       14 H3     2py       -0.0000    0.0000   -0.0000    0.0000   -0.0000    0.0000   -0.0000    0.0000   -0.0086    0.2364
       15 H3     2pz       -0.0001   -0.0234   -0.0414    0.0313    0.0370   -0.1932   -0.0956   -0.1675   -0.0000   -0.0000
       16 H4     1s         0.2700   -0.0687   -0.2525    0.5066    0.0564    1.3451   -0.0531    2.0555   -0.0000   -0.0000
       17 H4     2s        -0.0812    0.0725    0.0785    0.1474    0.0588    1.0436    0.3051    1.4402   -0.0000   -0.0000
       18 H4     2px        0.0000    0.0000   -0.0000   -0.0000    0.0000    0.0000   -0.0000    0.0000    0.2661    0.0097
       19 H4     2py       -0.0000    0.0000   -0.0000    0.0000    0.0000    0.0000   -0.0000    0.0000   -0.0097    0.2661
       20 H4     2pz       -0.0031   -0.0105   -0.0176   -0.0422    0.0350   -0.1705   -0.0668   -0.0628   -0.0000   -0.0000
       21 H5     1s         0.2700    0.0687   -0.2525   -0.5066    0.0564   -1.3451   -0.0531    2.0555    0.0000    0.0000
       22 H5     2s        -0.0812   -0.0725    0.0785   -0.1474    0.0588   -1.0436    0.3051    1.4402    0.0000    0.0000
       23 H5     2px       -0.0000    0.0000    0.0000   -0.0000    0.0000    0.0000   -0.0000    0.0000    0.2661    0.0097
       24 H5     2py        0.0000    0.0000   -0.0000    0.0000    0.0000    0.0000    0.0000    0.0000   -0.0097    0.2661
       25 H5     2pz        0.0031   -0.0105    0.0176   -0.0422   -0.0350   -0.1705    0.0668    0.0628   -0.0000   -0.0000
       26 H6     1s         0.2910    0.3553   -0.0385   -0.5155    0.2058    2.1176   -0.2941   -3.2684   -0.0000   -0.0000
       27 H6     2s        -0.0217   -0.0157   -0.0097   -0.0830    0.3871    1.5697   -0.1651   -2.0910   -0.0000   -0.0000
       28 H6     2px        0.0000    0.0000    0.0000    0.0000    0.0000    0.0000   -0.0000    0.0000    0.2364    0.0086
       29 H6     2py       -0.0000    0.0000   -0.0000   -0.0000   -0.0000    0.0000    0.0000    0.0000   -0.0086    0.2364
       30 H6     2pz        0.0001   -0.0234    0.0414    0.0313   -0.0370   -0.1932    0.0956    0.1675   -0.0000   -0.0000
       31 H7     1s         0.0647    0.0786    0.2301    0.2375   -1.2609   -2.3596    1.5840    2.6809    0.0000    0.0000
       32 H7     2s        -0.0930   -0.2383   -0.1148    0.0661   -0.6697   -1.4549    1.1889    1.9357    0.0000    0.0000
       33 H7     2px       -0.0000    0.0000    0.0000    0.0000    0.0000    0.0000    0.0000    0.0000    0.1733    0.0063
       34 H7     2py        0.0000    0.0000   -0.0000    0.0000    0.0000   -0.0000    0.0000    0.0000   -0.0063    0.1733
       35 H7     2pz       -0.0035   -0.0361    0.0186    0.0528   -0.0366   -0.1905    0.0978    0.3529    0.0000   -0.0000
       36 H8     1s         0.1582    0.3839    0.4138    0.5067    1.0416    1.4565   -1.6370   -1.4859   -0.0000   -0.0000
       37 H8     2s         0.0608    0.0988    0.0246    0.0865    0.8227    1.2983   -1.0155   -1.5177   -0.0000   -0.0000
       38 H8     2px        0.0000   -0.0000   -0.0000   -0.0000    0.0000   -0.0000   -0.0000    0.0000    0.1200    0.0044
       39 H8     2py        0.0000   -0.0000    0.0000   -0.0000   -0.0000    0.0000   -0.0000    0.0000   -0.0044    0.1200
       40 H8     2pz       -0.0167   -0.0459   -0.0300   -0.0088   -0.0560   -0.1455    0.0896    0.2703    0.0000    0.0000
 
          Orbital           11    
          Energy            0.4892
          Occ. No.          0.0000
 
        1 H1     1s        -3.1291
        2 H1     2s        -2.1011
        3 H1     2px        0.0000
        4 H1     2py        0.0000
        5 H1     2pz       -0.1056
        6 H2     1s         5.4196
        7 H2     2s         4.0790
        8 H2     2px        0.0000
        9 H2     2py        0.0000
       10 H2     2pz       -0.0048
       11 H3     1s        -3.6409
       12 H3     2s        -2.3571
       13 H3     2px        0.0000
       14 H3     2py        0.0000
       15 H3     2pz        0.1619
       16 H4     1s         2.9129
       17 H4     2s         2.3583
       18 H4     2px        0.0000
       19 H4     2py        0.0000
       20 H4     2pz        0.3156
       21 H5     1s        -2.9129
       22 H5     2s        -2.3583
       23 H5     2px        0.0000
       24 H5     2py        0.0000
       25 H5     2pz        0.3156
       26 H6     1s         3.6409
       27 H6     2s         2.3571
       28 H6     2px        0.0000
       29 H6     2py        0.0000
       30 H6     2pz        0.1619
       31 H7     1s        -5.4196
       32 H7     2s        -4.0790
       33 H7     2px        0.0000
       34 H7     2py        0.0000
       35 H7     2pz       -0.0048
       36 H8     1s         3.1291
       37 H8     2s         2.1011
       38 H8     2px        0.0000
       39 H8     2py        0.0000
       40 H8     2pz       -0.1056
--
 
 
++    Molecular charges:
      ------------------
 
      Mulliken charges per centre and basis function type
      ---------------------------------------------------
 
                H1      H2      H3      H4      H5      H6      H7      H8    
      1s       1.3927  0.4456  1.0912  0.8631  0.8631  1.0912  0.4456  1.3927
      2s       0.0053  0.0576 -0.0580 -0.0153 -0.0153 -0.0580  0.0576  0.0053
      2px      0.0000  0.0000  0.0000  0.0000  0.0000 -0.0000  0.0000  0.0000
      2pz      0.0412  0.0854  0.0576  0.0335  0.0335  0.0576  0.0854  0.0412
      2py      0.0000  0.0000  0.0000  0.0000  0.0000  0.0000  0.0000  0.0000
      Total    1.4393  0.5886  1.0908  0.8813  0.8813  1.0908  0.5886  1.4393
 
      N-E     -0.4393  0.4114 -0.0908  0.1187  0.1187 -0.0908  0.4114 -0.4393
 
      Total electronic charge=    8.000000
 
      Total            charge=   -0.000000
--
 
 
  Input file to MOLDEN was generated!
 
 
++    Static properties:
      ------------------
 
 
      LoProp Charges per center
 

                   H1       H2       H3       H4       H5       H6       H7       H8    
      Nuclear      1.0000   1.0000   1.0000   1.0000   1.0000   1.0000   1.0000   1.0000
      Electronic  -1.1104  -0.9545  -0.9736  -0.9614  -0.9614  -0.9736  -0.9545  -1.1104
 
      Total       -0.1104   0.0455   0.0264   0.0386   0.0386   0.0264   0.0455  -0.1104
--
 
 
++    Natural Bond Order analysis
      ---------------------------
      Based on LoProp computed density
      -------------------------------------------------------------------------------------
      Atom A       Atom B       Bond Order | Atom A       Atom B       Bond Order
        H1           H2             0.949  |   H5           H6             0.927
        H3           H4             0.927  |   H7           H8             0.949
      -------------------------------------------------------------------------------------
      NBO located      7.504 electrons involved in    4 bonds.
      The remaining    0.496 electrons are to be considered as diffuse
--
 
 
++    Molecular properties:
      ---------------------
 
      Charge (e):
                      =   -0.0000
      Dipole Moment (Debye):
      Origin of the operator (Ang)=    0.0000    0.0000    0.0000
                   X=  1.0001E-13               Y= -8.9615E-14               Z=  2.6350E-06           Total=  2.6350E-06
      Quadrupole Moment (Debye*Ang):
      Origin of the operator (Ang)=    0.0000    0.0000    2.4394
                  XX= -7.5418E+00              XY= -1.1614E-27              XZ= -8.8832E-14              YY= -7.5418E+00
                  YZ=  2.4404E-13              ZZ= -1.4960E+01
      In traceless form (Debye*Ang)
                  XX=  3.7090E+00              XY= -1.7421E-27              XZ= -1.3325E-13              YY=  3.7090E+00
                  YZ=  3.6606E-13              ZZ= -7.4181E+00
--
 
 
  Input file to MOLDEN was generated!
 
 ###############################################################################
 ###############################################################################
 ###                                                                         ###
 ###                                                                         ###
 ###    RunFile label nBas                                                   ###
 ###    was used       78 times                                              ###
 ###                                                                         ###
 ###                                                                         ###
 ###############################################################################
 ###############################################################################
forrtl: warning (528): IEEE_UNDERFLOW is signaling
--- Stop Module: scf at Sun Oct 26 13:01:41 2025 /rc=_RC_ALL_IS_WELL_ ---
*** files: H8_0.70.LprOrb H8_0.70.LoProp.molden H8_0.70.scf.molden H8_0.70.ScfOrb H8_0.70.scf.h5 xmldump
    saved to directory /home/grierjones/DDCASPT2/hydrogen_comps/rerun/H8_chain/H8_0.70

>>> COPY /tmp/H8_0.70/H8_0.70.scf.h5 /home/grierjones/DDCASPT2/hydrogen_comps/rerun/H8_chain/H8_0.70/

*** symbolic link created: INPORB -> H8_0.70.ScfOrb
--- Start Module: rasscf at Sun Oct 26 13:01:41 2025 ---
 
()()()()()()()()()()()()()()()()()()()()()()()()()()()()()()()()()()()()()()()()()()()()()()()()()()

                                              &RASSCF

                                   only a single process is used
                       available to each process: 2.0 GB of memory, 1 thread?
()()()()()()()()()()()()()()()()()()()()()()()()()()()()()()()()()()()()()()()()()()()()()()()()()()
 
 
      Header of the ONEINT file:
      --------------------------
      
      Integrals generated by seward 4.2.0  , Sun Oct 26 13:01:39 2025
 
 
      OrdInt status: non-squared
 
 
      Cartesian coordinates in Angstrom:
      -----------------------------------------------------
      No.  Label        X            Y            Z        
      -----------------------------------------------------
       1   H1         0.00000000   0.00000000   0.00000000
       2   H2         0.00000000   0.00000000   0.69697000
       3   H3         0.00000000   0.00000000   1.39393900
       4   H4         0.00000000   0.00000000   2.09090900
       5   H5         0.00000000   0.00000000   2.78787900
       6   H6         0.00000000   0.00000000   3.48484800
       7   H7         0.00000000   0.00000000   4.18181800
       8   H8         0.00000000   0.00000000   4.87878800
      -----------------------------------------------------
      Nuclear repulsion energy =   10.43432287
 
++    Wave function specifications:
      -----------------------------
 
      Number of closed shell electrons           0
      Number of electrons in active shells       8
      Max number of holes in RAS1 space          0
      Max nr of electrons in RAS3 space          0
      Number of inactive orbitals                0
      Number of active orbitals                  8
      Number of secondary orbitals              32
      Spin quantum number                      0.0
      State symmetry                             1
--
 
++    Orbital specifications:
      -----------------------
 
      Symmetry species                           1
                                                 a
      Frozen orbitals                            0
      Inactive orbitals                          0
      Active orbitals                            8
      RAS1 orbitals                              0
      RAS2 orbitals                              8
      RAS3 orbitals                              0
      Secondary orbitals                        32
      Deleted orbitals                           0
      Number of basis functions                 40
--
 
++    CI expansion specifications:
      ----------------------------
 
      Number of CSFs                          1764
      Number of determinants                  2485
      Number of root(s) required                 1
      Root chosen for geometry opt.              1
      CI root used                               1
         
      highest root included in the CI            1
      max. size of the explicit Hamiltonian    200
--
 
++    Optimization specifications:
      ----------------------------
 
      RASSCF algorithm: Conventional
      Maximum number of macro iterations       200
      Maximum number of SX iterations          100
      Threshold for RASSCF energy            0.100E-07
      Threshold for max MO rotation          0.100E+00
      Threshold for max BLB element          0.100E-03
      Level shift parameter                  0.500E+00
      Make Quasi-Newton update
--
 
      The MO-coefficients are taken from the file:
      /home/grierjones/DDCASPT2/hydrogen_comps/rerun/H8_chain/H8_0.60/H8_0.60.RasOrb                                                  
      Title: RASSCF average (pseudo-natural) orbitals                                      
 
      Total molecular charge    0.00
 
      ************************************************************************************************************************
      *                                                                                                                      *
      *                                            Wave function control section                                             *
      *                                                                                                                      *
      ************************************************************************************************************************
 
 
                                         RASSCF iterations: Energy and convergence statistics
                                         ----------------------------------------------------
 
      Iter CI   SX   CI       RASSCF       Energy    max ROT     max BLB   max BLB  Level Ln srch  Step   QN   Walltime
          iter iter root      energy       change     param      element    value   shift minimum  type update hh:mm:ss
 Nr of preliminary CI iterations:   4
        1   1   29    1    -4.12384650    0.00E+00   0.40E-01    2  38 1 -0.23E+00*  0.06   0.00    SX    NO    0:00:00
        2   3    8    1    -4.14529321   -0.21E-01* -0.21E-01    1   9 1 -0.26E-01*  0.05   0.00    SX    NO    0:00:00
        3   2    8    1    -4.14647849   -0.12E-02*  0.16E-01    1   9 1 -0.66E-02*  0.05   0.00    SX    NO    0:00:00
        4   3    8    1    -4.14664514   -0.17E-03*  0.99E-02    4  10 1 -0.24E-02*  0.05   0.00    SX    NO    0:00:00
        5   3    8    1    -4.14668780   -0.43E-04*  0.12E-01    4  10 1 -0.12E-02*  0.05   2.23    LS   YES    0:00:00
        6   4    7    1    -4.14670633   -0.19E-04*  0.30E-02    1   9 1  0.10E-02*  0.05   1.04    QN   YES    0:00:00
        7   3    7    1    -4.14670835   -0.20E-05*  0.17E-02    1   9 1  0.34E-03*  0.05   1.58    LS   YES    0:00:00
        8   3    6    1    -4.14670866   -0.31E-06* -0.47E-03    4  10 1  0.72E-04   0.05   1.01    QN   YES    0:00:00
        9   3    6    1    -4.14670874   -0.75E-07* -0.34E-03    1   9 1 -0.40E-04   0.05   1.73    LS   YES    0:00:00
       10   3    5    1    -4.14670876   -0.17E-07* -0.18E-03    1   9 1 -0.41E-04   0.05   1.01    QN   YES    0:00:00
       11   3    5    1    -4.14670877   -0.95E-08  -0.11E-03    4  10 1 -0.93E-05   0.05   1.46    QN   YES    0:00:00
      Convergence after 11 iterations
 
  Dmat in MO in SXCTL bf call to SXHAM                                                                                    
  mat. size =     8x    8
 
        1.9937928957783961
       -0.0000000161452995      1.9891837699673891
       -0.0013964087253009      0.0000000108761953      1.9773099209157581
        0.0000000257492717     -0.0032048704006693     -0.0000000004592160      1.9538847142714453
       -0.0084541661056881      0.0000001738677215     -0.0035248581923468     -0.0000003240182858      0.0082561845876233
        0.0000002052941576     -0.0216190837657132     -0.0000001481899009     -0.0480609677918542      0.0000000179300028
        0.0216646103188047
        0.0061669375126891     -0.0000000810508991     -0.0072639001703170      0.0000002462901071      0.0038032046511556
        0.0000000312100233      0.0524773989374587
       -0.0000000000000131      0.0000000000000128      0.0000000000000128     -0.0000000000000242      0.0000000000000001
        0.0000000000000010     -0.0000000000000002      0.0034305052231058
       12   2    5    1    -4.14670877   -0.16E-08  -0.11E-03    1   9 1  0.38E-05   0.05   1.46    QN   YES    0:00:00
 
      ************************************************************************************************************************
                                                      Wave function printout:
                       occupation of active orbitals, and spin coupling of open shells (u,d: Spin up or down)
      ************************************************************************************************************************
 
      Note: transformation to natural orbitals
      has been made, which may change the order of the CSFs.
 
      printout of CI-coefficients larger than  0.05 for root  1
      energy=      -4.146709
      conf/sym  11111111     Coeff  Weight
             1  22220000  -0.97892 0.95829
            23  22200020   0.12126 0.01470
            32  22ud0ud0   0.06034 0.00364
            63  22020020   0.05058 0.00256
           120  22uu0dd0   0.06641 0.00441
 
      Natural orbitals and occupation numbers for root  1
      sym 1:   1.993967   1.989629   1.977225   1.954874   0.007887   0.020231   0.052757   0.003431
 
      ************************************************************************************************************************
      *                                                                                                                      *
      *                                                    Final results                                                     *
      *                                                                                                                      *
      ************************************************************************************************************************
 
 
++    Wave function specifications:
      -----------------------------
 
      Number of closed shell electrons           0
      Number of electrons in active shells       8
      Max number of holes in RAS1 space          0
      Max nr of electrons in RAS3 space          0
      Number of inactive orbitals                0
      Number of active orbitals                  8
      Number of secondary orbitals              32
      Spin quantum number                      0.0
      State symmetry                             1
--
 
++    Orbital specifications:
      -----------------------
 
      Symmetry species                           1
                                                 a
      Frozen orbitals                            0
      Inactive orbitals                          0
      Active orbitals                            8
      RAS1 orbitals                              0
      RAS2 orbitals                              8
      RAS3 orbitals                              0
      Secondary orbitals                        32
      Deleted orbitals                           0
      Number of basis functions                 40
--
 
++    CI expansion specifications:
      ----------------------------
 
      Number of CSFs                          1764
      Number of determinants                  2485
      Number of root(s) required                 1
      CI root used                               1
      highest root included in the CI            1
      Root passed to geometry opt.               1
--
 
++    Final optimization conditions:
      ------------------------------
 
      Average CI energy                              -4.14670877
      RASSCF energy for state  1                     -4.14670877
      Super-CI energy                                -0.00000000
      RASSCF energy change                            0.00000000
      Max change in MO coefficients              -0.128E-02
      Max non-diagonal density matrix element    -0.108E-03
      Maximum BLB matrix element                  0.383E-05
      (orbital pair   1,   9 in symmetry   1)
      Norm of electronic gradient            0.580E-05
--
 
 
      Final state energy(ies):
      ------------------------
 
::    RASSCF root number  1 Total energy:     -4.14670877
 
++    Molecular orbitals:
      -------------------
 
      Pseudonatural active orbitals and approximate occupation numbers
 
 
 
 
      Molecular orbitals for symmetry species 1: a  
 
 
      Orbital                1         2         3         4         5         6         7         8         9        10
      Energy            0.0000    0.0000    0.0000    0.0000    0.0000    0.0000    0.0000    0.0000    0.1661    0.2760
      Occ. No.          1.9940    1.9896    1.9772    1.9549    0.0079    0.0202    0.0528    0.0034    0.0000    0.0000
 
    1 H1     1s         0.2001   -0.4196    0.4005   -0.4964    0.6499   -0.5084   -0.4280   -0.0000   -0.2542    0.5689
    2 H1     2s         0.0628   -0.1079    0.0241   -0.0801   -0.0351    0.1102    0.1395   -0.0000    0.0248    0.7860
    3 H1     2px       -0.0000    0.0000   -0.0000    0.0000   -0.0000   -0.0000   -0.0000   -0.0086   -0.0000   -0.0000
    4 H1     2py       -0.0000    0.0000   -0.0000    0.0000   -0.0000    0.0000   -0.0000   -0.0033   -0.0000    0.0000
    5 H1     2pz        0.0190   -0.0453    0.0264   -0.0005   -0.1413    0.1047    0.0548    0.0000    0.0166    0.1762
    6 H2     1s         0.0931   -0.0821    0.1853   -0.1950   -1.1721    0.1768   -0.0447    0.0000    0.1314   -0.9840
    7 H2     2s        -0.1040    0.2466   -0.1360   -0.0571    0.0148   -0.4909   -0.2615    0.0000    0.2754   -0.5331
    8 H2     2px       -0.0000    0.0000   -0.0000    0.0000   -0.0000   -0.0000   -0.0000   -0.0367   -0.0000   -0.0000
    9 H2     2py       -0.0000   -0.0000   -0.0000    0.0000   -0.0000    0.0000    0.0000   -0.0142   -0.0000   -0.0000
   10 H2     2pz        0.0023   -0.0348   -0.0161    0.0573    0.0470    0.0395    0.0990    0.0000   -0.0068    0.2346
   11 H3     1s         0.2779   -0.3464   -0.0186    0.5214    1.2710    0.9150    0.7546   -0.0000   -0.1283    1.7748
   12 H3     2s        -0.0270    0.0050    0.0221    0.0659    0.1626    0.7572    0.1309   -0.0000    0.1320    1.4030
   13 H3     2px        0.0000   -0.0000    0.0000    0.0000    0.0000    0.0000    0.0000    0.0096   -0.0000   -0.0000
   14 H3     2py       -0.0000   -0.0000   -0.0000    0.0000   -0.0000    0.0000    0.0000    0.0037   -0.0000   -0.0000
   15 H3     2pz       -0.0052   -0.0214   -0.0425    0.0332    0.1078   -0.1450   -0.0495   -0.0000   -0.0258    0.2258
   16 H4     1s         0.2459   -0.0004   -0.3011    0.4627   -0.5813   -1.7142   -0.4928   -0.0000    0.0132   -1.9136
   17 H4     2s        -0.0690    0.1052    0.0792    0.1111   -0.1487   -0.7501   -0.0108   -0.0000    0.2422   -1.2977
   18 H4     2px       -0.0000    0.0000    0.0000   -0.0000    0.0000    0.0000   -0.0000    0.5105    0.0000    0.0000
   19 H4     2py        0.0000    0.0000   -0.0000   -0.0000   -0.0000    0.0000    0.0000    0.1981    0.0000   -0.0000
   20 H4     2pz       -0.0038   -0.0148   -0.0197   -0.0405   -0.2121    0.1180   -0.0816   -0.0000   -0.0048    0.2773
   21 H5     1s         0.2459    0.0004   -0.3011   -0.4627   -0.5813    1.7142   -0.4928    0.0000    0.0132    1.9136
   22 H5     2s        -0.0690   -0.1052    0.0792   -0.1111   -0.1487    0.7501   -0.0108    0.0000    0.2422    1.2977
   23 H5     2px       -0.0000    0.0000   -0.0000   -0.0000    0.0000    0.0000   -0.0000    0.5105    0.0000    0.0000
   24 H5     2py       -0.0000    0.0000   -0.0000    0.0000    0.0000   -0.0000    0.0000    0.1981    0.0000   -0.0000
   25 H5     2pz        0.0038   -0.0148    0.0197   -0.0405    0.2121    0.1180    0.0816   -0.0000    0.0048    0.2773
   26 H6     1s         0.2779    0.3464   -0.0186   -0.5214    1.2710   -0.9150    0.7546   -0.0000   -0.1283   -1.7748
   27 H6     2s        -0.0270   -0.0050    0.0221   -0.0659    0.1626   -0.7572    0.1309   -0.0000    0.1320   -1.4030
   28 H6     2px        0.0000   -0.0000    0.0000    0.0000    0.0000    0.0000   -0.0000    0.0096    0.0000    0.0000
   29 H6     2py       -0.0000    0.0000    0.0000    0.0000    0.0000   -0.0000    0.0000    0.0037    0.0000   -0.0000
   30 H6     2pz        0.0052   -0.0214    0.0425    0.0332   -0.1078   -0.1450    0.0495   -0.0000    0.0258    0.2258
   31 H7     1s         0.0931    0.0821    0.1853    0.1950   -1.1721   -0.1768   -0.0447    0.0000    0.1314    0.9840
   32 H7     2s        -0.1040   -0.2466   -0.1360    0.0571    0.0148    0.4909   -0.2615    0.0000    0.2754    0.5331
   33 H7     2px       -0.0000   -0.0000    0.0000    0.0000   -0.0000   -0.0000   -0.0000   -0.0367   -0.0000    0.0000
   34 H7     2py       -0.0000    0.0000    0.0000    0.0000   -0.0000   -0.0000    0.0000   -0.0142    0.0000   -0.0000
   35 H7     2pz       -0.0023   -0.0348    0.0161    0.0573   -0.0470    0.0395   -0.0990   -0.0000    0.0068    0.2346
   36 H8     1s         0.2001    0.4196    0.4005    0.4964    0.6499    0.5084   -0.4280   -0.0000   -0.2542   -0.5689
   37 H8     2s         0.0628    0.1079    0.0241    0.0801   -0.0351   -0.1102    0.1395    0.0000    0.0248   -0.7860
   38 H8     2px       -0.0000    0.0000    0.0000    0.0000   -0.0000   -0.0000   -0.0000   -0.0086    0.0000    0.0000
   39 H8     2py       -0.0000    0.0000    0.0000    0.0000   -0.0000   -0.0000    0.0000   -0.0033    0.0000   -0.0000
   40 H8     2pz       -0.0190   -0.0453   -0.0264   -0.0005    0.1413    0.1047   -0.0548   -0.0000   -0.0166    0.1762
 
 
      Orbital               11        12        13        14        15        16        17        18        19        20
      Energy            0.4347    0.4866    0.6315    0.6460    0.6460    0.7644    0.8940    1.0166    1.2392    1.2392
      Occ. No.          0.0000    0.0000    0.0000    0.0000    0.0000    0.0000    0.0000    0.0000    0.0000    0.0000
 
    1 H1     1s        -1.8610   -0.0000    4.0274    0.0000    0.0000    0.0000   -0.0000    4.2661    0.0000    0.0000
    2 H1     2s        -1.7702   -0.0000    3.1235    0.0000    0.0000    0.0000   -0.0000    3.1238    0.0000    0.0000
    3 H1     2px       -0.0000   -0.0438    0.0000    0.0968   -0.2494    0.3639   -0.1555   -0.0000   -0.5371    0.2084
    4 H1     2py       -0.0000    0.1127    0.0000   -0.2494   -0.0968    0.1412    0.4006   -0.0000   -0.2084   -0.5371
    5 H1     2pz       -0.3857   -0.0000    0.3885    0.0000    0.0000   -0.0000   -0.0000    0.3378   -0.0000    0.0000
    6 H2     1s         1.7448    0.0000   -7.2600   -0.0000   -0.0000   -0.0000    0.0000   -8.2806   -0.0000   -0.0000
    7 H2     2s         1.3308    0.0000   -5.6291   -0.0000   -0.0000   -0.0000    0.0000   -6.6812   -0.0000   -0.0000
    8 H2     2px       -0.0000   -0.0629    0.0000    0.1064   -0.2742    0.3105   -0.0956   -0.0000   -0.0036    0.0014
    9 H2     2py       -0.0000    0.1621    0.0000   -0.2742   -0.1064    0.1205    0.2463    0.0000   -0.0014   -0.0036
   10 H2     2pz       -0.4158   -0.0000    0.2698    0.0000    0.0000   -0.0000   -0.0000   -0.0065   -0.0000   -0.0000
   11 H3     1s        -0.8588   -0.0000    6.9647    0.0000    0.0000    0.0000   -0.0000    4.0607    0.0000    0.0000
   12 H3     2s        -0.6427   -0.0000    4.7359    0.0000    0.0000    0.0000   -0.0000    2.9986    0.0000    0.0000
   13 H3     2px        0.0000   -0.0856    0.0000    0.0934   -0.2407    0.1224    0.0160    0.0000    0.4410   -0.1711
   14 H3     2py       -0.0000    0.2206    0.0000   -0.2407   -0.0934    0.0475   -0.0412    0.0000    0.1711    0.4410
   15 H3     2pz       -0.2229   -0.0000   -0.0941   -0.0000   -0.0000   -0.0000    0.0000   -0.5042    0.0000    0.0000
   16 H4     1s         0.8243    0.0000   -8.4558   -0.0000   -0.0000    0.0000    0.0000    0.2088   -0.0000   -0.0000
   17 H4     2s         0.7941    0.0000   -6.1872   -0.0000   -0.0000    0.0000    0.0000    0.5442   -0.0000   -0.0000
   18 H4     2px        0.0000   -0.0960    0.0000    0.0355   -0.0915   -0.1460    0.1235    0.0000    0.2891   -0.1122
   19 H4     2py       -0.0000    0.2475    0.0000   -0.0915   -0.0355   -0.0567   -0.3183    0.0000    0.1122    0.2891
   20 H4     2pz       -0.1572   -0.0000   -0.2210   -0.0000   -0.0000    0.0000   -0.0000   -0.1220    0.0000    0.0000
   21 H5     1s         0.8243   -0.0000    8.4558    0.0000    0.0000   -0.0000   -0.0000    0.2088    0.0000    0.0000
   22 H5     2s         0.7941   -0.0000    6.1873    0.0000    0.0000   -0.0000   -0.0000    0.5443    0.0000    0.0000
   23 H5     2px        0.0000   -0.0960   -0.0000   -0.0355    0.0915   -0.1460    0.1235    0.0000   -0.2891    0.1122
   24 H5     2py       -0.0000    0.2475   -0.0000    0.0915    0.0355   -0.0567   -0.3183   -0.0000   -0.1122   -0.2891
   25 H5     2pz        0.1572    0.0000   -0.2210   -0.0000   -0.0000    0.0000   -0.0000    0.1220    0.0000    0.0000
   26 H6     1s        -0.8588    0.0000   -6.9647   -0.0000   -0.0000    0.0000   -0.0000    4.0607   -0.0000   -0.0000
   27 H6     2s        -0.6427    0.0000   -4.7359   -0.0000   -0.0000    0.0000   -0.0000    2.9986   -0.0000   -0.0000
   28 H6     2px        0.0000   -0.0856   -0.0000   -0.0934    0.2407    0.1224    0.0160    0.0000   -0.4409    0.1711
   29 H6     2py       -0.0000    0.2206   -0.0000    0.2407    0.0934    0.0475   -0.0412   -0.0000   -0.1711   -0.4410
   30 H6     2pz        0.2229    0.0000   -0.0941   -0.0000   -0.0000    0.0000   -0.0000    0.5042   -0.0000   -0.0000
   31 H7     1s         1.7448   -0.0000    7.2600    0.0000    0.0000   -0.0000    0.0000   -8.2806    0.0000    0.0000
   32 H7     2s         1.3308   -0.0000    5.6291    0.0000    0.0000   -0.0000    0.0000   -6.6811    0.0000    0.0000
   33 H7     2px        0.0000   -0.0629   -0.0000   -0.1064    0.2742    0.3105   -0.0956   -0.0000    0.0036   -0.0014
   34 H7     2py       -0.0000    0.1621   -0.0000    0.2742    0.1064    0.1205    0.2463    0.0000    0.0014    0.0036
   35 H7     2pz        0.4158    0.0000    0.2698    0.0000    0.0000    0.0000   -0.0000    0.0065   -0.0000   -0.0000
   36 H8     1s        -1.8610    0.0000   -4.0274   -0.0000   -0.0000    0.0000   -0.0000    4.2661   -0.0000   -0.0000
   37 H8     2s        -1.7702   -0.0000   -3.1235   -0.0000   -0.0000    0.0000   -0.0000    3.1238   -0.0000   -0.0000
   38 H8     2px       -0.0000   -0.0438   -0.0000   -0.0968    0.2494    0.3639   -0.1555   -0.0000    0.5371   -0.2084
   39 H8     2py       -0.0000    0.1127   -0.0000    0.2494    0.0968    0.1412    0.4006    0.0000    0.2084    0.5371
   40 H8     2pz        0.3857    0.0000    0.3885    0.0000    0.0000   -0.0000    0.0000   -0.3378    0.0000    0.0000
 
 
      Orbital               21        22        23        24        25        26        27        28        29        30
      Energy            1.3309    1.6425    1.7040    1.8283    1.9778    2.3094    2.3094    2.5231    3.0190    3.1022
      Occ. No.          0.0000    0.0000    0.0000    0.0000    0.0000    0.0000    0.0000    0.0000    0.0000    0.0000
 
    1 H1     1s        -3.5127   -0.0000   -0.0000    2.4063   -3.1341    0.0000   -0.0000   -4.4532    6.4367   -0.0000
    2 H1     2s        -2.3099   -0.0000   -0.0000    1.7816   -2.1909    0.0000   -0.0000   -2.6681    3.8286    0.0000
    3 H1     2px       -0.0000    0.6622   -0.2468    0.0000    0.0000    0.2605   -0.6713    0.0000   -0.0000    0.6154
    4 H1     2py       -0.0000    0.2570    0.6359    0.0000   -0.0000   -0.6713   -0.2605   -0.0000    0.0000    0.2388
    5 H1     2pz        0.1981   -0.0000   -0.0000    0.8361    0.2274    0.0000   -0.0000   -1.3207    1.1270   -0.0000
    6 H2     1s        12.4418    0.0000    0.0000   -1.9386   12.7093   -0.0000    0.0000    9.8830  -20.9835   -0.0000
    7 H2     2s         9.2828    0.0000    0.0000   -2.0338    9.6346   -0.0000    0.0000    6.8841  -14.6086   -0.0000
    8 H2     2px       -0.0000   -0.3987    0.1711   -0.0000    0.0000   -0.3655    0.9419   -0.0000    0.0000   -1.2514
    9 H2     2py       -0.0000   -0.1547   -0.4408   -0.0000    0.0000    0.9419    0.3656    0.0000    0.0000   -0.4857
   10 H2     2pz        0.5087   -0.0000   -0.0000    0.1129    0.5195   -0.0000    0.0000    0.0829   -0.3028   -0.0000
   11 H3     1s       -16.6389    0.0000   -0.0000   -6.9295  -19.2851    0.0000   -0.0000  -10.0783   39.0506    0.0000
   12 H3     2s       -12.4115    0.0000   -0.0000   -4.3461  -14.8553    0.0000   -0.0000   -7.6844   28.5217    0.0000
   13 H3     2px       -0.0000   -0.5303    0.1895   -0.0000    0.0000    0.0681   -0.1756   -0.0000   -0.0000    1.2288
   14 H3     2py        0.0000   -0.2058   -0.4882   -0.0000    0.0000   -0.1756   -0.0681    0.0000   -0.0000    0.4769
   15 H3     2pz        0.4275   -0.0000   -0.0000   -0.0492    0.1149    0.0000   -0.0000   -0.5998    0.9217   -0.0000
   16 H4     1s        12.2569   -0.0000   -0.0000   17.1802    9.5347   -0.0000   -0.0000    4.7229  -52.0305   -0.0000
   17 H4     2s         8.3460   -0.0000   -0.0000   12.3694    7.4941   -0.0000   -0.0000    3.3493  -38.2044   -0.0000
   18 H4     2px        0.0000    0.3455   -0.1761    0.0000   -0.0000    0.3011   -0.7757    0.0000   -0.0000   -0.4772
   19 H4     2py        0.0000    0.1341    0.4538    0.0000   -0.0000   -0.7757   -0.3011   -0.0000    0.0000   -0.1852
   20 H4     2pz       -0.2557   -0.0000   -0.0000    0.3982   -0.6936    0.0000   -0.0000    0.0383   -0.0015   -0.0000
   21 H5     1s       -12.2569    0.0000    0.0000  -17.1802    9.5348    0.0000    0.0000    4.7230   52.0305    0.0000
   22 H5     2s        -8.3460    0.0000    0.0000  -12.3694    7.4942    0.0000    0.0000    3.3493   38.2045    0.0000
   23 H5     2px       -0.0000    0.3455   -0.1761    0.0000   -0.0000   -0.3011    0.7757   -0.0000   -0.0000   -0.4772
   24 H5     2py       -0.0000    0.1341    0.4538    0.0000   -0.0000    0.7757    0.3011    0.0000    0.0000   -0.1852
   25 H5     2pz       -0.2557   -0.0000   -0.0000    0.3982    0.6936   -0.0000    0.0000   -0.0383   -0.0015   -0.0000
   26 H6     1s        16.6389   -0.0000   -0.0000    6.9295  -19.2851    0.0000   -0.0000  -10.0784  -39.0507   -0.0000
   27 H6     2s        12.4115   -0.0000   -0.0000    4.3461  -14.8553    0.0000   -0.0000   -7.6844  -28.5217   -0.0000
   28 H6     2px       -0.0000   -0.5303    0.1895   -0.0000    0.0000   -0.0681    0.1756   -0.0000   -0.0000    1.2288
   29 H6     2py       -0.0000   -0.2058   -0.4882   -0.0000   -0.0000    0.1756    0.0681    0.0000   -0.0000    0.4769
   30 H6     2pz        0.4275    0.0000    0.0000   -0.0492   -0.1149   -0.0000    0.0000    0.5998    0.9217   -0.0000
   31 H7     1s       -12.4417   -0.0000   -0.0000    1.9386   12.7092   -0.0000    0.0000    9.8830   20.9834    0.0000
   32 H7     2s        -9.2827   -0.0000   -0.0000    2.0338    9.6346   -0.0000    0.0000    6.8841   14.6085    0.0000
   33 H7     2px       -0.0000   -0.3987    0.1711   -0.0000    0.0000    0.3656   -0.9419    0.0000    0.0000   -1.2514
   34 H7     2py       -0.0000   -0.1547   -0.4408   -0.0000   -0.0000   -0.9419   -0.3656   -0.0000    0.0000   -0.4857
   35 H7     2pz        0.5087   -0.0000   -0.0000    0.1129   -0.5195    0.0000   -0.0000   -0.0829   -0.3028   -0.0000
   36 H8     1s         3.5127    0.0000    0.0000   -2.4063   -3.1341    0.0000   -0.0000   -4.4532   -6.4367    0.0000
   37 H8     2s         2.3099    0.0000    0.0000   -1.7816   -2.1909    0.0000   -0.0000   -2.6681   -3.8286   -0.0000
   38 H8     2px        0.0000    0.6622   -0.2468    0.0000    0.0000   -0.2605    0.6713   -0.0000   -0.0000    0.6154
   39 H8     2py        0.0000    0.2570    0.6359    0.0000    0.0000    0.6713    0.2605    0.0000   -0.0000    0.2388
   40 H8     2pz        0.1981   -0.0000   -0.0000    0.8361   -0.2274   -0.0000    0.0000    1.3207    1.1270   -0.0000
 
 
      Orbital               31        32        33        34        35        36        37        38        39        40
      Energy            3.1103    3.1219    3.9982    4.0532    4.0533    4.9753    5.9468    6.9549    7.6404    8.4166
      Occ. No.          0.0000    0.0000    0.0000    0.0000    0.0000    0.0000    0.0000    0.0000    0.0000    0.0000
 
    1 H1     1s         0.0000    0.3389   -3.7525   -0.0000    0.0000    3.5426   -2.8052   -2.2273   -0.6465    0.3186
    2 H1     2s         0.0000   -0.4331   -1.3300   -0.0000    0.0000    0.7590   -0.0877    0.2536    0.7845   -0.7587
    3 H1     2px       -0.2368    0.0000   -0.0000    0.1536   -0.3957   -0.0000    0.0000    0.0000    0.0000   -0.0000
    4 H1     2py        0.6101    0.0000    0.0000   -0.3957   -0.1536    0.0000   -0.0000   -0.0000    0.0000    0.0000
    5 H1     2pz       -0.0000    0.8469   -1.2258   -0.0000    0.0000    1.1654   -0.9747   -0.7338   -0.2670    0.0791
    6 H2     1s        -0.0000    5.0719    6.0291    0.0000   -0.0000   -2.4184   -1.9739   -4.4375   -5.9843    4.3722
    7 H2     2s        -0.0000    4.7017    2.7693    0.0000   -0.0000   -0.4477   -1.6423   -1.9342   -2.1776    0.8156
    8 H2     2px        0.4819   -0.0000    0.0000   -0.3791    0.9769    0.0000   -0.0000   -0.0000   -0.0000    0.0000
    9 H2     2py       -1.2416   -0.0000   -0.0000    0.9769    0.3791    0.0000    0.0000   -0.0000   -0.0000    0.0000
   10 H2     2pz       -0.0000    0.5658   -0.9585   -0.0000    0.0000    1.9940   -2.9644   -3.4141   -2.7326    1.9859
   11 H3     1s         0.0000  -15.7785   -4.4109   -0.0000    0.0000   -3.5861    8.4504    5.6735    0.6130    4.2970
   12 H3     2s         0.0000  -12.7470   -2.5323   -0.0000    0.0000   -1.8896    3.4385    1.7032    0.2830    0.8124
   13 H3     2px       -0.4781    0.0000   -0.0000    0.5681   -1.4637    0.0000    0.0000    0.0000   -0.0000   -0.0000
   14 H3     2py        1.2319    0.0000    0.0000   -1.4637   -0.5681    0.0000   -0.0000    0.0000    0.0000   -0.0000
   15 H3     2pz        0.0000    0.0910    0.3477    0.0000   -0.0000   -0.6289   -0.2985   -2.6884   -4.5102    4.9060
   16 H4     1s        -0.0000   23.6903    2.1988    0.0000   -0.0000    7.5902   -3.6236    5.0401    6.0490    0.9684
   17 H4     2s        -0.0000   18.9492    1.0093    0.0000   -0.0000    3.8352   -1.7787    1.6189    1.0601   -0.2523
   18 H4     2px        0.1981   -0.0000    0.0000   -0.6721    1.7317   -0.0000   -0.0000   -0.0000    0.0000    0.0000
   19 H4     2py       -0.5104   -0.0000   -0.0000    1.7317    0.6721   -0.0000    0.0000    0.0000   -0.0000    0.0000
   20 H4     2pz       -0.0000    0.3764   -1.1093   -0.0000    0.0000    1.0632    1.2112    1.0388   -2.2641    6.9105
   21 H5     1s         0.0000  -23.6903    2.1988    0.0000    0.0000   -7.5902   -3.6235   -5.0401    6.0491   -0.9684
   22 H5     2s         0.0000  -18.9492    1.0093    0.0000    0.0000   -3.8352   -1.7787   -1.6189    1.0602    0.2523
   23 H5     2px        0.1981   -0.0000   -0.0000    0.6721   -1.7317   -0.0000   -0.0000   -0.0000    0.0000    0.0000
   24 H5     2py       -0.5104   -0.0000    0.0000   -1.7317   -0.6721   -0.0000   -0.0000   -0.0000    0.0000    0.0000
   25 H5     2pz       -0.0000    0.3764    1.1092    0.0000   -0.0000    1.0632   -1.2112    1.0388    2.2641    6.9106
   26 H6     1s        -0.0000   15.7786   -4.4109   -0.0000    0.0000    3.5861    8.4504   -5.6734    0.6129   -4.2971
   27 H6     2s        -0.0000   12.7470   -2.5323   -0.0000    0.0000    1.8896    3.4385   -1.7032    0.2829   -0.8124
   28 H6     2px       -0.4781    0.0000    0.0000   -0.5681    1.4637    0.0000    0.0000    0.0000   -0.0000   -0.0000
   29 H6     2py        1.2319    0.0000   -0.0000    1.4637    0.5681    0.0000   -0.0000   -0.0000    0.0000    0.0000
   30 H6     2pz        0.0000    0.0910   -0.3477   -0.0000    0.0000   -0.6289    0.2985   -2.6884    4.5102    4.9060
   31 H7     1s         0.0000   -5.0719    6.0291    0.0000   -0.0000    2.4184   -1.9739    4.4375   -5.9843   -4.3722
   32 H7     2s         0.0000   -4.7017    2.7693    0.0000   -0.0000    0.4476   -1.6423    1.9342   -2.1776   -0.8156
   33 H7     2px        0.4819   -0.0000   -0.0000    0.3791   -0.9769   -0.0000   -0.0000    0.0000    0.0000    0.0000
   34 H7     2py       -1.2416   -0.0000    0.0000   -0.9769   -0.3791    0.0000    0.0000    0.0000   -0.0000    0.0000
   35 H7     2pz       -0.0000    0.5658    0.9585    0.0000   -0.0000    1.9940    2.9644   -3.4141    2.7326    1.9859
   36 H8     1s        -0.0000   -0.3389   -3.7525   -0.0000    0.0000   -3.5426   -2.8052    2.2273   -0.6465   -0.3186
   37 H8     2s        -0.0000    0.4331   -1.3300   -0.0000    0.0000   -0.7590   -0.0877   -0.2536    0.7845    0.7587
   38 H8     2px       -0.2368    0.0000    0.0000   -0.1536    0.3957    0.0000    0.0000   -0.0000   -0.0000   -0.0000
   39 H8     2py        0.6101    0.0000   -0.0000    0.3957    0.1536   -0.0000   -0.0000   -0.0000    0.0000    0.0000
   40 H8     2pz       -0.0000    0.8469    1.2258    0.0000   -0.0000    1.1654    0.9747   -0.7338    0.2670    0.0791
--
 
      Von Neumann Entropy (Root  1) =  0.31296
 

      Mulliken population analysis for root number:  1
      -----------------------------------------------
 
 
++    Molecular charges:
      ------------------
 
      Mulliken charges per centre and basis function type
      ---------------------------------------------------
 
                H1      H2      H3      H4      H5      H6      H7      H8    
      1s       1.4057  0.3967  1.0910  0.8543  0.8543  1.0910  0.3967  1.4057
      2s       0.0039  0.0738 -0.0480 -0.0050 -0.0050 -0.0480  0.0738  0.0039
      2px     -0.0000 -0.0000  0.0000  0.0015  0.0015  0.0000 -0.0000 -0.0000
      2pz      0.0441  0.0873  0.0602  0.0343  0.0343  0.0602  0.0873  0.0441
      2py     -0.0000 -0.0000  0.0000  0.0002  0.0002  0.0000 -0.0000 -0.0000
      Total    1.4537  0.5577  1.1032  0.8853  0.8853  1.1032  0.5577  1.4537
 
      N-E     -0.4537  0.4423 -0.1032  0.1147  0.1147 -0.1032  0.4423 -0.4537
 
      Total electronic charge=    8.000000
 
      Total            charge=   -0.000000
--
 
 

      Expectation values of various properties for root number:  1
      -----------------------------------------------------------
 
 
++    Molecular properties:
      ---------------------
 
      Charge (e):
                      =   -0.0000
      Dipole Moment (Debye):
      Origin of the operator (Ang)=    0.0000    0.0000    0.0000
                   X=  1.8342E-13               Y=  1.2831E-13               Z=  3.2482E-06           Total=  3.2482E-06
      Quadrupole Moment (Debye*Ang):
      Origin of the operator (Ang)=    0.0000    0.0000    2.4394
                  XX= -7.4334E+00              XY= -2.1706E-03              XZ= -4.4908E-13              YY= -7.4287E+00
                  YZ= -4.3212E-13              ZZ= -1.4851E+01
      In traceless form (Debye*Ang)
                  XX=  3.7065E+00              XY= -3.2559E-03              XZ= -6.7362E-13              YY=  3.7136E+00
                  YZ= -6.4817E-13              ZZ= -7.4200E+00
--
 

      LoProp population analysis for root number:  1
      -----------------------------------------------
 
 
++    LoProp analysis:
      ----------------
 
 
 
  Input file to MOLDEN was generated!
 
 
++    Static properties:
      ------------------
 
 
      LoProp Charges per center
 

                   H1       H2       H3       H4       H5       H6       H7       H8    
      Nuclear      1.0000   1.0000   1.0000   1.0000   1.0000   1.0000   1.0000   1.0000
      Electronic  -1.1060  -0.9581  -0.9704  -0.9655  -0.9655  -0.9704  -0.9581  -1.1060
 
      Total       -0.1060   0.0419   0.0296   0.0345   0.0345   0.0296   0.0419  -0.1060
--
 
 
      Natural Bond Order analysis for root number:  1
 
++    Natural Bond Order analysis
      ---------------------------
      Based on LoProp computed density
      -------------------------------------------------------------------------------------
      Atom A       Atom B       Bond Order | Atom A       Atom B       Bond Order
        H1           H2             0.919  |   H3           H4             0.891
        H7           H8             0.919  |   H5           H6             0.891
      -------------------------------------------------------------------------------------
      NBO located      7.243 electrons involved in    4 bonds.
      The remaining    0.757 electrons are to be considered as diffuse
--
 
--
 
 
  Input file to MOLDEN was generated!
 
      Average orbitals are written to the RASORB file
      Natural orbitals for root   1 are written to the RASORB.1 file
      Spin density orbitals for root   1 are written to the SPDORB.1 file
 
forrtl: warning (525): IEEE_DIVIDE_BY_ZERO is signaling
forrtl: warning (526): IEEE_INVALID is signaling
forrtl: warning (528): IEEE_UNDERFLOW is signaling
--- Stop Module: rasscf at Sun Oct 26 13:01:41 2025 /rc=_RC_ALL_IS_WELL_ ---
*** files: H8_0.70.LprOrb H8_0.70.rasscf.molden H8_0.70.LoProp.molden H8_0.70.RasOrb.1 H8_0.70.RasOrb H8_0.70.rasscf.h5 H8_0.70.SpdOrb.1 xmldump
    saved to directory /home/grierjones/DDCASPT2/hydrogen_comps/rerun/H8_chain/H8_0.70

>>> COPY /tmp/H8_0.70/H8_0.70.rasscf.h5 /home/grierjones/DDCASPT2/hydrogen_comps/rerun/H8_chain/H8_0.70/

>>> COPY /tmp/H8_0.70/GMJ_Fock_MO.csv /home/grierjones/DDCASPT2/hydrogen_comps/rerun/H8_chain/H8_0.70/H8_0.70.GMJ_Fock_MO.csv

*** symbolic link created: INPORB -> H8_0.70.RasOrb
--- Start Module: motra at Sun Oct 26 13:01:41 2025 ---
 
()()()()()()()()()()()()()()()()()()()()()()()()()()()()()()()()()()()()()()()()()()()()()()()()()()

                                               &MOTRA

                                   only a single process is used
                       available to each process: 2.0 GB of memory, 1 thread?
()()()()()()()()()()()()()()()()()()()()()()()()()()()()()()()()()()()()()()()()()()()()()()()()()()
 
 
      *** WARNING: Default frozen orbitals is overwritten by user input.
      *** Default values:   0
 
      Header of the integral files:
      
       Integrals generated by seward 4.2.0  , Sun Oct 26 13:01:39 2025
 
 
      Header of MO coefficients source file:
      * RASSCF average (pseudo-natural) orbitals                                      
 
 
      Cartesian coordinates in Angstrom:
      -----------------------------------------------------
      No.  Label        X            Y            Z        
      -----------------------------------------------------
       1   H1         0.00000000   0.00000000   0.00000000
       2   H2         0.00000000   0.00000000   0.69697000
       3   H3         0.00000000   0.00000000   1.39393900
       4   H4         0.00000000   0.00000000   2.09090900
       5   H5         0.00000000   0.00000000   2.78787900
       6   H6         0.00000000   0.00000000   3.48484800
       7   H7         0.00000000   0.00000000   4.18181800
       8   H8         0.00000000   0.00000000   4.87878800
      -----------------------------------------------------
      Nuclear repulsion energy =   10.43432287
 
      Orbital specifications:
      -----------------------
 
      Symmetry species:              1
      Number of basis functions:    40
      Frozen orbitals:               0
      Deleted orbitals:              0
      Number of orbitals used:      40

       SYMMETRY  BASIS FUNCTIONS       ORBITALS      INTEGRALS   CPU(SEC)  I/O(SEC)
        1 1 1 1   40  40  40  40    40  40  40  40      336610       0.00      0.00

       TOTAL CPU TIME(SEC)    0.20TOTAL I/O TIME(SEC)    0.50
 
--- Stop Module: motra at Sun Oct 26 13:01:42 2025 /rc=_RC_ALL_IS_WELL_ ---
*** files: xmldump
    saved to directory /home/grierjones/DDCASPT2/hydrogen_comps/rerun/H8_chain/H8_0.70

>>> COPY /tmp/H8_0.70/GMJ_one_int_indx.csv /home/grierjones/DDCASPT2/hydrogen_comps/rerun/H8_chain/H8_0.70/H8_0.70.GMJ_one_int_indx.csv

>>> COPY /tmp/H8_0.70/GMJ_one_int.csv /home/grierjones/DDCASPT2/hydrogen_comps/rerun/H8_chain/H8_0.70/H8_0.70.GMJ_one_int.csv

>>> COPY /tmp/H8_0.70/GMJ_two_int_indx.csv /home/grierjones/DDCASPT2/hydrogen_comps/rerun/H8_chain/H8_0.70/H8_0.70.GMJ_two_int_indx.csv

>>> COPY /tmp/H8_0.70/GMJ_two_int.csv /home/grierjones/DDCASPT2/hydrogen_comps/rerun/H8_chain/H8_0.70/H8_0.70.GMJ_two_int.csv

*** symbolic link created: INPORB -> H8_0.70.RasOrb
--- Start Module: caspt2 at Sun Oct 26 13:01:42 2025 ---
 
()()()()()()()()()()()()()()()()()()()()()()()()()()()()()()()()()()()()()()()()()()()()()()()()()()

                                              &CASPT2

                                   only a single process is used
                       available to each process: 2.0 GB of memory, 1 thread?
()()()()()()()()()()()()()()()()()()()()()()()()()()()()()()()()()()()()()()()()()()()()()()()()()()
 
 Cholesky algorithm in CASPT2 =    1
 
 ###############################################################################
 ###############################################################################
 ###                                                                         ###
 ###                                                                         ###
 ###    User changed nr of frozen orbitals.                                  ###
 ###                                                                         ###
 ###                                                                         ###
 ###############################################################################
 ###############################################################################
 
++    Wave function specifications:
      -----------------------------
 
      Number of closed shell electrons           0
      Number of electrons in active shells       8
      Max number of holes in RAS1 space          0
      Max number of electrons in RAS3 space      0
      Number of inactive orbitals                0
      Number of active orbitals                  8
      Number of secondary orbitals              32
      Spin quantum number                      0.0
      State symmetry                             1
      Number of CSFs                          1764
      Number of root(s) available                1
      Root passed to geometry opt.               1
      A file JOBMIX will be created.
      This is a CASSCF or RASSCF reference function
--
 
++    Orbital specifications:
      -----------------------
 
      Symmetry species                           1
                                                 a
      Frozen orbitals                            0
      Inactive orbitals                          0
      Active orbitals                            8
      Secondary orbitals                        32
      Deleted orbitals                           0
      Number of basis functions                 40
--
 
      Type of Fock operator: STANDARD
      Type of 0-order Hamiltonian: STANDARD WITH DEFAULT IPEA
        "IP-EA" denominator shift =      0.25
      The input orbitals and the CI vector will be transformed.
 
--------------------------------------------------------------------------------
 Estimated memory requirements:
  POLY3 :                   450746
  RHS:                      417296
  SIGMA :                   326032
  PRPCTL:                        0
 Available workspace:    230388092
 
++ CASPT2 computation for group   1
 
********************************************************************************
 Multi-State initialization phase begins for group   1
--------------------------------------------------------------------------------
********************************************************************************
 Compute H0 matrices for state    1
--------------------------------------------------------------------------------
--------------------------------------------------------------------------------
 H0 matrices have been computed.
 
********************************************************************************
  CASPT2 EQUATION SOLUTION
--------------------------------------------------------------------------------
 
  Total nr of CASPT2 parameters:
   Before reduction:       49280
   After  reduction:       48768
 
 The contributions to the second order correlation energy in atomic units.
-----------------------------------------------------------------------------------------------------------------------------
  IT.      VJTU        VJTI        ATVX        AIVX        VJAI        BVAT        BJAT        BJAI        TOTAL       RNORM  
-----------------------------------------------------------------------------------------------------------------------------
   1     0.000000    0.000000   -0.028844    0.000000    0.000000   -0.053332    0.000000    0.000000   -0.082176    0.006368
   2     0.000000    0.000000   -0.029169    0.000000    0.000000   -0.053485    0.000000    0.000000   -0.082654    0.001146
   3     0.000000    0.000000   -0.029184    0.000000    0.000000   -0.053494    0.000000    0.000000   -0.082678    0.000240
   4     0.000000    0.000000   -0.029171    0.000000    0.000000   -0.053493    0.000000    0.000000   -0.082664    0.000038
   5     0.000000    0.000000   -0.029171    0.000000    0.000000   -0.053493    0.000000    0.000000   -0.082664    0.000008
   6     0.000000    0.000000   -0.029171    0.000000    0.000000   -0.053493    0.000000    0.000000   -0.082664    0.000002
-------------------------------------------------------------------------------------------------------------------
 
  FINAL CASPT2 RESULT:
 
  Correlation energy /Case, /Symm, and sums:
 VJTU      0.00000000  0.00000000
 VJTIP     0.00000000  0.00000000
 VJTIM     0.00000000  0.00000000
 ATVX     -0.02917124 -0.02917124
 AIVX      0.00000000  0.00000000
 VJAIP     0.00000000  0.00000000
 VJAIM     0.00000000  0.00000000
 BVATP    -0.04810374 -0.04810374
 BVATM    -0.00538899 -0.00538899
 BJATP     0.00000000  0.00000000
 BJATM     0.00000000  0.00000000
 BJAIP     0.00000000  0.00000000
 BJAIM     0.00000000  0.00000000
 Summed:  -0.08266397 -0.08266397
 
      Reference energy:          -4.1467087677
      E2 (Non-variational):      -0.0826639659
      E2 (Variational):          -0.0826639584
      Total energy:              -4.2293727261
      Residual norm:              0.0000002594
      Reference weight:           0.97601
 
      Contributions to the CASPT2 correlation energy
      Active & Virtual Only:         -0.0826639659
      One Inactive Excited:           0.0000000000
      Two Inactive Excited:           0.0000000000
 
 
++ Denominators, etc.
----------------------------------------------------------------------------------------------------
 Report on small energy denominators, large coefficients, and large energy contributions.
CASE  SYMM ACTIVE-MIX  NON-ACTIVE INDICES          DENOMINATOR     RHS VALUE       COEFFICIENT     CONTRIBUTION
--
 
   (Skipping property calculation,
    use PROP keyword to activate)
--
 
  Total CASPT2 energies:
::    CASPT2 Root  1     Total energy:     -4.22937273
 
  A NEW JOBIPH FILE NAMED 'JOBMIX' IS PREPARED.
********************************************************************************
forrtl: warning (528): IEEE_UNDERFLOW is signaling
--- Stop Module: caspt2 at Sun Oct 26 13:01:43 2025 /rc=_RC_ALL_IS_WELL_ ---
*** files: xmldump
    saved to directory /home/grierjones/DDCASPT2/hydrogen_comps/rerun/H8_chain/H8_0.70

>>> EXPORT i = B

>>> EXPORT j = P

>>> IF (-FILE GMJ_e2_${i}_${j}_1_.csv)
(Skipped)

>>> END FOREACH

>>> EXPORT j = M

>>> IF (-FILE GMJ_e2_${i}_${j}_1_.csv)
(Skipped)

>>> END FOREACH

>>> END FOREACH

>>> EXPORT i = E

>>> EXPORT j = P

>>> IF (-FILE GMJ_e2_${i}_${j}_1_.csv)
(Skipped)

>>> END FOREACH

>>> EXPORT j = M

>>> IF (-FILE GMJ_e2_${i}_${j}_1_.csv)
(Skipped)

>>> END FOREACH

>>> END FOREACH

>>> EXPORT i = F

>>> EXPORT j = P

>>> IF (-FILE GMJ_e2_${i}_${j}_1_.csv)

>>> COPY /tmp/H8_0.70/GMJ_RHS_F_P_1_.csv /home/grierjones/DDCASPT2/hydrogen_comps/rerun/H8_chain/H8_0.70/GMJ_RHS_F_P_1_.csv

>>> COPY /tmp/H8_0.70/GMJ_IVECW_F_P_1_.csv /home/grierjones/DDCASPT2/hydrogen_comps/rerun/H8_chain/H8_0.70/GMJ_IVECW_F_P_1_.csv

>>> COPY /tmp/H8_0.70/GMJ_IVECX_F_P_1_.csv /home/grierjones/DDCASPT2/hydrogen_comps/rerun/H8_chain/H8_0.70/GMJ_IVECX_F_P_1_.csv

>>> COPY /tmp/H8_0.70/GMJ_IVECC2_F_P_1_.csv /home/grierjones/DDCASPT2/hydrogen_comps/rerun/H8_chain/H8_0.70/GMJ_IVECC2_F_P_1_.csv

>>> COPY /tmp/H8_0.70/GMJ_e2_F_P_1_.csv /home/grierjones/DDCASPT2/hydrogen_comps/rerun/H8_chain/H8_0.70/GMJ_e2_F_P_1_.csv

>>> END FOREACH

>>> EXPORT j = M

>>> IF (-FILE GMJ_e2_${i}_${j}_1_.csv)

>>> COPY /tmp/H8_0.70/GMJ_RHS_F_M_1_.csv /home/grierjones/DDCASPT2/hydrogen_comps/rerun/H8_chain/H8_0.70/GMJ_RHS_F_M_1_.csv

>>> COPY /tmp/H8_0.70/GMJ_IVECW_F_M_1_.csv /home/grierjones/DDCASPT2/hydrogen_comps/rerun/H8_chain/H8_0.70/GMJ_IVECW_F_M_1_.csv

>>> COPY /tmp/H8_0.70/GMJ_IVECX_F_M_1_.csv /home/grierjones/DDCASPT2/hydrogen_comps/rerun/H8_chain/H8_0.70/GMJ_IVECX_F_M_1_.csv

>>> COPY /tmp/H8_0.70/GMJ_IVECC2_F_M_1_.csv /home/grierjones/DDCASPT2/hydrogen_comps/rerun/H8_chain/H8_0.70/GMJ_IVECC2_F_M_1_.csv

>>> COPY /tmp/H8_0.70/GMJ_e2_F_M_1_.csv /home/grierjones/DDCASPT2/hydrogen_comps/rerun/H8_chain/H8_0.70/GMJ_e2_F_M_1_.csv

>>> END FOREACH

>>> END FOREACH

>>> EXPORT i = G

>>> EXPORT j = P

>>> IF (-FILE GMJ_e2_${i}_${j}_1_.csv)
(Skipped)

>>> END FOREACH

>>> EXPORT j = M

>>> IF (-FILE GMJ_e2_${i}_${j}_1_.csv)
(Skipped)

>>> END FOREACH

>>> END FOREACH

>>> EXPORT i = H

>>> EXPORT j = P

>>> IF (-FILE GMJ_e2_${i}_${j}_1_.csv)
(Skipped)

>>> END FOREACH

>>> EXPORT j = M

>>> IF (-FILE GMJ_e2_${i}_${j}_1_.csv)
(Skipped)

>>> END FOREACH

>>> END FOREACH

>>> EXPORT i = A

>>> IF (-FILE GMJ_e2_${i}_1_.csv)
(Skipped)

>>> END FOREACH

>>> EXPORT i = C

>>> IF (-FILE GMJ_e2_${i}_1_.csv)

>>> COPY /tmp/H8_0.70/GMJ_RHS_C_1_.csv /home/grierjones/DDCASPT2/hydrogen_comps/rerun/H8_chain/H8_0.70/GMJ_RHS_C_1_.csv

>>> COPY /tmp/H8_0.70/GMJ_IVECW_C_1_.csv /home/grierjones/DDCASPT2/hydrogen_comps/rerun/H8_chain/H8_0.70/GMJ_IVECW_C_1_.csv

>>> COPY /tmp/H8_0.70/GMJ_IVECX_C_1_.csv /home/grierjones/DDCASPT2/hydrogen_comps/rerun/H8_chain/H8_0.70/GMJ_IVECX_C_1_.csv

>>> COPY /tmp/H8_0.70/GMJ_IVECC2_C_1_.csv /home/grierjones/DDCASPT2/hydrogen_comps/rerun/H8_chain/H8_0.70/GMJ_IVECC2_C_1_.csv

>>> COPY /tmp/H8_0.70/GMJ_e2_C_1_.csv /home/grierjones/DDCASPT2/hydrogen_comps/rerun/H8_chain/H8_0.70/GMJ_e2_C_1_.csv

>>> END FOREACH

>>> EXPORT i = D

>>> IF (-FILE GMJ_e2_${i}_1_.csv)
(Skipped)

>>> END FOREACH

.########################.
.# Non-zero return code #.
.########################.

    Timing: Wall=3.69 User=2.68 System=1.01
***************************************
*** WorkDir at /tmp/H8_0.70 cleaned ***
***************************************
