   This run of MOLCAS is using the pymolcas driver

                             OPE
                             OPE          NMOL  CASOP  ENMOLC A   SO
                 OPE        NMOLC        AS  OP EN  MO LC     AS  OP
                OPENM       OL CA        SO  PE NM  OL CA     SOP EN
                OP EN      MO   LC       AS  OP ENMOL  CASO   PENMOL
                OP  EN     MO   LC       AS  OP EN     MO     LC ASO
               OP   E  NMOL  C  AS       OP  EN MO     LC     AS  OP
               OP  E   NMO   LC AS        OPEN  MO     LCASOP EN   M
               O  PEN   MO  LCA  SO
            OPE   NMO   L   CAS    OP
        OPENMOL  CASOP     ENMOL   CASOPE
     OPENMOLCA   SOPENMOLCASOPEN   MOLCASOPE
    OPENMOLCAS   OP           EN   MOL    CAS
    OPENMOLCAS       OP  ENM        O     LCA
    OPENMOLCAS    OPEN  MOLCASO     P  E  NMO
    OPENMOLCAS     OP               E  N  MOL
    OPENMOLCA   SO           PENM   O  L  CAS    OPEN    MO    LCAS
    OPENMOLCA   SOP           ENM   O  L  CAS   OP  EN  MOLC  AS   O
    OPENMOLCA   SOPE           NM      O  LCA   S      OP  EN MO
    OPENMOLC                AS         O  PEN   M      OL  CA  SOPE
    OPENMO        LCASOPE  NMOL        C  ASO   P      ENMOLC     AS
    OPE     NMO      LCA  SO     P     E   NM   OL  CA SO  PE N   MO
          OPENMOLCA            SOPE   NMO        LCAS  O    P  ENMO
     OPENMOLCASOPENMOLCASOPENMOLCASOPENMOLCA
        OPENMOLCASOPENMOLCASOPENMOLCASOPE
            OPENMOLCASOPENMOLCASOPENM
               OPENMOLCASOPENMOLCA        version: f37762c57
                   OPENMOLCASO
                       OPE                tag:

 OpenMolcas is free software; you can redistribute it and/or modify it
 under the terms of the GNU Lesser General Public License version 2.1.
 OpenMolcas is distributed in the hope that it will be useful, but it
 is provided "as is" and without any express or implied warranties.
 For more details see the full text of the license in the file
 LICENSE or in <http://www.gnu.org/licenses/>.

                 Copyright (C) The OpenMolcas Authors
           For the author list and the recommended citation,
                   consult the file CONTRIBUTORS.md

           *************************************************
           * pymolcas version py2.28                       *
           *   build c4a6d18ded8cb6cad61d2372a9abd97c      *
           *   (after the EMIL interpreter by V. Veryazov) *
           *************************************************

configuration info
------------------
C Compiler ID: Intel
C flags: -std=gnu99 -gcc-sys
Fortran Compiler ID: IntelLLVM
Fortran flags: -standard-semantics -fltconsistency -fpp -i8 -heap-arrays
Definitions: _MOLCAS_;_I8_;_LINUX_
Parallel: OFF (GA=OFF)


   --------------------------------------------------------------------------------------
  |
  |              Project: H4_2.10
  |       Submitted from: ${LOCALHOME}/DDCASPT2/hydrogen_comps/rerun/H4_chain/H4_2.10
  |         Scratch area: /tmp/H4_2.10
  |      Save outputs to: ${LOCALHOME}/DDCASPT2/hydrogen_comps/rerun/H4_chain/H4_2.10
  |               Molcas: ${LOCALHOME}/Test/build
  |
  | Scratch area is empty
  |
  |       MOLCAS_DRIVER = /usr/local/pymolcas
  | MOLCAS_KEEP_WORKDIR = NO
  |  MOLCAS_NEW_WORKDIR = YES
  |       MOLCAS_NPROCS = 1
  |        MOLCAS_PRINT = NORMAL
  |       MOLCAS_SOURCE = ${LOCALHOME}/Test
  |    MOLCAS_STRUCTURE = 0
  |
   --------------------------------------------------------------------------------------

++ ---------   Input file   ---------

&GATEWAY
coord=H4_2.10.xyz
Basis = ANO-RCC-VDZP
Group = nosymm
End of Input

&SEWARD
End of Input

&SCF

>>> COPY $WorkDir/H4_2.10.scf.h5 $CurrDir/

&RASSCF
Title= RASSCF
FileOrb
${LOCALHOME}/DDCASPT2/hydrogen_comps/rerun/H4_chain/H4_0.60/H4_0.60.RasOrb
NACTEL
4 0 0
Inactive
0
RAS2
4
Symmetry
1
Spin
1
orblisting
all

>>> COPY $WorkDir/H4_2.10.rasscf.h5 $CurrDir/

>>> COPY $WorkDir/DDCASPT2_Fock_MO.csv $CurrDir/H4_2.10.DDCASPT2_Fock_MO.csv

&MOTRA
Frozen=0
LUMORB

>>> COPY $WorkDir/DDCASPT2_one_int_indx.csv $CurrDir/H4_2.10.DDCASPT2_one_int_indx.csv

>>> COPY $WorkDir/DDCASPT2_one_int.csv $CurrDir/H4_2.10.DDCASPT2_one_int.csv

>>> COPY $WorkDir/DDCASPT2_two_int_indx.csv $CurrDir/H4_2.10.DDCASPT2_two_int_indx.csv

>>> COPY $WorkDir/DDCASPT2_two_int.csv $CurrDir/H4_2.10.DDCASPT2_two_int.csv

&CASPT2
Frozen
0

MAXITER
50

>>> FOREACH i IN (B,E,F,G,H)

  >>> FOREACH j IN (P,M)

    >>> IF (-FILE DDCASPT2_e2_${i}_${j}_1_.csv)

      >>> COPY $WorkDir/DDCASPT2_RHS_${i}_${j}_1_.csv $CurrDir/DDCASPT2_RHS_${i}_${j}_1_.csv

      >>> COPY $WorkDir/DDCASPT2_IVECW_${i}_${j}_1_.csv $CurrDir/DDCASPT2_IVECW_${i}_${j}_1_.csv

      >>> COPY $WorkDir/DDCASPT2_IVECX_${i}_${j}_1_.csv $CurrDir/DDCASPT2_IVECX_${i}_${j}_1_.csv

      >>> COPY $WorkDir/DDCASPT2_IVECC2_${i}_${j}_1_.csv $CurrDir/DDCASPT2_IVECC2_${i}_${j}_1_.csv

      >>> COPY $WorkDir/DDCASPT2_e2_${i}_${j}_1_.csv $CurrDir/DDCASPT2_e2_${i}_${j}_1_.csv

    >>> END IF

  >>> END FOREACH

>>> END FOREACH

>>> FOREACH i IN (A,C,D)

  >>> IF (-FILE DDCASPT2_e2_${i}_1_.csv)

    >>> COPY $WorkDir/DDCASPT2_RHS_${i}_1_.csv $CurrDir/DDCASPT2_RHS_${i}_1_.csv

    >>> COPY $WorkDir/DDCASPT2_IVECW_${i}_1_.csv $CurrDir/DDCASPT2_IVECW_${i}_1_.csv

    >>> COPY $WorkDir/DDCASPT2_IVECX_${i}_1_.csv $CurrDir/DDCASPT2_IVECX_${i}_1_.csv

    >>> COPY $WorkDir/DDCASPT2_IVECC2_${i}_1_.csv $CurrDir/DDCASPT2_IVECC2_${i}_1_.csv

    >>> COPY $WorkDir/DDCASPT2_e2_${i}_1_.csv $CurrDir/DDCASPT2_e2_${i}_1_.csv

  >>> END IF

>>> END FOREACH

-- ----------------------------------

--- Start Module: gateway at Sun Oct 26 13:01:35 2025 ---
 
()()()()()()()()()()()()()()()()()()()()()()()()()()()()()()()()()()()()()()()()()()()()()()()()()()

                                              &GATEWAY

                                   only a single process is used
                       available to each process: 2.0 GB of memory, 1 thread?
()()()()()()()()()()()()()()()()()()()()()()()()()()()()()()()()()()()()()()()()()()()()()()()()()()
 
 
++    Symmetry information:
      ---------------------
 
                    Character Table for C1 
 
                             E  
                    a        1  x, y, xy, Rz, z, xz, Ry, yz, Rx, I
--
 
 
++    Basis set information:
      ----------------------
 
 
      Basis set label: H.ANO-RCC...2S1P.
 
      Electronic valence basis set:
      ------------------
      Associated Effective Charge   1.000000 au
      Associated Actual Charge      1.000000 au
      Nuclear Model: Point charge
 
      Shell  nPrim  nBasis  Cartesian Spherical Contaminant
         s       8       2        X                  
         p       4       1        X                  
--
 
 
++    Molecular structure info:
      -------------------------
 
                    ************************************************ 
                    **** Cartesian Coordinates / Bohr, Angstrom **** 
                    ************************************************ 
 
     Center  Label                x              y              z                     x              y              z
        1      H1               0.000000       0.000000       0.000000              0.000000       0.000000       0.000000
        2      H2               0.000000       0.000000       3.974151              0.000000       0.000000       2.103030
        3      H3               0.000000       0.000000       7.948303              0.000000       0.000000       4.206061
        4      H4               0.000000       0.000000      11.922454              0.000000       0.000000       6.309091
 
                    *************************************** 
                    *    InterNuclear Distances / Bohr    * 
                    *************************************** 
 
               1 H1            2 H2            3 H3            4 H4    
    1 H1       0.000000
    2 H2       3.974151        0.000000
    3 H3       7.948303        3.974153        0.000000
    4 H4      11.922454        7.948303        3.974151        0.000000
 
                    ******************************************* 
                    *    InterNuclear Distances / Angstrom    * 
                    ******************************************* 
 
               1 H1            2 H2            3 H3            4 H4    
    1 H1       0.000000
    2 H2       2.103030        0.000000
    3 H3       4.206061        2.103031        0.000000
    4 H4       6.309091        4.206061        2.103030        0.000000
--
 
 
            Nuclear Potential Energy              1.09037952 au
 
--- Stop Module: gateway at Sun Oct 26 13:01:36 2025 /rc=_RC_ALL_IS_WELL_ ---
*** files: xmldump
    saved to directory ${LOCALHOME}/DDCASPT2/hydrogen_comps/rerun/H4_chain/H4_2.10

--- Start Module: seward at Sun Oct 26 13:01:36 2025 ---
 
()()()()()()()()()()()()()()()()()()()()()()()()()()()()()()()()()()()()()()()()()()()()()()()()()()

                                              &SEWARD

                                   only a single process is used
                       available to each process: 2.0 GB of memory, 1 thread?
()()()()()()()()()()()()()()()()()()()()()()()()()()()()()()()()()()()()()()()()()()()()()()()()()()
 
               SEWARD will generate:
                  Multipole Moment integrals up to order  2
                  Kinetic Energy integrals
                  Nuclear Attraction integrals (point charge)
                  One-Electron Hamiltonian integrals
                  Velocity integrals
                  Relativistic Douglas-Kroll-Hess integrals:
                    - Parametrization         : EXP
                    - DKH order of Hamiltonian: 2
                    - DKH order of Properties : 0
                         - multipole moment operators
                         - electric potential operators
                         - contact operators
                  Atomic mean-field integrals
                  Two-Electron Repulsion integrals
 
                   Integrals are discarded if absolute value <: 0.10E-13
                   Integral cutoff threshold is set to       <: 0.10E-15
 
            Nuclear Potential Energy              1.09037952 au
 
 
      Basis set specifications :
      Symmetry species         a  
      Basis functions           20
 
 
  Input file to MOLDEN was generated!
 
forrtl: warning (525): IEEE_DIVIDE_BY_ZERO is signaling
forrtl: warning (526): IEEE_INVALID is signaling
forrtl: warning (528): IEEE_UNDERFLOW is signaling
--- Stop Module: seward at Sun Oct 26 13:01:36 2025 /rc=_RC_ALL_IS_WELL_ ---
*** files: H4_2.10.GssOrb H4_2.10.guessorb.h5 H4_2.10.guessorb.molden xmldump
    saved to directory ${LOCALHOME}/DDCASPT2/hydrogen_comps/rerun/H4_chain/H4_2.10

*** symbolic link created: INPORB -> H4_2.10.GssOrb
--- Start Module: scf at Sun Oct 26 13:01:36 2025 ---
 
()()()()()()()()()()()()()()()()()()()()()()()()()()()()()()()()()()()()()()()()()()()()()()()()()()

                                                &SCF

                                   only a single process is used
                       available to each process: 2.0 GB of memory, 1 thread?
()()()()()()()()()()()()()()()()()()()()()()()()()()()()()()()()()()()()()()()()()()()()()()()()()()
 
++    Input section:
      --------------
 
      Header of the integral files:
      
       Integrals generated by seward 4.2.0  , Sun Oct 26 13:01:36 2025
 
 
      Cartesian coordinates in Angstrom:
      -----------------------------------------------------
      No.  Label        X            Y            Z        
      -----------------------------------------------------
       1   H1         0.00000000   0.00000000   0.00000000
       2   H2         0.00000000   0.00000000   2.10303000
       3   H3         0.00000000   0.00000000   4.20606100
       4   H4         0.00000000   0.00000000   6.30909100
      -----------------------------------------------------
      Nuclear repulsion energy =    1.09037952
--
 
++    Orbital specifications:
      -----------------------
 
      Symmetry species               1
                                     a
      Frozen orbitals                0
      Occupied orbitals              2
      Secondary orbitals            18
      Deleted orbitals               0
      Total number of orbitals      20
      Number of basis functions     20
--
 
      Molecular charge                           0.000
 
++    Optimization specifications:
      ----------------------------
 
      SCF Algorithm: Conventional
      Minimized density differences are used
      Number of density matrices in core                5
      Maximum number of NDDO SCF iterations           400
      Maximum number of HF SCF iterations             400
      Threshold for SCF energy change            0.10E-08
      Threshold for density matrix               0.10E-03
      Threshold for Fock matrix                  0.15E-03
      Threshold for linear dependence            0.10E-08
      Threshold at which DIIS is turned on       0.15E+00
      Threshold at which QNR/C2DIIS is turned on 0.75E-01
      Threshold for Norm(delta) (QNR/C2DIIS)     0.20E-04
      DIIS extrapolation of the SCF procedure
      All orbitals punched on: SCFORB
--
 
      Input vectors read from INPORB
      Orbital file label: *Guess orbitals
 
 
++ Convergence information
                                   SCF        iterations: Energy and convergence statistics
 
Iter     Tot. SCF        One-elec.       Two-elec.     Energy      Max Dij or  Max Fij      DNorm      TNorm      AccCon     Time
         Energy          Energy          Energy        Change      Delta Norm                                                in Sec.
   1    -1.725073483    -4.302647902     1.487194899   0.00E+00    0.33E+00*   0.11E+00*    0.30E+01   0.45E+01   None         0.
   2    -1.814773278    -4.291521167     1.386368369  -0.90E-01*   0.73E-01*   0.20E-01*    0.84E+00   0.44E+01   EDIIS        0.
   3    -1.818794595    -4.264738117     1.355564002  -0.40E-02*   0.41E-01*   0.80E-02*    0.12E+00   0.43E+01   c2DIIS       0.
   4    -1.819200942    -4.265997171     1.356416710  -0.41E-03*   0.10E-01*   0.32E-02*    0.83E-01   0.43E+01   QNRc2DIIS    0.
   5    -1.819262313    -4.262157659     1.352515826  -0.61E-04*   0.40E-02*   0.16E-02*    0.85E-02   0.43E+01   QNRc2DIIS    0.
   6    -1.819278731    -4.263052770     1.353394519  -0.16E-04*   0.24E-02*   0.48E-03*    0.99E-03   0.43E+01   QNRc2DIIS    0.
   7    -1.819281003    -4.263243384     1.353582861  -0.23E-05*   0.18E-04    0.88E-05     0.15E-03   0.43E+01   QNRc2DIIS    0.
   8    -1.819281004    -4.263235025     1.353574502  -0.35E-09    0.21E-05    0.43E-06     0.22E-04   0.43E+01   QNRc2DIIS    0.
 
       Convergence after  8 Macro Iterations
--
 
 *****************************************************************************************************************************
 *                                                                                                                           *
 *                                             SCF/KS-DFT Program, Final results                                             *
 *                                                                                                                           *
 *                                                                                                                           *
 *                                                                                                                           *
 *                                                       Final Results                                                       *
 *                                                                                                                           *
 *****************************************************************************************************************************
 
::    Total SCF energy                                 -1.8192810037
      One-electron energy                              -4.2632350254
      Two-electron energy                               1.3535745022
      Nuclear repulsion energy                          1.0903795195
      Kinetic energy (interpolated)                     1.3509032759
      Virial theorem                                    1.3467144808
      Total spin, S(S+1)                                0.0000000000
      Total spin, S                                     0.0000000000
      Max non-diagonal density matrix element           0.0000029951
      Max non-diagonal Fock matrix element              0.0000002786
 
 
      All orbitals with orbital energies smaller than  E(LUMO)+0.5 are printed
 
++    Molecular orbitals:
      -------------------
 
      Title: SCF orbitals

      Molecular orbitals for symmetry species 1: a  
 
          Orbital            1         2         3         4         5         6    
          Energy           -0.4172   -0.3609   -0.1037   -0.0105    0.3269    0.3823
          Occ. No.          2.0000    2.0000    0.0000    0.0000    0.0000    0.0000
 
        1 H1     1s         0.3512   -0.4859    0.6450   -0.5716   -0.1872    0.1500
        2 H1     2s         0.0503   -0.0873    0.2293   -0.2371    0.4222   -0.6946
        3 H1     2px        0.0000    0.0000   -0.0000    0.0000    0.0000   -0.0000
        4 H1     2py        0.0000   -0.0000   -0.0000   -0.0000    0.0000    0.0000
        5 H1     2pz        0.0164   -0.0155   -0.0093    0.0288   -0.0450    0.0456
        6 H2     1s         0.4594   -0.4360   -0.4608    0.8370   -0.2586    0.1031
        7 H2     2s         0.0674   -0.1242   -0.1600    0.3367    0.3129   -0.1233
        8 H2     2px       -0.0000    0.0000    0.0000   -0.0000    0.0000   -0.0000
        9 H2     2py       -0.0000   -0.0000    0.0000   -0.0000   -0.0000   -0.0000
       10 H2     2pz       -0.0045    0.0200   -0.0290   -0.0039    0.0170   -0.0436
       11 H3     1s         0.4594    0.4360   -0.4608   -0.8370   -0.2586   -0.1031
       12 H3     2s         0.0674    0.1242   -0.1600   -0.3367    0.3129    0.1233
       13 H3     2px       -0.0000    0.0000    0.0000    0.0000   -0.0000   -0.0000
       14 H3     2py        0.0000   -0.0000   -0.0000   -0.0000   -0.0000    0.0000
       15 H3     2pz        0.0045    0.0200    0.0290   -0.0039   -0.0170   -0.0436
       16 H4     1s         0.3512    0.4859    0.6450    0.5716   -0.1872   -0.1500
       17 H4     2s         0.0503    0.0873    0.2293    0.2371    0.4222    0.6946
       18 H4     2px        0.0000    0.0000    0.0000   -0.0000    0.0000   -0.0000
       19 H4     2py       -0.0000   -0.0000    0.0000   -0.0000   -0.0000    0.0000
       20 H4     2pz       -0.0164   -0.0155    0.0093    0.0288    0.0450    0.0456
--
 
 
++    Molecular charges:
      ------------------
 
      Mulliken charges per centre and basis function type
      ---------------------------------------------------
 
                H1      H2      H3      H4    
      1s       0.8881  0.9588  0.9588  0.8881
      2s       0.0648  0.0710  0.0710  0.0648
      2px      0.0000  0.0000  0.0000  0.0000
      2pz      0.0077  0.0096  0.0096  0.0077
      2py      0.0000  0.0000  0.0000  0.0000
      Total    0.9606  1.0394  1.0394  0.9606
 
      N-E      0.0394 -0.0394 -0.0394  0.0394
 
      Total electronic charge=    4.000000
 
      Total            charge=   -0.000000
--
 
 
  Input file to MOLDEN was generated!
 
 
++    Static properties:
      ------------------
 
 
      LoProp Charges per center
 

                   H1       H2       H3       H4    
      Nuclear      1.0000   1.0000   1.0000   1.0000
      Electronic  -0.9826  -1.0174  -1.0174  -0.9826
 
      Total        0.0174  -0.0174  -0.0174   0.0174
--
 
 
++    Natural Bond Order analysis
      ---------------------------
      Based on LoProp computed density
      -------------------------------------------------------------------------------------
      Atom A       Atom B       Bond Order
      -------------------------------------------------------------------------------------
      NBO located      0.962 non-bonded electrons on atom H1        
      NBO located      0.962 non-bonded electrons on atom H4        
      The remaining    2.075 electrons are to be considered as diffuse
--
 
 
++    Molecular properties:
      ---------------------
 
      Charge (e):
                      =   -0.0000
      Dipole Moment (Debye):
      Origin of the operator (Ang)=    0.0000    0.0000    0.0000
                   X=  4.1967E-14               Y= -2.4011E-14               Z=  2.0860E-12           Total=  2.0865E-12
      Quadrupole Moment (Debye*Ang):
      Origin of the operator (Ang)=    0.0000    0.0000    3.1545
                  XX= -8.6827E+00              XY=  6.7389E-29              XZ= -1.2622E-13              YY= -8.6827E+00
                  YZ=  8.9352E-14              ZZ= -2.2545E+00
      In traceless form (Debye*Ang)
                  XX= -3.2141E+00              XY=  1.0108E-28              XZ= -1.8932E-13              YY= -3.2141E+00
                  YZ=  1.3403E-13              ZZ=  6.4282E+00
--
 
 
  Input file to MOLDEN was generated!
 
 ###############################################################################
 ###############################################################################
 ###                                                                         ###
 ###                                                                         ###
 ###    RunFile label nBas                                                   ###
 ###    was used       78 times                                              ###
 ###                                                                         ###
 ###                                                                         ###
 ###############################################################################
 ###############################################################################
forrtl: warning (528): IEEE_UNDERFLOW is signaling
--- Stop Module: scf at Sun Oct 26 13:01:36 2025 /rc=_RC_ALL_IS_WELL_ ---
*** files: H4_2.10.LprOrb H4_2.10.LoProp.molden H4_2.10.scf.molden H4_2.10.ScfOrb H4_2.10.scf.h5 xmldump
    saved to directory ${LOCALHOME}/DDCASPT2/hydrogen_comps/rerun/H4_chain/H4_2.10

>>> COPY /tmp/H4_2.10/H4_2.10.scf.h5 ${LOCALHOME}/DDCASPT2/hydrogen_comps/rerun/H4_chain/H4_2.10/

*** symbolic link created: INPORB -> H4_2.10.ScfOrb
--- Start Module: rasscf at Sun Oct 26 13:01:36 2025 ---
 
()()()()()()()()()()()()()()()()()()()()()()()()()()()()()()()()()()()()()()()()()()()()()()()()()()

                                              &RASSCF

                                   only a single process is used
                       available to each process: 2.0 GB of memory, 1 thread?
()()()()()()()()()()()()()()()()()()()()()()()()()()()()()()()()()()()()()()()()()()()()()()()()()()
 
 
      Header of the ONEINT file:
      --------------------------
      
      Integrals generated by seward 4.2.0  , Sun Oct 26 13:01:36 2025
 
 
      OrdInt status: non-squared
 
 
      Cartesian coordinates in Angstrom:
      -----------------------------------------------------
      No.  Label        X            Y            Z        
      -----------------------------------------------------
       1   H1         0.00000000   0.00000000   0.00000000
       2   H2         0.00000000   0.00000000   2.10303000
       3   H3         0.00000000   0.00000000   4.20606100
       4   H4         0.00000000   0.00000000   6.30909100
      -----------------------------------------------------
      Nuclear repulsion energy =    1.09037952
 
++    Wave function specifications:
      -----------------------------
 
      Number of closed shell electrons           0
      Number of electrons in active shells       4
      Max number of holes in RAS1 space          0
      Max nr of electrons in RAS3 space          0
      Number of inactive orbitals                0
      Number of active orbitals                  4
      Number of secondary orbitals              16
      Spin quantum number                      0.0
      State symmetry                             1
--
 
++    Orbital specifications:
      -----------------------
 
      Symmetry species                           1
                                                 a
      Frozen orbitals                            0
      Inactive orbitals                          0
      Active orbitals                            4
      RAS1 orbitals                              0
      RAS2 orbitals                              4
      RAS3 orbitals                              0
      Secondary orbitals                        16
      Deleted orbitals                           0
      Number of basis functions                 20
--
 
++    CI expansion specifications:
      ----------------------------
 
      Number of CSFs                            20
      Number of determinants                    21
      Number of root(s) required                 1
      Root chosen for geometry opt.              1
      CI root used                               1
         
      highest root included in the CI            1
      max. size of the explicit Hamiltonian     20
--
 
++    Optimization specifications:
      ----------------------------
 
      RASSCF algorithm: Conventional
      Maximum number of macro iterations       200
      Maximum number of SX iterations          100
      Threshold for RASSCF energy            0.100E-07
      Threshold for max MO rotation          0.100E+00
      Threshold for max BLB element          0.100E-03
      Level shift parameter                  0.500E+00
      Make Quasi-Newton update
--
 
      The MO-coefficients are taken from the file:
      ${LOCALHOME}/DDCASPT2/hydrogen_comps/rerun/H4_chain/H4_0.60/H4_0.60.RasOrb                                                  
      Title: RASSCF average (pseudo-natural) orbitals                                      
 
      Total molecular charge    0.00
 
      ************************************************************************************************************************
      *                                                                                                                      *
      *                                            Wave function control section                                             *
      *                                                                                                                      *
      ************************************************************************************************************************
 
 
                                         RASSCF iterations: Energy and convergence statistics
                                         ----------------------------------------------------
 
      Iter CI   SX   CI       RASSCF       Energy    max ROT     max BLB   max BLB  Level Ln srch  Step   QN   Walltime
          iter iter root      energy       change     param      element    value   shift minimum  type update hh:mm:ss
 Nr of preliminary CI iterations:   1
 ###############################################################################
 ###############################################################################
 ###                                                                         ###
 ###                                                                         ###
 ###    Large orbital rotation.                                              ###
 ###                                                                         ###
 ###                                                                         ###
 ###############################################################################
 ###############################################################################
      Molecular orbital   4 of symmetry 1 MO space 2  weight is    0.383128
        1   1   21    1    -1.26030595    0.00E+00   0.68E+00*   2  12 1  0.39E+00*  0.39   0.00    SX    NO    0:00:00
        2   1   22    1    -1.69609753   -0.44E+00*  0.23E+00*   1   5 1  0.15E+00*  0.34   0.00    SX    NO    0:00:00
        3   1   12    1    -1.79141995   -0.95E-01* -0.10E+00*   1   9 1 -0.76E-01*  0.18   0.00    SX    NO    0:00:00
        4   1   11    1    -1.82624814   -0.35E-01*  0.11E+00*   1   9 1 -0.49E-01*  0.18   0.00    SX    NO    0:00:00
        5   1   17    1    -1.84064975   -0.14E-01*  0.79E-01    1   9 1 -0.29E-01*  0.19   1.95    LS   YES    0:00:00
        6   1   21    1    -1.84589392   -0.52E-02*  0.70E-01    2  18 1 -0.17E-01*  0.20   1.43    QN   YES    0:00:00
        7   1   22    1    -1.84788650   -0.20E-02*  0.81E-01    2  12 1  0.12E-01*  0.20   2.03    QN   YES    0:00:00
        8   1   23    1    -1.85013585   -0.22E-02*  0.16E+00*   3   9 1  0.11E-01*  0.22   2.50    QN   YES    0:00:00
        9   1   24    1    -1.85441308   -0.43E-02* -0.15E+00*   2  18 1  0.23E-01*  0.23   1.30    QN   YES    0:00:00
       10   1   24    1    -1.85796979   -0.36E-02* -0.25E+00*   2  18 1  0.41E-01*  0.20   2.21    QN   YES    0:00:00
       11   1   24    1    -1.86643319   -0.85E-02*  0.32E+00*   2  18 1  0.66E-01*  0.08   2.50    QN   YES    0:00:00
       12   1   37    1    -1.87229643   -0.59E-02*  0.19E+00*   2  18 1  0.11E+00*  0.00   0.90    QN   YES    0:00:00
       13   1   27    1    -1.85825451    0.14E-01* -0.15E+00*   2  18 1  0.99E-01*  0.00  -0.50    SX   YES    0:00:00
       14   1   32    1    -1.89934573   -0.41E-01* -0.13E+00*   3   9 1  0.76E-01*  0.00   2.50    LS   YES    0:00:00
       15   1   34    1    -1.94155620   -0.42E-01* -0.12E+00*   3   9 1  0.82E-01*  0.00   2.50    LS   YES    0:00:00
       16   1   32    1    -1.97798235   -0.36E-01*  0.32E+00*   3   9 1  0.67E-01*  0.00   2.38    QN   YES    0:00:00
       17   1   23    1    -1.92012564    0.58E-01* -0.36E+00*   3   9 1  0.71E-01*  0.00  -0.50    QN   YES    0:00:00
       18   1   25    1    -1.99226897   -0.72E-01* -0.32E+00*   3   9 1  0.54E-01*  0.00   1.54    QN   YES    0:00:00
       19   1   34    1    -1.98199160    0.10E-01*  0.95E-01    3   9 1 -0.12E+00*  0.00   0.46    LS   YES    0:00:00
       20   1   11    1    -2.00270452   -0.21E-01* -0.78E-01    3   9 1 -0.65E-01*  0.00   1.76    QN   YES    0:00:00
       21   1   25    1    -2.01380410   -0.11E-01*  0.29E-01    2   6 1 -0.35E-01*  0.00   1.32    QN   YES    0:00:00
       22   1   26    1    -2.01518790   -0.14E-02*  0.71E-02    2   6 1 -0.35E-01*  0.00   1.32    QN   YES    0:00:00
       23   1   11    1    -2.01556337   -0.38E-03*  0.56E-02    2   6 1 -0.33E-01*  0.00   2.03    QN   YES    0:00:00
       24   1   25    1    -2.01602872   -0.47E-03*  0.66E-02    2   6 1 -0.29E-01*  0.00   1.99    QN   YES    0:00:00
       25   1   23    1    -2.01668040   -0.65E-03*  0.11E-01    1   5 1 -0.25E-01*  0.00   2.20    QN   YES    0:00:00
       26   1   22    1    -2.01772050   -0.10E-02*  0.13E-01    1   5 1 -0.21E-01*  0.00   2.00    QN   YES    0:00:00
       27   1   19    1    -2.01884198   -0.11E-02*  0.12E-01    1   9 1  0.13E-01*  0.00   1.73    QN   YES    0:00:00
       28   1   11    1    -2.01947449   -0.63E-03* -0.64E-02    1   9 1  0.64E-02*  0.00   1.40    QN   YES    0:00:00
       29   1   10    1    -2.01960904   -0.13E-03* -0.15E-02    1  19 1 -0.13E-02*  0.00   1.22    QN   YES    0:00:00
       30   1    9    1    -2.01961857   -0.95E-05* -0.25E-03    2  20 1 -0.21E-03*  0.00   1.10    QN   YES    0:00:00
       31   1    7    1    -2.01961875   -0.18E-06*  0.55E-04    1   9 1 -0.40E-04   0.00   0.97    QN   YES    0:00:00
       32   1    6    1    -2.01961876   -0.60E-08   0.15E-04    3   5 1 -0.14E-04   0.00   0.79    QN   YES    0:00:00
      Convergence after 32 iterations
 
  Dmat in MO in SXCTL bf call to SXHAM                                                                                    
  mat. size =     4x    4
 
        1.2334267260077152
       -0.0000028317406540      1.3535123683555113
        0.4515038046483151      0.0000064876649534      0.9328440101077006
        0.0000022692862077      0.2054294994151490     -0.0000163690227749      0.4802168955290731
       33   1    6    1    -2.01961876   -0.65E-09   0.15E-04    3   9 1 -0.12E-05   0.00   0.79    QN   YES    0:00:00
 
      ************************************************************************************************************************
                                                      Wave function printout:
                       occupation of active orbitals, and spin coupling of open shells (u,d: Spin up or down)
      ************************************************************************************************************************
 
      Note: transformation to natural orbitals
      has been made, which may change the order of the CSFs.
 
      printout of CI-coefficients larger than  0.05 for root  1
      energy=      -2.019619
      conf/sym  1111     Coeff  Weight
             1  2200  -0.73116 0.53459
             6  2020   0.36793 0.13537
             8  2002   0.11439 0.01308
            10  udud   0.42151 0.17767
            12  0220   0.12811 0.01641
            14  0202   0.22856 0.05224
            15  uudd  -0.11077 0.01227
            20  0022  -0.23223 0.05393
 
      Natural orbitals and occupation numbers for root  1
      sym 1:   1.558996   1.399423   0.607275   0.434306
 
      ************************************************************************************************************************
      *                                                                                                                      *
      *                                                    Final results                                                     *
      *                                                                                                                      *
      ************************************************************************************************************************
 
 
++    Wave function specifications:
      -----------------------------
 
      Number of closed shell electrons           0
      Number of electrons in active shells       4
      Max number of holes in RAS1 space          0
      Max nr of electrons in RAS3 space          0
      Number of inactive orbitals                0
      Number of active orbitals                  4
      Number of secondary orbitals              16
      Spin quantum number                      0.0
      State symmetry                             1
--
 
++    Orbital specifications:
      -----------------------
 
      Symmetry species                           1
                                                 a
      Frozen orbitals                            0
      Inactive orbitals                          0
      Active orbitals                            4
      RAS1 orbitals                              0
      RAS2 orbitals                              4
      RAS3 orbitals                              0
      Secondary orbitals                        16
      Deleted orbitals                           0
      Number of basis functions                 20
--
 
++    CI expansion specifications:
      ----------------------------
 
      Number of CSFs                            20
      Number of determinants                    21
      Number of root(s) required                 1
      CI root used                               1
      highest root included in the CI            1
      Root passed to geometry opt.               1
--
 
++    Final optimization conditions:
      ------------------------------
 
      Average CI energy                              -2.01961876
      RASSCF energy for state  1                     -2.01961876
      Super-CI energy                                -0.00000000
      RASSCF energy change                           -0.00000000
      Max change in MO coefficients              -0.224E-04
      Max non-diagonal density matrix element     0.150E-04
      Maximum BLB matrix element                 -0.119E-05
      (orbital pair   3,   9 in symmetry   1)
      Norm of electronic gradient            0.180E-05
--
 
 
      Final state energy(ies):
      ------------------------
 
::    RASSCF root number  1 Total energy:     -2.01961876
 
++    Molecular orbitals:
      -------------------
 
      Pseudonatural active orbitals and approximate occupation numbers
 
 
 
 
      Molecular orbitals for symmetry species 1: a  
 
 
      Orbital                1         2         3         4         5         6         7         8         9        10
      Energy            0.0000    0.0000    0.0000    0.0000    0.3349    0.3879    0.5212    0.7438    0.7528    0.8004
      Occ. No.          1.5590    1.3994    0.6073    0.4343    0.0000    0.0000    0.0000    0.0000    0.0000    0.0000
 
    1 H1     1s         0.3754   -0.5108    0.6201    0.5211    0.1316   -0.0344   -0.2594    0.3784    0.1175   -0.0000
    2 H1     2s         0.0257   -0.0413    0.0672    0.0640   -0.4334    0.7242   -0.8111    0.4659   -0.0098   -0.0000
    3 H1     2px        0.0000    0.0000    0.0000   -0.0000    0.0000    0.0000    0.0000    0.0000    0.0000    0.2352
    4 H1     2py        0.0000    0.0000    0.0000   -0.0000    0.0000    0.0000    0.0000    0.0000    0.0000    0.2506
    5 H1     2pz        0.0055   -0.0044    0.0032    0.0045    0.0399   -0.0464    0.0542   -0.3159   -0.3728    0.0000
    6 H2     1s         0.4759   -0.4348   -0.4565   -0.7287    0.2393   -0.1655    0.0833   -0.4660   -0.0275   -0.0000
    7 H2     2s         0.0318   -0.0681   -0.0463   -0.1276   -0.3113    0.0901    0.7228   -1.2189   -0.0156    0.0000
    8 H2     2px        0.0000   -0.0000    0.0000   -0.0000    0.0000    0.0000    0.0000    0.0000    0.0000    0.3811
    9 H2     2py        0.0000   -0.0000    0.0000   -0.0000    0.0000    0.0000    0.0000    0.0000    0.0000    0.4061
   10 H2     2pz        0.0010    0.0076   -0.0031    0.0021   -0.0105    0.0412   -0.0132    0.1481    0.4887   -0.0000
   11 H3     1s         0.4759    0.4348   -0.4565    0.7287    0.2393    0.1655    0.0833    0.4660   -0.0275   -0.0000
   12 H3     2s         0.0318    0.0681   -0.0463    0.1276   -0.3113   -0.0901    0.7228    1.2189   -0.0156   -0.0000
   13 H3     2px        0.0000    0.0000    0.0000   -0.0000    0.0000   -0.0000    0.0000   -0.0000    0.0000    0.3811
   14 H3     2py        0.0000    0.0000    0.0000   -0.0000    0.0000   -0.0000    0.0000   -0.0000    0.0000    0.4061
   15 H3     2pz       -0.0010    0.0076    0.0031    0.0021    0.0105    0.0412    0.0132    0.1481   -0.4887    0.0000
   16 H4     1s         0.3754    0.5108    0.6201   -0.5211    0.1316    0.0344   -0.2594   -0.3784    0.1175   -0.0000
   17 H4     2s         0.0257    0.0413    0.0672   -0.0640   -0.4334   -0.7242   -0.8111   -0.4659   -0.0098    0.0000
   18 H4     2px        0.0000   -0.0000    0.0000    0.0000    0.0000   -0.0000    0.0000   -0.0000    0.0000    0.2352
   19 H4     2py        0.0000   -0.0000    0.0000    0.0000    0.0000   -0.0000    0.0000   -0.0000    0.0000    0.2506
   20 H4     2pz       -0.0055   -0.0044   -0.0032    0.0045   -0.0399   -0.0464   -0.0542   -0.3159    0.3728   -0.0000
 
 
      Orbital               11        12        13        14        15        16        17        18        19        20
      Energy            0.8004    0.8879    0.8879    1.0131    1.0131    1.1293    1.1293    1.2138    1.3577    1.6175
      Occ. No.          0.0000    0.0000    0.0000    0.0000    0.0000    0.0000    0.0000    0.0000    0.0000    0.0000
 
    1 H1     1s         0.0000   -0.0000   -0.0000    0.0000   -0.0000   -0.0000   -0.0000   -0.3933   -0.2653    0.2126
    2 H1     2s         0.0000    0.0000    0.0000   -0.0000    0.0000   -0.0000   -0.0000   -0.6496   -0.3643    0.1836
    3 H1     2px       -0.2506   -0.5799    0.0588   -0.6196    0.0546   -0.4070   -0.0070    0.0000    0.0000    0.0000
    4 H1     2py        0.2352   -0.0588   -0.5799    0.0546    0.6196    0.0070   -0.4070    0.0000    0.0000    0.0000
    5 H1     2pz       -0.0000   -0.0000   -0.0000   -0.0000    0.0000   -0.0000   -0.0000   -0.5550   -0.6783    0.4756
    6 H2     1s         0.0000    0.0000    0.0000    0.0000   -0.0000    0.0000    0.0000    0.9789    0.3108   -0.0180
    7 H2     2s        -0.0000   -0.0000   -0.0000    0.0000   -0.0000    0.0000    0.0000    1.4949    0.3028   -0.0966
    8 H2     2px       -0.4061   -0.3612    0.0366    0.3834   -0.0338    0.6564    0.0113   -0.0000    0.0000   -0.0000
    9 H2     2py        0.3811   -0.0366   -0.3612   -0.0338   -0.3834   -0.0113    0.6564   -0.0000    0.0000   -0.0000
   10 H2     2pz        0.0000    0.0000    0.0000    0.0000   -0.0000    0.0000    0.0000    0.3476   -0.5275    0.8288
   11 H3     1s         0.0000   -0.0000   -0.0000    0.0000   -0.0000   -0.0000   -0.0000   -0.9789    0.3108    0.0180
   12 H3     2s         0.0000    0.0000    0.0000   -0.0000    0.0000   -0.0000   -0.0000   -1.4949    0.3028    0.0966
   13 H3     2px       -0.4061    0.3612   -0.0366    0.3834   -0.0338   -0.6564   -0.0113    0.0000    0.0000    0.0000
   14 H3     2py        0.3811    0.0366    0.3612   -0.0338   -0.3834    0.0113   -0.6564    0.0000    0.0000    0.0000
   15 H3     2pz       -0.0000    0.0000    0.0000   -0.0000    0.0000    0.0000    0.0000    0.3476    0.5275    0.8288
   16 H4     1s         0.0000    0.0000    0.0000    0.0000   -0.0000    0.0000    0.0000    0.3933   -0.2653   -0.2126
   17 H4     2s        -0.0000   -0.0000   -0.0000   -0.0000    0.0000    0.0000    0.0000    0.6496   -0.3643   -0.1836
   18 H4     2px       -0.2506    0.5799   -0.0588   -0.6196    0.0546    0.4070    0.0070   -0.0000   -0.0000   -0.0000
   19 H4     2py        0.2352    0.0588    0.5799    0.0546    0.6196   -0.0070    0.4070   -0.0000   -0.0000   -0.0000
   20 H4     2pz        0.0000   -0.0000   -0.0000   -0.0000    0.0000   -0.0000   -0.0000   -0.5550    0.6783    0.4756
--
 
      Von Neumann Entropy (Root  1) =  1.64117
 

      Mulliken population analysis for root number:  1
      -----------------------------------------------
 
 
++    Molecular charges:
      ------------------
 
      Mulliken charges per centre and basis function type
      ---------------------------------------------------
 
                H1      H2      H3      H4    
      1s       0.9828  1.0028  1.0028  0.9828
      2s       0.0088  0.0016  0.0016  0.0088
      2px      0.0000  0.0000  0.0000  0.0000
      2pz      0.0011  0.0029  0.0029  0.0011
      2py      0.0000  0.0000  0.0000  0.0000
      Total    0.9927  1.0073  1.0073  0.9927
 
      N-E      0.0073 -0.0073 -0.0073  0.0073
 
      Total electronic charge=    4.000000
 
      Total            charge=   -0.000000
--
 
 

      Expectation values of various properties for root number:  1
      -----------------------------------------------------------
 
 
++    Molecular properties:
      ---------------------
 
      Charge (e):
                      =   -0.0000
      Dipole Moment (Debye):
      Origin of the operator (Ang)=    0.0000    0.0000    0.0000
                   X=  2.2481E-10               Y=  5.2406E-11               Z=  4.5514E-08           Total=  4.5514E-08
      Quadrupole Moment (Debye*Ang):
      Origin of the operator (Ang)=    0.0000    0.0000    3.1545
                  XX= -6.1802E+00              XY= -2.6099E-18              XZ= -1.4680E-09              YY= -6.1802E+00
                  YZ= -3.6803E-10              ZZ= -4.9390E+00
      In traceless form (Debye*Ang)
                  XX= -6.2061E-01              XY= -3.9148E-18              XZ= -2.2019E-09              YY= -6.2061E-01
                  YZ= -5.5204E-10              ZZ=  1.2412E+00
--
 

      LoProp population analysis for root number:  1
      -----------------------------------------------
 
 
++    LoProp analysis:
      ----------------
 
 
 
  Input file to MOLDEN was generated!
 
 
++    Static properties:
      ------------------
 
 
      LoProp Charges per center
 

                   H1       H2       H3       H4    
      Nuclear      1.0000   1.0000   1.0000   1.0000
      Electronic  -1.0001  -0.9999  -0.9999  -1.0001
 
      Total       -0.0001   0.0001   0.0001  -0.0001
--
 
 
      Natural Bond Order analysis for root number:  1
 
++    Natural Bond Order analysis
      ---------------------------
      Based on LoProp computed density
      -------------------------------------------------------------------------------------
      Atom A       Atom B       Bond Order
      -------------------------------------------------------------------------------------
      NBO located      0.998 non-bonded electrons on atom H1        
      NBO located      0.998 non-bonded electrons on atom H4        
      The remaining    2.005 electrons are to be considered as diffuse
--
 
--
 
 
  Input file to MOLDEN was generated!
 
      Average orbitals are written to the RASORB file
      Natural orbitals for root   1 are written to the RASORB.1 file
      Spin density orbitals for root   1 are written to the SPDORB.1 file
 
forrtl: warning (525): IEEE_DIVIDE_BY_ZERO is signaling
forrtl: warning (526): IEEE_INVALID is signaling
forrtl: warning (528): IEEE_UNDERFLOW is signaling
--- Stop Module: rasscf at Sun Oct 26 13:01:37 2025 /rc=_RC_ALL_IS_WELL_ ---
*** files: H4_2.10.LprOrb H4_2.10.rasscf.molden H4_2.10.LoProp.molden H4_2.10.RasOrb.1 H4_2.10.RasOrb H4_2.10.rasscf.h5 H4_2.10.SpdOrb.1 xmldump
    saved to directory ${LOCALHOME}/DDCASPT2/hydrogen_comps/rerun/H4_chain/H4_2.10

>>> COPY /tmp/H4_2.10/H4_2.10.rasscf.h5 ${LOCALHOME}/DDCASPT2/hydrogen_comps/rerun/H4_chain/H4_2.10/

>>> COPY /tmp/H4_2.10/DDCASPT2_Fock_MO.csv ${LOCALHOME}/DDCASPT2/hydrogen_comps/rerun/H4_chain/H4_2.10/H4_2.10.DDCASPT2_Fock_MO.csv

*** symbolic link created: INPORB -> H4_2.10.RasOrb
--- Start Module: motra at Sun Oct 26 13:01:37 2025 ---
 
()()()()()()()()()()()()()()()()()()()()()()()()()()()()()()()()()()()()()()()()()()()()()()()()()()

                                               &MOTRA

                                   only a single process is used
                       available to each process: 2.0 GB of memory, 1 thread?
()()()()()()()()()()()()()()()()()()()()()()()()()()()()()()()()()()()()()()()()()()()()()()()()()()
 
 
      *** WARNING: Default frozen orbitals is overwritten by user input.
      *** Default values:   0
 
      Header of the integral files:
      
       Integrals generated by seward 4.2.0  , Sun Oct 26 13:01:36 2025
 
 
      Header of MO coefficients source file:
      * RASSCF average (pseudo-natural) orbitals                                      
 
 
      Cartesian coordinates in Angstrom:
      -----------------------------------------------------
      No.  Label        X            Y            Z        
      -----------------------------------------------------
       1   H1         0.00000000   0.00000000   0.00000000
       2   H2         0.00000000   0.00000000   2.10303000
       3   H3         0.00000000   0.00000000   4.20606100
       4   H4         0.00000000   0.00000000   6.30909100
      -----------------------------------------------------
      Nuclear repulsion energy =    1.09037952
 
      Orbital specifications:
      -----------------------
 
      Symmetry species:              1
      Number of basis functions:    20
      Frozen orbitals:               0
      Deleted orbitals:              0
      Number of orbitals used:      20

       SYMMETRY  BASIS FUNCTIONS       ORBITALS      INTEGRALS   CPU(SEC)  I/O(SEC)
        1 1 1 1   20  20  20  20    20  20  20  20       22155       0.00      0.00

       TOTAL CPU TIME(SEC)    0.01TOTAL I/O TIME(SEC)    0.03
 
--- Stop Module: motra at Sun Oct 26 13:01:37 2025 /rc=_RC_ALL_IS_WELL_ ---
*** files: xmldump
    saved to directory ${LOCALHOME}/DDCASPT2/hydrogen_comps/rerun/H4_chain/H4_2.10

>>> COPY /tmp/H4_2.10/DDCASPT2_one_int_indx.csv ${LOCALHOME}/DDCASPT2/hydrogen_comps/rerun/H4_chain/H4_2.10/H4_2.10.DDCASPT2_one_int_indx.csv

>>> COPY /tmp/H4_2.10/DDCASPT2_one_int.csv ${LOCALHOME}/DDCASPT2/hydrogen_comps/rerun/H4_chain/H4_2.10/H4_2.10.DDCASPT2_one_int.csv

>>> COPY /tmp/H4_2.10/DDCASPT2_two_int_indx.csv ${LOCALHOME}/DDCASPT2/hydrogen_comps/rerun/H4_chain/H4_2.10/H4_2.10.DDCASPT2_two_int_indx.csv

>>> COPY /tmp/H4_2.10/DDCASPT2_two_int.csv ${LOCALHOME}/DDCASPT2/hydrogen_comps/rerun/H4_chain/H4_2.10/H4_2.10.DDCASPT2_two_int.csv

*** symbolic link created: INPORB -> H4_2.10.RasOrb
--- Start Module: caspt2 at Sun Oct 26 13:01:37 2025 ---
 
()()()()()()()()()()()()()()()()()()()()()()()()()()()()()()()()()()()()()()()()()()()()()()()()()()

                                              &CASPT2

                                   only a single process is used
                       available to each process: 2.0 GB of memory, 1 thread?
()()()()()()()()()()()()()()()()()()()()()()()()()()()()()()()()()()()()()()()()()()()()()()()()()()
 
 Cholesky algorithm in CASPT2 =    1
 
 ###############################################################################
 ###############################################################################
 ###                                                                         ###
 ###                                                                         ###
 ###    User changed nr of frozen orbitals.                                  ###
 ###                                                                         ###
 ###                                                                         ###
 ###############################################################################
 ###############################################################################
 
++    Wave function specifications:
      -----------------------------
 
      Number of closed shell electrons           0
      Number of electrons in active shells       4
      Max number of holes in RAS1 space          0
      Max number of electrons in RAS3 space      0
      Number of inactive orbitals                0
      Number of active orbitals                  4
      Number of secondary orbitals              16
      Spin quantum number                      0.0
      State symmetry                             1
      Number of CSFs                            20
      Number of root(s) available                1
      Root passed to geometry opt.               1
      A file JOBMIX will be created.
      This is a CASSCF or RASSCF reference function
--
 
++    Orbital specifications:
      -----------------------
 
      Symmetry species                           1
                                                 a
      Frozen orbitals                            0
      Inactive orbitals                          0
      Active orbitals                            4
      Secondary orbitals                        16
      Deleted orbitals                           0
      Number of basis functions                 20
--
 
      Type of Fock operator: STANDARD
      Type of 0-order Hamiltonian: STANDARD WITH DEFAULT IPEA
        "IP-EA" denominator shift =      0.25
      The input orbitals and the CI vector will be transformed.
 
--------------------------------------------------------------------------------
 Estimated memory requirements:
  POLY3 :                   250840
  RHS:                      254928
  SIGMA :                   255440
  PRPCTL:                        0
 Available workspace:    230398724
 
++ CASPT2 computation for group   1
 
********************************************************************************
 Multi-State initialization phase begins for group   1
--------------------------------------------------------------------------------
********************************************************************************
 Compute H0 matrices for state    1
--------------------------------------------------------------------------------
--------------------------------------------------------------------------------
 H0 matrices have been computed.
 
********************************************************************************
  CASPT2 EQUATION SOLUTION
--------------------------------------------------------------------------------
 
  Total nr of CASPT2 parameters:
   Before reduction:        3104
   After  reduction:        2400
 
 The contributions to the second order correlation energy in atomic units.
-----------------------------------------------------------------------------------------------------------------------------
  IT.      VJTU        VJTI        ATVX        AIVX        VJAI        BVAT        BJAT        BJAI        TOTAL       RNORM  
-----------------------------------------------------------------------------------------------------------------------------
   1     0.000000    0.000000   -0.000958    0.000000    0.000000   -0.003316    0.000000    0.000000   -0.004273    0.000563
   2     0.000000    0.000000   -0.000969    0.000000    0.000000   -0.003320    0.000000    0.000000   -0.004289    0.000051
   3     0.000000    0.000000   -0.000969    0.000000    0.000000   -0.003320    0.000000    0.000000   -0.004289    0.000006
-------------------------------------------------------------------------------------------------------------------
 
  FINAL CASPT2 RESULT:
 
  Correlation energy /Case, /Symm, and sums:
 VJTU      0.00000000  0.00000000
 VJTIP     0.00000000  0.00000000
 VJTIM     0.00000000  0.00000000
 ATVX     -0.00096880 -0.00096880
 AIVX      0.00000000  0.00000000
 VJAIP     0.00000000  0.00000000
 VJAIM     0.00000000  0.00000000
 BVATP    -0.00317077 -0.00317077
 BVATM    -0.00014925 -0.00014925
 BJATP     0.00000000  0.00000000
 BJATM     0.00000000  0.00000000
 BJAIP     0.00000000  0.00000000
 BJAIM     0.00000000  0.00000000
 Summed:  -0.00428882 -0.00428882
 
      Reference energy:          -2.0196187604
      E2 (Non-variational):      -0.0042888225
      E2 (Variational):          -0.0042888225
      Total energy:              -2.0239075829
      Residual norm:              0.0000003946
      Reference weight:           0.99751
 
      Contributions to the CASPT2 correlation energy
      Active & Virtual Only:         -0.0042888225
      One Inactive Excited:           0.0000000000
      Two Inactive Excited:           0.0000000000
 
 
++ Denominators, etc.
----------------------------------------------------------------------------------------------------
 Report on small energy denominators, large coefficients, and large energy contributions.
CASE  SYMM ACTIVE-MIX  NON-ACTIVE INDICES          DENOMINATOR     RHS VALUE       COEFFICIENT     CONTRIBUTION
--
 
   (Skipping property calculation,
    use PROP keyword to activate)
--
 
  Total CASPT2 energies:
::    CASPT2 Root  1     Total energy:     -2.02390758
 
  A NEW JOBIPH FILE NAMED 'JOBMIX' IS PREPARED.
********************************************************************************
forrtl: warning (528): IEEE_UNDERFLOW is signaling
--- Stop Module: caspt2 at Sun Oct 26 13:01:37 2025 /rc=_RC_ALL_IS_WELL_ ---
*** files: xmldump
    saved to directory ${LOCALHOME}/DDCASPT2/hydrogen_comps/rerun/H4_chain/H4_2.10

>>> EXPORT i = B

>>> EXPORT j = P

>>> IF (-FILE DDCASPT2_e2_${i}_${j}_1_.csv)
(Skipped)

>>> END FOREACH

>>> EXPORT j = M

>>> IF (-FILE DDCASPT2_e2_${i}_${j}_1_.csv)
(Skipped)

>>> END FOREACH

>>> END FOREACH

>>> EXPORT i = E

>>> EXPORT j = P

>>> IF (-FILE DDCASPT2_e2_${i}_${j}_1_.csv)
(Skipped)

>>> END FOREACH

>>> EXPORT j = M

>>> IF (-FILE DDCASPT2_e2_${i}_${j}_1_.csv)
(Skipped)

>>> END FOREACH

>>> END FOREACH

>>> EXPORT i = F

>>> EXPORT j = P

>>> IF (-FILE DDCASPT2_e2_${i}_${j}_1_.csv)

>>> COPY /tmp/H4_2.10/DDCASPT2_RHS_F_P_1_.csv ${LOCALHOME}/DDCASPT2/hydrogen_comps/rerun/H4_chain/H4_2.10/DDCASPT2_RHS_F_P_1_.csv

>>> COPY /tmp/H4_2.10/DDCASPT2_IVECW_F_P_1_.csv ${LOCALHOME}/DDCASPT2/hydrogen_comps/rerun/H4_chain/H4_2.10/DDCASPT2_IVECW_F_P_1_.csv

>>> COPY /tmp/H4_2.10/DDCASPT2_IVECX_F_P_1_.csv ${LOCALHOME}/DDCASPT2/hydrogen_comps/rerun/H4_chain/H4_2.10/DDCASPT2_IVECX_F_P_1_.csv

>>> COPY /tmp/H4_2.10/DDCASPT2_IVECC2_F_P_1_.csv ${LOCALHOME}/DDCASPT2/hydrogen_comps/rerun/H4_chain/H4_2.10/DDCASPT2_IVECC2_F_P_1_.csv

>>> COPY /tmp/H4_2.10/DDCASPT2_e2_F_P_1_.csv ${LOCALHOME}/DDCASPT2/hydrogen_comps/rerun/H4_chain/H4_2.10/DDCASPT2_e2_F_P_1_.csv

>>> END FOREACH

>>> EXPORT j = M

>>> IF (-FILE DDCASPT2_e2_${i}_${j}_1_.csv)

>>> COPY /tmp/H4_2.10/DDCASPT2_RHS_F_M_1_.csv ${LOCALHOME}/DDCASPT2/hydrogen_comps/rerun/H4_chain/H4_2.10/DDCASPT2_RHS_F_M_1_.csv

>>> COPY /tmp/H4_2.10/DDCASPT2_IVECW_F_M_1_.csv ${LOCALHOME}/DDCASPT2/hydrogen_comps/rerun/H4_chain/H4_2.10/DDCASPT2_IVECW_F_M_1_.csv

>>> COPY /tmp/H4_2.10/DDCASPT2_IVECX_F_M_1_.csv ${LOCALHOME}/DDCASPT2/hydrogen_comps/rerun/H4_chain/H4_2.10/DDCASPT2_IVECX_F_M_1_.csv

>>> COPY /tmp/H4_2.10/DDCASPT2_IVECC2_F_M_1_.csv ${LOCALHOME}/DDCASPT2/hydrogen_comps/rerun/H4_chain/H4_2.10/DDCASPT2_IVECC2_F_M_1_.csv

>>> COPY /tmp/H4_2.10/DDCASPT2_e2_F_M_1_.csv ${LOCALHOME}/DDCASPT2/hydrogen_comps/rerun/H4_chain/H4_2.10/DDCASPT2_e2_F_M_1_.csv

>>> END FOREACH

>>> END FOREACH

>>> EXPORT i = G

>>> EXPORT j = P

>>> IF (-FILE DDCASPT2_e2_${i}_${j}_1_.csv)
(Skipped)

>>> END FOREACH

>>> EXPORT j = M

>>> IF (-FILE DDCASPT2_e2_${i}_${j}_1_.csv)
(Skipped)

>>> END FOREACH

>>> END FOREACH

>>> EXPORT i = H

>>> EXPORT j = P

>>> IF (-FILE DDCASPT2_e2_${i}_${j}_1_.csv)
(Skipped)

>>> END FOREACH

>>> EXPORT j = M

>>> IF (-FILE DDCASPT2_e2_${i}_${j}_1_.csv)
(Skipped)

>>> END FOREACH

>>> END FOREACH

>>> EXPORT i = A

>>> IF (-FILE DDCASPT2_e2_${i}_1_.csv)
(Skipped)

>>> END FOREACH

>>> EXPORT i = C

>>> IF (-FILE DDCASPT2_e2_${i}_1_.csv)

>>> COPY /tmp/H4_2.10/DDCASPT2_RHS_C_1_.csv ${LOCALHOME}/DDCASPT2/hydrogen_comps/rerun/H4_chain/H4_2.10/DDCASPT2_RHS_C_1_.csv

>>> COPY /tmp/H4_2.10/DDCASPT2_IVECW_C_1_.csv ${LOCALHOME}/DDCASPT2/hydrogen_comps/rerun/H4_chain/H4_2.10/DDCASPT2_IVECW_C_1_.csv

>>> COPY /tmp/H4_2.10/DDCASPT2_IVECX_C_1_.csv ${LOCALHOME}/DDCASPT2/hydrogen_comps/rerun/H4_chain/H4_2.10/DDCASPT2_IVECX_C_1_.csv

>>> COPY /tmp/H4_2.10/DDCASPT2_IVECC2_C_1_.csv ${LOCALHOME}/DDCASPT2/hydrogen_comps/rerun/H4_chain/H4_2.10/DDCASPT2_IVECC2_C_1_.csv

>>> COPY /tmp/H4_2.10/DDCASPT2_e2_C_1_.csv ${LOCALHOME}/DDCASPT2/hydrogen_comps/rerun/H4_chain/H4_2.10/DDCASPT2_e2_C_1_.csv

>>> END FOREACH

>>> EXPORT i = D

>>> IF (-FILE DDCASPT2_e2_${i}_1_.csv)
(Skipped)

>>> END FOREACH

.########################.
.# Non-zero return code #.
.########################.

    Timing: Wall=1.92 User=1.17 System=0.74
***************************************
*** WorkDir at /tmp/H4_2.10 cleaned ***
***************************************
