   This run of MOLCAS is using the pymolcas driver

                             OPE
                             OPE          NMOL  CASOP  ENMOLC A   SO
                 OPE        NMOLC        AS  OP EN  MO LC     AS  OP
                OPENM       OL CA        SO  PE NM  OL CA     SOP EN
                OP EN      MO   LC       AS  OP ENMOL  CASO   PENMOL
                OP  EN     MO   LC       AS  OP EN     MO     LC ASO
               OP   E  NMOL  C  AS       OP  EN MO     LC     AS  OP
               OP  E   NMO   LC AS        OPEN  MO     LCASOP EN   M
               O  PEN   MO  LCA  SO
            OPE   NMO   L   CAS    OP
        OPENMOL  CASOP     ENMOL   CASOPE
     OPENMOLCA   SOPENMOLCASOPEN   MOLCASOPE
    OPENMOLCAS   OP           EN   MOL    CAS
    OPENMOLCAS       OP  ENM        O     LCA
    OPENMOLCAS    OPEN  MOLCASO     P  E  NMO
    OPENMOLCAS     OP               E  N  MOL
    OPENMOLCA   SO           PENM   O  L  CAS    OPEN    MO    LCAS
    OPENMOLCA   SOP           ENM   O  L  CAS   OP  EN  MOLC  AS   O
    OPENMOLCA   SOPE           NM      O  LCA   S      OP  EN MO
    OPENMOLC                AS         O  PEN   M      OL  CA  SOPE
    OPENMO        LCASOPE  NMOL        C  ASO   P      ENMOLC     AS
    OPE     NMO      LCA  SO     P     E   NM   OL  CA SO  PE N   MO
          OPENMOLCA            SOPE   NMO        LCAS  O    P  ENMO
     OPENMOLCASOPENMOLCASOPENMOLCASOPENMOLCA
        OPENMOLCASOPENMOLCASOPENMOLCASOPE
            OPENMOLCASOPENMOLCASOPENM
               OPENMOLCASOPENMOLCA        version: f37762c57
                   OPENMOLCASO
                       OPE                tag:

 OpenMolcas is free software; you can redistribute it and/or modify it
 under the terms of the GNU Lesser General Public License version 2.1.
 OpenMolcas is distributed in the hope that it will be useful, but it
 is provided "as is" and without any express or implied warranties.
 For more details see the full text of the license in the file
 LICENSE or in <http://www.gnu.org/licenses/>.

                 Copyright (C) The OpenMolcas Authors
           For the author list and the recommended citation,
                   consult the file CONTRIBUTORS.md

           *************************************************
           * pymolcas version py2.28                       *
           *   build c4a6d18ded8cb6cad61d2372a9abd97c      *
           *   (after the EMIL interpreter by V. Veryazov) *
           *************************************************

configuration info
------------------
C Compiler ID: Intel
C flags: -std=gnu99 -gcc-sys
Fortran Compiler ID: IntelLLVM
Fortran flags: -standard-semantics -fltconsistency -fpp -i8 -heap-arrays
Definitions: _MOLCAS_;_I8_;_LINUX_
Parallel: OFF (GA=OFF)


   --------------------------------------------------------------------------------------
  |
  |              Project: H6_2.32
  |       Submitted from: /home/grierjones/DDCASPT2/hydrogen_comps/rerun/H6_chain/H6_2.32
  |         Scratch area: /tmp/H6_2.32
  |      Save outputs to: /home/grierjones/DDCASPT2/hydrogen_comps/rerun/H6_chain/H6_2.32
  |               Molcas: /home/grierjones/Test/build
  |
  | Scratch area is empty
  |
  |       MOLCAS_DRIVER = /usr/local/pymolcas
  | MOLCAS_KEEP_WORKDIR = NO
  |  MOLCAS_NEW_WORKDIR = YES
  |       MOLCAS_NPROCS = 1
  |        MOLCAS_PRINT = NORMAL
  |       MOLCAS_SOURCE = /home/grierjones/Test
  |    MOLCAS_STRUCTURE = 0
  |
   --------------------------------------------------------------------------------------

++ ---------   Input file   ---------

&GATEWAY
coord=H6_2.32.xyz
Basis = ANO-RCC-VDZP
Group = nosymm
End of Input

&SEWARD
End of Input

&SCF

>>> COPY $WorkDir/H6_2.32.scf.h5 $CurrDir/

&RASSCF
Title= RASSCF
FileOrb
/home/grierjones/DDCASPT2/hydrogen_comps/rerun/H6_chain/H6_0.60/H6_0.60.RasOrb
NACTEL
6 0 0
Inactive
0
RAS2
6
Symmetry
1
Spin
1
orblisting
all

>>> COPY $WorkDir/H6_2.32.rasscf.h5 $CurrDir/

>>> COPY $WorkDir/GMJ_Fock_MO.csv $CurrDir/H6_2.32.GMJ_Fock_MO.csv

&MOTRA
Frozen=0
LUMORB

>>> COPY $WorkDir/GMJ_one_int_indx.csv $CurrDir/H6_2.32.GMJ_one_int_indx.csv

>>> COPY $WorkDir/GMJ_one_int.csv $CurrDir/H6_2.32.GMJ_one_int.csv

>>> COPY $WorkDir/GMJ_two_int_indx.csv $CurrDir/H6_2.32.GMJ_two_int_indx.csv

>>> COPY $WorkDir/GMJ_two_int.csv $CurrDir/H6_2.32.GMJ_two_int.csv

&CASPT2
Frozen
0

MAXITER
50

>>> FOREACH i IN (B,E,F,G,H)

  >>> FOREACH j IN (P,M)

    >>> IF (-FILE GMJ_e2_${i}_${j}_1_.csv)

      >>> COPY $WorkDir/GMJ_RHS_${i}_${j}_1_.csv $CurrDir/GMJ_RHS_${i}_${j}_1_.csv

      >>> COPY $WorkDir/GMJ_IVECW_${i}_${j}_1_.csv $CurrDir/GMJ_IVECW_${i}_${j}_1_.csv

      >>> COPY $WorkDir/GMJ_IVECX_${i}_${j}_1_.csv $CurrDir/GMJ_IVECX_${i}_${j}_1_.csv

      >>> COPY $WorkDir/GMJ_IVECC2_${i}_${j}_1_.csv $CurrDir/GMJ_IVECC2_${i}_${j}_1_.csv

      >>> COPY $WorkDir/GMJ_e2_${i}_${j}_1_.csv $CurrDir/GMJ_e2_${i}_${j}_1_.csv

    >>> END IF

  >>> END FOREACH

>>> END FOREACH

>>> FOREACH i IN (A,C,D)

  >>> IF (-FILE GMJ_e2_${i}_1_.csv)

    >>> COPY $WorkDir/GMJ_RHS_${i}_1_.csv $CurrDir/GMJ_RHS_${i}_1_.csv

    >>> COPY $WorkDir/GMJ_IVECW_${i}_1_.csv $CurrDir/GMJ_IVECW_${i}_1_.csv

    >>> COPY $WorkDir/GMJ_IVECX_${i}_1_.csv $CurrDir/GMJ_IVECX_${i}_1_.csv

    >>> COPY $WorkDir/GMJ_IVECC2_${i}_1_.csv $CurrDir/GMJ_IVECC2_${i}_1_.csv

    >>> COPY $WorkDir/GMJ_e2_${i}_1_.csv $CurrDir/GMJ_e2_${i}_1_.csv

  >>> END IF

>>> END FOREACH

-- ----------------------------------

--- Start Module: gateway at Sun Oct 26 13:08:12 2025 ---
 
()()()()()()()()()()()()()()()()()()()()()()()()()()()()()()()()()()()()()()()()()()()()()()()()()()

                                              &GATEWAY

                                   only a single process is used
                       available to each process: 2.0 GB of memory, 1 thread?
()()()()()()()()()()()()()()()()()()()()()()()()()()()()()()()()()()()()()()()()()()()()()()()()()()
 
 
++    Symmetry information:
      ---------------------
 
                    Character Table for C1 
 
                             E  
                    a        1  x, y, xy, Rz, z, xz, Ry, yz, Rx, I
--
 
 
++    Basis set information:
      ----------------------
 
 
      Basis set label: H.ANO-RCC...2S1P.
 
      Electronic valence basis set:
      ------------------
      Associated Effective Charge   1.000000 au
      Associated Actual Charge      1.000000 au
      Nuclear Model: Point charge
 
      Shell  nPrim  nBasis  Cartesian Spherical Contaminant
         s       8       2        X                  
         p       4       1        X                  
--
 
 
++    Molecular structure info:
      -------------------------
 
                    ************************************************ 
                    **** Cartesian Coordinates / Bohr, Angstrom **** 
                    ************************************************ 
 
     Center  Label                x              y              z                     x              y              z
        1      H1               0.000000       0.000000       0.000000              0.000000       0.000000       0.000000
        2      H2               0.000000       0.000000       4.386455              0.000000       0.000000       2.321212
        3      H3               0.000000       0.000000       8.772910              0.000000       0.000000       4.642424
        4      H4               0.000000       0.000000      13.159365              0.000000       0.000000       6.963636
        5      H5               0.000000       0.000000      17.545820              0.000000       0.000000       9.284848
        6      H6               0.000000       0.000000      21.932277              0.000000       0.000000      11.606061
 
                    *************************************** 
                    *    InterNuclear Distances / Bohr    * 
                    *************************************** 
 
               1 H1            2 H2            3 H3            4 H4            5 H5            6 H6    
    1 H1       0.000000
    2 H2       4.386455        0.000000
    3 H3       8.772910        4.386455        0.000000
    4 H4      13.159365        8.772910        4.386455        0.000000
    5 H5      17.545820       13.159365        8.772910        4.386455        0.000000
    6 H6      21.932277       17.545822       13.159367        8.772912        4.386457        0.000000
 
                    ******************************************* 
                    *    InterNuclear Distances / Angstrom    * 
                    ******************************************* 
 
               1 H1            2 H2            3 H3            4 H4            5 H5            6 H6    
    1 H1       0.000000
    2 H2       2.321212        0.000000
    3 H3       4.642424        2.321212        0.000000
    4 H4       6.963636        4.642424        2.321212        0.000000
    5 H5       9.284848        6.963636        4.642424        2.321212        0.000000
    6 H6      11.606061        9.284849        6.963637        4.642425        2.321213        0.000000
--
 
 
            Nuclear Potential Energy              1.98337825 au
 
--- Stop Module: gateway at Sun Oct 26 13:08:12 2025 /rc=_RC_ALL_IS_WELL_ ---
*** files: xmldump
    saved to directory /home/grierjones/DDCASPT2/hydrogen_comps/rerun/H6_chain/H6_2.32

--- Start Module: seward at Sun Oct 26 13:08:12 2025 ---
 
()()()()()()()()()()()()()()()()()()()()()()()()()()()()()()()()()()()()()()()()()()()()()()()()()()

                                              &SEWARD

                                   only a single process is used
                       available to each process: 2.0 GB of memory, 1 thread?
()()()()()()()()()()()()()()()()()()()()()()()()()()()()()()()()()()()()()()()()()()()()()()()()()()
 
               SEWARD will generate:
                  Multipole Moment integrals up to order  2
                  Kinetic Energy integrals
                  Nuclear Attraction integrals (point charge)
                  One-Electron Hamiltonian integrals
                  Velocity integrals
                  Relativistic Douglas-Kroll-Hess integrals:
                    - Parametrization         : EXP
                    - DKH order of Hamiltonian: 2
                    - DKH order of Properties : 0
                         - multipole moment operators
                         - electric potential operators
                         - contact operators
                  Atomic mean-field integrals
                  Two-Electron Repulsion integrals
 
                   Integrals are discarded if absolute value <: 0.10E-13
                   Integral cutoff threshold is set to       <: 0.10E-15
 
            Nuclear Potential Energy              1.98337825 au
 
 
      Basis set specifications :
      Symmetry species         a  
      Basis functions           30
 
 
  Input file to MOLDEN was generated!
 
forrtl: warning (525): IEEE_DIVIDE_BY_ZERO is signaling
forrtl: warning (526): IEEE_INVALID is signaling
forrtl: warning (528): IEEE_UNDERFLOW is signaling
--- Stop Module: seward at Sun Oct 26 13:08:13 2025 /rc=_RC_ALL_IS_WELL_ ---
*** files: H6_2.32.GssOrb H6_2.32.guessorb.h5 H6_2.32.guessorb.molden xmldump
    saved to directory /home/grierjones/DDCASPT2/hydrogen_comps/rerun/H6_chain/H6_2.32

*** symbolic link created: INPORB -> H6_2.32.GssOrb
--- Start Module: scf at Sun Oct 26 13:08:13 2025 ---
 
()()()()()()()()()()()()()()()()()()()()()()()()()()()()()()()()()()()()()()()()()()()()()()()()()()

                                                &SCF

                                   only a single process is used
                       available to each process: 2.0 GB of memory, 1 thread?
()()()()()()()()()()()()()()()()()()()()()()()()()()()()()()()()()()()()()()()()()()()()()()()()()()
 
++    Input section:
      --------------
 
      Header of the integral files:
      
       Integrals generated by seward 4.2.0  , Sun Oct 26 13:08:12 2025
 
 
      Cartesian coordinates in Angstrom:
      -----------------------------------------------------
      No.  Label        X            Y            Z        
      -----------------------------------------------------
       1   H1         0.00000000   0.00000000   0.00000000
       2   H2         0.00000000   0.00000000   2.32121200
       3   H3         0.00000000   0.00000000   4.64242400
       4   H4         0.00000000   0.00000000   6.96363600
       5   H5         0.00000000   0.00000000   9.28484800
       6   H6         0.00000000   0.00000000  11.60606100
      -----------------------------------------------------
      Nuclear repulsion energy =    1.98337825
--
 
++    Orbital specifications:
      -----------------------
 
      Symmetry species               1
                                     a
      Frozen orbitals                0
      Occupied orbitals              3
      Secondary orbitals            27
      Deleted orbitals               0
      Total number of orbitals      30
      Number of basis functions     30
--
 
      Molecular charge                           0.000
 
++    Optimization specifications:
      ----------------------------
 
      SCF Algorithm: Conventional
      Minimized density differences are used
      Number of density matrices in core                5
      Maximum number of NDDO SCF iterations           400
      Maximum number of HF SCF iterations             400
      Threshold for SCF energy change            0.10E-08
      Threshold for density matrix               0.10E-03
      Threshold for Fock matrix                  0.15E-03
      Threshold for linear dependence            0.10E-08
      Threshold at which DIIS is turned on       0.15E+00
      Threshold at which QNR/C2DIIS is turned on 0.75E-01
      Threshold for Norm(delta) (QNR/C2DIIS)     0.20E-04
      DIIS extrapolation of the SCF procedure
      All orbitals punched on: SCFORB
--
 
      Input vectors read from INPORB
      Orbital file label: *Guess orbitals
 
 
++ Convergence information
                                   SCF        iterations: Energy and convergence statistics
 
Iter     Tot. SCF        One-elec.       Two-elec.     Energy      Max Dij or  Max Fij      DNorm      TNorm      AccCon     Time
         Energy          Energy          Energy        Change      Delta Norm                                                in Sec.
   1    -2.491152644    -7.099355368     2.624824472   0.00E+00    0.36E+00*   0.12E+00*    0.37E+01   0.62E+01   None         0.
   2    -2.647626018    -7.078892443     2.447888173  -0.16E+00*   0.12E+00*   0.23E-01*    0.11E+01   0.60E+01   EDIIS        0.
   3    -2.655284978    -7.033324211     2.394660982  -0.77E-02*   0.66E-01*   0.86E-02*    0.22E+00   0.59E+01   EDIIS        0.
   4    -2.656479740    -7.036682897     2.396824905  -0.12E-02*   0.41E-01*   0.56E-02*    0.12E+00   0.60E+01   c2DIIS       0.
   5    -2.656867492    -7.028713185     2.388467441  -0.39E-03*   0.12E-01*   0.27E-02*    0.18E-01   0.59E+01   QNRc2DIIS    0.
   6    -2.656950928    -7.032817363     2.392488183  -0.83E-04*   0.80E-02*   0.14E-02*    0.42E-02   0.59E+01   QNRc2DIIS    0.
   7    -2.656983612    -7.031624859     2.391262995  -0.33E-04*   0.35E-02*   0.45E-03*    0.60E-03   0.59E+01   QNRc2DIIS    0.
   8    -2.656987089    -7.030961832     2.390596491  -0.35E-05*   0.42E-04*   0.59E-05     0.34E-03   0.59E+01   QNRc2DIIS    0.
   9    -2.656987090    -7.030954193     2.390588852  -0.64E-09    0.81E-05    0.76E-06     0.42E-04   0.59E+01   QNRc2DIIS    0.
 
       Convergence after  9 Macro Iterations
--
 
 *****************************************************************************************************************************
 *                                                                                                                           *
 *                                             SCF/KS-DFT Program, Final results                                             *
 *                                                                                                                           *
 *                                                                                                                           *
 *                                                                                                                           *
 *                                                       Final Results                                                       *
 *                                                                                                                           *
 *****************************************************************************************************************************
 
::    Total SCF energy                                 -2.6569870896
      One-electron energy                              -7.0309541935
      Two-electron energy                               2.3905888519
      Nuclear repulsion energy                          1.9833782520
      Kinetic energy (interpolated)                     1.9898701645
      Virial theorem                                    1.3352565092
      Total spin, S(S+1)                                0.0000000000
      Total spin, S                                     0.0000000000
      Max non-diagonal density matrix element           0.0000123712
      Max non-diagonal Fock matrix element              0.0000008668
 
 
      All orbitals with orbital energies smaller than  E(LUMO)+0.5 are printed
 
++    Molecular orbitals:
      -------------------
 
      Title: SCF orbitals

      Molecular orbitals for symmetry species 1: a  
 
          Orbital            1         2         3         4         5         6         7         8    
          Energy           -0.4053   -0.3783   -0.3413   -0.1346   -0.0808   -0.0318    0.3249    0.3492
          Occ. No.          2.0000    2.0000    2.0000    0.0000    0.0000    0.0000    0.0000    0.0000
 
        1 H1     1s         0.2335   -0.4057    0.3883   -0.4787    0.5656   -0.3620   -0.1464    0.1839
        2 H1     2s         0.0380   -0.0722    0.0781   -0.1562    0.2032   -0.1365    0.3061   -0.5098
        3 H1     2px       -0.0000    0.0000   -0.0000    0.0000   -0.0000    0.0000   -0.0000    0.0000
        4 H1     2py       -0.0000   -0.0000    0.0000    0.0000    0.0000    0.0000    0.0000   -0.0000
        5 H1     2pz        0.0099   -0.0142    0.0103    0.0045   -0.0153    0.0180   -0.0237    0.0308
        6 H2     1s         0.3166   -0.4521    0.3154    0.2822   -0.6217    0.5636   -0.2214    0.2044
        7 H2     2s         0.0470   -0.0975    0.0960    0.0864   -0.2287    0.2117    0.2582   -0.2709
        8 H2     2px        0.0000   -0.0000   -0.0000    0.0000   -0.0000    0.0000   -0.0000    0.0000
        9 H2     2py        0.0000   -0.0000    0.0000   -0.0000    0.0000   -0.0000    0.0000   -0.0000
       10 H2     2pz       -0.0014    0.0096   -0.0154    0.0217   -0.0128   -0.0067    0.0051   -0.0150
       11 H3     1s         0.4280   -0.0831   -0.4489    0.5029    0.1978   -0.7087   -0.2280    0.0762
       12 H3     2s         0.0700    0.0018   -0.1179    0.1668    0.0784   -0.2624    0.3077   -0.1267
       13 H3     2px       -0.0000    0.0000    0.0000    0.0000    0.0000   -0.0000    0.0000    0.0000
       14 H3     2py        0.0000    0.0000    0.0000    0.0000    0.0000   -0.0000    0.0000    0.0000
       15 H3     2pz        0.0070    0.0074   -0.0138   -0.0183    0.0192    0.0095   -0.0055   -0.0093
       16 H4     1s         0.4280    0.0831   -0.4489   -0.5029    0.1978    0.7087   -0.2280   -0.0762
       17 H4     2s         0.0700   -0.0018   -0.1179   -0.1668    0.0784    0.2624    0.3077    0.1267
       18 H4     2px       -0.0000    0.0000    0.0000   -0.0000   -0.0000   -0.0000   -0.0000    0.0000
       19 H4     2py       -0.0000   -0.0000   -0.0000   -0.0000   -0.0000   -0.0000    0.0000    0.0000
       20 H4     2pz       -0.0070    0.0074    0.0138   -0.0183   -0.0192    0.0095    0.0055   -0.0093
       21 H5     1s         0.3166    0.4521    0.3154   -0.2822   -0.6217   -0.5636   -0.2214   -0.2044
       22 H5     2s         0.0470    0.0975    0.0960   -0.0864   -0.2287   -0.2117    0.2582    0.2709
       23 H5     2px       -0.0000   -0.0000    0.0000    0.0000   -0.0000   -0.0000    0.0000    0.0000
       24 H5     2py       -0.0000   -0.0000   -0.0000    0.0000    0.0000    0.0000   -0.0000   -0.0000
       25 H5     2pz        0.0014    0.0096    0.0154    0.0217    0.0128   -0.0067   -0.0051   -0.0150
       26 H6     1s         0.2335    0.4057    0.3883    0.4787    0.5656    0.3620   -0.1464   -0.1839
       27 H6     2s         0.0380    0.0722    0.0781    0.1562    0.2032    0.1365    0.3061    0.5098
       28 H6     2px       -0.0000   -0.0000    0.0000   -0.0000    0.0000   -0.0000    0.0000   -0.0000
       29 H6     2py        0.0000   -0.0000    0.0000    0.0000   -0.0000    0.0000    0.0000    0.0000
       30 H6     2pz       -0.0099   -0.0142   -0.0103    0.0045    0.0153    0.0180    0.0237    0.0308
--
 
 
++    Molecular charges:
      ------------------
 
      Mulliken charges per centre and basis function type
      ---------------------------------------------------
 
                H1      H2      H3      H4      H5      H6    
      1s       0.8817  0.9437  0.9208  0.9208  0.9437  0.8817
      2s       0.0758  0.0849  0.0739  0.0739  0.0849  0.0758
      2px      0.0000  0.0000  0.0000  0.0000  0.0000  0.0000
      2pz      0.0057  0.0069  0.0066  0.0066  0.0069  0.0057
      2py      0.0000  0.0000  0.0000  0.0000  0.0000  0.0000
      Total    0.9632  1.0355  1.0013  1.0013  1.0355  0.9632
 
      N-E      0.0368 -0.0355 -0.0013 -0.0013 -0.0355  0.0368
 
      Total electronic charge=    6.000000
 
      Total            charge=   -0.000000
--
 
 
  Input file to MOLDEN was generated!
 
 
++    Static properties:
      ------------------
 
 
      LoProp Charges per center
 

                   H1       H2       H3       H4       H5       H6    
      Nuclear      1.0000   1.0000   1.0000   1.0000   1.0000   1.0000
      Electronic  -0.9795  -1.0179  -1.0026  -1.0026  -1.0179  -0.9795
 
      Total        0.0205  -0.0179  -0.0026  -0.0026  -0.0179   0.0205
--
 
 
++    Natural Bond Order analysis
      ---------------------------
      Based on LoProp computed density
      -------------------------------------------------------------------------------------
      Atom A       Atom B       Bond Order
      -------------------------------------------------------------------------------------
      NBO located      0.964 non-bonded electrons on atom H1        
      NBO located      1.011 non-bonded electrons on atom H3        
      NBO located      1.011 non-bonded electrons on atom H4        
      NBO located      0.964 non-bonded electrons on atom H6        
      The remaining    2.050 electrons are to be considered as diffuse
--
 
 
++    Molecular properties:
      ---------------------
 
      Charge (e):
                      =   -0.0000
      Dipole Moment (Debye):
      Origin of the operator (Ang)=    0.0000    0.0000    0.0000
                   X=  8.1232E-14               Y= -2.8746E-14               Z=  1.4352E-07           Total=  1.4352E-07
      Quadrupole Moment (Debye*Ang):
      Origin of the operator (Ang)=    0.0000    0.0000    5.8030
                  XX= -1.3701E+01              XY=  1.1503E-28              XZ= -4.2822E-13              YY= -1.3701E+01
                  YZ=  1.4683E-13              ZZ= -1.2037E+00
      In traceless form (Debye*Ang)
                  XX= -6.2488E+00              XY=  1.7255E-28              XZ= -6.4233E-13              YY= -6.2488E+00
                  YZ=  2.2024E-13              ZZ=  1.2498E+01
--
 
 
  Input file to MOLDEN was generated!
 
 ###############################################################################
 ###############################################################################
 ###                                                                         ###
 ###                                                                         ###
 ###    RunFile label nBas                                                   ###
 ###    was used       78 times                                              ###
 ###                                                                         ###
 ###                                                                         ###
 ###############################################################################
 ###############################################################################
forrtl: warning (528): IEEE_UNDERFLOW is signaling
--- Stop Module: scf at Sun Oct 26 13:08:13 2025 /rc=_RC_ALL_IS_WELL_ ---
*** files: H6_2.32.LprOrb H6_2.32.LoProp.molden H6_2.32.scf.molden H6_2.32.ScfOrb H6_2.32.scf.h5 xmldump
    saved to directory /home/grierjones/DDCASPT2/hydrogen_comps/rerun/H6_chain/H6_2.32

>>> COPY /tmp/H6_2.32/H6_2.32.scf.h5 /home/grierjones/DDCASPT2/hydrogen_comps/rerun/H6_chain/H6_2.32/

*** symbolic link created: INPORB -> H6_2.32.ScfOrb
--- Start Module: rasscf at Sun Oct 26 13:08:13 2025 ---
 
()()()()()()()()()()()()()()()()()()()()()()()()()()()()()()()()()()()()()()()()()()()()()()()()()()

                                              &RASSCF

                                   only a single process is used
                       available to each process: 2.0 GB of memory, 1 thread?
()()()()()()()()()()()()()()()()()()()()()()()()()()()()()()()()()()()()()()()()()()()()()()()()()()
 
 
      Header of the ONEINT file:
      --------------------------
      
      Integrals generated by seward 4.2.0  , Sun Oct 26 13:08:12 2025
 
 
      OrdInt status: non-squared
 
 
      Cartesian coordinates in Angstrom:
      -----------------------------------------------------
      No.  Label        X            Y            Z        
      -----------------------------------------------------
       1   H1         0.00000000   0.00000000   0.00000000
       2   H2         0.00000000   0.00000000   2.32121200
       3   H3         0.00000000   0.00000000   4.64242400
       4   H4         0.00000000   0.00000000   6.96363600
       5   H5         0.00000000   0.00000000   9.28484800
       6   H6         0.00000000   0.00000000  11.60606100
      -----------------------------------------------------
      Nuclear repulsion energy =    1.98337825
 
++    Wave function specifications:
      -----------------------------
 
      Number of closed shell electrons           0
      Number of electrons in active shells       6
      Max number of holes in RAS1 space          0
      Max nr of electrons in RAS3 space          0
      Number of inactive orbitals                0
      Number of active orbitals                  6
      Number of secondary orbitals              24
      Spin quantum number                      0.0
      State symmetry                             1
--
 
++    Orbital specifications:
      -----------------------
 
      Symmetry species                           1
                                                 a
      Frozen orbitals                            0
      Inactive orbitals                          0
      Active orbitals                            6
      RAS1 orbitals                              0
      RAS2 orbitals                              6
      RAS3 orbitals                              0
      Secondary orbitals                        24
      Deleted orbitals                           0
      Number of basis functions                 30
--
 
++    CI expansion specifications:
      ----------------------------
 
      Number of CSFs                           175
      Number of determinants                   210
      Number of root(s) required                 1
      Root chosen for geometry opt.              1
      CI root used                               1
         
      highest root included in the CI            1
      max. size of the explicit Hamiltonian    175
--
 
++    Optimization specifications:
      ----------------------------
 
      RASSCF algorithm: Conventional
      Maximum number of macro iterations       200
      Maximum number of SX iterations          100
      Threshold for RASSCF energy            0.100E-07
      Threshold for max MO rotation          0.100E+00
      Threshold for max BLB element          0.100E-03
      Level shift parameter                  0.500E+00
      Make Quasi-Newton update
--
 
      The MO-coefficients are taken from the file:
      /home/grierjones/DDCASPT2/hydrogen_comps/rerun/H6_chain/H6_0.60/H6_0.60.RasOrb                                                  
      Title: RASSCF average (pseudo-natural) orbitals                                      
 
      Total molecular charge    0.00
 
      ************************************************************************************************************************
      *                                                                                                                      *
      *                                            Wave function control section                                             *
      *                                                                                                                      *
      ************************************************************************************************************************
 
 
                                         RASSCF iterations: Energy and convergence statistics
                                         ----------------------------------------------------
 
      Iter CI   SX   CI       RASSCF       Energy    max ROT     max BLB   max BLB  Level Ln srch  Step   QN   Walltime
          iter iter root      energy       change     param      element    value   shift minimum  type update hh:mm:ss
 Nr of preliminary CI iterations:   1
        1   1   82    1    -2.02026312    0.00E+00   0.44E+00*   1   8 1 -0.29E+00*  0.39   0.00    SX    NO    0:00:00
        2   1   96    1    -2.59482900   -0.57E+00* -0.16E+00*   1   8 1 -0.21E+00*  0.22   0.00    SX    NO    0:00:00
        3   1   33    1    -2.74063572   -0.15E+00* -0.11E+00*   5   8 1 -0.55E-01*  0.20   0.00    SX    NO    0:00:00
        4   1   26    1    -2.75853121   -0.18E-01* -0.77E-01    2  11 1  0.27E-01*  0.18   0.00    SX    NO    0:00:00
        5   1   48    1    -2.76862600   -0.10E-01* -0.84E-01    2  11 1  0.30E-01*  0.17   2.50    LS   YES    0:00:00
        6   1   46    1    -2.78004920   -0.11E-01* -0.26E+00*   2  11 1  0.28E-01*  0.15   2.50    QN   YES    0:00:00
        7   1   77    1    -2.77645432    0.36E-02*  0.75E-01    2  11 1 -0.61E-01*  0.07   0.47    LS   YES    0:00:00
        8   1   38    1    -2.78729426   -0.11E-01* -0.64E-01    2  11 1 -0.34E-01*  0.11   1.75    SX   YES    0:00:00
        9   1   62    1    -2.79996198   -0.13E-01* -0.28E+00*   4   7 1  0.28E-01*  0.11   2.50    QN   YES    0:00:00
       10   1   69    1    -2.83043574   -0.30E-01*  0.65E-01    2  24 1 -0.71E-01*  0.12   0.91    QN   YES    0:00:00
       11   1   67    1    -2.84238163   -0.12E-01*  0.76E-01    2  24 1 -0.61E-01*  0.13   2.50    SX   YES    0:00:00
       12   1   79    1    -2.87403303   -0.32E-01* -0.16E+00*   2   7 1 -0.35E-01*  0.15   2.21    QN   YES    0:00:00
       13   1   36    1    -2.89045783   -0.16E-01*  0.57E-01    3  16 1 -0.21E-01*  0.20   1.07    QN   YES    0:00:00
       14   1   25    1    -2.89279163   -0.23E-02* -0.18E-01    5   8 1  0.91E-02*  0.19   0.67    QN   YES    0:00:00
       15   1   20    1    -2.89367459   -0.88E-03*  0.12E-01    3  27 1  0.18E-02*  0.19   1.13    QN   YES    0:00:00
       16   1   20    1    -2.89375120   -0.77E-04*  0.42E-01    3  16 1 -0.11E-02*  0.19   2.50    QN   YES    0:00:00
       17   1   21    1    -2.89391736   -0.17E-03*  0.62E-01    2  24 1 -0.21E-02*  0.19   1.99    QN   YES    0:00:00
       18   1   21    1    -2.89409036   -0.17E-03*  0.64E-01    2  24 1 -0.31E-02*  0.19   1.80    QN   YES    0:00:00
       19   1   21    1    -2.89423199   -0.14E-03*  0.43E-01    3   8 1  0.33E-02*  0.19   1.69    QN   YES    0:00:00
       20   1   21    1    -2.89433069   -0.99E-04*  0.29E-01    3  27 1 -0.19E-02*  0.19   1.79    QN   YES    0:00:00
       21   1   22    1    -2.89442328   -0.93E-04*  0.63E-01    6   7 1  0.89E-03*  0.19   2.50    QN   YES    0:00:00
       22   1   25    1    -2.89469883   -0.28E-03*  0.23E+00*   3   8 1 -0.50E-02*  0.18   2.50    QN   YES    0:00:00
       23   1   21    1    -2.89580830   -0.11E-02*  0.23E+00*   3   8 1 -0.24E-01*  0.12   2.50    QN   YES    0:00:00
       24   1  100    1    -2.89491884    0.89E-03* -0.10E+00*   3   8 1 -0.41E-01*  0.04   0.38    SX   YES    0:00:00
       25   1  100    1    -2.92141992   -0.27E-01* -0.30E+00*   6   7 1  0.33E-01*  0.00   2.50    QN   YES    0:00:00
       26   1  100    1    -2.92148374   -0.64E-04* -0.14E+00*   6   7 1  0.31E-01*  0.02   0.49    SX   YES    0:00:00
       27   1  100    1    -2.95394610   -0.32E-01* -0.12E+00*   6   7 1  0.56E-01*  0.00   2.50    LS   YES    0:00:00
       28   1  100    1    -2.98534228   -0.31E-01* -0.22E+00*   6   7 1  0.56E-01*  0.00   1.97    QN   YES    0:00:00
       29   1   31    1    -3.00284054   -0.17E-01*  0.57E-01    6   7 1 -0.32E-01*  0.00   0.70    QN   YES    0:00:00
       30   1   33    1    -3.00992786   -0.71E-02*  0.17E-01    3  11 1  0.13E-01*  0.00   1.16    QN   YES    0:00:00
       31   1   13    1    -3.01080808   -0.88E-03*  0.74E-02    3  11 1  0.73E-02*  0.00   1.18    QN   YES    0:00:00
       32   1   13    1    -3.01085242   -0.44E-04*  0.87E-02    6  29 1  0.64E-02*  0.00   0.57    SX   YES    0:00:00
       33   1   12    1    -3.01121121   -0.36E-03* -0.28E-02    2   7 1  0.21E-02*  0.00   0.92    QN   YES    0:00:00
       34   1   11    1    -3.01122257   -0.11E-04* -0.17E-02    2   7 1 -0.54E-03*  0.00   0.85    QN   YES    0:00:00
       35   1   11    1    -3.01122363   -0.11E-05*  0.80E-03    4   7 1 -0.40E-03*  0.00   0.63    QN   YES    0:00:00
       36   1    9    1    -3.01122441   -0.78E-06*  0.87E-04    1   7 1  0.47E-04   0.00   0.93    QN   YES    0:00:00
       37   1    7    1    -3.01122444   -0.23E-07*  0.19E-04    1  16 1 -0.15E-04   0.00   0.83    QN   YES    0:00:00
       38   1    5    1    -3.01122444   -0.20E-08   0.31E-05    3   7 1 -0.21E-05   0.00   0.99    QN   YES    0:00:00
      Convergence after 38 iterations
 
  Dmat in MO in SXCTL bf call to SXHAM                                                                                    
  mat. size =     6x    6
 
        1.2090982578434586
       -0.0222164191647911      1.3590038895116570
       -0.0373642143430579      0.0131922235804108      1.2388797700145004
        0.0234594715144899      0.0840958117363992     -0.0133843682095473      0.6898848612078164
        0.1991999581688248     -0.0470606102214175      0.0811245607138246      0.0493719632816027      0.7045221272133354
        0.3165680641643000      0.0723233278109782     -0.0713726207903190     -0.0763068694927987      0.0991720752461437
        0.7986110942092289
       39   1    5    1    -3.01122444   -0.40E-10   0.31E-05    3  16 1  0.71E-06   0.00   0.99    QN   YES    0:00:00
 
      ************************************************************************************************************************
                                                      Wave function printout:
                       occupation of active orbitals, and spin coupling of open shells (u,d: Spin up or down)
      ************************************************************************************************************************
 
      Note: transformation to natural orbitals
      has been made, which may change the order of the CSFs.
 
      printout of CI-coefficients larger than  0.05 for root  1
      energy=      -3.011224
      conf/sym  111111     Coeff  Weight
             1  222000   0.53866 0.29016
            11  220200  -0.28507 0.08127
            13  220020  -0.07493 0.00561
            16  220002  -0.05789 0.00335
            18  2udud0  -0.29655 0.08794
            21  2ud0ud  -0.09709 0.00943
            23  u2d200   0.05119 0.00262
            25  u2d020  -0.11160 0.01246
            26  u2du0d  -0.28826 0.08309
            28  u2d002   0.05096 0.00260
            29  202200  -0.07871 0.00620
            31  202020  -0.19716 0.03887
            32  202u0d  -0.11185 0.01251
            34  202002  -0.06912 0.00478
            36  ud2ud0  -0.10218 0.01044
            39  ud20ud  -0.22325 0.04984
            41  022200  -0.06375 0.00406
            43  022020  -0.07263 0.00528
            44  022u0d   0.05349 0.00286
            46  022002  -0.16231 0.02635
            47  2uudd0   0.08526 0.00727
            51  u2ud0d   0.09820 0.00964
           120  200220   0.17306 0.02995
           123  200202   0.05557 0.00309
           127  ud02ud   0.18641 0.03475
           130  ud0ud2   0.05954 0.00354
           132  020220   0.05818 0.00338
           134  020u2d   0.07364 0.00542
           135  020202   0.13402 0.01796
           140  u0du2d   0.18230 0.03323
           141  u0d202   0.07357 0.00541
           145  0ud2ud   0.06252 0.00391
           148  0udud2   0.15117 0.02285
           155  002022   0.10941 0.01197
           161  u0ud2d  -0.05981 0.00358
           175  000222  -0.14663 0.02150
 
      Natural orbitals and occupation numbers for root  1
      sym 1:   1.455853   1.377599   1.249310   0.756774   0.622368   0.538095
 
      ************************************************************************************************************************
      *                                                                                                                      *
      *                                                    Final results                                                     *
      *                                                                                                                      *
      ************************************************************************************************************************
 
 
++    Wave function specifications:
      -----------------------------
 
      Number of closed shell electrons           0
      Number of electrons in active shells       6
      Max number of holes in RAS1 space          0
      Max nr of electrons in RAS3 space          0
      Number of inactive orbitals                0
      Number of active orbitals                  6
      Number of secondary orbitals              24
      Spin quantum number                      0.0
      State symmetry                             1
--
 
++    Orbital specifications:
      -----------------------
 
      Symmetry species                           1
                                                 a
      Frozen orbitals                            0
      Inactive orbitals                          0
      Active orbitals                            6
      RAS1 orbitals                              0
      RAS2 orbitals                              6
      RAS3 orbitals                              0
      Secondary orbitals                        24
      Deleted orbitals                           0
      Number of basis functions                 30
--
 
++    CI expansion specifications:
      ----------------------------
 
      Number of CSFs                           175
      Number of determinants                   210
      Number of root(s) required                 1
      CI root used                               1
      highest root included in the CI            1
      Root passed to geometry opt.               1
--
 
++    Final optimization conditions:
      ------------------------------
 
      Average CI energy                              -3.01122444
      RASSCF energy for state  1                     -3.01122444
      Super-CI energy                                -0.00000000
      RASSCF energy change                           -0.00000000
      Max change in MO coefficients               0.282E-05
      Max non-diagonal density matrix element     0.313E-05
      Maximum BLB matrix element                  0.714E-06
      (orbital pair   3,  16 in symmetry   1)
      Norm of electronic gradient            0.156E-05
--
 
 
      Final state energy(ies):
      ------------------------
 
::    RASSCF root number  1 Total energy:     -3.01122444
 
++    Molecular orbitals:
      -------------------
 
      Pseudonatural active orbitals and approximate occupation numbers
 
 
 
 
      Molecular orbitals for symmetry species 1: a  
 
 
      Orbital                1         2         3         4         5         6         7         8         9        10
      Energy            0.0000    0.0000    0.0000    0.0000    0.0000    0.0000    0.3346    0.3590    0.4110    0.5001
      Occ. No.          1.4559    1.3776    1.2493    0.7568    0.6224    0.5381    0.0000    0.0000    0.0000    0.0000
 
    1 H1     1s         0.2606   -0.4312    0.4072   -0.4637   -0.5337   -0.3432   -0.1061   -0.1109    0.0035    0.1601
    2 H1     2s         0.0187   -0.0330    0.0338   -0.0497   -0.0636   -0.0447    0.3068    0.5205    0.6261    0.6276
    3 H1     2px       -0.0000   -0.0000   -0.0000   -0.0000   -0.0000    0.0000    0.0000    0.0000   -0.0000    0.0000
    4 H1     2py        0.0000   -0.0000    0.0000   -0.0000   -0.0000   -0.0000   -0.0000   -0.0000   -0.0000   -0.0000
    5 H1     2pz        0.0025   -0.0031    0.0018   -0.0015   -0.0029   -0.0027   -0.0197   -0.0273   -0.0265   -0.0411
    6 H2     1s         0.3491   -0.4657    0.2930    0.2760    0.5840    0.5092   -0.1921   -0.1893   -0.0529   -0.0494
    7 H2     2s         0.0223   -0.0451    0.0460    0.0210    0.0848    0.0897    0.2623    0.2729   -0.0517   -0.5709
    8 H2     2px        0.0000   -0.0000   -0.0000    0.0000   -0.0000    0.0000   -0.0000   -0.0000   -0.0000    0.0000
    9 H2     2py        0.0000    0.0000   -0.0000   -0.0000    0.0000   -0.0000   -0.0000    0.0000   -0.0000   -0.0000
   10 H2     2pz        0.0012    0.0016   -0.0043    0.0015   -0.0006   -0.0006    0.0011    0.0114    0.0093   -0.0278
   11 H3     1s         0.4344   -0.1020   -0.4722    0.5140   -0.1770   -0.6245   -0.1911   -0.0447    0.1258   -0.0012
   12 H3     2s         0.0297    0.0026   -0.0571    0.0642   -0.0372   -0.1100    0.3144    0.1310   -0.4139   -0.4837
   13 H3     2px       -0.0000   -0.0000    0.0000    0.0000   -0.0000    0.0000   -0.0000   -0.0000   -0.0000    0.0000
   14 H3     2py       -0.0000    0.0000    0.0000   -0.0000   -0.0000    0.0000    0.0000    0.0000   -0.0000   -0.0000
   15 H3     2pz        0.0002    0.0033   -0.0028   -0.0006   -0.0005   -0.0020   -0.0018    0.0094    0.0065    0.0273
   16 H4     1s         0.4344    0.1020   -0.4722   -0.5140   -0.1770    0.6245   -0.1911    0.0447    0.1258    0.0012
   17 H4     2s         0.0297   -0.0026   -0.0571   -0.0642   -0.0372    0.1100    0.3144   -0.1310   -0.4139    0.4837
   18 H4     2px        0.0000    0.0000    0.0000   -0.0000   -0.0000   -0.0000   -0.0000    0.0000   -0.0000   -0.0000
   19 H4     2py        0.0000   -0.0000   -0.0000    0.0000   -0.0000   -0.0000    0.0000   -0.0000   -0.0000    0.0000
   20 H4     2pz       -0.0002    0.0033    0.0028   -0.0006    0.0005   -0.0020    0.0018    0.0094   -0.0065    0.0273
   21 H5     1s         0.3491    0.4657    0.2930   -0.2760    0.5840   -0.5092   -0.1921    0.1893   -0.0529    0.0494
   22 H5     2s         0.0223    0.0451    0.0460   -0.0211    0.0848   -0.0897    0.2623   -0.2729   -0.0517    0.5709
   23 H5     2px       -0.0000    0.0000   -0.0000   -0.0000   -0.0000   -0.0000    0.0000    0.0000    0.0000   -0.0000
   24 H5     2py        0.0000   -0.0000    0.0000    0.0000    0.0000    0.0000   -0.0000   -0.0000    0.0000    0.0000
   25 H5     2pz       -0.0012    0.0016    0.0043    0.0015    0.0006   -0.0006   -0.0011    0.0114   -0.0093   -0.0278
   26 H6     1s         0.2606    0.4312    0.4072    0.4637   -0.5337    0.3432   -0.1061    0.1109    0.0035   -0.1601
   27 H6     2s         0.0187    0.0330    0.0338    0.0497   -0.0636    0.0447    0.3068   -0.5205    0.6261   -0.6276
   28 H6     2px        0.0000   -0.0000    0.0000   -0.0000    0.0000   -0.0000   -0.0000   -0.0000    0.0000   -0.0000
   29 H6     2py        0.0000   -0.0000   -0.0000   -0.0000    0.0000   -0.0000   -0.0000   -0.0000    0.0000   -0.0000
   30 H6     2pz       -0.0025   -0.0031   -0.0018   -0.0015    0.0029   -0.0027    0.0197   -0.0273    0.0265   -0.0411
 
 
      Orbital               11        12        13        14        15        16        17        18        19        20
      Energy            0.6285    0.7403    0.7404    0.8245    0.8245    0.8601    0.8601    0.9146    0.9146    0.9807
      Occ. No.          0.0000    0.0000    0.0000    0.0000    0.0000    0.0000    0.0000    0.0000    0.0000    0.0000
 
    1 H1     1s        -0.2417    0.1956   -0.1361   -0.0000   -0.0000   -0.0000    0.0000   -0.0000   -0.0000    0.0000
    2 H1     2s        -0.4874    0.2301   -0.1437    0.0000    0.0000   -0.0000   -0.0000    0.0000    0.0000   -0.0000
    3 H1     2px        0.0000    0.0000    0.0000   -0.0050    0.2156   -0.3230    0.2322    0.4749   -0.1881   -0.3560
    4 H1     2py        0.0000   -0.0000    0.0000    0.2156    0.0050   -0.2322   -0.3230    0.1881    0.4749   -0.3930
    5 H1     2pz        0.1027   -0.3526    0.3228   -0.0000    0.0000    0.0000    0.0000   -0.0000   -0.0000    0.0000
    6 H2     1s         0.2489   -0.2201    0.0970    0.0000    0.0000    0.0000   -0.0000    0.0000    0.0000   -0.0000
    7 H2     2s         0.9325   -0.5473    0.2557   -0.0000   -0.0000    0.0000    0.0000    0.0000    0.0000   -0.0000
    8 H2     2px        0.0000    0.0000    0.0000   -0.0091    0.3920   -0.4067    0.2924    0.2176   -0.0862    0.1560
    9 H2     2py        0.0000   -0.0000   -0.0000    0.3920    0.0091   -0.2924   -0.4067    0.0862    0.2176    0.1722
   10 H2     2pz        0.0472    0.3326   -0.3753    0.0000   -0.0000    0.0000   -0.0000    0.0000    0.0000   -0.0000
   11 H3     1s        -0.1126    0.2627   -0.0400   -0.0000    0.0000    0.0000   -0.0000   -0.0000   -0.0000    0.0000
   12 H3     2s        -0.4887    0.6933   -0.1240   -0.0000   -0.0000   -0.0000    0.0000   -0.0000   -0.0000    0.0000
   13 H3     2px        0.0000    0.0000   -0.0000   -0.0114    0.4912   -0.1807    0.1299   -0.3827    0.1516    0.2867
   14 H3     2py        0.0000   -0.0000   -0.0000    0.4912    0.0114   -0.1299   -0.1807   -0.1516   -0.3827    0.3164
   15 H3     2pz       -0.2122   -0.1321    0.3557    0.0000    0.0000   -0.0000   -0.0000    0.0000    0.0000   -0.0000
   16 H4     1s        -0.1126   -0.2626   -0.0402    0.0000   -0.0000   -0.0000    0.0000   -0.0000    0.0000   -0.0000
   17 H4     2s        -0.4887   -0.6933   -0.1244    0.0000    0.0000    0.0000   -0.0000    0.0000    0.0000    0.0000
   18 H4     2px        0.0000    0.0000   -0.0000   -0.0114    0.4912    0.1807   -0.1299   -0.3827    0.1516   -0.2867
   19 H4     2py        0.0000   -0.0000    0.0000    0.4912    0.0114    0.1299    0.1807   -0.1516   -0.3827   -0.3164
   20 H4     2pz        0.2122   -0.1319   -0.3558   -0.0000    0.0000    0.0000    0.0000   -0.0000   -0.0000    0.0000
   21 H5     1s         0.2489    0.2201    0.0971   -0.0000    0.0000   -0.0000    0.0000   -0.0000   -0.0000   -0.0000
   22 H5     2s         0.9325    0.5472    0.2560   -0.0000   -0.0000    0.0000   -0.0000   -0.0000   -0.0000    0.0000
   23 H5     2px        0.0000    0.0000    0.0000   -0.0091    0.3920    0.4067   -0.2924    0.2176   -0.0862   -0.1560
   24 H5     2py       -0.0000   -0.0000    0.0000    0.3920    0.0091    0.2924    0.4067    0.0862    0.2176   -0.1722
   25 H5     2pz       -0.0472    0.3324    0.3755    0.0000   -0.0000    0.0000   -0.0000    0.0000    0.0000    0.0000
   26 H6     1s        -0.2417   -0.1955   -0.1362   -0.0000    0.0000    0.0000   -0.0000    0.0000   -0.0000    0.0000
   27 H6     2s        -0.4874   -0.2300   -0.1439    0.0000   -0.0000   -0.0000    0.0000   -0.0000    0.0000   -0.0000
   28 H6     2px       -0.0000    0.0000   -0.0000   -0.0050    0.2156    0.3230   -0.2322    0.4749   -0.1881    0.3560
   29 H6     2py       -0.0000   -0.0000    0.0000    0.2156    0.0050    0.2322    0.3230    0.1881    0.4749    0.3930
   30 H6     2pz       -0.1027   -0.3524   -0.3231   -0.0000    0.0000   -0.0000    0.0000   -0.0000   -0.0000   -0.0000
 
 
      Orbital               21        22        23        24        25        26        27        28        29        30
      Energy            0.9807    1.0446    1.0446    1.0919    1.0919    1.1441    1.1444    1.2429    1.3768    1.4943
      Occ. No.          0.0000    0.0000    0.0000    0.0000    0.0000    0.0000    0.0000    0.0000    0.0000    0.0000
 
    1 H1     1s         0.0000   -0.0000   -0.0000   -0.0000    0.0000    0.2025   -0.1916   -0.1914   -0.1506    0.0929
    2 H1     2s        -0.0000   -0.0000   -0.0000    0.0000   -0.0000    0.3917   -0.3315   -0.3274   -0.1964    0.0952
    3 H1     2px        0.3930    0.3589   -0.2577   -0.2171    0.1268    0.0000    0.0000    0.0000    0.0000   -0.0000
    4 H1     2py       -0.3560    0.2577    0.3589   -0.1268   -0.2171    0.0000   -0.0000   -0.0000    0.0000   -0.0000
    5 H1     2pz        0.0000   -0.0000   -0.0000    0.0000   -0.0000    0.4808   -0.2243   -0.5693   -0.4798    0.2778
    6 H2     1s         0.0000    0.0000    0.0000   -0.0000    0.0000   -0.4512    0.5492    0.3001    0.0714    0.0217
    7 H2     2s        -0.0000    0.0000    0.0000    0.0000    0.0000   -0.7663    0.9955    0.4231    0.1024   -0.0180
    8 H2     2px       -0.1722   -0.4424    0.3177    0.3867   -0.2258   -0.0000    0.0000    0.0000   -0.0000    0.0000
    9 H2     2py        0.1560   -0.3177   -0.4424    0.2258    0.3867   -0.0000   -0.0000    0.0000   -0.0000   -0.0000
   10 H2     2pz        0.0000    0.0000    0.0000    0.0000    0.0000   -0.1599    0.3665   -0.2956   -0.6605    0.5380
   11 H3     1s         0.0000   -0.0000   -0.0000   -0.0000   -0.0000    0.2478   -0.8619    0.0109    0.1045    0.0316
   12 H3     2s         0.0000   -0.0000   -0.0000   -0.0000   -0.0000    0.4133   -1.5491   -0.0508    0.0630    0.0369
   13 H3     2px       -0.3164    0.1953   -0.1402   -0.4809    0.2808    0.0000    0.0000    0.0000    0.0000   -0.0000
   14 H3     2py        0.2867    0.1402    0.1953   -0.2808   -0.4809    0.0000    0.0000    0.0000    0.0000    0.0000
   15 H3     2pz       -0.0000    0.0000    0.0000   -0.0000   -0.0000   -0.5120   -0.1834    0.4811   -0.2739    0.6679
   16 H4     1s         0.0000    0.0000    0.0000    0.0000    0.0000    0.2478    0.8619   -0.0109    0.1045   -0.0316
   17 H4     2s        -0.0000    0.0000    0.0000    0.0000    0.0000    0.4133    1.5491    0.0508    0.0630   -0.0369
   18 H4     2px        0.3164    0.1953   -0.1402    0.4809   -0.2808   -0.0000    0.0000    0.0000    0.0000    0.0000
   19 H4     2py       -0.2867    0.1402    0.1953    0.2808    0.4809   -0.0000   -0.0000   -0.0000   -0.0000   -0.0000
   20 H4     2pz        0.0000   -0.0000   -0.0000    0.0000   -0.0000    0.5120   -0.1834    0.4811    0.2739    0.6679
   21 H5     1s        -0.0000   -0.0000    0.0000   -0.0000   -0.0000   -0.4512   -0.5493   -0.3001    0.0714   -0.0217
   22 H5     2s         0.0000   -0.0000   -0.0000   -0.0000   -0.0000   -0.7663   -0.9956   -0.4231    0.1024    0.0180
   23 H5     2px        0.1722   -0.4424    0.3177   -0.3867    0.2258    0.0000   -0.0000    0.0000   -0.0000   -0.0000
   24 H5     2py       -0.1560   -0.3177   -0.4424   -0.2258   -0.3867    0.0000    0.0000    0.0000   -0.0000    0.0000
   25 H5     2pz        0.0000    0.0000    0.0000    0.0000    0.0000    0.1599    0.3665   -0.2956    0.6605    0.5380
   26 H6     1s        -0.0000    0.0000   -0.0000    0.0000    0.0000    0.2025    0.1916    0.1914   -0.1506   -0.0929
   27 H6     2s         0.0000    0.0000    0.0000    0.0000    0.0000    0.3917    0.3315    0.3274   -0.1964   -0.0952
   28 H6     2px       -0.3930    0.3589   -0.2577    0.2171   -0.1268   -0.0000   -0.0000   -0.0000    0.0000   -0.0000
   29 H6     2py        0.3560    0.2577    0.3589    0.1268    0.2171   -0.0000   -0.0000   -0.0000    0.0000   -0.0000
   30 H6     2pz       -0.0000   -0.0000   -0.0000   -0.0000   -0.0000   -0.4808   -0.2244   -0.5693    0.4798    0.2778
--
 
      Von Neumann Entropy (Root  1) =  2.69221
 

      Mulliken population analysis for root number:  1
      -----------------------------------------------
 
 
++    Molecular charges:
      ------------------
 
      Mulliken charges per centre and basis function type
      ---------------------------------------------------
 
                H1      H2      H3      H4      H5      H6    
      1s       0.9885  1.0018  1.0016  1.0016  1.0018  0.9885
      2s       0.0073  0.0010 -0.0028 -0.0028  0.0010  0.0073
      2px      0.0000  0.0000  0.0000  0.0000  0.0000  0.0000
      2pz      0.0004  0.0012  0.0011  0.0011  0.0012  0.0004
      2py      0.0000  0.0000  0.0000  0.0000  0.0000  0.0000
      Total    0.9961  1.0040  0.9999  0.9999  1.0040  0.9961
 
      N-E      0.0039 -0.0040  0.0001  0.0001 -0.0040  0.0039
 
      Total electronic charge=    6.000000
 
      Total            charge=   -0.000000
--
 
 

      Expectation values of various properties for root number:  1
      -----------------------------------------------------------
 
 
++    Molecular properties:
      ---------------------
 
      Charge (e):
                      =   -0.0000
      Dipole Moment (Debye):
      Origin of the operator (Ang)=    0.0000    0.0000    0.0000
                   X=  7.8875E-10               Y= -2.2362E-10               Z= -2.5287E-06           Total=  2.5287E-06
      Quadrupole Moment (Debye*Ang):
      Origin of the operator (Ang)=    0.0000    0.0000    5.8030
                  XX= -9.2022E+00              XY= -9.2333E-20              XZ=  6.7913E-09              YY= -9.2022E+00
                  YZ=  1.0272E-08              ZZ= -8.1618E+00
      In traceless form (Debye*Ang)
                  XX= -5.2020E-01              XY= -1.3850E-19              XZ=  1.0187E-08              YY= -5.2020E-01
                  YZ=  1.5408E-08              ZZ=  1.0404E+00
--
 

      LoProp population analysis for root number:  1
      -----------------------------------------------
 
 
++    LoProp analysis:
      ----------------
 
 
 
  Input file to MOLDEN was generated!
 
 
++    Static properties:
      ------------------
 
 
      LoProp Charges per center
 

                   H1       H2       H3       H4       H5       H6    
      Nuclear      1.0000   1.0000   1.0000   1.0000   1.0000   1.0000
      Electronic  -1.0001  -0.9999  -1.0000  -1.0000  -0.9999  -1.0001
 
      Total       -0.0001   0.0001   0.0000   0.0000   0.0001  -0.0001
--
 
 
      Natural Bond Order analysis for root number:  1
 
++    Natural Bond Order analysis
      ---------------------------
      Based on LoProp computed density
      -------------------------------------------------------------------------------------
      Atom A       Atom B       Bond Order
      -------------------------------------------------------------------------------------
      The remaining    6.000 electrons are to be considered as diffuse
--
 
--
 
 
  Input file to MOLDEN was generated!
 
      Average orbitals are written to the RASORB file
      Natural orbitals for root   1 are written to the RASORB.1 file
      Spin density orbitals for root   1 are written to the SPDORB.1 file
 
 ###############################################################################
 ###############################################################################
 ###                                                                         ###
 ###                                                                         ###
 ###    RunFile label BirthCertificate                                       ###
 ###    was used       44 times                                              ###
 ###                                                                         ###
 ###                                                                         ###
 ###############################################################################
 ###############################################################################
forrtl: warning (525): IEEE_DIVIDE_BY_ZERO is signaling
forrtl: warning (526): IEEE_INVALID is signaling
forrtl: warning (528): IEEE_UNDERFLOW is signaling
--- Stop Module: rasscf at Sun Oct 26 13:08:16 2025 /rc=_RC_ALL_IS_WELL_ ---
*** files: H6_2.32.LprOrb H6_2.32.rasscf.molden H6_2.32.LoProp.molden H6_2.32.RasOrb.1 H6_2.32.RasOrb H6_2.32.rasscf.h5 H6_2.32.SpdOrb.1 xmldump
    saved to directory /home/grierjones/DDCASPT2/hydrogen_comps/rerun/H6_chain/H6_2.32
--- Module rasscf spent 2 seconds ---

>>> COPY /tmp/H6_2.32/H6_2.32.rasscf.h5 /home/grierjones/DDCASPT2/hydrogen_comps/rerun/H6_chain/H6_2.32/

>>> COPY /tmp/H6_2.32/GMJ_Fock_MO.csv /home/grierjones/DDCASPT2/hydrogen_comps/rerun/H6_chain/H6_2.32/H6_2.32.GMJ_Fock_MO.csv

*** symbolic link created: INPORB -> H6_2.32.RasOrb
--- Start Module: motra at Sun Oct 26 13:08:16 2025 ---
 
()()()()()()()()()()()()()()()()()()()()()()()()()()()()()()()()()()()()()()()()()()()()()()()()()()

                                               &MOTRA

                                   only a single process is used
                       available to each process: 2.0 GB of memory, 1 thread?
()()()()()()()()()()()()()()()()()()()()()()()()()()()()()()()()()()()()()()()()()()()()()()()()()()
 
 
      *** WARNING: Default frozen orbitals is overwritten by user input.
      *** Default values:   0
 
      Header of the integral files:
      
       Integrals generated by seward 4.2.0  , Sun Oct 26 13:08:12 2025
 
 
      Header of MO coefficients source file:
      * RASSCF average (pseudo-natural) orbitals                                      
 
 
      Cartesian coordinates in Angstrom:
      -----------------------------------------------------
      No.  Label        X            Y            Z        
      -----------------------------------------------------
       1   H1         0.00000000   0.00000000   0.00000000
       2   H2         0.00000000   0.00000000   2.32121200
       3   H3         0.00000000   0.00000000   4.64242400
       4   H4         0.00000000   0.00000000   6.96363600
       5   H5         0.00000000   0.00000000   9.28484800
       6   H6         0.00000000   0.00000000  11.60606100
      -----------------------------------------------------
      Nuclear repulsion energy =    1.98337825
 
      Orbital specifications:
      -----------------------
 
      Symmetry species:              1
      Number of basis functions:    30
      Frozen orbitals:               0
      Deleted orbitals:              0
      Number of orbitals used:      30

       SYMMETRY  BASIS FUNCTIONS       ORBITALS      INTEGRALS   CPU(SEC)  I/O(SEC)
        1 1 1 1   30  30  30  30    30  30  30  30      108345       0.00      0.00

       TOTAL CPU TIME(SEC)    0.08TOTAL I/O TIME(SEC)    0.15
 
--- Stop Module: motra at Sun Oct 26 13:08:16 2025 /rc=_RC_ALL_IS_WELL_ ---
*** files: xmldump
    saved to directory /home/grierjones/DDCASPT2/hydrogen_comps/rerun/H6_chain/H6_2.32

>>> COPY /tmp/H6_2.32/GMJ_one_int_indx.csv /home/grierjones/DDCASPT2/hydrogen_comps/rerun/H6_chain/H6_2.32/H6_2.32.GMJ_one_int_indx.csv

>>> COPY /tmp/H6_2.32/GMJ_one_int.csv /home/grierjones/DDCASPT2/hydrogen_comps/rerun/H6_chain/H6_2.32/H6_2.32.GMJ_one_int.csv

>>> COPY /tmp/H6_2.32/GMJ_two_int_indx.csv /home/grierjones/DDCASPT2/hydrogen_comps/rerun/H6_chain/H6_2.32/H6_2.32.GMJ_two_int_indx.csv

>>> COPY /tmp/H6_2.32/GMJ_two_int.csv /home/grierjones/DDCASPT2/hydrogen_comps/rerun/H6_chain/H6_2.32/H6_2.32.GMJ_two_int.csv

*** symbolic link created: INPORB -> H6_2.32.RasOrb
--- Start Module: caspt2 at Sun Oct 26 13:08:16 2025 ---
 
()()()()()()()()()()()()()()()()()()()()()()()()()()()()()()()()()()()()()()()()()()()()()()()()()()

                                              &CASPT2

                                   only a single process is used
                       available to each process: 2.0 GB of memory, 1 thread?
()()()()()()()()()()()()()()()()()()()()()()()()()()()()()()()()()()()()()()()()()()()()()()()()()()
 
 Cholesky algorithm in CASPT2 =    1
 
 ###############################################################################
 ###############################################################################
 ###                                                                         ###
 ###                                                                         ###
 ###    User changed nr of frozen orbitals.                                  ###
 ###                                                                         ###
 ###                                                                         ###
 ###############################################################################
 ###############################################################################
 
++    Wave function specifications:
      -----------------------------
 
      Number of closed shell electrons           0
      Number of electrons in active shells       6
      Max number of holes in RAS1 space          0
      Max number of electrons in RAS3 space      0
      Number of inactive orbitals                0
      Number of active orbitals                  6
      Number of secondary orbitals              24
      Spin quantum number                      0.0
      State symmetry                             1
      Number of CSFs                           175
      Number of root(s) available                1
      Root passed to geometry opt.               1
      A file JOBMIX will be created.
      This is a CASSCF or RASSCF reference function
--
 
++    Orbital specifications:
      -----------------------
 
      Symmetry species                           1
                                                 a
      Frozen orbitals                            0
      Inactive orbitals                          0
      Active orbitals                            6
      Secondary orbitals                        24
      Deleted orbitals                           0
      Number of basis functions                 30
--
 
      Type of Fock operator: STANDARD
      Type of 0-order Hamiltonian: STANDARD WITH DEFAULT IPEA
        "IP-EA" denominator shift =      0.25
      The input orbitals and the CI vector will be transformed.
 
--------------------------------------------------------------------------------
 Estimated memory requirements:
  POLY3 :                   262414
  RHS:                      285604
  SIGMA :                   275200
  PRPCTL:                        0
 Available workspace:    230396124
 
++ CASPT2 computation for group   1
 
********************************************************************************
 Multi-State initialization phase begins for group   1
--------------------------------------------------------------------------------
********************************************************************************
 Compute H0 matrices for state    1
--------------------------------------------------------------------------------
--------------------------------------------------------------------------------
 H0 matrices have been computed.
 
********************************************************************************
  CASPT2 EQUATION SOLUTION
--------------------------------------------------------------------------------
 
  Total nr of CASPT2 parameters:
   Before reduction:       15624
   After  reduction:       15000
 
 The contributions to the second order correlation energy in atomic units.
-----------------------------------------------------------------------------------------------------------------------------
  IT.      VJTU        VJTI        ATVX        AIVX        VJAI        BVAT        BJAT        BJAI        TOTAL       RNORM  
-----------------------------------------------------------------------------------------------------------------------------
   1     0.000000    0.000000   -0.001052    0.000000    0.000000   -0.002911    0.000000    0.000000   -0.003963    0.000649
   2     0.000000    0.000000   -0.001064    0.000000    0.000000   -0.002915    0.000000    0.000000   -0.003979    0.000086
   3     0.000000    0.000000   -0.001064    0.000000    0.000000   -0.002915    0.000000    0.000000   -0.003979    0.000017
   4     0.000000    0.000000   -0.001064    0.000000    0.000000   -0.002915    0.000000    0.000000   -0.003979    0.000002
-------------------------------------------------------------------------------------------------------------------
 
  FINAL CASPT2 RESULT:
 
  Correlation energy /Case, /Symm, and sums:
 VJTU      0.00000000  0.00000000
 VJTIP     0.00000000  0.00000000
 VJTIM     0.00000000  0.00000000
 ATVX     -0.00106416 -0.00106416
 AIVX      0.00000000  0.00000000
 VJAIP     0.00000000  0.00000000
 VJAIM     0.00000000  0.00000000
 BVATP    -0.00271283 -0.00271283
 BVATM    -0.00020221 -0.00020221
 BJATP     0.00000000  0.00000000
 BJATM     0.00000000  0.00000000
 BJAIP     0.00000000  0.00000000
 BJAIM     0.00000000  0.00000000
 Summed:  -0.00397921 -0.00397921
 
      Reference energy:          -3.0112244380
      E2 (Non-variational):      -0.0039792064
      E2 (Variational):          -0.0039792103
      Total energy:              -3.0152036483
      Residual norm:              0.0000003242
      Reference weight:           0.99752
 
      Contributions to the CASPT2 correlation energy
      Active & Virtual Only:         -0.0039792064
      One Inactive Excited:           0.0000000000
      Two Inactive Excited:           0.0000000000
 
 
++ Denominators, etc.
----------------------------------------------------------------------------------------------------
 Report on small energy denominators, large coefficients, and large energy contributions.
CASE  SYMM ACTIVE-MIX  NON-ACTIVE INDICES          DENOMINATOR     RHS VALUE       COEFFICIENT     CONTRIBUTION
--
 
   (Skipping property calculation,
    use PROP keyword to activate)
--
 
  Total CASPT2 energies:
::    CASPT2 Root  1     Total energy:     -3.01520365
 
  A NEW JOBIPH FILE NAMED 'JOBMIX' IS PREPARED.
********************************************************************************
forrtl: warning (528): IEEE_UNDERFLOW is signaling
--- Stop Module: caspt2 at Sun Oct 26 13:08:16 2025 /rc=_RC_ALL_IS_WELL_ ---
*** files: xmldump
    saved to directory /home/grierjones/DDCASPT2/hydrogen_comps/rerun/H6_chain/H6_2.32

>>> EXPORT i = B

>>> EXPORT j = P

>>> IF (-FILE GMJ_e2_${i}_${j}_1_.csv)
(Skipped)

>>> END FOREACH

>>> EXPORT j = M

>>> IF (-FILE GMJ_e2_${i}_${j}_1_.csv)
(Skipped)

>>> END FOREACH

>>> END FOREACH

>>> EXPORT i = E

>>> EXPORT j = P

>>> IF (-FILE GMJ_e2_${i}_${j}_1_.csv)
(Skipped)

>>> END FOREACH

>>> EXPORT j = M

>>> IF (-FILE GMJ_e2_${i}_${j}_1_.csv)
(Skipped)

>>> END FOREACH

>>> END FOREACH

>>> EXPORT i = F

>>> EXPORT j = P

>>> IF (-FILE GMJ_e2_${i}_${j}_1_.csv)

>>> COPY /tmp/H6_2.32/GMJ_RHS_F_P_1_.csv /home/grierjones/DDCASPT2/hydrogen_comps/rerun/H6_chain/H6_2.32/GMJ_RHS_F_P_1_.csv

>>> COPY /tmp/H6_2.32/GMJ_IVECW_F_P_1_.csv /home/grierjones/DDCASPT2/hydrogen_comps/rerun/H6_chain/H6_2.32/GMJ_IVECW_F_P_1_.csv

>>> COPY /tmp/H6_2.32/GMJ_IVECX_F_P_1_.csv /home/grierjones/DDCASPT2/hydrogen_comps/rerun/H6_chain/H6_2.32/GMJ_IVECX_F_P_1_.csv

>>> COPY /tmp/H6_2.32/GMJ_IVECC2_F_P_1_.csv /home/grierjones/DDCASPT2/hydrogen_comps/rerun/H6_chain/H6_2.32/GMJ_IVECC2_F_P_1_.csv

>>> COPY /tmp/H6_2.32/GMJ_e2_F_P_1_.csv /home/grierjones/DDCASPT2/hydrogen_comps/rerun/H6_chain/H6_2.32/GMJ_e2_F_P_1_.csv

>>> END FOREACH

>>> EXPORT j = M

>>> IF (-FILE GMJ_e2_${i}_${j}_1_.csv)

>>> COPY /tmp/H6_2.32/GMJ_RHS_F_M_1_.csv /home/grierjones/DDCASPT2/hydrogen_comps/rerun/H6_chain/H6_2.32/GMJ_RHS_F_M_1_.csv

>>> COPY /tmp/H6_2.32/GMJ_IVECW_F_M_1_.csv /home/grierjones/DDCASPT2/hydrogen_comps/rerun/H6_chain/H6_2.32/GMJ_IVECW_F_M_1_.csv

>>> COPY /tmp/H6_2.32/GMJ_IVECX_F_M_1_.csv /home/grierjones/DDCASPT2/hydrogen_comps/rerun/H6_chain/H6_2.32/GMJ_IVECX_F_M_1_.csv

>>> COPY /tmp/H6_2.32/GMJ_IVECC2_F_M_1_.csv /home/grierjones/DDCASPT2/hydrogen_comps/rerun/H6_chain/H6_2.32/GMJ_IVECC2_F_M_1_.csv

>>> COPY /tmp/H6_2.32/GMJ_e2_F_M_1_.csv /home/grierjones/DDCASPT2/hydrogen_comps/rerun/H6_chain/H6_2.32/GMJ_e2_F_M_1_.csv

>>> END FOREACH

>>> END FOREACH

>>> EXPORT i = G

>>> EXPORT j = P

>>> IF (-FILE GMJ_e2_${i}_${j}_1_.csv)
(Skipped)

>>> END FOREACH

>>> EXPORT j = M

>>> IF (-FILE GMJ_e2_${i}_${j}_1_.csv)
(Skipped)

>>> END FOREACH

>>> END FOREACH

>>> EXPORT i = H

>>> EXPORT j = P

>>> IF (-FILE GMJ_e2_${i}_${j}_1_.csv)
(Skipped)

>>> END FOREACH

>>> EXPORT j = M

>>> IF (-FILE GMJ_e2_${i}_${j}_1_.csv)
(Skipped)

>>> END FOREACH

>>> END FOREACH

>>> EXPORT i = A

>>> IF (-FILE GMJ_e2_${i}_1_.csv)
(Skipped)

>>> END FOREACH

>>> EXPORT i = C

>>> IF (-FILE GMJ_e2_${i}_1_.csv)

>>> COPY /tmp/H6_2.32/GMJ_RHS_C_1_.csv /home/grierjones/DDCASPT2/hydrogen_comps/rerun/H6_chain/H6_2.32/GMJ_RHS_C_1_.csv

>>> COPY /tmp/H6_2.32/GMJ_IVECW_C_1_.csv /home/grierjones/DDCASPT2/hydrogen_comps/rerun/H6_chain/H6_2.32/GMJ_IVECW_C_1_.csv

>>> COPY /tmp/H6_2.32/GMJ_IVECX_C_1_.csv /home/grierjones/DDCASPT2/hydrogen_comps/rerun/H6_chain/H6_2.32/GMJ_IVECX_C_1_.csv

>>> COPY /tmp/H6_2.32/GMJ_IVECC2_C_1_.csv /home/grierjones/DDCASPT2/hydrogen_comps/rerun/H6_chain/H6_2.32/GMJ_IVECC2_C_1_.csv

>>> COPY /tmp/H6_2.32/GMJ_e2_C_1_.csv /home/grierjones/DDCASPT2/hydrogen_comps/rerun/H6_chain/H6_2.32/GMJ_e2_C_1_.csv

>>> END FOREACH

>>> EXPORT i = D

>>> IF (-FILE GMJ_e2_${i}_1_.csv)
(Skipped)

>>> END FOREACH

.########################.
.# Non-zero return code #.
.########################.

    Timing: Wall=3.94 User=3.05 System=0.87
***************************************
*** WorkDir at /tmp/H6_2.32 cleaned ***
***************************************
