   This run of MOLCAS is using the pymolcas driver

                             OPE
                             OPE          NMOL  CASOP  ENMOLC A   SO
                 OPE        NMOLC        AS  OP EN  MO LC     AS  OP
                OPENM       OL CA        SO  PE NM  OL CA     SOP EN
                OP EN      MO   LC       AS  OP ENMOL  CASO   PENMOL
                OP  EN     MO   LC       AS  OP EN     MO     LC ASO
               OP   E  NMOL  C  AS       OP  EN MO     LC     AS  OP
               OP  E   NMO   LC AS        OPEN  MO     LCASOP EN   M
               O  PEN   MO  LCA  SO
            OPE   NMO   L   CAS    OP
        OPENMOL  CASOP     ENMOL   CASOPE
     OPENMOLCA   SOPENMOLCASOPEN   MOLCASOPE
    OPENMOLCAS   OP           EN   MOL    CAS
    OPENMOLCAS       OP  ENM        O     LCA
    OPENMOLCAS    OPEN  MOLCASO     P  E  NMO
    OPENMOLCAS     OP               E  N  MOL
    OPENMOLCA   SO           PENM   O  L  CAS    OPEN    MO    LCAS
    OPENMOLCA   SOP           ENM   O  L  CAS   OP  EN  MOLC  AS   O
    OPENMOLCA   SOPE           NM      O  LCA   S      OP  EN MO
    OPENMOLC                AS         O  PEN   M      OL  CA  SOPE
    OPENMO        LCASOPE  NMOL        C  ASO   P      ENMOLC     AS
    OPE     NMO      LCA  SO     P     E   NM   OL  CA SO  PE N   MO
          OPENMOLCA            SOPE   NMO        LCAS  O    P  ENMO
     OPENMOLCASOPENMOLCASOPENMOLCASOPENMOLCA
        OPENMOLCASOPENMOLCASOPENMOLCASOPE
            OPENMOLCASOPENMOLCASOPENM
               OPENMOLCASOPENMOLCA        version: f37762c57
                   OPENMOLCASO
                       OPE                tag:

 OpenMolcas is free software; you can redistribute it and/or modify it
 under the terms of the GNU Lesser General Public License version 2.1.
 OpenMolcas is distributed in the hope that it will be useful, but it
 is provided "as is" and without any express or implied warranties.
 For more details see the full text of the license in the file
 LICENSE or in <http://www.gnu.org/licenses/>.

                 Copyright (C) The OpenMolcas Authors
           For the author list and the recommended citation,
                   consult the file CONTRIBUTORS.md

           *************************************************
           * pymolcas version py2.28                       *
           *   build c4a6d18ded8cb6cad61d2372a9abd97c      *
           *   (after the EMIL interpreter by V. Veryazov) *
           *************************************************

configuration info
------------------
C Compiler ID: Intel
C flags: -std=gnu99 -gcc-sys
Fortran Compiler ID: IntelLLVM
Fortran flags: -standard-semantics -fltconsistency -fpp -i8 -heap-arrays
Definitions: _MOLCAS_;_I8_;_LINUX_
Parallel: OFF (GA=OFF)


   --------------------------------------------------------------------------------------
  |
  |              Project: H6_2.56
  |       Submitted from: ${LOCALHOME}/DDCASPT2/hydrogen_comps/rerun/H6_chain/H6_2.56
  |         Scratch area: /tmp/H6_2.56
  |      Save outputs to: ${LOCALHOME}/DDCASPT2/hydrogen_comps/rerun/H6_chain/H6_2.56
  |               Molcas: ${LOCALHOME}/Test/build
  |
  | Scratch area is empty
  |
  |       MOLCAS_DRIVER = /usr/local/pymolcas
  | MOLCAS_KEEP_WORKDIR = NO
  |  MOLCAS_NEW_WORKDIR = YES
  |       MOLCAS_NPROCS = 1
  |        MOLCAS_PRINT = NORMAL
  |       MOLCAS_SOURCE = ${LOCALHOME}/Test
  |    MOLCAS_STRUCTURE = 0
  |
   --------------------------------------------------------------------------------------

++ ---------   Input file   ---------

&GATEWAY
coord=H6_2.56.xyz
Basis = ANO-RCC-VDZP
Group = nosymm
End of Input

&SEWARD
End of Input

&SCF

>>> COPY $WorkDir/H6_2.56.scf.h5 $CurrDir/

&RASSCF
Title= RASSCF
FileOrb
${LOCALHOME}/DDCASPT2/hydrogen_comps/rerun/H6_chain/H6_0.60/H6_0.60.RasOrb
NACTEL
6 0 0
Inactive
0
RAS2
6
Symmetry
1
Spin
1
orblisting
all

>>> COPY $WorkDir/H6_2.56.rasscf.h5 $CurrDir/

>>> COPY $WorkDir/DDCASPT2_Fock_MO.csv $CurrDir/H6_2.56.DDCASPT2_Fock_MO.csv

&MOTRA
Frozen=0
LUMORB

>>> COPY $WorkDir/DDCASPT2_one_int_indx.csv $CurrDir/H6_2.56.DDCASPT2_one_int_indx.csv

>>> COPY $WorkDir/DDCASPT2_one_int.csv $CurrDir/H6_2.56.DDCASPT2_one_int.csv

>>> COPY $WorkDir/DDCASPT2_two_int_indx.csv $CurrDir/H6_2.56.DDCASPT2_two_int_indx.csv

>>> COPY $WorkDir/DDCASPT2_two_int.csv $CurrDir/H6_2.56.DDCASPT2_two_int.csv

&CASPT2
Frozen
0

MAXITER
50

>>> FOREACH i IN (B,E,F,G,H)

  >>> FOREACH j IN (P,M)

    >>> IF (-FILE DDCASPT2_e2_${i}_${j}_1_.csv)

      >>> COPY $WorkDir/DDCASPT2_RHS_${i}_${j}_1_.csv $CurrDir/DDCASPT2_RHS_${i}_${j}_1_.csv

      >>> COPY $WorkDir/DDCASPT2_IVECW_${i}_${j}_1_.csv $CurrDir/DDCASPT2_IVECW_${i}_${j}_1_.csv

      >>> COPY $WorkDir/DDCASPT2_IVECX_${i}_${j}_1_.csv $CurrDir/DDCASPT2_IVECX_${i}_${j}_1_.csv

      >>> COPY $WorkDir/DDCASPT2_IVECC2_${i}_${j}_1_.csv $CurrDir/DDCASPT2_IVECC2_${i}_${j}_1_.csv

      >>> COPY $WorkDir/DDCASPT2_e2_${i}_${j}_1_.csv $CurrDir/DDCASPT2_e2_${i}_${j}_1_.csv

    >>> END IF

  >>> END FOREACH

>>> END FOREACH

>>> FOREACH i IN (A,C,D)

  >>> IF (-FILE DDCASPT2_e2_${i}_1_.csv)

    >>> COPY $WorkDir/DDCASPT2_RHS_${i}_1_.csv $CurrDir/DDCASPT2_RHS_${i}_1_.csv

    >>> COPY $WorkDir/DDCASPT2_IVECW_${i}_1_.csv $CurrDir/DDCASPT2_IVECW_${i}_1_.csv

    >>> COPY $WorkDir/DDCASPT2_IVECX_${i}_1_.csv $CurrDir/DDCASPT2_IVECX_${i}_1_.csv

    >>> COPY $WorkDir/DDCASPT2_IVECC2_${i}_1_.csv $CurrDir/DDCASPT2_IVECC2_${i}_1_.csv

    >>> COPY $WorkDir/DDCASPT2_e2_${i}_1_.csv $CurrDir/DDCASPT2_e2_${i}_1_.csv

  >>> END IF

>>> END FOREACH

-- ----------------------------------

--- Start Module: gateway at Sun Oct 26 13:09:49 2025 ---
 
()()()()()()()()()()()()()()()()()()()()()()()()()()()()()()()()()()()()()()()()()()()()()()()()()()

                                              &GATEWAY

                                   only a single process is used
                       available to each process: 2.0 GB of memory, 1 thread?
()()()()()()()()()()()()()()()()()()()()()()()()()()()()()()()()()()()()()()()()()()()()()()()()()()
 
 
++    Symmetry information:
      ---------------------
 
                    Character Table for C1 
 
                             E  
                    a        1  x, y, xy, Rz, z, xz, Ry, yz, Rx, I
--
 
 
++    Basis set information:
      ----------------------
 
 
      Basis set label: H.ANO-RCC...2S1P.
 
      Electronic valence basis set:
      ------------------
      Associated Effective Charge   1.000000 au
      Associated Actual Charge      1.000000 au
      Nuclear Model: Point charge
 
      Shell  nPrim  nBasis  Cartesian Spherical Contaminant
         s       8       2        X                  
         p       4       1        X                  
--
 
 
++    Molecular structure info:
      -------------------------
 
                    ************************************************ 
                    **** Cartesian Coordinates / Bohr, Angstrom **** 
                    ************************************************ 
 
     Center  Label                x              y              z                     x              y              z
        1      H1               0.000000       0.000000       0.000000              0.000000       0.000000       0.000000
        2      H2               0.000000       0.000000       4.844570              0.000000       0.000000       2.563636
        3      H3               0.000000       0.000000       9.689142              0.000000       0.000000       5.127273
        4      H4               0.000000       0.000000      14.533712              0.000000       0.000000       7.690909
        5      H5               0.000000       0.000000      19.378282              0.000000       0.000000      10.254545
        6      H6               0.000000       0.000000      24.222853              0.000000       0.000000      12.818182
 
                    *************************************** 
                    *    InterNuclear Distances / Bohr    * 
                    *************************************** 
 
               1 H1            2 H2            3 H3            4 H4            5 H5            6 H6    
    1 H1       0.000000
    2 H2       4.844570        0.000000
    3 H3       9.689142        4.844572        0.000000
    4 H4      14.533712        9.689142        4.844570        0.000000
    5 H5      19.378282       14.533712        9.689140        4.844570        0.000000
    6 H6      24.222853       19.378283       14.533712        9.689142        4.844572        0.000000
 
                    ******************************************* 
                    *    InterNuclear Distances / Angstrom    * 
                    ******************************************* 
 
               1 H1            2 H2            3 H3            4 H4            5 H5            6 H6    
    1 H1       0.000000
    2 H2       2.563636        0.000000
    3 H3       5.127273        2.563637        0.000000
    4 H4       7.690909        5.127273        2.563636        0.000000
    5 H5      10.254545        7.690909        5.127272        2.563636        0.000000
    6 H6      12.818182       10.254546        7.690909        5.127273        2.563637        0.000000
--
 
 
            Nuclear Potential Energy              1.79582477 au
 
--- Stop Module: gateway at Sun Oct 26 13:09:50 2025 /rc=_RC_ALL_IS_WELL_ ---
*** files: xmldump
    saved to directory ${LOCALHOME}/DDCASPT2/hydrogen_comps/rerun/H6_chain/H6_2.56

--- Start Module: seward at Sun Oct 26 13:09:50 2025 ---
 
()()()()()()()()()()()()()()()()()()()()()()()()()()()()()()()()()()()()()()()()()()()()()()()()()()

                                              &SEWARD

                                   only a single process is used
                       available to each process: 2.0 GB of memory, 1 thread?
()()()()()()()()()()()()()()()()()()()()()()()()()()()()()()()()()()()()()()()()()()()()()()()()()()
 
               SEWARD will generate:
                  Multipole Moment integrals up to order  2
                  Kinetic Energy integrals
                  Nuclear Attraction integrals (point charge)
                  One-Electron Hamiltonian integrals
                  Velocity integrals
                  Relativistic Douglas-Kroll-Hess integrals:
                    - Parametrization         : EXP
                    - DKH order of Hamiltonian: 2
                    - DKH order of Properties : 0
                         - multipole moment operators
                         - electric potential operators
                         - contact operators
                  Atomic mean-field integrals
                  Two-Electron Repulsion integrals
 
                   Integrals are discarded if absolute value <: 0.10E-13
                   Integral cutoff threshold is set to       <: 0.10E-15
 
            Nuclear Potential Energy              1.79582477 au
 
 
      Basis set specifications :
      Symmetry species         a  
      Basis functions           30
 
 
  Input file to MOLDEN was generated!
 
forrtl: warning (525): IEEE_DIVIDE_BY_ZERO is signaling
forrtl: warning (526): IEEE_INVALID is signaling
forrtl: warning (528): IEEE_UNDERFLOW is signaling
--- Stop Module: seward at Sun Oct 26 13:09:50 2025 /rc=_RC_ALL_IS_WELL_ ---
*** files: H6_2.56.GssOrb H6_2.56.guessorb.h5 H6_2.56.guessorb.molden xmldump
    saved to directory ${LOCALHOME}/DDCASPT2/hydrogen_comps/rerun/H6_chain/H6_2.56

*** symbolic link created: INPORB -> H6_2.56.GssOrb
--- Start Module: scf at Sun Oct 26 13:09:50 2025 ---
 
()()()()()()()()()()()()()()()()()()()()()()()()()()()()()()()()()()()()()()()()()()()()()()()()()()

                                                &SCF

                                   only a single process is used
                       available to each process: 2.0 GB of memory, 1 thread?
()()()()()()()()()()()()()()()()()()()()()()()()()()()()()()()()()()()()()()()()()()()()()()()()()()
 
++    Input section:
      --------------
 
      Header of the integral files:
      
       Integrals generated by seward 4.2.0  , Sun Oct 26 13:09:50 2025
 
 
      Cartesian coordinates in Angstrom:
      -----------------------------------------------------
      No.  Label        X            Y            Z        
      -----------------------------------------------------
       1   H1         0.00000000   0.00000000   0.00000000
       2   H2         0.00000000   0.00000000   2.56363600
       3   H3         0.00000000   0.00000000   5.12727300
       4   H4         0.00000000   0.00000000   7.69090900
       5   H5         0.00000000   0.00000000  10.25454500
       6   H6         0.00000000   0.00000000  12.81818200
      -----------------------------------------------------
      Nuclear repulsion energy =    1.79582477
--
 
++    Orbital specifications:
      -----------------------
 
      Symmetry species               1
                                     a
      Frozen orbitals                0
      Occupied orbitals              3
      Secondary orbitals            27
      Deleted orbitals               0
      Total number of orbitals      30
      Number of basis functions     30
--
 
      Molecular charge                           0.000
 
++    Optimization specifications:
      ----------------------------
 
      SCF Algorithm: Conventional
      Minimized density differences are used
      Number of density matrices in core                5
      Maximum number of NDDO SCF iterations           400
      Maximum number of HF SCF iterations             400
      Threshold for SCF energy change            0.10E-08
      Threshold for density matrix               0.10E-03
      Threshold for Fock matrix                  0.15E-03
      Threshold for linear dependence            0.10E-08
      Threshold at which DIIS is turned on       0.15E+00
      Threshold at which QNR/C2DIIS is turned on 0.75E-01
      Threshold for Norm(delta) (QNR/C2DIIS)     0.20E-04
      DIIS extrapolation of the SCF procedure
      All orbitals punched on: SCFORB
--
 
      Input vectors read from INPORB
      Orbital file label: *Guess orbitals
 
 
++ Convergence information
                                   SCF        iterations: Energy and convergence statistics
 
Iter     Tot. SCF        One-elec.       Two-elec.     Energy      Max Dij or  Max Fij      DNorm      TNorm      AccCon     Time
         Energy          Energy          Energy        Change      Delta Norm                                                in Sec.
   1    -2.402074864    -6.679707234     2.481807596   0.00E+00    0.39E+00*   0.13E+00*    0.39E+01   0.59E+01   None         0.
   2    -2.577498518    -6.659609581     2.286286289  -0.18E+00*   0.13E+00*   0.25E-01*    0.12E+01   0.56E+01   EDIIS        0.
   3    -2.585877744    -6.613181542     2.231479024  -0.84E-02*   0.81E-01*   0.93E-02*    0.24E+00   0.56E+01   EDIIS        0.
   4    -2.587294935    -6.618913127     2.235793418  -0.14E-02*   0.53E-01*   0.59E-02*    0.15E+00   0.56E+01   c2DIIS       0.
   5    -2.587767737    -6.608733391     2.225140880  -0.47E-03*   0.18E-01*   0.36E-02*    0.22E-01   0.56E+01   QNRc2DIIS    0.
   6    -2.587921835    -6.614608000     2.230861391  -0.15E-03*   0.12E-01*   0.22E-02*    0.63E-02   0.56E+01   QNRc2DIIS    0.
   7    -2.587996997    -6.612459362     2.228637590  -0.75E-04*   0.67E-02*   0.71E-03*    0.10E-02   0.56E+01   QNRc2DIIS    0.
   8    -2.588007484    -6.611535510     2.227703251  -0.10E-04*   0.14E-03*   0.14E-04     0.72E-03   0.56E+01   QNRc2DIIS    0.
   9    -2.588007489    -6.611542005     2.227709741  -0.49E-08*   0.34E-04*   0.26E-05     0.11E-03   0.56E+01   QNRc2DIIS    0.
  10    -2.588007489    -6.611540056     2.227707793  -0.22E-09    0.38E-05    0.38E-06     0.16E-04   0.56E+01   QNRc2DIIS    0.
 
       Convergence after 10 Macro Iterations
--
 
 *****************************************************************************************************************************
 *                                                                                                                           *
 *                                             SCF/KS-DFT Program, Final results                                             *
 *                                                                                                                           *
 *                                                                                                                           *
 *                                                                                                                           *
 *                                                       Final Results                                                       *
 *                                                                                                                           *
 *****************************************************************************************************************************
 
::    Total SCF energy                                 -2.5880074891
      One-electron energy                              -6.6115400564
      Two-electron energy                               2.2277077930
      Nuclear repulsion energy                          1.7958247743
      Kinetic energy (interpolated)                     1.9742626212
      Virial theorem                                    1.3108729616
      Total spin, S(S+1)                                0.0000000000
      Total spin, S                                     0.0000000000
      Max non-diagonal density matrix element           0.0000058828
      Max non-diagonal Fock matrix element              0.0000003123
 
 
      All orbitals with orbital energies smaller than  E(LUMO)+0.5 are printed
 
++    Molecular orbitals:
      -------------------
 
      Title: SCF orbitals

      Molecular orbitals for symmetry species 1: a  
 
          Orbital            1         2         3         4         5         6         7         8    
          Energy           -0.3834   -0.3616   -0.3330   -0.1438   -0.1029   -0.0669    0.3232    0.3433
          Occ. No.          2.0000    2.0000    2.0000    0.0000    0.0000    0.0000    0.0000    0.0000
 
        1 H1     1s         0.2448   -0.4182    0.3842   -0.4577    0.5470   -0.3490   -0.1425    0.1893
        2 H1     2s         0.0457   -0.0825    0.0817   -0.1437    0.1834   -0.1204    0.2831   -0.4769
        3 H1     2px        0.0000   -0.0000    0.0000    0.0000   -0.0000    0.0000    0.0000   -0.0000
        4 H1     2py       -0.0000    0.0000   -0.0000   -0.0000    0.0000   -0.0000    0.0000    0.0000
        5 H1     2pz        0.0085   -0.0122    0.0088    0.0043   -0.0123    0.0132   -0.0120    0.0154
        6 H2     1s         0.3193   -0.4546    0.3168    0.2843   -0.5871    0.5178   -0.2227    0.2142
        7 H2     2s         0.0538   -0.1028    0.0945    0.0840   -0.2034    0.1838    0.2747   -0.3023
        8 H2     2px        0.0000   -0.0000    0.0000   -0.0000    0.0000   -0.0000    0.0000   -0.0000
        9 H2     2py       -0.0000    0.0000   -0.0000    0.0000    0.0000   -0.0000   -0.0000   -0.0000
       10 H2     2pz       -0.0020    0.0088   -0.0128    0.0179   -0.0112   -0.0034    0.0030   -0.0031
       11 H3     1s         0.4362   -0.0749   -0.4504    0.4962    0.1694   -0.6542   -0.2331    0.0798
       12 H3     2s         0.0803    0.0005   -0.1186    0.1580    0.0645   -0.2292    0.3205   -0.1329
       13 H3     2px       -0.0000    0.0000    0.0000   -0.0000   -0.0000   -0.0000    0.0000    0.0000
       14 H3     2py        0.0000   -0.0000   -0.0000    0.0000    0.0000   -0.0000   -0.0000    0.0000
       15 H3     2pz        0.0067    0.0057   -0.0121   -0.0156    0.0143    0.0079   -0.0034   -0.0003
       16 H4     1s         0.4362    0.0749   -0.4504   -0.4962    0.1694    0.6542   -0.2331   -0.0798
       17 H4     2s         0.0803   -0.0005   -0.1186   -0.1580    0.0645    0.2292    0.3205    0.1329
       18 H4     2px       -0.0000    0.0000    0.0000    0.0000   -0.0000   -0.0000   -0.0000   -0.0000
       19 H4     2py       -0.0000    0.0000    0.0000    0.0000    0.0000    0.0000   -0.0000   -0.0000
       20 H4     2pz       -0.0067    0.0057    0.0121   -0.0156   -0.0143    0.0079    0.0034   -0.0003
       21 H5     1s         0.3193    0.4546    0.3168   -0.2843   -0.5871   -0.5178   -0.2227   -0.2142
       22 H5     2s         0.0538    0.1028    0.0945   -0.0840   -0.2034   -0.1838    0.2747    0.3023
       23 H5     2px       -0.0000    0.0000    0.0000   -0.0000   -0.0000    0.0000   -0.0000   -0.0000
       24 H5     2py        0.0000   -0.0000    0.0000    0.0000    0.0000    0.0000    0.0000   -0.0000
       25 H5     2pz        0.0020    0.0088    0.0128    0.0179    0.0112   -0.0034   -0.0030   -0.0031
       26 H6     1s         0.2448    0.4182    0.3842    0.4577    0.5470    0.3490   -0.1425   -0.1893
       27 H6     2s         0.0457    0.0825    0.0817    0.1437    0.1834    0.1204    0.2831    0.4769
       28 H6     2px       -0.0000    0.0000   -0.0000    0.0000    0.0000    0.0000    0.0000    0.0000
       29 H6     2py        0.0000   -0.0000   -0.0000   -0.0000   -0.0000   -0.0000    0.0000    0.0000
       30 H6     2pz       -0.0085   -0.0122   -0.0088    0.0043    0.0123    0.0132    0.0120    0.0154
--
 
 
++    Molecular charges:
      ------------------
 
      Mulliken charges per centre and basis function type
      ---------------------------------------------------
 
                H1      H2      H3      H4      H5      H6    
      1s       0.8819  0.9299  0.9114  0.9114  0.9299  0.8819
      2s       0.0853  0.0932  0.0852  0.0852  0.0932  0.0853
      2px      0.0000  0.0000  0.0000  0.0000  0.0000  0.0000
      2pz      0.0040  0.0046  0.0045  0.0045  0.0046  0.0040
      2py      0.0000  0.0000  0.0000  0.0000  0.0000  0.0000
      Total    0.9711  1.0278  1.0011  1.0011  1.0278  0.9711
 
      N-E      0.0289 -0.0278 -0.0011 -0.0011 -0.0278  0.0289
 
      Total electronic charge=    6.000000
 
      Total            charge=   -0.000000
--
 
 
  Input file to MOLDEN was generated!
 
 
++    Static properties:
      ------------------
 
 
      LoProp Charges per center
 

                   H1       H2       H3       H4       H5       H6    
      Nuclear      1.0000   1.0000   1.0000   1.0000   1.0000   1.0000
      Electronic  -0.9824  -1.0156  -1.0020  -1.0020  -1.0156  -0.9824
 
      Total        0.0176  -0.0156  -0.0020  -0.0020  -0.0156   0.0176
--
 
 
++    Natural Bond Order analysis
      ---------------------------
      Based on LoProp computed density
      -------------------------------------------------------------------------------------
      Atom A       Atom B       Bond Order
      -------------------------------------------------------------------------------------
      NBO located      0.972 non-bonded electrons on atom H1        
      NBO located      1.009 non-bonded electrons on atom H3        
      NBO located      1.009 non-bonded electrons on atom H4        
      NBO located      0.972 non-bonded electrons on atom H6        
      The remaining    2.039 electrons are to be considered as diffuse
--
 
 
++    Molecular properties:
      ---------------------
 
      Charge (e):
                      =   -0.0000
      Dipole Moment (Debye):
      Origin of the operator (Ang)=    0.0000    0.0000    0.0000
                   X= -1.0859E-13               Y=  5.7674E-14               Z=  2.8051E-07           Total=  2.8051E-07
      Quadrupole Moment (Debye*Ang):
      Origin of the operator (Ang)=    0.0000    0.0000    6.4091
                  XX= -1.4335E+01              XY=  4.5113E-28              XZ=  6.1106E-13              YY= -1.4335E+01
                  YZ= -3.4157E-13              ZZ= -1.3643E+00
      In traceless form (Debye*Ang)
                  XX= -6.4851E+00              XY=  6.7669E-28              XZ=  9.1659E-13              YY= -6.4851E+00
                  YZ= -5.1236E-13              ZZ=  1.2970E+01
--
 
 
  Input file to MOLDEN was generated!
 
 ###############################################################################
 ###############################################################################
 ###                                                                         ###
 ###                                                                         ###
 ###    RunFile label nBas                                                   ###
 ###    was used       78 times                                              ###
 ###                                                                         ###
 ###                                                                         ###
 ###############################################################################
 ###############################################################################
forrtl: warning (528): IEEE_UNDERFLOW is signaling
--- Stop Module: scf at Sun Oct 26 13:09:50 2025 /rc=_RC_ALL_IS_WELL_ ---
*** files: H6_2.56.LprOrb H6_2.56.LoProp.molden H6_2.56.scf.molden H6_2.56.ScfOrb H6_2.56.scf.h5 xmldump
    saved to directory ${LOCALHOME}/DDCASPT2/hydrogen_comps/rerun/H6_chain/H6_2.56

>>> COPY /tmp/H6_2.56/H6_2.56.scf.h5 ${LOCALHOME}/DDCASPT2/hydrogen_comps/rerun/H6_chain/H6_2.56/

*** symbolic link created: INPORB -> H6_2.56.ScfOrb
--- Start Module: rasscf at Sun Oct 26 13:09:50 2025 ---
 
()()()()()()()()()()()()()()()()()()()()()()()()()()()()()()()()()()()()()()()()()()()()()()()()()()

                                              &RASSCF

                                   only a single process is used
                       available to each process: 2.0 GB of memory, 1 thread?
()()()()()()()()()()()()()()()()()()()()()()()()()()()()()()()()()()()()()()()()()()()()()()()()()()
 
 
      Header of the ONEINT file:
      --------------------------
      
      Integrals generated by seward 4.2.0  , Sun Oct 26 13:09:50 2025
 
 
      OrdInt status: non-squared
 
 
      Cartesian coordinates in Angstrom:
      -----------------------------------------------------
      No.  Label        X            Y            Z        
      -----------------------------------------------------
       1   H1         0.00000000   0.00000000   0.00000000
       2   H2         0.00000000   0.00000000   2.56363600
       3   H3         0.00000000   0.00000000   5.12727300
       4   H4         0.00000000   0.00000000   7.69090900
       5   H5         0.00000000   0.00000000  10.25454500
       6   H6         0.00000000   0.00000000  12.81818200
      -----------------------------------------------------
      Nuclear repulsion energy =    1.79582477
 
++    Wave function specifications:
      -----------------------------
 
      Number of closed shell electrons           0
      Number of electrons in active shells       6
      Max number of holes in RAS1 space          0
      Max nr of electrons in RAS3 space          0
      Number of inactive orbitals                0
      Number of active orbitals                  6
      Number of secondary orbitals              24
      Spin quantum number                      0.0
      State symmetry                             1
--
 
++    Orbital specifications:
      -----------------------
 
      Symmetry species                           1
                                                 a
      Frozen orbitals                            0
      Inactive orbitals                          0
      Active orbitals                            6
      RAS1 orbitals                              0
      RAS2 orbitals                              6
      RAS3 orbitals                              0
      Secondary orbitals                        24
      Deleted orbitals                           0
      Number of basis functions                 30
--
 
++    CI expansion specifications:
      ----------------------------
 
      Number of CSFs                           175
      Number of determinants                   210
      Number of root(s) required                 1
      Root chosen for geometry opt.              1
      CI root used                               1
         
      highest root included in the CI            1
      max. size of the explicit Hamiltonian    175
--
 
++    Optimization specifications:
      ----------------------------
 
      RASSCF algorithm: Conventional
      Maximum number of macro iterations       200
      Maximum number of SX iterations          100
      Threshold for RASSCF energy            0.100E-07
      Threshold for max MO rotation          0.100E+00
      Threshold for max BLB element          0.100E-03
      Level shift parameter                  0.500E+00
      Make Quasi-Newton update
--
 
      The MO-coefficients are taken from the file:
      ${LOCALHOME}/DDCASPT2/hydrogen_comps/rerun/H6_chain/H6_0.60/H6_0.60.RasOrb                                                  
      Title: RASSCF average (pseudo-natural) orbitals                                      
 
      Total molecular charge    0.00
 
      ************************************************************************************************************************
      *                                                                                                                      *
      *                                            Wave function control section                                             *
      *                                                                                                                      *
      ************************************************************************************************************************
 
 
                                         RASSCF iterations: Energy and convergence statistics
                                         ----------------------------------------------------
 
      Iter CI   SX   CI       RASSCF       Energy    max ROT     max BLB   max BLB  Level Ln srch  Step   QN   Walltime
          iter iter root      energy       change     param      element    value   shift minimum  type update hh:mm:ss
 Nr of preliminary CI iterations:   1
        1   1   94    1    -2.00313559    0.00E+00   0.34E+00*   4  17 1  0.29E+00*  0.40   0.00    SX    NO    0:00:00
        2   1   90    1    -2.52964313   -0.53E+00*  0.23E+00*   5   8 1 -0.22E+00*  0.26   0.00    SX    NO    0:00:00
        3   1   16    1    -2.72281071   -0.19E+00* -0.89E-01    5   8 1 -0.85E-01*  0.17   0.00    SX    NO    0:00:00
        4   1   20    1    -2.74206516   -0.19E-01* -0.27E-01    5   8 1 -0.21E-01*  0.16   0.00    SX    NO    0:00:00
        5   1   23    1    -2.74403566   -0.20E-02* -0.18E-01    5   8 1 -0.53E-02*  0.17   1.73    LS   YES    0:00:00
        6   1   22    1    -2.74448910   -0.45E-03*  0.14E-01    5   8 1  0.55E-02*  0.17   1.10    QN   YES    0:00:00
        7   1   21    1    -2.74471700   -0.23E-03*  0.12E-01    5   8 1  0.36E-02*  0.16   1.92    LS   YES    0:00:00
        8   1   22    1    -2.74478470   -0.68E-04* -0.55E-02    5  29 1 -0.21E-02*  0.16   1.07    QN   YES    0:00:00
        9   1   21    1    -2.74481415   -0.29E-04* -0.19E-01    5  29 1 -0.83E-03*  0.16   2.26    QN   YES    0:00:00
       10   1   22    1    -2.74486863   -0.54E-04*  0.39E-01    6  29 1  0.19E-02*  0.16   1.84    QN   YES    0:00:00
       11   1   23    1    -2.74495430   -0.86E-04* -0.74E-01    5   8 1 -0.33E-02*  0.16   2.12    QN   YES    0:00:00
       12   1   23    1    -2.74509160   -0.14E-03* -0.67E-01    5   8 1 -0.46E-02*  0.16   1.58    QN   YES    0:00:00
       13   1   22    1    -2.74520755   -0.12E-03* -0.35E-01    5   8 1 -0.37E-02*  0.16   1.54    QN   YES    0:00:00
       14   1   22    1    -2.74530791   -0.10E-03* -0.25E-01    2  24 1  0.17E-02*  0.16   1.77    LS   YES    0:00:00
       15   1   22    1    -2.74533169   -0.24E-04*  0.16E-01    3  29 1 -0.12E-02*  0.16   1.10    QN   YES    0:00:00
       16   1   22    1    -2.74535631   -0.25E-04*  0.73E-02    3  29 1 -0.67E-03*  0.16   1.50    QN   YES    0:00:00
       17   1   21    1    -2.74536660   -0.10E-04*  0.43E-02    5   8 1  0.56E-03*  0.16   1.63    QN   YES    0:00:00
       18   1   21    1    -2.74537782   -0.11E-04*  0.32E-01    3  29 1  0.55E-03*  0.16   2.50    QN   YES    0:00:00
       19   1   22    1    -2.74545448   -0.77E-04*  0.19E+00*   3  29 1  0.25E-02*  0.17   2.50    QN   YES    0:00:00
       20   1   86    1    -2.74678695   -0.13E-02*  0.12E+00*   2   7 1 -0.21E-01*  0.14   2.50    LS   YES    0:00:00
       21   1  100    1    -2.74948978   -0.27E-02*  0.18E+00*   5   7 1 -0.47E-01*  0.10   1.65    QN   YES    0:00:00
       22   1   95    1    -2.74045114    0.90E-02* -0.12E+00*   5   7 1 -0.68E-01*  0.04   0.18    SX   YES    0:00:00
       23   1   99    1    -2.80879310   -0.68E-01* -0.10E+00*   5   7 1 -0.87E-01*  0.00   2.50    LS   YES    0:00:00
       24   1  100    1    -2.88412698   -0.75E-01* -0.24E+00*   6   7 1  0.83E-01*  0.00   2.45    QN   YES    0:00:00
       25   1   97    1    -2.94448422   -0.60E-01* -0.97E-01    2   7 1  0.89E-01*  0.00   0.75    QN   YES    0:00:00
       26   1  100    1    -2.95092678   -0.64E-02* -0.21E+00*   6  29 1 -0.12E+00*  0.00   0.58    QN   YES    0:00:00
       27   1  100    1    -2.91374346    0.37E-01*  0.64E-01    2   7 1 -0.13E+00*  0.00   0.38    LS   YES    0:00:00
       28   1   49    1    -2.96159332   -0.48E-01* -0.80E-01    2   7 1 -0.87E-01*  0.00   1.87    SX   YES    0:00:00
       29   1   14    1    -2.99663842   -0.35E-01* -0.33E-01    6   7 1  0.27E-01*  0.00   1.29    QN   YES    0:00:00
       30   1   35    1    -2.99636653    0.27E-03*  0.19E-01    6  29 1 -0.17E-01*  0.00   0.47    SX   YES    0:00:00
       31   1   13    1    -2.99957280   -0.32E-02*  0.10E-01    6  29 1 -0.61E-02*  0.00   1.35    QN   YES    0:00:00
       32   1   12    1    -2.99982061   -0.25E-03*  0.57E-02    2  11 1  0.29E-02*  0.00   0.91    QN   YES    0:00:00
       33   1   12    1    -2.99976992    0.51E-04* -0.46E-02    6   7 1  0.38E-02*  0.00   0.22    SX   YES    0:00:00
       34   1   11    1    -2.99987009   -0.10E-03* -0.16E-02    6   7 1  0.86E-03*  0.00   1.20    QN   YES    0:00:00
       35   1    9    1    -2.99987535   -0.53E-05* -0.31E-03    6   7 1  0.15E-03*  0.00   0.98    QN   YES    0:00:00
       36   1    9    1    -2.99987554   -0.19E-06*  0.87E-04    5   7 1  0.97E-04   0.00   0.77    QN   YES    0:00:00
       37   1    8    1    -2.99987561   -0.69E-07* -0.47E-04    5   7 1  0.61E-04   0.00   1.21    QN   YES    0:00:00
       38   1    8    1    -2.99987562   -0.15E-07*  0.23E-04    5   7 1  0.41E-04   0.00   1.37    QN   YES    0:00:00
       39   1    7    1    -2.99987563   -0.48E-08   0.12E-04    5   7 1  0.29E-04   0.00   1.18    QN   YES    0:00:00
      Convergence after 39 iterations
 
  Dmat in MO in SXCTL bf call to SXHAM                                                                                    
  mat. size =     6x    6
 
        1.1769077029268915
        0.0361099534394127      1.0514046567804880
       -0.0469497998322647      0.0184488493140321      1.1751303459974656
        0.0012775468490962      0.0643820454043565      0.0015869949013299      0.8347366398041900
        0.1918279857123669      0.1593757201223205      0.0069367862938944      0.0089573042067186      0.8495554733133009
        0.1730239753650650     -0.2338951132996880      0.0200842894047277     -0.0128576221095122      0.0110757446749445
        0.9122651811776633
       40   1    7    1    -2.99987563   -0.55E-09   0.12E-04    5   7 1  0.29E-04   0.00   1.18    QN   YES    0:00:00
 
      ************************************************************************************************************************
                                                      Wave function printout:
                       occupation of active orbitals, and spin coupling of open shells (u,d: Spin up or down)
      ************************************************************************************************************************
 
      Note: transformation to natural orbitals
      has been made, which may change the order of the CSFs.
 
      printout of CI-coefficients larger than  0.05 for root  1
      energy=      -2.999876
      conf/sym  111111     Coeff  Weight
             1  222000   0.47328 0.22400
            11  220200  -0.26717 0.07138
            13  220020  -0.07192 0.00517
            14  220u0d   0.05094 0.00259
            16  220002  -0.05816 0.00338
            18  2udud0  -0.28748 0.08264
            21  2ud0ud  -0.09623 0.00926
            23  u2d200   0.05197 0.00270
            25  u2d020  -0.11208 0.01256
            26  u2du0d  -0.28799 0.08294
            28  u2d002   0.05300 0.00281
            29  202200  -0.07386 0.00545
            31  202020  -0.19987 0.03995
            32  202u0d  -0.11223 0.01260
            34  202002  -0.07204 0.00519
            36  ud2ud0  -0.09895 0.00979
            39  ud20ud  -0.23395 0.05473
            41  022200  -0.06129 0.00376
            43  022020  -0.07399 0.00548
            44  022u0d   0.05441 0.00296
            46  022002  -0.17486 0.03058
            47  2uudd0   0.08294 0.00688
            51  u2ud0d   0.09817 0.00964
            55  uu20dd   0.05139 0.00264
           120  200220   0.18425 0.03395
           122  200u2d  -0.05132 0.00263
           123  200202   0.06186 0.00383
           127  ud02ud   0.20669 0.04272
           130  ud0ud2   0.06777 0.00459
           132  020220   0.06344 0.00403
           134  020u2d   0.08362 0.00699
           135  020202   0.15195 0.02309
           138  u0d220  -0.05260 0.00277
           140  u0du2d   0.20866 0.04354
           141  u0d202   0.08356 0.00698
           145  0ud2ud   0.06958 0.00484
           148  0udud2   0.17816 0.03174
           155  002022   0.13526 0.01830
           161  u0ud2d  -0.06898 0.00476
           165  0uudd2  -0.05224 0.00273
           175  000222  -0.18925 0.03582
 
      Natural orbitals and occupation numbers for root  1
      sym 1:   1.335168   1.271658   1.173403   0.830090   0.728420   0.661262
 
      ************************************************************************************************************************
      *                                                                                                                      *
      *                                                    Final results                                                     *
      *                                                                                                                      *
      ************************************************************************************************************************
 
 
++    Wave function specifications:
      -----------------------------
 
      Number of closed shell electrons           0
      Number of electrons in active shells       6
      Max number of holes in RAS1 space          0
      Max nr of electrons in RAS3 space          0
      Number of inactive orbitals                0
      Number of active orbitals                  6
      Number of secondary orbitals              24
      Spin quantum number                      0.0
      State symmetry                             1
--
 
++    Orbital specifications:
      -----------------------
 
      Symmetry species                           1
                                                 a
      Frozen orbitals                            0
      Inactive orbitals                          0
      Active orbitals                            6
      RAS1 orbitals                              0
      RAS2 orbitals                              6
      RAS3 orbitals                              0
      Secondary orbitals                        24
      Deleted orbitals                           0
      Number of basis functions                 30
--
 
++    CI expansion specifications:
      ----------------------------
 
      Number of CSFs                           175
      Number of determinants                   210
      Number of root(s) required                 1
      CI root used                               1
      highest root included in the CI            1
      Root passed to geometry opt.               1
--
 
++    Final optimization conditions:
      ------------------------------
 
      Average CI energy                              -2.99987563
      RASSCF energy for state  1                     -2.99987563
      Super-CI energy                                -0.00000001
      RASSCF energy change                           -0.00000000
      Max change in MO coefficients              -0.158E-04
      Max non-diagonal density matrix element     0.123E-04
      Maximum BLB matrix element                  0.287E-04
      (orbital pair   5,   7 in symmetry   1)
      Norm of electronic gradient            0.641E-04
--
 
 
      Final state energy(ies):
      ------------------------
 
::    RASSCF root number  1 Total energy:     -2.99987563
 
++    Molecular orbitals:
      -------------------
 
      Pseudonatural active orbitals and approximate occupation numbers
 
 
 
 
      Molecular orbitals for symmetry species 1: a  
 
 
      Orbital                1         2         3         4         5         6         7         8         9        10
      Energy            0.0000    0.0000    0.0000    0.0000    0.0000    0.0000    0.3328    0.3528    0.3949    0.4676
      Occ. No.          1.3352    1.2717    1.1734    0.8301    0.7284    0.6613    0.0000    0.0000    0.0000    0.0000
 
    1 H1     1s         0.2709   -0.4411    0.4097   -0.4526   -0.5195   -0.3343   -0.1025   -0.1186   -0.0310    0.1024
    2 H1     2s         0.0203   -0.0342    0.0335   -0.0479   -0.0618   -0.0437    0.2835    0.4826    0.5837    0.5957
    3 H1     2px       -0.0000   -0.0000    0.0000   -0.0000    0.0000    0.0000    0.0000    0.0000   -0.0000   -0.0000
    4 H1     2py        0.0000   -0.0000    0.0000    0.0000    0.0000    0.0000   -0.0000   -0.0000    0.0000    0.0000
    5 H1     2pz        0.0013   -0.0015    0.0008   -0.0011   -0.0023   -0.0022   -0.0086   -0.0120   -0.0143   -0.0333
    6 H2     1s         0.3599   -0.4733    0.2883    0.2754    0.5635    0.4830   -0.1787   -0.1749   -0.0414   -0.0199
    7 H2     2s         0.0239   -0.0433    0.0399    0.0223    0.0779    0.0808    0.2823    0.3135    0.0136   -0.4811
    8 H2     2px       -0.0000    0.0000   -0.0000   -0.0000   -0.0000   -0.0000    0.0000    0.0000   -0.0000   -0.0000
    9 H2     2py        0.0000   -0.0000   -0.0000    0.0000    0.0000   -0.0000   -0.0000   -0.0000    0.0000    0.0000
   10 H2     2pz        0.0008    0.0007   -0.0020    0.0001   -0.0008   -0.0002   -0.0001    0.0003   -0.0146   -0.0496
   11 H3     1s         0.4446   -0.1052   -0.4759    0.5082   -0.1628   -0.5891   -0.1867   -0.0521    0.1150    0.0035
   12 H3     2s         0.0314    0.0005   -0.0521    0.0602   -0.0315   -0.0985    0.3276    0.1354   -0.4148   -0.4792
   13 H3     2px       -0.0000    0.0000    0.0000   -0.0000   -0.0000    0.0000    0.0000    0.0000   -0.0000   -0.0000
   14 H3     2py        0.0000   -0.0000    0.0000    0.0000   -0.0000   -0.0000   -0.0000   -0.0000    0.0000    0.0000
   15 H3     2pz       -0.0001    0.0018   -0.0012    0.0003    0.0004   -0.0014   -0.0002    0.0003   -0.0034    0.0430
   16 H4     1s         0.4446    0.1055   -0.4758   -0.5081   -0.1631    0.5891   -0.1868    0.0521    0.1150   -0.0035
   17 H4     2s         0.0314   -0.0005   -0.0521   -0.0603   -0.0316    0.0985    0.3275   -0.1354   -0.4147    0.4793
   18 H4     2px       -0.0000    0.0000    0.0000   -0.0000    0.0000   -0.0000    0.0000    0.0000   -0.0000   -0.0000
   19 H4     2py        0.0000   -0.0000    0.0000    0.0000    0.0000   -0.0000   -0.0000   -0.0000    0.0000    0.0000
   20 H4     2pz        0.0001    0.0018    0.0012    0.0002   -0.0004   -0.0014    0.0002    0.0003    0.0034    0.0430
   21 H5     1s         0.3599    0.4732    0.2885   -0.2756    0.5634   -0.4829   -0.1787    0.1749   -0.0414    0.0199
   22 H5     2s         0.0239    0.0433    0.0399   -0.0224    0.0779   -0.0808    0.2823   -0.3135    0.0137    0.4811
   23 H5     2px       -0.0000    0.0000   -0.0000   -0.0000   -0.0000    0.0000    0.0000    0.0000   -0.0000    0.0000
   24 H5     2py        0.0000   -0.0000   -0.0000    0.0000    0.0000   -0.0000   -0.0000   -0.0000    0.0000    0.0000
   25 H5     2pz       -0.0008    0.0007    0.0020    0.0001    0.0008   -0.0002    0.0001    0.0003    0.0146   -0.0496
   26 H6     1s         0.2709    0.4410    0.4099    0.4529   -0.5193    0.3342   -0.1025    0.1186   -0.0310   -0.1024
   27 H6     2s         0.0203    0.0342    0.0335    0.0480   -0.0618    0.0437    0.2835   -0.4826    0.5836   -0.5957
   28 H6     2px        0.0000   -0.0000   -0.0000    0.0000    0.0000   -0.0000   -0.0000   -0.0000    0.0000    0.0000
   29 H6     2py       -0.0000    0.0000   -0.0000   -0.0000   -0.0000   -0.0000    0.0000    0.0000   -0.0000   -0.0000
   30 H6     2pz       -0.0013   -0.0015   -0.0008   -0.0011    0.0023   -0.0022    0.0086   -0.0119    0.0143   -0.0333
 
 
      Orbital               11        12        13        14        15        16        17        18        19        20
      Energy            0.5846    0.7262    0.7608    0.8597    0.8597    0.8856    0.8856    0.9247    0.9247    0.9709
      Occ. No.          0.0000    0.0000    0.0000    0.0000    0.0000    0.0000    0.0000    0.0000    0.0000    0.0000
 
    1 H1     1s        -0.1976    0.1747   -0.0940   -0.0000    0.0000   -0.0000   -0.0000    0.0000    0.0000    0.0000
    2 H1     2s        -0.5067    0.2995   -0.1388   -0.0000    0.0000    0.0000   -0.0000   -0.0000   -0.0000    0.0000
    3 H1     2px       -0.0000   -0.0000    0.0000   -0.0119    0.2189    0.0897   -0.3918   -0.1156    0.4992    0.2146
    4 H1     2py       -0.0000    0.0000   -0.0000    0.2189    0.0119   -0.3918   -0.0897    0.4992    0.1156   -0.4824
    5 H1     2pz        0.1052   -0.3308    0.3252   -0.0000   -0.0000   -0.0000    0.0000    0.0000   -0.0000    0.0000
    6 H2     1s         0.2004   -0.2235    0.0672   -0.0000    0.0000    0.0000   -0.0000    0.0000   -0.0000    0.0000
    7 H2     2s         0.8712   -0.6067    0.1869    0.0000   -0.0000   -0.0000    0.0000   -0.0000    0.0000   -0.0000
    8 H2     2px        0.0000   -0.0000    0.0000   -0.0218    0.3995    0.1134   -0.4956   -0.0533    0.2304   -0.0932
    9 H2     2py       -0.0000   -0.0000   -0.0000    0.3995    0.0218   -0.4956   -0.1134    0.2304    0.0533    0.2094
   10 H2     2pz        0.0324    0.3009   -0.3859    0.0000    0.0000    0.0000   -0.0000   -0.0000    0.0000    0.0000
   11 H3     1s        -0.0900    0.2695   -0.0266   -0.0000    0.0000   -0.0000   -0.0000    0.0000    0.0000    0.0000
   12 H3     2s        -0.4361    0.7389   -0.0803   -0.0000   -0.0000   -0.0000    0.0000    0.0000   -0.0000   -0.0000
   13 H3     2px        0.0000   -0.0000    0.0000   -0.0272    0.5001    0.0504   -0.2204    0.0933   -0.4029   -0.1725
   14 H3     2py       -0.0000   -0.0000   -0.0000    0.5001    0.0272   -0.2204   -0.0504   -0.4029   -0.0933    0.3878
   15 H3     2pz       -0.1860   -0.1155    0.3739   -0.0000   -0.0000    0.0000    0.0000   -0.0000   -0.0000   -0.0000
   16 H4     1s        -0.0901   -0.2695   -0.0266    0.0000    0.0000    0.0000   -0.0000    0.0000   -0.0000    0.0000
   17 H4     2s        -0.4361   -0.7389   -0.0803    0.0000    0.0000    0.0000   -0.0000   -0.0000    0.0000    0.0000
   18 H4     2px       -0.0000   -0.0000    0.0000   -0.0272    0.5002   -0.0504    0.2204    0.0933   -0.4029    0.1725
   19 H4     2py       -0.0000   -0.0000   -0.0000    0.5002    0.0272    0.2204    0.0504   -0.4029   -0.0933   -0.3878
   20 H4     2pz        0.1860   -0.1154   -0.3739   -0.0000   -0.0000   -0.0000    0.0000    0.0000    0.0000   -0.0000
   21 H5     1s         0.2004    0.2235    0.0672   -0.0000    0.0000   -0.0000    0.0000   -0.0000   -0.0000    0.0000
   22 H5     2s         0.8712    0.6067    0.1870    0.0000   -0.0000   -0.0000    0.0000    0.0000    0.0000   -0.0000
   23 H5     2px        0.0000    0.0000    0.0000   -0.0218    0.3995   -0.1134    0.4956   -0.0533    0.2304    0.0932
   24 H5     2py       -0.0000   -0.0000   -0.0000    0.3995    0.0218    0.4956    0.1134    0.2304    0.0533   -0.2095
   25 H5     2pz       -0.0324    0.3009    0.3859    0.0000    0.0000    0.0000   -0.0000    0.0000    0.0000    0.0000
   26 H6     1s        -0.1976   -0.1747   -0.0940    0.0000    0.0000   -0.0000   -0.0000    0.0000    0.0000    0.0000
   27 H6     2s        -0.5068   -0.2995   -0.1388   -0.0000    0.0000    0.0000    0.0000   -0.0000   -0.0000   -0.0000
   28 H6     2px       -0.0000    0.0000    0.0000   -0.0119    0.2189   -0.0897    0.3918   -0.1156    0.4993   -0.2146
   29 H6     2py        0.0000   -0.0000   -0.0000    0.2189    0.0119    0.3918    0.0897    0.4993    0.1156    0.4824
   30 H6     2pz       -0.1052   -0.3308   -0.3252   -0.0000   -0.0000   -0.0000    0.0000   -0.0000   -0.0000    0.0000
 
 
      Orbital               21        22        23        24        25        26        27        28        29        30
      Energy            0.9709    1.0144    1.0144    1.0460    1.0460    1.0594    1.0904    1.1708    1.2665    1.3456
      Occ. No.          0.0000    0.0000    0.0000    0.0000    0.0000    0.0000    0.0000    0.0000    0.0000    0.0000
 
    1 H1     1s         0.0000   -0.0000    0.0000    0.0000   -0.0000   -0.1377    0.1399   -0.1299   -0.1032    0.0623
    2 H1     2s        -0.0000    0.0000    0.0000    0.0000   -0.0000   -0.2723    0.3058   -0.2643   -0.1742    0.0874
    3 H1     2px       -0.4824   -0.1259    0.4179    0.0869   -0.2310    0.0000   -0.0000    0.0000    0.0000   -0.0000
    4 H1     2py       -0.2146    0.4179    0.1259   -0.2310   -0.0869   -0.0000    0.0000   -0.0000   -0.0000    0.0000
    5 H1     2pz       -0.0000   -0.0000    0.0000    0.0000   -0.0000   -0.2831    0.4730   -0.5381   -0.4556    0.2626
    6 H2     1s         0.0000    0.0000   -0.0000   -0.0000    0.0000    0.3911   -0.3077    0.1907    0.0488    0.0124
    7 H2     2s         0.0000   -0.0000   -0.0000   -0.0000    0.0000    0.8099   -0.6189    0.3300    0.0839   -0.0072
    8 H2     2px        0.2094    0.1544   -0.5124   -0.1540    0.4096   -0.0000    0.0000   -0.0000    0.0000   -0.0000
    9 H2     2py        0.0932   -0.5124   -0.1544    0.4096    0.1540    0.0000   -0.0000    0.0000   -0.0000    0.0000
   10 H2     2pz        0.0000   -0.0000   -0.0000   -0.0000    0.0000    0.3781   -0.1544   -0.2959   -0.6262    0.5047
   11 H3     1s        -0.0000    0.0000    0.0000    0.0000   -0.0000   -0.5976    0.1685    0.0299    0.0683    0.0205
   12 H3     2s        -0.0000    0.0000    0.0000    0.0000   -0.0000   -1.2452    0.3372    0.0291    0.0704    0.0303
   13 H3     2px        0.3878   -0.0681    0.2261    0.1914   -0.5092    0.0000   -0.0000    0.0000   -0.0000    0.0000
   14 H3     2py        0.1725    0.2261    0.0681   -0.5092   -0.1914   -0.0000    0.0000    0.0000    0.0000   -0.0000
   15 H3     2pz        0.0000    0.0000    0.0000    0.0000   -0.0000   -0.1720   -0.5042    0.4719   -0.2590    0.6233
   16 H4     1s         0.0000   -0.0000   -0.0000   -0.0000    0.0000    0.5976    0.1685   -0.0299    0.0683   -0.0205
   17 H4     2s         0.0000   -0.0000   -0.0000   -0.0000    0.0000    1.2452    0.3372   -0.0292    0.0704   -0.0303
   18 H4     2px       -0.3878   -0.0681    0.2261   -0.1914    0.5092   -0.0000   -0.0000   -0.0000    0.0000    0.0000
   19 H4     2py       -0.1725    0.2261    0.0681    0.5092    0.1914    0.0000   -0.0000   -0.0000    0.0000   -0.0000
   20 H4     2pz       -0.0000   -0.0000    0.0000    0.0000   -0.0000   -0.1720    0.5042    0.4718    0.2590    0.6233
   21 H5     1s         0.0000    0.0000    0.0000    0.0000   -0.0000   -0.3911   -0.3077   -0.1907    0.0488   -0.0124
   22 H5     2s        -0.0000    0.0000    0.0000    0.0000   -0.0000   -0.8098   -0.6190   -0.3300    0.0839    0.0072
   23 H5     2px       -0.2095    0.1544   -0.5124    0.1540   -0.4096    0.0000    0.0000    0.0000    0.0000    0.0000
   24 H5     2py       -0.0932   -0.5124   -0.1544   -0.4096   -0.1540   -0.0000   -0.0000   -0.0000   -0.0000   -0.0000
   25 H5     2pz        0.0000   -0.0000   -0.0000   -0.0000    0.0000    0.3781    0.1544   -0.2960    0.6263    0.5046
   26 H6     1s        -0.0000   -0.0000   -0.0000   -0.0000    0.0000    0.1377    0.1399    0.1299   -0.1032   -0.0623
   27 H6     2s         0.0000   -0.0000   -0.0000   -0.0000    0.0000    0.2722    0.3059    0.2642   -0.1742   -0.0874
   28 H6     2px        0.4824   -0.1259    0.4179   -0.0869    0.2310   -0.0000   -0.0000   -0.0000   -0.0000   -0.0000
   29 H6     2py        0.2146    0.4179    0.1259    0.2310    0.0869    0.0000    0.0000    0.0000   -0.0000    0.0000
   30 H6     2pz        0.0000    0.0000    0.0000    0.0000   -0.0000   -0.2831   -0.4730   -0.5381    0.4556    0.2626
--
 
      Von Neumann Entropy (Root  1) =  2.84110
 

      Mulliken population analysis for root number:  1
      -----------------------------------------------
 
 
++    Molecular charges:
      ------------------
 
      Mulliken charges per centre and basis function type
      ---------------------------------------------------
 
                H1      H2      H3      H4      H5      H6    
      1s       0.9920  1.0014  1.0018  1.0018  1.0014  0.9920
      2s       0.0061  0.0002 -0.0021 -0.0021  0.0002  0.0061
      2px      0.0000  0.0000  0.0000  0.0000  0.0000  0.0000
      2pz     -0.0000  0.0004  0.0003  0.0003  0.0004 -0.0000
      2py      0.0000  0.0000  0.0000  0.0000  0.0000  0.0000
      Total    0.9981  1.0019  0.9999  0.9999  1.0019  0.9981
 
      N-E      0.0019 -0.0019  0.0001  0.0001 -0.0019  0.0019
 
      Total electronic charge=    6.000000
 
      Total            charge=   -0.000000
--
 
 

      Expectation values of various properties for root number:  1
      -----------------------------------------------------------
 
 
++    Molecular properties:
      ---------------------
 
      Charge (e):
                      =   -0.0000
      Dipole Moment (Debye):
      Origin of the operator (Ang)=    0.0000    0.0000    0.0000
                   X=  2.4845E-08               Y= -3.0502E-08               Z= -6.7939E-05           Total=  6.7939E-05
      Quadrupole Moment (Debye*Ang):
      Origin of the operator (Ang)=    0.0000    0.0000    6.4091
                  XX= -9.1224E+00              XY=  3.4348E-17              XZ= -4.3993E-08              YY= -9.1224E+00
                  YZ=  8.7647E-09              ZZ= -8.7741E+00
      In traceless form (Debye*Ang)
                  XX= -1.7415E-01              XY=  5.1522E-17              XZ= -6.5990E-08              YY= -1.7415E-01
                  YZ=  1.3147E-08              ZZ=  3.4831E-01
--
 

      LoProp population analysis for root number:  1
      -----------------------------------------------
 
 
++    LoProp analysis:
      ----------------
 
 
 
  Input file to MOLDEN was generated!
 
 
++    Static properties:
      ------------------
 
 
      LoProp Charges per center
 

                   H1       H2       H3       H4       H5       H6    
      Nuclear      1.0000   1.0000   1.0000   1.0000   1.0000   1.0000
      Electronic  -1.0001  -0.9999  -1.0000  -1.0000  -0.9999  -1.0001
 
      Total       -0.0001   0.0001   0.0000   0.0000   0.0001  -0.0001
--
 
 
      Natural Bond Order analysis for root number:  1
 
++    Natural Bond Order analysis
      ---------------------------
      Based on LoProp computed density
      -------------------------------------------------------------------------------------
      Atom A       Atom B       Bond Order
      -------------------------------------------------------------------------------------
      The remaining    6.000 electrons are to be considered as diffuse
--
 
--
 
 
  Input file to MOLDEN was generated!
 
      Average orbitals are written to the RASORB file
      Natural orbitals for root   1 are written to the RASORB.1 file
      Spin density orbitals for root   1 are written to the SPDORB.1 file
 
 ###############################################################################
 ###############################################################################
 ###                                                                         ###
 ###                                                                         ###
 ###    RunFile label BirthCertificate                                       ###
 ###    was used       45 times                                              ###
 ###                                                                         ###
 ###                                                                         ###
 ###############################################################################
 ###############################################################################
forrtl: warning (525): IEEE_DIVIDE_BY_ZERO is signaling
forrtl: warning (526): IEEE_INVALID is signaling
forrtl: warning (528): IEEE_UNDERFLOW is signaling
--- Stop Module: rasscf at Sun Oct 26 13:09:53 2025 /rc=_RC_ALL_IS_WELL_ ---
*** files: H6_2.56.LprOrb H6_2.56.rasscf.molden H6_2.56.LoProp.molden H6_2.56.RasOrb.1 H6_2.56.RasOrb H6_2.56.rasscf.h5 H6_2.56.SpdOrb.1 xmldump
    saved to directory ${LOCALHOME}/DDCASPT2/hydrogen_comps/rerun/H6_chain/H6_2.56
--- Module rasscf spent 2 seconds ---

>>> COPY /tmp/H6_2.56/H6_2.56.rasscf.h5 ${LOCALHOME}/DDCASPT2/hydrogen_comps/rerun/H6_chain/H6_2.56/

>>> COPY /tmp/H6_2.56/DDCASPT2_Fock_MO.csv ${LOCALHOME}/DDCASPT2/hydrogen_comps/rerun/H6_chain/H6_2.56/H6_2.56.DDCASPT2_Fock_MO.csv

*** symbolic link created: INPORB -> H6_2.56.RasOrb
--- Start Module: motra at Sun Oct 26 13:09:53 2025 ---
 
()()()()()()()()()()()()()()()()()()()()()()()()()()()()()()()()()()()()()()()()()()()()()()()()()()

                                               &MOTRA

                                   only a single process is used
                       available to each process: 2.0 GB of memory, 1 thread?
()()()()()()()()()()()()()()()()()()()()()()()()()()()()()()()()()()()()()()()()()()()()()()()()()()
 
 
      *** WARNING: Default frozen orbitals is overwritten by user input.
      *** Default values:   0
 
      Header of the integral files:
      
       Integrals generated by seward 4.2.0  , Sun Oct 26 13:09:50 2025
 
 
      Header of MO coefficients source file:
      * RASSCF average (pseudo-natural) orbitals                                      
 
 
      Cartesian coordinates in Angstrom:
      -----------------------------------------------------
      No.  Label        X            Y            Z        
      -----------------------------------------------------
       1   H1         0.00000000   0.00000000   0.00000000
       2   H2         0.00000000   0.00000000   2.56363600
       3   H3         0.00000000   0.00000000   5.12727300
       4   H4         0.00000000   0.00000000   7.69090900
       5   H5         0.00000000   0.00000000  10.25454500
       6   H6         0.00000000   0.00000000  12.81818200
      -----------------------------------------------------
      Nuclear repulsion energy =    1.79582477
 
      Orbital specifications:
      -----------------------
 
      Symmetry species:              1
      Number of basis functions:    30
      Frozen orbitals:               0
      Deleted orbitals:              0
      Number of orbitals used:      30

       SYMMETRY  BASIS FUNCTIONS       ORBITALS      INTEGRALS   CPU(SEC)  I/O(SEC)
        1 1 1 1   30  30  30  30    30  30  30  30      108345       0.00      0.00

       TOTAL CPU TIME(SEC)    0.06TOTAL I/O TIME(SEC)    0.16
 
--- Stop Module: motra at Sun Oct 26 13:09:53 2025 /rc=_RC_ALL_IS_WELL_ ---
*** files: xmldump
    saved to directory ${LOCALHOME}/DDCASPT2/hydrogen_comps/rerun/H6_chain/H6_2.56

>>> COPY /tmp/H6_2.56/DDCASPT2_one_int_indx.csv ${LOCALHOME}/DDCASPT2/hydrogen_comps/rerun/H6_chain/H6_2.56/H6_2.56.DDCASPT2_one_int_indx.csv

>>> COPY /tmp/H6_2.56/DDCASPT2_one_int.csv ${LOCALHOME}/DDCASPT2/hydrogen_comps/rerun/H6_chain/H6_2.56/H6_2.56.DDCASPT2_one_int.csv

>>> COPY /tmp/H6_2.56/DDCASPT2_two_int_indx.csv ${LOCALHOME}/DDCASPT2/hydrogen_comps/rerun/H6_chain/H6_2.56/H6_2.56.DDCASPT2_two_int_indx.csv

>>> COPY /tmp/H6_2.56/DDCASPT2_two_int.csv ${LOCALHOME}/DDCASPT2/hydrogen_comps/rerun/H6_chain/H6_2.56/H6_2.56.DDCASPT2_two_int.csv

*** symbolic link created: INPORB -> H6_2.56.RasOrb
--- Start Module: caspt2 at Sun Oct 26 13:09:53 2025 ---
 
()()()()()()()()()()()()()()()()()()()()()()()()()()()()()()()()()()()()()()()()()()()()()()()()()()

                                              &CASPT2

                                   only a single process is used
                       available to each process: 2.0 GB of memory, 1 thread?
()()()()()()()()()()()()()()()()()()()()()()()()()()()()()()()()()()()()()()()()()()()()()()()()()()
 
 Cholesky algorithm in CASPT2 =    1
 
 ###############################################################################
 ###############################################################################
 ###                                                                         ###
 ###                                                                         ###
 ###    User changed nr of frozen orbitals.                                  ###
 ###                                                                         ###
 ###                                                                         ###
 ###############################################################################
 ###############################################################################
 
++    Wave function specifications:
      -----------------------------
 
      Number of closed shell electrons           0
      Number of electrons in active shells       6
      Max number of holes in RAS1 space          0
      Max number of electrons in RAS3 space      0
      Number of inactive orbitals                0
      Number of active orbitals                  6
      Number of secondary orbitals              24
      Spin quantum number                      0.0
      State symmetry                             1
      Number of CSFs                           175
      Number of root(s) available                1
      Root passed to geometry opt.               1
      A file JOBMIX will be created.
      This is a CASSCF or RASSCF reference function
--
 
++    Orbital specifications:
      -----------------------
 
      Symmetry species                           1
                                                 a
      Frozen orbitals                            0
      Inactive orbitals                          0
      Active orbitals                            6
      Secondary orbitals                        24
      Deleted orbitals                           0
      Number of basis functions                 30
--
 
      Type of Fock operator: STANDARD
      Type of 0-order Hamiltonian: STANDARD WITH DEFAULT IPEA
        "IP-EA" denominator shift =      0.25
      The input orbitals and the CI vector will be transformed.
 
--------------------------------------------------------------------------------
 Estimated memory requirements:
  POLY3 :                   262414
  RHS:                      285604
  SIGMA :                   275200
  PRPCTL:                        0
 Available workspace:    230396124
 
++ CASPT2 computation for group   1
 
********************************************************************************
 Multi-State initialization phase begins for group   1
--------------------------------------------------------------------------------
********************************************************************************
 Compute H0 matrices for state    1
--------------------------------------------------------------------------------
--------------------------------------------------------------------------------
 H0 matrices have been computed.
 
********************************************************************************
  CASPT2 EQUATION SOLUTION
--------------------------------------------------------------------------------
 
  Total nr of CASPT2 parameters:
   Before reduction:       15624
   After  reduction:       14856
 
 The contributions to the second order correlation energy in atomic units.
-----------------------------------------------------------------------------------------------------------------------------
  IT.      VJTU        VJTI        ATVX        AIVX        VJAI        BVAT        BJAT        BJAI        TOTAL       RNORM  
-----------------------------------------------------------------------------------------------------------------------------
   1     0.000000    0.000000   -0.000490    0.000000    0.000000   -0.001475    0.000000    0.000000   -0.001965    0.000468
   2     0.000000    0.000000   -0.000496    0.000000    0.000000   -0.001477    0.000000    0.000000   -0.001973    0.000067
   3     0.000000    0.000000   -0.000496    0.000000    0.000000   -0.001477    0.000000    0.000000   -0.001973    0.000014
   4     0.000000    0.000000   -0.000496    0.000000    0.000000   -0.001477    0.000000    0.000000   -0.001973    0.000002
-------------------------------------------------------------------------------------------------------------------
 
  FINAL CASPT2 RESULT:
 
  Correlation energy /Case, /Symm, and sums:
 VJTU      0.00000000  0.00000000
 VJTIP     0.00000000  0.00000000
 VJTIM     0.00000000  0.00000000
 ATVX     -0.00049632 -0.00049632
 AIVX      0.00000000  0.00000000
 VJAIP     0.00000000  0.00000000
 VJAIM     0.00000000  0.00000000
 BVATP    -0.00134319 -0.00134319
 BVATM    -0.00013373 -0.00013373
 BJATP     0.00000000  0.00000000
 BJATM     0.00000000  0.00000000
 BJAIP     0.00000000  0.00000000
 BJAIM     0.00000000  0.00000000
 Summed:  -0.00197324 -0.00197324
 
      Reference energy:          -2.9998756301
      E2 (Non-variational):      -0.0019732435
      E2 (Variational):          -0.0019732462
      Total energy:              -3.0018488762
      Residual norm:              0.0000003081
      Reference weight:           0.99876
 
      Contributions to the CASPT2 correlation energy
      Active & Virtual Only:         -0.0019732435
      One Inactive Excited:           0.0000000000
      Two Inactive Excited:           0.0000000000
 
 
++ Denominators, etc.
----------------------------------------------------------------------------------------------------
 Report on small energy denominators, large coefficients, and large energy contributions.
CASE  SYMM ACTIVE-MIX  NON-ACTIVE INDICES          DENOMINATOR     RHS VALUE       COEFFICIENT     CONTRIBUTION
--
 
   (Skipping property calculation,
    use PROP keyword to activate)
--
 
  Total CASPT2 energies:
::    CASPT2 Root  1     Total energy:     -3.00184888
 
  A NEW JOBIPH FILE NAMED 'JOBMIX' IS PREPARED.
********************************************************************************
forrtl: warning (528): IEEE_UNDERFLOW is signaling
--- Stop Module: caspt2 at Sun Oct 26 13:09:53 2025 /rc=_RC_ALL_IS_WELL_ ---
*** files: xmldump
    saved to directory ${LOCALHOME}/DDCASPT2/hydrogen_comps/rerun/H6_chain/H6_2.56

>>> EXPORT i = B

>>> EXPORT j = P

>>> IF (-FILE DDCASPT2_e2_${i}_${j}_1_.csv)
(Skipped)

>>> END FOREACH

>>> EXPORT j = M

>>> IF (-FILE DDCASPT2_e2_${i}_${j}_1_.csv)
(Skipped)

>>> END FOREACH

>>> END FOREACH

>>> EXPORT i = E

>>> EXPORT j = P

>>> IF (-FILE DDCASPT2_e2_${i}_${j}_1_.csv)
(Skipped)

>>> END FOREACH

>>> EXPORT j = M

>>> IF (-FILE DDCASPT2_e2_${i}_${j}_1_.csv)
(Skipped)

>>> END FOREACH

>>> END FOREACH

>>> EXPORT i = F

>>> EXPORT j = P

>>> IF (-FILE DDCASPT2_e2_${i}_${j}_1_.csv)

>>> COPY /tmp/H6_2.56/DDCASPT2_RHS_F_P_1_.csv ${LOCALHOME}/DDCASPT2/hydrogen_comps/rerun/H6_chain/H6_2.56/DDCASPT2_RHS_F_P_1_.csv

>>> COPY /tmp/H6_2.56/DDCASPT2_IVECW_F_P_1_.csv ${LOCALHOME}/DDCASPT2/hydrogen_comps/rerun/H6_chain/H6_2.56/DDCASPT2_IVECW_F_P_1_.csv

>>> COPY /tmp/H6_2.56/DDCASPT2_IVECX_F_P_1_.csv ${LOCALHOME}/DDCASPT2/hydrogen_comps/rerun/H6_chain/H6_2.56/DDCASPT2_IVECX_F_P_1_.csv

>>> COPY /tmp/H6_2.56/DDCASPT2_IVECC2_F_P_1_.csv ${LOCALHOME}/DDCASPT2/hydrogen_comps/rerun/H6_chain/H6_2.56/DDCASPT2_IVECC2_F_P_1_.csv

>>> COPY /tmp/H6_2.56/DDCASPT2_e2_F_P_1_.csv ${LOCALHOME}/DDCASPT2/hydrogen_comps/rerun/H6_chain/H6_2.56/DDCASPT2_e2_F_P_1_.csv

>>> END FOREACH

>>> EXPORT j = M

>>> IF (-FILE DDCASPT2_e2_${i}_${j}_1_.csv)

>>> COPY /tmp/H6_2.56/DDCASPT2_RHS_F_M_1_.csv ${LOCALHOME}/DDCASPT2/hydrogen_comps/rerun/H6_chain/H6_2.56/DDCASPT2_RHS_F_M_1_.csv

>>> COPY /tmp/H6_2.56/DDCASPT2_IVECW_F_M_1_.csv ${LOCALHOME}/DDCASPT2/hydrogen_comps/rerun/H6_chain/H6_2.56/DDCASPT2_IVECW_F_M_1_.csv

>>> COPY /tmp/H6_2.56/DDCASPT2_IVECX_F_M_1_.csv ${LOCALHOME}/DDCASPT2/hydrogen_comps/rerun/H6_chain/H6_2.56/DDCASPT2_IVECX_F_M_1_.csv

>>> COPY /tmp/H6_2.56/DDCASPT2_IVECC2_F_M_1_.csv ${LOCALHOME}/DDCASPT2/hydrogen_comps/rerun/H6_chain/H6_2.56/DDCASPT2_IVECC2_F_M_1_.csv

>>> COPY /tmp/H6_2.56/DDCASPT2_e2_F_M_1_.csv ${LOCALHOME}/DDCASPT2/hydrogen_comps/rerun/H6_chain/H6_2.56/DDCASPT2_e2_F_M_1_.csv

>>> END FOREACH

>>> END FOREACH

>>> EXPORT i = G

>>> EXPORT j = P

>>> IF (-FILE DDCASPT2_e2_${i}_${j}_1_.csv)
(Skipped)

>>> END FOREACH

>>> EXPORT j = M

>>> IF (-FILE DDCASPT2_e2_${i}_${j}_1_.csv)
(Skipped)

>>> END FOREACH

>>> END FOREACH

>>> EXPORT i = H

>>> EXPORT j = P

>>> IF (-FILE DDCASPT2_e2_${i}_${j}_1_.csv)
(Skipped)

>>> END FOREACH

>>> EXPORT j = M

>>> IF (-FILE DDCASPT2_e2_${i}_${j}_1_.csv)
(Skipped)

>>> END FOREACH

>>> END FOREACH

>>> EXPORT i = A

>>> IF (-FILE DDCASPT2_e2_${i}_1_.csv)
(Skipped)

>>> END FOREACH

>>> EXPORT i = C

>>> IF (-FILE DDCASPT2_e2_${i}_1_.csv)

>>> COPY /tmp/H6_2.56/DDCASPT2_RHS_C_1_.csv ${LOCALHOME}/DDCASPT2/hydrogen_comps/rerun/H6_chain/H6_2.56/DDCASPT2_RHS_C_1_.csv

>>> COPY /tmp/H6_2.56/DDCASPT2_IVECW_C_1_.csv ${LOCALHOME}/DDCASPT2/hydrogen_comps/rerun/H6_chain/H6_2.56/DDCASPT2_IVECW_C_1_.csv

>>> COPY /tmp/H6_2.56/DDCASPT2_IVECX_C_1_.csv ${LOCALHOME}/DDCASPT2/hydrogen_comps/rerun/H6_chain/H6_2.56/DDCASPT2_IVECX_C_1_.csv

>>> COPY /tmp/H6_2.56/DDCASPT2_IVECC2_C_1_.csv ${LOCALHOME}/DDCASPT2/hydrogen_comps/rerun/H6_chain/H6_2.56/DDCASPT2_IVECC2_C_1_.csv

>>> COPY /tmp/H6_2.56/DDCASPT2_e2_C_1_.csv ${LOCALHOME}/DDCASPT2/hydrogen_comps/rerun/H6_chain/H6_2.56/DDCASPT2_e2_C_1_.csv

>>> END FOREACH

>>> EXPORT i = D

>>> IF (-FILE DDCASPT2_e2_${i}_1_.csv)
(Skipped)

>>> END FOREACH

.########################.
.# Non-zero return code #.
.########################.

    Timing: Wall=4.04 User=3.12 System=0.90
***************************************
*** WorkDir at /tmp/H6_2.56 cleaned ***
***************************************
