   This run of MOLCAS is using the pymolcas driver

                             OPE
                             OPE          NMOL  CASOP  ENMOLC A   SO
                 OPE        NMOLC        AS  OP EN  MO LC     AS  OP
                OPENM       OL CA        SO  PE NM  OL CA     SOP EN
                OP EN      MO   LC       AS  OP ENMOL  CASO   PENMOL
                OP  EN     MO   LC       AS  OP EN     MO     LC ASO
               OP   E  NMOL  C  AS       OP  EN MO     LC     AS  OP
               OP  E   NMO   LC AS        OPEN  MO     LCASOP EN   M
               O  PEN   MO  LCA  SO
            OPE   NMO   L   CAS    OP
        OPENMOL  CASOP     ENMOL   CASOPE
     OPENMOLCA   SOPENMOLCASOPEN   MOLCASOPE
    OPENMOLCAS   OP           EN   MOL    CAS
    OPENMOLCAS       OP  ENM        O     LCA
    OPENMOLCAS    OPEN  MOLCASO     P  E  NMO
    OPENMOLCAS     OP               E  N  MOL
    OPENMOLCA   SO           PENM   O  L  CAS    OPEN    MO    LCAS
    OPENMOLCA   SOP           ENM   O  L  CAS   OP  EN  MOLC  AS   O
    OPENMOLCA   SOPE           NM      O  LCA   S      OP  EN MO
    OPENMOLC                AS         O  PEN   M      OL  CA  SOPE
    OPENMO        LCASOPE  NMOL        C  ASO   P      ENMOLC     AS
    OPE     NMO      LCA  SO     P     E   NM   OL  CA SO  PE N   MO
          OPENMOLCA            SOPE   NMO        LCAS  O    P  ENMO
     OPENMOLCASOPENMOLCASOPENMOLCASOPENMOLCA
        OPENMOLCASOPENMOLCASOPENMOLCASOPE
            OPENMOLCASOPENMOLCASOPENM
               OPENMOLCASOPENMOLCA        version: f37762c57
                   OPENMOLCASO
                       OPE                tag:

 OpenMolcas is free software; you can redistribute it and/or modify it
 under the terms of the GNU Lesser General Public License version 2.1.
 OpenMolcas is distributed in the hope that it will be useful, but it
 is provided "as is" and without any express or implied warranties.
 For more details see the full text of the license in the file
 LICENSE or in <http://www.gnu.org/licenses/>.

                 Copyright (C) The OpenMolcas Authors
           For the author list and the recommended citation,
                   consult the file CONTRIBUTORS.md

           *************************************************
           * pymolcas version py2.28                       *
           *   build c4a6d18ded8cb6cad61d2372a9abd97c      *
           *   (after the EMIL interpreter by V. Veryazov) *
           *************************************************

configuration info
------------------
C Compiler ID: Intel
C flags: -std=gnu99 -gcc-sys
Fortran Compiler ID: IntelLLVM
Fortran flags: -standard-semantics -fltconsistency -fpp -i8 -heap-arrays
Definitions: _MOLCAS_;_I8_;_LINUX_
Parallel: OFF (GA=OFF)


   --------------------------------------------------------------------------------------
  |
  |              Project: H6_2.64
  |       Submitted from: /home/grierjones/DDCASPT2/hydrogen_comps/rerun/H6_chain/H6_2.64
  |         Scratch area: /tmp/H6_2.64
  |      Save outputs to: /home/grierjones/DDCASPT2/hydrogen_comps/rerun/H6_chain/H6_2.64
  |               Molcas: /home/grierjones/Test/build
  |
  | Scratch area is empty
  |
  |       MOLCAS_DRIVER = /usr/local/pymolcas
  | MOLCAS_KEEP_WORKDIR = NO
  |  MOLCAS_NEW_WORKDIR = YES
  |       MOLCAS_NPROCS = 1
  |        MOLCAS_PRINT = NORMAL
  |       MOLCAS_SOURCE = /home/grierjones/Test
  |    MOLCAS_STRUCTURE = 0
  |
   --------------------------------------------------------------------------------------

++ ---------   Input file   ---------

&GATEWAY
coord=H6_2.64.xyz
Basis = ANO-RCC-VDZP
Group = nosymm
End of Input

&SEWARD
End of Input

&SCF

>>> COPY $WorkDir/H6_2.64.scf.h5 $CurrDir/

&RASSCF
Title= RASSCF
FileOrb
/home/grierjones/DDCASPT2/hydrogen_comps/rerun/H6_chain/H6_0.60/H6_0.60.RasOrb
NACTEL
6 0 0
Inactive
0
RAS2
6
Symmetry
1
Spin
1
orblisting
all

>>> COPY $WorkDir/H6_2.64.rasscf.h5 $CurrDir/

>>> COPY $WorkDir/GMJ_Fock_MO.csv $CurrDir/H6_2.64.GMJ_Fock_MO.csv

&MOTRA
Frozen=0
LUMORB

>>> COPY $WorkDir/GMJ_one_int_indx.csv $CurrDir/H6_2.64.GMJ_one_int_indx.csv

>>> COPY $WorkDir/GMJ_one_int.csv $CurrDir/H6_2.64.GMJ_one_int.csv

>>> COPY $WorkDir/GMJ_two_int_indx.csv $CurrDir/H6_2.64.GMJ_two_int_indx.csv

>>> COPY $WorkDir/GMJ_two_int.csv $CurrDir/H6_2.64.GMJ_two_int.csv

&CASPT2
Frozen
0

MAXITER
50

>>> FOREACH i IN (B,E,F,G,H)

  >>> FOREACH j IN (P,M)

    >>> IF (-FILE GMJ_e2_${i}_${j}_1_.csv)

      >>> COPY $WorkDir/GMJ_RHS_${i}_${j}_1_.csv $CurrDir/GMJ_RHS_${i}_${j}_1_.csv

      >>> COPY $WorkDir/GMJ_IVECW_${i}_${j}_1_.csv $CurrDir/GMJ_IVECW_${i}_${j}_1_.csv

      >>> COPY $WorkDir/GMJ_IVECX_${i}_${j}_1_.csv $CurrDir/GMJ_IVECX_${i}_${j}_1_.csv

      >>> COPY $WorkDir/GMJ_IVECC2_${i}_${j}_1_.csv $CurrDir/GMJ_IVECC2_${i}_${j}_1_.csv

      >>> COPY $WorkDir/GMJ_e2_${i}_${j}_1_.csv $CurrDir/GMJ_e2_${i}_${j}_1_.csv

    >>> END IF

  >>> END FOREACH

>>> END FOREACH

>>> FOREACH i IN (A,C,D)

  >>> IF (-FILE GMJ_e2_${i}_1_.csv)

    >>> COPY $WorkDir/GMJ_RHS_${i}_1_.csv $CurrDir/GMJ_RHS_${i}_1_.csv

    >>> COPY $WorkDir/GMJ_IVECW_${i}_1_.csv $CurrDir/GMJ_IVECW_${i}_1_.csv

    >>> COPY $WorkDir/GMJ_IVECX_${i}_1_.csv $CurrDir/GMJ_IVECX_${i}_1_.csv

    >>> COPY $WorkDir/GMJ_IVECC2_${i}_1_.csv $CurrDir/GMJ_IVECC2_${i}_1_.csv

    >>> COPY $WorkDir/GMJ_e2_${i}_1_.csv $CurrDir/GMJ_e2_${i}_1_.csv

  >>> END IF

>>> END FOREACH

-- ----------------------------------

--- Start Module: gateway at Sun Oct 26 13:10:18 2025 ---
 
()()()()()()()()()()()()()()()()()()()()()()()()()()()()()()()()()()()()()()()()()()()()()()()()()()

                                              &GATEWAY

                                   only a single process is used
                       available to each process: 2.0 GB of memory, 1 thread?
()()()()()()()()()()()()()()()()()()()()()()()()()()()()()()()()()()()()()()()()()()()()()()()()()()
 
 
++    Symmetry information:
      ---------------------
 
                    Character Table for C1 
 
                             E  
                    a        1  x, y, xy, Rz, z, xz, Ry, yz, Rx, I
--
 
 
++    Basis set information:
      ----------------------
 
 
      Basis set label: H.ANO-RCC...2S1P.
 
      Electronic valence basis set:
      ------------------
      Associated Effective Charge   1.000000 au
      Associated Actual Charge      1.000000 au
      Nuclear Model: Point charge
 
      Shell  nPrim  nBasis  Cartesian Spherical Contaminant
         s       8       2        X                  
         p       4       1        X                  
--
 
 
++    Molecular structure info:
      -------------------------
 
                    ************************************************ 
                    **** Cartesian Coordinates / Bohr, Angstrom **** 
                    ************************************************ 
 
     Center  Label                x              y              z                     x              y              z
        1      H1               0.000000       0.000000       0.000000              0.000000       0.000000       0.000000
        2      H2               0.000000       0.000000       4.982006              0.000000       0.000000       2.636364
        3      H3               0.000000       0.000000       9.964010              0.000000       0.000000       5.272727
        4      H4               0.000000       0.000000      14.946016              0.000000       0.000000       7.909091
        5      H5               0.000000       0.000000      19.928022              0.000000       0.000000      10.545455
        6      H6               0.000000       0.000000      24.910026              0.000000       0.000000      13.181818
 
                    *************************************** 
                    *    InterNuclear Distances / Bohr    * 
                    *************************************** 
 
               1 H1            2 H2            3 H3            4 H4            5 H5            6 H6    
    1 H1       0.000000
    2 H2       4.982006        0.000000
    3 H3       9.964010        4.982004        0.000000
    4 H4      14.946016        9.964010        4.982006        0.000000
    5 H5      19.928022       14.946016        9.964012        4.982006        0.000000
    6 H6      24.910026       19.928020       14.946016        9.964010        4.982004        0.000000
 
                    ******************************************* 
                    *    InterNuclear Distances / Angstrom    * 
                    ******************************************* 
 
               1 H1            2 H2            3 H3            4 H4            5 H5            6 H6    
    1 H1       0.000000
    2 H2       2.636364        0.000000
    3 H3       5.272727        2.636363        0.000000
    4 H4       7.909091        5.272727        2.636364        0.000000
    5 H5      10.545455        7.909091        5.272728        2.636364        0.000000
    6 H6      13.181818       10.545454        7.909091        5.272727        2.636363        0.000000
--
 
 
            Nuclear Potential Energy              1.74628481 au
 
--- Stop Module: gateway at Sun Oct 26 13:10:19 2025 /rc=_RC_ALL_IS_WELL_ ---
*** files: xmldump
    saved to directory /home/grierjones/DDCASPT2/hydrogen_comps/rerun/H6_chain/H6_2.64

--- Start Module: seward at Sun Oct 26 13:10:19 2025 ---
 
()()()()()()()()()()()()()()()()()()()()()()()()()()()()()()()()()()()()()()()()()()()()()()()()()()

                                              &SEWARD

                                   only a single process is used
                       available to each process: 2.0 GB of memory, 1 thread?
()()()()()()()()()()()()()()()()()()()()()()()()()()()()()()()()()()()()()()()()()()()()()()()()()()
 
               SEWARD will generate:
                  Multipole Moment integrals up to order  2
                  Kinetic Energy integrals
                  Nuclear Attraction integrals (point charge)
                  One-Electron Hamiltonian integrals
                  Velocity integrals
                  Relativistic Douglas-Kroll-Hess integrals:
                    - Parametrization         : EXP
                    - DKH order of Hamiltonian: 2
                    - DKH order of Properties : 0
                         - multipole moment operators
                         - electric potential operators
                         - contact operators
                  Atomic mean-field integrals
                  Two-Electron Repulsion integrals
 
                   Integrals are discarded if absolute value <: 0.10E-13
                   Integral cutoff threshold is set to       <: 0.10E-15
 
            Nuclear Potential Energy              1.74628481 au
 
 
      Basis set specifications :
      Symmetry species         a  
      Basis functions           30
 
 
  Input file to MOLDEN was generated!
 
forrtl: warning (525): IEEE_DIVIDE_BY_ZERO is signaling
forrtl: warning (526): IEEE_INVALID is signaling
forrtl: warning (528): IEEE_UNDERFLOW is signaling
--- Stop Module: seward at Sun Oct 26 13:10:19 2025 /rc=_RC_ALL_IS_WELL_ ---
*** files: H6_2.64.GssOrb H6_2.64.guessorb.h5 H6_2.64.guessorb.molden xmldump
    saved to directory /home/grierjones/DDCASPT2/hydrogen_comps/rerun/H6_chain/H6_2.64

*** symbolic link created: INPORB -> H6_2.64.GssOrb
--- Start Module: scf at Sun Oct 26 13:10:19 2025 ---
 
()()()()()()()()()()()()()()()()()()()()()()()()()()()()()()()()()()()()()()()()()()()()()()()()()()

                                                &SCF

                                   only a single process is used
                       available to each process: 2.0 GB of memory, 1 thread?
()()()()()()()()()()()()()()()()()()()()()()()()()()()()()()()()()()()()()()()()()()()()()()()()()()
 
++    Input section:
      --------------
 
      Header of the integral files:
      
       Integrals generated by seward 4.2.0  , Sun Oct 26 13:10:19 2025
 
 
      Cartesian coordinates in Angstrom:
      -----------------------------------------------------
      No.  Label        X            Y            Z        
      -----------------------------------------------------
       1   H1         0.00000000   0.00000000   0.00000000
       2   H2         0.00000000   0.00000000   2.63636400
       3   H3         0.00000000   0.00000000   5.27272700
       4   H4         0.00000000   0.00000000   7.90909100
       5   H5         0.00000000   0.00000000  10.54545500
       6   H6         0.00000000   0.00000000  13.18181800
      -----------------------------------------------------
      Nuclear repulsion energy =    1.74628481
--
 
++    Orbital specifications:
      -----------------------
 
      Symmetry species               1
                                     a
      Frozen orbitals                0
      Occupied orbitals              3
      Secondary orbitals            27
      Deleted orbitals               0
      Total number of orbitals      30
      Number of basis functions     30
--
 
      Molecular charge                           0.000
 
++    Optimization specifications:
      ----------------------------
 
      SCF Algorithm: Conventional
      Minimized density differences are used
      Number of density matrices in core                5
      Maximum number of NDDO SCF iterations           400
      Maximum number of HF SCF iterations             400
      Threshold for SCF energy change            0.10E-08
      Threshold for density matrix               0.10E-03
      Threshold for Fock matrix                  0.15E-03
      Threshold for linear dependence            0.10E-08
      Threshold at which DIIS is turned on       0.15E+00
      Threshold at which QNR/C2DIIS is turned on 0.75E-01
      Threshold for Norm(delta) (QNR/C2DIIS)     0.20E-04
      DIIS extrapolation of the SCF procedure
      All orbitals punched on: SCFORB
--
 
      Input vectors read from INPORB
      Orbital file label: *Guess orbitals
 
 
++ Convergence information
                                   SCF        iterations: Energy and convergence statistics
 
Iter     Tot. SCF        One-elec.       Two-elec.     Energy      Max Dij or  Max Fij      DNorm      TNorm      AccCon     Time
         Energy          Energy          Energy        Change      Delta Norm                                                in Sec.
   1    -2.378881480    -6.569112231     2.443945941   0.00E+00    0.40E+00*   0.13E+00*    0.39E+01   0.58E+01   None         0.
   2    -2.559037006    -6.549092940     2.243771125  -0.18E+00*   0.13E+00*   0.25E-01*    0.12E+01   0.56E+01   EDIIS        0.
   3    -2.567571169    -6.502547793     2.188691814  -0.85E-02*   0.86E-01*   0.95E-02*    0.24E+00   0.55E+01   EDIIS        0.
   4    -2.569045958    -6.509059519     2.193728752  -0.15E-02*   0.56E-01*   0.59E-02*    0.16E+00   0.55E+01   c2DIIS       0.
   5    -2.569546268    -6.498325850     2.182494772  -0.50E-03*   0.20E-01*   0.38E-02*    0.22E-01   0.55E+01   QNRc2DIIS    0.
   6    -2.569724783    -6.504558355     2.188548762  -0.18E-03*   0.13E-01*   0.24E-02*    0.69E-02   0.55E+01   QNRc2DIIS    0.
   7    -2.569819099    -6.502127603     2.186023695  -0.94E-04*   0.76E-02*   0.77E-03*    0.12E-02   0.55E+01   QNRc2DIIS    0.
   8    -2.569831930    -6.501148721     2.185031982  -0.13E-04*   0.18E-03*   0.17E-04     0.89E-03   0.55E+01   QNRc2DIIS    0.
   9    -2.569831938    -6.501161930     2.185045183  -0.84E-08*   0.44E-04*   0.31E-05     0.12E-03   0.55E+01   QNRc2DIIS    0.
  10    -2.569831938    -6.501158728     2.185041980  -0.36E-09    0.45E-05    0.42E-06     0.21E-04   0.55E+01   QNRc2DIIS    0.
 
       Convergence after 10 Macro Iterations
--
 
 *****************************************************************************************************************************
 *                                                                                                                           *
 *                                             SCF/KS-DFT Program, Final results                                             *
 *                                                                                                                           *
 *                                                                                                                           *
 *                                                                                                                           *
 *                                                       Final Results                                                       *
 *                                                                                                                           *
 *****************************************************************************************************************************
 
::    Total SCF energy                                 -2.5698319383
      One-electron energy                              -6.5011587278
      Two-electron energy                               2.1850419800
      Nuclear repulsion energy                          1.7462848095
      Kinetic energy (interpolated)                     1.9729667115
      Virial theorem                                    1.3025216915
      Total spin, S(S+1)                                0.0000000000
      Total spin, S                                     0.0000000000
      Max non-diagonal density matrix element           0.0000068100
      Max non-diagonal Fock matrix element              0.0000003545
 
 
      All orbitals with orbital energies smaller than  E(LUMO)+0.5 are printed
 
++    Molecular orbitals:
      -------------------
 
      Title: SCF orbitals

      Molecular orbitals for symmetry species 1: a  
 
          Orbital            1         2         3         4         5         6         7         8    
          Energy           -0.3776   -0.3572   -0.3307   -0.1461   -0.1085   -0.0756    0.3219    0.3409
          Occ. No.          2.0000    2.0000    2.0000    0.0000    0.0000    0.0000    0.0000    0.0000
 
        1 H1     1s         0.2481   -0.4217    0.3830   -0.4520    0.5426   -0.3464   -0.1408    0.1899
        2 H1     2s         0.0478   -0.0852    0.0826   -0.1405    0.1788   -0.1171    0.2754   -0.4666
        3 H1     2px        0.0000   -0.0000   -0.0000    0.0000    0.0000   -0.0000    0.0000   -0.0000
        4 H1     2py        0.0000    0.0000   -0.0000    0.0000    0.0000   -0.0000    0.0000   -0.0000
        5 H1     2pz        0.0081   -0.0116    0.0084    0.0043   -0.0115    0.0121   -0.0090    0.0113
        6 H2     1s         0.3200   -0.4554    0.3175    0.2853   -0.5788    0.5068   -0.2217    0.2154
        7 H2     2s         0.0556   -0.1041    0.0941    0.0836   -0.1973    0.1773    0.2793   -0.3118
        8 H2     2px       -0.0000    0.0000   -0.0000    0.0000   -0.0000    0.0000    0.0000    0.0000
        9 H2     2py        0.0000   -0.0000    0.0000    0.0000   -0.0000   -0.0000   -0.0000    0.0000
       10 H2     2pz       -0.0021    0.0085   -0.0120    0.0168   -0.0107   -0.0027    0.0028   -0.0006
       11 H3     1s         0.4386   -0.0724   -0.4510    0.4948    0.1617   -0.6412   -0.2342    0.0813
       12 H3     2s         0.0830    0.0003   -0.1187    0.1558    0.0609   -0.2214    0.3247   -0.1354
       13 H3     2px       -0.0000   -0.0000    0.0000    0.0000   -0.0000    0.0000   -0.0000   -0.0000
       14 H3     2py        0.0000   -0.0000    0.0000    0.0000   -0.0000   -0.0000    0.0000    0.0000
       15 H3     2pz        0.0066    0.0052   -0.0115   -0.0148    0.0130    0.0075   -0.0030    0.0023
       16 H4     1s         0.4386    0.0724   -0.4510   -0.4948    0.1617    0.6412   -0.2342   -0.0813
       17 H4     2s         0.0830   -0.0003   -0.1187   -0.1558    0.0609    0.2214    0.3247    0.1354
       18 H4     2px       -0.0000    0.0000    0.0000    0.0000   -0.0000    0.0000   -0.0000   -0.0000
       19 H4     2py       -0.0000    0.0000   -0.0000    0.0000   -0.0000    0.0000    0.0000    0.0000
       20 H4     2pz       -0.0066    0.0052    0.0115   -0.0148   -0.0130    0.0075    0.0030    0.0023
       21 H5     1s         0.3200    0.4554    0.3175   -0.2853   -0.5788   -0.5068   -0.2217   -0.2154
       22 H5     2s         0.0556    0.1041    0.0941   -0.0836   -0.1973   -0.1773    0.2793    0.3118
       23 H5     2px       -0.0000   -0.0000    0.0000    0.0000   -0.0000   -0.0000    0.0000   -0.0000
       24 H5     2py        0.0000   -0.0000   -0.0000   -0.0000    0.0000    0.0000    0.0000   -0.0000
       25 H5     2pz        0.0021    0.0085    0.0120    0.0168    0.0107   -0.0027   -0.0028   -0.0006
       26 H6     1s         0.2481    0.4217    0.3830    0.4520    0.5426    0.3464   -0.1408   -0.1899
       27 H6     2s         0.0478    0.0852    0.0826    0.1405    0.1788    0.1171    0.2754    0.4666
       28 H6     2px       -0.0000   -0.0000    0.0000   -0.0000    0.0000   -0.0000    0.0000    0.0000
       29 H6     2py        0.0000   -0.0000   -0.0000   -0.0000    0.0000   -0.0000   -0.0000   -0.0000
       30 H6     2pz       -0.0081   -0.0116   -0.0084    0.0043    0.0115    0.0121    0.0090    0.0113
--
 
 
++    Molecular charges:
      ------------------
 
      Mulliken charges per centre and basis function type
      ---------------------------------------------------
 
                H1      H2      H3      H4      H5      H6    
      1s       0.8823  0.9267  0.9094  0.9094  0.9267  0.8823
      2s       0.0874  0.0949  0.0876  0.0876  0.0949  0.0874
      2px      0.0000  0.0000  0.0000  0.0000  0.0000  0.0000
      2pz      0.0035  0.0041  0.0040  0.0040  0.0041  0.0035
      2py      0.0000  0.0000  0.0000  0.0000  0.0000  0.0000
      Total    0.9732  1.0258  1.0010  1.0010  1.0258  0.9732
 
      N-E      0.0268 -0.0258 -0.0010 -0.0010 -0.0258  0.0268
 
      Total electronic charge=    6.000000
 
      Total            charge=   -0.000000
--
 
 
  Input file to MOLDEN was generated!
 
 
++    Static properties:
      ------------------
 
 
      LoProp Charges per center
 

                   H1       H2       H3       H4       H5       H6    
      Nuclear      1.0000   1.0000   1.0000   1.0000   1.0000   1.0000
      Electronic  -0.9833  -1.0148  -1.0018  -1.0018  -1.0148  -0.9833
 
      Total        0.0167  -0.0148  -0.0018  -0.0018  -0.0148   0.0167
--
 
 
++    Natural Bond Order analysis
      ---------------------------
      Based on LoProp computed density
      -------------------------------------------------------------------------------------
      Atom A       Atom B       Bond Order
      -------------------------------------------------------------------------------------
      NBO located      0.974 non-bonded electrons on atom H1        
      NBO located      1.008 non-bonded electrons on atom H3        
      NBO located      1.008 non-bonded electrons on atom H4        
      NBO located      0.974 non-bonded electrons on atom H6        
      The remaining    2.036 electrons are to be considered as diffuse
--
 
 
++    Molecular properties:
      ---------------------
 
      Charge (e):
                      =   -0.0000
      Dipole Moment (Debye):
      Origin of the operator (Ang)=    0.0000    0.0000    0.0000
                   X=  4.1539E-16               Y=  2.1166E-14               Z= -2.5314E-07           Total=  2.5314E-07
      Quadrupole Moment (Debye*Ang):
      Origin of the operator (Ang)=    0.0000    0.0000    6.5909
                  XX= -1.4484E+01              XY=  3.4801E-29              XZ=  1.0521E-13              YY= -1.4484E+01
                  YZ= -1.4352E-13              ZZ= -1.4670E+00
      In traceless form (Debye*Ang)
                  XX= -6.5085E+00              XY=  5.2201E-29              XZ=  1.5782E-13              YY= -6.5085E+00
                  YZ= -2.1528E-13              ZZ=  1.3017E+01
--
 
 
  Input file to MOLDEN was generated!
 
 ###############################################################################
 ###############################################################################
 ###                                                                         ###
 ###                                                                         ###
 ###    RunFile label nBas                                                   ###
 ###    was used       78 times                                              ###
 ###                                                                         ###
 ###                                                                         ###
 ###############################################################################
 ###############################################################################
forrtl: warning (528): IEEE_UNDERFLOW is signaling
--- Stop Module: scf at Sun Oct 26 13:10:19 2025 /rc=_RC_ALL_IS_WELL_ ---
*** files: H6_2.64.LprOrb H6_2.64.LoProp.molden H6_2.64.scf.molden H6_2.64.ScfOrb H6_2.64.scf.h5 xmldump
    saved to directory /home/grierjones/DDCASPT2/hydrogen_comps/rerun/H6_chain/H6_2.64

>>> COPY /tmp/H6_2.64/H6_2.64.scf.h5 /home/grierjones/DDCASPT2/hydrogen_comps/rerun/H6_chain/H6_2.64/

*** symbolic link created: INPORB -> H6_2.64.ScfOrb
--- Start Module: rasscf at Sun Oct 26 13:10:19 2025 ---
 
()()()()()()()()()()()()()()()()()()()()()()()()()()()()()()()()()()()()()()()()()()()()()()()()()()

                                              &RASSCF

                                   only a single process is used
                       available to each process: 2.0 GB of memory, 1 thread?
()()()()()()()()()()()()()()()()()()()()()()()()()()()()()()()()()()()()()()()()()()()()()()()()()()
 
 
      Header of the ONEINT file:
      --------------------------
      
      Integrals generated by seward 4.2.0  , Sun Oct 26 13:10:19 2025
 
 
      OrdInt status: non-squared
 
 
      Cartesian coordinates in Angstrom:
      -----------------------------------------------------
      No.  Label        X            Y            Z        
      -----------------------------------------------------
       1   H1         0.00000000   0.00000000   0.00000000
       2   H2         0.00000000   0.00000000   2.63636400
       3   H3         0.00000000   0.00000000   5.27272700
       4   H4         0.00000000   0.00000000   7.90909100
       5   H5         0.00000000   0.00000000  10.54545500
       6   H6         0.00000000   0.00000000  13.18181800
      -----------------------------------------------------
      Nuclear repulsion energy =    1.74628481
 
++    Wave function specifications:
      -----------------------------
 
      Number of closed shell electrons           0
      Number of electrons in active shells       6
      Max number of holes in RAS1 space          0
      Max nr of electrons in RAS3 space          0
      Number of inactive orbitals                0
      Number of active orbitals                  6
      Number of secondary orbitals              24
      Spin quantum number                      0.0
      State symmetry                             1
--
 
++    Orbital specifications:
      -----------------------
 
      Symmetry species                           1
                                                 a
      Frozen orbitals                            0
      Inactive orbitals                          0
      Active orbitals                            6
      RAS1 orbitals                              0
      RAS2 orbitals                              6
      RAS3 orbitals                              0
      Secondary orbitals                        24
      Deleted orbitals                           0
      Number of basis functions                 30
--
 
++    CI expansion specifications:
      ----------------------------
 
      Number of CSFs                           175
      Number of determinants                   210
      Number of root(s) required                 1
      Root chosen for geometry opt.              1
      CI root used                               1
         
      highest root included in the CI            1
      max. size of the explicit Hamiltonian    175
--
 
++    Optimization specifications:
      ----------------------------
 
      RASSCF algorithm: Conventional
      Maximum number of macro iterations       200
      Maximum number of SX iterations          100
      Threshold for RASSCF energy            0.100E-07
      Threshold for max MO rotation          0.100E+00
      Threshold for max BLB element          0.100E-03
      Level shift parameter                  0.500E+00
      Make Quasi-Newton update
--
 
      The MO-coefficients are taken from the file:
      /home/grierjones/DDCASPT2/hydrogen_comps/rerun/H6_chain/H6_0.60/H6_0.60.RasOrb                                                  
      Title: RASSCF average (pseudo-natural) orbitals                                      
 
      Total molecular charge    0.00
 
      ************************************************************************************************************************
      *                                                                                                                      *
      *                                            Wave function control section                                             *
      *                                                                                                                      *
      ************************************************************************************************************************
 
 
                                         RASSCF iterations: Energy and convergence statistics
                                         ----------------------------------------------------
 
      Iter CI   SX   CI       RASSCF       Energy    max ROT     max BLB   max BLB  Level Ln srch  Step   QN   Walltime
          iter iter root      energy       change     param      element    value   shift minimum  type update hh:mm:ss
 Nr of preliminary CI iterations:   1
        1   1   78    1    -2.00100831    0.00E+00   0.33E+00*   4  17 1  0.29E+00*  0.40   0.00    SX    NO    0:00:00
        2   1   71    1    -2.51881694   -0.52E+00*  0.24E+00*   5   8 1 -0.22E+00*  0.26   0.00    SX    NO    0:00:00
        3   1   21    1    -2.72045042   -0.20E+00*  0.84E-01    5   8 1 -0.87E-01*  0.17   0.00    SX    NO    0:00:00
        4   1   20    1    -2.73995776   -0.20E-01* -0.18E-01    5   8 1 -0.22E-01*  0.16   0.00    SX    NO    0:00:00
        5   1   21    1    -2.74160985   -0.17E-02* -0.11E-01    5   8 1 -0.56E-02*  0.16   1.60    LS   YES    0:00:00
        6   1   22    1    -2.74188409   -0.27E-03*  0.10E-01    5   8 1  0.37E-02*  0.16   1.04    QN   YES    0:00:00
        7   1   22    1    -2.74201738   -0.13E-03*  0.66E-02    5   8 1  0.22E-02*  0.16   1.67    LS   YES    0:00:00
        8   1   21    1    -2.74204365   -0.26E-04* -0.36E-02    5  29 1 -0.17E-02*  0.16   1.04    QN   YES    0:00:00
        9   1   21    1    -2.74205551   -0.12E-04* -0.96E-02    5   7 1 -0.71E-03*  0.16   1.33    QN   YES    0:00:00
       10   1   21    1    -2.74207460   -0.19E-04* -0.27E-01    6  29 1  0.13E-02*  0.16   1.87    QN   YES    0:00:00
       11   1   21    1    -2.74212168   -0.47E-04* -0.11E+00*   5  29 1  0.25E-02*  0.16   2.50    QN   YES    0:00:00
       12   1   21    1    -2.74226871   -0.15E-03* -0.75E-01    5  29 1  0.58E-02*  0.16   1.35    QN   YES    0:00:00
       13   1   21    1    -2.74234874   -0.80E-04* -0.34E-01    5  29 1  0.55E-02*  0.16   1.47    QN   YES    0:00:00
       14   1   21    1    -2.74241791   -0.69E-04* -0.20E-01    5  29 1  0.29E-02*  0.16   1.62    LS   YES    0:00:00
       15   1   21    1    -2.74242974   -0.12E-04*  0.18E-01    5  29 1  0.13E-02*  0.16   1.07    QN   YES    0:00:00
       16   1   19    1    -2.74243697   -0.72E-05*  0.58E-02    5  29 1  0.27E-03*  0.16   1.32    QN   YES    0:00:00
       17   1   19    1    -2.74243875   -0.18E-05*  0.81E-02    5   8 1  0.30E-03*  0.16   2.24    QN   YES    0:00:00
       18   1   20    1    -2.74244232   -0.36E-05*  0.17E-01    5  29 1 -0.57E-03*  0.16   2.50    QN   YES    0:00:00
       19   1   20    1    -2.74245245   -0.10E-04*  0.38E-01    5  29 1 -0.14E-02*  0.16   2.50    QN   YES    0:00:00
       20   1   22    1    -2.74247730   -0.25E-04*  0.99E-01    5  29 1 -0.26E-02*  0.16   2.50    QN   YES    0:00:00
       21   1   23    1    -2.74254198   -0.65E-04*  0.27E+00*   5  29 1 -0.45E-02*  0.16   2.50    QN   YES    0:00:00
       22   1   30    1    -2.74308968   -0.55E-03*  0.16E+00*   5  29 1 -0.87E-02*  0.15   2.50    LS   YES    0:00:00
       23   1   38    1    -2.74386131   -0.77E-03*  0.20E+00*   5  29 1 -0.12E-01*  0.14   2.15    QN   YES    0:00:00
       24   1   33    1    -2.74338521    0.48E-03*  0.29E-01    5   7 1 -0.13E-01*  0.13   0.26    SX   YES    0:00:00
       25   1   32    1    -2.74550533   -0.21E-02* -0.20E+00*   5  29 1 -0.88E-02*  0.12   2.50    QN   YES    0:00:00
       26   1   86    1    -2.75487984   -0.94E-02* -0.28E+00*   6   7 1  0.28E-01*  0.08   2.16    QN   YES    0:00:00
       27   1  100    1    -2.75100806    0.39E-02* -0.15E+00*   5  29 1  0.76E-01*  0.02   0.44    SX   YES    0:00:00
       28   1  100    1    -2.81338657   -0.62E-01* -0.13E+00*   6   7 1  0.95E-01*  0.00   2.50    LS   YES    0:00:00
       29   1  100    1    -2.89873197   -0.85E-01*  0.18E+00*   6   7 1  0.12E+00*  0.00   2.45    QN   YES    0:00:00
       30   1  100    1    -2.87360018    0.25E-01* -0.22E+00*   6   8 1  0.12E+00*  0.00   0.37    QN   YES    0:00:00
       31   1  100    1    -2.88317482   -0.96E-02* -0.13E+00*   6  29 1  0.15E+00*  0.00   0.59    QN   YES    0:00:00
       32   1  100    1    -2.86101237    0.22E-01*  0.77E-01    6  29 1  0.15E+00*  0.00   0.29    SX   YES    0:00:00
       33   1  100    1    -2.94634841   -0.85E-01*  0.67E-01    6   7 1  0.92E-01*  0.00   2.27    LS   YES    0:00:00
       34   1   37    1    -2.98626068   -0.40E-01* -0.85E-01    6   7 1  0.57E-01*  0.00   1.45    QN   YES    0:00:00
       35   1   17    1    -2.99376283   -0.75E-02* -0.57E-01    6  29 1  0.26E-01*  0.00   0.80    QN   YES    0:00:00
       36   1   77    1    -2.99115303    0.26E-02*  0.21E-01    6  29 1 -0.35E-01*  0.00   0.40    LS   YES    0:00:00
       37   1   29    1    -2.99529565   -0.41E-02* -0.25E-01    2   7 1  0.22E-01*  0.00   1.58    SX   YES    0:00:00
       38   1   12    1    -2.99763983   -0.23E-02*  0.36E-02    2   7 1 -0.26E-02*  0.00   0.94    QN   YES    0:00:00
       39   1   11    1    -2.99769787   -0.58E-04* -0.21E-02    2   7 1  0.10E-02*  0.00   0.83    QN   YES    0:00:00
       40   1   10    1    -2.99770131   -0.34E-05*  0.87E-03    3   7 1  0.71E-03*  0.00   0.58    LS   YES    0:00:00
       41   1   10    1    -2.99770495   -0.36E-05* -0.52E-03    2   7 1  0.30E-03*  0.00   1.00    QN   YES    0:00:00
       42   1    9    1    -2.99770582   -0.87E-06* -0.13E-03    6  29 1 -0.23E-03*  0.00   0.80    QN   YES    0:00:00
       43   1    9    1    -2.99770581    0.87E-08  -0.15E-03    6  29 1 -0.20E-03*  0.00   0.46    SX   YES    0:00:00
       44   1    8    1    -2.99770597   -0.17E-06*  0.41E-04    6  29 1 -0.46E-04   0.00   1.23    QN   YES    0:00:00
       45   1    6    1    -2.99770598   -0.94E-08  -0.58E-05    6  29 1 -0.46E-05   0.00   0.99    QN   YES    0:00:00
      Convergence after 45 iterations
 
  Dmat in MO in SXCTL bf call to SXHAM                                                                                    
  mat. size =     6x    6
 
        1.1542849649511446
        0.0316422469255236      1.0496786014710728
       -0.0359806452236054     -0.0120792153430840      1.1576979485323513
        0.0006343975577352      0.0945764194226915     -0.0022289042912592      0.8588968993600079
        0.1643963876805519      0.1484693947560323      0.0194254626601081      0.0120923852021569      0.8627231545525227
        0.1721804447628809     -0.1936025355413055     -0.0064857749755930     -0.0170343059025307      0.0146058188444481
        0.9167184311328989
       46   1    6    1    -2.99770598   -0.18E-09  -0.58E-05    3   7 1 -0.27E-05   0.00   0.99    QN   YES    0:00:00
 
      ************************************************************************************************************************
                                                      Wave function printout:
                       occupation of active orbitals, and spin coupling of open shells (u,d: Spin up or down)
      ************************************************************************************************************************
 
      Note: transformation to natural orbitals
      has been made, which may change the order of the CSFs.
 
      printout of CI-coefficients larger than  0.05 for root  1
      energy=      -2.997706
      conf/sym  111111     Coeff  Weight
             1  222000   0.45734 0.20916
            11  220200  -0.26204 0.06867
            13  220020  -0.07095 0.00503
            14  220u0d   0.05111 0.00261
            16  220002  -0.05805 0.00337
            18  2udud0  -0.28434 0.08085
            21  2ud0ud  -0.09567 0.00915
            23  u2d200   0.05196 0.00270
            25  u2d020  -0.11180 0.01250
            26  u2du0d  -0.28699 0.08236
            28  u2d002   0.05340 0.00285
            29  202200  -0.07253 0.00526
            31  202020  -0.19983 0.03993
            32  202u0d  -0.11194 0.01253
            34  202002  -0.07253 0.00526
            36  ud2ud0  -0.09790 0.00958
            39  ud20ud  -0.23583 0.05562
            41  022200  -0.06062 0.00368
            43  022020  -0.07415 0.00550
            44  022u0d   0.05457 0.00298
            46  022002  -0.17753 0.03152
            47  2uudd0   0.08219 0.00675
            51  u2ud0d   0.09785 0.00957
            55  uu20dd   0.05197 0.00270
           120  200220   0.18633 0.03472
           122  200u2d  -0.05204 0.00271
           123  200202   0.06326 0.00400
           127  ud02ud   0.21110 0.04456
           130  ud0ud2   0.06971 0.00486
           132  020220   0.06460 0.00417
           134  020u2d   0.08592 0.00738
           135  020202   0.15612 0.02437
           138  u0d220  -0.05312 0.00282
           140  u0du2d   0.21484 0.04616
           141  u0d202   0.08586 0.00737
           145  0ud2ud   0.07125 0.00508
           148  0udud2   0.18481 0.03416
           155  002022   0.14193 0.02014
           161  u0ud2d  -0.07120 0.00507
           165  0uudd2  -0.05424 0.00294
           175  000222  -0.20061 0.04024
 
      Natural orbitals and occupation numbers for root  1
      sym 1:   1.303931   1.245192   1.155350   0.847568   0.754891   0.693068
 
      ************************************************************************************************************************
      *                                                                                                                      *
      *                                                    Final results                                                     *
      *                                                                                                                      *
      ************************************************************************************************************************
 
 
++    Wave function specifications:
      -----------------------------
 
      Number of closed shell electrons           0
      Number of electrons in active shells       6
      Max number of holes in RAS1 space          0
      Max nr of electrons in RAS3 space          0
      Number of inactive orbitals                0
      Number of active orbitals                  6
      Number of secondary orbitals              24
      Spin quantum number                      0.0
      State symmetry                             1
--
 
++    Orbital specifications:
      -----------------------
 
      Symmetry species                           1
                                                 a
      Frozen orbitals                            0
      Inactive orbitals                          0
      Active orbitals                            6
      RAS1 orbitals                              0
      RAS2 orbitals                              6
      RAS3 orbitals                              0
      Secondary orbitals                        24
      Deleted orbitals                           0
      Number of basis functions                 30
--
 
++    CI expansion specifications:
      ----------------------------
 
      Number of CSFs                           175
      Number of determinants                   210
      Number of root(s) required                 1
      CI root used                               1
      highest root included in the CI            1
      Root passed to geometry opt.               1
--
 
++    Final optimization conditions:
      ------------------------------
 
      Average CI energy                              -2.99770598
      RASSCF energy for state  1                     -2.99770598
      Super-CI energy                                -0.00000000
      RASSCF energy change                           -0.00000000
      Max change in MO coefficients              -0.685E-05
      Max non-diagonal density matrix element    -0.579E-05
      Maximum BLB matrix element                 -0.265E-05
      (orbital pair   3,   7 in symmetry   1)
      Norm of electronic gradient            0.549E-05
--
 
 
      Final state energy(ies):
      ------------------------
 
::    RASSCF root number  1 Total energy:     -2.99770598
 
++    Molecular orbitals:
      -------------------
 
      Pseudonatural active orbitals and approximate occupation numbers
 
 
 
 
      Molecular orbitals for symmetry species 1: a  
 
 
      Orbital                1         2         3         4         5         6         7         8         9        10
      Energy            0.0000    0.0000    0.0000    0.0000    0.0000    0.0000    0.3313    0.3503    0.3901    0.4594
      Occ. No.          1.3039    1.2452    1.1554    0.8476    0.7549    0.6931    0.0000    0.0000    0.0000    0.0000
 
    1 H1     1s         0.2734   -0.4435    0.4107   -0.4502   -0.5158   -0.3319   -0.1007   -0.1192   -0.0384    0.0890
    2 H1     2s         0.0206   -0.0344    0.0335   -0.0474   -0.0611   -0.0433    0.2762    0.4718    0.5730    0.5894
    3 H1     2px       -0.0000    0.0000   -0.0000    0.0000    0.0000    0.0000    0.0000    0.0000    0.0000    0.0000
    4 H1     2py        0.0000   -0.0000    0.0000   -0.0000   -0.0000   -0.0000   -0.0000   -0.0000   -0.0000   -0.0000
    5 H1     2pz        0.0010   -0.0011    0.0006   -0.0010   -0.0022   -0.0021   -0.0058   -0.0081   -0.0113   -0.0315
    6 H2     1s         0.3628   -0.4753    0.2872    0.2754    0.5585    0.4766   -0.1742   -0.1705   -0.0392   -0.0146
    7 H2     2s         0.0242   -0.0428    0.0384    0.0225    0.0761    0.0784    0.2875    0.3245    0.0311   -0.4593
    8 H2     2px        0.0000   -0.0000   -0.0000    0.0000   -0.0000   -0.0000   -0.0000   -0.0000    0.0000    0.0000
    9 H2     2py       -0.0000   -0.0000   -0.0000   -0.0000   -0.0000    0.0000    0.0000   -0.0000    0.0000   -0.0000
   10 H2     2pz        0.0007    0.0004   -0.0015   -0.0002   -0.0008   -0.0001   -0.0000   -0.0019   -0.0196   -0.0536
   11 H3     1s         0.4474   -0.1066   -0.4768    0.5066   -0.1598   -0.5807   -0.1847   -0.0535    0.1111    0.0043
   12 H3     2s         0.0317   -0.0001   -0.0509    0.0592   -0.0302   -0.0955    0.3319    0.1378   -0.4144   -0.4772
   13 H3     2px        0.0000   -0.0000    0.0000    0.0000   -0.0000   -0.0000   -0.0000   -0.0000   -0.0000    0.0000
   14 H3     2py       -0.0000    0.0000   -0.0000    0.0000    0.0000    0.0000    0.0000    0.0000    0.0000    0.0000
   15 H3     2pz       -0.0002    0.0014   -0.0008    0.0004    0.0006   -0.0013    0.0001   -0.0022   -0.0063    0.0456
   16 H4     1s         0.4474    0.1065   -0.4768   -0.5066   -0.1598    0.5807   -0.1847    0.0535    0.1111   -0.0043
   17 H4     2s         0.0317    0.0001   -0.0509   -0.0592   -0.0302    0.0955    0.3319   -0.1378   -0.4144    0.4772
   18 H4     2px       -0.0000   -0.0000   -0.0000   -0.0000    0.0000   -0.0000    0.0000   -0.0000    0.0000   -0.0000
   19 H4     2py       -0.0000   -0.0000   -0.0000    0.0000   -0.0000   -0.0000    0.0000   -0.0000   -0.0000    0.0000
   20 H4     2pz        0.0002    0.0014    0.0008    0.0004   -0.0006   -0.0013   -0.0001   -0.0022    0.0063    0.0456
   21 H5     1s         0.3629    0.4753    0.2872   -0.2754    0.5585   -0.4766   -0.1742    0.1705   -0.0392    0.0146
   22 H5     2s         0.0243    0.0428    0.0384   -0.0226    0.0761   -0.0784    0.2875   -0.3245    0.0311    0.4593
   23 H5     2px       -0.0000   -0.0000    0.0000   -0.0000   -0.0000   -0.0000   -0.0000   -0.0000   -0.0000   -0.0000
   24 H5     2py        0.0000   -0.0000   -0.0000   -0.0000    0.0000   -0.0000   -0.0000   -0.0000    0.0000   -0.0000
   25 H5     2pz       -0.0007    0.0004    0.0015   -0.0002    0.0008   -0.0001    0.0000   -0.0019    0.0196   -0.0536
   26 H6     1s         0.2734    0.4435    0.4107    0.4502   -0.5158    0.3319   -0.1007    0.1192   -0.0384   -0.0890
   27 H6     2s         0.0206    0.0344    0.0335    0.0474   -0.0611    0.0433    0.2762   -0.4718    0.5730   -0.5894
   28 H6     2px        0.0000    0.0000    0.0000    0.0000   -0.0000    0.0000   -0.0000    0.0000   -0.0000    0.0000
   29 H6     2py       -0.0000   -0.0000   -0.0000   -0.0000   -0.0000    0.0000    0.0000   -0.0000    0.0000   -0.0000
   30 H6     2pz       -0.0010   -0.0011   -0.0006   -0.0010    0.0022   -0.0021    0.0058   -0.0081    0.0113   -0.0315
 
 
      Orbital               11        12        13        14        15        16        17        18        19        20
      Energy            0.5741    0.7225    0.7688    0.8685    0.8685    0.8920    0.8920    0.9272    0.9272    0.9686
      Occ. No.          0.0000    0.0000    0.0000    0.0000    0.0000    0.0000    0.0000    0.0000    0.0000    0.0000
 
    1 H1     1s        -0.1849    0.1681   -0.0843   -0.0000   -0.0000    0.0000   -0.0000   -0.0000   -0.0000    0.0000
    2 H1     2s        -0.5117    0.3154   -0.1368    0.0000   -0.0000   -0.0000    0.0000    0.0000    0.0000    0.0000
    3 H1     2px       -0.0000    0.0000   -0.0000   -0.0661    0.2099    0.2148   -0.3408   -0.3090    0.4094    0.3005
    4 H1     2py        0.0000   -0.0000    0.0000    0.2099    0.0661   -0.3408   -0.2148    0.4094    0.3090   -0.4335
    5 H1     2pz        0.1036   -0.3204    0.3262   -0.0000   -0.0000    0.0000    0.0000   -0.0000    0.0000    0.0000
    6 H2     1s         0.1880   -0.2234    0.0608    0.0000   -0.0000   -0.0000   -0.0000    0.0000    0.0000   -0.0000
    7 H2     2s         0.8548   -0.6237    0.1725   -0.0000    0.0000   -0.0000   -0.0000    0.0000   -0.0000   -0.0000
    8 H2     2px        0.0000   -0.0000   -0.0000   -0.1208    0.3834    0.2720   -0.4316   -0.1428    0.1892   -0.1302
    9 H2     2py        0.0000    0.0000    0.0000    0.3834    0.1208   -0.4316   -0.2720    0.1892    0.1428    0.1878
   10 H2     2pz        0.0302    0.2878   -0.3883    0.0000    0.0000   -0.0000   -0.0000    0.0000   -0.0000   -0.0000
   11 H3     1s        -0.0845    0.2709   -0.0238   -0.0000   -0.0000   -0.0000    0.0000   -0.0000    0.0000    0.0000
   12 H3     2s        -0.4228    0.7588   -0.0719    0.0000   -0.0000    0.0000    0.0000   -0.0000    0.0000    0.0000
   13 H3     2px        0.0000   -0.0000   -0.0000   -0.1512    0.4799    0.1210   -0.1920    0.2494   -0.3304   -0.2415
   14 H3     2py        0.0000    0.0000    0.0000    0.4799    0.1512   -0.1920   -0.1210   -0.3304   -0.2494    0.3483
   15 H3     2pz       -0.1786   -0.1095    0.3788    0.0000   -0.0000   -0.0000    0.0000    0.0000    0.0000   -0.0000
   16 H4     1s        -0.0845   -0.2709   -0.0238   -0.0000   -0.0000   -0.0000   -0.0000    0.0000   -0.0000   -0.0000
   17 H4     2s        -0.4228   -0.7588   -0.0719    0.0000    0.0000   -0.0000   -0.0000    0.0000   -0.0000   -0.0000
   18 H4     2px       -0.0000   -0.0000   -0.0000   -0.1512    0.4799   -0.1210    0.1920    0.2494   -0.3304    0.2415
   19 H4     2py        0.0000   -0.0000    0.0000    0.4799    0.1512    0.1920    0.1210   -0.3304   -0.2494   -0.3483
   20 H4     2pz        0.1786   -0.1095   -0.3788   -0.0000   -0.0000    0.0000    0.0000   -0.0000    0.0000    0.0000
   21 H5     1s         0.1880    0.2233    0.0608    0.0000    0.0000    0.0000   -0.0000   -0.0000    0.0000    0.0000
   22 H5     2s         0.8548    0.6237    0.1725   -0.0000   -0.0000    0.0000    0.0000   -0.0000    0.0000    0.0000
   23 H5     2px       -0.0000    0.0000   -0.0000   -0.1208    0.3834   -0.2720    0.4316   -0.1428    0.1892    0.1302
   24 H5     2py        0.0000   -0.0000   -0.0000    0.3834    0.1208    0.4316    0.2720    0.1892    0.1428   -0.1878
   25 H5     2pz       -0.0302    0.2878    0.3883   -0.0000    0.0000    0.0000   -0.0000    0.0000   -0.0000   -0.0000
   26 H6     1s        -0.1849   -0.1681   -0.0843    0.0000    0.0000    0.0000    0.0000    0.0000   -0.0000    0.0000
   27 H6     2s        -0.5117   -0.3154   -0.1368   -0.0000   -0.0000   -0.0000   -0.0000   -0.0000   -0.0000   -0.0000
   28 H6     2px        0.0000    0.0000    0.0000   -0.0661    0.2099   -0.2148    0.3408   -0.3090    0.4094   -0.3005
   29 H6     2py        0.0000    0.0000   -0.0000    0.2099    0.0661    0.3408    0.2148    0.4094    0.3090    0.4335
   30 H6     2pz       -0.1036   -0.3204   -0.3262    0.0000   -0.0000   -0.0000    0.0000   -0.0000    0.0000    0.0000
 
 
      Orbital               21        22        23        24        25        26        27        28        29        30
      Energy            0.9686    1.0073    1.0073    1.0353    1.0353    1.0385    1.0773    1.1530    1.2395    1.3098
      Occ. No.          0.0000    0.0000    0.0000    0.0000    0.0000    0.0000    0.0000    0.0000    0.0000    0.0000
 
    1 H1     1s         0.0000   -0.0000    0.0000   -0.0000   -0.0000   -0.1227    0.1252   -0.1157   -0.0921    0.0551
    2 H1     2s         0.0000   -0.0000    0.0000   -0.0000   -0.0000   -0.2522    0.2834   -0.2478   -0.1675    0.0849
    3 H1     2px       -0.4335   -0.1907    0.3913    0.0979   -0.2254    0.0000   -0.0000    0.0000    0.0000    0.0000
    4 H1     2py       -0.3005    0.3913    0.1907   -0.2254   -0.0979   -0.0000    0.0000   -0.0000   -0.0000   -0.0000
    5 H1     2pz        0.0000   -0.0000    0.0000   -0.0000   -0.0000   -0.3025    0.4726   -0.5302   -0.4490    0.2585
    6 H2     1s        -0.0000    0.0000   -0.0000    0.0000    0.0000    0.3500   -0.2741    0.1661    0.0430    0.0105
    7 H2     2s        -0.0000    0.0000   -0.0000    0.0000    0.0000    0.7549   -0.5807    0.3070    0.0784   -0.0042
    8 H2     2px        0.1878    0.2335   -0.4792   -0.1734    0.3992   -0.0000    0.0000   -0.0000   -0.0000    0.0000
    9 H2     2py        0.1302   -0.4792   -0.2335    0.3992    0.1734   -0.0000    0.0000    0.0000    0.0000   -0.0000
   10 H2     2pz       -0.0000    0.0000   -0.0000    0.0000    0.0000    0.3845   -0.1522   -0.2971   -0.6186    0.4970
   11 H3     1s         0.0000   -0.0000    0.0000   -0.0000   -0.0000   -0.5321    0.1499    0.0322    0.0601    0.0178
   12 H3     2s         0.0000   -0.0000    0.0000   -0.0000   -0.0000   -1.1591    0.3173    0.0460    0.0722    0.0282
   13 H3     2px        0.3483   -0.1030    0.2114    0.2156   -0.4963    0.0000    0.0000   -0.0000    0.0000   -0.0000
   14 H3     2py        0.2415    0.2114    0.1030   -0.4963   -0.2156    0.0000   -0.0000    0.0000   -0.0000    0.0000
   15 H3     2pz        0.0000   -0.0000    0.0000   -0.0000   -0.0000   -0.1706   -0.5025    0.4694   -0.2561    0.6132
   16 H4     1s        -0.0000    0.0000   -0.0000    0.0000    0.0000    0.5321    0.1499   -0.0322    0.0601   -0.0178
   17 H4     2s        -0.0000    0.0000   -0.0000    0.0000    0.0000    1.1591    0.3173   -0.0460    0.0722   -0.0282
   18 H4     2px       -0.3483   -0.1030    0.2114   -0.2156    0.4963   -0.0000   -0.0000   -0.0000   -0.0000   -0.0000
   19 H4     2py       -0.2415    0.2114    0.1030    0.4963    0.2156   -0.0000    0.0000   -0.0000    0.0000   -0.0000
   20 H4     2pz        0.0000   -0.0000    0.0000   -0.0000   -0.0000   -0.1706    0.5025    0.4694    0.2561    0.6132
   21 H5     1s         0.0000   -0.0000    0.0000   -0.0000   -0.0000   -0.3500   -0.2741   -0.1661    0.0430   -0.0105
   22 H5     2s         0.0000   -0.0000    0.0000   -0.0000   -0.0000   -0.7549   -0.5807   -0.3070    0.0784    0.0042
   23 H5     2px       -0.1878    0.2335   -0.4792    0.1734   -0.3992    0.0000    0.0000   -0.0000    0.0000    0.0000
   24 H5     2py       -0.1302   -0.4792   -0.2335   -0.3992   -0.1734    0.0000   -0.0000   -0.0000   -0.0000   -0.0000
   25 H5     2pz       -0.0000    0.0000   -0.0000    0.0000    0.0000    0.3845    0.1522   -0.2971    0.6186    0.4970
   26 H6     1s        -0.0000   -0.0000   -0.0000   -0.0000    0.0000    0.1227    0.1252    0.1157   -0.0921   -0.0551
   27 H6     2s        -0.0000    0.0000   -0.0000    0.0000    0.0000    0.2522    0.2834    0.2478   -0.1675   -0.0849
   28 H6     2px        0.4335   -0.1907    0.3913   -0.0979    0.2254    0.0000    0.0000    0.0000   -0.0000   -0.0000
   29 H6     2py        0.3005    0.3913    0.1907    0.2254    0.0979   -0.0000    0.0000   -0.0000    0.0000    0.0000
   30 H6     2pz        0.0000   -0.0000    0.0000   -0.0000   -0.0000   -0.3025   -0.4726   -0.5302    0.4490    0.2585
--
 
      Von Neumann Entropy (Root  1) =  2.87059
 

      Mulliken population analysis for root number:  1
      -----------------------------------------------
 
 
++    Molecular charges:
      ------------------
 
      Mulliken charges per centre and basis function type
      ---------------------------------------------------
 
                H1      H2      H3      H4      H5      H6    
      1s       0.9927  1.0012  1.0017  1.0017  1.0012  0.9927
      2s       0.0058  0.0001 -0.0019 -0.0019  0.0001  0.0058
      2px      0.0000  0.0000  0.0000  0.0000  0.0000  0.0000
      2pz     -0.0001  0.0002  0.0001  0.0001  0.0002 -0.0001
      2py      0.0000  0.0000  0.0000  0.0000  0.0000  0.0000
      Total    0.9985  1.0015  1.0000  1.0000  1.0015  0.9985
 
      N-E      0.0015 -0.0015  0.0000  0.0000 -0.0015  0.0015
 
      Total electronic charge=    6.000000
 
      Total            charge=   -0.000000
--
 
 

      Expectation values of various properties for root number:  1
      -----------------------------------------------------------
 
 
++    Molecular properties:
      ---------------------
 
      Charge (e):
                      =   -0.0000
      Dipole Moment (Debye):
      Origin of the operator (Ang)=    0.0000    0.0000    0.0000
                   X= -1.8386E-09               Y= -1.3790E-09               Z= -8.7309E-06           Total=  8.7309E-06
      Quadrupole Moment (Debye*Ang):
      Origin of the operator (Ang)=    0.0000    0.0000    6.5909
                  XX= -9.1006E+00              XY=  1.1370E-17              XZ= -4.9416E-08              YY= -9.1006E+00
                  YZ=  6.2543E-08              ZZ= -8.9117E+00
      In traceless form (Debye*Ang)
                  XX= -9.4432E-02              XY=  1.7054E-17              XZ= -7.4125E-08              YY= -9.4432E-02
                  YZ=  9.3815E-08              ZZ=  1.8886E-01
--
 

      LoProp population analysis for root number:  1
      -----------------------------------------------
 
 
++    LoProp analysis:
      ----------------
 
 
 
  Input file to MOLDEN was generated!
 
 
++    Static properties:
      ------------------
 
 
      LoProp Charges per center
 

                   H1       H2       H3       H4       H5       H6    
      Nuclear      1.0000   1.0000   1.0000   1.0000   1.0000   1.0000
      Electronic  -1.0001  -0.9999  -1.0000  -1.0000  -0.9999  -1.0001
 
      Total       -0.0001   0.0001   0.0000   0.0000   0.0001  -0.0001
--
 
 
      Natural Bond Order analysis for root number:  1
 
++    Natural Bond Order analysis
      ---------------------------
      Based on LoProp computed density
      -------------------------------------------------------------------------------------
      Atom A       Atom B       Bond Order
      -------------------------------------------------------------------------------------
      The remaining    6.000 electrons are to be considered as diffuse
--
 
--
 
 
  Input file to MOLDEN was generated!
 
      Average orbitals are written to the RASORB file
      Natural orbitals for root   1 are written to the RASORB.1 file
      Spin density orbitals for root   1 are written to the SPDORB.1 file
 
 ###############################################################################
 ###############################################################################
 ###                                                                         ###
 ###                                                                         ###
 ###    RunFile label BirthCertificate                                       ###
 ###    was used       51 times                                              ###
 ###                                                                         ###
 ###                                                                         ###
 ###############################################################################
 ###############################################################################
forrtl: warning (525): IEEE_DIVIDE_BY_ZERO is signaling
forrtl: warning (526): IEEE_INVALID is signaling
forrtl: warning (528): IEEE_UNDERFLOW is signaling
--- Stop Module: rasscf at Sun Oct 26 13:10:22 2025 /rc=_RC_ALL_IS_WELL_ ---
*** files: H6_2.64.LprOrb H6_2.64.rasscf.molden H6_2.64.LoProp.molden H6_2.64.RasOrb.1 H6_2.64.RasOrb H6_2.64.rasscf.h5 H6_2.64.SpdOrb.1 xmldump
    saved to directory /home/grierjones/DDCASPT2/hydrogen_comps/rerun/H6_chain/H6_2.64
--- Module rasscf spent 2 seconds ---

>>> COPY /tmp/H6_2.64/H6_2.64.rasscf.h5 /home/grierjones/DDCASPT2/hydrogen_comps/rerun/H6_chain/H6_2.64/

>>> COPY /tmp/H6_2.64/GMJ_Fock_MO.csv /home/grierjones/DDCASPT2/hydrogen_comps/rerun/H6_chain/H6_2.64/H6_2.64.GMJ_Fock_MO.csv

*** symbolic link created: INPORB -> H6_2.64.RasOrb
--- Start Module: motra at Sun Oct 26 13:10:22 2025 ---
 
()()()()()()()()()()()()()()()()()()()()()()()()()()()()()()()()()()()()()()()()()()()()()()()()()()

                                               &MOTRA

                                   only a single process is used
                       available to each process: 2.0 GB of memory, 1 thread?
()()()()()()()()()()()()()()()()()()()()()()()()()()()()()()()()()()()()()()()()()()()()()()()()()()
 
 
      *** WARNING: Default frozen orbitals is overwritten by user input.
      *** Default values:   0
 
      Header of the integral files:
      
       Integrals generated by seward 4.2.0  , Sun Oct 26 13:10:19 2025
 
 
      Header of MO coefficients source file:
      * RASSCF average (pseudo-natural) orbitals                                      
 
 
      Cartesian coordinates in Angstrom:
      -----------------------------------------------------
      No.  Label        X            Y            Z        
      -----------------------------------------------------
       1   H1         0.00000000   0.00000000   0.00000000
       2   H2         0.00000000   0.00000000   2.63636400
       3   H3         0.00000000   0.00000000   5.27272700
       4   H4         0.00000000   0.00000000   7.90909100
       5   H5         0.00000000   0.00000000  10.54545500
       6   H6         0.00000000   0.00000000  13.18181800
      -----------------------------------------------------
      Nuclear repulsion energy =    1.74628481
 
      Orbital specifications:
      -----------------------
 
      Symmetry species:              1
      Number of basis functions:    30
      Frozen orbitals:               0
      Deleted orbitals:              0
      Number of orbitals used:      30

       SYMMETRY  BASIS FUNCTIONS       ORBITALS      INTEGRALS   CPU(SEC)  I/O(SEC)
        1 1 1 1   30  30  30  30    30  30  30  30      108345       0.00      0.00

       TOTAL CPU TIME(SEC)    0.06TOTAL I/O TIME(SEC)    0.16
 
--- Stop Module: motra at Sun Oct 26 13:10:22 2025 /rc=_RC_ALL_IS_WELL_ ---
*** files: xmldump
    saved to directory /home/grierjones/DDCASPT2/hydrogen_comps/rerun/H6_chain/H6_2.64

>>> COPY /tmp/H6_2.64/GMJ_one_int_indx.csv /home/grierjones/DDCASPT2/hydrogen_comps/rerun/H6_chain/H6_2.64/H6_2.64.GMJ_one_int_indx.csv

>>> COPY /tmp/H6_2.64/GMJ_one_int.csv /home/grierjones/DDCASPT2/hydrogen_comps/rerun/H6_chain/H6_2.64/H6_2.64.GMJ_one_int.csv

>>> COPY /tmp/H6_2.64/GMJ_two_int_indx.csv /home/grierjones/DDCASPT2/hydrogen_comps/rerun/H6_chain/H6_2.64/H6_2.64.GMJ_two_int_indx.csv

>>> COPY /tmp/H6_2.64/GMJ_two_int.csv /home/grierjones/DDCASPT2/hydrogen_comps/rerun/H6_chain/H6_2.64/H6_2.64.GMJ_two_int.csv

*** symbolic link created: INPORB -> H6_2.64.RasOrb
--- Start Module: caspt2 at Sun Oct 26 13:10:22 2025 ---
 
()()()()()()()()()()()()()()()()()()()()()()()()()()()()()()()()()()()()()()()()()()()()()()()()()()

                                              &CASPT2

                                   only a single process is used
                       available to each process: 2.0 GB of memory, 1 thread?
()()()()()()()()()()()()()()()()()()()()()()()()()()()()()()()()()()()()()()()()()()()()()()()()()()
 
 Cholesky algorithm in CASPT2 =    1
 
 ###############################################################################
 ###############################################################################
 ###                                                                         ###
 ###                                                                         ###
 ###    User changed nr of frozen orbitals.                                  ###
 ###                                                                         ###
 ###                                                                         ###
 ###############################################################################
 ###############################################################################
 
++    Wave function specifications:
      -----------------------------
 
      Number of closed shell electrons           0
      Number of electrons in active shells       6
      Max number of holes in RAS1 space          0
      Max number of electrons in RAS3 space      0
      Number of inactive orbitals                0
      Number of active orbitals                  6
      Number of secondary orbitals              24
      Spin quantum number                      0.0
      State symmetry                             1
      Number of CSFs                           175
      Number of root(s) available                1
      Root passed to geometry opt.               1
      A file JOBMIX will be created.
      This is a CASSCF or RASSCF reference function
--
 
++    Orbital specifications:
      -----------------------
 
      Symmetry species                           1
                                                 a
      Frozen orbitals                            0
      Inactive orbitals                          0
      Active orbitals                            6
      Secondary orbitals                        24
      Deleted orbitals                           0
      Number of basis functions                 30
--
 
      Type of Fock operator: STANDARD
      Type of 0-order Hamiltonian: STANDARD WITH DEFAULT IPEA
        "IP-EA" denominator shift =      0.25
      The input orbitals and the CI vector will be transformed.
 
--------------------------------------------------------------------------------
 Estimated memory requirements:
  POLY3 :                   262414
  RHS:                      285604
  SIGMA :                   275200
  PRPCTL:                        0
 Available workspace:    230396124
 
++ CASPT2 computation for group   1
 
********************************************************************************
 Multi-State initialization phase begins for group   1
--------------------------------------------------------------------------------
********************************************************************************
 Compute H0 matrices for state    1
--------------------------------------------------------------------------------
--------------------------------------------------------------------------------
 H0 matrices have been computed.
 
********************************************************************************
  CASPT2 EQUATION SOLUTION
--------------------------------------------------------------------------------
 
  Total nr of CASPT2 parameters:
   Before reduction:       15624
   After  reduction:       14808
 
 The contributions to the second order correlation energy in atomic units.
-----------------------------------------------------------------------------------------------------------------------------
  IT.      VJTU        VJTI        ATVX        AIVX        VJAI        BVAT        BJAT        BJAI        TOTAL       RNORM  
-----------------------------------------------------------------------------------------------------------------------------
   1     0.000000    0.000000   -0.000387    0.000000    0.000000   -0.001201    0.000000    0.000000   -0.001589    0.000420
   2     0.000000    0.000000   -0.000392    0.000000    0.000000   -0.001203    0.000000    0.000000   -0.001595    0.000061
   3     0.000000    0.000000   -0.000392    0.000000    0.000000   -0.001203    0.000000    0.000000   -0.001595    0.000013
   4     0.000000    0.000000   -0.000392    0.000000    0.000000   -0.001203    0.000000    0.000000   -0.001595    0.000002
-------------------------------------------------------------------------------------------------------------------
 
  FINAL CASPT2 RESULT:
 
  Correlation energy /Case, /Symm, and sums:
 VJTU      0.00000000  0.00000000
 VJTIP     0.00000000  0.00000000
 VJTIM     0.00000000  0.00000000
 ATVX     -0.00039189 -0.00039189
 AIVX      0.00000000  0.00000000
 VJAIP     0.00000000  0.00000000
 VJAIM     0.00000000  0.00000000
 BVATP    -0.00108513 -0.00108513
 BVATM    -0.00011789 -0.00011789
 BJATP     0.00000000  0.00000000
 BJATM     0.00000000  0.00000000
 BJAIP     0.00000000  0.00000000
 BJAIM     0.00000000  0.00000000
 Summed:  -0.00159492 -0.00159492
 
      Reference energy:          -2.9977059836
      E2 (Non-variational):      -0.0015949170
      E2 (Variational):          -0.0015949192
      Total energy:              -2.9993009028
      Residual norm:              0.0000002932
      Reference weight:           0.99900
 
      Contributions to the CASPT2 correlation energy
      Active & Virtual Only:         -0.0015949170
      One Inactive Excited:           0.0000000000
      Two Inactive Excited:           0.0000000000
 
 
++ Denominators, etc.
----------------------------------------------------------------------------------------------------
 Report on small energy denominators, large coefficients, and large energy contributions.
CASE  SYMM ACTIVE-MIX  NON-ACTIVE INDICES          DENOMINATOR     RHS VALUE       COEFFICIENT     CONTRIBUTION
--
 
   (Skipping property calculation,
    use PROP keyword to activate)
--
 
  Total CASPT2 energies:
::    CASPT2 Root  1     Total energy:     -2.99930090
 
  A NEW JOBIPH FILE NAMED 'JOBMIX' IS PREPARED.
********************************************************************************
forrtl: warning (528): IEEE_UNDERFLOW is signaling
--- Stop Module: caspt2 at Sun Oct 26 13:10:23 2025 /rc=_RC_ALL_IS_WELL_ ---
*** files: xmldump
    saved to directory /home/grierjones/DDCASPT2/hydrogen_comps/rerun/H6_chain/H6_2.64

>>> EXPORT i = B

>>> EXPORT j = P

>>> IF (-FILE GMJ_e2_${i}_${j}_1_.csv)
(Skipped)

>>> END FOREACH

>>> EXPORT j = M

>>> IF (-FILE GMJ_e2_${i}_${j}_1_.csv)
(Skipped)

>>> END FOREACH

>>> END FOREACH

>>> EXPORT i = E

>>> EXPORT j = P

>>> IF (-FILE GMJ_e2_${i}_${j}_1_.csv)
(Skipped)

>>> END FOREACH

>>> EXPORT j = M

>>> IF (-FILE GMJ_e2_${i}_${j}_1_.csv)
(Skipped)

>>> END FOREACH

>>> END FOREACH

>>> EXPORT i = F

>>> EXPORT j = P

>>> IF (-FILE GMJ_e2_${i}_${j}_1_.csv)

>>> COPY /tmp/H6_2.64/GMJ_RHS_F_P_1_.csv /home/grierjones/DDCASPT2/hydrogen_comps/rerun/H6_chain/H6_2.64/GMJ_RHS_F_P_1_.csv

>>> COPY /tmp/H6_2.64/GMJ_IVECW_F_P_1_.csv /home/grierjones/DDCASPT2/hydrogen_comps/rerun/H6_chain/H6_2.64/GMJ_IVECW_F_P_1_.csv

>>> COPY /tmp/H6_2.64/GMJ_IVECX_F_P_1_.csv /home/grierjones/DDCASPT2/hydrogen_comps/rerun/H6_chain/H6_2.64/GMJ_IVECX_F_P_1_.csv

>>> COPY /tmp/H6_2.64/GMJ_IVECC2_F_P_1_.csv /home/grierjones/DDCASPT2/hydrogen_comps/rerun/H6_chain/H6_2.64/GMJ_IVECC2_F_P_1_.csv

>>> COPY /tmp/H6_2.64/GMJ_e2_F_P_1_.csv /home/grierjones/DDCASPT2/hydrogen_comps/rerun/H6_chain/H6_2.64/GMJ_e2_F_P_1_.csv

>>> END FOREACH

>>> EXPORT j = M

>>> IF (-FILE GMJ_e2_${i}_${j}_1_.csv)

>>> COPY /tmp/H6_2.64/GMJ_RHS_F_M_1_.csv /home/grierjones/DDCASPT2/hydrogen_comps/rerun/H6_chain/H6_2.64/GMJ_RHS_F_M_1_.csv

>>> COPY /tmp/H6_2.64/GMJ_IVECW_F_M_1_.csv /home/grierjones/DDCASPT2/hydrogen_comps/rerun/H6_chain/H6_2.64/GMJ_IVECW_F_M_1_.csv

>>> COPY /tmp/H6_2.64/GMJ_IVECX_F_M_1_.csv /home/grierjones/DDCASPT2/hydrogen_comps/rerun/H6_chain/H6_2.64/GMJ_IVECX_F_M_1_.csv

>>> COPY /tmp/H6_2.64/GMJ_IVECC2_F_M_1_.csv /home/grierjones/DDCASPT2/hydrogen_comps/rerun/H6_chain/H6_2.64/GMJ_IVECC2_F_M_1_.csv

>>> COPY /tmp/H6_2.64/GMJ_e2_F_M_1_.csv /home/grierjones/DDCASPT2/hydrogen_comps/rerun/H6_chain/H6_2.64/GMJ_e2_F_M_1_.csv

>>> END FOREACH

>>> END FOREACH

>>> EXPORT i = G

>>> EXPORT j = P

>>> IF (-FILE GMJ_e2_${i}_${j}_1_.csv)
(Skipped)

>>> END FOREACH

>>> EXPORT j = M

>>> IF (-FILE GMJ_e2_${i}_${j}_1_.csv)
(Skipped)

>>> END FOREACH

>>> END FOREACH

>>> EXPORT i = H

>>> EXPORT j = P

>>> IF (-FILE GMJ_e2_${i}_${j}_1_.csv)
(Skipped)

>>> END FOREACH

>>> EXPORT j = M

>>> IF (-FILE GMJ_e2_${i}_${j}_1_.csv)
(Skipped)

>>> END FOREACH

>>> END FOREACH

>>> EXPORT i = A

>>> IF (-FILE GMJ_e2_${i}_1_.csv)
(Skipped)

>>> END FOREACH

>>> EXPORT i = C

>>> IF (-FILE GMJ_e2_${i}_1_.csv)

>>> COPY /tmp/H6_2.64/GMJ_RHS_C_1_.csv /home/grierjones/DDCASPT2/hydrogen_comps/rerun/H6_chain/H6_2.64/GMJ_RHS_C_1_.csv

>>> COPY /tmp/H6_2.64/GMJ_IVECW_C_1_.csv /home/grierjones/DDCASPT2/hydrogen_comps/rerun/H6_chain/H6_2.64/GMJ_IVECW_C_1_.csv

>>> COPY /tmp/H6_2.64/GMJ_IVECX_C_1_.csv /home/grierjones/DDCASPT2/hydrogen_comps/rerun/H6_chain/H6_2.64/GMJ_IVECX_C_1_.csv

>>> COPY /tmp/H6_2.64/GMJ_IVECC2_C_1_.csv /home/grierjones/DDCASPT2/hydrogen_comps/rerun/H6_chain/H6_2.64/GMJ_IVECC2_C_1_.csv

>>> COPY /tmp/H6_2.64/GMJ_e2_C_1_.csv /home/grierjones/DDCASPT2/hydrogen_comps/rerun/H6_chain/H6_2.64/GMJ_e2_C_1_.csv

>>> END FOREACH

>>> EXPORT i = D

>>> IF (-FILE GMJ_e2_${i}_1_.csv)
(Skipped)

>>> END FOREACH

.########################.
.# Non-zero return code #.
.########################.

    Timing: Wall=4.23 User=3.23 System=0.99
***************************************
*** WorkDir at /tmp/H6_2.64 cleaned ***
***************************************
