   This run of MOLCAS is using the pymolcas driver

                             OPE
                             OPE          NMOL  CASOP  ENMOLC A   SO
                 OPE        NMOLC        AS  OP EN  MO LC     AS  OP
                OPENM       OL CA        SO  PE NM  OL CA     SOP EN
                OP EN      MO   LC       AS  OP ENMOL  CASO   PENMOL
                OP  EN     MO   LC       AS  OP EN     MO     LC ASO
               OP   E  NMOL  C  AS       OP  EN MO     LC     AS  OP
               OP  E   NMO   LC AS        OPEN  MO     LCASOP EN   M
               O  PEN   MO  LCA  SO
            OPE   NMO   L   CAS    OP
        OPENMOL  CASOP     ENMOL   CASOPE
     OPENMOLCA   SOPENMOLCASOPEN   MOLCASOPE
    OPENMOLCAS   OP           EN   MOL    CAS
    OPENMOLCAS       OP  ENM        O     LCA
    OPENMOLCAS    OPEN  MOLCASO     P  E  NMO
    OPENMOLCAS     OP               E  N  MOL
    OPENMOLCA   SO           PENM   O  L  CAS    OPEN    MO    LCAS
    OPENMOLCA   SOP           ENM   O  L  CAS   OP  EN  MOLC  AS   O
    OPENMOLCA   SOPE           NM      O  LCA   S      OP  EN MO
    OPENMOLC                AS         O  PEN   M      OL  CA  SOPE
    OPENMO        LCASOPE  NMOL        C  ASO   P      ENMOLC     AS
    OPE     NMO      LCA  SO     P     E   NM   OL  CA SO  PE N   MO
          OPENMOLCA            SOPE   NMO        LCAS  O    P  ENMO
     OPENMOLCASOPENMOLCASOPENMOLCASOPENMOLCA
        OPENMOLCASOPENMOLCASOPENMOLCASOPE
            OPENMOLCASOPENMOLCASOPENM
               OPENMOLCASOPENMOLCA        version: f37762c57
                   OPENMOLCASO
                       OPE                tag:

 OpenMolcas is free software; you can redistribute it and/or modify it
 under the terms of the GNU Lesser General Public License version 2.1.
 OpenMolcas is distributed in the hope that it will be useful, but it
 is provided "as is" and without any express or implied warranties.
 For more details see the full text of the license in the file
 LICENSE or in <http://www.gnu.org/licenses/>.

                 Copyright (C) The OpenMolcas Authors
           For the author list and the recommended citation,
                   consult the file CONTRIBUTORS.md

           *************************************************
           * pymolcas version py2.28                       *
           *   build c4a6d18ded8cb6cad61d2372a9abd97c      *
           *   (after the EMIL interpreter by V. Veryazov) *
           *************************************************

configuration info
------------------
C Compiler ID: Intel
C flags: -std=gnu99 -gcc-sys
Fortran Compiler ID: IntelLLVM
Fortran flags: -standard-semantics -fltconsistency -fpp -i8 -heap-arrays
Definitions: _MOLCAS_;_I8_;_LINUX_
Parallel: OFF (GA=OFF)


   --------------------------------------------------------------------------------------
  |
  |              Project: H8_2.25
  |       Submitted from: /home/grierjones/DDCASPT2/hydrogen_comps/rerun/H8_chain/H8_2.25
  |         Scratch area: /tmp/H8_2.25
  |      Save outputs to: /home/grierjones/DDCASPT2/hydrogen_comps/rerun/H8_chain/H8_2.25
  |               Molcas: /home/grierjones/Test/build
  |
  | Scratch area is empty
  |
  |       MOLCAS_DRIVER = /usr/local/pymolcas
  | MOLCAS_KEEP_WORKDIR = NO
  |  MOLCAS_NEW_WORKDIR = YES
  |       MOLCAS_NPROCS = 1
  |        MOLCAS_PRINT = NORMAL
  |       MOLCAS_SOURCE = /home/grierjones/Test
  |    MOLCAS_STRUCTURE = 0
  |
   --------------------------------------------------------------------------------------

++ ---------   Input file   ---------

&GATEWAY
coord=H8_2.25.xyz
Basis = ANO-RCC-VDZP
Group = nosymm
End of Input

&SEWARD
End of Input

&SCF

>>> COPY $WorkDir/H8_2.25.scf.h5 $CurrDir/

&RASSCF
Title= RASSCF
FileOrb
/home/grierjones/DDCASPT2/hydrogen_comps/rerun/H8_chain/H8_0.60/H8_0.60.RasOrb
NACTEL
8 0 0
Inactive
0
RAS2
8
Symmetry
1
Spin
1
orblisting
all

>>> COPY $WorkDir/H8_2.25.rasscf.h5 $CurrDir/

>>> COPY $WorkDir/GMJ_Fock_MO.csv $CurrDir/H8_2.25.GMJ_Fock_MO.csv

&MOTRA
Frozen=0
LUMORB

>>> COPY $WorkDir/GMJ_one_int_indx.csv $CurrDir/H8_2.25.GMJ_one_int_indx.csv

>>> COPY $WorkDir/GMJ_one_int.csv $CurrDir/H8_2.25.GMJ_one_int.csv

>>> COPY $WorkDir/GMJ_two_int_indx.csv $CurrDir/H8_2.25.GMJ_two_int_indx.csv

>>> COPY $WorkDir/GMJ_two_int.csv $CurrDir/H8_2.25.GMJ_two_int.csv

&CASPT2
Frozen
0

MAXITER
50

>>> FOREACH i IN (B,E,F,G,H)

  >>> FOREACH j IN (P,M)

    >>> IF (-FILE GMJ_e2_${i}_${j}_1_.csv)

      >>> COPY $WorkDir/GMJ_RHS_${i}_${j}_1_.csv $CurrDir/GMJ_RHS_${i}_${j}_1_.csv

      >>> COPY $WorkDir/GMJ_IVECW_${i}_${j}_1_.csv $CurrDir/GMJ_IVECW_${i}_${j}_1_.csv

      >>> COPY $WorkDir/GMJ_IVECX_${i}_${j}_1_.csv $CurrDir/GMJ_IVECX_${i}_${j}_1_.csv

      >>> COPY $WorkDir/GMJ_IVECC2_${i}_${j}_1_.csv $CurrDir/GMJ_IVECC2_${i}_${j}_1_.csv

      >>> COPY $WorkDir/GMJ_e2_${i}_${j}_1_.csv $CurrDir/GMJ_e2_${i}_${j}_1_.csv

    >>> END IF

  >>> END FOREACH

>>> END FOREACH

>>> FOREACH i IN (A,C,D)

  >>> IF (-FILE GMJ_e2_${i}_1_.csv)

    >>> COPY $WorkDir/GMJ_RHS_${i}_1_.csv $CurrDir/GMJ_RHS_${i}_1_.csv

    >>> COPY $WorkDir/GMJ_IVECW_${i}_1_.csv $CurrDir/GMJ_IVECW_${i}_1_.csv

    >>> COPY $WorkDir/GMJ_IVECX_${i}_1_.csv $CurrDir/GMJ_IVECX_${i}_1_.csv

    >>> COPY $WorkDir/GMJ_IVECC2_${i}_1_.csv $CurrDir/GMJ_IVECC2_${i}_1_.csv

    >>> COPY $WorkDir/GMJ_e2_${i}_1_.csv $CurrDir/GMJ_e2_${i}_1_.csv

  >>> END IF

>>> END FOREACH

-- ----------------------------------

--- Start Module: gateway at Sun Oct 26 13:35:01 2025 ---
 
()()()()()()()()()()()()()()()()()()()()()()()()()()()()()()()()()()()()()()()()()()()()()()()()()()

                                              &GATEWAY

                                   only a single process is used
                       available to each process: 2.0 GB of memory, 1 thread?
()()()()()()()()()()()()()()()()()()()()()()()()()()()()()()()()()()()()()()()()()()()()()()()()()()
 
 
++    Symmetry information:
      ---------------------
 
                    Character Table for C1 
 
                             E  
                    a        1  x, y, xy, Rz, z, xz, Ry, yz, Rx, I
--
 
 
++    Basis set information:
      ----------------------
 
 
      Basis set label: H.ANO-RCC...2S1P.
 
      Electronic valence basis set:
      ------------------
      Associated Effective Charge   1.000000 au
      Associated Actual Charge      1.000000 au
      Nuclear Model: Point charge
 
      Shell  nPrim  nBasis  Cartesian Spherical Contaminant
         s       8       2        X                  
         p       4       1        X                  
--
 
 
++    Molecular structure info:
      -------------------------
 
                    ************************************************ 
                    **** Cartesian Coordinates / Bohr, Angstrom **** 
                    ************************************************ 
 
     Center  Label                x              y              z                     x              y              z
        1      H1               0.000000       0.000000       0.000000              0.000000       0.000000       0.000000
        2      H2               0.000000       0.000000       4.249021              0.000000       0.000000       2.248485
        3      H3               0.000000       0.000000       8.498042              0.000000       0.000000       4.496970
        4      H4               0.000000       0.000000      12.747063              0.000000       0.000000       6.745455
        5      H5               0.000000       0.000000      16.996081              0.000000       0.000000       8.993939
        6      H6               0.000000       0.000000      21.245102              0.000000       0.000000      11.242424
        7      H7               0.000000       0.000000      25.494123              0.000000       0.000000      13.490909
        8      H8               0.000000       0.000000      29.743144              0.000000       0.000000      15.739394
 
                    *************************************** 
                    *    InterNuclear Distances / Bohr    * 
                    *************************************** 
 
               1 H1            2 H2            3 H3            4 H4            5 H5            6 H6    
    1 H1       0.000000
    2 H2       4.249021        0.000000
    3 H3       8.498042        4.249021        0.000000
    4 H4      12.747063        8.498042        4.249021        0.000000
    5 H5      16.996081       12.747061        8.498040        4.249019        0.000000
    6 H6      21.245102       16.996081       12.747061        8.498040        4.249021        0.000000
    7 H7      25.494123       21.245102       16.996081       12.747061        8.498042        4.249021
    8 H8      29.743144       25.494123       21.245102       16.996081       12.747063        8.498042
 
               7 H7            8 H8    
    7 H7       0.000000
    8 H8       4.249021        0.000000
 
                    ******************************************* 
                    *    InterNuclear Distances / Angstrom    * 
                    ******************************************* 
 
               1 H1            2 H2            3 H3            4 H4            5 H5            6 H6    
    1 H1       0.000000
    2 H2       2.248485        0.000000
    3 H3       4.496970        2.248485        0.000000
    4 H4       6.745455        4.496970        2.248485        0.000000
    5 H5       8.993939        6.745454        4.496969        2.248484        0.000000
    6 H6      11.242424        8.993939        6.745454        4.496969        2.248485        0.000000
    7 H7      13.490909       11.242424        8.993939        6.745454        4.496970        2.248485
    8 H8      15.739394       13.490909       11.242424        8.993939        6.745455        4.496970
 
               7 H7            8 H8    
    7 H7       0.000000
    8 H8       2.248485        0.000000
--
 
 
            Nuclear Potential Energy              3.23435884 au
 
--- Stop Module: gateway at Sun Oct 26 13:35:02 2025 /rc=_RC_ALL_IS_WELL_ ---
*** files: xmldump
    saved to directory /home/grierjones/DDCASPT2/hydrogen_comps/rerun/H8_chain/H8_2.25

--- Start Module: seward at Sun Oct 26 13:35:02 2025 ---
 
()()()()()()()()()()()()()()()()()()()()()()()()()()()()()()()()()()()()()()()()()()()()()()()()()()

                                              &SEWARD

                                   only a single process is used
                       available to each process: 2.0 GB of memory, 1 thread?
()()()()()()()()()()()()()()()()()()()()()()()()()()()()()()()()()()()()()()()()()()()()()()()()()()
 
               SEWARD will generate:
                  Multipole Moment integrals up to order  2
                  Kinetic Energy integrals
                  Nuclear Attraction integrals (point charge)
                  One-Electron Hamiltonian integrals
                  Velocity integrals
                  Relativistic Douglas-Kroll-Hess integrals:
                    - Parametrization         : EXP
                    - DKH order of Hamiltonian: 2
                    - DKH order of Properties : 0
                         - multipole moment operators
                         - electric potential operators
                         - contact operators
                  Atomic mean-field integrals
                  Two-Electron Repulsion integrals
 
                   Integrals are discarded if absolute value <: 0.10E-13
                   Integral cutoff threshold is set to       <: 0.10E-15
 
            Nuclear Potential Energy              3.23435884 au
 
 
      Basis set specifications :
      Symmetry species         a  
      Basis functions           40
 
 
  Input file to MOLDEN was generated!
 
forrtl: warning (525): IEEE_DIVIDE_BY_ZERO is signaling
forrtl: warning (526): IEEE_INVALID is signaling
forrtl: warning (528): IEEE_UNDERFLOW is signaling
--- Stop Module: seward at Sun Oct 26 13:35:02 2025 /rc=_RC_ALL_IS_WELL_ ---
*** files: H8_2.25.GssOrb H8_2.25.guessorb.h5 H8_2.25.guessorb.molden xmldump
    saved to directory /home/grierjones/DDCASPT2/hydrogen_comps/rerun/H8_chain/H8_2.25

*** symbolic link created: INPORB -> H8_2.25.GssOrb
--- Start Module: scf at Sun Oct 26 13:35:02 2025 ---
 
()()()()()()()()()()()()()()()()()()()()()()()()()()()()()()()()()()()()()()()()()()()()()()()()()()

                                                &SCF

                                   only a single process is used
                       available to each process: 2.0 GB of memory, 1 thread?
()()()()()()()()()()()()()()()()()()()()()()()()()()()()()()()()()()()()()()()()()()()()()()()()()()
 
++    Input section:
      --------------
 
      Header of the integral files:
      
       Integrals generated by seward 4.2.0  , Sun Oct 26 13:35:02 2025
 
 
      Cartesian coordinates in Angstrom:
      -----------------------------------------------------
      No.  Label        X            Y            Z        
      -----------------------------------------------------
       1   H1         0.00000000   0.00000000   0.00000000
       2   H2         0.00000000   0.00000000   2.24848500
       3   H3         0.00000000   0.00000000   4.49697000
       4   H4         0.00000000   0.00000000   6.74545500
       5   H5         0.00000000   0.00000000   8.99393900
       6   H6         0.00000000   0.00000000  11.24242400
       7   H7         0.00000000   0.00000000  13.49090900
       8   H8         0.00000000   0.00000000  15.73939400
      -----------------------------------------------------
      Nuclear repulsion energy =    3.23435884
--
 
++    Orbital specifications:
      -----------------------
 
      Symmetry species               1
                                     a
      Frozen orbitals                0
      Occupied orbitals              4
      Secondary orbitals            36
      Deleted orbitals               0
      Total number of orbitals      40
      Number of basis functions     40
--
 
      Molecular charge                           0.000
 
++    Optimization specifications:
      ----------------------------
 
      SCF Algorithm: Conventional
      Minimized density differences are used
      Number of density matrices in core                5
      Maximum number of NDDO SCF iterations           400
      Maximum number of HF SCF iterations             400
      Threshold for SCF energy change            0.10E-08
      Threshold for density matrix               0.10E-03
      Threshold for Fock matrix                  0.15E-03
      Threshold for linear dependence            0.10E-08
      Threshold at which DIIS is turned on       0.15E+00
      Threshold at which QNR/C2DIIS is turned on 0.75E-01
      Threshold for Norm(delta) (QNR/C2DIIS)     0.20E-04
      DIIS extrapolation of the SCF procedure
      All orbitals punched on: SCFORB
--
 
      Input vectors read from INPORB
      Orbital file label: *Guess orbitals
 
 
++ Convergence information
                                   SCF        iterations: Energy and convergence statistics
 
Iter     Tot. SCF        One-elec.       Two-elec.     Energy      Max Dij or  Max Fij      DNorm      TNorm      AccCon     Time
         Energy          Energy          Energy        Change      Delta Norm                                                in Sec.
   1    -3.362440821   -10.665751570     4.068951905   0.00E+00    0.36E+00*   0.12E+00*    0.43E+01   0.82E+01   None         0.
   2    -3.562026021   -10.632849247     3.836464382  -0.20E+00*   0.13E+00*   0.22E-01*    0.13E+01   0.79E+01   EDIIS        0.
   3    -3.572474521   -10.572859560     3.766026195  -0.10E-01*   0.73E-01*   0.88E-02*    0.28E+00   0.78E+01   EDIIS        0.
   4    -3.574470882   -10.574386943     3.765557217  -0.20E-02*   0.41E-01*   0.65E-02*    0.13E+00   0.79E+01   c2DIIS       0.
   5    -3.575303203   -10.565513147     3.755851099  -0.83E-03*   0.13E-01*   0.23E-02*    0.29E-01   0.78E+01   QNRc2DIIS    0.
   6    -3.575430204   -10.569124701     3.759335653  -0.13E-03*   0.15E-01*   0.11E-02*    0.79E-02   0.78E+01   QNRc2DIIS    0.
   7    -3.575490602   -10.567960307     3.758110861  -0.60E-04*   0.19E-02*   0.26E-03*    0.44E-02   0.78E+01   QNRc2DIIS    0.
   8    -3.575491601   -10.567211054     3.757360609  -0.10E-05*   0.43E-03*   0.11E-03     0.15E-02   0.78E+01   QNRc2DIIS    0.
   9    -3.575491772   -10.567259666     3.757409050  -0.17E-06*   0.50E-04*   0.72E-05     0.22E-03   0.78E+01   QNRc2DIIS    0.
  10    -3.575491774   -10.567251605     3.757400987  -0.14E-08*   0.14E-04    0.18E-05     0.84E-04   0.78E+01   QNRc2DIIS    0.
  11    -3.575491774   -10.567252574     3.757401956  -0.89E-10    0.34E-05    0.49E-06     0.62E-05   0.78E+01   QNRc2DIIS    0.
 
       Convergence after 11 Macro Iterations
--
 
 *****************************************************************************************************************************
 *                                                                                                                           *
 *                                             SCF/KS-DFT Program, Final results                                             *
 *                                                                                                                           *
 *                                                                                                                           *
 *                                                                                                                           *
 *                                                       Final Results                                                       *
 *                                                                                                                           *
 *****************************************************************************************************************************
 
::    Total SCF energy                                 -3.5754917738
      One-electron energy                             -10.5672525740
      Two-electron energy                               3.7574019559
      Nuclear repulsion energy                          3.2343588443
      Kinetic energy (interpolated)                     2.6630431003
      Virial theorem                                    1.3426338363
      Total spin, S(S+1)                                0.0000000000
      Total spin, S                                     0.0000000000
      Max non-diagonal density matrix element           0.0000036942
      Max non-diagonal Fock matrix element              0.0000002700
 
 
      All orbitals with orbital energies smaller than  E(LUMO)+0.5 are printed
 
++    Molecular orbitals:
      -------------------
 
      Title: SCF orbitals

      Molecular orbitals for symmetry species 1: a  
 
          Orbital            1         2         3         4         5         6         7         8         9        10    
          Energy           -0.4177   -0.3993   -0.3708   -0.3384   -0.1413   -0.0960   -0.0487   -0.0116    0.3215    0.3381
          Occ. No.          2.0000    2.0000    2.0000    2.0000    0.0000    0.0000    0.0000    0.0000    0.0000    0.0000
 
        1 H1     1s         0.1599   -0.3013    0.3841   -0.3181    0.3867   -0.5205    0.4580   -0.2639   -0.1181    0.1682
        2 H1     2s         0.0242   -0.0487    0.0689   -0.0639    0.1251   -0.1846    0.1741   -0.1034    0.2450   -0.4194
        3 H1     2px       -0.0000    0.0000   -0.0000    0.0000    0.0000   -0.0000    0.0000   -0.0000    0.0000   -0.0000
        4 H1     2py        0.0000   -0.0000    0.0000    0.0000   -0.0000    0.0000    0.0000    0.0000    0.0000   -0.0000
        5 H1     2pz        0.0074   -0.0123    0.0128   -0.0083   -0.0027    0.0105   -0.0179    0.0154   -0.0220    0.0319
        6 H2     1s         0.2256   -0.3765    0.3888   -0.2434   -0.1931    0.4700   -0.6099    0.4351   -0.1805    0.2133
        7 H2     2s         0.0296   -0.0666    0.0952   -0.0780   -0.0558    0.1692   -0.2338    0.1658    0.2054   -0.2670
        8 H2     2px       -0.0000    0.0000    0.0000   -0.0000   -0.0000    0.0000    0.0000   -0.0000   -0.0000    0.0000
        9 H2     2py       -0.0000   -0.0000    0.0000   -0.0000   -0.0000    0.0000    0.0000    0.0000    0.0000   -0.0000
       10 H2     2pz       -0.0003    0.0047   -0.0121    0.0138   -0.0190    0.0181   -0.0026   -0.0082    0.0042   -0.0132
       11 H3     1s         0.3426   -0.2890   -0.1379    0.4097   -0.4673    0.1226    0.4986   -0.5920   -0.1932    0.1491
       12 H3     2s         0.0537   -0.0403   -0.0464    0.1070   -0.1556    0.0382    0.1907   -0.2221    0.2581   -0.2248
       13 H3     2px        0.0000    0.0000    0.0000    0.0000   -0.0000   -0.0000    0.0000   -0.0000   -0.0000    0.0000
       14 H3     2py       -0.0000   -0.0000   -0.0000   -0.0000    0.0000   -0.0000    0.0000    0.0000    0.0000    0.0000
       15 H3     2pz        0.0067    0.0001   -0.0118    0.0116    0.0140   -0.0224    0.0077    0.0119   -0.0063   -0.0047
       16 H4     1s         0.3685   -0.1885   -0.2812    0.3729    0.3879   -0.4368   -0.2354    0.6574   -0.2086    0.0481
       17 H4     2s         0.0532   -0.0455   -0.0493    0.1031    0.1253   -0.1642   -0.0867    0.2471    0.2700   -0.0768
       18 H4     2px        0.0000   -0.0000   -0.0000    0.0000    0.0000   -0.0000    0.0000   -0.0000   -0.0000    0.0000
       19 H4     2py        0.0000   -0.0000   -0.0000   -0.0000   -0.0000    0.0000   -0.0000   -0.0000   -0.0000    0.0000
       20 H4     2pz       -0.0040    0.0098   -0.0008   -0.0144    0.0195    0.0054   -0.0226    0.0024    0.0030   -0.0122
       21 H5     1s         0.3685    0.1885   -0.2812   -0.3729    0.3879    0.4368   -0.2354   -0.6574   -0.2086   -0.0481
       22 H5     2s         0.0532    0.0455   -0.0493   -0.1031    0.1253    0.1642   -0.0867   -0.2471    0.2700    0.0768
       23 H5     2px       -0.0000   -0.0000   -0.0000   -0.0000   -0.0000   -0.0000   -0.0000   -0.0000    0.0000    0.0000
       24 H5     2py        0.0000   -0.0000   -0.0000   -0.0000   -0.0000   -0.0000   -0.0000    0.0000    0.0000    0.0000
       25 H5     2pz        0.0040    0.0098    0.0008   -0.0144   -0.0195    0.0054    0.0226    0.0024   -0.0030   -0.0122
       26 H6     1s         0.3426    0.2890   -0.1379   -0.4097   -0.4673   -0.1226    0.4986    0.5920   -0.1932   -0.1491
       27 H6     2s         0.0537    0.0403   -0.0464   -0.1070   -0.1556   -0.0382    0.1907    0.2221    0.2581    0.2248
       28 H6     2px        0.0000    0.0000    0.0000    0.0000   -0.0000    0.0000    0.0000   -0.0000   -0.0000    0.0000
       29 H6     2py       -0.0000    0.0000    0.0000    0.0000    0.0000    0.0000    0.0000   -0.0000    0.0000    0.0000
       30 H6     2pz       -0.0067    0.0001    0.0118    0.0116   -0.0140   -0.0224   -0.0077    0.0119    0.0063   -0.0047
       31 H7     1s         0.2256    0.3765    0.3888    0.2434   -0.1931   -0.4700   -0.6099   -0.4351   -0.1805   -0.2133
       32 H7     2s         0.0296    0.0666    0.0952    0.0780   -0.0558   -0.1692   -0.2338   -0.1658    0.2054    0.2670
       33 H7     2px        0.0000   -0.0000    0.0000    0.0000   -0.0000    0.0000   -0.0000    0.0000   -0.0000    0.0000
       34 H7     2py        0.0000    0.0000   -0.0000    0.0000   -0.0000   -0.0000   -0.0000   -0.0000   -0.0000    0.0000
       35 H7     2pz        0.0003    0.0047    0.0121    0.0138    0.0190    0.0181    0.0026   -0.0082   -0.0042   -0.0132
       36 H8     1s         0.1599    0.3013    0.3841    0.3181    0.3867    0.5205    0.4580    0.2639   -0.1181   -0.1682
       37 H8     2s         0.0242    0.0487    0.0689    0.0639    0.1251    0.1846    0.1741    0.1034    0.2450    0.4194
       38 H8     2px        0.0000   -0.0000    0.0000   -0.0000    0.0000   -0.0000    0.0000   -0.0000    0.0000    0.0000
       39 H8     2py       -0.0000   -0.0000    0.0000   -0.0000   -0.0000   -0.0000    0.0000    0.0000    0.0000   -0.0000
       40 H8     2pz       -0.0074   -0.0123   -0.0128   -0.0083    0.0027    0.0105    0.0179    0.0154    0.0220    0.0319
--
 
 
++    Molecular charges:
      ------------------
 
      Mulliken charges per centre and basis function type
      ---------------------------------------------------
 
                H1      H2      H3      H4      H5      H6      H7      H8    
      1s       0.8803  0.9497  0.9207  0.9268  0.9268  0.9207  0.9497  0.8803
      2s       0.0719  0.0817  0.0688  0.0714  0.0714  0.0688  0.0817  0.0719
      2px      0.0000  0.0000  0.0000  0.0000  0.0000  0.0000  0.0000  0.0000
      2pz      0.0063  0.0077  0.0074  0.0074  0.0074  0.0074  0.0077  0.0063
      2py      0.0000  0.0000  0.0000  0.0000  0.0000  0.0000  0.0000  0.0000
      Total    0.9585  1.0391  0.9969  1.0056  1.0056  0.9969  1.0391  0.9585
 
      N-E      0.0415 -0.0391  0.0031 -0.0056 -0.0056  0.0031 -0.0391  0.0415
 
      Total electronic charge=    8.000000
 
      Total            charge=   -0.000000
--
 
 
  Input file to MOLDEN was generated!
 
 
++    Static properties:
      ------------------
 
 
      LoProp Charges per center
 

                   H1       H2       H3       H4       H5       H6       H7       H8    
      Nuclear      1.0000   1.0000   1.0000   1.0000   1.0000   1.0000   1.0000   1.0000
      Electronic  -0.9766  -1.0194  -0.9986  -1.0055  -1.0055  -0.9986  -1.0194  -0.9766
 
      Total        0.0234  -0.0194   0.0014  -0.0055  -0.0055   0.0014  -0.0194   0.0234
--
 
 
++    Natural Bond Order analysis
      ---------------------------
      Based on LoProp computed density
      -------------------------------------------------------------------------------------
      Atom A       Atom B       Bond Order
      -------------------------------------------------------------------------------------
      NBO located      0.960 non-bonded electrons on atom H1        
      NBO located      1.007 non-bonded electrons on atom H3        
      NBO located      1.014 non-bonded electrons on atom H4        
      NBO located      1.014 non-bonded electrons on atom H5        
      NBO located      1.007 non-bonded electrons on atom H6        
      NBO located      0.960 non-bonded electrons on atom H8        
      The remaining    2.038 electrons are to be considered as diffuse
--
 
 
++    Molecular properties:
      ---------------------
 
      Charge (e):
                      =   -0.0000
      Dipole Moment (Debye):
      Origin of the operator (Ang)=    0.0000    0.0000    0.0000
                   X=  2.2501E-13               Y= -3.8536E-14               Z= -6.8268E-12           Total=  6.8306E-12
      Quadrupole Moment (Debye*Ang):
      Origin of the operator (Ang)=    0.0000    0.0000    7.8697
                  XX= -1.7912E+01              XY=  7.0655E-28              XZ= -1.8235E-12              YY= -1.7912E+01
                  YZ=  2.6517E-13              ZZ=  7.5701E-01
      In traceless form (Debye*Ang)
                  XX= -9.3346E+00              XY=  1.0598E-27              XZ= -2.7353E-12              YY= -9.3346E+00
                  YZ=  3.9775E-13              ZZ=  1.8669E+01
--
 
 
  Input file to MOLDEN was generated!
 
 ###############################################################################
 ###############################################################################
 ###                                                                         ###
 ###                                                                         ###
 ###    RunFile label nBas                                                   ###
 ###    was used       78 times                                              ###
 ###                                                                         ###
 ###                                                                         ###
 ###############################################################################
 ###############################################################################
forrtl: warning (528): IEEE_UNDERFLOW is signaling
--- Stop Module: scf at Sun Oct 26 13:35:03 2025 /rc=_RC_ALL_IS_WELL_ ---
*** files: H8_2.25.LprOrb H8_2.25.LoProp.molden H8_2.25.scf.molden H8_2.25.ScfOrb H8_2.25.scf.h5 xmldump
    saved to directory /home/grierjones/DDCASPT2/hydrogen_comps/rerun/H8_chain/H8_2.25

>>> COPY /tmp/H8_2.25/H8_2.25.scf.h5 /home/grierjones/DDCASPT2/hydrogen_comps/rerun/H8_chain/H8_2.25/

*** symbolic link created: INPORB -> H8_2.25.ScfOrb
--- Start Module: rasscf at Sun Oct 26 13:35:03 2025 ---
 
()()()()()()()()()()()()()()()()()()()()()()()()()()()()()()()()()()()()()()()()()()()()()()()()()()

                                              &RASSCF

                                   only a single process is used
                       available to each process: 2.0 GB of memory, 1 thread?
()()()()()()()()()()()()()()()()()()()()()()()()()()()()()()()()()()()()()()()()()()()()()()()()()()
 
 
      Header of the ONEINT file:
      --------------------------
      
      Integrals generated by seward 4.2.0  , Sun Oct 26 13:35:02 2025
 
 
      OrdInt status: non-squared
 
 
      Cartesian coordinates in Angstrom:
      -----------------------------------------------------
      No.  Label        X            Y            Z        
      -----------------------------------------------------
       1   H1         0.00000000   0.00000000   0.00000000
       2   H2         0.00000000   0.00000000   2.24848500
       3   H3         0.00000000   0.00000000   4.49697000
       4   H4         0.00000000   0.00000000   6.74545500
       5   H5         0.00000000   0.00000000   8.99393900
       6   H6         0.00000000   0.00000000  11.24242400
       7   H7         0.00000000   0.00000000  13.49090900
       8   H8         0.00000000   0.00000000  15.73939400
      -----------------------------------------------------
      Nuclear repulsion energy =    3.23435884
 
++    Wave function specifications:
      -----------------------------
 
      Number of closed shell electrons           0
      Number of electrons in active shells       8
      Max number of holes in RAS1 space          0
      Max nr of electrons in RAS3 space          0
      Number of inactive orbitals                0
      Number of active orbitals                  8
      Number of secondary orbitals              32
      Spin quantum number                      0.0
      State symmetry                             1
--
 
++    Orbital specifications:
      -----------------------
 
      Symmetry species                           1
                                                 a
      Frozen orbitals                            0
      Inactive orbitals                          0
      Active orbitals                            8
      RAS1 orbitals                              0
      RAS2 orbitals                              8
      RAS3 orbitals                              0
      Secondary orbitals                        32
      Deleted orbitals                           0
      Number of basis functions                 40
--
 
++    CI expansion specifications:
      ----------------------------
 
      Number of CSFs                          1764
      Number of determinants                  2485
      Number of root(s) required                 1
      Root chosen for geometry opt.              1
      CI root used                               1
         
      highest root included in the CI            1
      max. size of the explicit Hamiltonian    200
--
 
++    Optimization specifications:
      ----------------------------
 
      RASSCF algorithm: Conventional
      Maximum number of macro iterations       200
      Maximum number of SX iterations          100
      Threshold for RASSCF energy            0.100E-07
      Threshold for max MO rotation          0.100E+00
      Threshold for max BLB element          0.100E-03
      Level shift parameter                  0.500E+00
      Make Quasi-Newton update
--
 
      The MO-coefficients are taken from the file:
      /home/grierjones/DDCASPT2/hydrogen_comps/rerun/H8_chain/H8_0.60/H8_0.60.RasOrb                                                  
      Title: RASSCF average (pseudo-natural) orbitals                                      
 
      Total molecular charge    0.00
 
      ************************************************************************************************************************
      *                                                                                                                      *
      *                                            Wave function control section                                             *
      *                                                                                                                      *
      ************************************************************************************************************************
 
 
                                         RASSCF iterations: Energy and convergence statistics
                                         ----------------------------------------------------
 
      Iter CI   SX   CI       RASSCF       Energy    max ROT     max BLB   max BLB  Level Ln srch  Step   QN   Walltime
          iter iter root      energy       change     param      element    value   shift minimum  type update hh:mm:ss
 Nr of preliminary CI iterations:   8
        1   1  100    1    -2.65550470    0.00E+00  -0.29E+00*   7  24 1  0.32E+00*  0.42   0.00    SX    NO    0:00:00
        2   6  100    1    -3.30744125   -0.65E+00* -0.29E+00*   3  18 1  0.22E+00*  0.32   0.00    SX    NO    0:00:00
 ###############################################################################
 ###############################################################################
 ###                                                                         ###
 ###                                                                         ###
 ###    Large orbital rotation.                                              ###
 ###                                                                         ###
 ###                                                                         ###
 ###############################################################################
 ###############################################################################
      Molecular orbital   8 of symmetry 1 MO space 2  weight is    0.305754
        3   6   33    1    -3.63791563   -0.33E+00* -0.63E+00*   2  10 1  0.17E+00*  0.20   0.00    SX    NO    0:00:00
        4   9  100    1    -3.78268824   -0.14E+00* -0.32E+00*   2   9 1  0.70E-01*  0.08   0.00    SX    NO    0:00:00
        5  12   26    1    -3.89155416   -0.11E+00* -0.23E+00*   8  12 1  0.31E-01*  0.03   1.14    QN   YES    0:00:00
        6   9  100    1    -3.86953615    0.22E-01*  0.84E-01    8  18 1  0.46E-01*  0.05   0.30    LS   YES    0:00:00
        7   6  100    1    -3.89087740   -0.21E-01*  0.62E-01    8  18 1  0.34E-01*  0.04   1.93    LS   YES    0:00:00
        8   9  100    1    -3.89835619   -0.75E-02*  0.20E-01    2  12 1 -0.26E-01*  0.04   1.27    QN   YES    0:00:00
        9   4   67    1    -3.89823508    0.12E-03* -0.27E-01    2  12 1 -0.27E-01*  0.03   0.39    SX   YES    0:00:00
       10  24   37    1    -3.90628110   -0.80E-02* -0.15E-01    2  12 1 -0.12E-01*  0.04   1.61    LS   YES    0:00:00
       11   4   38    1    -3.90771696   -0.14E-02*  0.30E-01    2  12 1 -0.45E-02*  0.04   1.16    QN   YES    0:00:00
       12   5   42    1    -3.90797639   -0.26E-03*  0.40E-01    4  15 1 -0.47E-02*  0.04   0.64    QN   YES    0:00:00
       13   9   42    1    -3.90835408   -0.38E-03*  0.14E+00*   2  12 1  0.14E-02*  0.04   1.93    QN   YES    0:00:00
       14   6  100    1    -3.90952660   -0.12E-02*  0.45E+00*   3  15 1  0.52E-02*  0.01   1.93    QN   YES    0:00:00
       15  10  100    1    -3.94504598   -0.36E-01*  0.21E+00*   5  15 1 -0.28E-01*  0.00   0.00    SX    NO    0:00:00
       16   7   31    1    -4.00903009   -0.64E-01*  0.23E+00*   5  10 1  0.29E-01*  0.00   1.38    QN   YES    0:00:00
       17   5  100    1    -3.96040872    0.49E-01* -0.84E-01    5  15 1  0.76E-01*  0.00   0.24    LS   YES    0:00:00
       18   5  100    1    -4.00185536   -0.41E-01* -0.52E-01    5  15 1  0.58E-01*  0.00   1.79    LS   YES    0:00:00
       19   4   91    1    -4.01585549   -0.14E-01* -0.23E-01    5  15 1  0.28E-01*  0.00   1.57    QN   YES    0:00:00
       20   4   86    1    -4.01532579    0.53E-03*  0.15E-01    2  10 1 -0.18E-01*  0.00   0.37    SX   YES    0:00:00
       21  22   15    1    -4.02105734   -0.57E-02*  0.63E-02    2  36 1  0.63E-02*  0.00   1.44    LS   YES    0:00:00
       22   3   13    1    -4.02183479   -0.78E-03* -0.43E-02    3  36 1 -0.39E-02*  0.00   1.31    QN   YES    0:00:00
       23  10   12    1    -4.02213435   -0.30E-03* -0.14E-02    5  25 1  0.11E-02*  0.00   1.02    QN   YES    0:00:00
       24   8   11    1    -4.02214925   -0.15E-04* -0.28E-03    2  10 1  0.27E-03*  0.00   0.95    QN   YES    0:00:00
       25   8    9    1    -4.02215031   -0.11E-05* -0.86E-04    7  24 1  0.52E-04   0.00   1.00    QN   YES    0:00:00
       26  10    8    1    -4.02215041   -0.10E-06* -0.33E-04    3  24 1  0.24E-04   0.00   1.03    QN   YES    0:00:00
       27   1    7    1    -4.02215041   -0.30E-08   0.16E-04    3  24 1 -0.14E-04   0.00   0.66    QN   YES    0:00:00
      Convergence after 27 iterations
 
  Dmat in MO in SXCTL bf call to SXHAM                                                                                    
  mat. size =     8x    8
 
        1.4791487007636985
       -0.0217850692041365      1.3487987167338149
       -0.0448478998572594     -0.0104493516173076      1.2776578844016662
        0.0066164459197624     -0.0319229040842398      0.0124800914020289      1.2462801705774205
        0.0359207275612275      0.0069391956175223      0.1319674260927945     -0.0369682929226857      0.5897091981611248
        0.0047757659592554      0.2540871176662809      0.0130945978232351     -0.0037326966767175     -0.0425156184109286
        0.6158630768501063
       -0.0364171164921281     -0.0070305249079623     -0.1830892888412380      0.0111256126243471     -0.0435455027474931
        0.0127032771665304      0.8148570261961899
       -0.1298858576159912     -0.1360905819882616     -0.0400462012737419      0.0312103595307880     -0.0373926355292122
        0.0124188982026196     -0.0328732813637826      0.6276852263159631
       28   1    7    1    -4.02215041   -0.15E-08   0.16E-04    4  21 1 -0.15E-05   0.00   0.66    QN   YES    0:00:00
 
      ************************************************************************************************************************
                                                      Wave function printout:
                       occupation of active orbitals, and spin coupling of open shells (u,d: Spin up or down)
      ************************************************************************************************************************
 
      Note: transformation to natural orbitals
      has been made, which may change the order of the CSFs.
 
      printout of CI-coefficients larger than  0.05 for root  1
      energy=      -4.022150
      conf/sym  11111111     Coeff  Weight
             1  22220000  -0.45494 0.20697
            23  22200020   0.22718 0.05161
            27  22200002   0.05986 0.00358
            29  22udud00   0.05237 0.00274
            34  22udu00d  -0.05014 0.00251
            36  22ud00ud   0.23335 0.05445
            41  2u2du0d0  -0.18470 0.03412
            45  2u2d0u0d  -0.07419 0.00550
            47  2u2d0002   0.07193 0.00517
            52  u22d0ud0  -0.19936 0.03975
            54  u22du00d  -0.09954 0.00991
            58  22022000   0.05648 0.00319
            61  2202u0d0  -0.07164 0.00513
            63  22020020   0.06249 0.00390
            67  22020002   0.14156 0.02004
            72  2ud20ud0  -0.09993 0.00999
            74  2ud2u00d  -0.18532 0.03434
            76  2ud200ud   0.05293 0.00280
            78  u2d22000   0.05365 0.00288
            81  u2d2u0d0  -0.07756 0.00602
            85  u2d20u0d  -0.14590 0.02129
            88  20222000   0.10983 0.01206
            95  20220u0d  -0.05410 0.00293
            97  20220002   0.05946 0.00354
            99  ud22ud00   0.14024 0.01967
           106  ud2200ud   0.05742 0.00330
           108  02222000   0.05022 0.00252
           110  02220200   0.10539 0.01111
           123  22uu00dd  -0.06655 0.00443
           125  2u2ud0d0  -0.06622 0.00439
           132  u22u0dd0  -0.07735 0.00598
           573  22000022  -0.12282 0.01508
           586  2ud0u02d  -0.13014 0.01694
           607  u2d00u2d  -0.11081 0.01228
           617  20202020  -0.08864 0.00786
           638  ud20ud20  -0.08690 0.00755
           659  02200220  -0.08044 0.00647
           691  2u0du0d2  -0.10519 0.01106
           712  u20d0ud2  -0.09016 0.00813
           722  20ud20ud  -0.08282 0.00686
           743  udududud  -0.12149 0.01476
           764  02ud02ud  -0.07114 0.00506
           785  uudduudd  -0.12293 0.01511
           795  u02d2ud0  -0.07219 0.00521
           816  0u2du2d0  -0.07182 0.00516
           848  20022002  -0.07409 0.00549
           869  ud02ud02  -0.06627 0.00439
           890  02020202  -0.05930 0.00352
           900  u0d22u0d  -0.06963 0.00485
           921  0ud2u20d  -0.06834 0.00467
           934  00222200  -0.05113 0.00261
          1602  20002022   0.07257 0.00527
          1613  ud00ud22   0.08208 0.00674
          1624  02000222   0.05452 0.00297
          1627  u0d02u2d  -0.06678 0.00446
          1638  0ud0u22d  -0.07345 0.00540
          1660  u00d2ud2  -0.07091 0.00503
          1671  0u0du2d2  -0.05658 0.00320
          1676  00ud22ud   0.05770 0.00333
          1764  00002222  -0.06450 0.00416
 
      Natural orbitals and occupation numbers for root  1
      sym 1:   1.505510   1.454079   1.365460   1.243727   0.542636   0.486884   0.764213   0.637492
 
      ************************************************************************************************************************
      *                                                                                                                      *
      *                                                    Final results                                                     *
      *                                                                                                                      *
      ************************************************************************************************************************
 
 
++    Wave function specifications:
      -----------------------------
 
      Number of closed shell electrons           0
      Number of electrons in active shells       8
      Max number of holes in RAS1 space          0
      Max nr of electrons in RAS3 space          0
      Number of inactive orbitals                0
      Number of active orbitals                  8
      Number of secondary orbitals              32
      Spin quantum number                      0.0
      State symmetry                             1
--
 
++    Orbital specifications:
      -----------------------
 
      Symmetry species                           1
                                                 a
      Frozen orbitals                            0
      Inactive orbitals                          0
      Active orbitals                            8
      RAS1 orbitals                              0
      RAS2 orbitals                              8
      RAS3 orbitals                              0
      Secondary orbitals                        32
      Deleted orbitals                           0
      Number of basis functions                 40
--
 
++    CI expansion specifications:
      ----------------------------
 
      Number of CSFs                          1764
      Number of determinants                  2485
      Number of root(s) required                 1
      CI root used                               1
      highest root included in the CI            1
      Root passed to geometry opt.               1
--
 
++    Final optimization conditions:
      ------------------------------
 
      Average CI energy                              -4.02215041
      RASSCF energy for state  1                     -4.02215041
      Super-CI energy                                -0.00000000
      RASSCF energy change                            0.00000000
      Max change in MO coefficients              -0.191E-04
      Max non-diagonal density matrix element     0.162E-04
      Maximum BLB matrix element                 -0.154E-05
      (orbital pair   4,  21 in symmetry   1)
      Norm of electronic gradient            0.440E-05
--
 
 
      Final state energy(ies):
      ------------------------
 
::    RASSCF root number  1 Total energy:     -4.02215041
 
++    Molecular orbitals:
      -------------------
 
      Pseudonatural active orbitals and approximate occupation numbers
 
 
 
 
      Molecular orbitals for symmetry species 1: a  
 
 
      Orbital                1         2         3         4         5         6         7         8         9        10
      Energy            0.0000    0.0000    0.0000    0.0000    0.0000    0.0000    0.0000    0.0000    0.3316    0.3485
      Occ. No.          1.5055    1.4541    1.3655    1.2437    0.5426    0.4869    0.7642    0.6375    0.0000    0.0000
 
    1 H1     1s         0.1858   -0.3350    0.4012   -0.3266    0.4354    0.2531   -0.3696   -0.4886   -0.0861   -0.1100
    2 H1     2s         0.0129   -0.0245    0.0315   -0.0278    0.0539    0.0333   -0.0391   -0.0558    0.2444    0.4270
    3 H1     2px        0.0000   -0.0000    0.0000   -0.0000   -0.0000   -0.0000    0.0000    0.0000   -0.0000   -0.0000
    4 H1     2py        0.0000   -0.0000    0.0000    0.0000   -0.0000   -0.0000    0.0000    0.0000    0.0000    0.0000
    5 H1     2pz        0.0022   -0.0033    0.0029   -0.0016    0.0030    0.0022   -0.0012   -0.0023   -0.0186   -0.0282
    6 H2     1s         0.2576   -0.4053    0.3808   -0.2110   -0.5599   -0.3934    0.1823    0.4414   -0.1594   -0.1980
    7 H2     2s         0.0153   -0.0328    0.0455   -0.0379   -0.0913   -0.0716    0.0092    0.0559    0.2068    0.2678
    8 H2     2px        0.0000   -0.0000   -0.0000    0.0000   -0.0000   -0.0000    0.0000    0.0000   -0.0000   -0.0000
    9 H2     2py       -0.0000    0.0000   -0.0000    0.0000   -0.0000   -0.0000   -0.0000   -0.0000    0.0000    0.0000
   10 H2     2pz        0.0013    0.0001   -0.0033    0.0043    0.0008    0.0005    0.0020    0.0003    0.0007    0.0094
   11 H3     1s         0.3499   -0.2904   -0.1421    0.4371    0.4337    0.5209    0.4783    0.1353   -0.1647   -0.1122
   12 H3     2s         0.0236   -0.0158   -0.0247    0.0536    0.0789    0.0938    0.0618    0.0113    0.2619    0.2308
   13 H3     2px        0.0000   -0.0000   -0.0000   -0.0000   -0.0000   -0.0000   -0.0000    0.0000   -0.0000   -0.0000
   14 H3     2py        0.0000   -0.0000   -0.0000   -0.0000   -0.0000   -0.0000   -0.0000    0.0000   -0.0000    0.0000
   15 H3     2pz        0.0006    0.0019   -0.0041    0.0025    0.0012    0.0019   -0.0008   -0.0006   -0.0031    0.0064
   16 H4     1s         0.3789   -0.1666   -0.3192    0.3770   -0.2063   -0.5732   -0.3920   -0.4293   -0.1790   -0.0517
   17 H4     2s         0.0239   -0.0193   -0.0237    0.0505   -0.0292   -0.1054   -0.0451   -0.0718    0.2761    0.0772
   18 H4     2px        0.0000   -0.0000    0.0000   -0.0000   -0.0000   -0.0000   -0.0000    0.0000   -0.0000   -0.0000
   19 H4     2py        0.0000   -0.0000    0.0000   -0.0000   -0.0000   -0.0000   -0.0000    0.0000   -0.0000   -0.0000
   20 H4     2pz        0.0005    0.0030   -0.0016   -0.0039    0.0008    0.0015   -0.0013    0.0009   -0.0000    0.0108
   21 H5     1s         0.3789    0.1666   -0.3188   -0.3773   -0.2064    0.5733   -0.3924    0.4289   -0.1790    0.0517
   22 H5     2s         0.0239    0.0193   -0.0237   -0.0505   -0.0293    0.1054   -0.0451    0.0718    0.2761   -0.0772
   23 H5     2px        0.0000    0.0000    0.0000   -0.0000   -0.0000    0.0000   -0.0000   -0.0000   -0.0000    0.0000
   24 H5     2py        0.0000    0.0000    0.0000   -0.0000   -0.0000    0.0000   -0.0000    0.0000   -0.0000    0.0000
   25 H5     2pz       -0.0005    0.0030    0.0016   -0.0039   -0.0008    0.0015    0.0013    0.0009    0.0000    0.0108
   26 H6     1s         0.3500    0.2904   -0.1415   -0.4372    0.4337   -0.5210    0.4783   -0.1347   -0.1647    0.1122
   27 H6     2s         0.0236    0.0159   -0.0246   -0.0536    0.0789   -0.0938    0.0618   -0.0112    0.2619   -0.2308
   28 H6     2px        0.0000   -0.0000   -0.0000    0.0000    0.0000    0.0000   -0.0000   -0.0000   -0.0000   -0.0000
   29 H6     2py        0.0000   -0.0000   -0.0000    0.0000    0.0000    0.0000   -0.0000   -0.0000   -0.0000   -0.0000
   30 H6     2pz       -0.0006    0.0019    0.0041    0.0025   -0.0012    0.0019    0.0008   -0.0006    0.0031    0.0064
   31 H7     1s         0.2577    0.4050    0.3808    0.2113   -0.5597    0.3935    0.1827   -0.4415   -0.1594    0.1980
   32 H7     2s         0.0153    0.0328    0.0454    0.0379   -0.0912    0.0716    0.0093   -0.0560    0.2068   -0.2678
   33 H7     2px        0.0000    0.0000   -0.0000   -0.0000    0.0000    0.0000    0.0000   -0.0000   -0.0000   -0.0000
   34 H7     2py        0.0000    0.0000   -0.0000   -0.0000    0.0000    0.0000    0.0000   -0.0000   -0.0000   -0.0000
   35 H7     2pz       -0.0013    0.0001    0.0033    0.0043   -0.0008    0.0005   -0.0020    0.0003   -0.0007    0.0094
   36 H8     1s         0.1858    0.3347    0.4010    0.3271    0.4351   -0.2531   -0.3700    0.4885   -0.0861    0.1100
   37 H8     2s         0.0129    0.0244    0.0315    0.0278    0.0539   -0.0333   -0.0391    0.0558    0.2444   -0.4271
   38 H8     2px       -0.0000   -0.0000   -0.0000   -0.0000   -0.0000    0.0000    0.0000    0.0000    0.0000    0.0000
   39 H8     2py       -0.0000   -0.0000   -0.0000   -0.0000   -0.0000    0.0000    0.0000    0.0000    0.0000    0.0000
   40 H8     2pz       -0.0022   -0.0033   -0.0029   -0.0016   -0.0030    0.0022    0.0012   -0.0023    0.0186   -0.0282
 
 
      Orbital               11        12        13        14        15        16        17        18        19        20
      Energy            0.3818    0.4372    0.5165    0.6187    0.6902    0.7397    0.7435    0.8067    0.8067    0.8308
      Occ. No.          0.0000    0.0000    0.0000    0.0000    0.0000    0.0000    0.0000    0.0000    0.0000    0.0000
 
    1 H1     1s        -0.0537    0.0556    0.1648    0.2205   -0.1344   -0.1907    0.1706    0.0000   -0.0000    0.0000
    2 H1     2s         0.5329    0.5786    0.5581    0.4560   -0.2242   -0.1993    0.1631    0.0000   -0.0000   -0.0000
    3 H1     2px       -0.0000    0.0000    0.0000    0.0000   -0.0000   -0.0000    0.0000   -0.1353    0.0600    0.2176
    4 H1     2py        0.0000    0.0000    0.0000    0.0000   -0.0000   -0.0000    0.0000    0.0600    0.1353   -0.1812
    5 H1     2pz       -0.0282   -0.0277   -0.0396   -0.0757    0.0523    0.3422   -0.3389   -0.0000    0.0000    0.0000
    6 H2     1s        -0.1156   -0.0308   -0.0610   -0.1949    0.1900    0.1817   -0.1572    0.0000   -0.0000   -0.0000
    7 H2     2s         0.1261   -0.1832   -0.5486   -0.7991    0.5570    0.4626   -0.3826   -0.0000    0.0000    0.0000
    8 H2     2px        0.0000    0.0000    0.0000    0.0000   -0.0000   -0.0000    0.0000   -0.2564    0.1136    0.3361
    9 H2     2py        0.0000    0.0000    0.0000    0.0000   -0.0000   -0.0000    0.0000    0.1136    0.2564   -0.2799
   10 H2     2pz        0.0190    0.0115   -0.0182   -0.0422    0.0595   -0.3470    0.3595    0.0000   -0.0000   -0.0000
   11 H3     1s         0.0652    0.1008   -0.0065    0.0373   -0.1893   -0.1563    0.1568   -0.0000    0.0000    0.0000
   12 H3     2s        -0.1104   -0.4613   -0.4013    0.2109   -0.6012   -0.4467    0.4111    0.0000   -0.0000   -0.0000
   13 H3     2px        0.0000    0.0000   -0.0000    0.0000   -0.0000   -0.0000    0.0000   -0.3478    0.1541    0.2969
   14 H3     2py        0.0000    0.0000    0.0000    0.0000   -0.0000   -0.0000    0.0000    0.1541    0.3478   -0.2473
   15 H3     2pz        0.0133    0.0037    0.0223    0.1337   -0.2422    0.2294   -0.2472   -0.0000    0.0000    0.0000
   16 H4     1s         0.1325    0.0579    0.0134    0.1377    0.0825    0.0635   -0.1418    0.0000   -0.0000   -0.0000
   17 H4     2s        -0.3472   -0.2474    0.4603    0.6802    0.2546    0.1773   -0.3493   -0.0000    0.0000   -0.0000
   18 H4     2px        0.0000    0.0000   -0.0000    0.0000   -0.0000   -0.0000    0.0000   -0.3960    0.1755    0.1180
   19 H4     2py        0.0000    0.0000   -0.0000    0.0000   -0.0000   -0.0000    0.0000    0.1755    0.3960   -0.0983
   20 H4     2pz        0.0041   -0.0082    0.0134   -0.0747    0.3822   -0.1225    0.0845   -0.0000    0.0000    0.0000
   21 H5     1s         0.1325   -0.0579    0.0134   -0.1377    0.0825    0.0636    0.1418    0.0000   -0.0000    0.0000
   22 H5     2s        -0.3472    0.2474    0.4603   -0.6802    0.2546    0.1774    0.3493   -0.0000    0.0000    0.0000
   23 H5     2px        0.0000   -0.0000   -0.0000    0.0000   -0.0000   -0.0000    0.0000   -0.3960    0.1755   -0.1180
   24 H5     2py        0.0000   -0.0000   -0.0000    0.0000   -0.0000   -0.0000    0.0000    0.1755    0.3960    0.0983
   25 H5     2pz       -0.0041   -0.0082   -0.0134   -0.0747   -0.3822    0.1226    0.0844    0.0000   -0.0000   -0.0000
   26 H6     1s         0.0652   -0.1008   -0.0065   -0.0373   -0.1893   -0.1564   -0.1568   -0.0000    0.0000   -0.0000
   27 H6     2s        -0.1104    0.4613   -0.4013   -0.2109   -0.6012   -0.4468   -0.4110    0.0000   -0.0000   -0.0000
   28 H6     2px       -0.0000   -0.0000   -0.0000   -0.0000   -0.0000   -0.0000    0.0000   -0.3478    0.1541   -0.2969
   29 H6     2py       -0.0000   -0.0000   -0.0000   -0.0000   -0.0000   -0.0000    0.0000    0.1541    0.3478    0.2473
   30 H6     2pz       -0.0133    0.0037   -0.0223    0.1337    0.2422   -0.2294   -0.2472   -0.0000    0.0000    0.0000
   31 H7     1s        -0.1156    0.0308   -0.0610    0.1949    0.1900    0.1817    0.1572   -0.0000    0.0000    0.0000
   32 H7     2s         0.1261    0.1832   -0.5486    0.7991    0.5570    0.4627    0.3825   -0.0000    0.0000    0.0000
   33 H7     2px        0.0000   -0.0000   -0.0000   -0.0000   -0.0000   -0.0000   -0.0000   -0.2564    0.1136   -0.3361
   34 H7     2py        0.0000   -0.0000   -0.0000   -0.0000   -0.0000   -0.0000   -0.0000    0.1136    0.2564    0.2799
   35 H7     2pz       -0.0190    0.0115    0.0182   -0.0422   -0.0595    0.3471    0.3595   -0.0000    0.0000   -0.0000
   36 H8     1s        -0.0537   -0.0556    0.1648   -0.2205   -0.1344   -0.1907   -0.1705    0.0000   -0.0000   -0.0000
   37 H8     2s         0.5329   -0.5786    0.5581   -0.4560   -0.2242   -0.1994   -0.1631    0.0000   -0.0000   -0.0000
   38 H8     2px        0.0000    0.0000    0.0000    0.0000   -0.0000   -0.0000   -0.0000   -0.1353    0.0600   -0.2176
   39 H8     2py        0.0000    0.0000    0.0000    0.0000   -0.0000   -0.0000   -0.0000    0.0600    0.1353    0.1812
   40 H8     2pz        0.0282   -0.0277    0.0396   -0.0757   -0.0523   -0.3423   -0.3389    0.0000   -0.0000    0.0000
 
 
      Orbital               21        22        23        24        25        26        27        28        29        30
      Energy            0.8308    0.8690    0.8690    0.9186    0.9186    0.9760    0.9760    1.0333    1.0333    1.0831
      Occ. No.          0.0000    0.0000    0.0000    0.0000    0.0000    0.0000    0.0000    0.0000    0.0000    0.0000
 
    1 H1     1s        -0.0000   -0.0000   -0.0000   -0.0000    0.0000   -0.0000   -0.0000   -0.0000   -0.0000   -0.0000
    2 H1     2s         0.0000    0.0000   -0.0000    0.0000   -0.0000    0.0000    0.0000   -0.0000    0.0000   -0.0000
    3 H1     2px       -0.1812   -0.3532   -0.1683    0.2090   -0.4053   -0.2631   -0.3902   -0.2571    0.3432    0.2436
    4 H1     2py       -0.2176    0.1683   -0.3532   -0.4053   -0.2090   -0.3902    0.2631   -0.3432   -0.2571    0.2180
    5 H1     2pz       -0.0000    0.0000    0.0000   -0.0000    0.0000   -0.0000   -0.0000   -0.0000    0.0000   -0.0000
    6 H2     1s         0.0000   -0.0000   -0.0000    0.0000   -0.0000    0.0000    0.0000    0.0000   -0.0000    0.0000
    7 H2     2s        -0.0000    0.0000    0.0000    0.0000    0.0000    0.0000    0.0000    0.0000   -0.0000    0.0000
    8 H2     2px       -0.2799   -0.3572   -0.1702    0.0756   -0.1465    0.0894    0.1326    0.2540   -0.3392   -0.3695
    9 H2     2py       -0.3361    0.1702   -0.3572   -0.1465   -0.0756    0.1326   -0.0894    0.3392    0.2540   -0.3307
   10 H2     2pz        0.0000   -0.0000   -0.0000    0.0000   -0.0000    0.0000    0.0000    0.0000   -0.0000    0.0000
   11 H3     1s        -0.0000    0.0000    0.0000   -0.0000    0.0000   -0.0000   -0.0000   -0.0000    0.0000   -0.0000
   12 H3     2s         0.0000   -0.0000   -0.0000   -0.0000    0.0000   -0.0000   -0.0000   -0.0000    0.0000   -0.0000
   13 H3     2px       -0.2473   -0.0013   -0.0006   -0.1843    0.3574    0.2330    0.3456    0.0027   -0.0035    0.3232
   14 H3     2py       -0.2969    0.0006   -0.0013    0.3574    0.1843    0.3456   -0.2330    0.0035    0.0027    0.2893
   15 H3     2pz       -0.0000    0.0000    0.0000   -0.0000    0.0000    0.0000    0.0000   -0.0000    0.0000    0.0000
   16 H4     1s         0.0000   -0.0000   -0.0000    0.0000   -0.0000    0.0000    0.0000    0.0000   -0.0000    0.0000
   17 H4     2s         0.0000    0.0000    0.0000    0.0000   -0.0000    0.0000    0.0000    0.0000   -0.0000    0.0000
   18 H4     2px       -0.0983    0.3535    0.1685   -0.1380    0.2676   -0.1723   -0.2556   -0.2552    0.3408   -0.1279
   19 H4     2py       -0.1180   -0.1685    0.3535    0.2676    0.1380   -0.2556    0.1723   -0.3408   -0.2552   -0.1145
   20 H4     2pz       -0.0000    0.0000    0.0000   -0.0000    0.0000   -0.0000   -0.0000   -0.0000    0.0000   -0.0000
   21 H5     1s        -0.0000   -0.0000   -0.0000   -0.0000    0.0000    0.0000    0.0000   -0.0000    0.0000    0.0000
   22 H5     2s        -0.0000    0.0000    0.0000   -0.0000    0.0000   -0.0000   -0.0000   -0.0000    0.0000    0.0000
   23 H5     2px        0.0983    0.3535    0.1685    0.1380   -0.2676   -0.1723   -0.2556    0.2552   -0.3408   -0.1279
   24 H5     2py        0.1180   -0.1685    0.3535   -0.2676   -0.1380   -0.2556    0.1723    0.3408    0.2552   -0.1145
   25 H5     2pz        0.0000   -0.0000   -0.0000    0.0000   -0.0000    0.0000    0.0000    0.0000   -0.0000    0.0000
   26 H6     1s         0.0000    0.0000    0.0000    0.0000   -0.0000   -0.0000   -0.0000    0.0000   -0.0000   -0.0000
   27 H6     2s         0.0000   -0.0000   -0.0000    0.0000   -0.0000   -0.0000   -0.0000    0.0000   -0.0000   -0.0000
   28 H6     2px        0.2473   -0.0013   -0.0006    0.1843   -0.3574    0.2330    0.3456   -0.0027    0.0035    0.3232
   29 H6     2py        0.2969    0.0006   -0.0013   -0.3574   -0.1843    0.3456   -0.2330   -0.0035   -0.0027    0.2893
   30 H6     2pz       -0.0000    0.0000    0.0000   -0.0000    0.0000   -0.0000   -0.0000   -0.0000    0.0000   -0.0000
   31 H7     1s        -0.0000   -0.0000   -0.0000   -0.0000    0.0000    0.0000    0.0000    0.0000   -0.0000    0.0000
   32 H7     2s        -0.0000    0.0000    0.0000   -0.0000    0.0000    0.0000    0.0000   -0.0000    0.0000    0.0000
   33 H7     2px        0.2799   -0.3572   -0.1702   -0.0756    0.1465    0.0894    0.1326   -0.2540    0.3392   -0.3695
   34 H7     2py        0.3361    0.1702   -0.3572    0.1465    0.0756    0.1326   -0.0894   -0.3392   -0.2540   -0.3307
   35 H7     2pz        0.0000    0.0000    0.0000    0.0000   -0.0000   -0.0000   -0.0000   -0.0000    0.0000   -0.0000
   36 H8     1s         0.0000   -0.0000   -0.0000   -0.0000    0.0000   -0.0000   -0.0000   -0.0000    0.0000   -0.0000
   37 H8     2s         0.0000   -0.0000   -0.0000    0.0000   -0.0000   -0.0000   -0.0000   -0.0000    0.0000   -0.0000
   38 H8     2px        0.1812   -0.3532   -0.1683   -0.2090    0.4053   -0.2631   -0.3902    0.2571   -0.3432    0.2436
   39 H8     2py        0.2176    0.1683   -0.3532    0.4053    0.2090   -0.3902    0.2631    0.3432    0.2571    0.2180
   40 H8     2pz       -0.0000   -0.0000   -0.0000   -0.0000    0.0000    0.0000    0.0000    0.0000   -0.0000    0.0000
 
 
      Orbital               31        32        33        34        35        36        37        38        39        40
      Energy            1.0831    1.1173    1.1173    1.1487    1.1668    1.1970    1.2551    1.3681    1.4833    1.5708
      Occ. No.          0.0000    0.0000    0.0000    0.0000    0.0000    0.0000    0.0000    0.0000    0.0000    0.0000
 
    1 H1     1s         0.0000   -0.0000   -0.0000    0.2001   -0.1302   -0.2031   -0.1850   -0.1620   -0.1282    0.0731
    2 H1     2s         0.0000   -0.0000    0.0000    0.3538   -0.2547   -0.3409   -0.3082   -0.2165   -0.1353    0.0653
    3 H1     2px       -0.2180    0.0171   -0.1762   -0.0000    0.0000    0.0000   -0.0000   -0.0000   -0.0000    0.0000
    4 H1     2py        0.2436   -0.1762   -0.0171   -0.0000    0.0000    0.0000    0.0000   -0.0000   -0.0000    0.0000
    5 H1     2pz        0.0000   -0.0000    0.0000    0.2825   -0.3653   -0.2760   -0.5079   -0.4685   -0.3596    0.1960
    6 H2     1s        -0.0000   -0.0000   -0.0000   -0.5246    0.2428    0.5505    0.2988    0.1348    0.0125    0.0273
    7 H2     2s        -0.0000    0.0000   -0.0000   -0.9147    0.3593    0.9187    0.3973    0.1648    0.0486   -0.0095
    8 H2     2px        0.3307   -0.0319    0.3280   -0.0000   -0.0000    0.0000    0.0000    0.0000   -0.0000    0.0000
    9 H2     2py       -0.3695    0.3280    0.0319   -0.0000   -0.0000   -0.0000   -0.0000    0.0000   -0.0000    0.0000
   10 H2     2pz       -0.0000   -0.0000   -0.0000   -0.2998    0.0055    0.2537   -0.2305   -0.5263   -0.6027    0.3989
   11 H3     1s         0.0000   -0.0000    0.0000    0.6221    0.0779   -0.7770    0.0358    0.1101    0.0344    0.0367
   12 H3     2s         0.0000    0.0000    0.0000    1.0699    0.1699   -1.3180   -0.0002    0.0481   -0.0013    0.0280
   13 H3     2px       -0.2893    0.0428   -0.4404    0.0000    0.0000   -0.0000    0.0000   -0.0000   -0.0000    0.0000
   14 H3     2py        0.3232   -0.4404   -0.0428    0.0000    0.0000    0.0000    0.0000    0.0000   -0.0000    0.0000
   15 H3     2pz       -0.0000    0.0000    0.0000   -0.0591    0.5289   -0.0074    0.4884   -0.0030   -0.5230    0.5368
   16 H4     1s        -0.0000   -0.0000   -0.0000   -0.2824   -0.5334    0.8195   -0.1298    0.1046    0.1044    0.0057
   17 H4     2s        -0.0000   -0.0000   -0.0000   -0.4806   -0.8784    1.4314   -0.1295    0.1008    0.0633   -0.0045
   18 H4     2px        0.1145   -0.0486    0.5000   -0.0000   -0.0000    0.0000    0.0000    0.0000   -0.0000    0.0000
   19 H4     2py       -0.1279    0.5000    0.0486   -0.0000   -0.0000    0.0000    0.0000    0.0000   -0.0000    0.0000
   20 H4     2pz        0.0000   -0.0000    0.0000    0.4476   -0.3459   -0.0567    0.3304    0.4930   -0.2149    0.6173
   21 H5     1s        -0.0000    0.0000    0.0000   -0.2824    0.5334   -0.8195   -0.1298   -0.1046    0.1044   -0.0057
   22 H5     2s         0.0000    0.0000    0.0000   -0.4806    0.8783   -1.4314   -0.1295   -0.1008    0.0633    0.0045
   23 H5     2px        0.1145    0.0486   -0.5000    0.0000    0.0000   -0.0000    0.0000   -0.0000   -0.0000   -0.0000
   24 H5     2py       -0.1279   -0.5000   -0.0486   -0.0000    0.0000   -0.0000    0.0000   -0.0000   -0.0000   -0.0000
   25 H5     2pz       -0.0000   -0.0000   -0.0000   -0.4476   -0.3459   -0.0567   -0.3304    0.4930    0.2149    0.6173
   26 H6     1s         0.0000    0.0000    0.0000    0.6221   -0.0779    0.7770    0.0358   -0.1101    0.0344   -0.0367
   27 H6     2s         0.0000   -0.0000    0.0000    1.0699   -0.1699    1.3180   -0.0002   -0.0481   -0.0013   -0.0280
   28 H6     2px       -0.2893   -0.0428    0.4404    0.0000   -0.0000    0.0000    0.0000    0.0000    0.0000   -0.0000
   29 H6     2py        0.3232    0.4404    0.0428    0.0000   -0.0000    0.0000    0.0000    0.0000    0.0000   -0.0000
   30 H6     2pz        0.0000    0.0000    0.0000    0.0591    0.5289   -0.0074   -0.4884   -0.0030    0.5230    0.5368
   31 H7     1s        -0.0000   -0.0000   -0.0000   -0.5246   -0.2428   -0.5505    0.2988   -0.1348    0.0125   -0.0273
   32 H7     2s        -0.0000   -0.0000   -0.0000   -0.9147   -0.3593   -0.9187    0.3973   -0.1648    0.0486    0.0095
   33 H7     2px        0.3307    0.0319   -0.3280    0.0000    0.0000   -0.0000   -0.0000    0.0000   -0.0000    0.0000
   34 H7     2py       -0.3695   -0.3280   -0.0319   -0.0000    0.0000   -0.0000    0.0000    0.0000   -0.0000    0.0000
   35 H7     2pz        0.0000    0.0000    0.0000    0.2998    0.0055    0.2537    0.2305   -0.5263    0.6027    0.3989
   36 H8     1s         0.0000    0.0000    0.0000    0.2001    0.1302    0.2031   -0.1850    0.1620   -0.1282   -0.0731
   37 H8     2s         0.0000    0.0000    0.0000    0.3538    0.2547    0.3409   -0.3082    0.2165   -0.1353   -0.0653
   38 H8     2px       -0.2180   -0.0171    0.1762   -0.0000   -0.0000   -0.0000   -0.0000   -0.0000   -0.0000   -0.0000
   39 H8     2py        0.2436    0.1762    0.0171    0.0000   -0.0000   -0.0000   -0.0000   -0.0000   -0.0000   -0.0000
   40 H8     2pz       -0.0000   -0.0000   -0.0000   -0.2825   -0.3653   -0.2760    0.5079   -0.4685    0.3596    0.1960
--
 
      Von Neumann Entropy (Root  1) =  3.50785
 

      Mulliken population analysis for root number:  1
      -----------------------------------------------
 
 
++    Molecular charges:
      ------------------
 
      Mulliken charges per centre and basis function type
      ---------------------------------------------------
 
                H1      H2      H3      H4      H5      H6      H7      H8    
      1s       0.9871  1.0019  1.0016  1.0010  1.0010  1.0016  1.0019  0.9871
      2s       0.0076  0.0014 -0.0033 -0.0024 -0.0024 -0.0033  0.0014  0.0076
      2px      0.0000  0.0000  0.0000  0.0000  0.0000  0.0000  0.0000  0.0000
      2pz      0.0005  0.0017  0.0015  0.0014  0.0014  0.0015  0.0017  0.0005
      2py      0.0000  0.0000  0.0000  0.0000  0.0000  0.0000  0.0000  0.0000
      Total    0.9952  1.0050  0.9998  1.0000  1.0000  0.9998  1.0050  0.9952
 
      N-E      0.0048 -0.0050  0.0002 -0.0000 -0.0000  0.0002 -0.0050  0.0048
 
      Total electronic charge=    8.000000
 
      Total            charge=   -0.000000
--
 
 

      Expectation values of various properties for root number:  1
      -----------------------------------------------------------
 
 
++    Molecular properties:
      ---------------------
 
      Charge (e):
                      =   -0.0000
      Dipole Moment (Debye):
      Origin of the operator (Ang)=    0.0000    0.0000    0.0000
                   X= -4.4060E-08               Y= -9.3988E-09               Z=  3.2949E-05           Total=  3.2949E-05
      Quadrupole Moment (Debye*Ang):
      Origin of the operator (Ang)=    0.0000    0.0000    7.8697
                  XX= -1.2291E+01              XY= -2.6813E-16              XZ=  1.1056E-07              YY= -1.2291E+01
                  YZ= -1.3932E-08              ZZ= -1.0583E+01
      In traceless form (Debye*Ang)
                  XX= -8.5376E-01              XY= -4.0219E-16              XZ=  1.6584E-07              YY= -8.5376E-01
                  YZ= -2.0898E-08              ZZ=  1.7075E+00
--
 

      LoProp population analysis for root number:  1
      -----------------------------------------------
 
 
++    LoProp analysis:
      ----------------
 
 
 
  Input file to MOLDEN was generated!
 
 
++    Static properties:
      ------------------
 
 
      LoProp Charges per center
 

                   H1       H2       H3       H4       H5       H6       H7       H8    
      Nuclear      1.0000   1.0000   1.0000   1.0000   1.0000   1.0000   1.0000   1.0000
      Electronic  -1.0001  -1.0000  -0.9999  -1.0000  -1.0000  -0.9999  -1.0000  -1.0001
 
      Total       -0.0001   0.0000   0.0001  -0.0000  -0.0000   0.0001   0.0000  -0.0001
--
 
 
      Natural Bond Order analysis for root number:  1
 
++    Natural Bond Order analysis
      ---------------------------
      Based on LoProp computed density
      -------------------------------------------------------------------------------------
      Atom A       Atom B       Bond Order
      -------------------------------------------------------------------------------------
      The remaining    8.000 electrons are to be considered as diffuse
--
 
--
 
 
  Input file to MOLDEN was generated!
 
      Average orbitals are written to the RASORB file
      Natural orbitals for root   1 are written to the RASORB.1 file
      Spin density orbitals for root   1 are written to the SPDORB.1 file
 
forrtl: warning (525): IEEE_DIVIDE_BY_ZERO is signaling
forrtl: warning (526): IEEE_INVALID is signaling
forrtl: warning (528): IEEE_UNDERFLOW is signaling
--- Stop Module: rasscf at Sun Oct 26 13:35:06 2025 /rc=_RC_ALL_IS_WELL_ ---
*** files: H8_2.25.LprOrb H8_2.25.rasscf.molden H8_2.25.LoProp.molden H8_2.25.RasOrb.1 H8_2.25.RasOrb H8_2.25.rasscf.h5 H8_2.25.SpdOrb.1 xmldump
    saved to directory /home/grierjones/DDCASPT2/hydrogen_comps/rerun/H8_chain/H8_2.25
--- Module rasscf spent 3 seconds ---

>>> COPY /tmp/H8_2.25/H8_2.25.rasscf.h5 /home/grierjones/DDCASPT2/hydrogen_comps/rerun/H8_chain/H8_2.25/

>>> COPY /tmp/H8_2.25/GMJ_Fock_MO.csv /home/grierjones/DDCASPT2/hydrogen_comps/rerun/H8_chain/H8_2.25/H8_2.25.GMJ_Fock_MO.csv

*** symbolic link created: INPORB -> H8_2.25.RasOrb
--- Start Module: motra at Sun Oct 26 13:35:06 2025 ---
 
()()()()()()()()()()()()()()()()()()()()()()()()()()()()()()()()()()()()()()()()()()()()()()()()()()

                                               &MOTRA

                                   only a single process is used
                       available to each process: 2.0 GB of memory, 1 thread?
()()()()()()()()()()()()()()()()()()()()()()()()()()()()()()()()()()()()()()()()()()()()()()()()()()
 
 
      *** WARNING: Default frozen orbitals is overwritten by user input.
      *** Default values:   0
 
      Header of the integral files:
      
       Integrals generated by seward 4.2.0  , Sun Oct 26 13:35:02 2025
 
 
      Header of MO coefficients source file:
      * RASSCF average (pseudo-natural) orbitals                                      
 
 
      Cartesian coordinates in Angstrom:
      -----------------------------------------------------
      No.  Label        X            Y            Z        
      -----------------------------------------------------
       1   H1         0.00000000   0.00000000   0.00000000
       2   H2         0.00000000   0.00000000   2.24848500
       3   H3         0.00000000   0.00000000   4.49697000
       4   H4         0.00000000   0.00000000   6.74545500
       5   H5         0.00000000   0.00000000   8.99393900
       6   H6         0.00000000   0.00000000  11.24242400
       7   H7         0.00000000   0.00000000  13.49090900
       8   H8         0.00000000   0.00000000  15.73939400
      -----------------------------------------------------
      Nuclear repulsion energy =    3.23435884
 
      Orbital specifications:
      -----------------------
 
      Symmetry species:              1
      Number of basis functions:    40
      Frozen orbitals:               0
      Deleted orbitals:              0
      Number of orbitals used:      40

       SYMMETRY  BASIS FUNCTIONS       ORBITALS      INTEGRALS   CPU(SEC)  I/O(SEC)
        1 1 1 1   40  40  40  40    40  40  40  40      336610       0.00      0.00

       TOTAL CPU TIME(SEC)    0.17TOTAL I/O TIME(SEC)    0.48
 
--- Stop Module: motra at Sun Oct 26 13:35:07 2025 /rc=_RC_ALL_IS_WELL_ ---
*** files: xmldump
    saved to directory /home/grierjones/DDCASPT2/hydrogen_comps/rerun/H8_chain/H8_2.25

>>> COPY /tmp/H8_2.25/GMJ_one_int_indx.csv /home/grierjones/DDCASPT2/hydrogen_comps/rerun/H8_chain/H8_2.25/H8_2.25.GMJ_one_int_indx.csv

>>> COPY /tmp/H8_2.25/GMJ_one_int.csv /home/grierjones/DDCASPT2/hydrogen_comps/rerun/H8_chain/H8_2.25/H8_2.25.GMJ_one_int.csv

>>> COPY /tmp/H8_2.25/GMJ_two_int_indx.csv /home/grierjones/DDCASPT2/hydrogen_comps/rerun/H8_chain/H8_2.25/H8_2.25.GMJ_two_int_indx.csv

>>> COPY /tmp/H8_2.25/GMJ_two_int.csv /home/grierjones/DDCASPT2/hydrogen_comps/rerun/H8_chain/H8_2.25/H8_2.25.GMJ_two_int.csv

*** symbolic link created: INPORB -> H8_2.25.RasOrb
--- Start Module: caspt2 at Sun Oct 26 13:35:07 2025 ---
 
()()()()()()()()()()()()()()()()()()()()()()()()()()()()()()()()()()()()()()()()()()()()()()()()()()

                                              &CASPT2

                                   only a single process is used
                       available to each process: 2.0 GB of memory, 1 thread?
()()()()()()()()()()()()()()()()()()()()()()()()()()()()()()()()()()()()()()()()()()()()()()()()()()
 
 Cholesky algorithm in CASPT2 =    1
 
 ###############################################################################
 ###############################################################################
 ###                                                                         ###
 ###                                                                         ###
 ###    User changed nr of frozen orbitals.                                  ###
 ###                                                                         ###
 ###                                                                         ###
 ###############################################################################
 ###############################################################################
 
++    Wave function specifications:
      -----------------------------
 
      Number of closed shell electrons           0
      Number of electrons in active shells       8
      Max number of holes in RAS1 space          0
      Max number of electrons in RAS3 space      0
      Number of inactive orbitals                0
      Number of active orbitals                  8
      Number of secondary orbitals              32
      Spin quantum number                      0.0
      State symmetry                             1
      Number of CSFs                          1764
      Number of root(s) available                1
      Root passed to geometry opt.               1
      A file JOBMIX will be created.
      This is a CASSCF or RASSCF reference function
--
 
++    Orbital specifications:
      -----------------------
 
      Symmetry species                           1
                                                 a
      Frozen orbitals                            0
      Inactive orbitals                          0
      Active orbitals                            8
      Secondary orbitals                        32
      Deleted orbitals                           0
      Number of basis functions                 40
--
 
      Type of Fock operator: STANDARD
      Type of 0-order Hamiltonian: STANDARD WITH DEFAULT IPEA
        "IP-EA" denominator shift =      0.25
      The input orbitals and the CI vector will be transformed.
 
--------------------------------------------------------------------------------
 Estimated memory requirements:
  POLY3 :                   450746
  RHS:                      417296
  SIGMA :                   326032
  PRPCTL:                        0
 Available workspace:    230388092
 
++ CASPT2 computation for group   1
 
********************************************************************************
 Multi-State initialization phase begins for group   1
--------------------------------------------------------------------------------
********************************************************************************
 Compute H0 matrices for state    1
--------------------------------------------------------------------------------
--------------------------------------------------------------------------------
 H0 matrices have been computed.
 
********************************************************************************
  CASPT2 EQUATION SOLUTION
--------------------------------------------------------------------------------
 
  Total nr of CASPT2 parameters:
   Before reduction:       49280
   After  reduction:       48960
 
 The contributions to the second order correlation energy in atomic units.
-----------------------------------------------------------------------------------------------------------------------------
  IT.      VJTU        VJTI        ATVX        AIVX        VJAI        BVAT        BJAT        BJAI        TOTAL       RNORM  
-----------------------------------------------------------------------------------------------------------------------------
   1     0.000000    0.000000   -0.002001    0.000000    0.000000   -0.004859    0.000000    0.000000   -0.006860    0.000955
   2     0.000000    0.000000   -0.002021    0.000000    0.000000   -0.004866    0.000000    0.000000   -0.006887    0.000150
   3     0.000000    0.000000   -0.002023    0.000000    0.000000   -0.004866    0.000000    0.000000   -0.006890    0.000036
   4     0.000000    0.000000   -0.002022    0.000000    0.000000   -0.004866    0.000000    0.000000   -0.006889    0.000005
-------------------------------------------------------------------------------------------------------------------
 
  FINAL CASPT2 RESULT:
 
  Correlation energy /Case, /Symm, and sums:
 VJTU      0.00000000  0.00000000
 VJTIP     0.00000000  0.00000000
 VJTIM     0.00000000  0.00000000
 ATVX     -0.00202238 -0.00202238
 AIVX      0.00000000  0.00000000
 VJAIP     0.00000000  0.00000000
 VJAIM     0.00000000  0.00000000
 BVATP    -0.00452908 -0.00452908
 BVATM    -0.00033729 -0.00033729
 BJATP     0.00000000  0.00000000
 BJATM     0.00000000  0.00000000
 BJAIP     0.00000000  0.00000000
 BJAIM     0.00000000  0.00000000
 Summed:  -0.00688875 -0.00688875
 
      Reference energy:          -4.0221504115
      E2 (Non-variational):      -0.0068887485
      E2 (Variational):          -0.0068887635
      Total energy:              -4.0290391750
      Residual norm:              0.0000009184
      Reference weight:           0.99564
 
      Contributions to the CASPT2 correlation energy
      Active & Virtual Only:         -0.0068887485
      One Inactive Excited:           0.0000000000
      Two Inactive Excited:           0.0000000000
 
 
++ Denominators, etc.
----------------------------------------------------------------------------------------------------
 Report on small energy denominators, large coefficients, and large energy contributions.
CASE  SYMM ACTIVE-MIX  NON-ACTIVE INDICES          DENOMINATOR     RHS VALUE       COEFFICIENT     CONTRIBUTION
--
 
   (Skipping property calculation,
    use PROP keyword to activate)
--
 
  Total CASPT2 energies:
::    CASPT2 Root  1     Total energy:     -4.02903917
 
  A NEW JOBIPH FILE NAMED 'JOBMIX' IS PREPARED.
********************************************************************************
forrtl: warning (528): IEEE_UNDERFLOW is signaling
--- Stop Module: caspt2 at Sun Oct 26 13:35:08 2025 /rc=_RC_ALL_IS_WELL_ ---
*** files: xmldump
    saved to directory /home/grierjones/DDCASPT2/hydrogen_comps/rerun/H8_chain/H8_2.25

>>> EXPORT i = B

>>> EXPORT j = P

>>> IF (-FILE GMJ_e2_${i}_${j}_1_.csv)
(Skipped)

>>> END FOREACH

>>> EXPORT j = M

>>> IF (-FILE GMJ_e2_${i}_${j}_1_.csv)
(Skipped)

>>> END FOREACH

>>> END FOREACH

>>> EXPORT i = E

>>> EXPORT j = P

>>> IF (-FILE GMJ_e2_${i}_${j}_1_.csv)
(Skipped)

>>> END FOREACH

>>> EXPORT j = M

>>> IF (-FILE GMJ_e2_${i}_${j}_1_.csv)
(Skipped)

>>> END FOREACH

>>> END FOREACH

>>> EXPORT i = F

>>> EXPORT j = P

>>> IF (-FILE GMJ_e2_${i}_${j}_1_.csv)

>>> COPY /tmp/H8_2.25/GMJ_RHS_F_P_1_.csv /home/grierjones/DDCASPT2/hydrogen_comps/rerun/H8_chain/H8_2.25/GMJ_RHS_F_P_1_.csv

>>> COPY /tmp/H8_2.25/GMJ_IVECW_F_P_1_.csv /home/grierjones/DDCASPT2/hydrogen_comps/rerun/H8_chain/H8_2.25/GMJ_IVECW_F_P_1_.csv

>>> COPY /tmp/H8_2.25/GMJ_IVECX_F_P_1_.csv /home/grierjones/DDCASPT2/hydrogen_comps/rerun/H8_chain/H8_2.25/GMJ_IVECX_F_P_1_.csv

>>> COPY /tmp/H8_2.25/GMJ_IVECC2_F_P_1_.csv /home/grierjones/DDCASPT2/hydrogen_comps/rerun/H8_chain/H8_2.25/GMJ_IVECC2_F_P_1_.csv

>>> COPY /tmp/H8_2.25/GMJ_e2_F_P_1_.csv /home/grierjones/DDCASPT2/hydrogen_comps/rerun/H8_chain/H8_2.25/GMJ_e2_F_P_1_.csv

>>> END FOREACH

>>> EXPORT j = M

>>> IF (-FILE GMJ_e2_${i}_${j}_1_.csv)

>>> COPY /tmp/H8_2.25/GMJ_RHS_F_M_1_.csv /home/grierjones/DDCASPT2/hydrogen_comps/rerun/H8_chain/H8_2.25/GMJ_RHS_F_M_1_.csv

>>> COPY /tmp/H8_2.25/GMJ_IVECW_F_M_1_.csv /home/grierjones/DDCASPT2/hydrogen_comps/rerun/H8_chain/H8_2.25/GMJ_IVECW_F_M_1_.csv

>>> COPY /tmp/H8_2.25/GMJ_IVECX_F_M_1_.csv /home/grierjones/DDCASPT2/hydrogen_comps/rerun/H8_chain/H8_2.25/GMJ_IVECX_F_M_1_.csv

>>> COPY /tmp/H8_2.25/GMJ_IVECC2_F_M_1_.csv /home/grierjones/DDCASPT2/hydrogen_comps/rerun/H8_chain/H8_2.25/GMJ_IVECC2_F_M_1_.csv

>>> COPY /tmp/H8_2.25/GMJ_e2_F_M_1_.csv /home/grierjones/DDCASPT2/hydrogen_comps/rerun/H8_chain/H8_2.25/GMJ_e2_F_M_1_.csv

>>> END FOREACH

>>> END FOREACH

>>> EXPORT i = G

>>> EXPORT j = P

>>> IF (-FILE GMJ_e2_${i}_${j}_1_.csv)
(Skipped)

>>> END FOREACH

>>> EXPORT j = M

>>> IF (-FILE GMJ_e2_${i}_${j}_1_.csv)
(Skipped)

>>> END FOREACH

>>> END FOREACH

>>> EXPORT i = H

>>> EXPORT j = P

>>> IF (-FILE GMJ_e2_${i}_${j}_1_.csv)
(Skipped)

>>> END FOREACH

>>> EXPORT j = M

>>> IF (-FILE GMJ_e2_${i}_${j}_1_.csv)
(Skipped)

>>> END FOREACH

>>> END FOREACH

>>> EXPORT i = A

>>> IF (-FILE GMJ_e2_${i}_1_.csv)
(Skipped)

>>> END FOREACH

>>> EXPORT i = C

>>> IF (-FILE GMJ_e2_${i}_1_.csv)

>>> COPY /tmp/H8_2.25/GMJ_RHS_C_1_.csv /home/grierjones/DDCASPT2/hydrogen_comps/rerun/H8_chain/H8_2.25/GMJ_RHS_C_1_.csv

>>> COPY /tmp/H8_2.25/GMJ_IVECW_C_1_.csv /home/grierjones/DDCASPT2/hydrogen_comps/rerun/H8_chain/H8_2.25/GMJ_IVECW_C_1_.csv

>>> COPY /tmp/H8_2.25/GMJ_IVECX_C_1_.csv /home/grierjones/DDCASPT2/hydrogen_comps/rerun/H8_chain/H8_2.25/GMJ_IVECX_C_1_.csv

>>> COPY /tmp/H8_2.25/GMJ_IVECC2_C_1_.csv /home/grierjones/DDCASPT2/hydrogen_comps/rerun/H8_chain/H8_2.25/GMJ_IVECC2_C_1_.csv

>>> COPY /tmp/H8_2.25/GMJ_e2_C_1_.csv /home/grierjones/DDCASPT2/hydrogen_comps/rerun/H8_chain/H8_2.25/GMJ_e2_C_1_.csv

>>> END FOREACH

>>> EXPORT i = D

>>> IF (-FILE GMJ_e2_${i}_1_.csv)
(Skipped)

>>> END FOREACH

.########################.
.# Non-zero return code #.
.########################.

    Timing: Wall=6.21 User=5.11 System=1.10
***************************************
*** WorkDir at /tmp/H8_2.25 cleaned ***
***************************************
