   This run of MOLCAS is using the pymolcas driver

                             OPE
                             OPE          NMOL  CASOP  ENMOLC A   SO
                 OPE        NMOLC        AS  OP EN  MO LC     AS  OP
                OPENM       OL CA        SO  PE NM  OL CA     SOP EN
                OP EN      MO   LC       AS  OP ENMOL  CASO   PENMOL
                OP  EN     MO   LC       AS  OP EN     MO     LC ASO
               OP   E  NMOL  C  AS       OP  EN MO     LC     AS  OP
               OP  E   NMO   LC AS        OPEN  MO     LCASOP EN   M
               O  PEN   MO  LCA  SO
            OPE   NMO   L   CAS    OP
        OPENMOL  CASOP     ENMOL   CASOPE
     OPENMOLCA   SOPENMOLCASOPEN   MOLCASOPE
    OPENMOLCAS   OP           EN   MOL    CAS
    OPENMOLCAS       OP  ENM        O     LCA
    OPENMOLCAS    OPEN  MOLCASO     P  E  NMO
    OPENMOLCAS     OP               E  N  MOL
    OPENMOLCA   SO           PENM   O  L  CAS    OPEN    MO    LCAS
    OPENMOLCA   SOP           ENM   O  L  CAS   OP  EN  MOLC  AS   O
    OPENMOLCA   SOPE           NM      O  LCA   S      OP  EN MO
    OPENMOLC                AS         O  PEN   M      OL  CA  SOPE
    OPENMO        LCASOPE  NMOL        C  ASO   P      ENMOLC     AS
    OPE     NMO      LCA  SO     P     E   NM   OL  CA SO  PE N   MO
          OPENMOLCA            SOPE   NMO        LCAS  O    P  ENMO
     OPENMOLCASOPENMOLCASOPENMOLCASOPENMOLCA
        OPENMOLCASOPENMOLCASOPENMOLCASOPE
            OPENMOLCASOPENMOLCASOPENM
               OPENMOLCASOPENMOLCA        version: f37762c57
                   OPENMOLCASO
                       OPE                tag:

 OpenMolcas is free software; you can redistribute it and/or modify it
 under the terms of the GNU Lesser General Public License version 2.1.
 OpenMolcas is distributed in the hope that it will be useful, but it
 is provided "as is" and without any express or implied warranties.
 For more details see the full text of the license in the file
 LICENSE or in <http://www.gnu.org/licenses/>.

                 Copyright (C) The OpenMolcas Authors
           For the author list and the recommended citation,
                   consult the file CONTRIBUTORS.md

           *************************************************
           * pymolcas version py2.28                       *
           *   build c4a6d18ded8cb6cad61d2372a9abd97c      *
           *   (after the EMIL interpreter by V. Veryazov) *
           *************************************************

configuration info
------------------
C Compiler ID: Intel
C flags: -std=gnu99 -gcc-sys
Fortran Compiler ID: IntelLLVM
Fortran flags: -standard-semantics -fltconsistency -fpp -i8 -heap-arrays
Definitions: _MOLCAS_;_I8_;_LINUX_
Parallel: OFF (GA=OFF)


   --------------------------------------------------------------------------------------
  |
  |              Project: H8_1.45
  |       Submitted from: ${LOCALHOME}/DDCASPT2/hydrogen_comps/rerun/H8_chain/H8_1.45
  |         Scratch area: /tmp/H8_1.45
  |      Save outputs to: ${LOCALHOME}/DDCASPT2/hydrogen_comps/rerun/H8_chain/H8_1.45
  |               Molcas: ${LOCALHOME}/Test/build
  |
  | Scratch area is empty
  |
  |       MOLCAS_DRIVER = /usr/local/pymolcas
  | MOLCAS_KEEP_WORKDIR = NO
  |  MOLCAS_NEW_WORKDIR = YES
  |       MOLCAS_NPROCS = 1
  |        MOLCAS_PRINT = NORMAL
  |       MOLCAS_SOURCE = ${LOCALHOME}/Test
  |    MOLCAS_STRUCTURE = 0
  |
   --------------------------------------------------------------------------------------

++ ---------   Input file   ---------

&GATEWAY
coord=H8_1.45.xyz
Basis = ANO-RCC-VDZP
Group = nosymm
End of Input

&SEWARD
End of Input

&SCF

>>> COPY $WorkDir/H8_1.45.scf.h5 $CurrDir/

&RASSCF
Title= RASSCF
FileOrb
${LOCALHOME}/DDCASPT2/hydrogen_comps/rerun/H8_chain/H8_0.60/H8_0.60.RasOrb
NACTEL
8 0 0
Inactive
0
RAS2
8
Symmetry
1
Spin
1
orblisting
all

>>> COPY $WorkDir/H8_1.45.rasscf.h5 $CurrDir/

>>> COPY $WorkDir/DDCASPT2_Fock_MO.csv $CurrDir/H8_1.45.DDCASPT2_Fock_MO.csv

&MOTRA
Frozen=0
LUMORB

>>> COPY $WorkDir/DDCASPT2_one_int_indx.csv $CurrDir/H8_1.45.DDCASPT2_one_int_indx.csv

>>> COPY $WorkDir/DDCASPT2_one_int.csv $CurrDir/H8_1.45.DDCASPT2_one_int.csv

>>> COPY $WorkDir/DDCASPT2_two_int_indx.csv $CurrDir/H8_1.45.DDCASPT2_two_int_indx.csv

>>> COPY $WorkDir/DDCASPT2_two_int.csv $CurrDir/H8_1.45.DDCASPT2_two_int.csv

&CASPT2
Frozen
0

MAXITER
50

>>> FOREACH i IN (B,E,F,G,H)

  >>> FOREACH j IN (P,M)

    >>> IF (-FILE DDCASPT2_e2_${i}_${j}_1_.csv)

      >>> COPY $WorkDir/DDCASPT2_RHS_${i}_${j}_1_.csv $CurrDir/DDCASPT2_RHS_${i}_${j}_1_.csv

      >>> COPY $WorkDir/DDCASPT2_IVECW_${i}_${j}_1_.csv $CurrDir/DDCASPT2_IVECW_${i}_${j}_1_.csv

      >>> COPY $WorkDir/DDCASPT2_IVECX_${i}_${j}_1_.csv $CurrDir/DDCASPT2_IVECX_${i}_${j}_1_.csv

      >>> COPY $WorkDir/DDCASPT2_IVECC2_${i}_${j}_1_.csv $CurrDir/DDCASPT2_IVECC2_${i}_${j}_1_.csv

      >>> COPY $WorkDir/DDCASPT2_e2_${i}_${j}_1_.csv $CurrDir/DDCASPT2_e2_${i}_${j}_1_.csv

    >>> END IF

  >>> END FOREACH

>>> END FOREACH

>>> FOREACH i IN (A,C,D)

  >>> IF (-FILE DDCASPT2_e2_${i}_1_.csv)

    >>> COPY $WorkDir/DDCASPT2_RHS_${i}_1_.csv $CurrDir/DDCASPT2_RHS_${i}_1_.csv

    >>> COPY $WorkDir/DDCASPT2_IVECW_${i}_1_.csv $CurrDir/DDCASPT2_IVECW_${i}_1_.csv

    >>> COPY $WorkDir/DDCASPT2_IVECX_${i}_1_.csv $CurrDir/DDCASPT2_IVECX_${i}_1_.csv

    >>> COPY $WorkDir/DDCASPT2_IVECC2_${i}_1_.csv $CurrDir/DDCASPT2_IVECC2_${i}_1_.csv

    >>> COPY $WorkDir/DDCASPT2_e2_${i}_1_.csv $CurrDir/DDCASPT2_e2_${i}_1_.csv

  >>> END IF

>>> END FOREACH

-- ----------------------------------

--- Start Module: gateway at Sun Oct 26 13:19:08 2025 ---
 
()()()()()()()()()()()()()()()()()()()()()()()()()()()()()()()()()()()()()()()()()()()()()()()()()()

                                              &GATEWAY

                                   only a single process is used
                       available to each process: 2.0 GB of memory, 1 thread?
()()()()()()()()()()()()()()()()()()()()()()()()()()()()()()()()()()()()()()()()()()()()()()()()()()
 
 
++    Symmetry information:
      ---------------------
 
                    Character Table for C1 
 
                             E  
                    a        1  x, y, xy, Rz, z, xz, Ry, yz, Rx, I
--
 
 
++    Basis set information:
      ----------------------
 
 
      Basis set label: H.ANO-RCC...2S1P.
 
      Electronic valence basis set:
      ------------------
      Associated Effective Charge   1.000000 au
      Associated Actual Charge      1.000000 au
      Nuclear Model: Point charge
 
      Shell  nPrim  nBasis  Cartesian Spherical Contaminant
         s       8       2        X                  
         p       4       1        X                  
--
 
 
++    Molecular structure info:
      -------------------------
 
                    ************************************************ 
                    **** Cartesian Coordinates / Bohr, Angstrom **** 
                    ************************************************ 
 
     Center  Label                x              y              z                     x              y              z
        1      H1               0.000000       0.000000       0.000000              0.000000       0.000000       0.000000
        2      H2               0.000000       0.000000       2.737240              0.000000       0.000000       1.448485
        3      H3               0.000000       0.000000       5.474480              0.000000       0.000000       2.896970
        4      H4               0.000000       0.000000       8.211720              0.000000       0.000000       4.345455
        5      H5               0.000000       0.000000      10.948958              0.000000       0.000000       5.793939
        6      H6               0.000000       0.000000      13.686198              0.000000       0.000000       7.242424
        7      H7               0.000000       0.000000      16.423438              0.000000       0.000000       8.690909
        8      H8               0.000000       0.000000      19.160678              0.000000       0.000000      10.139394
 
                    *************************************** 
                    *    InterNuclear Distances / Bohr    * 
                    *************************************** 
 
               1 H1            2 H2            3 H3            4 H4            5 H5            6 H6    
    1 H1       0.000000
    2 H2       2.737240        0.000000
    3 H3       5.474480        2.737240        0.000000
    4 H4       8.211720        5.474480        2.737240        0.000000
    5 H5      10.948958        8.211718        5.474478        2.737238        0.000000
    6 H6      13.686198       10.948958        8.211718        5.474478        2.737240        0.000000
    7 H7      16.423438       13.686198       10.948958        8.211718        5.474480        2.737240
    8 H8      19.160678       16.423438       13.686198       10.948958        8.211720        5.474480
 
               7 H7            8 H8    
    7 H7       0.000000
    8 H8       2.737240        0.000000
 
                    ******************************************* 
                    *    InterNuclear Distances / Angstrom    * 
                    ******************************************* 
 
               1 H1            2 H2            3 H3            4 H4            5 H5            6 H6    
    1 H1       0.000000
    2 H2       1.448485        0.000000
    3 H3       2.896970        1.448485        0.000000
    4 H4       4.345455        2.896970        1.448485        0.000000
    5 H5       5.793939        4.345454        2.896969        1.448484        0.000000
    6 H6       7.242424        5.793939        4.345454        2.896969        1.448485        0.000000
    7 H7       8.690909        7.242424        5.793939        4.345454        2.896970        1.448485
    8 H8      10.139394        8.690909        7.242424        5.793939        4.345455        2.896970
 
               7 H7            8 H8    
    7 H7       0.000000
    8 H8       1.448485        0.000000
 
                    ************************************** 
                    *    Valence Bond Angles / Degree    * 
                    ************************************** 
                          Atom centers                 Phi
                      1 H1       2 H2       3 H3       180.00
                      2 H2       3 H3       4 H4       180.00
                      3 H3       4 H4       5 H5       180.00
                      4 H4       5 H5       6 H6       180.00
                      5 H5       6 H6       7 H7       180.00
                      6 H6       7 H7       8 H8       180.00
--
 
 
            Nuclear Potential Energy              5.02069931 au
 
--- Stop Module: gateway at Sun Oct 26 13:19:08 2025 /rc=_RC_ALL_IS_WELL_ ---
*** files: xmldump
    saved to directory ${LOCALHOME}/DDCASPT2/hydrogen_comps/rerun/H8_chain/H8_1.45

--- Start Module: seward at Sun Oct 26 13:19:08 2025 ---
 
()()()()()()()()()()()()()()()()()()()()()()()()()()()()()()()()()()()()()()()()()()()()()()()()()()

                                              &SEWARD

                                   only a single process is used
                       available to each process: 2.0 GB of memory, 1 thread?
()()()()()()()()()()()()()()()()()()()()()()()()()()()()()()()()()()()()()()()()()()()()()()()()()()
 
               SEWARD will generate:
                  Multipole Moment integrals up to order  2
                  Kinetic Energy integrals
                  Nuclear Attraction integrals (point charge)
                  One-Electron Hamiltonian integrals
                  Velocity integrals
                  Relativistic Douglas-Kroll-Hess integrals:
                    - Parametrization         : EXP
                    - DKH order of Hamiltonian: 2
                    - DKH order of Properties : 0
                         - multipole moment operators
                         - electric potential operators
                         - contact operators
                  Atomic mean-field integrals
                  Two-Electron Repulsion integrals
 
                   Integrals are discarded if absolute value <: 0.10E-13
                   Integral cutoff threshold is set to       <: 0.10E-15
 
            Nuclear Potential Energy              5.02069931 au
 
 
      Basis set specifications :
      Symmetry species         a  
      Basis functions           40
 
 
  Input file to MOLDEN was generated!
 
forrtl: warning (525): IEEE_DIVIDE_BY_ZERO is signaling
forrtl: warning (526): IEEE_INVALID is signaling
forrtl: warning (528): IEEE_UNDERFLOW is signaling
--- Stop Module: seward at Sun Oct 26 13:19:09 2025 /rc=_RC_ALL_IS_WELL_ ---
*** files: H8_1.45.GssOrb H8_1.45.guessorb.h5 H8_1.45.guessorb.molden xmldump
    saved to directory ${LOCALHOME}/DDCASPT2/hydrogen_comps/rerun/H8_chain/H8_1.45

*** symbolic link created: INPORB -> H8_1.45.GssOrb
--- Start Module: scf at Sun Oct 26 13:19:09 2025 ---
 
()()()()()()()()()()()()()()()()()()()()()()()()()()()()()()()()()()()()()()()()()()()()()()()()()()

                                                &SCF

                                   only a single process is used
                       available to each process: 2.0 GB of memory, 1 thread?
()()()()()()()()()()()()()()()()()()()()()()()()()()()()()()()()()()()()()()()()()()()()()()()()()()
 
++    Input section:
      --------------
 
      Header of the integral files:
      
       Integrals generated by seward 4.2.0  , Sun Oct 26 13:19:08 2025
 
 
      Cartesian coordinates in Angstrom:
      -----------------------------------------------------
      No.  Label        X            Y            Z        
      -----------------------------------------------------
       1   H1         0.00000000   0.00000000   0.00000000
       2   H2         0.00000000   0.00000000   1.44848500
       3   H3         0.00000000   0.00000000   2.89697000
       4   H4         0.00000000   0.00000000   4.34545500
       5   H5         0.00000000   0.00000000   5.79393900
       6   H6         0.00000000   0.00000000   7.24242400
       7   H7         0.00000000   0.00000000   8.69090900
       8   H8         0.00000000   0.00000000  10.13939400
      -----------------------------------------------------
      Nuclear repulsion energy =    5.02069931
--
 
++    Orbital specifications:
      -----------------------
 
      Symmetry species               1
                                     a
      Frozen orbitals                0
      Occupied orbitals              4
      Secondary orbitals            36
      Deleted orbitals               0
      Total number of orbitals      40
      Number of basis functions     40
--
 
      Molecular charge                           0.000
 
++    Optimization specifications:
      ----------------------------
 
      SCF Algorithm: Conventional
      Minimized density differences are used
      Number of density matrices in core                5
      Maximum number of NDDO SCF iterations           400
      Maximum number of HF SCF iterations             400
      Threshold for SCF energy change            0.10E-08
      Threshold for density matrix               0.10E-03
      Threshold for Fock matrix                  0.15E-03
      Threshold for linear dependence            0.10E-08
      Threshold at which DIIS is turned on       0.15E+00
      Threshold at which QNR/C2DIIS is turned on 0.75E-01
      Threshold for Norm(delta) (QNR/C2DIIS)     0.20E-04
      DIIS extrapolation of the SCF procedure
      All orbitals punched on: SCFORB
--
 
      Input vectors read from INPORB
      Orbital file label: *Guess orbitals
 
 
++ Convergence information
                                   SCF        iterations: Energy and convergence statistics
 
Iter     Tot. SCF        One-elec.       Two-elec.     Energy      Max Dij or  Max Fij      DNorm      TNorm      AccCon     Time
         Energy          Energy          Energy        Change      Delta Norm                                                in Sec.
   1    -3.953768242   -14.402526090     5.428058536   0.00E+00    0.24E+00*   0.11E+00*    0.37E+01   0.11E+02   None         0.
   2    -4.041712016   -14.436107090     5.373695763  -0.88E-01*   0.86E-01*   0.16E-01*    0.13E+01   0.11E+02   EDIIS        0.
   3    -4.046162455   -14.393611421     5.326749655  -0.45E-02*   0.38E-01*   0.91E-02*    0.24E+00   0.11E+02   c2DIIS       0.
   4    -4.047033899   -14.393663706     5.325930496  -0.87E-03*   0.88E-02*   0.25E-02*    0.11E+00   0.11E+02   QNRc2DIIS    0.
   5    -4.047132989   -14.391446738     5.323614437  -0.99E-04*   0.89E-02*   0.11E-02*    0.86E-02   0.11E+02   QNRc2DIIS    0.
   6    -4.047166652   -14.391393220     5.323527257  -0.34E-04*   0.26E-03*   0.70E-04     0.44E-02   0.11E+02   QNRc2DIIS    0.
   7    -4.047166721   -14.391324086     5.323458054  -0.69E-07*   0.32E-04*   0.14E-04     0.50E-03   0.11E+02   QNRc2DIIS    0.
   8    -4.047166723   -14.391302700     5.323436666  -0.17E-08*   0.92E-05    0.25E-05     0.86E-04   0.11E+02   QNRc2DIIS    0.
   9    -4.047166723   -14.391302234     5.323436200  -0.83E-10    0.18E-05    0.49E-06     0.14E-04   0.11E+02   QNRc2DIIS    0.
 
       Convergence after  9 Macro Iterations
--
 
 *****************************************************************************************************************************
 *                                                                                                                           *
 *                                             SCF/KS-DFT Program, Final results                                             *
 *                                                                                                                           *
 *                                                                                                                           *
 *                                                                                                                           *
 *                                                       Final Results                                                       *
 *                                                                                                                           *
 *****************************************************************************************************************************
 
::    Total SCF energy                                 -4.0471667226
      One-electron energy                             -14.3913022342
      Two-electron energy                               5.3234362001
      Nuclear repulsion energy                          5.0206993115
      Kinetic energy (interpolated)                     3.1388853941
      Virial theorem                                    1.2893642853
      Total spin, S(S+1)                                0.0000000000
      Total spin, S                                     0.0000000000
      Max non-diagonal density matrix element           0.0000026588
      Max non-diagonal Fock matrix element              0.0000001711
 
 
      All orbitals with orbital energies smaller than  E(LUMO)+0.5 are printed
 
++    Molecular orbitals:
      -------------------
 
      Title: SCF orbitals

      Molecular orbitals for symmetry species 1: a  
 
          Orbital            1         2         3         4         5         6         7         8         9        10    
          Energy           -0.5521   -0.5116   -0.4461   -0.3624   -0.0778    0.0320    0.1509    0.2662    0.2663    0.3294
          Occ. No.          2.0000    2.0000    2.0000    2.0000    0.0000    0.0000    0.0000    0.0000    0.0000    0.0000
 
        1 H1     1s         0.1326   -0.2538    0.3481   -0.3487    0.5107   -0.6812    0.6132   -0.2235   -0.2391    0.4228
        2 H1     2s         0.0044   -0.0099    0.0259   -0.0508    0.2017   -0.3598    0.4521    0.1154   -0.4570   -0.1274
        3 H1     2px       -0.0000    0.0000    0.0000   -0.0000    0.0000   -0.0000    0.0000   -0.0000    0.0000    0.0000
        4 H1     2py       -0.0000    0.0000   -0.0000    0.0000    0.0000   -0.0000   -0.0000    0.0000    0.0000    0.0000
        5 H1     2pz        0.0107   -0.0170    0.0165   -0.0102   -0.0034    0.0185   -0.0401   -0.0245    0.0554    0.0077
        6 H2     1s         0.2070   -0.3559    0.3888   -0.2590   -0.2303    0.7075   -1.0083    0.0430    0.6797   -0.4347
        7 H2     2s        -0.0018   -0.0239    0.0748   -0.0889   -0.0808    0.3269   -0.5004    0.2710    0.2309   -0.5421
        8 H2     2px        0.0000   -0.0000    0.0000    0.0000   -0.0000    0.0000   -0.0000   -0.0000    0.0000    0.0000
        9 H2     2py       -0.0000    0.0000   -0.0000    0.0000    0.0000   -0.0000    0.0000    0.0000   -0.0000    0.0000
       10 H2     2pz        0.0038    0.0022   -0.0167    0.0233   -0.0251    0.0146    0.0218   -0.0063   -0.0603    0.0000
       11 H3     1s         0.3110   -0.2808   -0.1027    0.4369   -0.5444    0.0349    0.8531   -0.2752   -0.8505    0.7304
       12 H3     2s         0.0107   -0.0029   -0.0411    0.1110   -0.2057    0.0057    0.4400    0.1764   -0.5462    0.1063
       13 H3     2px        0.0000    0.0000   -0.0000    0.0000    0.0000    0.0000   -0.0000    0.0000    0.0000    0.0000
       14 H3     2py       -0.0000   -0.0000    0.0000    0.0000    0.0000   -0.0000    0.0000    0.0000   -0.0000    0.0000
       15 H3     2pz        0.0077    0.0053   -0.0205    0.0146    0.0177   -0.0326    0.0154   -0.0193    0.0174   -0.0390
       16 H4     1s         0.3402   -0.1704   -0.2888    0.3755    0.4303   -0.6124   -0.3711   -0.1164    1.0938   -0.6730
       17 H4     2s         0.0052   -0.0302   -0.0247    0.1010    0.1589   -0.2780   -0.1794    0.2849    0.5297   -0.4414
       18 H4     2px       -0.0000    0.0000    0.0000    0.0000    0.0000   -0.0000   -0.0000   -0.0000    0.0000    0.0000
       19 H4     2py        0.0000    0.0000   -0.0000    0.0000   -0.0000    0.0000    0.0000    0.0000    0.0000   -0.0000
       20 H4     2pz       -0.0017    0.0166   -0.0072   -0.0204    0.0249    0.0118   -0.0393    0.0060   -0.0230   -0.0460
       21 H5     1s         0.3402    0.1704   -0.2888   -0.3755    0.4303    0.6124   -0.3711   -0.1164   -1.0938    0.6730
       22 H5     2s         0.0052    0.0302   -0.0247   -0.1010    0.1589    0.2780   -0.1794    0.2849   -0.5297    0.4414
       23 H5     2px        0.0000    0.0000   -0.0000   -0.0000   -0.0000   -0.0000    0.0000   -0.0000    0.0000    0.0000
       24 H5     2py       -0.0000   -0.0000   -0.0000   -0.0000    0.0000    0.0000    0.0000   -0.0000    0.0000   -0.0000
       25 H5     2pz        0.0017    0.0166    0.0072   -0.0204   -0.0249    0.0118    0.0393   -0.0060   -0.0230   -0.0460
       26 H6     1s         0.3110    0.2808   -0.1027   -0.4369   -0.5444   -0.0349    0.8531   -0.2752    0.8505   -0.7304
       27 H6     2s         0.0107    0.0029   -0.0411   -0.1110   -0.2057   -0.0057    0.4400    0.1764    0.5462   -0.1063
       28 H6     2px        0.0000    0.0000   -0.0000   -0.0000    0.0000   -0.0000   -0.0000   -0.0000   -0.0000    0.0000
       29 H6     2py       -0.0000    0.0000   -0.0000   -0.0000    0.0000    0.0000    0.0000    0.0000    0.0000    0.0000
       30 H6     2pz       -0.0077    0.0053    0.0205    0.0146   -0.0177   -0.0326   -0.0154    0.0193    0.0174   -0.0390
       31 H7     1s         0.2070    0.3559    0.3888    0.2590   -0.2303   -0.7075   -1.0083    0.0430   -0.6797    0.4347
       32 H7     2s        -0.0018    0.0239    0.0748    0.0889   -0.0808   -0.3269   -0.5004    0.2710   -0.2309    0.5421
       33 H7     2px        0.0000   -0.0000   -0.0000    0.0000   -0.0000   -0.0000    0.0000    0.0000    0.0000    0.0000
       34 H7     2py        0.0000   -0.0000   -0.0000    0.0000    0.0000   -0.0000    0.0000   -0.0000   -0.0000    0.0000
       35 H7     2pz       -0.0038    0.0022    0.0167    0.0233    0.0251    0.0146   -0.0218    0.0063   -0.0603    0.0000
       36 H8     1s         0.1326    0.2538    0.3481    0.3487    0.5107    0.6812    0.6132   -0.2235    0.2391   -0.4228
       37 H8     2s         0.0044    0.0099    0.0259    0.0508    0.2017    0.3598    0.4521    0.1154    0.4570    0.1274
       38 H8     2px        0.0000    0.0000    0.0000   -0.0000   -0.0000    0.0000    0.0000   -0.0000    0.0000   -0.0000
       39 H8     2py       -0.0000    0.0000    0.0000   -0.0000    0.0000    0.0000   -0.0000    0.0000   -0.0000   -0.0000
       40 H8     2pz       -0.0107   -0.0170   -0.0165   -0.0102    0.0034    0.0185    0.0401    0.0245    0.0554    0.0077
 
          Orbital           11    
          Energy            0.3945
          Occ. No.          0.0000
 
        1 H1     1s        -0.1383
        2 H1     2s         0.5603
        3 H1     2px        0.0000
        4 H1     2py       -0.0000
        5 H1     2pz       -0.0212
        6 H2     1s         0.1782
        7 H2     2s         0.2148
        8 H2     2px       -0.0000
        9 H2     2py        0.0000
       10 H2     2pz        0.1100
       11 H3     1s        -0.1576
       12 H3     2s        -0.2176
       13 H3     2px       -0.0000
       14 H3     2py        0.0000
       15 H3     2pz        0.0438
       16 H4     1s         0.1189
       17 H4     2s        -0.3329
       18 H4     2px        0.0000
       19 H4     2py        0.0000
       20 H4     2pz        0.0514
       21 H5     1s         0.1189
       22 H5     2s        -0.3329
       23 H5     2px        0.0000
       24 H5     2py        0.0000
       25 H5     2pz       -0.0514
       26 H6     1s        -0.1576
       27 H6     2s        -0.2176
       28 H6     2px        0.0000
       29 H6     2py        0.0000
       30 H6     2pz       -0.0438
       31 H7     1s         0.1782
       32 H7     2s         0.2148
       33 H7     2px       -0.0000
       34 H7     2py        0.0000
       35 H7     2pz       -0.1100
       36 H8     1s        -0.1383
       37 H8     2s         0.5603
       38 H8     2px       -0.0000
       39 H8     2py        0.0000
       40 H8     2pz        0.0212
--
 
 
++    Molecular charges:
      ------------------
 
      Mulliken charges per centre and basis function type
      ---------------------------------------------------
 
                H1      H2      H3      H4      H5      H6      H7      H8    
      1s       0.9124  1.0255  0.9885  0.9894  0.9894  0.9885  1.0255  0.9124
      2s       0.0140  0.0111 -0.0185 -0.0100 -0.0100 -0.0185  0.0111  0.0140
      2px      0.0000  0.0000  0.0000  0.0000  0.0000  0.0000  0.0000  0.0000
      2pz      0.0153  0.0249  0.0235  0.0238  0.0238  0.0235  0.0249  0.0153
      2py      0.0000  0.0000  0.0000  0.0000  0.0000  0.0000  0.0000  0.0000
      Total    0.9418  1.0615  0.9935  1.0032  1.0032  0.9935  1.0615  0.9418
 
      N-E      0.0582 -0.0615  0.0065 -0.0032 -0.0032  0.0065 -0.0615  0.0582
 
      Total electronic charge=    8.000000
 
      Total            charge=   -0.000000
--
 
 
  Input file to MOLDEN was generated!
 
 
++    Static properties:
      ------------------
 
 
      LoProp Charges per center
 

                   H1       H2       H3       H4       H5       H6       H7       H8    
      Nuclear      1.0000   1.0000   1.0000   1.0000   1.0000   1.0000   1.0000   1.0000
      Electronic  -0.9824  -1.0151  -0.9984  -1.0042  -1.0042  -0.9984  -1.0151  -0.9824
 
      Total        0.0176  -0.0151   0.0016  -0.0042  -0.0042   0.0016  -0.0151   0.0176
--
 
 
++    Natural Bond Order analysis
      ---------------------------
      Based on LoProp computed density
      -------------------------------------------------------------------------------------
      Atom A       Atom B       Bond Order
      -------------------------------------------------------------------------------------
      NBO located      0.948 non-bonded electrons on atom H1        
      NBO located      1.016 non-bonded electrons on atom H3        
      NBO located      1.017 non-bonded electrons on atom H4        
      NBO located      1.017 non-bonded electrons on atom H5        
      NBO located      1.016 non-bonded electrons on atom H6        
      NBO located      0.948 non-bonded electrons on atom H8        
      The remaining    2.037 electrons are to be considered as diffuse
--
 
 
++    Molecular properties:
      ---------------------
 
      Charge (e):
                      =   -0.0000
      Dipole Moment (Debye):
      Origin of the operator (Ang)=    0.0000    0.0000    0.0000
                   X= -2.4463E-14               Y=  7.6264E-14               Z= -3.0341E-12           Total=  3.0352E-12
      Quadrupole Moment (Debye*Ang):
      Origin of the operator (Ang)=    0.0000    0.0000    5.0697
                  XX= -1.2599E+01              XY=  2.1927E-29              XZ=  3.6276E-14              YY= -1.2599E+01
                  YZ= -3.7407E-13              ZZ= -4.1861E+00
      In traceless form (Debye*Ang)
                  XX= -4.2065E+00              XY=  3.2890E-29              XZ=  5.4414E-14              YY= -4.2065E+00
                  YZ= -5.6111E-13              ZZ=  8.4130E+00
--
 
 
  Input file to MOLDEN was generated!
 
 ###############################################################################
 ###############################################################################
 ###                                                                         ###
 ###                                                                         ###
 ###    RunFile label nBas                                                   ###
 ###    was used       78 times                                              ###
 ###                                                                         ###
 ###                                                                         ###
 ###############################################################################
 ###############################################################################
forrtl: warning (528): IEEE_UNDERFLOW is signaling
--- Stop Module: scf at Sun Oct 26 13:19:09 2025 /rc=_RC_ALL_IS_WELL_ ---
*** files: H8_1.45.LprOrb H8_1.45.LoProp.molden H8_1.45.scf.molden H8_1.45.ScfOrb H8_1.45.scf.h5 xmldump
    saved to directory ${LOCALHOME}/DDCASPT2/hydrogen_comps/rerun/H8_chain/H8_1.45

>>> COPY /tmp/H8_1.45/H8_1.45.scf.h5 ${LOCALHOME}/DDCASPT2/hydrogen_comps/rerun/H8_chain/H8_1.45/

*** symbolic link created: INPORB -> H8_1.45.ScfOrb
--- Start Module: rasscf at Sun Oct 26 13:19:09 2025 ---
 
()()()()()()()()()()()()()()()()()()()()()()()()()()()()()()()()()()()()()()()()()()()()()()()()()()

                                              &RASSCF

                                   only a single process is used
                       available to each process: 2.0 GB of memory, 1 thread?
()()()()()()()()()()()()()()()()()()()()()()()()()()()()()()()()()()()()()()()()()()()()()()()()()()
 
 
      Header of the ONEINT file:
      --------------------------
      
      Integrals generated by seward 4.2.0  , Sun Oct 26 13:19:08 2025
 
 
      OrdInt status: non-squared
 
 
      Cartesian coordinates in Angstrom:
      -----------------------------------------------------
      No.  Label        X            Y            Z        
      -----------------------------------------------------
       1   H1         0.00000000   0.00000000   0.00000000
       2   H2         0.00000000   0.00000000   1.44848500
       3   H3         0.00000000   0.00000000   2.89697000
       4   H4         0.00000000   0.00000000   4.34545500
       5   H5         0.00000000   0.00000000   5.79393900
       6   H6         0.00000000   0.00000000   7.24242400
       7   H7         0.00000000   0.00000000   8.69090900
       8   H8         0.00000000   0.00000000  10.13939400
      -----------------------------------------------------
      Nuclear repulsion energy =    5.02069931
 
++    Wave function specifications:
      -----------------------------
 
      Number of closed shell electrons           0
      Number of electrons in active shells       8
      Max number of holes in RAS1 space          0
      Max nr of electrons in RAS3 space          0
      Number of inactive orbitals                0
      Number of active orbitals                  8
      Number of secondary orbitals              32
      Spin quantum number                      0.0
      State symmetry                             1
--
 
++    Orbital specifications:
      -----------------------
 
      Symmetry species                           1
                                                 a
      Frozen orbitals                            0
      Inactive orbitals                          0
      Active orbitals                            8
      RAS1 orbitals                              0
      RAS2 orbitals                              8
      RAS3 orbitals                              0
      Secondary orbitals                        32
      Deleted orbitals                           0
      Number of basis functions                 40
--
 
++    CI expansion specifications:
      ----------------------------
 
      Number of CSFs                          1764
      Number of determinants                  2485
      Number of root(s) required                 1
      Root chosen for geometry opt.              1
      CI root used                               1
         
      highest root included in the CI            1
      max. size of the explicit Hamiltonian    200
--
 
++    Optimization specifications:
      ----------------------------
 
      RASSCF algorithm: Conventional
      Maximum number of macro iterations       200
      Maximum number of SX iterations          100
      Threshold for RASSCF energy            0.100E-07
      Threshold for max MO rotation          0.100E+00
      Threshold for max BLB element          0.100E-03
      Level shift parameter                  0.500E+00
      Make Quasi-Newton update
--
 
      The MO-coefficients are taken from the file:
      ${LOCALHOME}/DDCASPT2/hydrogen_comps/rerun/H8_chain/H8_0.60/H8_0.60.RasOrb                                                  
      Title: RASSCF average (pseudo-natural) orbitals                                      
 
      Total molecular charge    0.00
 
      ************************************************************************************************************************
      *                                                                                                                      *
      *                                            Wave function control section                                             *
      *                                                                                                                      *
      ************************************************************************************************************************
 
 
                                         RASSCF iterations: Energy and convergence statistics
                                         ----------------------------------------------------
 
      Iter CI   SX   CI       RASSCF       Energy    max ROT     max BLB   max BLB  Level Ln srch  Step   QN   Walltime
          iter iter root      energy       change     param      element    value   shift minimum  type update hh:mm:ss
 Nr of preliminary CI iterations:   5
        1   1  100    1    -3.27205317    0.00E+00  -0.20E+00*   2  38 1 -0.47E+00*  0.13   0.00    SX    NO    0:00:00
        2   5  100    1    -3.98050628   -0.71E+00*  0.21E+00*   1   9 1 -0.24E+00*  0.02   0.00    SX    NO    0:00:00
        3   3   21    1    -4.14472907   -0.16E+00*  0.60E-01    1   9 1 -0.71E-01*  0.00   0.00    SX    NO    0:00:00
        4   3   21    1    -4.15890957   -0.14E-01* -0.24E-01    1   9 1 -0.16E-01*  0.00   0.00    SX    NO    0:00:00
        5   3   21    1    -4.16023208   -0.13E-02* -0.18E+00*   1   9 1 -0.46E-02*  0.00   1.69    QN   YES    0:00:00
 ###############################################################################
 ###############################################################################
 ###                                                                         ###
 ###                                                                         ###
 ###    Large orbital rotation.                                              ###
 ###                                                                         ###
 ###                                                                         ###
 ###############################################################################
 ###############################################################################
      Molecular orbital   8 of symmetry 1 MO space 2  weight is    0.116688
 ###############################################################################
 ###############################################################################
 ###                                                                         ###
 ###                                                                         ###
 ###    Large orbital rotation.                                              ###
 ###                                                                         ###
 ###                                                                         ###
 ###############################################################################
 ###############################################################################
      Molecular orbital  15 of symmetry 1 MO space 3  weight is    0.362580
        6   5   60    1    -4.16277430   -0.25E-02* -0.80E+00*   8  15 1  0.72E-02*  0.00   1.69    QN   YES    0:00:00
        7   7  100    1    -4.20005995   -0.37E-01*  0.45E+00*   8  15 1 -0.34E-01*  0.00   0.00    SX    NO    0:00:00
        8   5   24    1    -4.23802515   -0.38E-01*  0.23E-01    2  10 1 -0.16E-01*  0.00   1.00    QN   YES    0:00:00
        9   3   15    1    -4.23941893   -0.14E-02* -0.19E-01    8  15 1  0.46E-02*  0.00   1.22    QN   YES    0:00:00
       10   4   14    1    -4.23970679   -0.29E-03* -0.10E-01    8  15 1  0.16E-02*  0.00   1.34    QN   YES    0:00:00
       11   4   12    1    -4.23974164   -0.35E-04* -0.61E-03    2  36 1 -0.27E-03*  0.00   1.06    QN   YES    0:00:00
       12   3   11    1    -4.23974235   -0.72E-06*  0.17E-03    2  36 1 -0.81E-04   0.00   1.20    QN   YES    0:00:00
       13   5    8    1    -4.23974244   -0.91E-07*  0.52E-04    4  38 1  0.14E-04   0.00   1.05    QN   YES    0:00:00
       14   1    6    1    -4.23974245   -0.30E-08  -0.59E-05    4  29 1  0.30E-05   0.00   1.03    QN   YES    0:00:00
      Convergence after 14 iterations
 
  Dmat in MO in SXCTL bf call to SXHAM                                                                                    
  mat. size =     8x    8
 
        1.8615222693632183
        0.0000095468049070      1.8605699931409159
       -0.0311844032689130      0.0000058659790202      1.7897690718136074
       -0.0000045627568032     -0.0456112117842482     -0.0000017264200752      1.6868348185554716
       -0.2021452905890314      0.0000638561448331     -0.1872209932358607     -0.0000230169953883      0.1698399403295177
       -0.0000442515541343      0.0314496051971696     -0.0000196769737856     -0.0205001365962046     -0.0002383520213610
        0.1564197653706524
        0.1430468263246913     -0.0000263788372334     -0.0694239916583407      0.0000016736267158      0.0252939294673498
        0.0001113177134981      0.3534252227549273
        0.0001153534535486     -0.0107632649478655      0.0000278840199981     -0.0011029624624606     -0.0001010879730921
        0.0484916290711723     -0.0003992824290039      0.1216189186716914
       15   1    6    1    -4.23974245   -0.12E-09  -0.59E-05    4  38 1  0.61E-06   0.00   1.03    QN   YES    0:00:00
 
      ************************************************************************************************************************
                                                      Wave function printout:
                       occupation of active orbitals, and spin coupling of open shells (u,d: Spin up or down)
      ************************************************************************************************************************
 
      Note: transformation to natural orbitals
      has been made, which may change the order of the CSFs.
 
      printout of CI-coefficients larger than  0.05 for root  1
      energy=      -4.239742
      conf/sym  11111111     Coeff  Weight
             1  22220000   0.81786 0.66889
            20  22200200  -0.06138 0.00377
            23  22200020  -0.25691 0.06600
            29  22udud00   0.05158 0.00266
            32  22ud0ud0  -0.21471 0.04610
            40  2u2d0200  -0.05607 0.00314
            41  2u2du0d0   0.15466 0.02392
            45  2u2d0u0d  -0.05346 0.00286
            49  u22dud00   0.06485 0.00421
            56  u22d00ud  -0.14544 0.02115
            60  22020200  -0.10780 0.01162
            61  2202u0d0   0.05556 0.00309
            63  22020020  -0.07496 0.00562
            69  2ud2ud00   0.11935 0.01425
            72  2ud20ud0  -0.06538 0.00427
            76  2ud200ud  -0.06614 0.00437
            81  u2d2u0d0   0.06508 0.00423
            85  u2d20u0d  -0.08549 0.00731
            88  20222000  -0.06294 0.00396
            90  20220200  -0.05143 0.00264
           102  ud220ud0  -0.05711 0.00326
           104  ud22u00d   0.07304 0.00533
           117  02220002  -0.05151 0.00265
           120  22uu0dd0  -0.07986 0.00638
           125  2u2ud0d0   0.06249 0.00391
           135  u22u00dd   0.05814 0.00338
           559  22000220   0.06417 0.00412
           578  2ud0ud20  -0.05594 0.00313
 
      Natural orbitals and occupation numbers for root  1
      sym 1:   1.900697   1.872597   1.812106   1.675699   0.119240   0.190122   0.342514   0.087024
 
      ************************************************************************************************************************
      *                                                                                                                      *
      *                                                    Final results                                                     *
      *                                                                                                                      *
      ************************************************************************************************************************
 
 
++    Wave function specifications:
      -----------------------------
 
      Number of closed shell electrons           0
      Number of electrons in active shells       8
      Max number of holes in RAS1 space          0
      Max nr of electrons in RAS3 space          0
      Number of inactive orbitals                0
      Number of active orbitals                  8
      Number of secondary orbitals              32
      Spin quantum number                      0.0
      State symmetry                             1
--
 
++    Orbital specifications:
      -----------------------
 
      Symmetry species                           1
                                                 a
      Frozen orbitals                            0
      Inactive orbitals                          0
      Active orbitals                            8
      RAS1 orbitals                              0
      RAS2 orbitals                              8
      RAS3 orbitals                              0
      Secondary orbitals                        32
      Deleted orbitals                           0
      Number of basis functions                 40
--
 
++    CI expansion specifications:
      ----------------------------
 
      Number of CSFs                          1764
      Number of determinants                  2485
      Number of root(s) required                 1
      CI root used                               1
      highest root included in the CI            1
      Root passed to geometry opt.               1
--
 
++    Final optimization conditions:
      ------------------------------
 
      Average CI energy                              -4.23974245
      RASSCF energy for state  1                     -4.23974245
      Super-CI energy                                -0.00000000
      RASSCF energy change                            0.00000000
      Max change in MO coefficients              -0.151E-04
      Max non-diagonal density matrix element    -0.586E-05
      Maximum BLB matrix element                  0.608E-06
      (orbital pair   4,  38 in symmetry   1)
      Norm of electronic gradient            0.161E-05
--
 
 
      Final state energy(ies):
      ------------------------
 
::    RASSCF root number  1 Total energy:     -4.23974245
 
++    Molecular orbitals:
      -------------------
 
      Pseudonatural active orbitals and approximate occupation numbers
 
 
 
 
      Molecular orbitals for symmetry species 1: a  
 
 
      Orbital                1         2         3         4         5         6         7         8         9        10
      Energy            0.0000    0.0000    0.0000    0.0000    0.0000    0.0000    0.0000    0.0000    0.2657    0.3038
      Occ. No.          1.9007    1.8726    1.8121    1.6757    0.1192    0.1901    0.3425    0.0870    0.0000    0.0000
 
    1 H1     1s         0.1375   -0.2683    0.3623   -0.3550    0.5153   -0.5681   -0.4487   -0.3123   -0.0794   -0.0397
    2 H1     2s         0.0017   -0.0048    0.0149   -0.0313    0.0457   -0.0369   -0.0306   -0.0359    0.2416    0.4912
    3 H1     2px       -0.0000    0.0000   -0.0000    0.0000   -0.0000    0.0000    0.0000    0.0000    0.0000    0.0000
    4 H1     2py       -0.0000    0.0000   -0.0000    0.0000   -0.0000    0.0000    0.0000    0.0000    0.0000    0.0000
    5 H1     2pz        0.0073   -0.0114    0.0102   -0.0054    0.0086   -0.0067   -0.0037   -0.0066   -0.0320   -0.0437
    6 H2     1s         0.2144   -0.3623    0.3771   -0.2389   -0.7702    0.5517    0.1779    0.5809   -0.1430   -0.1941
    7 H2     2s        -0.0046   -0.0122    0.0494   -0.0660   -0.1466    0.0693   -0.0115    0.1329    0.1666    0.1847
    8 H2     2px        0.0000   -0.0000    0.0000   -0.0000   -0.0000    0.0000    0.0000    0.0000    0.0000    0.0000
    9 H2     2py        0.0000   -0.0000    0.0000   -0.0000   -0.0000    0.0000    0.0000    0.0000    0.0000    0.0000
   10 H2     2pz        0.0052   -0.0010   -0.0115    0.0185    0.0014    0.0082    0.0158   -0.0033    0.0019    0.0433
   11 H3     1s         0.3112   -0.2825   -0.0946    0.4389    0.6660    0.0734    0.5180   -0.8043   -0.1359   -0.0439
   12 H3     2s         0.0022    0.0026   -0.0289    0.0798    0.1430   -0.0116    0.0705   -0.1819    0.2361    0.2294
   13 H3     2px       -0.0000    0.0000   -0.0000   -0.0000   -0.0000   -0.0000   -0.0000    0.0000    0.0000    0.0000
   14 H3     2py       -0.0000    0.0000   -0.0000   -0.0000   -0.0000   -0.0000   -0.0000    0.0000    0.0000    0.0000
   15 H3     2pz        0.0038    0.0067   -0.0168    0.0100    0.0094   -0.0108   -0.0069   -0.0054   -0.0131    0.0222
   16 H4     1s         0.3447   -0.1544   -0.2980    0.3696   -0.2842   -0.5576   -0.4020    0.9072   -0.1513   -0.0583
   17 H4     2s        -0.0013   -0.0168   -0.0147    0.0726   -0.0433   -0.1131   -0.0424    0.2095    0.2409    0.0449
   18 H4     2px        0.0000   -0.0000   -0.0000    0.0000   -0.0000   -0.0000   -0.0000    0.0000   -0.0000    0.0000
   19 H4     2py        0.0000   -0.0000   -0.0000    0.0000   -0.0000   -0.0000   -0.0000    0.0000   -0.0000    0.0000
   20 H4     2pz        0.0013    0.0124   -0.0076   -0.0156   -0.0051    0.0073   -0.0112   -0.0063    0.0000    0.0433
   21 H5     1s         0.3447    0.1544   -0.2980   -0.3696   -0.2842    0.5576   -0.4020   -0.9072   -0.1513    0.0583
   22 H5     2s        -0.0013    0.0168   -0.0147   -0.0726   -0.0433    0.1131   -0.0424   -0.2095    0.2409   -0.0449
   23 H5     2px       -0.0000   -0.0000    0.0000    0.0000    0.0000   -0.0000    0.0000    0.0000    0.0000    0.0000
   24 H5     2py       -0.0000   -0.0000    0.0000    0.0000    0.0000   -0.0000    0.0000    0.0000    0.0000    0.0000
   25 H5     2pz       -0.0013    0.0124    0.0076   -0.0156    0.0051    0.0073    0.0112   -0.0063   -0.0000    0.0433
   26 H6     1s         0.3112    0.2825   -0.0946   -0.4389    0.6660   -0.0734    0.5180    0.8043   -0.1359    0.0439
   27 H6     2s         0.0022   -0.0026   -0.0289   -0.0798    0.1430    0.0116    0.0705    0.1819    0.2361   -0.2294
   28 H6     2px        0.0000    0.0000    0.0000   -0.0000    0.0000   -0.0000    0.0000    0.0000   -0.0000    0.0000
   29 H6     2py        0.0000    0.0000    0.0000   -0.0000    0.0000   -0.0000    0.0000    0.0000   -0.0000    0.0000
   30 H6     2pz       -0.0038    0.0067    0.0168    0.0100   -0.0094   -0.0108    0.0069   -0.0054    0.0131    0.0222
   31 H7     1s         0.2144    0.3623    0.3771    0.2389   -0.7702   -0.5517    0.1779   -0.5809   -0.1430    0.1941
   32 H7     2s        -0.0046    0.0122    0.0494    0.0660   -0.1466   -0.0693   -0.0115   -0.1329    0.1666   -0.1847
   33 H7     2px       -0.0000   -0.0000   -0.0000   -0.0000    0.0000    0.0000   -0.0000    0.0000   -0.0000    0.0000
   34 H7     2py       -0.0000   -0.0000   -0.0000   -0.0000    0.0000    0.0000   -0.0000    0.0000   -0.0000    0.0000
   35 H7     2pz       -0.0052   -0.0010    0.0115    0.0185   -0.0014    0.0082   -0.0158   -0.0033   -0.0019    0.0433
   36 H8     1s         0.1375    0.2683    0.3623    0.3550    0.5153    0.5681   -0.4487    0.3123   -0.0794    0.0397
   37 H8     2s         0.0017    0.0048    0.0149    0.0313    0.0457    0.0369   -0.0306    0.0359    0.2416   -0.4912
   38 H8     2px        0.0000    0.0000    0.0000    0.0000    0.0000    0.0000   -0.0000    0.0000   -0.0000    0.0000
   39 H8     2py        0.0000    0.0000    0.0000    0.0000    0.0000    0.0000   -0.0000    0.0000   -0.0000    0.0000
   40 H8     2pz       -0.0073   -0.0114   -0.0102   -0.0054   -0.0086   -0.0067    0.0037   -0.0066    0.0320   -0.0437
 
 
      Orbital               11        12        13        14        15        16        17        18        19        20
      Energy            0.3753    0.5060    0.6297    0.6297    0.6852    0.6852    0.7126    0.7775    0.7775    0.9066
      Occ. No.          0.0000    0.0000    0.0000    0.0000    0.0000    0.0000    0.0000    0.0000    0.0000    0.0000
 
    1 H1     1s        -0.1488    0.4255    0.0000    0.0000   -0.0000   -0.0000    0.6553   -0.0000   -0.0000    0.0000
    2 H1     2s        -0.7038    0.8416   -0.0000    0.0000   -0.0000   -0.0000    0.8284    0.0000   -0.0000   -0.0000
    3 H1     2px       -0.0000    0.0000    0.1253   -0.0486   -0.2467    0.0937    0.0000    0.3520   -0.1357   -0.4270
    4 H1     2py       -0.0000    0.0000    0.0486    0.1253   -0.0937   -0.2467    0.0000    0.1357    0.3520   -0.1634
    5 H1     2pz        0.0306   -0.0111   -0.0000   -0.0000    0.0000    0.0000   -0.0431    0.0000    0.0000   -0.0000
    6 H2     1s         0.1677   -0.2453   -0.0000   -0.0000    0.0000    0.0000   -0.5920    0.0000    0.0000   -0.0000
    7 H2     2s         0.0342   -0.5311   -0.0000   -0.0000    0.0000    0.0000   -1.1817    0.0000    0.0000   -0.0000
    8 H2     2px       -0.0000    0.0000    0.2263   -0.0878   -0.3608    0.1370   -0.0000    0.3315   -0.1278   -0.1287
    9 H2     2py       -0.0000    0.0000    0.0878    0.2263   -0.1370   -0.3608   -0.0000    0.1278    0.3315   -0.0492
   10 H2     2pz       -0.1102    0.1487   -0.0000    0.0000   -0.0000   -0.0000    0.1329   -0.0000   -0.0000    0.0000
   11 H3     1s        -0.0843   -0.0203    0.0000    0.0000   -0.0000   -0.0000   -0.1205   -0.0000   -0.0000    0.0000
   12 H3     2s         0.1092   -0.5237    0.0000    0.0000   -0.0000   -0.0000   -0.3590   -0.0000   -0.0000    0.0000
   13 H3     2px       -0.0000    0.0000    0.3046   -0.1181   -0.3151    0.1197   -0.0000   -0.0086    0.0033    0.3765
   14 H3     2py       -0.0000    0.0000    0.1181    0.3046   -0.1197   -0.3151   -0.0000   -0.0033   -0.0086    0.1441
   15 H3     2pz       -0.0471   -0.0222   -0.0000   -0.0000    0.0000    0.0000   -0.1761    0.0000    0.0000   -0.0000
   16 H4     1s        -0.0470   -0.0018   -0.0000   -0.0000    0.0000    0.0000    0.2749    0.0000    0.0000   -0.0000
   17 H4     2s         0.3674   -0.2865   -0.0000   -0.0000    0.0000    0.0000    0.7181    0.0000    0.0000   -0.0000
   18 H4     2px       -0.0000    0.0000    0.3456   -0.1340   -0.1244    0.0472   -0.0000   -0.3387    0.1306    0.2727
   19 H4     2py       -0.0000    0.0000    0.1340    0.3456   -0.0472   -0.1244   -0.0000   -0.1306   -0.3387    0.1043
   20 H4     2pz       -0.0316   -0.0864    0.0000    0.0000    0.0000    0.0000   -0.0500   -0.0000   -0.0000    0.0000
   21 H5     1s        -0.0470    0.0018    0.0000    0.0000    0.0000    0.0000    0.2749   -0.0000   -0.0000   -0.0000
   22 H5     2s         0.3674    0.2865    0.0000    0.0000    0.0000    0.0000    0.7181   -0.0000   -0.0000   -0.0000
   23 H5     2px        0.0000    0.0000    0.3456   -0.1340    0.1244   -0.0472    0.0000   -0.3387    0.1306   -0.2727
   24 H5     2py        0.0000    0.0000    0.1340    0.3456    0.0472    0.1244    0.0000   -0.1306   -0.3387   -0.1043
   25 H5     2pz        0.0316   -0.0864    0.0000    0.0000   -0.0000   -0.0000    0.0500   -0.0000   -0.0000   -0.0000
   26 H6     1s        -0.0843    0.0203   -0.0000   -0.0000   -0.0000   -0.0000   -0.1205    0.0000    0.0000    0.0000
   27 H6     2s         0.1092    0.5237   -0.0000   -0.0000   -0.0000   -0.0000   -0.3590    0.0000    0.0000    0.0000
   28 H6     2px        0.0000    0.0000    0.3046   -0.1181    0.3151   -0.1197    0.0000   -0.0086    0.0033   -0.3765
   29 H6     2py        0.0000    0.0000    0.1181    0.3046    0.1197    0.3151    0.0000   -0.0033   -0.0086   -0.1441
   30 H6     2pz        0.0471   -0.0222   -0.0000   -0.0000   -0.0000   -0.0000    0.1761    0.0000    0.0000    0.0000
   31 H7     1s         0.1677    0.2453    0.0000    0.0000    0.0000    0.0000   -0.5920   -0.0000   -0.0000   -0.0000
   32 H7     2s         0.0342    0.5311    0.0000   -0.0000    0.0000    0.0000   -1.1817   -0.0000   -0.0000   -0.0000
   33 H7     2px        0.0000    0.0000    0.2263   -0.0878    0.3608   -0.1370    0.0000    0.3315   -0.1278    0.1287
   34 H7     2py        0.0000    0.0000    0.0878    0.2263    0.1370    0.3608    0.0000    0.1278    0.3315    0.0492
   35 H7     2pz        0.1102    0.1487   -0.0000   -0.0000    0.0000    0.0000   -0.1329   -0.0000   -0.0000   -0.0000
   36 H8     1s        -0.1488   -0.4255   -0.0000    0.0000   -0.0000   -0.0000    0.6553    0.0000    0.0000    0.0000
   37 H8     2s        -0.7038   -0.8416    0.0000    0.0000   -0.0000   -0.0000    0.8284   -0.0000   -0.0000   -0.0000
   38 H8     2px        0.0000    0.0000    0.1253   -0.0486    0.2467   -0.0937   -0.0000    0.3520   -0.1357    0.4270
   39 H8     2py        0.0000    0.0000    0.0486    0.1253    0.0937    0.2467   -0.0000    0.1357    0.3520    0.1634
   40 H8     2pz       -0.0306   -0.0111   -0.0000   -0.0000   -0.0000   -0.0000    0.0431    0.0000    0.0000    0.0000
 
 
      Orbital               21        22        23        24        25        26        27        28        29        30
      Energy            0.9066    0.9218    0.9513    1.0592    1.0734    1.0734    1.1238    1.2640    1.2640    1.4548
      Occ. No.          0.0000    0.0000    0.0000    0.0000    0.0000    0.0000    0.0000    0.0000    0.0000    0.0000
 
    1 H1     1s         0.0000    0.0233   -0.5787   -0.3374    0.0000    0.0000    0.2649    0.0000    0.0000   -0.0000
    2 H1     2s        -0.0000    0.2886   -0.4284   -0.5949    0.0000    0.0000    0.1053   -0.0000   -0.0000    0.0000
    3 H1     2px        0.1634   -0.0000   -0.0000    0.0000    0.4598   -0.1747    0.0000   -0.4371    0.1671    0.3484
    4 H1     2py       -0.4270   -0.0000   -0.0000    0.0000    0.1747    0.4598    0.0000   -0.1671   -0.4371    0.1306
    5 H1     2pz       -0.0000    0.2515    0.2640   -0.2871    0.0000    0.0000   -0.3133   -0.0000   -0.0000    0.0000
    6 H2     1s        -0.0000   -0.0425    0.8356    0.6286   -0.0000   -0.0000   -0.5355    0.0000    0.0000    0.0000
    7 H2     2s        -0.0000   -0.2135    1.3572    0.9879   -0.0000   -0.0000   -0.9115   -0.0000   -0.0000    0.0000
    8 H2     2px        0.0492   -0.0000    0.0000   -0.0000   -0.1840    0.0699   -0.0000    0.4653   -0.1779   -0.5621
    9 H2     2py       -0.1287   -0.0000    0.0000   -0.0000   -0.0699   -0.1840   -0.0000    0.1779    0.4653   -0.2108
   10 H2     2pz        0.0000   -0.2471   -0.1749    0.2840   -0.0000   -0.0000    0.0884    0.0000    0.0000    0.0000
   11 H3     1s         0.0000   -0.1508   -0.4331   -0.1508    0.0000    0.0000    0.8204   -0.0000   -0.0000   -0.0000
   12 H3     2s         0.0000   -0.1939   -0.8575   -0.1291    0.0000    0.0000    1.4649    0.0000    0.0000   -0.0000
   13 H3     2px       -0.1441    0.0000    0.0000   -0.0000   -0.4044    0.1536   -0.0000   -0.0123    0.0047    0.5019
   14 H3     2py        0.3765    0.0000    0.0000   -0.0000   -0.1536   -0.4044   -0.0000   -0.0047   -0.0123    0.1882
   15 H3     2pz       -0.0000    0.3040    0.2285   -0.1808    0.0000    0.0000    0.0897    0.0000    0.0000   -0.0000
   16 H4     1s        -0.0000    0.1164   -0.4325   -0.5618   -0.0000   -0.0000   -0.4145    0.0000    0.0000    0.0000
   17 H4     2s        -0.0000    0.1928   -0.6874   -1.1640    0.0000    0.0000   -0.7313   -0.0000   -0.0000    0.0000
   18 H4     2px       -0.1043    0.0000    0.0000    0.0000    0.3095   -0.1176    0.0000   -0.4520    0.1728   -0.1997
   19 H4     2py        0.2727    0.0000    0.0000    0.0000    0.1176    0.3095    0.0000   -0.1728   -0.4520   -0.0749
   20 H4     2pz        0.0000   -0.3688   -0.1196    0.0535   -0.0000   -0.0000   -0.2052   -0.0000   -0.0000    0.0000
   21 H5     1s        -0.0000    0.1164    0.4325    0.5618    0.0000    0.0000   -0.4145    0.0000    0.0000   -0.0000
   22 H5     2s        -0.0000    0.1928    0.6874    1.1640   -0.0000   -0.0000   -0.7313   -0.0000   -0.0000   -0.0000
   23 H5     2px        0.1043   -0.0000    0.0000    0.0000    0.3095   -0.1176   -0.0000    0.4520   -0.1728   -0.1997
   24 H5     2py       -0.2727   -0.0000    0.0000    0.0000    0.1176    0.3095   -0.0000    0.1728    0.4520   -0.0749
   25 H5     2pz       -0.0000    0.3688   -0.1196    0.0535   -0.0000   -0.0000    0.2052    0.0000    0.0000    0.0000
   26 H6     1s         0.0000   -0.1508    0.4331    0.1508   -0.0000   -0.0000    0.8204   -0.0000   -0.0000    0.0000
   27 H6     2s         0.0000   -0.1939    0.8575    0.1291   -0.0000   -0.0000    1.4649    0.0000    0.0000    0.0000
   28 H6     2px        0.1441   -0.0000    0.0000   -0.0000   -0.4044    0.1536    0.0000    0.0123   -0.0047    0.5019
   29 H6     2py       -0.3765   -0.0000    0.0000   -0.0000   -0.1536   -0.4044    0.0000    0.0047    0.0123    0.1882
   30 H6     2pz        0.0000   -0.3040    0.2285   -0.1808    0.0000    0.0000   -0.0897   -0.0000   -0.0000   -0.0000
   31 H7     1s        -0.0000   -0.0425   -0.8356   -0.6286    0.0000    0.0000   -0.5355    0.0000    0.0000   -0.0000
   32 H7     2s        -0.0000   -0.2135   -1.3572   -0.9879    0.0000    0.0000   -0.9115   -0.0000   -0.0000   -0.0000
   33 H7     2px       -0.0492    0.0000    0.0000   -0.0000   -0.1840    0.0699    0.0000   -0.4653    0.1779   -0.5621
   34 H7     2py        0.1287    0.0000    0.0000   -0.0000   -0.0699   -0.1840    0.0000   -0.1779   -0.4653   -0.2108
   35 H7     2pz       -0.0000    0.2471   -0.1749    0.2840   -0.0000   -0.0000   -0.0884   -0.0000   -0.0000    0.0000
   36 H8     1s         0.0000    0.0233    0.5787    0.3374   -0.0000   -0.0000    0.2649    0.0000    0.0000    0.0000
   37 H8     2s         0.0000    0.2886    0.4284    0.5949   -0.0000   -0.0000    0.1053   -0.0000   -0.0000   -0.0000
   38 H8     2px       -0.1634    0.0000   -0.0000    0.0000    0.4598   -0.1747   -0.0000    0.4371   -0.1671    0.3484
   39 H8     2py        0.4270    0.0000   -0.0000    0.0000    0.1747    0.4598   -0.0000    0.1671    0.4371    0.1306
   40 H8     2pz        0.0000   -0.2515    0.2640   -0.2871    0.0000    0.0000    0.3133    0.0000    0.0000    0.0000
 
 
      Orbital               31        32        33        34        35        36        37        38        39        40
      Energy            1.4548    1.5430    1.6026    1.6026    1.6290    1.7241    1.9029    2.2451    2.6345    2.9955
      Occ. No.          0.0000    0.0000    0.0000    0.0000    0.0000    0.0000    0.0000    0.0000    0.0000    0.0000
 
    1 H1     1s        -0.0000   -0.7562   -0.0000   -0.0000    0.5348   -0.6260    0.5973   -0.5471   -0.4580    0.2765
    2 H1     2s         0.0000   -0.8306   -0.0000   -0.0000    0.5331   -0.6332    0.4344   -0.2665   -0.1565    0.0770
    3 H1     2px       -0.1306    0.0000   -0.1942    0.0742   -0.0000   -0.0000    0.0000   -0.0000   -0.0000    0.0000
    4 H1     2py        0.3484    0.0000   -0.0742   -0.1942   -0.0000   -0.0000    0.0000   -0.0000   -0.0000    0.0000
    5 H1     2pz        0.0000   -0.4688   -0.0000   -0.0000    0.5944   -0.3178    0.6407   -0.5693   -0.4488    0.2569
    6 H2     1s         0.0000    2.0140    0.0000    0.0000   -1.0086    1.8289   -0.7951    0.2765   -0.0907    0.1741
    7 H2     2s         0.0000    2.0944    0.0000    0.0000   -0.7118    1.8745   -0.4629    0.1693    0.0699   -0.0387
    8 H2     2px        0.2108   -0.0000    0.3835   -0.1465    0.0000    0.0000    0.0000   -0.0000   -0.0000    0.0000
    9 H2     2py       -0.5621   -0.0000    0.1465    0.3835    0.0000    0.0000    0.0000   -0.0000   -0.0000    0.0000
   10 H2     2pz        0.0000    0.3129    0.0000    0.0000    0.0876    0.2536    0.4827   -0.8383   -0.9361    0.6378
   11 H3     1s        -0.0000   -2.2532   -0.0000   -0.0000   -0.0869   -2.7724   -0.4070    0.5298    0.1514    0.1702
   12 H3     2s        -0.0000   -2.3536   -0.0000   -0.0000   -0.2011   -2.9601   -0.1000    0.0410   -0.0270    0.0390
   13 H3     2px       -0.1882    0.0000   -0.5235    0.2000   -0.0000    0.0000   -0.0000    0.0000   -0.0000    0.0000
   14 H3     2py        0.5019    0.0000   -0.2000   -0.5235   -0.0000    0.0000   -0.0000    0.0000   -0.0000    0.0000
   15 H3     2pz       -0.0000    0.1285    0.0000    0.0000   -0.6692   -0.0599   -0.5678   -0.1343   -0.9015    0.9272
   16 H4     1s         0.0000    0.9888    0.0000    0.0000    1.5113    3.1700    0.5306    0.4312    0.4531    0.0403
   17 H4     2s         0.0000    1.0275    0.0000    0.0000    1.3379    3.4853    0.2089    0.1638    0.0645   -0.0129
   18 H4     2px        0.0749   -0.0000    0.5983   -0.2285    0.0000    0.0000   -0.0000   -0.0000   -0.0000    0.0000
   19 H4     2py       -0.1997   -0.0000    0.2285    0.5983    0.0000    0.0000   -0.0000   -0.0000   -0.0000    0.0000
   20 H4     2pz        0.0000   -0.5099   -0.0000   -0.0000    0.3962   -0.0151   -0.5000    0.7162   -0.3772    1.0916
   21 H5     1s        -0.0000    0.9888    0.0000    0.0000   -1.5113   -3.1700    0.5306   -0.4312    0.4531   -0.0403
   22 H5     2s        -0.0000    1.0275    0.0000    0.0000   -1.3379   -3.4853    0.2089   -0.1638    0.0645    0.0129
   23 H5     2px        0.0749    0.0000   -0.5983    0.2285    0.0000    0.0000    0.0000   -0.0000    0.0000    0.0000
   24 H5     2py       -0.1997    0.0000   -0.2285   -0.5983    0.0000    0.0000    0.0000   -0.0000    0.0000    0.0000
   25 H5     2pz        0.0000    0.5099    0.0000    0.0000    0.3962   -0.0151    0.5000    0.7162    0.3772    1.0916
   26 H6     1s         0.0000   -2.2532   -0.0000   -0.0000    0.0869    2.7724   -0.4070   -0.5298    0.1514   -0.1702
   27 H6     2s         0.0000   -2.3536   -0.0000   -0.0000    0.2011    2.9601   -0.1000   -0.0410   -0.0270   -0.0390
   28 H6     2px       -0.1882   -0.0000    0.5235   -0.2000   -0.0000    0.0000    0.0000    0.0000    0.0000    0.0000
   29 H6     2py        0.5019   -0.0000    0.2000    0.5235   -0.0000    0.0000    0.0000    0.0000    0.0000    0.0000
   30 H6     2pz       -0.0000   -0.1285   -0.0000   -0.0000   -0.6692   -0.0599    0.5678   -0.1343    0.9015    0.9272
   31 H7     1s        -0.0000    2.0140    0.0000    0.0000    1.0086   -1.8289   -0.7951   -0.2765   -0.0907   -0.1741
   32 H7     2s        -0.0000    2.0944    0.0000    0.0000    0.7118   -1.8745   -0.4629   -0.1693    0.0699    0.0387
   33 H7     2px        0.2108    0.0000   -0.3835    0.1465    0.0000    0.0000   -0.0000   -0.0000    0.0000    0.0000
   34 H7     2py       -0.5621    0.0000   -0.1465   -0.3835    0.0000    0.0000   -0.0000   -0.0000    0.0000    0.0000
   35 H7     2pz        0.0000   -0.3129   -0.0000   -0.0000    0.0876    0.2536   -0.4827   -0.8383    0.9361    0.6378
   36 H8     1s         0.0000   -0.7562   -0.0000   -0.0000   -0.5348    0.6260    0.5973    0.5471   -0.4580   -0.2765
   37 H8     2s        -0.0000   -0.8306   -0.0000   -0.0000   -0.5331    0.6332    0.4344    0.2665   -0.1565   -0.0770
   38 H8     2px       -0.1306   -0.0000    0.1942   -0.0742   -0.0000   -0.0000   -0.0000   -0.0000    0.0000    0.0000
   39 H8     2py        0.3484   -0.0000    0.0742    0.1942   -0.0000   -0.0000   -0.0000   -0.0000    0.0000    0.0000
   40 H8     2pz        0.0000    0.4688    0.0000    0.0000    0.5944   -0.3178   -0.6407   -0.5693    0.4488    0.2569
--
 
      Von Neumann Entropy (Root  1) =  1.69958
 

      Mulliken population analysis for root number:  1
      -----------------------------------------------
 
 
++    Molecular charges:
      ------------------
 
      Mulliken charges per centre and basis function type
      ---------------------------------------------------
 
                H1      H2      H3      H4      H5      H6      H7      H8    
      1s       0.9652  1.0166  1.0083  1.0043  1.0043  1.0083  1.0166  0.9652
      2s       0.0017 -0.0084 -0.0281 -0.0220 -0.0220 -0.0281 -0.0084  0.0017
      2px      0.0000  0.0000  0.0000  0.0000  0.0000  0.0000  0.0000  0.0000
      2pz      0.0080  0.0190  0.0176  0.0178  0.0178  0.0176  0.0190  0.0080
      2py      0.0000  0.0000  0.0000  0.0000  0.0000  0.0000  0.0000  0.0000
      Total    0.9749  1.0271  0.9978  1.0001  1.0001  0.9978  1.0271  0.9749
 
      N-E      0.0251 -0.0271  0.0022 -0.0001 -0.0001  0.0022 -0.0271  0.0251
 
      Total electronic charge=    8.000000
 
      Total            charge=   -0.000000
--
 
 

      Expectation values of various properties for root number:  1
      -----------------------------------------------------------
 
 
++    Molecular properties:
      ---------------------
 
      Charge (e):
                      =   -0.0000
      Dipole Moment (Debye):
      Origin of the operator (Ang)=    0.0000    0.0000    0.0000
                   X= -2.0736E-10               Y=  1.0138E-10               Z=  1.4222E-07           Total=  1.4222E-07
      Quadrupole Moment (Debye*Ang):
      Origin of the operator (Ang)=    0.0000    0.0000    5.0697
                  XX= -1.1141E+01              XY= -1.9721E-12              XZ= -1.3447E-06              YY= -1.1141E+01
                  YZ= -5.2178E-07              ZZ= -7.0297E+00
      In traceless form (Debye*Ang)
                  XX= -2.0556E+00              XY= -2.9581E-12              XZ= -2.0171E-06              YY= -2.0556E+00
                  YZ= -7.8267E-07              ZZ=  4.1113E+00
--
 

      LoProp population analysis for root number:  1
      -----------------------------------------------
 
 
++    LoProp analysis:
      ----------------
 
 
 
  Input file to MOLDEN was generated!
 
 
++    Static properties:
      ------------------
 
 
      LoProp Charges per center
 

                   H1       H2       H3       H4       H5       H6       H7       H8    
      Nuclear      1.0000   1.0000   1.0000   1.0000   1.0000   1.0000   1.0000   1.0000
      Electronic  -1.0000  -1.0000  -0.9995  -1.0005  -1.0005  -0.9995  -1.0000  -1.0000
 
      Total        0.0000   0.0000   0.0005  -0.0005  -0.0005   0.0005   0.0000   0.0000
--
 
 
      Natural Bond Order analysis for root number:  1
 
++    Natural Bond Order analysis
      ---------------------------
      Based on LoProp computed density
      -------------------------------------------------------------------------------------
      Atom A       Atom B       Bond Order
      -------------------------------------------------------------------------------------
      NBO located      0.979 non-bonded electrons on atom H1        
      NBO located      1.019 non-bonded electrons on atom H3        
      NBO located      1.015 non-bonded electrons on atom H4        
      NBO located      1.015 non-bonded electrons on atom H5        
      NBO located      1.019 non-bonded electrons on atom H6        
      NBO located      0.979 non-bonded electrons on atom H8        
      The remaining    1.975 electrons are to be considered as diffuse
--
 
--
 
 
  Input file to MOLDEN was generated!
 
      Average orbitals are written to the RASORB file
      Natural orbitals for root   1 are written to the RASORB.1 file
      Spin density orbitals for root   1 are written to the SPDORB.1 file
 
forrtl: warning (525): IEEE_DIVIDE_BY_ZERO is signaling
forrtl: warning (526): IEEE_INVALID is signaling
forrtl: warning (528): IEEE_UNDERFLOW is signaling
--- Stop Module: rasscf at Sun Oct 26 13:19:11 2025 /rc=_RC_ALL_IS_WELL_ ---
*** files: H8_1.45.LprOrb H8_1.45.rasscf.molden H8_1.45.LoProp.molden H8_1.45.RasOrb.1 H8_1.45.RasOrb H8_1.45.rasscf.h5 H8_1.45.SpdOrb.1 xmldump
    saved to directory ${LOCALHOME}/DDCASPT2/hydrogen_comps/rerun/H8_chain/H8_1.45
--- Module rasscf spent 1 second ---

>>> COPY /tmp/H8_1.45/H8_1.45.rasscf.h5 ${LOCALHOME}/DDCASPT2/hydrogen_comps/rerun/H8_chain/H8_1.45/

>>> COPY /tmp/H8_1.45/DDCASPT2_Fock_MO.csv ${LOCALHOME}/DDCASPT2/hydrogen_comps/rerun/H8_chain/H8_1.45/H8_1.45.DDCASPT2_Fock_MO.csv

*** symbolic link created: INPORB -> H8_1.45.RasOrb
--- Start Module: motra at Sun Oct 26 13:19:11 2025 ---
 
()()()()()()()()()()()()()()()()()()()()()()()()()()()()()()()()()()()()()()()()()()()()()()()()()()

                                               &MOTRA

                                   only a single process is used
                       available to each process: 2.0 GB of memory, 1 thread?
()()()()()()()()()()()()()()()()()()()()()()()()()()()()()()()()()()()()()()()()()()()()()()()()()()
 
 
      *** WARNING: Default frozen orbitals is overwritten by user input.
      *** Default values:   0
 
      Header of the integral files:
      
       Integrals generated by seward 4.2.0  , Sun Oct 26 13:19:08 2025
 
 
      Header of MO coefficients source file:
      * RASSCF average (pseudo-natural) orbitals                                      
 
 
      Cartesian coordinates in Angstrom:
      -----------------------------------------------------
      No.  Label        X            Y            Z        
      -----------------------------------------------------
       1   H1         0.00000000   0.00000000   0.00000000
       2   H2         0.00000000   0.00000000   1.44848500
       3   H3         0.00000000   0.00000000   2.89697000
       4   H4         0.00000000   0.00000000   4.34545500
       5   H5         0.00000000   0.00000000   5.79393900
       6   H6         0.00000000   0.00000000   7.24242400
       7   H7         0.00000000   0.00000000   8.69090900
       8   H8         0.00000000   0.00000000  10.13939400
      -----------------------------------------------------
      Nuclear repulsion energy =    5.02069931
 
      Orbital specifications:
      -----------------------
 
      Symmetry species:              1
      Number of basis functions:    40
      Frozen orbitals:               0
      Deleted orbitals:              0
      Number of orbitals used:      40

       SYMMETRY  BASIS FUNCTIONS       ORBITALS      INTEGRALS   CPU(SEC)  I/O(SEC)
        1 1 1 1   40  40  40  40    40  40  40  40      336610       0.00      0.00

       TOTAL CPU TIME(SEC)    0.22TOTAL I/O TIME(SEC)    0.49
 
--- Stop Module: motra at Sun Oct 26 13:19:11 2025 /rc=_RC_ALL_IS_WELL_ ---
*** files: xmldump
    saved to directory ${LOCALHOME}/DDCASPT2/hydrogen_comps/rerun/H8_chain/H8_1.45

>>> COPY /tmp/H8_1.45/DDCASPT2_one_int_indx.csv ${LOCALHOME}/DDCASPT2/hydrogen_comps/rerun/H8_chain/H8_1.45/H8_1.45.DDCASPT2_one_int_indx.csv

>>> COPY /tmp/H8_1.45/DDCASPT2_one_int.csv ${LOCALHOME}/DDCASPT2/hydrogen_comps/rerun/H8_chain/H8_1.45/H8_1.45.DDCASPT2_one_int.csv

>>> COPY /tmp/H8_1.45/DDCASPT2_two_int_indx.csv ${LOCALHOME}/DDCASPT2/hydrogen_comps/rerun/H8_chain/H8_1.45/H8_1.45.DDCASPT2_two_int_indx.csv

>>> COPY /tmp/H8_1.45/DDCASPT2_two_int.csv ${LOCALHOME}/DDCASPT2/hydrogen_comps/rerun/H8_chain/H8_1.45/H8_1.45.DDCASPT2_two_int.csv

*** symbolic link created: INPORB -> H8_1.45.RasOrb
--- Start Module: caspt2 at Sun Oct 26 13:19:11 2025 ---
 
()()()()()()()()()()()()()()()()()()()()()()()()()()()()()()()()()()()()()()()()()()()()()()()()()()

                                              &CASPT2

                                   only a single process is used
                       available to each process: 2.0 GB of memory, 1 thread?
()()()()()()()()()()()()()()()()()()()()()()()()()()()()()()()()()()()()()()()()()()()()()()()()()()
 
 Cholesky algorithm in CASPT2 =    1
 
 ###############################################################################
 ###############################################################################
 ###                                                                         ###
 ###                                                                         ###
 ###    User changed nr of frozen orbitals.                                  ###
 ###                                                                         ###
 ###                                                                         ###
 ###############################################################################
 ###############################################################################
 
++    Wave function specifications:
      -----------------------------
 
      Number of closed shell electrons           0
      Number of electrons in active shells       8
      Max number of holes in RAS1 space          0
      Max number of electrons in RAS3 space      0
      Number of inactive orbitals                0
      Number of active orbitals                  8
      Number of secondary orbitals              32
      Spin quantum number                      0.0
      State symmetry                             1
      Number of CSFs                          1764
      Number of root(s) available                1
      Root passed to geometry opt.               1
      A file JOBMIX will be created.
      This is a CASSCF or RASSCF reference function
--
 
++    Orbital specifications:
      -----------------------
 
      Symmetry species                           1
                                                 a
      Frozen orbitals                            0
      Inactive orbitals                          0
      Active orbitals                            8
      Secondary orbitals                        32
      Deleted orbitals                           0
      Number of basis functions                 40
--
 
      Type of Fock operator: STANDARD
      Type of 0-order Hamiltonian: STANDARD WITH DEFAULT IPEA
        "IP-EA" denominator shift =      0.25
      The input orbitals and the CI vector will be transformed.
 
--------------------------------------------------------------------------------
 Estimated memory requirements:
  POLY3 :                   450746
  RHS:                      417296
  SIGMA :                   326032
  PRPCTL:                        0
 Available workspace:    230388092
 
++ CASPT2 computation for group   1
 
********************************************************************************
 Multi-State initialization phase begins for group   1
--------------------------------------------------------------------------------
********************************************************************************
 Compute H0 matrices for state    1
--------------------------------------------------------------------------------
--------------------------------------------------------------------------------
 H0 matrices have been computed.
 
********************************************************************************
  CASPT2 EQUATION SOLUTION
--------------------------------------------------------------------------------
 
  Total nr of CASPT2 parameters:
   Before reduction:       49280
   After  reduction:       49024
 
 The contributions to the second order correlation energy in atomic units.
-----------------------------------------------------------------------------------------------------------------------------
  IT.      VJTU        VJTI        ATVX        AIVX        VJAI        BVAT        BJAT        BJAI        TOTAL       RNORM  
-----------------------------------------------------------------------------------------------------------------------------
   1     0.000000    0.000000   -0.011544    0.000000    0.000000   -0.026817    0.000000    0.000000   -0.038361    0.001895
   2     0.000000    0.000000   -0.011666    0.000000    0.000000   -0.026847    0.000000    0.000000   -0.038513    0.000139
   3     0.000000    0.000000   -0.011667    0.000000    0.000000   -0.026847    0.000000    0.000000   -0.038514    0.000018
   4     0.000000    0.000000   -0.011667    0.000000    0.000000   -0.026847    0.000000    0.000000   -0.038514    0.000001
-------------------------------------------------------------------------------------------------------------------
 
  FINAL CASPT2 RESULT:
 
  Correlation energy /Case, /Symm, and sums:
 VJTU      0.00000000  0.00000000
 VJTIP     0.00000000  0.00000000
 VJTIM     0.00000000  0.00000000
 ATVX     -0.01166667 -0.01166667
 AIVX      0.00000000  0.00000000
 VJAIP     0.00000000  0.00000000
 VJAIM     0.00000000  0.00000000
 BVATP    -0.02554149 -0.02554149
 BVATM    -0.00130556 -0.00130556
 BJATP     0.00000000  0.00000000
 BJATM     0.00000000  0.00000000
 BJAIP     0.00000000  0.00000000
 BJAIM     0.00000000  0.00000000
 Summed:  -0.03851372 -0.03851372
 
      Reference energy:          -4.2397424476
      E2 (Non-variational):      -0.0385137223
      E2 (Variational):          -0.0385137258
      Total energy:              -4.2782561734
      Residual norm:              0.0000001726
      Reference weight:           0.98168
 
      Contributions to the CASPT2 correlation energy
      Active & Virtual Only:         -0.0385137223
      One Inactive Excited:           0.0000000000
      Two Inactive Excited:           0.0000000000
 
 
++ Denominators, etc.
----------------------------------------------------------------------------------------------------
 Report on small energy denominators, large coefficients, and large energy contributions.
CASE  SYMM ACTIVE-MIX  NON-ACTIVE INDICES          DENOMINATOR     RHS VALUE       COEFFICIENT     CONTRIBUTION
--
 
   (Skipping property calculation,
    use PROP keyword to activate)
--
 
  Total CASPT2 energies:
::    CASPT2 Root  1     Total energy:     -4.27825617
 
  A NEW JOBIPH FILE NAMED 'JOBMIX' IS PREPARED.
********************************************************************************
forrtl: warning (528): IEEE_UNDERFLOW is signaling
--- Stop Module: caspt2 at Sun Oct 26 13:19:12 2025 /rc=_RC_ALL_IS_WELL_ ---
*** files: xmldump
    saved to directory ${LOCALHOME}/DDCASPT2/hydrogen_comps/rerun/H8_chain/H8_1.45

>>> EXPORT i = B

>>> EXPORT j = P

>>> IF (-FILE DDCASPT2_e2_${i}_${j}_1_.csv)
(Skipped)

>>> END FOREACH

>>> EXPORT j = M

>>> IF (-FILE DDCASPT2_e2_${i}_${j}_1_.csv)
(Skipped)

>>> END FOREACH

>>> END FOREACH

>>> EXPORT i = E

>>> EXPORT j = P

>>> IF (-FILE DDCASPT2_e2_${i}_${j}_1_.csv)
(Skipped)

>>> END FOREACH

>>> EXPORT j = M

>>> IF (-FILE DDCASPT2_e2_${i}_${j}_1_.csv)
(Skipped)

>>> END FOREACH

>>> END FOREACH

>>> EXPORT i = F

>>> EXPORT j = P

>>> IF (-FILE DDCASPT2_e2_${i}_${j}_1_.csv)

>>> COPY /tmp/H8_1.45/DDCASPT2_RHS_F_P_1_.csv ${LOCALHOME}/DDCASPT2/hydrogen_comps/rerun/H8_chain/H8_1.45/DDCASPT2_RHS_F_P_1_.csv

>>> COPY /tmp/H8_1.45/DDCASPT2_IVECW_F_P_1_.csv ${LOCALHOME}/DDCASPT2/hydrogen_comps/rerun/H8_chain/H8_1.45/DDCASPT2_IVECW_F_P_1_.csv

>>> COPY /tmp/H8_1.45/DDCASPT2_IVECX_F_P_1_.csv ${LOCALHOME}/DDCASPT2/hydrogen_comps/rerun/H8_chain/H8_1.45/DDCASPT2_IVECX_F_P_1_.csv

>>> COPY /tmp/H8_1.45/DDCASPT2_IVECC2_F_P_1_.csv ${LOCALHOME}/DDCASPT2/hydrogen_comps/rerun/H8_chain/H8_1.45/DDCASPT2_IVECC2_F_P_1_.csv

>>> COPY /tmp/H8_1.45/DDCASPT2_e2_F_P_1_.csv ${LOCALHOME}/DDCASPT2/hydrogen_comps/rerun/H8_chain/H8_1.45/DDCASPT2_e2_F_P_1_.csv

>>> END FOREACH

>>> EXPORT j = M

>>> IF (-FILE DDCASPT2_e2_${i}_${j}_1_.csv)

>>> COPY /tmp/H8_1.45/DDCASPT2_RHS_F_M_1_.csv ${LOCALHOME}/DDCASPT2/hydrogen_comps/rerun/H8_chain/H8_1.45/DDCASPT2_RHS_F_M_1_.csv

>>> COPY /tmp/H8_1.45/DDCASPT2_IVECW_F_M_1_.csv ${LOCALHOME}/DDCASPT2/hydrogen_comps/rerun/H8_chain/H8_1.45/DDCASPT2_IVECW_F_M_1_.csv

>>> COPY /tmp/H8_1.45/DDCASPT2_IVECX_F_M_1_.csv ${LOCALHOME}/DDCASPT2/hydrogen_comps/rerun/H8_chain/H8_1.45/DDCASPT2_IVECX_F_M_1_.csv

>>> COPY /tmp/H8_1.45/DDCASPT2_IVECC2_F_M_1_.csv ${LOCALHOME}/DDCASPT2/hydrogen_comps/rerun/H8_chain/H8_1.45/DDCASPT2_IVECC2_F_M_1_.csv

>>> COPY /tmp/H8_1.45/DDCASPT2_e2_F_M_1_.csv ${LOCALHOME}/DDCASPT2/hydrogen_comps/rerun/H8_chain/H8_1.45/DDCASPT2_e2_F_M_1_.csv

>>> END FOREACH

>>> END FOREACH

>>> EXPORT i = G

>>> EXPORT j = P

>>> IF (-FILE DDCASPT2_e2_${i}_${j}_1_.csv)
(Skipped)

>>> END FOREACH

>>> EXPORT j = M

>>> IF (-FILE DDCASPT2_e2_${i}_${j}_1_.csv)
(Skipped)

>>> END FOREACH

>>> END FOREACH

>>> EXPORT i = H

>>> EXPORT j = P

>>> IF (-FILE DDCASPT2_e2_${i}_${j}_1_.csv)
(Skipped)

>>> END FOREACH

>>> EXPORT j = M

>>> IF (-FILE DDCASPT2_e2_${i}_${j}_1_.csv)
(Skipped)

>>> END FOREACH

>>> END FOREACH

>>> EXPORT i = A

>>> IF (-FILE DDCASPT2_e2_${i}_1_.csv)
(Skipped)

>>> END FOREACH

>>> EXPORT i = C

>>> IF (-FILE DDCASPT2_e2_${i}_1_.csv)

>>> COPY /tmp/H8_1.45/DDCASPT2_RHS_C_1_.csv ${LOCALHOME}/DDCASPT2/hydrogen_comps/rerun/H8_chain/H8_1.45/DDCASPT2_RHS_C_1_.csv

>>> COPY /tmp/H8_1.45/DDCASPT2_IVECW_C_1_.csv ${LOCALHOME}/DDCASPT2/hydrogen_comps/rerun/H8_chain/H8_1.45/DDCASPT2_IVECW_C_1_.csv

>>> COPY /tmp/H8_1.45/DDCASPT2_IVECX_C_1_.csv ${LOCALHOME}/DDCASPT2/hydrogen_comps/rerun/H8_chain/H8_1.45/DDCASPT2_IVECX_C_1_.csv

>>> COPY /tmp/H8_1.45/DDCASPT2_IVECC2_C_1_.csv ${LOCALHOME}/DDCASPT2/hydrogen_comps/rerun/H8_chain/H8_1.45/DDCASPT2_IVECC2_C_1_.csv

>>> COPY /tmp/H8_1.45/DDCASPT2_e2_C_1_.csv ${LOCALHOME}/DDCASPT2/hydrogen_comps/rerun/H8_chain/H8_1.45/DDCASPT2_e2_C_1_.csv

>>> END FOREACH

>>> EXPORT i = D

>>> IF (-FILE DDCASPT2_e2_${i}_1_.csv)
(Skipped)

>>> END FOREACH

.########################.
.# Non-zero return code #.
.########################.

    Timing: Wall=4.14 User=3.20 System=0.93
***************************************
*** WorkDir at /tmp/H8_1.45 cleaned ***
***************************************
