   This run of MOLCAS is using the pymolcas driver

                             OPE
                             OPE          NMOL  CASOP  ENMOLC A   SO
                 OPE        NMOLC        AS  OP EN  MO LC     AS  OP
                OPENM       OL CA        SO  PE NM  OL CA     SOP EN
                OP EN      MO   LC       AS  OP ENMOL  CASO   PENMOL
                OP  EN     MO   LC       AS  OP EN     MO     LC ASO
               OP   E  NMOL  C  AS       OP  EN MO     LC     AS  OP
               OP  E   NMO   LC AS        OPEN  MO     LCASOP EN   M
               O  PEN   MO  LCA  SO
            OPE   NMO   L   CAS    OP
        OPENMOL  CASOP     ENMOL   CASOPE
     OPENMOLCA   SOPENMOLCASOPEN   MOLCASOPE
    OPENMOLCAS   OP           EN   MOL    CAS
    OPENMOLCAS       OP  ENM        O     LCA
    OPENMOLCAS    OPEN  MOLCASO     P  E  NMO
    OPENMOLCAS     OP               E  N  MOL
    OPENMOLCA   SO           PENM   O  L  CAS    OPEN    MO    LCAS
    OPENMOLCA   SOP           ENM   O  L  CAS   OP  EN  MOLC  AS   O
    OPENMOLCA   SOPE           NM      O  LCA   S      OP  EN MO
    OPENMOLC                AS         O  PEN   M      OL  CA  SOPE
    OPENMO        LCASOPE  NMOL        C  ASO   P      ENMOLC     AS
    OPE     NMO      LCA  SO     P     E   NM   OL  CA SO  PE N   MO
          OPENMOLCA            SOPE   NMO        LCAS  O    P  ENMO
     OPENMOLCASOPENMOLCASOPENMOLCASOPENMOLCA
        OPENMOLCASOPENMOLCASOPENMOLCASOPE
            OPENMOLCASOPENMOLCASOPENM
               OPENMOLCASOPENMOLCA        version: f37762c57
                   OPENMOLCASO
                       OPE                tag:

 OpenMolcas is free software; you can redistribute it and/or modify it
 under the terms of the GNU Lesser General Public License version 2.1.
 OpenMolcas is distributed in the hope that it will be useful, but it
 is provided "as is" and without any express or implied warranties.
 For more details see the full text of the license in the file
 LICENSE or in <http://www.gnu.org/licenses/>.

                 Copyright (C) The OpenMolcas Authors
           For the author list and the recommended citation,
                   consult the file CONTRIBUTORS.md

           *************************************************
           * pymolcas version py2.28                       *
           *   build c4a6d18ded8cb6cad61d2372a9abd97c      *
           *   (after the EMIL interpreter by V. Veryazov) *
           *************************************************

configuration info
------------------
C Compiler ID: Intel
C flags: -std=gnu99 -gcc-sys
Fortran Compiler ID: IntelLLVM
Fortran flags: -standard-semantics -fltconsistency -fpp -i8 -heap-arrays
Definitions: _MOLCAS_;_I8_;_LINUX_
Parallel: OFF (GA=OFF)


   --------------------------------------------------------------------------------------
  |
  |              Project: H8_1.79
  |       Submitted from: /home/grierjones/DDCASPT2/hydrogen_comps/rerun/H8_chain/H8_1.79
  |         Scratch area: /tmp/H8_1.79
  |      Save outputs to: /home/grierjones/DDCASPT2/hydrogen_comps/rerun/H8_chain/H8_1.79
  |               Molcas: /home/grierjones/Test/build
  |
  | Scratch area is empty
  |
  |       MOLCAS_DRIVER = /usr/local/pymolcas
  | MOLCAS_KEEP_WORKDIR = NO
  |  MOLCAS_NEW_WORKDIR = YES
  |       MOLCAS_NPROCS = 1
  |        MOLCAS_PRINT = NORMAL
  |       MOLCAS_SOURCE = /home/grierjones/Test
  |    MOLCAS_STRUCTURE = 0
  |
   --------------------------------------------------------------------------------------

++ ---------   Input file   ---------

&GATEWAY
coord=H8_1.79.xyz
Basis = ANO-RCC-VDZP
Group = nosymm
End of Input

&SEWARD
End of Input

&SCF

>>> COPY $WorkDir/H8_1.79.scf.h5 $CurrDir/

&RASSCF
Title= RASSCF
FileOrb
/home/grierjones/DDCASPT2/hydrogen_comps/rerun/H8_chain/H8_0.60/H8_0.60.RasOrb
NACTEL
8 0 0
Inactive
0
RAS2
8
Symmetry
1
Spin
1
orblisting
all

>>> COPY $WorkDir/H8_1.79.rasscf.h5 $CurrDir/

>>> COPY $WorkDir/GMJ_Fock_MO.csv $CurrDir/H8_1.79.GMJ_Fock_MO.csv

&MOTRA
Frozen=0
LUMORB

>>> COPY $WorkDir/GMJ_one_int_indx.csv $CurrDir/H8_1.79.GMJ_one_int_indx.csv

>>> COPY $WorkDir/GMJ_one_int.csv $CurrDir/H8_1.79.GMJ_one_int.csv

>>> COPY $WorkDir/GMJ_two_int_indx.csv $CurrDir/H8_1.79.GMJ_two_int_indx.csv

>>> COPY $WorkDir/GMJ_two_int.csv $CurrDir/H8_1.79.GMJ_two_int.csv

&CASPT2
Frozen
0

MAXITER
50

>>> FOREACH i IN (B,E,F,G,H)

  >>> FOREACH j IN (P,M)

    >>> IF (-FILE GMJ_e2_${i}_${j}_1_.csv)

      >>> COPY $WorkDir/GMJ_RHS_${i}_${j}_1_.csv $CurrDir/GMJ_RHS_${i}_${j}_1_.csv

      >>> COPY $WorkDir/GMJ_IVECW_${i}_${j}_1_.csv $CurrDir/GMJ_IVECW_${i}_${j}_1_.csv

      >>> COPY $WorkDir/GMJ_IVECX_${i}_${j}_1_.csv $CurrDir/GMJ_IVECX_${i}_${j}_1_.csv

      >>> COPY $WorkDir/GMJ_IVECC2_${i}_${j}_1_.csv $CurrDir/GMJ_IVECC2_${i}_${j}_1_.csv

      >>> COPY $WorkDir/GMJ_e2_${i}_${j}_1_.csv $CurrDir/GMJ_e2_${i}_${j}_1_.csv

    >>> END IF

  >>> END FOREACH

>>> END FOREACH

>>> FOREACH i IN (A,C,D)

  >>> IF (-FILE GMJ_e2_${i}_1_.csv)

    >>> COPY $WorkDir/GMJ_RHS_${i}_1_.csv $CurrDir/GMJ_RHS_${i}_1_.csv

    >>> COPY $WorkDir/GMJ_IVECW_${i}_1_.csv $CurrDir/GMJ_IVECW_${i}_1_.csv

    >>> COPY $WorkDir/GMJ_IVECX_${i}_1_.csv $CurrDir/GMJ_IVECX_${i}_1_.csv

    >>> COPY $WorkDir/GMJ_IVECC2_${i}_1_.csv $CurrDir/GMJ_IVECC2_${i}_1_.csv

    >>> COPY $WorkDir/GMJ_e2_${i}_1_.csv $CurrDir/GMJ_e2_${i}_1_.csv

  >>> END IF

>>> END FOREACH

-- ----------------------------------

--- Start Module: gateway at Sun Oct 26 13:24:48 2025 ---
 
()()()()()()()()()()()()()()()()()()()()()()()()()()()()()()()()()()()()()()()()()()()()()()()()()()

                                              &GATEWAY

                                   only a single process is used
                       available to each process: 2.0 GB of memory, 1 thread?
()()()()()()()()()()()()()()()()()()()()()()()()()()()()()()()()()()()()()()()()()()()()()()()()()()
 
 
++    Symmetry information:
      ---------------------
 
                    Character Table for C1 
 
                             E  
                    a        1  x, y, xy, Rz, z, xz, Ry, yz, Rx, I
--
 
 
++    Basis set information:
      ----------------------
 
 
      Basis set label: H.ANO-RCC...2S1P.
 
      Electronic valence basis set:
      ------------------
      Associated Effective Charge   1.000000 au
      Associated Actual Charge      1.000000 au
      Nuclear Model: Point charge
 
      Shell  nPrim  nBasis  Cartesian Spherical Contaminant
         s       8       2        X                  
         p       4       1        X                  
--
 
 
++    Molecular structure info:
      -------------------------
 
                    ************************************************ 
                    **** Cartesian Coordinates / Bohr, Angstrom **** 
                    ************************************************ 
 
     Center  Label                x              y              z                     x              y              z
        1      H1               0.000000       0.000000       0.000000              0.000000       0.000000       0.000000
        2      H2               0.000000       0.000000       3.378602              0.000000       0.000000       1.787879
        3      H3               0.000000       0.000000       6.757203              0.000000       0.000000       3.575758
        4      H4               0.000000       0.000000      10.135803              0.000000       0.000000       5.363636
        5      H5               0.000000       0.000000      13.514405              0.000000       0.000000       7.151515
        6      H6               0.000000       0.000000      16.893006              0.000000       0.000000       8.939394
        7      H7               0.000000       0.000000      20.271608              0.000000       0.000000      10.727273
        8      H8               0.000000       0.000000      23.650210              0.000000       0.000000      12.515152
 
                    *************************************** 
                    *    InterNuclear Distances / Bohr    * 
                    *************************************** 
 
               1 H1            2 H2            3 H3            4 H4            5 H5            6 H6    
    1 H1       0.000000
    2 H2       3.378602        0.000000
    3 H3       6.757203        3.378602        0.000000
    4 H4      10.135803        6.757201        3.378600        0.000000
    5 H5      13.514405       10.135803        6.757201        3.378602        0.000000
    6 H6      16.893006       13.514405       10.135803        6.757203        3.378602        0.000000
    7 H7      20.271608       16.893006       13.514405       10.135805        6.757203        3.378602
    8 H8      23.650210       20.271608       16.893006       13.514407       10.135805        6.757203
 
               7 H7            8 H8    
    7 H7       0.000000
    8 H8       3.378602        0.000000
 
                    ******************************************* 
                    *    InterNuclear Distances / Angstrom    * 
                    ******************************************* 
 
               1 H1            2 H2            3 H3            4 H4            5 H5            6 H6    
    1 H1       0.000000
    2 H2       1.787879        0.000000
    3 H3       3.575758        1.787879        0.000000
    4 H4       5.363636        3.575757        1.787878        0.000000
    5 H5       7.151515        5.363636        3.575757        1.787879        0.000000
    6 H6       8.939394        7.151515        5.363636        3.575758        1.787879        0.000000
    7 H7      10.727273        8.939394        7.151515        5.363637        3.575758        1.787879
    8 H8      12.515152       10.727273        8.939394        7.151516        5.363637        3.575758
 
               7 H7            8 H8    
    7 H7       0.000000
    8 H8       1.787879        0.000000
--
 
 
            Nuclear Potential Energy              4.06761725 au
 
--- Stop Module: gateway at Sun Oct 26 13:24:49 2025 /rc=_RC_ALL_IS_WELL_ ---
*** files: xmldump
    saved to directory /home/grierjones/DDCASPT2/hydrogen_comps/rerun/H8_chain/H8_1.79

--- Start Module: seward at Sun Oct 26 13:24:49 2025 ---
 
()()()()()()()()()()()()()()()()()()()()()()()()()()()()()()()()()()()()()()()()()()()()()()()()()()

                                              &SEWARD

                                   only a single process is used
                       available to each process: 2.0 GB of memory, 1 thread?
()()()()()()()()()()()()()()()()()()()()()()()()()()()()()()()()()()()()()()()()()()()()()()()()()()
 
               SEWARD will generate:
                  Multipole Moment integrals up to order  2
                  Kinetic Energy integrals
                  Nuclear Attraction integrals (point charge)
                  One-Electron Hamiltonian integrals
                  Velocity integrals
                  Relativistic Douglas-Kroll-Hess integrals:
                    - Parametrization         : EXP
                    - DKH order of Hamiltonian: 2
                    - DKH order of Properties : 0
                         - multipole moment operators
                         - electric potential operators
                         - contact operators
                  Atomic mean-field integrals
                  Two-Electron Repulsion integrals
 
                   Integrals are discarded if absolute value <: 0.10E-13
                   Integral cutoff threshold is set to       <: 0.10E-15
 
            Nuclear Potential Energy              4.06761725 au
 
 
      Basis set specifications :
      Symmetry species         a  
      Basis functions           40
 
 
  Input file to MOLDEN was generated!
 
forrtl: warning (525): IEEE_DIVIDE_BY_ZERO is signaling
forrtl: warning (526): IEEE_INVALID is signaling
forrtl: warning (528): IEEE_UNDERFLOW is signaling
--- Stop Module: seward at Sun Oct 26 13:24:49 2025 /rc=_RC_ALL_IS_WELL_ ---
*** files: H8_1.79.GssOrb H8_1.79.guessorb.h5 H8_1.79.guessorb.molden xmldump
    saved to directory /home/grierjones/DDCASPT2/hydrogen_comps/rerun/H8_chain/H8_1.79

*** symbolic link created: INPORB -> H8_1.79.GssOrb
--- Start Module: scf at Sun Oct 26 13:24:49 2025 ---
 
()()()()()()()()()()()()()()()()()()()()()()()()()()()()()()()()()()()()()()()()()()()()()()()()()()

                                                &SCF

                                   only a single process is used
                       available to each process: 2.0 GB of memory, 1 thread?
()()()()()()()()()()()()()()()()()()()()()()()()()()()()()()()()()()()()()()()()()()()()()()()()()()
 
++    Input section:
      --------------
 
      Header of the integral files:
      
       Integrals generated by seward 4.2.0  , Sun Oct 26 13:24:49 2025
 
 
      Cartesian coordinates in Angstrom:
      -----------------------------------------------------
      No.  Label        X            Y            Z        
      -----------------------------------------------------
       1   H1         0.00000000   0.00000000   0.00000000
       2   H2         0.00000000   0.00000000   1.78787900
       3   H3         0.00000000   0.00000000   3.57575800
       4   H4         0.00000000   0.00000000   5.36363600
       5   H5         0.00000000   0.00000000   7.15151500
       6   H6         0.00000000   0.00000000   8.93939400
       7   H7         0.00000000   0.00000000  10.72727300
       8   H8         0.00000000   0.00000000  12.51515200
      -----------------------------------------------------
      Nuclear repulsion energy =    4.06761725
--
 
++    Orbital specifications:
      -----------------------
 
      Symmetry species               1
                                     a
      Frozen orbitals                0
      Occupied orbitals              4
      Secondary orbitals            36
      Deleted orbitals               0
      Total number of orbitals      40
      Number of basis functions     40
--
 
      Molecular charge                           0.000
 
++    Optimization specifications:
      ----------------------------
 
      SCF Algorithm: Conventional
      Minimized density differences are used
      Number of density matrices in core                5
      Maximum number of NDDO SCF iterations           400
      Maximum number of HF SCF iterations             400
      Threshold for SCF energy change            0.10E-08
      Threshold for density matrix               0.10E-03
      Threshold for Fock matrix                  0.15E-03
      Threshold for linear dependence            0.10E-08
      Threshold at which DIIS is turned on       0.15E+00
      Threshold at which QNR/C2DIIS is turned on 0.75E-01
      Threshold for Norm(delta) (QNR/C2DIIS)     0.20E-04
      DIIS extrapolation of the SCF procedure
      All orbitals punched on: SCFORB
--
 
      Input vectors read from INPORB
      Orbital file label: *Guess orbitals
 
 
++ Convergence information
                                   SCF        iterations: Energy and convergence statistics
 
Iter     Tot. SCF        One-elec.       Two-elec.     Energy      Max Dij or  Max Fij      DNorm      TNorm      AccCon     Time
         Energy          Energy          Energy        Change      Delta Norm                                                in Sec.
   1    -3.676628074   -12.463664923     4.719419596   0.00E+00    0.29E+00*   0.89E-01*    0.39E+01   0.95E+01   None         0.
   2    -3.810397495   -12.443065759     4.565051012  -0.13E+00*   0.10E+00*   0.15E-01*    0.12E+01   0.94E+01   EDIIS        0.
   3    -3.817504847   -12.389544125     4.504422025  -0.71E-02*   0.50E-01*   0.78E-02*    0.25E+00   0.93E+01   EDIIS        0.
   4    -3.818744907   -12.388723785     4.502361626  -0.12E-02*   0.21E-01*   0.56E-02*    0.98E-01   0.93E+01   c2DIIS       0.
   5    -3.819217285   -12.383668146     4.496833608  -0.47E-03*   0.52E-02*   0.12E-02*    0.17E-01   0.93E+01   QNRc2DIIS    0.
   6    -3.819246669   -12.384877106     4.498013185  -0.29E-04*   0.62E-02*   0.54E-03*    0.30E-02   0.93E+01   QNRc2DIIS    0.
   7    -3.819258632   -12.384434811     4.497558927  -0.12E-04*   0.16E-03*   0.46E-04     0.98E-03   0.93E+01   QNRc2DIIS    0.
   8    -3.819258665   -12.384381129     4.497505212  -0.34E-07*   0.42E-04*   0.10E-04     0.28E-03   0.93E+01   QNRc2DIIS    0.
   9    -3.819258667   -12.384365931     4.497490012  -0.17E-08*   0.72E-05    0.19E-05     0.62E-04   0.93E+01   QNRc2DIIS    0.
  10    -3.819258667   -12.384363416     4.497487496  -0.51E-10    0.97E-06    0.26E-06     0.91E-05   0.93E+01   QNRc2DIIS    0.
 
       Convergence after 10 Macro Iterations
--
 
 *****************************************************************************************************************************
 *                                                                                                                           *
 *                                             SCF/KS-DFT Program, Final results                                             *
 *                                                                                                                           *
 *                                                                                                                           *
 *                                                                                                                           *
 *                                                       Final Results                                                       *
 *                                                                                                                           *
 *****************************************************************************************************************************
 
::    Total SCF energy                                 -3.8192586670
      One-electron energy                             -12.3843634155
      Two-electron energy                               4.4974874961
      Nuclear repulsion energy                          4.0676172524
      Kinetic energy (interpolated)                     2.8366496151
      Virial theorem                                    1.3463977527
      Total spin, S(S+1)                                0.0000000000
      Total spin, S                                     0.0000000000
      Max non-diagonal density matrix element           0.0000013262
      Max non-diagonal Fock matrix element              0.0000000266
 
 
      All orbitals with orbital energies smaller than  E(LUMO)+0.5 are printed
 
++    Molecular orbitals:
      -------------------
 
      Title: SCF orbitals

      Molecular orbitals for symmetry species 1: a  
 
          Orbital            1         2         3         4         5         6         7         8         9        10    
          Energy           -0.4808   -0.4529   -0.4080   -0.3530   -0.1158   -0.0398    0.0420    0.1156    0.3001    0.3281
          Occ. No.          2.0000    2.0000    2.0000    2.0000    0.0000    0.0000    0.0000    0.0000    0.0000    0.0000
 
        1 H1     1s         0.1437   -0.2738    0.3643   -0.3332    0.4418   -0.5824    0.5203   -0.3078   -0.1320    0.1798
        2 H1     2s         0.0121   -0.0266    0.0465   -0.0574    0.1562   -0.2473    0.2610   -0.1787    0.2375   -0.4271
        3 H1     2px        0.0000   -0.0000   -0.0000   -0.0000   -0.0000    0.0000   -0.0000    0.0000    0.0000   -0.0000
        4 H1     2py       -0.0000    0.0000   -0.0000    0.0000   -0.0000    0.0000    0.0000   -0.0000   -0.0000    0.0000
        5 H1     2pz        0.0094   -0.0152    0.0154   -0.0100   -0.0027    0.0147   -0.0293    0.0304   -0.0340    0.0478
        6 H2     1s         0.2185   -0.3682    0.3880   -0.2486   -0.1984    0.5552   -0.7641    0.5732   -0.1351    0.1272
        7 H2     2s         0.0148   -0.0472    0.0868   -0.0838   -0.0621    0.2292   -0.3410    0.2542    0.1993   -0.2643
        8 H2     2px        0.0000    0.0000   -0.0000    0.0000   -0.0000    0.0000   -0.0000    0.0000    0.0000   -0.0000
        9 H2     2py       -0.0000   -0.0000   -0.0000    0.0000    0.0000   -0.0000    0.0000   -0.0000    0.0000   -0.0000
       10 H2     2pz        0.0015    0.0038   -0.0146    0.0188   -0.0240    0.0205    0.0035   -0.0227    0.0058   -0.0308
       11 H3     1s         0.3252   -0.2868   -0.1158    0.4201   -0.5012    0.0847    0.6452   -0.7686   -0.1938    0.1745
       12 H3     2s         0.0312   -0.0229   -0.0423    0.1087   -0.1801    0.0278    0.2837   -0.3401    0.2384   -0.1974
       13 H3     2px       -0.0000    0.0000   -0.0000   -0.0000    0.0000   -0.0000   -0.0000    0.0000    0.0000   -0.0000
       14 H3     2py       -0.0000   -0.0000   -0.0000   -0.0000   -0.0000   -0.0000   -0.0000   -0.0000   -0.0000   -0.0000
       15 H3     2pz        0.0073    0.0025   -0.0160    0.0134    0.0166   -0.0302    0.0134    0.0200   -0.0127   -0.0133
       16 H4     1s         0.3541   -0.1757   -0.2881    0.3713    0.4012   -0.5192   -0.2796    0.8732   -0.1833   -0.0015
       17 H4     2s         0.0288   -0.0367   -0.0391    0.1026    0.1401   -0.2176   -0.1216    0.3826    0.2584   -0.0885
       18 H4     2px        0.0000    0.0000    0.0000    0.0000    0.0000    0.0000    0.0000   -0.0000    0.0000    0.0000
       19 H4     2py       -0.0000   -0.0000    0.0000    0.0000   -0.0000   -0.0000    0.0000    0.0000   -0.0000   -0.0000
       20 H4     2pz       -0.0029    0.0130   -0.0038   -0.0177    0.0235    0.0097   -0.0349   -0.0003    0.0039   -0.0317
       21 H5     1s         0.3541    0.1757   -0.2881   -0.3713    0.4012    0.5192   -0.2796   -0.8732   -0.1833    0.0015
       22 H5     2s         0.0288    0.0367   -0.0391   -0.1026    0.1401    0.2176   -0.1216   -0.3826    0.2584    0.0885
       23 H5     2px        0.0000    0.0000    0.0000    0.0000   -0.0000    0.0000    0.0000   -0.0000    0.0000    0.0000
       24 H5     2py       -0.0000    0.0000    0.0000   -0.0000    0.0000    0.0000   -0.0000   -0.0000   -0.0000   -0.0000
       25 H5     2pz        0.0029    0.0130    0.0038   -0.0177   -0.0235    0.0097    0.0349   -0.0003   -0.0039   -0.0317
       26 H6     1s         0.3252    0.2868   -0.1158   -0.4201   -0.5012   -0.0847    0.6452    0.7686   -0.1938   -0.1745
       27 H6     2s         0.0312    0.0229   -0.0423   -0.1087   -0.1801   -0.0278    0.2837    0.3401    0.2384    0.1974
       28 H6     2px       -0.0000   -0.0000   -0.0000    0.0000    0.0000   -0.0000    0.0000   -0.0000   -0.0000    0.0000
       29 H6     2py        0.0000   -0.0000    0.0000    0.0000    0.0000    0.0000    0.0000    0.0000    0.0000   -0.0000
       30 H6     2pz       -0.0073    0.0025    0.0160    0.0134   -0.0166   -0.0302   -0.0134    0.0200    0.0127   -0.0133
       31 H7     1s         0.2185    0.3682    0.3880    0.2486   -0.1984   -0.5552   -0.7641   -0.5732   -0.1351   -0.1272
       32 H7     2s         0.0148    0.0472    0.0868    0.0838   -0.0621   -0.2292   -0.3410   -0.2542    0.1993    0.2643
       33 H7     2px        0.0000   -0.0000   -0.0000    0.0000    0.0000    0.0000    0.0000    0.0000   -0.0000   -0.0000
       34 H7     2py        0.0000    0.0000   -0.0000   -0.0000   -0.0000   -0.0000    0.0000    0.0000   -0.0000    0.0000
       35 H7     2pz       -0.0015    0.0038    0.0146    0.0188    0.0240    0.0205   -0.0035   -0.0227   -0.0058   -0.0308
       36 H8     1s         0.1437    0.2738    0.3643    0.3332    0.4418    0.5824    0.5203    0.3078   -0.1320   -0.1798
       37 H8     2s         0.0121    0.0266    0.0465    0.0574    0.1562    0.2473    0.2610    0.1787    0.2375    0.4271
       38 H8     2px       -0.0000    0.0000   -0.0000    0.0000    0.0000   -0.0000   -0.0000    0.0000    0.0000    0.0000
       39 H8     2py        0.0000   -0.0000   -0.0000   -0.0000    0.0000   -0.0000    0.0000    0.0000   -0.0000   -0.0000
       40 H8     2pz       -0.0094   -0.0152   -0.0154   -0.0100    0.0027    0.0147    0.0293    0.0304    0.0340    0.0478
 
          Orbital           11    
          Energy            0.3833
          Occ. No.          0.0000
 
        1 H1     1s        -0.0927
        2 H1     2s         0.5682
        3 H1     2px        0.0000
        4 H1     2py       -0.0000
        5 H1     2pz       -0.0442
        6 H2     1s        -0.0304
        7 H2     2s         0.1021
        8 H2     2px        0.0000
        9 H2     2py       -0.0000
       10 H2     2pz        0.0753
       11 H3     1s         0.0191
       12 H3     2s        -0.1438
       13 H3     2px        0.0000
       14 H3     2py        0.0000
       15 H3     2pz        0.0291
       16 H4     1s         0.1474
       17 H4     2s        -0.3472
       18 H4     2px        0.0000
       19 H4     2py       -0.0000
       20 H4     2pz        0.0279
       21 H5     1s         0.1474
       22 H5     2s        -0.3472
       23 H5     2px       -0.0000
       24 H5     2py       -0.0000
       25 H5     2pz       -0.0279
       26 H6     1s         0.0191
       27 H6     2s        -0.1438
       28 H6     2px        0.0000
       29 H6     2py       -0.0000
       30 H6     2pz       -0.0291
       31 H7     1s        -0.0304
       32 H7     2s         0.1021
       33 H7     2px       -0.0000
       34 H7     2py       -0.0000
       35 H7     2pz       -0.0753
       36 H8     1s        -0.0927
       37 H8     2s         0.5682
       38 H8     2px       -0.0000
       39 H8     2py       -0.0000
       40 H8     2pz        0.0442
--
 
 
++    Molecular charges:
      ------------------
 
      Mulliken charges per centre and basis function type
      ---------------------------------------------------
 
                H1      H2      H3      H4      H5      H6      H7      H8    
      1s       0.8901  0.9929  0.9545  0.9605  0.9605  0.9545  0.9929  0.8901
      2s       0.0407  0.0481  0.0268  0.0313  0.0313  0.0268  0.0481  0.0407
      2px      0.0000  0.0000  0.0000  0.0000  0.0000  0.0000  0.0000  0.0000
      2pz      0.0112  0.0152  0.0143  0.0145  0.0145  0.0143  0.0152  0.0112
      2py      0.0000  0.0000  0.0000  0.0000  0.0000  0.0000  0.0000  0.0000
      Total    0.9419  1.0562  0.9956  1.0063  1.0063  0.9956  1.0562  0.9419
 
      N-E      0.0581 -0.0562  0.0044 -0.0063 -0.0063  0.0044 -0.0562  0.0581
 
      Total electronic charge=    8.000000
 
      Total            charge=   -0.000000
--
 
 
  Input file to MOLDEN was generated!
 
 
++    Static properties:
      ------------------
 
 
      LoProp Charges per center
 

                   H1       H2       H3       H4       H5       H6       H7       H8    
      Nuclear      1.0000   1.0000   1.0000   1.0000   1.0000   1.0000   1.0000   1.0000
      Electronic  -0.9742  -1.0208  -0.9987  -1.0063  -1.0063  -0.9987  -1.0208  -0.9742
 
      Total        0.0258  -0.0208   0.0013  -0.0063  -0.0063   0.0013  -0.0208   0.0258
--
 
 
++    Natural Bond Order analysis
      ---------------------------
      Based on LoProp computed density
      -------------------------------------------------------------------------------------
      Atom A       Atom B       Bond Order
      -------------------------------------------------------------------------------------
      NBO located      0.946 non-bonded electrons on atom H1        
      NBO located      1.012 non-bonded electrons on atom H3        
      NBO located      1.019 non-bonded electrons on atom H4        
      NBO located      1.019 non-bonded electrons on atom H5        
      NBO located      1.012 non-bonded electrons on atom H6        
      NBO located      0.946 non-bonded electrons on atom H8        
      The remaining    2.048 electrons are to be considered as diffuse
--
 
 
++    Molecular properties:
      ---------------------
 
      Charge (e):
                      =   -0.0000
      Dipole Moment (Debye):
      Origin of the operator (Ang)=    0.0000    0.0000    0.0000
                   X=  1.3978E-14               Y=  1.9810E-13               Z= -2.3926E-10           Total=  2.3926E-10
      Quadrupole Moment (Debye*Ang):
      Origin of the operator (Ang)=    0.0000    0.0000    6.2576
                  XX= -1.5220E+01              XY=  2.9158E-28              XZ=  4.6242E-15              YY= -1.5220E+01
                  YZ= -1.1566E-12              ZZ= -1.0432E+00
      In traceless form (Debye*Ang)
                  XX= -7.0886E+00              XY=  4.3737E-28              XZ=  6.9363E-15              YY= -7.0886E+00
                  YZ= -1.7349E-12              ZZ=  1.4177E+01
--
 
 
  Input file to MOLDEN was generated!
 
 ###############################################################################
 ###############################################################################
 ###                                                                         ###
 ###                                                                         ###
 ###    RunFile label nBas                                                   ###
 ###    was used       78 times                                              ###
 ###                                                                         ###
 ###                                                                         ###
 ###############################################################################
 ###############################################################################
forrtl: warning (528): IEEE_UNDERFLOW is signaling
--- Stop Module: scf at Sun Oct 26 13:24:50 2025 /rc=_RC_ALL_IS_WELL_ ---
*** files: H8_1.79.LprOrb H8_1.79.LoProp.molden H8_1.79.scf.molden H8_1.79.ScfOrb H8_1.79.scf.h5 xmldump
    saved to directory /home/grierjones/DDCASPT2/hydrogen_comps/rerun/H8_chain/H8_1.79

>>> COPY /tmp/H8_1.79/H8_1.79.scf.h5 /home/grierjones/DDCASPT2/hydrogen_comps/rerun/H8_chain/H8_1.79/

*** symbolic link created: INPORB -> H8_1.79.ScfOrb
--- Start Module: rasscf at Sun Oct 26 13:24:50 2025 ---
 
()()()()()()()()()()()()()()()()()()()()()()()()()()()()()()()()()()()()()()()()()()()()()()()()()()

                                              &RASSCF

                                   only a single process is used
                       available to each process: 2.0 GB of memory, 1 thread?
()()()()()()()()()()()()()()()()()()()()()()()()()()()()()()()()()()()()()()()()()()()()()()()()()()
 
 
      Header of the ONEINT file:
      --------------------------
      
      Integrals generated by seward 4.2.0  , Sun Oct 26 13:24:49 2025
 
 
      OrdInt status: non-squared
 
 
      Cartesian coordinates in Angstrom:
      -----------------------------------------------------
      No.  Label        X            Y            Z        
      -----------------------------------------------------
       1   H1         0.00000000   0.00000000   0.00000000
       2   H2         0.00000000   0.00000000   1.78787900
       3   H3         0.00000000   0.00000000   3.57575800
       4   H4         0.00000000   0.00000000   5.36363600
       5   H5         0.00000000   0.00000000   7.15151500
       6   H6         0.00000000   0.00000000   8.93939400
       7   H7         0.00000000   0.00000000  10.72727300
       8   H8         0.00000000   0.00000000  12.51515200
      -----------------------------------------------------
      Nuclear repulsion energy =    4.06761725
 
++    Wave function specifications:
      -----------------------------
 
      Number of closed shell electrons           0
      Number of electrons in active shells       8
      Max number of holes in RAS1 space          0
      Max nr of electrons in RAS3 space          0
      Number of inactive orbitals                0
      Number of active orbitals                  8
      Number of secondary orbitals              32
      Spin quantum number                      0.0
      State symmetry                             1
--
 
++    Orbital specifications:
      -----------------------
 
      Symmetry species                           1
                                                 a
      Frozen orbitals                            0
      Inactive orbitals                          0
      Active orbitals                            8
      RAS1 orbitals                              0
      RAS2 orbitals                              8
      RAS3 orbitals                              0
      Secondary orbitals                        32
      Deleted orbitals                           0
      Number of basis functions                 40
--
 
++    CI expansion specifications:
      ----------------------------
 
      Number of CSFs                          1764
      Number of determinants                  2485
      Number of root(s) required                 1
      Root chosen for geometry opt.              1
      CI root used                               1
         
      highest root included in the CI            1
      max. size of the explicit Hamiltonian    200
--
 
++    Optimization specifications:
      ----------------------------
 
      RASSCF algorithm: Conventional
      Maximum number of macro iterations       200
      Maximum number of SX iterations          100
      Threshold for RASSCF energy            0.100E-07
      Threshold for max MO rotation          0.100E+00
      Threshold for max BLB element          0.100E-03
      Level shift parameter                  0.500E+00
      Make Quasi-Newton update
--
 
      The MO-coefficients are taken from the file:
      /home/grierjones/DDCASPT2/hydrogen_comps/rerun/H8_chain/H8_0.60/H8_0.60.RasOrb                                                  
      Title: RASSCF average (pseudo-natural) orbitals                                      
 
      Total molecular charge    0.00
 
      ************************************************************************************************************************
      *                                                                                                                      *
      *                                            Wave function control section                                             *
      *                                                                                                                      *
      ************************************************************************************************************************
 
 
                                         RASSCF iterations: Energy and convergence statistics
                                         ----------------------------------------------------
 
      Iter CI   SX   CI       RASSCF       Energy    max ROT     max BLB   max BLB  Level Ln srch  Step   QN   Walltime
          iter iter root      energy       change     param      element    value   shift minimum  type update hh:mm:ss
 Nr of preliminary CI iterations:   7
        1   1  100    1    -2.88586019    0.00E+00   0.20E+00*   1   9 1 -0.38E+00*  0.36   0.00    SX    NO    0:00:00
        2   7   66    1    -3.56354933   -0.68E+00* -0.19E+00*   1   9 1 -0.26E+00*  0.20   0.00    SX    NO    0:00:00
 ###############################################################################
 ###############################################################################
 ###                                                                         ###
 ###                                                                         ###
 ###    Large orbital rotation.                                              ###
 ###                                                                         ###
 ###                                                                         ###
 ###############################################################################
 ###############################################################################
      Molecular orbital   8 of symmetry 1 MO space 2  weight is    0.233916
 ###############################################################################
 ###############################################################################
 ###                                                                         ###
 ###                                                                         ###
 ###    Large orbital rotation.                                              ###
 ###                                                                         ###
 ###                                                                         ###
 ###############################################################################
 ###############################################################################
      Molecular orbital  15 of symmetry 1 MO space 3  weight is    0.432759
        3   4  100    1    -3.87960720   -0.32E+00*  0.75E+00*   2  10 1  0.14E+00*  0.15   0.00    SX    NO    0:00:00
        4   5  100    1    -3.97999743   -0.10E+00*  0.54E+00*   1   9 1 -0.47E-01*  0.00   0.00    SX    NO    0:00:00
        5   7  100    1    -4.08925147   -0.11E+00* -0.69E-01    3  18 1 -0.37E-01*  0.00   0.00    SX    NO    0:00:00
        6   5   15    1    -4.10802829   -0.19E-01*  0.13E-01    2  36 1  0.90E-02*  0.00   1.11    QN   YES    0:00:00
        7   7   13    1    -4.10881268   -0.78E-03* -0.37E-02    2  10 1  0.17E-02*  0.00   1.05    QN   YES    0:00:00
        8   7   12    1    -4.10886923   -0.57E-04* -0.62E-03    2  10 1  0.52E-03*  0.00   1.10    QN   YES    0:00:00
        9   4   10    1    -4.10887221   -0.30E-05* -0.88E-04    3  28 1  0.71E-04   0.00   1.04    QN   YES    0:00:00
       10   7    8    1    -4.10887237   -0.17E-06*  0.51E-04    3  24 1  0.31E-04   0.00   1.01    QN   YES    0:00:00
       11   1    8    1    -4.10887238   -0.91E-08   0.15E-04    3  28 1 -0.11E-04   0.00   0.79    QN   YES    0:00:00
      Convergence after 11 iterations
 
  Dmat in MO in SXCTL bf call to SXHAM                                                                                    
  mat. size =     8x    8
 
        1.7404040128334850
       -0.0010197909413062      1.6485102933555256
       -0.0150324579658859     -0.0020211181653428      1.6010598515324876
       -0.0002305034584585     -0.0530860436053485      0.0002638290237072      1.4815415983145255
       -0.1619023159489280      0.0023469190485492     -0.0430121441476945     -0.0022501117403840      0.2940902079915023
       -0.0001841690402192      0.2322479510365468      0.0005451412692192     -0.0138861656704357     -0.0032137721970692
        0.3153186289281154
        0.0794823180345186     -0.0013559295870680     -0.1786067374029569      0.0011069468820606      0.0231757115282828
        0.0016439078761299      0.5801375747351554
        0.0108103332378274      0.1736703870235729      0.0148049493485173     -0.0191318774094505      0.0013160752887919
       -0.0460855621512083      0.0029555573850230      0.3389378323091999
       12   1    8    1    -4.10887238   -0.15E-08   0.15E-04    3  24 1  0.18E-05   0.00   0.79    QN   YES    0:00:00
 
      ************************************************************************************************************************
                                                      Wave function printout:
                       occupation of active orbitals, and spin coupling of open shells (u,d: Spin up or down)
      ************************************************************************************************************************
 
      Note: transformation to natural orbitals
      has been made, which may change the order of the CSFs.
 
      printout of CI-coefficients larger than  0.05 for root  1
      energy=      -4.108872
      conf/sym  11111111     Coeff  Weight
             1  22220000  -0.66193 0.43816
            23  22200020   0.26951 0.07263
            27  22200002   0.06600 0.00436
            34  22udu00d   0.05690 0.00324
            36  22ud00ud  -0.25043 0.06271
            41  2u2du0d0  -0.18830 0.03546
            45  2u2d0u0d   0.06946 0.00482
            47  2u2d0002   0.07264 0.00528
            52  u22d0ud0  -0.19010 0.03614
            54  u22du00d   0.09076 0.00824
            58  22022000   0.05265 0.00277
            61  2202u0d0  -0.07197 0.00518
            63  22020020   0.07421 0.00551
            67  22020002   0.13725 0.01884
            72  2ud20ud0  -0.09167 0.00840
            74  2ud2u00d   0.16530 0.02732
            76  2ud200ud  -0.06549 0.00429
            81  u2d2u0d0  -0.07799 0.00608
            85  u2d20u0d   0.12251 0.01501
            88  20222000   0.09064 0.00821
            97  20220002   0.06033 0.00364
            99  ud22ud00   0.10993 0.01209
           106  ud2200ud  -0.06210 0.00386
           110  02220200   0.07954 0.00633
           123  22uu00dd   0.07730 0.00597
           125  2u2ud0d0  -0.07002 0.00490
           132  u22u0dd0  -0.07378 0.00544
           573  22000022  -0.10081 0.01016
           586  2ud0u02d   0.09734 0.00948
           607  u2d00u2d   0.07740 0.00599
           617  20202020  -0.06211 0.00386
           638  ud20ud20  -0.05749 0.00330
           659  02200220  -0.05159 0.00266
           691  2u0du0d2  -0.07407 0.00549
           712  u20d0ud2  -0.05858 0.00343
           722  20ud20ud   0.05208 0.00271
           743  udududud   0.07387 0.00546
           785  uudduudd   0.07410 0.00549
 
      Natural orbitals and occupation numbers for root  1
      sym 1:   1.766747   1.720775   1.629453   1.468337   0.272200   0.220363   0.547519   0.374605
 
      ************************************************************************************************************************
      *                                                                                                                      *
      *                                                    Final results                                                     *
      *                                                                                                                      *
      ************************************************************************************************************************
 
 
++    Wave function specifications:
      -----------------------------
 
      Number of closed shell electrons           0
      Number of electrons in active shells       8
      Max number of holes in RAS1 space          0
      Max nr of electrons in RAS3 space          0
      Number of inactive orbitals                0
      Number of active orbitals                  8
      Number of secondary orbitals              32
      Spin quantum number                      0.0
      State symmetry                             1
--
 
++    Orbital specifications:
      -----------------------
 
      Symmetry species                           1
                                                 a
      Frozen orbitals                            0
      Inactive orbitals                          0
      Active orbitals                            8
      RAS1 orbitals                              0
      RAS2 orbitals                              8
      RAS3 orbitals                              0
      Secondary orbitals                        32
      Deleted orbitals                           0
      Number of basis functions                 40
--
 
++    CI expansion specifications:
      ----------------------------
 
      Number of CSFs                          1764
      Number of determinants                  2485
      Number of root(s) required                 1
      CI root used                               1
      highest root included in the CI            1
      Root passed to geometry opt.               1
--
 
++    Final optimization conditions:
      ------------------------------
 
      Average CI energy                              -4.10887238
      RASSCF energy for state  1                     -4.10887238
      Super-CI energy                                -0.00000000
      RASSCF energy change                            0.00000000
      Max change in MO coefficients              -0.293E-04
      Max non-diagonal density matrix element     0.155E-04
      Maximum BLB matrix element                  0.178E-05
      (orbital pair   3,  24 in symmetry   1)
      Norm of electronic gradient            0.533E-05
--
 
 
      Final state energy(ies):
      ------------------------
 
::    RASSCF root number  1 Total energy:     -4.10887238
 
++    Molecular orbitals:
      -------------------
 
      Pseudonatural active orbitals and approximate occupation numbers
 
 
 
 
      Molecular orbitals for symmetry species 1: a  
 
 
      Orbital                1         2         3         4         5         6         7         8         9        10
      Energy            0.0000    0.0000    0.0000    0.0000    0.0000    0.0000    0.0000    0.0000    0.3062    0.3328
      Occ. No.          1.7667    1.7208    1.6295    1.4683    0.2722    0.2204    0.5475    0.3746    0.0000    0.0000
 
    1 H1     1s         0.1586   -0.2995    0.3831   -0.3365    0.4668    0.2714   -0.4077    0.5287   -0.0828   -0.0801
    2 H1     2s         0.0068   -0.0155    0.0261   -0.0297    0.0512    0.0327   -0.0403    0.0530    0.2602    0.4756
    3 H1     2px       -0.0000    0.0000   -0.0000    0.0000   -0.0000   -0.0000    0.0000   -0.0000    0.0000    0.0000
    4 H1     2py       -0.0000    0.0000   -0.0000    0.0000   -0.0000   -0.0000    0.0000   -0.0000    0.0000    0.0000
    5 H1     2pz        0.0049   -0.0076    0.0070   -0.0040    0.0055    0.0040   -0.0027    0.0046   -0.0337   -0.0502
    6 H2     1s         0.2348   -0.3821    0.3781   -0.2267   -0.6446   -0.4627    0.1814   -0.4883   -0.1639   -0.2071
    7 H2     2s         0.0078   -0.0271    0.0518   -0.0538   -0.1145   -0.0930    0.0016   -0.0644    0.1786    0.2113
    8 H2     2px        0.0000    0.0000    0.0000    0.0000   -0.0000   -0.0000    0.0000    0.0000    0.0000    0.0000
    9 H2     2py        0.0000   -0.0000    0.0000   -0.0000   -0.0000   -0.0000    0.0000   -0.0000    0.0000    0.0000
   10 H2     2pz        0.0030    0.0000   -0.0077    0.0111    0.0013    0.0016    0.0075   -0.0032    0.0039    0.0309
   11 H3     1s         0.3284   -0.2856   -0.1205    0.4332    0.5310    0.6272    0.4967   -0.1078   -0.1580   -0.0858
   12 H3     2s         0.0152   -0.0097   -0.0283    0.0675    0.1065    0.1240    0.0706   -0.0020    0.2482    0.2243
   13 H3     2px        0.0000    0.0000   -0.0000    0.0000   -0.0000   -0.0000   -0.0000    0.0000    0.0000    0.0000
   14 H3     2py       -0.0000    0.0000   -0.0000    0.0000   -0.0000   -0.0000   -0.0000    0.0000    0.0000    0.0000
   15 H3     2pz        0.0021    0.0041   -0.0100    0.0064    0.0043    0.0036   -0.0033    0.0042   -0.0094    0.0138
   16 H4     1s         0.3599   -0.1599   -0.3039    0.3736   -0.2371   -0.7005   -0.3976    0.4830   -0.1737   -0.0553
   17 H4     2s         0.0142   -0.0192   -0.0214    0.0642   -0.0348   -0.1417   -0.0474    0.0923    0.2554    0.0601
   18 H4     2px       -0.0000   -0.0000    0.0000   -0.0000   -0.0000    0.0000   -0.0000   -0.0000   -0.0000   -0.0000
   19 H4     2py       -0.0000   -0.0000    0.0000   -0.0000   -0.0000    0.0000   -0.0000   -0.0000   -0.0000   -0.0000
   20 H4     2pz        0.0008    0.0074   -0.0040   -0.0098   -0.0007    0.0035   -0.0052   -0.0033    0.0004    0.0292
   21 H5     1s         0.3599    0.1599   -0.3038   -0.3736   -0.2371    0.7005   -0.3976   -0.4830   -0.1737    0.0553
   22 H5     2s         0.0142    0.0192   -0.0214   -0.0642   -0.0348    0.1417   -0.0474   -0.0923    0.2554   -0.0601
   23 H5     2px       -0.0000    0.0000   -0.0000   -0.0000   -0.0000   -0.0000   -0.0000    0.0000   -0.0000   -0.0000
   24 H5     2py       -0.0000    0.0000   -0.0000   -0.0000   -0.0000   -0.0000   -0.0000    0.0000   -0.0000   -0.0000
   25 H5     2pz       -0.0008    0.0074    0.0040   -0.0098    0.0007    0.0035    0.0052   -0.0033   -0.0005    0.0292
   26 H6     1s         0.3284    0.2856   -0.1205   -0.4332    0.5310   -0.6272    0.4967    0.1078   -0.1580    0.0858
   27 H6     2s         0.0152    0.0097   -0.0283   -0.0675    0.1065   -0.1240    0.0706    0.0020    0.2482   -0.2243
   28 H6     2px        0.0000    0.0000   -0.0000    0.0000   -0.0000    0.0000    0.0000    0.0000    0.0000   -0.0000
   29 H6     2py        0.0000    0.0000   -0.0000    0.0000   -0.0000    0.0000    0.0000    0.0000    0.0000   -0.0000
   30 H6     2pz       -0.0021    0.0041    0.0100    0.0064   -0.0043    0.0036    0.0033    0.0042    0.0094    0.0138
   31 H7     1s         0.2348    0.3821    0.3781    0.2267   -0.6446    0.4627    0.1814    0.4883   -0.1639    0.2071
   32 H7     2s         0.0078    0.0271    0.0518    0.0538   -0.1145    0.0930    0.0016    0.0644    0.1786   -0.2113
   33 H7     2px       -0.0000   -0.0000   -0.0000   -0.0000    0.0000   -0.0000   -0.0000   -0.0000    0.0000    0.0000
   34 H7     2py       -0.0000   -0.0000   -0.0000   -0.0000    0.0000   -0.0000   -0.0000   -0.0000    0.0000    0.0000
   35 H7     2pz       -0.0030    0.0000    0.0077    0.0111   -0.0013    0.0016   -0.0075   -0.0032   -0.0039    0.0309
   36 H8     1s         0.1586    0.2995    0.3831    0.3365    0.4668   -0.2714   -0.4077   -0.5287   -0.0828    0.0801
   37 H8     2s         0.0068    0.0155    0.0261    0.0297    0.0512   -0.0327   -0.0403   -0.0530    0.2602   -0.4756
   38 H8     2px        0.0000    0.0000    0.0000    0.0000    0.0000   -0.0000   -0.0000   -0.0000   -0.0000    0.0000
   39 H8     2py        0.0000    0.0000    0.0000    0.0000    0.0000   -0.0000   -0.0000   -0.0000   -0.0000    0.0000
   40 H8     2pz       -0.0049   -0.0076   -0.0070   -0.0040   -0.0055    0.0040    0.0027    0.0046    0.0337   -0.0502
 
 
      Orbital               11        12        13        14        15        16        17        18        19        20
      Energy            0.3851    0.4774    0.6180    0.7085    0.7085    0.7487    0.7487    0.7581    0.7898    0.8141
      Occ. No.          0.0000    0.0000    0.0000    0.0000    0.0000    0.0000    0.0000    0.0000    0.0000    0.0000
 
    1 H1     1s        -0.0319    0.2129    0.3771    0.0000    0.0000   -0.0000   -0.0000   -0.0303   -0.4281   -0.0000
    2 H1     2s        -0.6197    0.6936    0.6741    0.0000    0.0000   -0.0000   -0.0000    0.1352   -0.4743   -0.0000
    3 H1     2px       -0.0000    0.0000    0.0000   -0.0024    0.1403    0.0078   -0.2724   -0.0000   -0.0000    0.0054
    4 H1     2py       -0.0000    0.0000    0.0000    0.1403    0.0024   -0.2724   -0.0078   -0.0000   -0.0000    0.3832
    5 H1     2pz        0.0467   -0.0389   -0.0616   -0.0000   -0.0000   -0.0000   -0.0000    0.1836    0.2058    0.0000
    6 H2     1s         0.1370   -0.1025   -0.2468   -0.0000   -0.0000    0.0000    0.0000   -0.0218    0.4762    0.0000
    7 H2     2s        -0.0291   -0.3609   -0.8465   -0.0000   -0.0000    0.0000    0.0000   -0.1514    1.1400    0.0000
    8 H2     2px       -0.0000    0.0000    0.0000   -0.0045    0.2615    0.0118   -0.4124   -0.0000   -0.0000    0.0053
    9 H2     2py       -0.0000    0.0000    0.0000    0.2615    0.0045   -0.4124   -0.0118   -0.0000   -0.0000    0.3776
   10 H2     2pz       -0.0714    0.0898    0.0690    0.0000    0.0000    0.0000    0.0000   -0.2591   -0.1074   -0.0000
   11 H3     1s        -0.0838    0.0672   -0.0511    0.0000    0.0000   -0.0000   -0.0000    0.0089   -0.1965   -0.0000
   12 H3     2s         0.1138   -0.4824   -0.3686    0.0000    0.0000   -0.0000   -0.0000    0.0623   -0.5551   -0.0000
   13 H3     2px       -0.0000   -0.0000   -0.0000   -0.0062    0.3549    0.0104   -0.3637   -0.0000    0.0000   -0.0000
   14 H3     2py       -0.0000    0.0000    0.0000    0.3549    0.0062   -0.3637   -0.0104   -0.0000    0.0000   -0.0019
   15 H3     2pz       -0.0331   -0.0066   -0.0675    0.0000   -0.0000   -0.0000   -0.0000    0.3269    0.0420    0.0000
   16 H4     1s        -0.1066    0.0367    0.1000   -0.0000   -0.0000   -0.0000   -0.0000    0.0000   -0.2258   -0.0000
   17 H4     2s         0.3528   -0.2588    0.5698   -0.0000   -0.0000   -0.0000   -0.0000   -0.0035   -0.6884   -0.0000
   18 H4     2px       -0.0000   -0.0000   -0.0000   -0.0070    0.4042    0.0041   -0.1444   -0.0000    0.0000   -0.0053
   19 H4     2py       -0.0000   -0.0000   -0.0000    0.4042    0.0070   -0.1444   -0.0041   -0.0000    0.0000   -0.3770
   20 H4     2pz       -0.0188   -0.0501   -0.0249   -0.0000   -0.0000    0.0000    0.0000   -0.3636   -0.0085   -0.0000
   21 H5     1s        -0.1066   -0.0367    0.1000   -0.0000   -0.0000    0.0000    0.0000    0.0000    0.2258    0.0000
   22 H5     2s         0.3528    0.2588    0.5698   -0.0000    0.0000    0.0000    0.0000   -0.0035    0.6884    0.0000
   23 H5     2px       -0.0000   -0.0000   -0.0000   -0.0070    0.4042   -0.0041    0.1444    0.0000    0.0000   -0.0053
   24 H5     2py       -0.0000   -0.0000   -0.0000    0.4042    0.0070    0.1444    0.0041    0.0000    0.0000   -0.3770
   25 H5     2pz        0.0188   -0.0501    0.0249    0.0000    0.0000   -0.0000   -0.0000    0.3636   -0.0085   -0.0000
   26 H6     1s        -0.0838   -0.0672   -0.0511    0.0000    0.0000    0.0000   -0.0000    0.0089    0.1965    0.0000
   27 H6     2s         0.1138    0.4824   -0.3686    0.0000    0.0000    0.0000   -0.0000    0.0623    0.5551    0.0000
   28 H6     2px       -0.0000   -0.0000   -0.0000   -0.0062    0.3549   -0.0104    0.3637    0.0000    0.0000   -0.0000
   29 H6     2py       -0.0000   -0.0000   -0.0000    0.3549    0.0062    0.3637    0.0104    0.0000   -0.0000   -0.0019
   30 H6     2pz        0.0331   -0.0066    0.0675   -0.0000    0.0000    0.0000    0.0000   -0.3269    0.0420    0.0000
   31 H7     1s         0.1370    0.1025   -0.2468   -0.0000   -0.0000   -0.0000    0.0000   -0.0218   -0.4762   -0.0000
   32 H7     2s        -0.0291    0.3609   -0.8465   -0.0000   -0.0000   -0.0000    0.0000   -0.1514   -1.1400   -0.0000
   33 H7     2px        0.0000    0.0000   -0.0000   -0.0045    0.2615   -0.0118    0.4124    0.0000   -0.0000    0.0053
   34 H7     2py       -0.0000    0.0000   -0.0000    0.2615    0.0045    0.4124    0.0118    0.0000   -0.0000    0.3776
   35 H7     2pz        0.0714    0.0898   -0.0690   -0.0000   -0.0000   -0.0000   -0.0000    0.2591   -0.1074   -0.0000
   36 H8     1s        -0.0319   -0.2129    0.3771    0.0000    0.0000    0.0000    0.0000   -0.0303    0.4281    0.0000
   37 H8     2s        -0.6197   -0.6936    0.6741    0.0000    0.0000    0.0000   -0.0000    0.1352    0.4743    0.0000
   38 H8     2px        0.0000    0.0000   -0.0000   -0.0024    0.1403   -0.0078    0.2724    0.0000   -0.0000    0.0054
   39 H8     2py        0.0000    0.0000   -0.0000    0.1403    0.0024    0.2724    0.0078    0.0000   -0.0000    0.3832
   40 H8     2pz       -0.0467   -0.0389    0.0616    0.0000    0.0000    0.0000    0.0000   -0.1836    0.2058    0.0000
 
 
      Orbital               21        22        23        24        25        26        27        28        29        30
      Energy            0.8141    0.8222    0.8680    0.9023    0.9023    1.0106    1.0106    1.1258    1.1258    1.2324
      Occ. No.          0.0000    0.0000    0.0000    0.0000    0.0000    0.0000    0.0000    0.0000    0.0000    0.0000
 
    1 H1     1s         0.0000    0.0212   -0.2502   -0.0000   -0.0000    0.0000    0.0000   -0.0000    0.0000    0.0000
    2 H1     2s         0.0000   -0.2091   -0.1230    0.0000   -0.0000   -0.0000   -0.0000    0.0000   -0.0000    0.0000
    3 H1     2px       -0.3832    0.0000   -0.0000   -0.0155   -0.4546    0.0313    0.4772   -0.2476    0.3686    0.0873
    4 H1     2py        0.0054    0.0000   -0.0000   -0.4546    0.0155    0.4772   -0.0313   -0.3686   -0.2476    0.3336
    5 H1     2pz       -0.0000   -0.2754    0.3084   -0.0000   -0.0000    0.0000    0.0000    0.0000   -0.0000    0.0000
    6 H2     1s        -0.0000    0.0411    0.3162    0.0000   -0.0000    0.0000   -0.0000    0.0000   -0.0000   -0.0000
    7 H2     2s        -0.0000    0.1814    0.6789   -0.0000   -0.0000    0.0000    0.0000   -0.0000    0.0000   -0.0000
    8 H2     2px       -0.3776    0.0000   -0.0000   -0.0053   -0.1545   -0.0113   -0.1729    0.2520   -0.3753   -0.1358
    9 H2     2py        0.0053    0.0000   -0.0000   -0.1545    0.0053   -0.1729    0.0113    0.3753    0.2520   -0.5188
   10 H2     2pz        0.0000    0.3352   -0.2003    0.0000    0.0000   -0.0000   -0.0000   -0.0000    0.0000   -0.0000
   11 H3     1s         0.0000    0.0780   -0.3696   -0.0000   -0.0000    0.0000    0.0000    0.0000   -0.0000    0.0000
   12 H3     2s         0.0000    0.2148   -0.9511    0.0000    0.0000   -0.0000   -0.0000    0.0000   -0.0000    0.0000
   13 H3     2px        0.0019    0.0000    0.0000    0.0136    0.4003   -0.0277   -0.4220   -0.0007    0.0010    0.1196
   14 H3     2py       -0.0000    0.0000    0.0000    0.4003   -0.0136   -0.4220    0.0277   -0.0010   -0.0007    0.4568
   15 H3     2pz       -0.0000   -0.2862   -0.0147   -0.0000   -0.0000   -0.0000   -0.0000    0.0000   -0.0000    0.0000
   16 H4     1s         0.0000   -0.2131    0.1739    0.0000    0.0000    0.0000    0.0000   -0.0000    0.0000   -0.0000
   17 H4     2s         0.0000   -0.6430    0.4476   -0.0000   -0.0000    0.0000    0.0000    0.0000   -0.0000   -0.0000
   18 H4     2px        0.3770   -0.0000    0.0000    0.0101    0.2962    0.0207    0.3160   -0.2501    0.3725   -0.0474
   19 H4     2py       -0.0053   -0.0000    0.0000    0.2962   -0.0101    0.3160   -0.0207   -0.3725   -0.2501   -0.1811
   20 H4     2pz        0.0000    0.1122    0.2022   -0.0000   -0.0000    0.0000    0.0000   -0.0000    0.0000    0.0000
   21 H5     1s        -0.0000    0.2131    0.1739   -0.0000   -0.0000   -0.0000   -0.0000    0.0000   -0.0000    0.0000
   22 H5     2s        -0.0000    0.6430    0.4476   -0.0000    0.0000    0.0000    0.0000    0.0000    0.0000   -0.0000
   23 H5     2px        0.3770   -0.0000    0.0000   -0.0101   -0.2962    0.0207    0.3160    0.2501   -0.3725   -0.0474
   24 H5     2py       -0.0053   -0.0000   -0.0000   -0.2962    0.0101    0.3160   -0.0207    0.3725    0.2501   -0.1811
   25 H5     2pz        0.0000    0.1122   -0.2022    0.0000    0.0000   -0.0000   -0.0000   -0.0000    0.0000   -0.0000
   26 H6     1s         0.0000   -0.0780   -0.3696    0.0000    0.0000    0.0000    0.0000   -0.0000    0.0000    0.0000
   27 H6     2s        -0.0000   -0.2148   -0.9511    0.0000    0.0000    0.0000   -0.0000   -0.0000    0.0000    0.0000
   28 H6     2px        0.0019    0.0000   -0.0000   -0.0136   -0.4003   -0.0277   -0.4220    0.0007   -0.0010    0.1196
   29 H6     2py       -0.0000    0.0000   -0.0000   -0.4003    0.0136   -0.4220    0.0277    0.0010    0.0007    0.4568
   30 H6     2pz       -0.0000   -0.2862    0.0147   -0.0000   -0.0000   -0.0000   -0.0000    0.0000   -0.0000    0.0000
   31 H7     1s         0.0000   -0.0411    0.3162   -0.0000   -0.0000    0.0000    0.0000   -0.0000    0.0000   -0.0000
   32 H7     2s         0.0000   -0.1814    0.6789   -0.0000   -0.0000   -0.0000   -0.0000    0.0000   -0.0000   -0.0000
   33 H7     2px       -0.3776    0.0000   -0.0000    0.0053    0.1545   -0.0113   -0.1729   -0.2520    0.3753   -0.1358
   34 H7     2py        0.0053    0.0000    0.0000    0.1545   -0.0053   -0.1729    0.0113   -0.3753   -0.2520   -0.5188
   35 H7     2pz        0.0000    0.3352    0.2003   -0.0000   -0.0000    0.0000    0.0000   -0.0000    0.0000    0.0000
   36 H8     1s        -0.0000   -0.0212   -0.2502    0.0000   -0.0000   -0.0000   -0.0000    0.0000   -0.0000    0.0000
   37 H8     2s        -0.0000    0.2091   -0.1230    0.0000    0.0000    0.0000    0.0000   -0.0000    0.0000   -0.0000
   38 H8     2px       -0.3832    0.0000   -0.0000    0.0155    0.4546    0.0313    0.4772    0.2476   -0.3686    0.0873
   39 H8     2py        0.0054    0.0000    0.0000    0.4546   -0.0155    0.4772   -0.0313    0.3686    0.2476    0.3336
   40 H8     2pz       -0.0000   -0.2754   -0.3084    0.0000    0.0000   -0.0000   -0.0000    0.0000   -0.0000   -0.0000
 
 
      Orbital               31        32        33        34        35        36        37        38        39        40
      Energy            1.2324    1.3090    1.3090    1.3423    1.3530    1.4536    1.5056    1.7183    1.9515    2.1459
      Occ. No.          0.0000    0.0000    0.0000    0.0000    0.0000    0.0000    0.0000    0.0000    0.0000    0.0000
 
    1 H1     1s         0.0000    0.0000    0.0000    0.4134   -0.3406   -0.3263   -0.3568   -0.3200   -0.2627    0.1540
    2 H1     2s         0.0000   -0.0000    0.0000    0.5635   -0.4760   -0.4124   -0.3986   -0.2533   -0.1508    0.0720
    3 H1     2px        0.3336   -0.1554    0.1082   -0.0000    0.0000    0.0000   -0.0000   -0.0000   -0.0000    0.0000
    4 H1     2py       -0.0873   -0.1082   -0.1554   -0.0000    0.0000    0.0000   -0.0000   -0.0000   -0.0000    0.0000
    5 H1     2pz        0.0000   -0.0000    0.0000    0.3229   -0.4941   -0.2138   -0.5735   -0.5191   -0.4024    0.2233
    6 H2     1s        -0.0000   -0.0000   -0.0000   -1.1014    0.7038    0.9588    0.5542    0.2279   -0.0085    0.0766
    7 H2     2s        -0.0000    0.0000   -0.0000   -1.4505    0.7459    1.2275    0.4727    0.1842    0.0666   -0.0249
    8 H2     2px       -0.5188    0.2961   -0.2062   -0.0000   -0.0000   -0.0000   -0.0000   -0.0000   -0.0000    0.0000
    9 H2     2py        0.1358    0.2062    0.2961   -0.0000   -0.0000    0.0000   -0.0000   -0.0000   -0.0000    0.0000
   10 H2     2pz       -0.0000   -0.0000   -0.0000   -0.3041    0.0260    0.2411   -0.3163   -0.6450   -0.7335    0.4918
   11 H3     1s         0.0000   -0.0000    0.0000    1.2894   -0.1240   -1.5154    0.1359    0.2638    0.0820    0.0829
   12 H3     2s         0.0000   -0.0000    0.0000    1.6724   -0.0814   -1.9739    0.0112    0.0305   -0.0154    0.0307
   13 H3     2px        0.4568   -0.3996    0.2782    0.0000    0.0000    0.0000    0.0000    0.0000    0.0000    0.0000
   14 H3     2py       -0.1196   -0.2782   -0.3996    0.0000    0.0000    0.0000    0.0000    0.0000    0.0000    0.0000
   15 H3     2pz       -0.0000   -0.0000   -0.0000   -0.0745    0.5719   -0.0964    0.5270   -0.0461   -0.6640    0.6828
   16 H4     1s        -0.0000    0.0000   -0.0000   -0.5798   -0.7613    1.7707   -0.2828    0.2263    0.2343    0.0191
   17 H4     2s        -0.0000    0.0000   -0.0000   -0.7433   -0.8657    2.3583   -0.1539    0.1231    0.0590   -0.0063
   18 H4     2px       -0.1811    0.4546   -0.3165   -0.0000   -0.0000   -0.0000   -0.0000   -0.0000   -0.0000   -0.0000
   19 H4     2py        0.0474    0.3165    0.4546   -0.0000   -0.0000   -0.0000   -0.0000   -0.0000   -0.0000   -0.0000
   20 H4     2pz        0.0000    0.0000   -0.0000    0.4587   -0.3706    0.0055    0.3931    0.5802   -0.2741    0.7931
   21 H5     1s         0.0000   -0.0000    0.0000   -0.5798    0.7613   -1.7707   -0.2827   -0.2263    0.2343   -0.0191
   22 H5     2s        -0.0000   -0.0000    0.0000   -0.7433    0.8657   -2.3583   -0.1539   -0.1231    0.0590    0.0063
   23 H5     2px       -0.1811   -0.4546    0.3165    0.0000    0.0000    0.0000    0.0000    0.0000    0.0000    0.0000
   24 H5     2py        0.0474   -0.3165   -0.4546    0.0000    0.0000    0.0000    0.0000    0.0000    0.0000    0.0000
   25 H5     2pz       -0.0000   -0.0000    0.0000   -0.4587   -0.3706    0.0055   -0.3931    0.5802    0.2741    0.7931
   26 H6     1s         0.0000    0.0000   -0.0000    1.2894    0.1240    1.5154    0.1359   -0.2638    0.0820   -0.0829
   27 H6     2s         0.0000    0.0000   -0.0000    1.6724    0.0813    1.9739    0.0112   -0.0305   -0.0154   -0.0307
   28 H6     2px        0.4568    0.3996   -0.2782   -0.0000   -0.0000   -0.0000   -0.0000    0.0000   -0.0000   -0.0000
   29 H6     2py       -0.1196    0.2782    0.3996   -0.0000   -0.0000   -0.0000   -0.0000   -0.0000   -0.0000   -0.0000
   30 H6     2pz        0.0000   -0.0000    0.0000    0.0745    0.5719   -0.0964   -0.5270   -0.0461    0.6640    0.6828
   31 H7     1s        -0.0000   -0.0000    0.0000   -1.1014   -0.7038   -0.9588    0.5542   -0.2279   -0.0085   -0.0766
   32 H7     2s        -0.0000   -0.0000    0.0000   -1.4505   -0.7459   -1.2275    0.4727   -0.1842    0.0666    0.0249
   33 H7     2px       -0.5188   -0.2961    0.2062    0.0000    0.0000    0.0000    0.0000   -0.0000    0.0000    0.0000
   34 H7     2py        0.1358   -0.2062   -0.2961    0.0000    0.0000    0.0000    0.0000   -0.0000    0.0000    0.0000
   35 H7     2pz        0.0000    0.0000   -0.0000    0.3041    0.0260    0.2411    0.3163   -0.6450    0.7335    0.4918
   36 H8     1s         0.0000    0.0000   -0.0000    0.4134    0.3406    0.3263   -0.3568    0.3200   -0.2627   -0.1540
   37 H8     2s         0.0000    0.0000   -0.0000    0.5636    0.4760    0.4123   -0.3986    0.2533   -0.1508   -0.0720
   38 H8     2px        0.3336    0.1554   -0.1082   -0.0000   -0.0000   -0.0000    0.0000   -0.0000    0.0000    0.0000
   39 H8     2py       -0.0873    0.1082    0.1554   -0.0000   -0.0000   -0.0000   -0.0000   -0.0000    0.0000    0.0000
   40 H8     2pz       -0.0000   -0.0000    0.0000   -0.3229   -0.4941   -0.2138    0.5735   -0.5191    0.4024    0.2233
--
 
      Von Neumann Entropy (Root  1) =  2.61933
 

      Mulliken population analysis for root number:  1
      -----------------------------------------------
 
 
++    Molecular charges:
      ------------------
 
      Mulliken charges per centre and basis function type
      ---------------------------------------------------
 
                H1      H2      H3      H4      H5      H6      H7      H8    
      1s       0.9727  1.0065  1.0012  0.9999  0.9999  1.0012  1.0065  0.9727
      2s       0.0077  0.0022 -0.0092 -0.0067 -0.0067 -0.0092  0.0022  0.0077
      2px      0.0000  0.0000  0.0000  0.0000  0.0000  0.0000  0.0000  0.0000
      2pz      0.0034  0.0079  0.0072  0.0072  0.0072  0.0072  0.0079  0.0034
      2py      0.0000  0.0000  0.0000  0.0000  0.0000  0.0000  0.0000  0.0000
      Total    0.9839  1.0166  0.9991  1.0004  1.0004  0.9991  1.0166  0.9839
 
      N-E      0.0161 -0.0166  0.0009 -0.0004 -0.0004  0.0009 -0.0166  0.0161
 
      Total electronic charge=    8.000000
 
      Total            charge=   -0.000000
--
 
 

      Expectation values of various properties for root number:  1
      -----------------------------------------------------------
 
 
++    Molecular properties:
      ---------------------
 
      Charge (e):
                      =   -0.0000
      Dipole Moment (Debye):
      Origin of the operator (Ang)=    0.0000    0.0000    0.0000
                   X=  2.0591E-07               Y=  4.0080E-08               Z=  8.8096E-05           Total=  8.8096E-05
      Quadrupole Moment (Debye*Ang):
      Origin of the operator (Ang)=    0.0000    0.0000    6.2576
                  XX= -1.2134E+01              XY= -1.2700E-14              XZ= -1.6443E-06              YY= -1.2134E+01
                  YZ= -5.5639E-07              ZZ= -8.0490E+00
      In traceless form (Debye*Ang)
                  XX= -2.0424E+00              XY= -1.9050E-14              XZ= -2.4665E-06              YY= -2.0424E+00
                  YZ= -8.3458E-07              ZZ=  4.0849E+00
--
 

      LoProp population analysis for root number:  1
      -----------------------------------------------
 
 
++    LoProp analysis:
      ----------------
 
 
 
  Input file to MOLDEN was generated!
 
 
++    Static properties:
      ------------------
 
 
      LoProp Charges per center
 

                   H1       H2       H3       H4       H5       H6       H7       H8    
      Nuclear      1.0000   1.0000   1.0000   1.0000   1.0000   1.0000   1.0000   1.0000
      Electronic  -0.9994  -1.0005  -0.9997  -1.0004  -1.0004  -0.9997  -1.0005  -0.9994
 
      Total        0.0006  -0.0005   0.0003  -0.0004  -0.0004   0.0003  -0.0005   0.0006
--
 
 
      Natural Bond Order analysis for root number:  1
 
++    Natural Bond Order analysis
      ---------------------------
      Based on LoProp computed density
      -------------------------------------------------------------------------------------
      Atom A       Atom B       Bond Order
      -------------------------------------------------------------------------------------
      NBO located      0.988 non-bonded electrons on atom H1        
      NBO located      1.018 non-bonded electrons on atom H3        
      NBO located      1.018 non-bonded electrons on atom H4        
      NBO located      1.018 non-bonded electrons on atom H5        
      NBO located      1.018 non-bonded electrons on atom H6        
      NBO located      0.988 non-bonded electrons on atom H8        
      The remaining    1.951 electrons are to be considered as diffuse
--
 
--
 
 
  Input file to MOLDEN was generated!
 
      Average orbitals are written to the RASORB file
      Natural orbitals for root   1 are written to the RASORB.1 file
      Spin density orbitals for root   1 are written to the SPDORB.1 file
 
forrtl: warning (525): IEEE_DIVIDE_BY_ZERO is signaling
forrtl: warning (526): IEEE_INVALID is signaling
forrtl: warning (528): IEEE_UNDERFLOW is signaling
--- Stop Module: rasscf at Sun Oct 26 13:24:51 2025 /rc=_RC_ALL_IS_WELL_ ---
*** files: H8_1.79.LprOrb H8_1.79.rasscf.molden H8_1.79.LoProp.molden H8_1.79.RasOrb.1 H8_1.79.RasOrb H8_1.79.rasscf.h5 H8_1.79.SpdOrb.1 xmldump
    saved to directory /home/grierjones/DDCASPT2/hydrogen_comps/rerun/H8_chain/H8_1.79
--- Module rasscf spent 1 second ---

>>> COPY /tmp/H8_1.79/H8_1.79.rasscf.h5 /home/grierjones/DDCASPT2/hydrogen_comps/rerun/H8_chain/H8_1.79/

>>> COPY /tmp/H8_1.79/GMJ_Fock_MO.csv /home/grierjones/DDCASPT2/hydrogen_comps/rerun/H8_chain/H8_1.79/H8_1.79.GMJ_Fock_MO.csv

*** symbolic link created: INPORB -> H8_1.79.RasOrb
--- Start Module: motra at Sun Oct 26 13:24:51 2025 ---
 
()()()()()()()()()()()()()()()()()()()()()()()()()()()()()()()()()()()()()()()()()()()()()()()()()()

                                               &MOTRA

                                   only a single process is used
                       available to each process: 2.0 GB of memory, 1 thread?
()()()()()()()()()()()()()()()()()()()()()()()()()()()()()()()()()()()()()()()()()()()()()()()()()()
 
 
      *** WARNING: Default frozen orbitals is overwritten by user input.
      *** Default values:   0
 
      Header of the integral files:
      
       Integrals generated by seward 4.2.0  , Sun Oct 26 13:24:49 2025
 
 
      Header of MO coefficients source file:
      * RASSCF average (pseudo-natural) orbitals                                      
 
 
      Cartesian coordinates in Angstrom:
      -----------------------------------------------------
      No.  Label        X            Y            Z        
      -----------------------------------------------------
       1   H1         0.00000000   0.00000000   0.00000000
       2   H2         0.00000000   0.00000000   1.78787900
       3   H3         0.00000000   0.00000000   3.57575800
       4   H4         0.00000000   0.00000000   5.36363600
       5   H5         0.00000000   0.00000000   7.15151500
       6   H6         0.00000000   0.00000000   8.93939400
       7   H7         0.00000000   0.00000000  10.72727300
       8   H8         0.00000000   0.00000000  12.51515200
      -----------------------------------------------------
      Nuclear repulsion energy =    4.06761725
 
      Orbital specifications:
      -----------------------
 
      Symmetry species:              1
      Number of basis functions:    40
      Frozen orbitals:               0
      Deleted orbitals:              0
      Number of orbitals used:      40

       SYMMETRY  BASIS FUNCTIONS       ORBITALS      INTEGRALS   CPU(SEC)  I/O(SEC)
        1 1 1 1   40  40  40  40    40  40  40  40      336610       0.00      0.00

       TOTAL CPU TIME(SEC)    0.19TOTAL I/O TIME(SEC)    0.48
 
--- Stop Module: motra at Sun Oct 26 13:24:52 2025 /rc=_RC_ALL_IS_WELL_ ---
*** files: xmldump
    saved to directory /home/grierjones/DDCASPT2/hydrogen_comps/rerun/H8_chain/H8_1.79

>>> COPY /tmp/H8_1.79/GMJ_one_int_indx.csv /home/grierjones/DDCASPT2/hydrogen_comps/rerun/H8_chain/H8_1.79/H8_1.79.GMJ_one_int_indx.csv

>>> COPY /tmp/H8_1.79/GMJ_one_int.csv /home/grierjones/DDCASPT2/hydrogen_comps/rerun/H8_chain/H8_1.79/H8_1.79.GMJ_one_int.csv

>>> COPY /tmp/H8_1.79/GMJ_two_int_indx.csv /home/grierjones/DDCASPT2/hydrogen_comps/rerun/H8_chain/H8_1.79/H8_1.79.GMJ_two_int_indx.csv

>>> COPY /tmp/H8_1.79/GMJ_two_int.csv /home/grierjones/DDCASPT2/hydrogen_comps/rerun/H8_chain/H8_1.79/H8_1.79.GMJ_two_int.csv

*** symbolic link created: INPORB -> H8_1.79.RasOrb
--- Start Module: caspt2 at Sun Oct 26 13:24:52 2025 ---
 
()()()()()()()()()()()()()()()()()()()()()()()()()()()()()()()()()()()()()()()()()()()()()()()()()()

                                              &CASPT2

                                   only a single process is used
                       available to each process: 2.0 GB of memory, 1 thread?
()()()()()()()()()()()()()()()()()()()()()()()()()()()()()()()()()()()()()()()()()()()()()()()()()()
 
 Cholesky algorithm in CASPT2 =    1
 
 ###############################################################################
 ###############################################################################
 ###                                                                         ###
 ###                                                                         ###
 ###    User changed nr of frozen orbitals.                                  ###
 ###                                                                         ###
 ###                                                                         ###
 ###############################################################################
 ###############################################################################
 
++    Wave function specifications:
      -----------------------------
 
      Number of closed shell electrons           0
      Number of electrons in active shells       8
      Max number of holes in RAS1 space          0
      Max number of electrons in RAS3 space      0
      Number of inactive orbitals                0
      Number of active orbitals                  8
      Number of secondary orbitals              32
      Spin quantum number                      0.0
      State symmetry                             1
      Number of CSFs                          1764
      Number of root(s) available                1
      Root passed to geometry opt.               1
      A file JOBMIX will be created.
      This is a CASSCF or RASSCF reference function
--
 
++    Orbital specifications:
      -----------------------
 
      Symmetry species                           1
                                                 a
      Frozen orbitals                            0
      Inactive orbitals                          0
      Active orbitals                            8
      Secondary orbitals                        32
      Deleted orbitals                           0
      Number of basis functions                 40
--
 
      Type of Fock operator: STANDARD
      Type of 0-order Hamiltonian: STANDARD WITH DEFAULT IPEA
        "IP-EA" denominator shift =      0.25
      The input orbitals and the CI vector will be transformed.
 
--------------------------------------------------------------------------------
 Estimated memory requirements:
  POLY3 :                   450746
  RHS:                      417296
  SIGMA :                   326032
  PRPCTL:                        0
 Available workspace:    230388092
 
++ CASPT2 computation for group   1
 
********************************************************************************
 Multi-State initialization phase begins for group   1
--------------------------------------------------------------------------------
********************************************************************************
 Compute H0 matrices for state    1
--------------------------------------------------------------------------------
--------------------------------------------------------------------------------
 H0 matrices have been computed.
 
********************************************************************************
  CASPT2 EQUATION SOLUTION
--------------------------------------------------------------------------------
 
  Total nr of CASPT2 parameters:
   Before reduction:       49280
   After  reduction:       49024
 
 The contributions to the second order correlation energy in atomic units.
-----------------------------------------------------------------------------------------------------------------------------
  IT.      VJTU        VJTI        ATVX        AIVX        VJAI        BVAT        BJAT        BJAI        TOTAL       RNORM  
-----------------------------------------------------------------------------------------------------------------------------
   1     0.000000    0.000000   -0.006519    0.000000    0.000000   -0.014812    0.000000    0.000000   -0.021331    0.001343
   2     0.000000    0.000000   -0.006583    0.000000    0.000000   -0.014832    0.000000    0.000000   -0.021415    0.000121
   3     0.000000    0.000000   -0.006584    0.000000    0.000000   -0.014832    0.000000    0.000000   -0.021416    0.000021
   4     0.000000    0.000000   -0.006584    0.000000    0.000000   -0.014832    0.000000    0.000000   -0.021415    0.000002
-------------------------------------------------------------------------------------------------------------------
 
  FINAL CASPT2 RESULT:
 
  Correlation energy /Case, /Symm, and sums:
 VJTU      0.00000000  0.00000000
 VJTIP     0.00000000  0.00000000
 VJTIM     0.00000000  0.00000000
 ATVX     -0.00658355 -0.00658355
 AIVX      0.00000000  0.00000000
 VJAIP     0.00000000  0.00000000
 VJAIM     0.00000000  0.00000000
 BVATP    -0.01410969 -0.01410969
 BVATM    -0.00072216 -0.00072216
 BJATP     0.00000000  0.00000000
 BJATM     0.00000000  0.00000000
 BJAIP     0.00000000  0.00000000
 BJAIM     0.00000000  0.00000000
 Summed:  -0.02141540 -0.02141540
 
      Reference energy:          -4.1088723848
      E2 (Non-variational):      -0.0214153977
      E2 (Variational):          -0.0214154033
      Total energy:              -4.1302877881
      Residual norm:              0.0000002865
      Reference weight:           0.98803
 
      Contributions to the CASPT2 correlation energy
      Active & Virtual Only:         -0.0214153977
      One Inactive Excited:           0.0000000000
      Two Inactive Excited:           0.0000000000
 
 
++ Denominators, etc.
----------------------------------------------------------------------------------------------------
 Report on small energy denominators, large coefficients, and large energy contributions.
CASE  SYMM ACTIVE-MIX  NON-ACTIVE INDICES          DENOMINATOR     RHS VALUE       COEFFICIENT     CONTRIBUTION
ATVX     1  Mu1.0001  Se1.009                       0.25731981     -0.00000034      0.00000136     -0.00000000
ATVX     1  Mu1.0001  Se1.010                       0.28391225     -0.00018773      0.00015078     -0.00000003
--
 
   (Skipping property calculation,
    use PROP keyword to activate)
--
 
  Total CASPT2 energies:
::    CASPT2 Root  1     Total energy:     -4.13028779
 
  A NEW JOBIPH FILE NAMED 'JOBMIX' IS PREPARED.
********************************************************************************
forrtl: warning (528): IEEE_UNDERFLOW is signaling
--- Stop Module: caspt2 at Sun Oct 26 13:24:52 2025 /rc=_RC_ALL_IS_WELL_ ---
*** files: xmldump
    saved to directory /home/grierjones/DDCASPT2/hydrogen_comps/rerun/H8_chain/H8_1.79

>>> EXPORT i = B

>>> EXPORT j = P

>>> IF (-FILE GMJ_e2_${i}_${j}_1_.csv)
(Skipped)

>>> END FOREACH

>>> EXPORT j = M

>>> IF (-FILE GMJ_e2_${i}_${j}_1_.csv)
(Skipped)

>>> END FOREACH

>>> END FOREACH

>>> EXPORT i = E

>>> EXPORT j = P

>>> IF (-FILE GMJ_e2_${i}_${j}_1_.csv)
(Skipped)

>>> END FOREACH

>>> EXPORT j = M

>>> IF (-FILE GMJ_e2_${i}_${j}_1_.csv)
(Skipped)

>>> END FOREACH

>>> END FOREACH

>>> EXPORT i = F

>>> EXPORT j = P

>>> IF (-FILE GMJ_e2_${i}_${j}_1_.csv)

>>> COPY /tmp/H8_1.79/GMJ_RHS_F_P_1_.csv /home/grierjones/DDCASPT2/hydrogen_comps/rerun/H8_chain/H8_1.79/GMJ_RHS_F_P_1_.csv

>>> COPY /tmp/H8_1.79/GMJ_IVECW_F_P_1_.csv /home/grierjones/DDCASPT2/hydrogen_comps/rerun/H8_chain/H8_1.79/GMJ_IVECW_F_P_1_.csv

>>> COPY /tmp/H8_1.79/GMJ_IVECX_F_P_1_.csv /home/grierjones/DDCASPT2/hydrogen_comps/rerun/H8_chain/H8_1.79/GMJ_IVECX_F_P_1_.csv

>>> COPY /tmp/H8_1.79/GMJ_IVECC2_F_P_1_.csv /home/grierjones/DDCASPT2/hydrogen_comps/rerun/H8_chain/H8_1.79/GMJ_IVECC2_F_P_1_.csv

>>> COPY /tmp/H8_1.79/GMJ_e2_F_P_1_.csv /home/grierjones/DDCASPT2/hydrogen_comps/rerun/H8_chain/H8_1.79/GMJ_e2_F_P_1_.csv

>>> END FOREACH

>>> EXPORT j = M

>>> IF (-FILE GMJ_e2_${i}_${j}_1_.csv)

>>> COPY /tmp/H8_1.79/GMJ_RHS_F_M_1_.csv /home/grierjones/DDCASPT2/hydrogen_comps/rerun/H8_chain/H8_1.79/GMJ_RHS_F_M_1_.csv

>>> COPY /tmp/H8_1.79/GMJ_IVECW_F_M_1_.csv /home/grierjones/DDCASPT2/hydrogen_comps/rerun/H8_chain/H8_1.79/GMJ_IVECW_F_M_1_.csv

>>> COPY /tmp/H8_1.79/GMJ_IVECX_F_M_1_.csv /home/grierjones/DDCASPT2/hydrogen_comps/rerun/H8_chain/H8_1.79/GMJ_IVECX_F_M_1_.csv

>>> COPY /tmp/H8_1.79/GMJ_IVECC2_F_M_1_.csv /home/grierjones/DDCASPT2/hydrogen_comps/rerun/H8_chain/H8_1.79/GMJ_IVECC2_F_M_1_.csv

>>> COPY /tmp/H8_1.79/GMJ_e2_F_M_1_.csv /home/grierjones/DDCASPT2/hydrogen_comps/rerun/H8_chain/H8_1.79/GMJ_e2_F_M_1_.csv

>>> END FOREACH

>>> END FOREACH

>>> EXPORT i = G

>>> EXPORT j = P

>>> IF (-FILE GMJ_e2_${i}_${j}_1_.csv)
(Skipped)

>>> END FOREACH

>>> EXPORT j = M

>>> IF (-FILE GMJ_e2_${i}_${j}_1_.csv)
(Skipped)

>>> END FOREACH

>>> END FOREACH

>>> EXPORT i = H

>>> EXPORT j = P

>>> IF (-FILE GMJ_e2_${i}_${j}_1_.csv)
(Skipped)

>>> END FOREACH

>>> EXPORT j = M

>>> IF (-FILE GMJ_e2_${i}_${j}_1_.csv)
(Skipped)

>>> END FOREACH

>>> END FOREACH

>>> EXPORT i = A

>>> IF (-FILE GMJ_e2_${i}_1_.csv)
(Skipped)

>>> END FOREACH

>>> EXPORT i = C

>>> IF (-FILE GMJ_e2_${i}_1_.csv)

>>> COPY /tmp/H8_1.79/GMJ_RHS_C_1_.csv /home/grierjones/DDCASPT2/hydrogen_comps/rerun/H8_chain/H8_1.79/GMJ_RHS_C_1_.csv

>>> COPY /tmp/H8_1.79/GMJ_IVECW_C_1_.csv /home/grierjones/DDCASPT2/hydrogen_comps/rerun/H8_chain/H8_1.79/GMJ_IVECW_C_1_.csv

>>> COPY /tmp/H8_1.79/GMJ_IVECX_C_1_.csv /home/grierjones/DDCASPT2/hydrogen_comps/rerun/H8_chain/H8_1.79/GMJ_IVECX_C_1_.csv

>>> COPY /tmp/H8_1.79/GMJ_IVECC2_C_1_.csv /home/grierjones/DDCASPT2/hydrogen_comps/rerun/H8_chain/H8_1.79/GMJ_IVECC2_C_1_.csv

>>> COPY /tmp/H8_1.79/GMJ_e2_C_1_.csv /home/grierjones/DDCASPT2/hydrogen_comps/rerun/H8_chain/H8_1.79/GMJ_e2_C_1_.csv

>>> END FOREACH

>>> EXPORT i = D

>>> IF (-FILE GMJ_e2_${i}_1_.csv)
(Skipped)

>>> END FOREACH

.########################.
.# Non-zero return code #.
.########################.

    Timing: Wall=4.01 User=3.16 System=0.84
***************************************
*** WorkDir at /tmp/H8_1.79 cleaned ***
***************************************
