   This run of MOLCAS is using the pymolcas driver

                             OPE
                             OPE          NMOL  CASOP  ENMOLC A   SO
                 OPE        NMOLC        AS  OP EN  MO LC     AS  OP
                OPENM       OL CA        SO  PE NM  OL CA     SOP EN
                OP EN      MO   LC       AS  OP ENMOL  CASO   PENMOL
                OP  EN     MO   LC       AS  OP EN     MO     LC ASO
               OP   E  NMOL  C  AS       OP  EN MO     LC     AS  OP
               OP  E   NMO   LC AS        OPEN  MO     LCASOP EN   M
               O  PEN   MO  LCA  SO
            OPE   NMO   L   CAS    OP
        OPENMOL  CASOP     ENMOL   CASOPE
     OPENMOLCA   SOPENMOLCASOPEN   MOLCASOPE
    OPENMOLCAS   OP           EN   MOL    CAS
    OPENMOLCAS       OP  ENM        O     LCA
    OPENMOLCAS    OPEN  MOLCASO     P  E  NMO
    OPENMOLCAS     OP               E  N  MOL
    OPENMOLCA   SO           PENM   O  L  CAS    OPEN    MO    LCAS
    OPENMOLCA   SOP           ENM   O  L  CAS   OP  EN  MOLC  AS   O
    OPENMOLCA   SOPE           NM      O  LCA   S      OP  EN MO
    OPENMOLC                AS         O  PEN   M      OL  CA  SOPE
    OPENMO        LCASOPE  NMOL        C  ASO   P      ENMOLC     AS
    OPE     NMO      LCA  SO     P     E   NM   OL  CA SO  PE N   MO
          OPENMOLCA            SOPE   NMO        LCAS  O    P  ENMO
     OPENMOLCASOPENMOLCASOPENMOLCASOPENMOLCA
        OPENMOLCASOPENMOLCASOPENMOLCASOPE
            OPENMOLCASOPENMOLCASOPENM
               OPENMOLCASOPENMOLCA        version: f37762c57
                   OPENMOLCASO
                       OPE                tag:

 OpenMolcas is free software; you can redistribute it and/or modify it
 under the terms of the GNU Lesser General Public License version 2.1.
 OpenMolcas is distributed in the hope that it will be useful, but it
 is provided "as is" and without any express or implied warranties.
 For more details see the full text of the license in the file
 LICENSE or in <http://www.gnu.org/licenses/>.

                 Copyright (C) The OpenMolcas Authors
           For the author list and the recommended citation,
                   consult the file CONTRIBUTORS.md

           *************************************************
           * pymolcas version py2.28                       *
           *   build c4a6d18ded8cb6cad61d2372a9abd97c      *
           *   (after the EMIL interpreter by V. Veryazov) *
           *************************************************

configuration info
------------------
C Compiler ID: Intel
C flags: -std=gnu99 -gcc-sys
Fortran Compiler ID: IntelLLVM
Fortran flags: -standard-semantics -fltconsistency -fpp -i8 -heap-arrays
Definitions: _MOLCAS_;_I8_;_LINUX_
Parallel: OFF (GA=OFF)


   --------------------------------------------------------------------------------------
  |
  |              Project: H6_1.40
  |       Submitted from: /home/grierjones/DDCASPT2/hydrogen_comps/rerun/H6_chain/H6_1.40
  |         Scratch area: /tmp/H6_1.40
  |      Save outputs to: /home/grierjones/DDCASPT2/hydrogen_comps/rerun/H6_chain/H6_1.40
  |               Molcas: /home/grierjones/Test/build
  |
  | Scratch area is empty
  |
  |       MOLCAS_DRIVER = /usr/local/pymolcas
  | MOLCAS_KEEP_WORKDIR = NO
  |  MOLCAS_NEW_WORKDIR = YES
  |       MOLCAS_NPROCS = 1
  |        MOLCAS_PRINT = NORMAL
  |       MOLCAS_SOURCE = /home/grierjones/Test
  |    MOLCAS_STRUCTURE = 0
  |
   --------------------------------------------------------------------------------------

++ ---------   Input file   ---------

&GATEWAY
coord=H6_1.40.xyz
Basis = ANO-RCC-VDZP
Group = nosymm
End of Input

&SEWARD
End of Input

&SCF

>>> COPY $WorkDir/H6_1.40.scf.h5 $CurrDir/

&RASSCF
Title= RASSCF
FileOrb
/home/grierjones/DDCASPT2/hydrogen_comps/rerun/H6_chain/H6_0.60/H6_0.60.RasOrb
NACTEL
6 0 0
Inactive
0
RAS2
6
Symmetry
1
Spin
1
orblisting
all

>>> COPY $WorkDir/H6_1.40.rasscf.h5 $CurrDir/

>>> COPY $WorkDir/GMJ_Fock_MO.csv $CurrDir/H6_1.40.GMJ_Fock_MO.csv

&MOTRA
Frozen=0
LUMORB

>>> COPY $WorkDir/GMJ_one_int_indx.csv $CurrDir/H6_1.40.GMJ_one_int_indx.csv

>>> COPY $WorkDir/GMJ_one_int.csv $CurrDir/H6_1.40.GMJ_one_int.csv

>>> COPY $WorkDir/GMJ_two_int_indx.csv $CurrDir/H6_1.40.GMJ_two_int_indx.csv

>>> COPY $WorkDir/GMJ_two_int.csv $CurrDir/H6_1.40.GMJ_two_int.csv

&CASPT2
Frozen
0

MAXITER
50

>>> FOREACH i IN (B,E,F,G,H)

  >>> FOREACH j IN (P,M)

    >>> IF (-FILE GMJ_e2_${i}_${j}_1_.csv)

      >>> COPY $WorkDir/GMJ_RHS_${i}_${j}_1_.csv $CurrDir/GMJ_RHS_${i}_${j}_1_.csv

      >>> COPY $WorkDir/GMJ_IVECW_${i}_${j}_1_.csv $CurrDir/GMJ_IVECW_${i}_${j}_1_.csv

      >>> COPY $WorkDir/GMJ_IVECX_${i}_${j}_1_.csv $CurrDir/GMJ_IVECX_${i}_${j}_1_.csv

      >>> COPY $WorkDir/GMJ_IVECC2_${i}_${j}_1_.csv $CurrDir/GMJ_IVECC2_${i}_${j}_1_.csv

      >>> COPY $WorkDir/GMJ_e2_${i}_${j}_1_.csv $CurrDir/GMJ_e2_${i}_${j}_1_.csv

    >>> END IF

  >>> END FOREACH

>>> END FOREACH

>>> FOREACH i IN (A,C,D)

  >>> IF (-FILE GMJ_e2_${i}_1_.csv)

    >>> COPY $WorkDir/GMJ_RHS_${i}_1_.csv $CurrDir/GMJ_RHS_${i}_1_.csv

    >>> COPY $WorkDir/GMJ_IVECW_${i}_1_.csv $CurrDir/GMJ_IVECW_${i}_1_.csv

    >>> COPY $WorkDir/GMJ_IVECX_${i}_1_.csv $CurrDir/GMJ_IVECX_${i}_1_.csv

    >>> COPY $WorkDir/GMJ_IVECC2_${i}_1_.csv $CurrDir/GMJ_IVECC2_${i}_1_.csv

    >>> COPY $WorkDir/GMJ_e2_${i}_1_.csv $CurrDir/GMJ_e2_${i}_1_.csv

  >>> END IF

>>> END FOREACH

-- ----------------------------------

--- Start Module: gateway at Sun Oct 26 13:03:05 2025 ---
 
()()()()()()()()()()()()()()()()()()()()()()()()()()()()()()()()()()()()()()()()()()()()()()()()()()

                                              &GATEWAY

                                   only a single process is used
                       available to each process: 2.0 GB of memory, 1 thread?
()()()()()()()()()()()()()()()()()()()()()()()()()()()()()()()()()()()()()()()()()()()()()()()()()()
 
 
++    Symmetry information:
      ---------------------
 
                    Character Table for C1 
 
                             E  
                    a        1  x, y, xy, Rz, z, xz, Ry, yz, Rx, I
--
 
 
++    Basis set information:
      ----------------------
 
 
      Basis set label: H.ANO-RCC...2S1P.
 
      Electronic valence basis set:
      ------------------
      Associated Effective Charge   1.000000 au
      Associated Actual Charge      1.000000 au
      Nuclear Model: Point charge
 
      Shell  nPrim  nBasis  Cartesian Spherical Contaminant
         s       8       2        X                  
         p       4       1        X                  
--
 
 
++    Molecular structure info:
      -------------------------
 
                    ************************************************ 
                    **** Cartesian Coordinates / Bohr, Angstrom **** 
                    ************************************************ 
 
     Center  Label                x              y              z                     x              y              z
        1      H1               0.000000       0.000000       0.000000              0.000000       0.000000       0.000000
        2      H2               0.000000       0.000000       2.645617              0.000000       0.000000       1.400000
        3      H3               0.000000       0.000000       5.291233              0.000000       0.000000       2.800000
        4      H4               0.000000       0.000000       7.936850              0.000000       0.000000       4.200000
        5      H5               0.000000       0.000000      10.582466              0.000000       0.000000       5.600000
        6      H6               0.000000       0.000000      13.228083              0.000000       0.000000       7.000000
 
                    *************************************** 
                    *    InterNuclear Distances / Bohr    * 
                    *************************************** 
 
               1 H1            2 H2            3 H3            4 H4            5 H5            6 H6    
    1 H1       0.000000
    2 H2       2.645617        0.000000
    3 H3       5.291233        2.645617        0.000000
    4 H4       7.936850        5.291233        2.645617        0.000000
    5 H5      10.582466        7.936850        5.291233        2.645617        0.000000
    6 H6      13.228083       10.582466        7.936850        5.291233        2.645617        0.000000
 
                    ******************************************* 
                    *    InterNuclear Distances / Angstrom    * 
                    ******************************************* 
 
               1 H1            2 H2            3 H3            4 H4            5 H5            6 H6    
    1 H1       0.000000
    2 H2       1.400000        0.000000
    3 H3       2.800000        1.400000        0.000000
    4 H4       4.200000        2.800000        1.400000        0.000000
    5 H5       5.600000        4.200000        2.800000        1.400000        0.000000
    6 H6       7.000000        5.600000        4.200000        2.800000        1.400000        0.000000
 
                    ************************************** 
                    *    Valence Bond Angles / Degree    * 
                    ************************************** 
                          Atom centers                 Phi
                      1 H1       2 H2       3 H3       180.00
                      2 H2       3 H3       4 H4       180.00
                      3 H3       4 H4       5 H5       180.00
                      4 H4       5 H5       6 H6       180.00
--
 
 
            Nuclear Potential Energy              3.28845838 au
 
--- Stop Module: gateway at Sun Oct 26 13:03:06 2025 /rc=_RC_ALL_IS_WELL_ ---
*** files: xmldump
    saved to directory /home/grierjones/DDCASPT2/hydrogen_comps/rerun/H6_chain/H6_1.40

--- Start Module: seward at Sun Oct 26 13:03:06 2025 ---
 
()()()()()()()()()()()()()()()()()()()()()()()()()()()()()()()()()()()()()()()()()()()()()()()()()()

                                              &SEWARD

                                   only a single process is used
                       available to each process: 2.0 GB of memory, 1 thread?
()()()()()()()()()()()()()()()()()()()()()()()()()()()()()()()()()()()()()()()()()()()()()()()()()()
 
               SEWARD will generate:
                  Multipole Moment integrals up to order  2
                  Kinetic Energy integrals
                  Nuclear Attraction integrals (point charge)
                  One-Electron Hamiltonian integrals
                  Velocity integrals
                  Relativistic Douglas-Kroll-Hess integrals:
                    - Parametrization         : EXP
                    - DKH order of Hamiltonian: 2
                    - DKH order of Properties : 0
                         - multipole moment operators
                         - electric potential operators
                         - contact operators
                  Atomic mean-field integrals
                  Two-Electron Repulsion integrals
 
                   Integrals are discarded if absolute value <: 0.10E-13
                   Integral cutoff threshold is set to       <: 0.10E-15
 
            Nuclear Potential Energy              3.28845838 au
 
 
      Basis set specifications :
      Symmetry species         a  
      Basis functions           30
 
 
  Input file to MOLDEN was generated!
 
forrtl: warning (525): IEEE_DIVIDE_BY_ZERO is signaling
forrtl: warning (526): IEEE_INVALID is signaling
forrtl: warning (528): IEEE_UNDERFLOW is signaling
--- Stop Module: seward at Sun Oct 26 13:03:06 2025 /rc=_RC_ALL_IS_WELL_ ---
*** files: H6_1.40.GssOrb H6_1.40.guessorb.h5 H6_1.40.guessorb.molden xmldump
    saved to directory /home/grierjones/DDCASPT2/hydrogen_comps/rerun/H6_chain/H6_1.40

*** symbolic link created: INPORB -> H6_1.40.GssOrb
--- Start Module: scf at Sun Oct 26 13:03:06 2025 ---
 
()()()()()()()()()()()()()()()()()()()()()()()()()()()()()()()()()()()()()()()()()()()()()()()()()()

                                                &SCF

                                   only a single process is used
                       available to each process: 2.0 GB of memory, 1 thread?
()()()()()()()()()()()()()()()()()()()()()()()()()()()()()()()()()()()()()()()()()()()()()()()()()()
 
++    Input section:
      --------------
 
      Header of the integral files:
      
       Integrals generated by seward 4.2.0  , Sun Oct 26 13:03:06 2025
 
 
      Cartesian coordinates in Angstrom:
      -----------------------------------------------------
      No.  Label        X            Y            Z        
      -----------------------------------------------------
       1   H1         0.00000000   0.00000000   0.00000000
       2   H2         0.00000000   0.00000000   1.40000000
       3   H3         0.00000000   0.00000000   2.80000000
       4   H4         0.00000000   0.00000000   4.20000000
       5   H5         0.00000000   0.00000000   5.60000000
       6   H6         0.00000000   0.00000000   7.00000000
      -----------------------------------------------------
      Nuclear repulsion energy =    3.28845838
--
 
++    Orbital specifications:
      -----------------------
 
      Symmetry species               1
                                     a
      Frozen orbitals                0
      Occupied orbitals              3
      Secondary orbitals            27
      Deleted orbitals               0
      Total number of orbitals      30
      Number of basis functions     30
--
 
      Molecular charge                           0.000
 
++    Optimization specifications:
      ----------------------------
 
      SCF Algorithm: Conventional
      Minimized density differences are used
      Number of density matrices in core                5
      Maximum number of NDDO SCF iterations           400
      Maximum number of HF SCF iterations             400
      Threshold for SCF energy change            0.10E-08
      Threshold for density matrix               0.10E-03
      Threshold for Fock matrix                  0.15E-03
      Threshold for linear dependence            0.10E-08
      Threshold at which DIIS is turned on       0.15E+00
      Threshold at which QNR/C2DIIS is turned on 0.75E-01
      Threshold for Norm(delta) (QNR/C2DIIS)     0.20E-04
      DIIS extrapolation of the SCF procedure
      All orbitals punched on: SCFORB
--
 
      Input vectors read from INPORB
      Orbital file label: *Guess orbitals
 
 
++ Convergence information
                                   SCF        iterations: Energy and convergence statistics
 
Iter     Tot. SCF        One-elec.       Two-elec.     Energy      Max Dij or  Max Fij      DNorm      TNorm      AccCon     Time
         Energy          Energy          Energy        Change      Delta Norm                                                in Sec.
   1    -2.994573593    -9.851092079     3.568060106   0.00E+00    0.23E+00*   0.10E+00*    0.32E+01   0.86E+01   None         0.
   2    -3.056915624    -9.889057602     3.543683598  -0.62E-01*   0.65E-01*   0.14E-01*    0.11E+01   0.86E+01   EDIIS        0.
   3    -3.059727458    -9.859341505     3.511155666  -0.28E-02*   0.25E-01*   0.68E-02*    0.17E+00   0.85E+01   c2DIIS       0.
   4    -3.060113285    -9.859731807     3.511160142  -0.39E-03*   0.49E-02*   0.17E-02*    0.70E-01   0.85E+01   QNRc2DIIS    0.
   5    -3.060146576    -9.858353182     3.509748225  -0.33E-04*   0.40E-02*   0.72E-03*    0.48E-02   0.85E+01   QNRc2DIIS    0.
   6    -3.060155245    -9.858473003     3.509859377  -0.87E-05*   0.48E-04*   0.22E-04     0.69E-03   0.85E+01   QNRc2DIIS    0.
   7    -3.060155249    -9.858431198     3.509817568  -0.42E-08*   0.74E-05    0.40E-05     0.77E-04   0.85E+01   QNRc2DIIS    0.
   8    -3.060155249    -9.858427814     3.509814184  -0.93E-10    0.44E-06    0.15E-06     0.86E-05   0.85E+01   QNRc2DIIS    0.
 
       Convergence after  8 Macro Iterations
--
 
 *****************************************************************************************************************************
 *                                                                                                                           *
 *                                             SCF/KS-DFT Program, Final results                                             *
 *                                                                                                                           *
 *                                                                                                                           *
 *                                                                                                                           *
 *                                                       Final Results                                                       *
 *                                                                                                                           *
 *****************************************************************************************************************************
 
::    Total SCF energy                                 -3.0601552491
      One-electron energy                              -9.8584278135
      Two-electron energy                               3.5098141838
      Nuclear repulsion energy                          3.2884583806
      Kinetic energy (interpolated)                     2.3948957590
      Virial theorem                                    1.2777822323
      Total spin, S(S+1)                                0.0000000000
      Total spin, S                                     0.0000000000
      Max non-diagonal density matrix element           0.0000005663
      Max non-diagonal Fock matrix element              0.0000000371
 
 
      All orbitals with orbital energies smaller than  E(LUMO)+0.5 are printed
 
++    Molecular orbitals:
      -------------------
 
      Title: SCF orbitals

      Molecular orbitals for symmetry species 1: a  
 
          Orbital            1         2         3         4         5         6         7         8    
          Energy           -0.5546   -0.4851   -0.3797   -0.0495    0.0954    0.2492    0.2685    0.3677
          Occ. No.          2.0000    2.0000    2.0000    0.0000    0.0000    0.0000    0.0000    0.0000
 
        1 H1     1s         0.1906   -0.3488    0.4066   -0.6371    0.7802   -0.4649   -0.2742    0.4789
        2 H1     2s         0.0055   -0.0160    0.0513   -0.2723    0.4907   -0.5879    0.1742   -0.2490
        3 H1     2px        0.0000   -0.0000    0.0000   -0.0000   -0.0000    0.0000   -0.0000   -0.0000
        4 H1     2py        0.0000   -0.0000    0.0000   -0.0000    0.0000   -0.0000    0.0000   -0.0000
        5 H1     2pz        0.0152   -0.0199    0.0129    0.0062   -0.0305    0.0577   -0.0332    0.0014
        6 H2     1s         0.2894   -0.4397    0.3319    0.3559   -1.0192    1.0083    0.0324   -0.6085
        7 H2     2s        -0.0023   -0.0549    0.1046    0.1385   -0.4981    0.4637    0.3306   -0.6431
        8 H2     2px       -0.0000    0.0000   -0.0000    0.0000   -0.0000    0.0000   -0.0000   -0.0000
        9 H2     2py       -0.0000    0.0000   -0.0000   -0.0000    0.0000   -0.0000    0.0000   -0.0000
       10 H2     2pz        0.0041    0.0114   -0.0273    0.0278    0.0008   -0.0688    0.0016   -0.0380
       11 H3     1s         0.3910   -0.0988   -0.4609    0.5824    0.3960   -1.2140   -0.2354    0.8112
       12 H3     2s         0.0096    0.0226   -0.1132    0.2259    0.2041   -0.6851    0.2539    0.2763
       13 H3     2px       -0.0000    0.0000    0.0000    0.0000   -0.0000    0.0000   -0.0000   -0.0000
       14 H3     2py        0.0000    0.0000   -0.0000   -0.0000    0.0000   -0.0000   -0.0000   -0.0000
       15 H3     2pz        0.0069    0.0186   -0.0193   -0.0241    0.0324    0.0016   -0.0208   -0.0691
       16 H4     1s         0.3910    0.0988   -0.4609   -0.5824    0.3960    1.2140   -0.2354   -0.8112
       17 H4     2s         0.0096   -0.0226   -0.1132   -0.2259    0.2041    0.6851    0.2539   -0.2763
       18 H4     2px        0.0000   -0.0000   -0.0000   -0.0000   -0.0000    0.0000   -0.0000   -0.0000
       19 H4     2py        0.0000    0.0000    0.0000   -0.0000   -0.0000    0.0000   -0.0000    0.0000
       20 H4     2pz       -0.0069    0.0186    0.0193   -0.0241   -0.0324    0.0016    0.0208   -0.0691
       21 H5     1s         0.2894    0.4397    0.3319   -0.3559   -1.0192   -1.0083    0.0324    0.6085
       22 H5     2s        -0.0023    0.0549    0.1046   -0.1385   -0.4981   -0.4637    0.3306    0.6431
       23 H5     2px       -0.0000   -0.0000   -0.0000   -0.0000   -0.0000    0.0000    0.0000   -0.0000
       24 H5     2py        0.0000   -0.0000   -0.0000    0.0000   -0.0000    0.0000    0.0000   -0.0000
       25 H5     2pz       -0.0041    0.0114    0.0273    0.0278   -0.0008   -0.0688   -0.0016   -0.0380
       26 H6     1s         0.1906    0.3488    0.4066    0.6371    0.7802    0.4649   -0.2742   -0.4789
       27 H6     2s         0.0055    0.0160    0.0513    0.2723    0.4907    0.5879    0.1742    0.2490
       28 H6     2px       -0.0000    0.0000    0.0000   -0.0000   -0.0000    0.0000    0.0000   -0.0000
       29 H6     2py       -0.0000    0.0000    0.0000   -0.0000    0.0000    0.0000   -0.0000    0.0000
       30 H6     2pz       -0.0152   -0.0199   -0.0129    0.0062    0.0305    0.0577    0.0332    0.0014
--
 
 
++    Molecular charges:
      ------------------
 
      Mulliken charges per centre and basis function type
      ---------------------------------------------------
 
                H1      H2      H3      H4      H5      H6    
      1s       0.9184  1.0287  0.9931  0.9931  1.0287  0.9184
      2s       0.0111  0.0050 -0.0243 -0.0243  0.0050  0.0111
      2px      0.0000  0.0000  0.0000  0.0000  0.0000  0.0000
      2pz      0.0159  0.0268  0.0253  0.0253  0.0268  0.0159
      2py      0.0000 -0.0000  0.0000  0.0000  0.0000  0.0000
      Total    0.9453  1.0605  0.9941  0.9941  1.0605  0.9453
 
      N-E      0.0547 -0.0605  0.0059  0.0059 -0.0605  0.0547
 
      Total electronic charge=    6.000000
 
      Total            charge=   -0.000000
--
 
 
  Input file to MOLDEN was generated!
 
 
++    Static properties:
      ------------------
 
 
      LoProp Charges per center
 

                   H1       H2       H3       H4       H5       H6    
      Nuclear      1.0000   1.0000   1.0000   1.0000   1.0000   1.0000
      Electronic  -0.9863  -1.0129  -1.0008  -1.0008  -1.0129  -0.9863
 
      Total        0.0137  -0.0129  -0.0008  -0.0008  -0.0129   0.0137
--
 
 
++    Natural Bond Order analysis
      ---------------------------
      Based on LoProp computed density
      -------------------------------------------------------------------------------------
      Atom A       Atom B       Bond Order
      -------------------------------------------------------------------------------------
      NBO located      0.951 non-bonded electrons on atom H1        
      NBO located      1.017 non-bonded electrons on atom H3        
      NBO located      1.017 non-bonded electrons on atom H4        
      NBO located      0.951 non-bonded electrons on atom H6        
      The remaining    2.064 electrons are to be considered as diffuse
--
 
 
++    Molecular properties:
      ---------------------
 
      Charge (e):
                      =   -0.0000
      Dipole Moment (Debye):
      Origin of the operator (Ang)=    0.0000    0.0000    0.0000
                   X=  1.0026E-14               Y= -8.4535E-14               Z=  1.1920E-12           Total=  1.1950E-12
      Quadrupole Moment (Debye*Ang):
      Origin of the operator (Ang)=    0.0000    0.0000    3.5000
                  XX= -9.2536E+00              XY= -8.4552E-29              XZ=  1.9343E-14              YY= -9.2536E+00
                  YZ=  2.4504E-13              ZZ= -3.9955E+00
      In traceless form (Debye*Ang)
                  XX= -2.6291E+00              XY= -1.2683E-28              XZ=  2.9015E-14              YY= -2.6291E+00
                  YZ=  3.6756E-13              ZZ=  5.2581E+00
--
 
 
  Input file to MOLDEN was generated!
 
 ###############################################################################
 ###############################################################################
 ###                                                                         ###
 ###                                                                         ###
 ###    RunFile label nBas                                                   ###
 ###    was used       78 times                                              ###
 ###                                                                         ###
 ###                                                                         ###
 ###############################################################################
 ###############################################################################
forrtl: warning (528): IEEE_UNDERFLOW is signaling
--- Stop Module: scf at Sun Oct 26 13:03:07 2025 /rc=_RC_ALL_IS_WELL_ ---
*** files: H6_1.40.LprOrb H6_1.40.LoProp.molden H6_1.40.scf.molden H6_1.40.ScfOrb H6_1.40.scf.h5 xmldump
    saved to directory /home/grierjones/DDCASPT2/hydrogen_comps/rerun/H6_chain/H6_1.40

>>> COPY /tmp/H6_1.40/H6_1.40.scf.h5 /home/grierjones/DDCASPT2/hydrogen_comps/rerun/H6_chain/H6_1.40/

*** symbolic link created: INPORB -> H6_1.40.ScfOrb
--- Start Module: rasscf at Sun Oct 26 13:03:07 2025 ---
 
()()()()()()()()()()()()()()()()()()()()()()()()()()()()()()()()()()()()()()()()()()()()()()()()()()

                                              &RASSCF

                                   only a single process is used
                       available to each process: 2.0 GB of memory, 1 thread?
()()()()()()()()()()()()()()()()()()()()()()()()()()()()()()()()()()()()()()()()()()()()()()()()()()
 
 
      Header of the ONEINT file:
      --------------------------
      
      Integrals generated by seward 4.2.0  , Sun Oct 26 13:03:06 2025
 
 
      OrdInt status: non-squared
 
 
      Cartesian coordinates in Angstrom:
      -----------------------------------------------------
      No.  Label        X            Y            Z        
      -----------------------------------------------------
       1   H1         0.00000000   0.00000000   0.00000000
       2   H2         0.00000000   0.00000000   1.40000000
       3   H3         0.00000000   0.00000000   2.80000000
       4   H4         0.00000000   0.00000000   4.20000000
       5   H5         0.00000000   0.00000000   5.60000000
       6   H6         0.00000000   0.00000000   7.00000000
      -----------------------------------------------------
      Nuclear repulsion energy =    3.28845838
 
++    Wave function specifications:
      -----------------------------
 
      Number of closed shell electrons           0
      Number of electrons in active shells       6
      Max number of holes in RAS1 space          0
      Max nr of electrons in RAS3 space          0
      Number of inactive orbitals                0
      Number of active orbitals                  6
      Number of secondary orbitals              24
      Spin quantum number                      0.0
      State symmetry                             1
--
 
++    Orbital specifications:
      -----------------------
 
      Symmetry species                           1
                                                 a
      Frozen orbitals                            0
      Inactive orbitals                          0
      Active orbitals                            6
      RAS1 orbitals                              0
      RAS2 orbitals                              6
      RAS3 orbitals                              0
      Secondary orbitals                        24
      Deleted orbitals                           0
      Number of basis functions                 30
--
 
++    CI expansion specifications:
      ----------------------------
 
      Number of CSFs                           175
      Number of determinants                   210
      Number of root(s) required                 1
      Root chosen for geometry opt.              1
      CI root used                               1
         
      highest root included in the CI            1
      max. size of the explicit Hamiltonian    175
--
 
++    Optimization specifications:
      ----------------------------
 
      RASSCF algorithm: Conventional
      Maximum number of macro iterations       200
      Maximum number of SX iterations          100
      Threshold for RASSCF energy            0.100E-07
      Threshold for max MO rotation          0.100E+00
      Threshold for max BLB element          0.100E-03
      Level shift parameter                  0.500E+00
      Make Quasi-Newton update
--
 
      The MO-coefficients are taken from the file:
      /home/grierjones/DDCASPT2/hydrogen_comps/rerun/H6_chain/H6_0.60/H6_0.60.RasOrb                                                  
      Title: RASSCF average (pseudo-natural) orbitals                                      
 
      Total molecular charge    0.00
 
      ************************************************************************************************************************
      *                                                                                                                      *
      *                                            Wave function control section                                             *
      *                                                                                                                      *
      ************************************************************************************************************************
 
 
                                         RASSCF iterations: Energy and convergence statistics
                                         ----------------------------------------------------
 
      Iter CI   SX   CI       RASSCF       Energy    max ROT     max BLB   max BLB  Level Ln srch  Step   QN   Walltime
          iter iter root      energy       change     param      element    value   shift minimum  type update hh:mm:ss
 Nr of preliminary CI iterations:   1
        1   1   96    1    -2.57698271    0.00E+00   0.29E+00*   1   8 1 -0.52E+00*  0.00   0.00    SX    NO    0:00:00
        2   1  100    1    -3.07293043   -0.50E+00*  0.17E+00*   1   8 1 -0.23E+00*  0.00   0.00    SX    NO    0:00:00
        3   1   90    1    -3.14101486   -0.68E-01* -0.18E+00*   1   8 1 -0.46E-01*  0.00   0.00    SX    NO    0:00:00
        4   1   80    1    -3.14926721   -0.83E-02* -0.19E+00*   4   7 1  0.11E-01*  0.00   0.00    SX    NO    0:00:00
        5   1   90    1    -3.15453614   -0.53E-02*  0.21E+00*   3  30 1  0.68E-02*  0.00   2.50    QN   YES    0:00:00
        6   1  100    1    -3.15696482   -0.24E-02*  0.13E+00*   2  17 1  0.97E-02*  0.00   0.93    QN   YES    0:00:00
        7   1   94    1    -3.15488736    0.21E-02* -0.90E-01    3  30 1  0.64E-02*  0.00  -0.50    LS   YES    0:00:00
        8   1   78    1    -3.15635036   -0.15E-02* -0.26E+00*   2  17 1  0.87E-02*  0.00   2.50    QN   YES    0:00:00
        9   1   76    1    -3.15954893   -0.32E-02*  0.18E+00*   2  17 1  0.16E-01*  0.00   1.17    QN   YES    0:00:00
       10   1   68    1    -3.15776945    0.18E-02* -0.14E+00*   2  17 1  0.11E-01*  0.00  -0.17    SX   YES    0:00:00
       11   1  100    1    -3.16444625   -0.67E-02* -0.12E+00*   3  30 1  0.12E-01*  0.00   2.50    LS   YES    0:00:00
       12   1   75    1    -3.17253317   -0.81E-02* -0.12E+00*   3  29 1  0.16E-01*  0.00   2.50    LS   YES    0:00:00
       13   1   58    1    -3.18114170   -0.86E-02*  0.27E+00*   3  29 1  0.22E-01*  0.00   2.50    QN   YES    0:00:00
       14   1   86    1    -3.16032989    0.21E-01* -0.14E+00*   3  29 1  0.26E-01*  0.00  -0.50    LS   YES    0:00:00
       15   1   94    1    -3.17077604   -0.10E-01* -0.12E+00*   3  29 1  0.23E-01*  0.00   2.50    LS   YES    0:00:00
       16   1   38    1    -3.18055614   -0.98E-02* -0.28E+00*   3  29 1  0.22E-01*  0.00   2.50    QN   YES    0:00:00
       17   1   46    1    -3.19066066   -0.10E-01*  0.46E-01    3  29 1  0.27E-01*  0.00   0.84    QN   YES    0:00:00
       18   1   28    1    -3.19229653   -0.16E-02*  0.23E-01    3  29 1  0.29E-01*  0.00   1.46    QN   YES    0:00:00
       19   1   23    1    -3.19329939   -0.10E-02*  0.42E-01    3  29 1  0.26E-01*  0.00   2.50    QN   YES    0:00:00
       20   1   20    1    -3.19522882   -0.19E-02* -0.30E-01    3  29 1  0.17E-01*  0.00   1.75    QN   YES    0:00:00
       21   1   19    1    -3.19634934   -0.11E-02* -0.21E-01    3  29 1  0.75E-02*  0.00   1.51    QN   YES    0:00:00
       22   1   18    1    -3.19670694   -0.36E-03*  0.80E-02    3  30 1  0.24E-02*  0.00   1.32    QN   YES    0:00:00
       23   1   17    1    -3.19675866   -0.52E-04*  0.16E-02    1  27 1  0.50E-03*  0.00   1.19    QN   YES    0:00:00
       24   1   16    1    -3.19676203   -0.34E-05*  0.62E-03    2   7 1  0.58E-03*  0.00   1.20    QN   YES    0:00:00
       25   1   16    1    -3.19676264   -0.61E-06*  0.11E-02    2   7 1  0.58E-03*  0.00   2.46    QN   YES    0:00:00
       26   1   15    1    -3.19676364   -0.10E-05*  0.65E-03    2   7 1  0.43E-03*  0.00   1.67    QN   YES    0:00:00
       27   1   14    1    -3.19676430   -0.66E-06*  0.33E-03    2   7 1  0.21E-03*  0.00   1.59    QN   YES    0:00:00
       28   1   13    1    -3.19676456   -0.26E-06* -0.21E-03    3  30 1  0.39E-04   0.00   1.28    QN   YES    0:00:00
       29   1   10    1    -3.19676459   -0.33E-07* -0.65E-04    3  30 1  0.99E-05   0.00   1.18    QN   YES    0:00:00
       30   1    8    1    -3.19676459   -0.17E-08  -0.76E-05    2  24 1 -0.19E-05   0.00   1.12    QN   YES    0:00:00
      Convergence after 30 iterations
 
  Dmat in MO in SXCTL bf call to SXHAM                                                                                    
  mat. size =     6x    6
 
        1.7857277777096998
        0.0006030695356927      1.8602888051198616
       -0.0482126753353538     -0.0002192072243145      1.7397271819569931
        0.0091555092451982     -0.0691430940390576     -0.0028006489214017      0.2537123723735247
        0.1936899379031764      0.0020049801360897      0.1353161955997320      0.0246045303773570      0.1631161640969584
        0.3898230232436280     -0.0037000047465046     -0.0242087402640883     -0.0536892322728301      0.0563373717078044
        0.1974276987429601
       31   1    8    1    -3.19676459   -0.56E-10  -0.76E-05    1  16 1 -0.44E-06   0.00   1.12    QN   YES    0:00:00
 
      ************************************************************************************************************************
                                                      Wave function printout:
                       occupation of active orbitals, and spin coupling of open shells (u,d: Spin up or down)
      ************************************************************************************************************************
 
      Note: transformation to natural orbitals
      has been made, which may change the order of the CSFs.
 
      printout of CI-coefficients larger than  0.05 for root  1
      energy=      -3.196765
      conf/sym  111111     Coeff  Weight
             1  222000  -0.87830 0.77141
            11  220200   0.25558 0.06532
            13  220020   0.06129 0.00376
            18  2udud0   0.20974 0.04399
            21  2ud0ud   0.05931 0.00352
            25  u2d020   0.05818 0.00338
            26  u2du0d   0.16918 0.02862
            29  202200   0.08100 0.00656
            31  202020   0.10617 0.01127
            32  202u0d   0.05877 0.00345
            36  ud2ud0   0.07972 0.00636
            39  ud20ud   0.09921 0.00984
            41  022200   0.06185 0.00383
            46  022002   0.06457 0.00417
            47  2uudd0  -0.07721 0.00596
            51  u2ud0d  -0.06248 0.00390
           120  200220  -0.05876 0.00345
 
      Natural orbitals and occupation numbers for root  1
      sym 1:   1.908090   1.863261   1.743570   0.271821   0.133050   0.080209
 
      ************************************************************************************************************************
      *                                                                                                                      *
      *                                                    Final results                                                     *
      *                                                                                                                      *
      ************************************************************************************************************************
 
 
++    Wave function specifications:
      -----------------------------
 
      Number of closed shell electrons           0
      Number of electrons in active shells       6
      Max number of holes in RAS1 space          0
      Max nr of electrons in RAS3 space          0
      Number of inactive orbitals                0
      Number of active orbitals                  6
      Number of secondary orbitals              24
      Spin quantum number                      0.0
      State symmetry                             1
--
 
++    Orbital specifications:
      -----------------------
 
      Symmetry species                           1
                                                 a
      Frozen orbitals                            0
      Inactive orbitals                          0
      Active orbitals                            6
      RAS1 orbitals                              0
      RAS2 orbitals                              6
      RAS3 orbitals                              0
      Secondary orbitals                        24
      Deleted orbitals                           0
      Number of basis functions                 30
--
 
++    CI expansion specifications:
      ----------------------------
 
      Number of CSFs                           175
      Number of determinants                   210
      Number of root(s) required                 1
      CI root used                               1
      highest root included in the CI            1
      Root passed to geometry opt.               1
--
 
++    Final optimization conditions:
      ------------------------------
 
      Average CI energy                              -3.19676459
      RASSCF energy for state  1                     -3.19676459
      Super-CI energy                                -0.00000000
      RASSCF energy change                           -0.00000000
      Max change in MO coefficients              -0.101E-04
      Max non-diagonal density matrix element    -0.763E-05
      Maximum BLB matrix element                 -0.442E-06
      (orbital pair   1,  16 in symmetry   1)
      Norm of electronic gradient            0.119E-05
--
 
 
      Final state energy(ies):
      ------------------------
 
::    RASSCF root number  1 Total energy:     -3.19676459
 
++    Molecular orbitals:
      -------------------
 
      Pseudonatural active orbitals and approximate occupation numbers
 
 
 
 
      Molecular orbitals for symmetry species 1: a  
 
 
      Orbital                1         2         3         4         5         6         7         8         9        10
      Energy            0.0000    0.0000    0.0000    0.0000    0.0000    0.0000    0.2651    0.3227    0.4424    0.6320
      Occ. No.          1.9081    1.8633    1.7436    0.2718    0.1331    0.0802    0.0000    0.0000    0.0000    0.0000
 
    1 H1     1s         0.1979   -0.3617    0.4178   -0.5520   -0.6418   -0.4477   -0.0910    0.0307    0.3761   -0.0000
    2 H1     2s         0.0021   -0.0079    0.0319   -0.0305   -0.0422   -0.0488    0.3130    0.6366    0.9030   -0.0000
    3 H1     2px       -0.0000    0.0000   -0.0000    0.0000    0.0000    0.0000    0.0000    0.0000    0.0000    0.0602
    4 H1     2py        0.0000    0.0000   -0.0000    0.0000    0.0000   -0.0000    0.0000    0.0000    0.0000    0.1839
    5 H1     2pz        0.0107   -0.0133    0.0074   -0.0048   -0.0091   -0.0092   -0.0382   -0.0392   -0.0137    0.0000
    6 H2     1s         0.2979   -0.4333    0.3139    0.2750    0.7927    0.8042   -0.1702   -0.2020   -0.2311    0.0000
    7 H2     2s        -0.0066   -0.0327    0.0779   -0.0059    0.1266    0.1803    0.2028    0.1369   -0.3395    0.0000
    8 H2     2px        0.0000   -0.0000    0.0000    0.0000    0.0000    0.0000    0.0000    0.0000    0.0000    0.1034
    9 H2     2py        0.0000   -0.0000    0.0000    0.0000    0.0000    0.0000    0.0000    0.0000    0.0000    0.3159
   10 H2     2pz        0.0062    0.0063   -0.0220    0.0188    0.0040   -0.0050    0.0077    0.0749    0.1654   -0.0000
   11 H3     1s         0.3900   -0.1119   -0.4574    0.5538   -0.3205   -1.0286   -0.1454    0.0337    0.0493   -0.0000
   12 H3     2s        -0.0003    0.0176   -0.0820    0.0675   -0.0852   -0.2296    0.2741    0.1641   -0.4309   -0.0000
   13 H3     2px       -0.0000   -0.0000    0.0000   -0.0000   -0.0000    0.0000    0.0000    0.0000    0.0000    0.1284
   14 H3     2py        0.0000   -0.0000   -0.0000    0.0000    0.0000   -0.0000    0.0000   -0.0000    0.0000    0.3923
   15 H3     2pz        0.0025    0.0168   -0.0145   -0.0101   -0.0139   -0.0079   -0.0125    0.0486    0.0160    0.0000
   16 H4     1s         0.3900    0.1119   -0.4574   -0.5538   -0.3205    1.0286   -0.1454   -0.0337    0.0493    0.0000
   17 H4     2s        -0.0003   -0.0176   -0.0820   -0.0675   -0.0852    0.2296    0.2741   -0.1641   -0.4309    0.0000
   18 H4     2px        0.0000    0.0000    0.0000    0.0000    0.0000   -0.0000    0.0000   -0.0000    0.0000    0.1284
   19 H4     2py       -0.0000    0.0000    0.0000    0.0000    0.0000   -0.0000    0.0000   -0.0000    0.0000    0.3923
   20 H4     2pz       -0.0025    0.0168    0.0145   -0.0101    0.0139   -0.0079    0.0125    0.0486   -0.0160    0.0000
   21 H5     1s         0.2979    0.4333    0.3139   -0.2750    0.7927   -0.8041   -0.1702    0.2020   -0.2311   -0.0000
   22 H5     2s        -0.0066    0.0327    0.0779    0.0059    0.1266   -0.1803    0.2028   -0.1369   -0.3395   -0.0000
   23 H5     2px        0.0000    0.0000    0.0000   -0.0000    0.0000    0.0000    0.0000    0.0000    0.0000    0.1034
   24 H5     2py        0.0000    0.0000    0.0000   -0.0000    0.0000   -0.0000    0.0000   -0.0000    0.0000    0.3159
   25 H5     2pz       -0.0062    0.0063    0.0220    0.0188   -0.0040   -0.0050   -0.0077    0.0749   -0.1654   -0.0000
   26 H6     1s         0.1979    0.3617    0.4178    0.5520   -0.6418    0.4477   -0.0910   -0.0307    0.3761    0.0000
   27 H6     2s         0.0021    0.0079    0.0319    0.0305   -0.0422    0.0488    0.3130   -0.6366    0.9030    0.0000
   28 H6     2px       -0.0000   -0.0000   -0.0000   -0.0000    0.0000   -0.0000    0.0000   -0.0000    0.0000    0.0602
   29 H6     2py       -0.0000   -0.0000   -0.0000   -0.0000    0.0000   -0.0000    0.0000   -0.0000    0.0000    0.1839
   30 H6     2pz       -0.0107   -0.0133   -0.0074   -0.0048    0.0091   -0.0092    0.0382   -0.0392    0.0137    0.0000
 
 
      Orbital               11        12        13        14        15        16        17        18        19        20
      Energy            0.6320    0.6851    0.7271    0.7271    0.8861    0.8861    0.9428    1.0768    1.1119    1.1119
      Occ. No.          0.0000    0.0000    0.0000    0.0000    0.0000    0.0000    0.0000    0.0000    0.0000    0.0000
 
    1 H1     1s         0.0000    0.7669    0.0000    0.0000    0.0000    0.0000   -0.4205    0.6940    0.0000    0.0000
    2 H1     2s         0.0000    1.0107    0.0000    0.0000    0.0000   -0.0000   -0.1518    0.8207   -0.0000   -0.0000
    3 H1     2px        0.1839    0.0000   -0.0831   -0.3631    0.0619    0.5030    0.0000   -0.0000   -0.1378   -0.5457
    4 H1     2py       -0.0602    0.0000   -0.3631    0.0831    0.5030   -0.0619    0.0000    0.0000   -0.5457    0.1378
    5 H1     2pz       -0.0000   -0.0124    0.0000    0.0000   -0.0000   -0.0000    0.3174    0.0776   -0.0000   -0.0000
    6 H2     1s        -0.0000   -0.6554   -0.0000    0.0000   -0.0000   -0.0000    0.6055   -1.2567   -0.0000   -0.0000
    7 H2     2s        -0.0000   -1.2886   -0.0000   -0.0000   -0.0000   -0.0000    0.8356   -1.9370   -0.0000   -0.0000
    8 H2     2px        0.3159    0.0000   -0.0980   -0.4282    0.0248    0.2020    0.0000   -0.0000    0.0682    0.2700
    9 H2     2py       -0.1034    0.0000   -0.4282    0.0980    0.2020   -0.0248    0.0000   -0.0000    0.2700   -0.0682
   10 H2     2pz        0.0000    0.1480    0.0000    0.0000    0.0000   -0.0000   -0.2700   -0.1893    0.0000    0.0000
   11 H3     1s         0.0000   -0.1762   -0.0000   -0.0000    0.0000    0.0000   -0.3635    0.6916    0.0000    0.0000
   12 H3     2s         0.0000   -0.5087   -0.0000   -0.0000    0.0000    0.0000   -0.5885    1.1283    0.0000    0.0000
   13 H3     2px        0.3923   -0.0000   -0.0430   -0.1879   -0.0492   -0.4004   -0.0000   -0.0000    0.1115    0.4417
   14 H3     2py       -0.1284    0.0000   -0.1879    0.0430   -0.4004    0.0492   -0.0000   -0.0000    0.4417   -0.1115
   15 H3     2pz       -0.0000   -0.1551   -0.0000   -0.0000   -0.0000    0.0000    0.3950    0.1337   -0.0000   -0.0000
   16 H4     1s        -0.0000    0.1762    0.0000    0.0000   -0.0000    0.0000   -0.3635    0.6916   -0.0000   -0.0000
   17 H4     2s        -0.0000    0.5087    0.0000    0.0000   -0.0000    0.0000   -0.5885    1.1283   -0.0000   -0.0000
   18 H4     2px        0.3923   -0.0000    0.0430    0.1879   -0.0492   -0.4004   -0.0000    0.0000   -0.1115   -0.4417
   19 H4     2py       -0.1284   -0.0000    0.1879   -0.0430   -0.4004    0.0492   -0.0000    0.0000   -0.4417    0.1115
   20 H4     2pz       -0.0000   -0.1551   -0.0000   -0.0000    0.0000    0.0000   -0.3950   -0.1337   -0.0000   -0.0000
   21 H5     1s         0.0000    0.6554    0.0000    0.0000   -0.0000   -0.0000    0.6055   -1.2567    0.0000    0.0000
   22 H5     2s         0.0000    1.2886    0.0000    0.0000   -0.0000   -0.0000    0.8356   -1.9370    0.0000    0.0000
   23 H5     2px        0.3159   -0.0000    0.0980    0.4282    0.0248    0.2020    0.0000    0.0000   -0.0682   -0.2700
   24 H5     2py       -0.1034   -0.0000    0.4282   -0.0980    0.2020   -0.0248    0.0000    0.0000   -0.2700    0.0682
   25 H5     2pz        0.0000    0.1480    0.0000    0.0000    0.0000   -0.0000    0.2700    0.1893    0.0000    0.0000
   26 H6     1s        -0.0000   -0.7669   -0.0000   -0.0000    0.0000    0.0000   -0.4205    0.6940   -0.0000   -0.0000
   27 H6     2s        -0.0000   -1.0107   -0.0000   -0.0000    0.0000    0.0000   -0.1518    0.8207    0.0000    0.0000
   28 H6     2px        0.1839   -0.0000    0.0831    0.3631    0.0619    0.5030    0.0000   -0.0000    0.1378    0.5457
   29 H6     2py       -0.0602   -0.0000    0.3631   -0.0831    0.5030   -0.0619    0.0000   -0.0000    0.5457   -0.1378
   30 H6     2pz       -0.0000   -0.0124    0.0000   -0.0000   -0.0000    0.0000   -0.3174   -0.0776   -0.0000   -0.0000
 
 
      Orbital               21        22        23        24        25        26        27        28        29        30
      Energy            1.1220    1.3801    1.3801    1.6237    1.6237    1.6356    1.6821    1.9956    2.4913    3.0507
      Occ. No.          0.0000    0.0000    0.0000    0.0000    0.0000    0.0000    0.0000    0.0000    0.0000    0.0000
 
    1 H1     1s         0.0674   -0.0000    0.0000    0.0000   -0.0000   -0.8321   -0.8274   -0.7680   -0.6487    0.4419
    2 H1     2s        -0.2431   -0.0000   -0.0000    0.0000   -0.0000   -0.8375   -0.8466   -0.5236   -0.2525    0.1208
    3 H1     2px        0.0000    0.2049   -0.4594   -0.0136   -0.3033    0.0000    0.0000   -0.0000   -0.0000    0.0000
    4 H1     2py        0.0000    0.4594    0.2049   -0.3033    0.0136   -0.0000   -0.0000   -0.0000   -0.0000   -0.0000
    5 H1     2pz       -0.4776   -0.0000   -0.0000    0.0000   -0.0000   -0.7432   -0.3445   -0.7544   -0.6242    0.3893
    6 H2     1s        -0.1403    0.0000   -0.0000   -0.0000    0.0000    1.8472    2.4978    1.0376    0.1107    0.2314
    7 H2     2s        -0.2896    0.0000    0.0000   -0.0000    0.0000    1.5273    2.6014    0.6126    0.1103   -0.0662
    8 H2     2px       -0.0000   -0.2706    0.6066    0.0258    0.5774   -0.0000   -0.0000   -0.0000   -0.0000    0.0000
    9 H2     2py       -0.0000   -0.6066   -0.2706    0.5774   -0.0258    0.0000    0.0000    0.0000   -0.0000    0.0000
   10 H2     2pz        0.2709    0.0000   -0.0000   -0.0000    0.0000    0.0694    0.4071   -0.5883   -1.1004    0.9450
   11 H3     1s         0.6206   -0.0000    0.0000    0.0000   -0.0000   -0.9511   -3.8409    0.3592    0.6149    0.1716
   12 H3     2s         1.1934   -0.0000    0.0000    0.0000   -0.0000   -0.7929   -4.0061   -0.0601    0.0714    0.0743
   13 H3     2px       -0.0000    0.1221   -0.2738   -0.0327   -0.7298    0.0000    0.0000    0.0000    0.0000    0.0000
   14 H3     2py       -0.0000    0.2738    0.1221   -0.7298    0.0327   -0.0000   -0.0000   -0.0000    0.0000   -0.0000
   15 H3     2pz       -0.0968   -0.0000    0.0000    0.0000    0.0000    0.6503   -0.1812    0.6306   -0.5261    1.2695
   16 H4     1s        -0.6206    0.0000   -0.0000   -0.0000    0.0000   -0.9511    3.8409   -0.3592    0.6149   -0.1716
   17 H4     2s        -1.1934    0.0000   -0.0000   -0.0000    0.0000   -0.7929    4.0061    0.0601    0.0714   -0.0743
   18 H4     2px        0.0000    0.1221   -0.2738    0.0327    0.7298   -0.0000   -0.0000   -0.0000   -0.0000   -0.0000
   19 H4     2py        0.0000    0.2738    0.1221    0.7298   -0.0327    0.0000   -0.0000   -0.0000   -0.0000   -0.0000
   20 H4     2pz       -0.0968   -0.0000    0.0000    0.0000   -0.0000   -0.6503   -0.1812    0.6306    0.5261    1.2695
   21 H5     1s         0.1403   -0.0000    0.0000    0.0000   -0.0000    1.8472   -2.4978   -1.0376    0.1107   -0.2314
   22 H5     2s         0.2896   -0.0000    0.0000    0.0000   -0.0000    1.5273   -2.6014   -0.6126    0.1103    0.0662
   23 H5     2px        0.0000   -0.2706    0.6066   -0.0258   -0.5774    0.0000    0.0000    0.0000    0.0000    0.0000
   24 H5     2py        0.0000   -0.6066   -0.2706   -0.5774    0.0258   -0.0000   -0.0000    0.0000   -0.0000   -0.0000
   25 H5     2pz        0.2709    0.0000   -0.0000   -0.0000    0.0000   -0.0694    0.4071   -0.5883    1.1004    0.9450
   26 H6     1s        -0.0674    0.0000   -0.0000   -0.0000   -0.0000   -0.8321    0.8274    0.7680   -0.6487   -0.4419
   27 H6     2s         0.2431    0.0000    0.0000   -0.0000   -0.0000   -0.8375    0.8466    0.5236   -0.2525   -0.1208
   28 H6     2px       -0.0000    0.2049   -0.4594    0.0136    0.3033   -0.0000   -0.0000    0.0000   -0.0000   -0.0000
   29 H6     2py       -0.0000    0.4594    0.2049    0.3033   -0.0136    0.0000   -0.0000    0.0000   -0.0000   -0.0000
   30 H6     2pz       -0.4776   -0.0000   -0.0000    0.0000    0.0000    0.7432   -0.3445   -0.7544    0.6242    0.3893
--
 
      Von Neumann Entropy (Root  1) =  1.17003
 

      Mulliken population analysis for root number:  1
      -----------------------------------------------
 
 
++    Molecular charges:
      ------------------
 
      Mulliken charges per centre and basis function type
      ---------------------------------------------------
 
                H1      H2      H3      H4      H5      H6    
      1s       0.9654  1.0181  1.0080  1.0080  1.0181  0.9654
      2s       0.0010 -0.0114 -0.0306 -0.0306 -0.0114  0.0010
      2px      0.0000  0.0000  0.0000  0.0000  0.0000  0.0000
      2pz      0.0088  0.0211  0.0197  0.0197  0.0211  0.0088
      2py      0.0000  0.0000  0.0000  0.0000  0.0000  0.0000
      Total    0.9751  1.0278  0.9970  0.9970  1.0278  0.9751
 
      N-E      0.0249 -0.0278  0.0030  0.0030 -0.0278  0.0249
 
      Total electronic charge=    6.000000
 
      Total            charge=   -0.000000
--
 
 

      Expectation values of various properties for root number:  1
      -----------------------------------------------------------
 
 
++    Molecular properties:
      ---------------------
 
      Charge (e):
                      =   -0.0000
      Dipole Moment (Debye):
      Origin of the operator (Ang)=    0.0000    0.0000    0.0000
                   X=  4.0881E-10               Y=  3.1770E-11               Z=  7.0188E-07           Total=  7.0188E-07
      Quadrupole Moment (Debye*Ang):
      Origin of the operator (Ang)=    0.0000    0.0000    3.5000
                  XX= -8.2464E+00              XY= -5.3991E-18              XZ= -1.8506E-09              YY= -8.2464E+00
                  YZ= -7.6603E-10              ZZ= -5.3541E+00
      In traceless form (Debye*Ang)
                  XX= -1.4462E+00              XY= -8.0987E-18              XZ= -2.7758E-09              YY= -1.4462E+00
                  YZ= -1.1490E-09              ZZ=  2.8923E+00
--
 

      LoProp population analysis for root number:  1
      -----------------------------------------------
 
 
++    LoProp analysis:
      ----------------
 
 
 
  Input file to MOLDEN was generated!
 
 
++    Static properties:
      ------------------
 
 
      LoProp Charges per center
 

                   H1       H2       H3       H4       H5       H6    
      Nuclear      1.0000   1.0000   1.0000   1.0000   1.0000   1.0000
      Electronic  -1.0009  -0.9994  -0.9997  -0.9997  -0.9994  -1.0009
 
      Total       -0.0009   0.0006   0.0003   0.0003   0.0006  -0.0009
--
 
 
      Natural Bond Order analysis for root number:  1
 
++    Natural Bond Order analysis
      ---------------------------
      Based on LoProp computed density
      -------------------------------------------------------------------------------------
      Atom A       Atom B       Bond Order
      -------------------------------------------------------------------------------------
      NBO located      0.979 non-bonded electrons on atom H1        
      NBO located      1.017 non-bonded electrons on atom H3        
      NBO located      1.017 non-bonded electrons on atom H4        
      NBO located      0.979 non-bonded electrons on atom H6        
      The remaining    2.009 electrons are to be considered as diffuse
--
 
--
 
 
  Input file to MOLDEN was generated!
 
      Average orbitals are written to the RASORB file
      Natural orbitals for root   1 are written to the RASORB.1 file
      Spin density orbitals for root   1 are written to the SPDORB.1 file
 
forrtl: warning (525): IEEE_DIVIDE_BY_ZERO is signaling
forrtl: warning (526): IEEE_INVALID is signaling
forrtl: warning (528): IEEE_UNDERFLOW is signaling
--- Stop Module: rasscf at Sun Oct 26 13:03:09 2025 /rc=_RC_ALL_IS_WELL_ ---
*** files: H6_1.40.LprOrb H6_1.40.rasscf.molden H6_1.40.LoProp.molden H6_1.40.RasOrb.1 H6_1.40.RasOrb H6_1.40.rasscf.h5 H6_1.40.SpdOrb.1 xmldump
    saved to directory /home/grierjones/DDCASPT2/hydrogen_comps/rerun/H6_chain/H6_1.40
--- Module rasscf spent 2 seconds ---

>>> COPY /tmp/H6_1.40/H6_1.40.rasscf.h5 /home/grierjones/DDCASPT2/hydrogen_comps/rerun/H6_chain/H6_1.40/

>>> COPY /tmp/H6_1.40/GMJ_Fock_MO.csv /home/grierjones/DDCASPT2/hydrogen_comps/rerun/H6_chain/H6_1.40/H6_1.40.GMJ_Fock_MO.csv

*** symbolic link created: INPORB -> H6_1.40.RasOrb
--- Start Module: motra at Sun Oct 26 13:03:09 2025 ---
 
()()()()()()()()()()()()()()()()()()()()()()()()()()()()()()()()()()()()()()()()()()()()()()()()()()

                                               &MOTRA

                                   only a single process is used
                       available to each process: 2.0 GB of memory, 1 thread?
()()()()()()()()()()()()()()()()()()()()()()()()()()()()()()()()()()()()()()()()()()()()()()()()()()
 
 
      *** WARNING: Default frozen orbitals is overwritten by user input.
      *** Default values:   0
 
      Header of the integral files:
      
       Integrals generated by seward 4.2.0  , Sun Oct 26 13:03:06 2025
 
 
      Header of MO coefficients source file:
      * RASSCF average (pseudo-natural) orbitals                                      
 
 
      Cartesian coordinates in Angstrom:
      -----------------------------------------------------
      No.  Label        X            Y            Z        
      -----------------------------------------------------
       1   H1         0.00000000   0.00000000   0.00000000
       2   H2         0.00000000   0.00000000   1.40000000
       3   H3         0.00000000   0.00000000   2.80000000
       4   H4         0.00000000   0.00000000   4.20000000
       5   H5         0.00000000   0.00000000   5.60000000
       6   H6         0.00000000   0.00000000   7.00000000
      -----------------------------------------------------
      Nuclear repulsion energy =    3.28845838
 
      Orbital specifications:
      -----------------------
 
      Symmetry species:              1
      Number of basis functions:    30
      Frozen orbitals:               0
      Deleted orbitals:              0
      Number of orbitals used:      30

       SYMMETRY  BASIS FUNCTIONS       ORBITALS      INTEGRALS   CPU(SEC)  I/O(SEC)
        1 1 1 1   30  30  30  30    30  30  30  30      108345       0.00      0.00

       TOTAL CPU TIME(SEC)    0.07TOTAL I/O TIME(SEC)    0.16
 
--- Stop Module: motra at Sun Oct 26 13:03:09 2025 /rc=_RC_ALL_IS_WELL_ ---
*** files: xmldump
    saved to directory /home/grierjones/DDCASPT2/hydrogen_comps/rerun/H6_chain/H6_1.40

>>> COPY /tmp/H6_1.40/GMJ_one_int_indx.csv /home/grierjones/DDCASPT2/hydrogen_comps/rerun/H6_chain/H6_1.40/H6_1.40.GMJ_one_int_indx.csv

>>> COPY /tmp/H6_1.40/GMJ_one_int.csv /home/grierjones/DDCASPT2/hydrogen_comps/rerun/H6_chain/H6_1.40/H6_1.40.GMJ_one_int.csv

>>> COPY /tmp/H6_1.40/GMJ_two_int_indx.csv /home/grierjones/DDCASPT2/hydrogen_comps/rerun/H6_chain/H6_1.40/H6_1.40.GMJ_two_int_indx.csv

>>> COPY /tmp/H6_1.40/GMJ_two_int.csv /home/grierjones/DDCASPT2/hydrogen_comps/rerun/H6_chain/H6_1.40/H6_1.40.GMJ_two_int.csv

*** symbolic link created: INPORB -> H6_1.40.RasOrb
--- Start Module: caspt2 at Sun Oct 26 13:03:09 2025 ---
 
()()()()()()()()()()()()()()()()()()()()()()()()()()()()()()()()()()()()()()()()()()()()()()()()()()

                                              &CASPT2

                                   only a single process is used
                       available to each process: 2.0 GB of memory, 1 thread?
()()()()()()()()()()()()()()()()()()()()()()()()()()()()()()()()()()()()()()()()()()()()()()()()()()
 
 Cholesky algorithm in CASPT2 =    1
 
 ###############################################################################
 ###############################################################################
 ###                                                                         ###
 ###                                                                         ###
 ###    User changed nr of frozen orbitals.                                  ###
 ###                                                                         ###
 ###                                                                         ###
 ###############################################################################
 ###############################################################################
 
++    Wave function specifications:
      -----------------------------
 
      Number of closed shell electrons           0
      Number of electrons in active shells       6
      Max number of holes in RAS1 space          0
      Max number of electrons in RAS3 space      0
      Number of inactive orbitals                0
      Number of active orbitals                  6
      Number of secondary orbitals              24
      Spin quantum number                      0.0
      State symmetry                             1
      Number of CSFs                           175
      Number of root(s) available                1
      Root passed to geometry opt.               1
      A file JOBMIX will be created.
      This is a CASSCF or RASSCF reference function
--
 
++    Orbital specifications:
      -----------------------
 
      Symmetry species                           1
                                                 a
      Frozen orbitals                            0
      Inactive orbitals                          0
      Active orbitals                            6
      Secondary orbitals                        24
      Deleted orbitals                           0
      Number of basis functions                 30
--
 
      Type of Fock operator: STANDARD
      Type of 0-order Hamiltonian: STANDARD WITH DEFAULT IPEA
        "IP-EA" denominator shift =      0.25
      The input orbitals and the CI vector will be transformed.
 
--------------------------------------------------------------------------------
 Estimated memory requirements:
  POLY3 :                   262414
  RHS:                      285604
  SIGMA :                   275200
  PRPCTL:                        0
 Available workspace:    230396124
 
++ CASPT2 computation for group   1
 
********************************************************************************
 Multi-State initialization phase begins for group   1
--------------------------------------------------------------------------------
********************************************************************************
 Compute H0 matrices for state    1
--------------------------------------------------------------------------------
--------------------------------------------------------------------------------
 H0 matrices have been computed.
 
********************************************************************************
  CASPT2 EQUATION SOLUTION
--------------------------------------------------------------------------------
 
  Total nr of CASPT2 parameters:
   Before reduction:       15624
   After  reduction:       15384
 
 The contributions to the second order correlation energy in atomic units.
-----------------------------------------------------------------------------------------------------------------------------
  IT.      VJTU        VJTI        ATVX        AIVX        VJAI        BVAT        BJAT        BJAI        TOTAL       RNORM  
-----------------------------------------------------------------------------------------------------------------------------
   1     0.000000    0.000000   -0.007964    0.000000    0.000000   -0.021192    0.000000    0.000000   -0.029156    0.001785
   2     0.000000    0.000000   -0.008058    0.000000    0.000000   -0.021219    0.000000    0.000000   -0.029277    0.000131
   3     0.000000    0.000000   -0.008059    0.000000    0.000000   -0.021219    0.000000    0.000000   -0.029277    0.000017
   4     0.000000    0.000000   -0.008058    0.000000    0.000000   -0.021219    0.000000    0.000000   -0.029277    0.000001
-------------------------------------------------------------------------------------------------------------------
 
  FINAL CASPT2 RESULT:
 
  Correlation energy /Case, /Symm, and sums:
 VJTU      0.00000000  0.00000000
 VJTIP     0.00000000  0.00000000
 VJTIM     0.00000000  0.00000000
 ATVX     -0.00805816 -0.00805816
 AIVX      0.00000000  0.00000000
 VJAIP     0.00000000  0.00000000
 VJAIM     0.00000000  0.00000000
 BVATP    -0.02026408 -0.02026408
 BVATM    -0.00095454 -0.00095454
 BJATP     0.00000000  0.00000000
 BJATM     0.00000000  0.00000000
 BJAIP     0.00000000  0.00000000
 BJAIM     0.00000000  0.00000000
 Summed:  -0.02927677 -0.02927677
 
      Reference energy:          -3.1967645933
      E2 (Non-variational):      -0.0292767711
      E2 (Variational):          -0.0292767736
      Total energy:              -3.2260413668
      Residual norm:              0.0000001506
      Reference weight:           0.98641
 
      Contributions to the CASPT2 correlation energy
      Active & Virtual Only:         -0.0292767711
      One Inactive Excited:           0.0000000000
      Two Inactive Excited:           0.0000000000
 
 
++ Denominators, etc.
----------------------------------------------------------------------------------------------------
 Report on small energy denominators, large coefficients, and large energy contributions.
CASE  SYMM ACTIVE-MIX  NON-ACTIVE INDICES          DENOMINATOR     RHS VALUE       COEFFICIENT     CONTRIBUTION
--
 
   (Skipping property calculation,
    use PROP keyword to activate)
--
 
  Total CASPT2 energies:
::    CASPT2 Root  1     Total energy:     -3.22604137
 
  A NEW JOBIPH FILE NAMED 'JOBMIX' IS PREPARED.
********************************************************************************
forrtl: warning (528): IEEE_UNDERFLOW is signaling
--- Stop Module: caspt2 at Sun Oct 26 13:03:09 2025 /rc=_RC_ALL_IS_WELL_ ---
*** files: xmldump
    saved to directory /home/grierjones/DDCASPT2/hydrogen_comps/rerun/H6_chain/H6_1.40

>>> EXPORT i = B

>>> EXPORT j = P

>>> IF (-FILE GMJ_e2_${i}_${j}_1_.csv)
(Skipped)

>>> END FOREACH

>>> EXPORT j = M

>>> IF (-FILE GMJ_e2_${i}_${j}_1_.csv)
(Skipped)

>>> END FOREACH

>>> END FOREACH

>>> EXPORT i = E

>>> EXPORT j = P

>>> IF (-FILE GMJ_e2_${i}_${j}_1_.csv)
(Skipped)

>>> END FOREACH

>>> EXPORT j = M

>>> IF (-FILE GMJ_e2_${i}_${j}_1_.csv)
(Skipped)

>>> END FOREACH

>>> END FOREACH

>>> EXPORT i = F

>>> EXPORT j = P

>>> IF (-FILE GMJ_e2_${i}_${j}_1_.csv)

>>> COPY /tmp/H6_1.40/GMJ_RHS_F_P_1_.csv /home/grierjones/DDCASPT2/hydrogen_comps/rerun/H6_chain/H6_1.40/GMJ_RHS_F_P_1_.csv

>>> COPY /tmp/H6_1.40/GMJ_IVECW_F_P_1_.csv /home/grierjones/DDCASPT2/hydrogen_comps/rerun/H6_chain/H6_1.40/GMJ_IVECW_F_P_1_.csv

>>> COPY /tmp/H6_1.40/GMJ_IVECX_F_P_1_.csv /home/grierjones/DDCASPT2/hydrogen_comps/rerun/H6_chain/H6_1.40/GMJ_IVECX_F_P_1_.csv

>>> COPY /tmp/H6_1.40/GMJ_IVECC2_F_P_1_.csv /home/grierjones/DDCASPT2/hydrogen_comps/rerun/H6_chain/H6_1.40/GMJ_IVECC2_F_P_1_.csv

>>> COPY /tmp/H6_1.40/GMJ_e2_F_P_1_.csv /home/grierjones/DDCASPT2/hydrogen_comps/rerun/H6_chain/H6_1.40/GMJ_e2_F_P_1_.csv

>>> END FOREACH

>>> EXPORT j = M

>>> IF (-FILE GMJ_e2_${i}_${j}_1_.csv)

>>> COPY /tmp/H6_1.40/GMJ_RHS_F_M_1_.csv /home/grierjones/DDCASPT2/hydrogen_comps/rerun/H6_chain/H6_1.40/GMJ_RHS_F_M_1_.csv

>>> COPY /tmp/H6_1.40/GMJ_IVECW_F_M_1_.csv /home/grierjones/DDCASPT2/hydrogen_comps/rerun/H6_chain/H6_1.40/GMJ_IVECW_F_M_1_.csv

>>> COPY /tmp/H6_1.40/GMJ_IVECX_F_M_1_.csv /home/grierjones/DDCASPT2/hydrogen_comps/rerun/H6_chain/H6_1.40/GMJ_IVECX_F_M_1_.csv

>>> COPY /tmp/H6_1.40/GMJ_IVECC2_F_M_1_.csv /home/grierjones/DDCASPT2/hydrogen_comps/rerun/H6_chain/H6_1.40/GMJ_IVECC2_F_M_1_.csv

>>> COPY /tmp/H6_1.40/GMJ_e2_F_M_1_.csv /home/grierjones/DDCASPT2/hydrogen_comps/rerun/H6_chain/H6_1.40/GMJ_e2_F_M_1_.csv

>>> END FOREACH

>>> END FOREACH

>>> EXPORT i = G

>>> EXPORT j = P

>>> IF (-FILE GMJ_e2_${i}_${j}_1_.csv)
(Skipped)

>>> END FOREACH

>>> EXPORT j = M

>>> IF (-FILE GMJ_e2_${i}_${j}_1_.csv)
(Skipped)

>>> END FOREACH

>>> END FOREACH

>>> EXPORT i = H

>>> EXPORT j = P

>>> IF (-FILE GMJ_e2_${i}_${j}_1_.csv)
(Skipped)

>>> END FOREACH

>>> EXPORT j = M

>>> IF (-FILE GMJ_e2_${i}_${j}_1_.csv)
(Skipped)

>>> END FOREACH

>>> END FOREACH

>>> EXPORT i = A

>>> IF (-FILE GMJ_e2_${i}_1_.csv)
(Skipped)

>>> END FOREACH

>>> EXPORT i = C

>>> IF (-FILE GMJ_e2_${i}_1_.csv)

>>> COPY /tmp/H6_1.40/GMJ_RHS_C_1_.csv /home/grierjones/DDCASPT2/hydrogen_comps/rerun/H6_chain/H6_1.40/GMJ_RHS_C_1_.csv

>>> COPY /tmp/H6_1.40/GMJ_IVECW_C_1_.csv /home/grierjones/DDCASPT2/hydrogen_comps/rerun/H6_chain/H6_1.40/GMJ_IVECW_C_1_.csv

>>> COPY /tmp/H6_1.40/GMJ_IVECX_C_1_.csv /home/grierjones/DDCASPT2/hydrogen_comps/rerun/H6_chain/H6_1.40/GMJ_IVECX_C_1_.csv

>>> COPY /tmp/H6_1.40/GMJ_IVECC2_C_1_.csv /home/grierjones/DDCASPT2/hydrogen_comps/rerun/H6_chain/H6_1.40/GMJ_IVECC2_C_1_.csv

>>> COPY /tmp/H6_1.40/GMJ_e2_C_1_.csv /home/grierjones/DDCASPT2/hydrogen_comps/rerun/H6_chain/H6_1.40/GMJ_e2_C_1_.csv

>>> END FOREACH

>>> EXPORT i = D

>>> IF (-FILE GMJ_e2_${i}_1_.csv)
(Skipped)

>>> END FOREACH

.########################.
.# Non-zero return code #.
.########################.

    Timing: Wall=3.96 User=3.07 System=0.87
***************************************
*** WorkDir at /tmp/H6_1.40 cleaned ***
***************************************
