   This run of MOLCAS is using the pymolcas driver

                             OPE
                             OPE          NMOL  CASOP  ENMOLC A   SO
                 OPE        NMOLC        AS  OP EN  MO LC     AS  OP
                OPENM       OL CA        SO  PE NM  OL CA     SOP EN
                OP EN      MO   LC       AS  OP ENMOL  CASO   PENMOL
                OP  EN     MO   LC       AS  OP EN     MO     LC ASO
               OP   E  NMOL  C  AS       OP  EN MO     LC     AS  OP
               OP  E   NMO   LC AS        OPEN  MO     LCASOP EN   M
               O  PEN   MO  LCA  SO
            OPE   NMO   L   CAS    OP
        OPENMOL  CASOP     ENMOL   CASOPE
     OPENMOLCA   SOPENMOLCASOPEN   MOLCASOPE
    OPENMOLCAS   OP           EN   MOL    CAS
    OPENMOLCAS       OP  ENM        O     LCA
    OPENMOLCAS    OPEN  MOLCASO     P  E  NMO
    OPENMOLCAS     OP               E  N  MOL
    OPENMOLCA   SO           PENM   O  L  CAS    OPEN    MO    LCAS
    OPENMOLCA   SOP           ENM   O  L  CAS   OP  EN  MOLC  AS   O
    OPENMOLCA   SOPE           NM      O  LCA   S      OP  EN MO
    OPENMOLC                AS         O  PEN   M      OL  CA  SOPE
    OPENMO        LCASOPE  NMOL        C  ASO   P      ENMOLC     AS
    OPE     NMO      LCA  SO     P     E   NM   OL  CA SO  PE N   MO
          OPENMOLCA            SOPE   NMO        LCAS  O    P  ENMO
     OPENMOLCASOPENMOLCASOPENMOLCASOPENMOLCA
        OPENMOLCASOPENMOLCASOPENMOLCASOPE
            OPENMOLCASOPENMOLCASOPENM
               OPENMOLCASOPENMOLCA        version: f37762c57
                   OPENMOLCASO
                       OPE                tag:

 OpenMolcas is free software; you can redistribute it and/or modify it
 under the terms of the GNU Lesser General Public License version 2.1.
 OpenMolcas is distributed in the hope that it will be useful, but it
 is provided "as is" and without any express or implied warranties.
 For more details see the full text of the license in the file
 LICENSE or in <http://www.gnu.org/licenses/>.

                 Copyright (C) The OpenMolcas Authors
           For the author list and the recommended citation,
                   consult the file CONTRIBUTORS.md

           *************************************************
           * pymolcas version py2.28                       *
           *   build c4a6d18ded8cb6cad61d2372a9abd97c      *
           *   (after the EMIL interpreter by V. Veryazov) *
           *************************************************

configuration info
------------------
C Compiler ID: Intel
C flags: -std=gnu99 -gcc-sys
Fortran Compiler ID: IntelLLVM
Fortran flags: -standard-semantics -fltconsistency -fpp -i8 -heap-arrays
Definitions: _MOLCAS_;_I8_;_LINUX_
Parallel: OFF (GA=OFF)


   --------------------------------------------------------------------------------------
  |
  |              Project: H8_2.42
  |       Submitted from: ${LOCALHOME}/DDCASPT2/hydrogen_comps/rerun/H8_chain/H8_2.42
  |         Scratch area: /tmp/H8_2.42
  |      Save outputs to: ${LOCALHOME}/DDCASPT2/hydrogen_comps/rerun/H8_chain/H8_2.42
  |               Molcas: ${LOCALHOME}/Test/build
  |
  | Scratch area is empty
  |
  |       MOLCAS_DRIVER = /usr/local/pymolcas
  | MOLCAS_KEEP_WORKDIR = NO
  |  MOLCAS_NEW_WORKDIR = YES
  |       MOLCAS_NPROCS = 1
  |        MOLCAS_PRINT = NORMAL
  |       MOLCAS_SOURCE = ${LOCALHOME}/Test
  |    MOLCAS_STRUCTURE = 0
  |
   --------------------------------------------------------------------------------------

++ ---------   Input file   ---------

&GATEWAY
coord=H8_2.42.xyz
Basis = ANO-RCC-VDZP
Group = nosymm
End of Input

&SEWARD
End of Input

&SCF

>>> COPY $WorkDir/H8_2.42.scf.h5 $CurrDir/

&RASSCF
Title= RASSCF
FileOrb
${LOCALHOME}/DDCASPT2/hydrogen_comps/rerun/H8_chain/H8_0.60/H8_0.60.RasOrb
NACTEL
8 0 0
Inactive
0
RAS2
8
Symmetry
1
Spin
1
orblisting
all

>>> COPY $WorkDir/H8_2.42.rasscf.h5 $CurrDir/

>>> COPY $WorkDir/DDCASPT2_Fock_MO.csv $CurrDir/H8_2.42.DDCASPT2_Fock_MO.csv

&MOTRA
Frozen=0
LUMORB

>>> COPY $WorkDir/DDCASPT2_one_int_indx.csv $CurrDir/H8_2.42.DDCASPT2_one_int_indx.csv

>>> COPY $WorkDir/DDCASPT2_one_int.csv $CurrDir/H8_2.42.DDCASPT2_one_int.csv

>>> COPY $WorkDir/DDCASPT2_two_int_indx.csv $CurrDir/H8_2.42.DDCASPT2_two_int_indx.csv

>>> COPY $WorkDir/DDCASPT2_two_int.csv $CurrDir/H8_2.42.DDCASPT2_two_int.csv

&CASPT2
Frozen
0

MAXITER
50

>>> FOREACH i IN (B,E,F,G,H)

  >>> FOREACH j IN (P,M)

    >>> IF (-FILE DDCASPT2_e2_${i}_${j}_1_.csv)

      >>> COPY $WorkDir/DDCASPT2_RHS_${i}_${j}_1_.csv $CurrDir/DDCASPT2_RHS_${i}_${j}_1_.csv

      >>> COPY $WorkDir/DDCASPT2_IVECW_${i}_${j}_1_.csv $CurrDir/DDCASPT2_IVECW_${i}_${j}_1_.csv

      >>> COPY $WorkDir/DDCASPT2_IVECX_${i}_${j}_1_.csv $CurrDir/DDCASPT2_IVECX_${i}_${j}_1_.csv

      >>> COPY $WorkDir/DDCASPT2_IVECC2_${i}_${j}_1_.csv $CurrDir/DDCASPT2_IVECC2_${i}_${j}_1_.csv

      >>> COPY $WorkDir/DDCASPT2_e2_${i}_${j}_1_.csv $CurrDir/DDCASPT2_e2_${i}_${j}_1_.csv

    >>> END IF

  >>> END FOREACH

>>> END FOREACH

>>> FOREACH i IN (A,C,D)

  >>> IF (-FILE DDCASPT2_e2_${i}_1_.csv)

    >>> COPY $WorkDir/DDCASPT2_RHS_${i}_1_.csv $CurrDir/DDCASPT2_RHS_${i}_1_.csv

    >>> COPY $WorkDir/DDCASPT2_IVECW_${i}_1_.csv $CurrDir/DDCASPT2_IVECW_${i}_1_.csv

    >>> COPY $WorkDir/DDCASPT2_IVECX_${i}_1_.csv $CurrDir/DDCASPT2_IVECX_${i}_1_.csv

    >>> COPY $WorkDir/DDCASPT2_IVECC2_${i}_1_.csv $CurrDir/DDCASPT2_IVECC2_${i}_1_.csv

    >>> COPY $WorkDir/DDCASPT2_e2_${i}_1_.csv $CurrDir/DDCASPT2_e2_${i}_1_.csv

  >>> END IF

>>> END FOREACH

-- ----------------------------------

--- Start Module: gateway at Sun Oct 26 13:38:57 2025 ---
 
()()()()()()()()()()()()()()()()()()()()()()()()()()()()()()()()()()()()()()()()()()()()()()()()()()

                                              &GATEWAY

                                   only a single process is used
                       available to each process: 2.0 GB of memory, 1 thread?
()()()()()()()()()()()()()()()()()()()()()()()()()()()()()()()()()()()()()()()()()()()()()()()()()()
 
 
++    Symmetry information:
      ---------------------
 
                    Character Table for C1 
 
                             E  
                    a        1  x, y, xy, Rz, z, xz, Ry, yz, Rx, I
--
 
 
++    Basis set information:
      ----------------------
 
 
      Basis set label: H.ANO-RCC...2S1P.
 
      Electronic valence basis set:
      ------------------
      Associated Effective Charge   1.000000 au
      Associated Actual Charge      1.000000 au
      Nuclear Model: Point charge
 
      Shell  nPrim  nBasis  Cartesian Spherical Contaminant
         s       8       2        X                  
         p       4       1        X                  
--
 
 
++    Molecular structure info:
      -------------------------
 
                    ************************************************ 
                    **** Cartesian Coordinates / Bohr, Angstrom **** 
                    ************************************************ 
 
     Center  Label                x              y              z                     x              y              z
        1      H1               0.000000       0.000000       0.000000              0.000000       0.000000       0.000000
        2      H2               0.000000       0.000000       4.569702              0.000000       0.000000       2.418182
        3      H3               0.000000       0.000000       9.139403              0.000000       0.000000       4.836364
        4      H4               0.000000       0.000000      13.709103              0.000000       0.000000       7.254545
        5      H5               0.000000       0.000000      18.278805              0.000000       0.000000       9.672727
        6      H6               0.000000       0.000000      22.848507              0.000000       0.000000      12.090909
        7      H7               0.000000       0.000000      27.418208              0.000000       0.000000      14.509091
        8      H8               0.000000       0.000000      31.987910              0.000000       0.000000      16.927273
 
                    *************************************** 
                    *    InterNuclear Distances / Bohr    * 
                    *************************************** 
 
               1 H1            2 H2            3 H3            4 H4            5 H5            6 H6    
    1 H1       0.000000
    2 H2       4.569702        0.000000
    3 H3       9.139403        4.569702        0.000000
    4 H4      13.709103        9.139402        4.569700        0.000000
    5 H5      18.278805       13.709103        9.139402        4.569702        0.000000
    6 H6      22.848507       18.278805       13.709103        9.139403        4.569702        0.000000
    7 H7      27.418208       22.848507       18.278805       13.709105        9.139403        4.569702
    8 H8      31.987910       27.418208       22.848507       18.278807       13.709105        9.139403
 
               7 H7            8 H8    
    7 H7       0.000000
    8 H8       4.569702        0.000000
 
                    ******************************************* 
                    *    InterNuclear Distances / Angstrom    * 
                    ******************************************* 
 
               1 H1            2 H2            3 H3            4 H4            5 H5            6 H6    
    1 H1       0.000000
    2 H2       2.418182        0.000000
    3 H3       4.836364        2.418182        0.000000
    4 H4       7.254545        4.836363        2.418181        0.000000
    5 H5       9.672727        7.254545        4.836363        2.418182        0.000000
    6 H6      12.090909        9.672727        7.254545        4.836364        2.418182        0.000000
    7 H7      14.509091       12.090909        9.672727        7.254546        4.836364        2.418182
    8 H8      16.927273       14.509091       12.090909        9.672728        7.254546        4.836364
 
               7 H7            8 H8    
    7 H7       0.000000
    8 H8       2.418182        0.000000
--
 
 
            Nuclear Potential Energy              3.00738625 au
 
--- Stop Module: gateway at Sun Oct 26 13:38:57 2025 /rc=_RC_ALL_IS_WELL_ ---
*** files: xmldump
    saved to directory ${LOCALHOME}/DDCASPT2/hydrogen_comps/rerun/H8_chain/H8_2.42

--- Start Module: seward at Sun Oct 26 13:38:57 2025 ---
 
()()()()()()()()()()()()()()()()()()()()()()()()()()()()()()()()()()()()()()()()()()()()()()()()()()

                                              &SEWARD

                                   only a single process is used
                       available to each process: 2.0 GB of memory, 1 thread?
()()()()()()()()()()()()()()()()()()()()()()()()()()()()()()()()()()()()()()()()()()()()()()()()()()
 
               SEWARD will generate:
                  Multipole Moment integrals up to order  2
                  Kinetic Energy integrals
                  Nuclear Attraction integrals (point charge)
                  One-Electron Hamiltonian integrals
                  Velocity integrals
                  Relativistic Douglas-Kroll-Hess integrals:
                    - Parametrization         : EXP
                    - DKH order of Hamiltonian: 2
                    - DKH order of Properties : 0
                         - multipole moment operators
                         - electric potential operators
                         - contact operators
                  Atomic mean-field integrals
                  Two-Electron Repulsion integrals
 
                   Integrals are discarded if absolute value <: 0.10E-13
                   Integral cutoff threshold is set to       <: 0.10E-15
 
            Nuclear Potential Energy              3.00738625 au
 
 
      Basis set specifications :
      Symmetry species         a  
      Basis functions           40
 
 
  Input file to MOLDEN was generated!
 
forrtl: warning (525): IEEE_DIVIDE_BY_ZERO is signaling
forrtl: warning (526): IEEE_INVALID is signaling
forrtl: warning (528): IEEE_UNDERFLOW is signaling
--- Stop Module: seward at Sun Oct 26 13:38:57 2025 /rc=_RC_ALL_IS_WELL_ ---
*** files: H8_2.42.GssOrb H8_2.42.guessorb.h5 H8_2.42.guessorb.molden xmldump
    saved to directory ${LOCALHOME}/DDCASPT2/hydrogen_comps/rerun/H8_chain/H8_2.42

*** symbolic link created: INPORB -> H8_2.42.GssOrb
--- Start Module: scf at Sun Oct 26 13:38:57 2025 ---
 
()()()()()()()()()()()()()()()()()()()()()()()()()()()()()()()()()()()()()()()()()()()()()()()()()()

                                                &SCF

                                   only a single process is used
                       available to each process: 2.0 GB of memory, 1 thread?
()()()()()()()()()()()()()()()()()()()()()()()()()()()()()()()()()()()()()()()()()()()()()()()()()()
 
++    Input section:
      --------------
 
      Header of the integral files:
      
       Integrals generated by seward 4.2.0  , Sun Oct 26 13:38:57 2025
 
 
      Cartesian coordinates in Angstrom:
      -----------------------------------------------------
      No.  Label        X            Y            Z        
      -----------------------------------------------------
       1   H1         0.00000000   0.00000000   0.00000000
       2   H2         0.00000000   0.00000000   2.41818200
       3   H3         0.00000000   0.00000000   4.83636400
       4   H4         0.00000000   0.00000000   7.25454500
       5   H5         0.00000000   0.00000000   9.67272700
       6   H6         0.00000000   0.00000000  12.09090900
       7   H7         0.00000000   0.00000000  14.50909100
       8   H8         0.00000000   0.00000000  16.92727300
      -----------------------------------------------------
      Nuclear repulsion energy =    3.00738625
--
 
++    Orbital specifications:
      -----------------------
 
      Symmetry species               1
                                     a
      Frozen orbitals                0
      Occupied orbitals              4
      Secondary orbitals            36
      Deleted orbitals               0
      Total number of orbitals      40
      Number of basis functions     40
--
 
      Molecular charge                           0.000
 
++    Optimization specifications:
      ----------------------------
 
      SCF Algorithm: Conventional
      Minimized density differences are used
      Number of density matrices in core                5
      Maximum number of NDDO SCF iterations           400
      Maximum number of HF SCF iterations             400
      Threshold for SCF energy change            0.10E-08
      Threshold for density matrix               0.10E-03
      Threshold for Fock matrix                  0.15E-03
      Threshold for linear dependence            0.10E-08
      Threshold at which DIIS is turned on       0.15E+00
      Threshold at which QNR/C2DIIS is turned on 0.75E-01
      Threshold for Norm(delta) (QNR/C2DIIS)     0.20E-04
      DIIS extrapolation of the SCF procedure
      All orbitals punched on: SCFORB
--
 
      Input vectors read from INPORB
      Orbital file label: *Guess orbitals
 
 
++ Convergence information
                                   SCF        iterations: Energy and convergence statistics
 
Iter     Tot. SCF        One-elec.       Two-elec.     Energy      Max Dij or  Max Fij      DNorm      TNorm      AccCon     Time
         Energy          Energy          Energy        Change      Delta Norm                                                in Sec.
   1    -3.270709024   -10.166857375     3.888762102   0.00E+00    0.38E+00*   0.12E+00*    0.44E+01   0.78E+01   None         0.
   2    -3.490149705   -10.134509856     3.636973902  -0.22E+00*   0.14E+00*   0.24E-01*    0.13E+01   0.75E+01   EDIIS        0.
   3    -3.501476693   -10.073622131     3.564759189  -0.11E-01*   0.83E-01*   0.91E-02*    0.30E+00   0.75E+01   EDIIS        0.
   4    -3.503749975   -10.076828701     3.565692477  -0.23E-02*   0.50E-01*   0.66E-02*    0.15E+00   0.75E+01   c2DIIS       0.
   5    -3.504694038   -10.066216780     3.554136493  -0.94E-03*   0.18E-01*   0.29E-02*    0.34E-01   0.75E+01   QNRc2DIIS    0.
   6    -3.504896882   -10.071334576     3.559051445  -0.20E-03*   0.18E-01*   0.16E-02*    0.13E-01   0.75E+01   QNRc2DIIS    0.
   7    -3.504999255   -10.069734261     3.557348758  -0.10E-03*   0.47E-02*   0.51E-03*    0.58E-02   0.75E+01   QNRc2DIIS    0.
   8    -3.505003829   -10.068362289     3.555972211  -0.46E-05*   0.97E-03*   0.22E-03*    0.23E-02   0.75E+01   QNRc2DIIS    0.
   9    -3.505004576   -10.068539945     3.556149120  -0.75E-06*   0.94E-04*   0.12E-04     0.48E-03   0.75E+01   QNRc2DIIS    0.
  10    -3.505004580   -10.068533226     3.556142397  -0.39E-08*   0.25E-04*   0.30E-05     0.16E-03   0.75E+01   QNRc2DIIS    0.
  11    -3.505004580   -10.068533879     3.556143050  -0.26E-09    0.71E-05    0.59E-06     0.14E-04   0.75E+01   QNRc2DIIS    0.
 
       Convergence after 11 Macro Iterations
--
 
 *****************************************************************************************************************************
 *                                                                                                                           *
 *                                             SCF/KS-DFT Program, Final results                                             *
 *                                                                                                                           *
 *                                                                                                                           *
 *                                                                                                                           *
 *                                                       Final Results                                                       *
 *                                                                                                                           *
 *****************************************************************************************************************************
 
::    Total SCF energy                                 -3.5050045803
      One-electron energy                             -10.0685338795
      Two-electron energy                               3.5561430500
      Nuclear repulsion energy                          3.0073862491
      Kinetic energy (interpolated)                     2.6394402730
      Virial theorem                                    1.3279347960
      Total spin, S(S+1)                                0.0000000000
      Total spin, S                                     0.0000000000
      Max non-diagonal density matrix element           0.0000072013
      Max non-diagonal Fock matrix element              0.0000005012
 
 
      All orbitals with orbital energies smaller than  E(LUMO)+0.5 are printed
 
++    Molecular orbitals:
      -------------------
 
      Title: SCF orbitals

      Molecular orbitals for symmetry species 1: a  
 
          Orbital            1         2         3         4         5         6         7         8         9        10    
          Energy           -0.4003   -0.3843   -0.3601   -0.3334   -0.1470   -0.1097   -0.0710   -0.0415    0.3222    0.3366
          Occ. No.          2.0000    2.0000    2.0000    2.0000    0.0000    0.0000    0.0000    0.0000    0.0000    0.0000
 
        1 H1     1s         0.1657   -0.3107    0.3902   -0.3133    0.3713   -0.5061    0.4462   -0.2565   -0.1150    0.1690
        2 H1     2s         0.0283   -0.0556    0.0752   -0.0654    0.1172   -0.1714    0.1590   -0.0931    0.2311   -0.3991
        3 H1     2px        0.0000   -0.0000    0.0000   -0.0000    0.0000   -0.0000   -0.0000   -0.0000    0.0000   -0.0000
        4 H1     2py        0.0000    0.0000   -0.0000    0.0000   -0.0000    0.0000    0.0000   -0.0000   -0.0000    0.0000
        5 H1     2pz        0.0067   -0.0112    0.0116   -0.0075   -0.0027    0.0093   -0.0149    0.0123   -0.0150    0.0218
        6 H2     1s         0.2272   -0.3787    0.3899   -0.2434   -0.1951    0.4532   -0.5770    0.4074   -0.1817    0.2208
        7 H2     2s         0.0336   -0.0716    0.0972   -0.0764   -0.0554    0.1562   -0.2113    0.1488    0.2124   -0.2826
        8 H2     2px       -0.0000    0.0000   -0.0000   -0.0000    0.0000   -0.0000   -0.0000   -0.0000    0.0000   -0.0000
        9 H2     2py       -0.0000    0.0000   -0.0000    0.0000    0.0000   -0.0000    0.0000   -0.0000    0.0000   -0.0000
       10 H2     2pz       -0.0007    0.0048   -0.0111    0.0121   -0.0167    0.0162   -0.0033   -0.0055    0.0029   -0.0072
       11 H3     1s         0.3488   -0.2890   -0.1463    0.4077   -0.4592    0.1346    0.4644   -0.5566   -0.1954    0.1533
       12 H3     2s         0.0604   -0.0449   -0.0480    0.1065   -0.1488    0.0409    0.1705   -0.2001    0.2633   -0.2325
       13 H3     2px       -0.0000    0.0000   -0.0000   -0.0000   -0.0000   -0.0000    0.0000    0.0000   -0.0000   -0.0000
       14 H3     2py       -0.0000   -0.0000    0.0000   -0.0000   -0.0000    0.0000    0.0000    0.0000    0.0000    0.0000
       15 H3     2pz        0.0065   -0.0005   -0.0104    0.0107    0.0128   -0.0193    0.0058    0.0100   -0.0046   -0.0019
       16 H4     1s         0.3732   -0.1940   -0.2780    0.3747    0.3872   -0.4152   -0.2282    0.6140   -0.2132    0.0525
       17 H4     2s         0.0602   -0.0484   -0.0516    0.1033    0.1218   -0.1503   -0.0800    0.2215    0.2789   -0.0804
       18 H4     2px        0.0000    0.0000   -0.0000    0.0000   -0.0000   -0.0000    0.0000   -0.0000    0.0000    0.0000
       19 H4     2py       -0.0000   -0.0000   -0.0000    0.0000   -0.0000   -0.0000   -0.0000    0.0000    0.0000    0.0000
       20 H4     2pz       -0.0042    0.0087   -0.0001   -0.0130    0.0176    0.0039   -0.0188    0.0028    0.0029   -0.0064
       21 H5     1s         0.3732    0.1940   -0.2780   -0.3747    0.3872    0.4152   -0.2282   -0.6140   -0.2132   -0.0525
       22 H5     2s         0.0602    0.0484   -0.0516   -0.1033    0.1218    0.1503   -0.0800   -0.2215    0.2789    0.0804
       23 H5     2px        0.0000   -0.0000   -0.0000   -0.0000    0.0000   -0.0000   -0.0000    0.0000   -0.0000    0.0000
       24 H5     2py       -0.0000   -0.0000    0.0000    0.0000    0.0000   -0.0000   -0.0000   -0.0000    0.0000    0.0000
       25 H5     2pz        0.0042    0.0087    0.0001   -0.0130   -0.0176    0.0039    0.0188    0.0028   -0.0029   -0.0064
       26 H6     1s         0.3488    0.2890   -0.1463   -0.4077   -0.4592   -0.1346    0.4644    0.5566   -0.1954   -0.1533
       27 H6     2s         0.0604    0.0449   -0.0480   -0.1065   -0.1488   -0.0409    0.1705    0.2001    0.2633    0.2325
       28 H6     2px        0.0000    0.0000    0.0000    0.0000    0.0000   -0.0000    0.0000   -0.0000   -0.0000   -0.0000
       29 H6     2py        0.0000    0.0000    0.0000    0.0000   -0.0000   -0.0000    0.0000    0.0000    0.0000    0.0000
       30 H6     2pz       -0.0065   -0.0005    0.0104    0.0107   -0.0128   -0.0193   -0.0058    0.0100    0.0046   -0.0019
       31 H7     1s         0.2272    0.3787    0.3899    0.2434   -0.1951   -0.4532   -0.5770   -0.4074   -0.1817   -0.2208
       32 H7     2s         0.0336    0.0716    0.0972    0.0764   -0.0554   -0.1562   -0.2113   -0.1488    0.2124    0.2826
       33 H7     2px        0.0000    0.0000   -0.0000   -0.0000   -0.0000   -0.0000   -0.0000    0.0000   -0.0000   -0.0000
       34 H7     2py       -0.0000    0.0000   -0.0000    0.0000   -0.0000   -0.0000    0.0000    0.0000    0.0000   -0.0000
       35 H7     2pz        0.0007    0.0048    0.0111    0.0121    0.0167    0.0162    0.0033   -0.0055   -0.0029   -0.0072
       36 H8     1s         0.1657    0.3107    0.3902    0.3133    0.3713    0.5061    0.4462    0.2565   -0.1150   -0.1690
       37 H8     2s         0.0283    0.0556    0.0752    0.0654    0.1172    0.1714    0.1590    0.0931    0.2311    0.3991
       38 H8     2px        0.0000   -0.0000    0.0000    0.0000    0.0000    0.0000   -0.0000    0.0000   -0.0000    0.0000
       39 H8     2py        0.0000   -0.0000    0.0000   -0.0000   -0.0000   -0.0000    0.0000   -0.0000    0.0000   -0.0000
       40 H8     2pz       -0.0067   -0.0112   -0.0116   -0.0075    0.0027    0.0093    0.0149    0.0123    0.0150    0.0218
--
 
 
++    Molecular charges:
      ------------------
 
      Mulliken charges per centre and basis function type
      ---------------------------------------------------
 
                H1      H2      H3      H4      H5      H6      H7      H8    
      1s       0.8799  0.9383  0.9131  0.9186  0.9186  0.9131  0.9383  0.8799
      2s       0.0798  0.0890  0.0784  0.0806  0.0806  0.0784  0.0890  0.0798
      2px      0.0000  0.0000  0.0000  0.0000  0.0000  0.0000  0.0000  0.0000
      2pz      0.0049  0.0059  0.0057  0.0057  0.0057  0.0057  0.0059  0.0049
      2py      0.0000  0.0000  0.0000  0.0000  0.0000  0.0000  0.0000  0.0000
      Total    0.9647  1.0331  0.9973  1.0049  1.0049  0.9973  1.0331  0.9647
 
      N-E      0.0353 -0.0331  0.0027 -0.0049 -0.0049  0.0027 -0.0331  0.0353
 
      Total electronic charge=    8.000000
 
      Total            charge=   -0.000000
--
 
 
  Input file to MOLDEN was generated!
 
 
++    Static properties:
      ------------------
 
 
      LoProp Charges per center
 

                   H1       H2       H3       H4       H5       H6       H7       H8    
      Nuclear      1.0000   1.0000   1.0000   1.0000   1.0000   1.0000   1.0000   1.0000
      Electronic  -0.9788  -1.0177  -0.9986  -1.0048  -1.0048  -0.9986  -1.0177  -0.9788
 
      Total        0.0212  -0.0177   0.0014  -0.0048  -0.0048   0.0014  -0.0177   0.0212
--
 
 
++    Natural Bond Order analysis
      ---------------------------
      Based on LoProp computed density
      -------------------------------------------------------------------------------------
      Atom A       Atom B       Bond Order
      -------------------------------------------------------------------------------------
      NBO located      0.966 non-bonded electrons on atom H1        
      NBO located      1.006 non-bonded electrons on atom H3        
      NBO located      1.013 non-bonded electrons on atom H4        
      NBO located      1.013 non-bonded electrons on atom H5        
      NBO located      1.006 non-bonded electrons on atom H6        
      NBO located      0.966 non-bonded electrons on atom H8        
      The remaining    2.032 electrons are to be considered as diffuse
--
 
 
++    Molecular properties:
      ---------------------
 
      Charge (e):
                      =   -0.0000
      Dipole Moment (Debye):
      Origin of the operator (Ang)=    0.0000    0.0000    0.0000
                   X= -1.0199E-13               Y=  5.3123E-14               Z=  1.4531E-07           Total=  1.4531E-07
      Quadrupole Moment (Debye*Ang):
      Origin of the operator (Ang)=    0.0000    0.0000    8.4636
                  XX= -1.8609E+01              XY=  1.6246E-28              XZ=  7.9436E-13              YY= -1.8609E+01
                  YZ= -2.9751E-13              ZZ=  7.5383E-01
      In traceless form (Debye*Ang)
                  XX= -9.6813E+00              XY=  2.4368E-28              XZ=  1.1915E-12              YY= -9.6813E+00
                  YZ= -4.4626E-13              ZZ=  1.9363E+01
--
 
 
  Input file to MOLDEN was generated!
 
 ###############################################################################
 ###############################################################################
 ###                                                                         ###
 ###                                                                         ###
 ###    RunFile label nBas                                                   ###
 ###    was used       78 times                                              ###
 ###                                                                         ###
 ###                                                                         ###
 ###############################################################################
 ###############################################################################
forrtl: warning (528): IEEE_UNDERFLOW is signaling
--- Stop Module: scf at Sun Oct 26 13:38:58 2025 /rc=_RC_ALL_IS_WELL_ ---
*** files: H8_2.42.LprOrb H8_2.42.LoProp.molden H8_2.42.scf.molden H8_2.42.ScfOrb H8_2.42.scf.h5 xmldump
    saved to directory ${LOCALHOME}/DDCASPT2/hydrogen_comps/rerun/H8_chain/H8_2.42

>>> COPY /tmp/H8_2.42/H8_2.42.scf.h5 ${LOCALHOME}/DDCASPT2/hydrogen_comps/rerun/H8_chain/H8_2.42/

*** symbolic link created: INPORB -> H8_2.42.ScfOrb
--- Start Module: rasscf at Sun Oct 26 13:38:58 2025 ---
 
()()()()()()()()()()()()()()()()()()()()()()()()()()()()()()()()()()()()()()()()()()()()()()()()()()

                                              &RASSCF

                                   only a single process is used
                       available to each process: 2.0 GB of memory, 1 thread?
()()()()()()()()()()()()()()()()()()()()()()()()()()()()()()()()()()()()()()()()()()()()()()()()()()
 
 
      Header of the ONEINT file:
      --------------------------
      
      Integrals generated by seward 4.2.0  , Sun Oct 26 13:38:57 2025
 
 
      OrdInt status: non-squared
 
 
      Cartesian coordinates in Angstrom:
      -----------------------------------------------------
      No.  Label        X            Y            Z        
      -----------------------------------------------------
       1   H1         0.00000000   0.00000000   0.00000000
       2   H2         0.00000000   0.00000000   2.41818200
       3   H3         0.00000000   0.00000000   4.83636400
       4   H4         0.00000000   0.00000000   7.25454500
       5   H5         0.00000000   0.00000000   9.67272700
       6   H6         0.00000000   0.00000000  12.09090900
       7   H7         0.00000000   0.00000000  14.50909100
       8   H8         0.00000000   0.00000000  16.92727300
      -----------------------------------------------------
      Nuclear repulsion energy =    3.00738625
 
++    Wave function specifications:
      -----------------------------
 
      Number of closed shell electrons           0
      Number of electrons in active shells       8
      Max number of holes in RAS1 space          0
      Max nr of electrons in RAS3 space          0
      Number of inactive orbitals                0
      Number of active orbitals                  8
      Number of secondary orbitals              32
      Spin quantum number                      0.0
      State symmetry                             1
--
 
++    Orbital specifications:
      -----------------------
 
      Symmetry species                           1
                                                 a
      Frozen orbitals                            0
      Inactive orbitals                          0
      Active orbitals                            8
      RAS1 orbitals                              0
      RAS2 orbitals                              8
      RAS3 orbitals                              0
      Secondary orbitals                        32
      Deleted orbitals                           0
      Number of basis functions                 40
--
 
++    CI expansion specifications:
      ----------------------------
 
      Number of CSFs                          1764
      Number of determinants                  2485
      Number of root(s) required                 1
      Root chosen for geometry opt.              1
      CI root used                               1
         
      highest root included in the CI            1
      max. size of the explicit Hamiltonian    200
--
 
++    Optimization specifications:
      ----------------------------
 
      RASSCF algorithm: Conventional
      Maximum number of macro iterations       200
      Maximum number of SX iterations          100
      Threshold for RASSCF energy            0.100E-07
      Threshold for max MO rotation          0.100E+00
      Threshold for max BLB element          0.100E-03
      Level shift parameter                  0.500E+00
      Make Quasi-Newton update
--
 
      The MO-coefficients are taken from the file:
      ${LOCALHOME}/DDCASPT2/hydrogen_comps/rerun/H8_chain/H8_0.60/H8_0.60.RasOrb                                                  
      Title: RASSCF average (pseudo-natural) orbitals                                      
 
      Total molecular charge    0.00
 
      ************************************************************************************************************************
      *                                                                                                                      *
      *                                            Wave function control section                                             *
      *                                                                                                                      *
      ************************************************************************************************************************
 
 
                                         RASSCF iterations: Energy and convergence statistics
                                         ----------------------------------------------------
 
      Iter CI   SX   CI       RASSCF       Energy    max ROT     max BLB   max BLB  Level Ln srch  Step   QN   Walltime
          iter iter root      energy       change     param      element    value   shift minimum  type update hh:mm:ss
 Nr of preliminary CI iterations:   8
        1   1  100    1    -2.61205129    0.00E+00   0.36E+00*   7  24 1  0.33E+00*  0.43   0.00    SX    NO    0:00:00
        2   7  100    1    -3.26538199   -0.65E+00* -0.20E+00*   3  18 1  0.21E+00*  0.31   0.00    SX    NO    0:00:00
 ###############################################################################
 ###############################################################################
 ###                                                                         ###
 ###                                                                         ###
 ###    Large orbital rotation.                                              ###
 ###                                                                         ###
 ###                                                                         ###
 ###############################################################################
 ###############################################################################
      Molecular orbital   8 of symmetry 1 MO space 2  weight is    0.298733
        3   5  100    1    -3.59819007   -0.33E+00*  0.68E+00*   2  10 1  0.16E+00*  0.18   0.00    SX    NO    0:00:00
 ###############################################################################
 ###############################################################################
 ###                                                                         ###
 ###                                                                         ###
 ###    Large orbital rotation.                                              ###
 ###                                                                         ###
 ###                                                                         ###
 ###############################################################################
 ###############################################################################
      Molecular orbital   8 of symmetry 1 MO space 2  weight is    0.458301
        4   5  100    1    -3.61234488   -0.14E-01* -0.51E+00*   2  15 1  0.24E+00*  0.10   0.00    SX    NO    0:00:00
        5  30  100    1    -3.74042978   -0.13E+00* -0.19E+00*   2  15 1  0.91E-01*  0.12   0.00    SX    NO    0:00:00
        6   6   61    1    -3.78329574   -0.43E-01* -0.17E+00*   8  18 1  0.27E-01*  0.13   1.30    QN   YES    0:00:00
        7  11  100    1    -3.81847596   -0.35E-01*  0.25E+00*   8  18 1  0.57E-01*  0.14   1.30    QN   YES    0:00:00
        8   9   47    1    -3.77737746    0.41E-01* -0.14E+00*   2  21 1 -0.34E-01*  0.14  -0.39    LS   YES    0:00:00
        9   6  100    1    -3.79266057   -0.15E-01* -0.12E+00*   8  18 1  0.44E-01*  0.14   2.50    LS   YES    0:00:00
       10  11  100    1    -3.81762509   -0.25E-01*  0.21E+00*   8  18 1  0.58E-01*  0.14   1.67    QN   YES    0:00:00
       11   9   23    1    -3.78094007    0.37E-01*  0.13E+00*   2  21 1 -0.19E-01*  0.14   2.50    LS   YES    0:00:00
       12   6   19    1    -3.78334392   -0.24E-02*  0.12E+00*   2  15 1  0.41E-01*  0.14   2.50    LS   YES    0:00:00
       13   8   36    1    -3.79433429   -0.11E-01*  0.24E+00*   2  21 1 -0.60E-01*  0.14   1.50    QN   YES    0:00:00
       14   6  100    1    -3.80739900   -0.13E-01* -0.12E+00*   2  15 1  0.86E-01*  0.14   0.76    QN   YES    0:00:00
       15  11   50    1    -3.85980933   -0.52E-01* -0.57E-01    3  15 1  0.40E-01*  0.13   1.38    QN   YES    0:00:00
       16   5   30    1    -3.87738439   -0.18E-01*  0.15E-01    2  15 1  0.16E-01*  0.12   1.19    QN   YES    0:00:00
       17   9   26    1    -3.87921676   -0.18E-02*  0.15E-01    8  25 1  0.83E-02*  0.12   1.14    QN   YES    0:00:00
       18  15   31    1    -3.87957440   -0.36E-03*  0.29E-01    2  15 1  0.84E-02*  0.11   1.14    QN   YES    0:00:00
       19  10   31    1    -3.87983710   -0.26E-03*  0.84E-01    2  15 1  0.70E-02*  0.10   1.78    QN   YES    0:00:00
       20  11   37    1    -3.88049572   -0.66E-03*  0.25E+00*   2  10 1  0.42E-02*  0.07   2.50    QN   YES    0:00:00
       21   8  100    1    -3.88561833   -0.51E-02*  0.17E+00*   2  18 1 -0.21E-01*  0.00   2.50    LS   YES    0:00:00
       22   7   21    1    -3.89584324   -0.10E-01* -0.12E+00*   2  18 1 -0.37E-01*  0.00   2.50    QN   YES    0:00:00
       23   8  100    1    -3.93932747   -0.43E-01* -0.85E-01    5  18 1  0.58E-01*  0.00   2.14    LS   YES    0:00:00
       24   5  100    1    -3.95999424   -0.21E-01* -0.27E+00*   5   9 1 -0.61E-01*  0.00   1.21    QN   YES    0:00:00
       25   8  100    1    -3.88914635    0.71E-01* -0.15E+00*   5  18 1  0.33E-01*  0.00   2.50    LS   YES    0:00:00
       26   4  100    1    -3.87277084    0.16E-01*  0.10E+00*   2  15 1  0.36E-01*  0.03  -0.50    LS   YES    0:00:00
       27   5   59    1    -3.88283015   -0.10E-01*  0.49E+00*   2  18 1  0.30E-01*  0.00  -0.50    LS   YES    0:00:00
       28  12  100    1    -3.96690165   -0.84E-01*  0.92E-01    5  18 1 -0.39E-01*  0.00   0.00    SX    NO    0:00:00
       29   5   16    1    -4.00664370   -0.40E-01*  0.18E-01    5  12 1 -0.73E-02*  0.00   1.06    QN   YES    0:00:00
       30   4   13    1    -4.00760385   -0.96E-03* -0.33E-02    5  18 1  0.36E-02*  0.00   0.88    QN   YES    0:00:00
       31  16   12    1    -4.00796540   -0.36E-03* -0.18E-02    5  24 1  0.10E-02*  0.00   1.00    QN   YES    0:00:00
       32   9   11    1    -4.00799814   -0.33E-04*  0.58E-03    5  18 1 -0.78E-03*  0.00   0.97    QN   YES    0:00:00
       33  17   10    1    -4.00800618   -0.80E-05* -0.46E-03    5  18 1 -0.29E-03*  0.00   1.09    QN   YES    0:00:00
       34  16    8    1    -4.00800769   -0.15E-05*  0.63E-04    5  29 1 -0.34E-04   0.00   0.95    QN   YES    0:00:00
       35   9    8    1    -4.00800779   -0.10E-06* -0.41E-04    7   9 1  0.30E-04   0.00   0.95    QN   YES    0:00:00
       36   1    6    1    -4.00800780   -0.90E-08  -0.83E-05    7   9 1  0.52E-05   0.00   1.22    QN   YES    0:00:00
      Convergence after 36 iterations
 
  Dmat in MO in SXCTL bf call to SXHAM                                                                                    
  mat. size =     8x    8
 
        1.3788794218792111
       -0.0040299762218299      1.2638894702427705
       -0.0714884464041954     -0.0133714198036831      1.1855158035781850
        0.0042407675525285     -0.0256035566866134      0.0086508408479033      1.1898710271275164
        0.1159253066434260      0.0303070731770862      0.1384494297698191     -0.0203272870179797      0.7825323716225171
        0.0052195505021594      0.2302357748674410      0.0105123674577941      0.0026242380460836     -0.0254665509425685
        0.7075609146930493
       -0.0720479655282794     -0.0021121703102789     -0.1843936802965950      0.0054612336374550      0.0156887617163762
        0.0074432295364330      0.8009094967321073
       -0.0158843409388958      0.1090190419233547      0.0102652295452231     -0.0310768733033352     -0.0129966544285890
       -0.0137608596144753     -0.0499589127770210      0.6908414941246532
       37   8    6    1    -4.00800783   -0.30E-07* -0.83E-05    7   9 1  0.16E-04   0.00   1.22    QN   YES    0:00:00
 
      ************************************************************************************************************************
                                                      Wave function printout:
                       occupation of active orbitals, and spin coupling of open shells (u,d: Spin up or down)
      ************************************************************************************************************************
 
      Note: transformation to natural orbitals
      has been made, which may change the order of the CSFs.
 
      printout of CI-coefficients larger than  0.05 for root  1
      energy=      -4.008008
      conf/sym  11111111     Coeff  Weight
             1  22220000  -0.39869 0.15896
            18  22202000   0.20822 0.04336
            27  22200002   0.05590 0.00313
            32  22ud0ud0   0.05126 0.00263
            34  22udu00d  -0.21953 0.04819
            41  2u2du0d0  -0.17659 0.03118
            45  2u2d0u0d   0.07229 0.00523
            47  2u2d0002   0.06860 0.00471
            49  u22dud00  -0.19371 0.03752
            56  u22d00ud   0.09746 0.00950
            58  22022000   0.05749 0.00331
            61  2202u0d0  -0.06839 0.00468
            63  22020020   0.05510 0.00304
            67  22020002   0.13667 0.01868
            69  2ud2ud00  -0.09771 0.00955
            76  2ud200ud   0.18280 0.03342
            81  u2d2u0d0  -0.07447 0.00555
            83  u2d20020   0.05435 0.00295
            85  u2d20u0d   0.14678 0.02154
            93  20220020   0.11111 0.01235
            95  20220u0d   0.05465 0.00299
            97  20220002   0.05700 0.00325
           102  ud220ud0   0.14409 0.02076
           104  ud22u00d  -0.05449 0.00297
           110  02220200   0.10967 0.01203
           113  02220020   0.05061 0.00256
           121  22uud00d   0.06252 0.00391
           125  2u2ud0d0   0.06309 0.00398
           130  u22udd00   0.07540 0.00569
           568  22002002  -0.12297 0.01512
           582  2ud020ud  -0.13335 0.01778
           600  u2d02u0d  -0.11600 0.01346
           617  20202020  -0.09301 0.00865
           635  ud202ud0  -0.09264 0.00858
           654  02202200  -0.08671 0.00752
           691  2u0du0d2  -0.10992 0.01208
           709  u20dud02  -0.09626 0.00927
           726  20udu02d  -0.08928 0.00797
           743  udududud  -0.08567 0.00734
           745  ududuudd  -0.10344 0.01070
           761  02udu20d  -0.07895 0.00623
           783  uuddudud  -0.12713 0.01616
           798  u02dud20  -0.08060 0.00650
           816  0u2du2d0  -0.08098 0.00656
           853  20020022  -0.08166 0.00667
           872  ud020ud2  -0.07482 0.00560
           890  02020202  -0.06753 0.00456
           907  u0d20u2d  -0.08028 0.00644
           924  0ud202ud  -0.07977 0.00636
           939  00220220  -0.06116 0.00374
          1602  20002022   0.08252 0.00681
          1610  ud002ud2   0.09514 0.00905
          1619  02002202   0.06421 0.00412
          1627  u0d02u2d   0.07970 0.00635
          1636  0ud022ud   0.08823 0.00778
          1645  00202220   0.05493 0.00302
          1663  u00dud22  -0.08611 0.00742
          1671  0u0du2d2  -0.06961 0.00485
          1678  00udu22d  -0.07293 0.00532
          1694  00020222   0.05616 0.00315
          1764  00002222  -0.08606 0.00741
 
      Natural orbitals and occupation numbers for root  1
      sym 1:   1.412957   1.366427   1.289146   1.188092   0.817410   0.581574   0.631351   0.713041
 
      ************************************************************************************************************************
      *                                                                                                                      *
      *                                                    Final results                                                     *
      *                                                                                                                      *
      ************************************************************************************************************************
 
 
++    Wave function specifications:
      -----------------------------
 
      Number of closed shell electrons           0
      Number of electrons in active shells       8
      Max number of holes in RAS1 space          0
      Max nr of electrons in RAS3 space          0
      Number of inactive orbitals                0
      Number of active orbitals                  8
      Number of secondary orbitals              32
      Spin quantum number                      0.0
      State symmetry                             1
--
 
++    Orbital specifications:
      -----------------------
 
      Symmetry species                           1
                                                 a
      Frozen orbitals                            0
      Inactive orbitals                          0
      Active orbitals                            8
      RAS1 orbitals                              0
      RAS2 orbitals                              8
      RAS3 orbitals                              0
      Secondary orbitals                        32
      Deleted orbitals                           0
      Number of basis functions                 40
--
 
++    CI expansion specifications:
      ----------------------------
 
      Number of CSFs                          1764
      Number of determinants                  2485
      Number of root(s) required                 1
      CI root used                               1
      highest root included in the CI            1
      Root passed to geometry opt.               1
--
 
++    Final optimization conditions:
      ------------------------------
 
      Average CI energy                              -4.00800783
      RASSCF energy for state  1                     -4.00800783
      Super-CI energy                                -0.00000000
      RASSCF energy change                            0.00000000
      Max change in MO coefficients               0.120E-04
      Max non-diagonal density matrix element    -0.834E-05
      Maximum BLB matrix element                  0.157E-04
      (orbital pair   7,   9 in symmetry   1)
      Norm of electronic gradient            0.473E-04
--
 
 
      Final state energy(ies):
      ------------------------
 
::    RASSCF root number  1 Total energy:     -4.00800783
 
++    Molecular orbitals:
      -------------------
 
      Pseudonatural active orbitals and approximate occupation numbers
 
 
 
 
      Molecular orbitals for symmetry species 1: a  
 
 
      Orbital                1         2         3         4         5         6         7         8         9        10
      Energy            0.0000    0.0000    0.0000    0.0000    0.0000    0.0000    0.0000    0.0000    0.3326    0.3470
      Occ. No.          1.4130    1.3664    1.2891    1.1881    0.8174    0.5816    0.6314    0.7130    0.0000    0.0000
 
    1 H1     1s         0.1930   -0.3436    0.4057   -0.3268   -0.3621    0.2490    0.4270    0.4779    0.0842   -0.1132
    2 H1     2s         0.0141   -0.0259    0.0321   -0.0274   -0.0380    0.0330    0.0532    0.0547   -0.2309    0.4031
    3 H1     2px       -0.0000   -0.0000    0.0000   -0.0000   -0.0000   -0.0000   -0.0000   -0.0000   -0.0000   -0.0000
    4 H1     2py       -0.0000   -0.0000    0.0000   -0.0000   -0.0000   -0.0000   -0.0000   -0.0000   -0.0000   -0.0000
    5 H1     2pz        0.0015   -0.0022    0.0019   -0.0010   -0.0009    0.0019    0.0025    0.0019    0.0118   -0.0180
    6 H2     1s         0.2649   -0.4126    0.3819   -0.2066    0.1828   -0.3781   -0.5407   -0.4313    0.1517   -0.1889
    7 H2     2s         0.0166   -0.0332    0.0428   -0.0336    0.0107   -0.0664   -0.0850   -0.0533   -0.2170    0.2896
    8 H2     2px       -0.0000    0.0000   -0.0000    0.0000   -0.0000   -0.0000   -0.0000   -0.0000   -0.0000    0.0000
    9 H2     2py       -0.0000    0.0000   -0.0000    0.0000   -0.0000   -0.0000   -0.0000   -0.0000   -0.0000    0.0000
   10 H2     2pz        0.0010   -0.0000   -0.0021    0.0027    0.0010    0.0003    0.0007    0.0002    0.0001    0.0037
   11 H3     1s         0.3571   -0.2940   -0.1445    0.4392    0.4735    0.4980    0.4121   -0.1393    0.1624   -0.1166
   12 H3     2s         0.0249   -0.0170   -0.0228    0.0500    0.0585    0.0866    0.0718   -0.0126   -0.2672    0.2371
   13 H3     2px        0.0000    0.0000    0.0000    0.0000   -0.0000   -0.0000    0.0000   -0.0000    0.0000    0.0000
   14 H3     2py        0.0000    0.0000    0.0000    0.0000   -0.0000   -0.0000    0.0000   -0.0000    0.0000    0.0000
   15 H3     2pz        0.0003    0.0014   -0.0027    0.0014   -0.0003    0.0015    0.0006   -0.0001    0.0015    0.0034
   16 H4     1s         0.3858   -0.1680   -0.3253    0.3774   -0.3900   -0.5459   -0.1998    0.4168    0.1758   -0.0502
   17 H4     2s         0.0255   -0.0187   -0.0241    0.0465   -0.0436   -0.0968   -0.0277    0.0661   -0.2847    0.0828
   18 H4     2px        0.0000   -0.0000    0.0000   -0.0000    0.0000    0.0000   -0.0000    0.0000    0.0000   -0.0000
   19 H4     2py        0.0000   -0.0000    0.0000   -0.0000    0.0000    0.0000   -0.0000    0.0000    0.0000   -0.0000
   20 H4     2pz        0.0005    0.0020   -0.0012   -0.0024   -0.0004    0.0011    0.0010   -0.0005    0.0000    0.0052
   21 H5     1s         0.3858    0.1681   -0.3254   -0.3773   -0.3899    0.5459   -0.1998   -0.4169    0.1758    0.0502
   22 H5     2s         0.0255    0.0187   -0.0241   -0.0465   -0.0435    0.0968   -0.0277   -0.0661   -0.2847   -0.0828
   23 H5     2px        0.0000    0.0000    0.0000    0.0000    0.0000    0.0000    0.0000    0.0000    0.0000    0.0000
   24 H5     2py        0.0000    0.0000    0.0000    0.0000    0.0000    0.0000    0.0000    0.0000    0.0000    0.0000
   25 H5     2pz       -0.0005    0.0020    0.0012   -0.0024    0.0004    0.0011   -0.0010   -0.0005   -0.0000    0.0052
   26 H6     1s         0.3570    0.2940   -0.1447   -0.4391    0.4735   -0.4979    0.4122    0.1395    0.1624    0.1165
   27 H6     2s         0.0249    0.0170   -0.0228   -0.0500    0.0585   -0.0866    0.0718    0.0126   -0.2672   -0.2371
   28 H6     2px        0.0000    0.0000    0.0000    0.0000   -0.0000    0.0000   -0.0000    0.0000    0.0000    0.0000
   29 H6     2py        0.0000    0.0000    0.0000    0.0000   -0.0000    0.0000   -0.0000    0.0000    0.0000    0.0000
   30 H6     2pz       -0.0003    0.0014    0.0027    0.0014    0.0003    0.0015   -0.0006   -0.0001   -0.0015    0.0034
   31 H7     1s         0.2648    0.4127    0.3820    0.2065    0.1827    0.3780   -0.5407    0.4314    0.1517    0.1889
   32 H7     2s         0.0166    0.0332    0.0428    0.0336    0.0107    0.0664   -0.0850    0.0533   -0.2170   -0.2896
   33 H7     2px        0.0000   -0.0000   -0.0000    0.0000   -0.0000    0.0000    0.0000    0.0000    0.0000   -0.0000
   34 H7     2py        0.0000   -0.0000   -0.0000    0.0000   -0.0000    0.0000    0.0000    0.0000    0.0000   -0.0000
   35 H7     2pz       -0.0010   -0.0000    0.0021    0.0027   -0.0010    0.0003   -0.0007    0.0002   -0.0001    0.0037
   36 H8     1s         0.1929    0.3437    0.4058    0.3266   -0.3619   -0.2489    0.4271   -0.4780    0.0842    0.1132
   37 H8     2s         0.0141    0.0259    0.0321    0.0274   -0.0379   -0.0330    0.0532   -0.0547   -0.2309   -0.4031
   38 H8     2px       -0.0000    0.0000   -0.0000   -0.0000   -0.0000   -0.0000    0.0000   -0.0000   -0.0000    0.0000
   39 H8     2py       -0.0000    0.0000    0.0000   -0.0000   -0.0000    0.0000    0.0000   -0.0000    0.0000    0.0000
   40 H8     2pz       -0.0015   -0.0022   -0.0019   -0.0010    0.0009    0.0019   -0.0025    0.0019   -0.0118   -0.0180
 
 
      Orbital               11        12        13        14        15        16        17        18        19        20
      Energy            0.3752    0.4216    0.4880    0.5787    0.6670    0.7408    0.7432    0.8354    0.8354    0.8547
      Occ. No.          0.0000    0.0000    0.0000    0.0000    0.0000    0.0000    0.0000    0.0000    0.0000    0.0000
 
    1 H1     1s         0.0706    0.0212    0.1193   -0.1838   -0.1658    0.1526   -0.1320   -0.0000   -0.0000    0.0000
    2 H1     2s        -0.5030    0.5473    0.5333   -0.4576   -0.3032    0.2001   -0.1686    0.0000    0.0000   -0.0000
    3 H1     2px        0.0000    0.0000   -0.0000   -0.0000   -0.0000    0.0000   -0.0000    0.0297    0.1473    0.2343
    4 H1     2py        0.0000    0.0000   -0.0000   -0.0000   -0.0000   -0.0000   -0.0000    0.1473   -0.0297   -0.1644
    5 H1     2pz        0.0185   -0.0202   -0.0333    0.0717    0.1230   -0.3375    0.3186   -0.0000   -0.0000    0.0000
    6 H2     1s         0.1093   -0.0204   -0.0327    0.1535    0.2166   -0.1558    0.1175    0.0000    0.0000   -0.0000
    7 H2     2s        -0.1631   -0.1262   -0.4725    0.7380    0.6670   -0.3996    0.3091   -0.0000   -0.0000    0.0000
    8 H2     2px       -0.0000    0.0000   -0.0000   -0.0000   -0.0000   -0.0000   -0.0000    0.0564    0.2798    0.3631
    9 H2     2py       -0.0000    0.0000   -0.0000   -0.0000   -0.0000   -0.0000   -0.0000    0.2798   -0.0564   -0.2548
   10 H2     2pz       -0.0055   -0.0076   -0.0343    0.0435   -0.0173    0.3533   -0.3511    0.0000    0.0000   -0.0000
   11 H3     1s        -0.0550    0.0992    0.0002   -0.0237   -0.2060    0.1654   -0.0928   -0.0000   -0.0000    0.0000
   12 H3     2s         0.1047   -0.4550   -0.4105   -0.1648   -0.6709    0.4325   -0.2599   -0.0000   -0.0000   -0.0000
   13 H3     2px        0.0000    0.0000   -0.0000    0.0000   -0.0000   -0.0000   -0.0000    0.0763    0.3790    0.3207
   14 H3     2py        0.0000    0.0000   -0.0000    0.0000   -0.0000   -0.0000   -0.0000    0.3790   -0.0763   -0.2250
   15 H3     2pz       -0.0052    0.0018    0.0333   -0.1350   -0.1759   -0.2378    0.2870   -0.0000   -0.0000    0.0000
   16 H4     1s        -0.1319    0.0590    0.0027   -0.1142    0.0872   -0.1602    0.0358    0.0000    0.0000    0.0000
   17 H4     2s         0.3470   -0.2505    0.4331   -0.6390    0.2756   -0.4004    0.0965    0.0000    0.0000   -0.0000
   18 H4     2px        0.0000   -0.0000    0.0000    0.0000   -0.0000   -0.0000   -0.0000    0.0869    0.4314    0.1274
   19 H4     2py        0.0000   -0.0000    0.0000    0.0000   -0.0000   -0.0000   -0.0000    0.4314   -0.0869   -0.0894
   20 H4     2pz       -0.0005    0.0038    0.0266    0.0750    0.3221    0.0807   -0.2283    0.0000    0.0000    0.0000
   21 H5     1s        -0.1319   -0.0590    0.0027    0.1142    0.0872    0.1602    0.0358   -0.0000   -0.0000   -0.0000
   22 H5     2s         0.3470    0.2505    0.4331    0.6390    0.2756    0.4004    0.0965   -0.0000   -0.0000    0.0000
   23 H5     2px        0.0000   -0.0000    0.0000    0.0000   -0.0000   -0.0000   -0.0000    0.0869    0.4314   -0.1274
   24 H5     2py        0.0000   -0.0000    0.0000    0.0000   -0.0000   -0.0000   -0.0000    0.4314   -0.0869    0.0894
   25 H5     2pz        0.0005    0.0038   -0.0266    0.0750   -0.3221    0.0807    0.2283   -0.0000   -0.0000   -0.0000
   26 H6     1s        -0.0550   -0.0992    0.0002    0.0237   -0.2060   -0.1654   -0.0928    0.0000    0.0000    0.0000
   27 H6     2s         0.1047    0.4550   -0.4104    0.1648   -0.6708   -0.4324   -0.2600    0.0000    0.0000    0.0000
   28 H6     2px        0.0000   -0.0000    0.0000    0.0000   -0.0000   -0.0000   -0.0000    0.0763    0.3790   -0.3207
   29 H6     2py        0.0000   -0.0000    0.0000    0.0000   -0.0000   -0.0000   -0.0000    0.3790   -0.0763    0.2250
   30 H6     2pz        0.0052    0.0018   -0.0333   -0.1350    0.1759   -0.2378   -0.2870   -0.0000   -0.0000    0.0000
   31 H7     1s         0.1093    0.0204   -0.0327   -0.1535    0.2166    0.1558    0.1175   -0.0000   -0.0000    0.0000
   32 H7     2s        -0.1631    0.1262   -0.4725   -0.7380    0.6670    0.3995    0.3091    0.0000    0.0000   -0.0000
   33 H7     2px        0.0000   -0.0000   -0.0000    0.0000   -0.0000   -0.0000   -0.0000    0.0564    0.2798   -0.3631
   34 H7     2py        0.0000    0.0000   -0.0000    0.0000   -0.0000   -0.0000   -0.0000    0.2798   -0.0564    0.2548
   35 H7     2pz        0.0055   -0.0076    0.0343    0.0435    0.0173    0.3533    0.3511    0.0000    0.0000   -0.0000
   36 H8     1s         0.0706   -0.0212    0.1193    0.1838   -0.1658   -0.1526   -0.1320   -0.0000    0.0000    0.0000
   37 H8     2s        -0.5030   -0.5473    0.5333    0.4576   -0.3032   -0.2000   -0.1686   -0.0000   -0.0000    0.0000
   38 H8     2px        0.0000    0.0000   -0.0000   -0.0000    0.0000   -0.0000   -0.0000    0.0297    0.1473   -0.2343
   39 H8     2py        0.0000    0.0000   -0.0000   -0.0000   -0.0000   -0.0000   -0.0000    0.1473   -0.0297    0.1644
   40 H8     2pz       -0.0185   -0.0202    0.0333    0.0717   -0.1230   -0.3374   -0.3186   -0.0000   -0.0000    0.0000
 
 
      Orbital               21        22        23        24        25        26        27        28        29        30
      Energy            0.8547    0.8854    0.8854    0.9248    0.9248    0.9696    0.9696    1.0136    1.0136    1.0514
      Occ. No.          0.0000    0.0000    0.0000    0.0000    0.0000    0.0000    0.0000    0.0000    0.0000    0.0000
 
    1 H1     1s        -0.0000   -0.0000    0.0000    0.0000   -0.0000    0.0000    0.0000   -0.0000    0.0000   -0.0000
    2 H1     2s         0.0000    0.0000   -0.0000   -0.0000    0.0000   -0.0000   -0.0000   -0.0000    0.0000   -0.0000
    3 H1     2px       -0.1644   -0.3474    0.1849    0.2781   -0.3623   -0.3307   -0.3330    0.3087   -0.2929   -0.2653
    4 H1     2py       -0.2343    0.1849    0.3474   -0.3623   -0.2781    0.3330   -0.3307   -0.2929   -0.3087    0.1841
    5 H1     2pz       -0.0000   -0.0000    0.0000    0.0000   -0.0000    0.0000    0.0000   -0.0000    0.0000   -0.0000
    6 H2     1s         0.0000    0.0000   -0.0000    0.0000   -0.0000   -0.0000   -0.0000   -0.0000    0.0000    0.0000
    7 H2     2s        -0.0000   -0.0000    0.0000   -0.0000    0.0000   -0.0000   -0.0000    0.0000   -0.0000    0.0000
    8 H2     2px       -0.2548   -0.3529    0.1878    0.1015   -0.1322    0.1111    0.1118   -0.3035    0.2879    0.4006
    9 H2     2py       -0.3631    0.1878    0.3529   -0.1322   -0.1015   -0.1118    0.1111    0.2879    0.3035   -0.2779
   10 H2     2pz        0.0000    0.0000   -0.0000   -0.0000    0.0000   -0.0000   -0.0000    0.0000   -0.0000    0.0000
   11 H3     1s        -0.0000   -0.0000    0.0000   -0.0000    0.0000    0.0000    0.0000   -0.0000    0.0000   -0.0000
   12 H3     2s         0.0000   -0.0000    0.0000    0.0000   -0.0000    0.0000    0.0000   -0.0000    0.0000   -0.0000
   13 H3     2px       -0.2250   -0.0016    0.0008   -0.2454    0.3197    0.2927    0.2947   -0.0036    0.0034   -0.3503
   14 H3     2py       -0.3207    0.0008    0.0016    0.3197    0.2454   -0.2947    0.2927    0.0034    0.0036    0.2430
   15 H3     2pz       -0.0000    0.0000   -0.0000   -0.0000    0.0000   -0.0000   -0.0000    0.0000   -0.0000    0.0000
   16 H4     1s        -0.0000    0.0000   -0.0000   -0.0000    0.0000   -0.0000   -0.0000    0.0000   -0.0000    0.0000
   17 H4     2s         0.0000    0.0000   -0.0000   -0.0000    0.0000   -0.0000   -0.0000    0.0000   -0.0000    0.0000
   18 H4     2px       -0.0894    0.3491   -0.1858   -0.1840    0.2397   -0.2161   -0.2175    0.3054   -0.2898    0.1386
   19 H4     2py       -0.1274   -0.1858   -0.3491    0.2397    0.1840    0.2175   -0.2161   -0.2898   -0.3054   -0.0961
   20 H4     2pz       -0.0000   -0.0000    0.0000    0.0000   -0.0000    0.0000    0.0000   -0.0000    0.0000   -0.0000
   21 H5     1s         0.0000   -0.0000    0.0000    0.0000   -0.0000    0.0000    0.0000   -0.0000    0.0000   -0.0000
   22 H5     2s        -0.0000   -0.0000    0.0000    0.0000   -0.0000    0.0000    0.0000   -0.0000    0.0000   -0.0000
   23 H5     2px        0.0894    0.3491   -0.1858    0.1840   -0.2397   -0.2161   -0.2175   -0.3054    0.2898    0.1386
   24 H5     2py        0.1274   -0.1858   -0.3491   -0.2397   -0.1840    0.2175   -0.2161    0.2898    0.3054   -0.0961
   25 H5     2pz        0.0000   -0.0000    0.0000   -0.0000    0.0000    0.0000    0.0000   -0.0000    0.0000   -0.0000
   26 H6     1s        -0.0000   -0.0000    0.0000    0.0000   -0.0000    0.0000    0.0000    0.0000   -0.0000   -0.0000
   27 H6     2s        -0.0000    0.0000   -0.0000   -0.0000    0.0000   -0.0000   -0.0000    0.0000   -0.0000    0.0000
   28 H6     2px        0.2250   -0.0016    0.0008    0.2454   -0.3197    0.2927    0.2947    0.0036   -0.0034   -0.3503
   29 H6     2py        0.3207    0.0008    0.0016   -0.3197   -0.2454   -0.2947    0.2927   -0.0034   -0.0036    0.2430
   30 H6     2pz       -0.0000   -0.0000    0.0000   -0.0000    0.0000    0.0000    0.0000    0.0000   -0.0000    0.0000
   31 H7     1s        -0.0000   -0.0000    0.0000   -0.0000    0.0000    0.0000    0.0000    0.0000   -0.0000   -0.0000
   32 H7     2s         0.0000    0.0000   -0.0000    0.0000   -0.0000    0.0000    0.0000   -0.0000    0.0000   -0.0000
   33 H7     2px        0.2548   -0.3529    0.1878   -0.1015    0.1322    0.1111    0.1118    0.3035   -0.2879    0.4006
   34 H7     2py        0.3631    0.1878    0.3529    0.1322    0.1015   -0.1118    0.1111   -0.2879   -0.3035   -0.2779
   35 H7     2pz        0.0000    0.0000   -0.0000    0.0000   -0.0000   -0.0000   -0.0000    0.0000   -0.0000    0.0000
   36 H8     1s        -0.0000    0.0000   -0.0000   -0.0000    0.0000   -0.0000   -0.0000    0.0000   -0.0000    0.0000
   37 H8     2s        -0.0000   -0.0000    0.0000   -0.0000    0.0000    0.0000    0.0000    0.0000   -0.0000    0.0000
   38 H8     2px        0.1644   -0.3474    0.1849   -0.2781    0.3623   -0.3307   -0.3330   -0.3087    0.2929   -0.2653
   39 H8     2py        0.2343    0.1849    0.3474    0.3623    0.2781    0.3330   -0.3307    0.2929    0.3087    0.1841
   40 H8     2pz       -0.0000   -0.0000    0.0000   -0.0000    0.0000    0.0000    0.0000   -0.0000    0.0000   -0.0000
 
 
      Orbital               31        32        33        34        35        36        37        38        39        40
      Energy            1.0514    1.0771    1.0771    1.0974    1.1138    1.1311    1.1998    1.2899    1.3786    1.4443
      Occ. No.          0.0000    0.0000    0.0000    0.0000    0.0000    0.0000    0.0000    0.0000    0.0000    0.0000
 
    1 H1     1s         0.0000   -0.0000   -0.0000    0.1551   -0.0406   -0.1861    0.1426   -0.1252   -0.0980    0.0554
    2 H1     2s         0.0000    0.0000    0.0000    0.3001   -0.0532   -0.3634    0.2677   -0.1974   -0.1270    0.0622
    3 H1     2px        0.1841   -0.1742    0.0033    0.0000    0.0000    0.0000   -0.0000   -0.0000   -0.0000   -0.0000
    4 H1     2py        0.2653   -0.0033   -0.1742    0.0000    0.0000    0.0000   -0.0000   -0.0000    0.0000   -0.0000
    5 H1     2pz        0.0000   -0.0000   -0.0000    0.2980    0.0513   -0.4502    0.4872   -0.4516   -0.3464    0.1884
    6 H2     1s        -0.0000   -0.0000   -0.0000   -0.4046    0.1707    0.4407   -0.2242    0.1033    0.0116    0.0189
    7 H2     2s        -0.0000    0.0000    0.0000   -0.7774    0.3356    0.7972   -0.3457    0.1468    0.0397   -0.0042
    8 H2     2px       -0.2779    0.3229   -0.0062   -0.0000   -0.0000   -0.0000   -0.0000   -0.0000   -0.0000    0.0000
    9 H2     2py       -0.4006    0.0062    0.3229   -0.0000   -0.0000   -0.0000   -0.0000   -0.0000   -0.0000    0.0000
   10 H2     2pz       -0.0000   -0.0000   -0.0000   -0.2974    0.1829    0.1909    0.2241   -0.5046   -0.5751    0.3791
   11 H3     1s         0.0000   -0.0000   -0.0000    0.4743   -0.4723   -0.3982   -0.0335    0.0836    0.0253    0.0272
   12 H3     2s         0.0000   -0.0000   -0.0000    0.9071   -0.9064   -0.7314   -0.0244    0.0614    0.0049    0.0264
   13 H3     2px        0.2430   -0.4336    0.0083    0.0000    0.0000    0.0000   -0.0000   -0.0000    0.0000    0.0000
   14 H3     2py        0.3503   -0.0083   -0.4336    0.0000    0.0000    0.0000   -0.0000   -0.0000    0.0000    0.0000
   15 H3     2pz       -0.0000   -0.0000   -0.0000   -0.0695   -0.3909    0.3484   -0.4763    0.0015   -0.4957    0.5074
   16 H4     1s        -0.0000    0.0000    0.0000   -0.2139    0.7494    0.1819    0.1025    0.0766    0.0772    0.0037
   17 H4     2s        -0.0000    0.0000    0.0000   -0.4066    1.4201    0.3701    0.1325    0.0895    0.0636   -0.0032
   18 H4     2px       -0.0961    0.4923   -0.0094   -0.0000   -0.0000   -0.0000    0.0000    0.0000    0.0000   -0.0000
   19 H4     2py       -0.1386    0.0094    0.4923   -0.0000   -0.0000   -0.0000    0.0000    0.0000    0.0000   -0.0000
   20 H4     2pz        0.0000    0.0000    0.0000    0.4463    0.2120   -0.2722   -0.3263    0.4752   -0.2034    0.5825
   21 H5     1s         0.0000   -0.0000   -0.0000   -0.2139   -0.7494   -0.1819    0.1025   -0.0766    0.0772   -0.0037
   22 H5     2s         0.0000   -0.0000   -0.0000   -0.4066   -1.4201   -0.3701    0.1326   -0.0895    0.0636    0.0032
   23 H5     2px       -0.0961   -0.4923    0.0094    0.0000   -0.0000   -0.0000    0.0000    0.0000    0.0000    0.0000
   24 H5     2py       -0.1386   -0.0094   -0.4923    0.0000   -0.0000   -0.0000    0.0000    0.0000    0.0000    0.0000
   25 H5     2pz        0.0000   -0.0000   -0.0000   -0.4463    0.2120   -0.2722    0.3263    0.4752    0.2034    0.5825
   26 H6     1s         0.0000    0.0000    0.0000    0.4743    0.4723    0.3982   -0.0335   -0.0836    0.0253   -0.0272
   27 H6     2s        -0.0000    0.0000    0.0000    0.9071    0.9064    0.7313   -0.0244   -0.0614    0.0048   -0.0264
   28 H6     2px        0.2430    0.4336   -0.0083   -0.0000   -0.0000   -0.0000   -0.0000   -0.0000    0.0000   -0.0000
   29 H6     2py        0.3503    0.0083    0.4336   -0.0000   -0.0000   -0.0000   -0.0000   -0.0000    0.0000   -0.0000
   30 H6     2pz       -0.0000    0.0000    0.0000    0.0695   -0.3909    0.3484    0.4763    0.0015    0.4957    0.5074
   31 H7     1s         0.0000   -0.0000   -0.0000   -0.4046   -0.1707   -0.4407   -0.2242   -0.1033    0.0116   -0.0189
   32 H7     2s         0.0000   -0.0000   -0.0000   -0.7774   -0.3356   -0.7972   -0.3457   -0.1468    0.0397    0.0042
   33 H7     2px       -0.2779   -0.3229    0.0062    0.0000    0.0000   -0.0000    0.0000    0.0000   -0.0000   -0.0000
   34 H7     2py       -0.4006   -0.0062   -0.3229    0.0000    0.0000    0.0000    0.0000    0.0000   -0.0000   -0.0000
   35 H7     2pz       -0.0000    0.0000    0.0000    0.2974    0.1829    0.1909   -0.2241   -0.5046    0.5751    0.3791
   36 H8     1s        -0.0000    0.0000    0.0000    0.1551    0.0406    0.1861    0.1426    0.1252   -0.0980   -0.0554
   37 H8     2s        -0.0000    0.0000    0.0000    0.3001    0.0532    0.3634    0.2677    0.1974   -0.1270   -0.0622
   38 H8     2px        0.1841    0.1742   -0.0033   -0.0000   -0.0000    0.0000   -0.0000   -0.0000    0.0000    0.0000
   39 H8     2py        0.2653    0.0033    0.1742   -0.0000   -0.0000    0.0000   -0.0000   -0.0000    0.0000    0.0000
   40 H8     2pz        0.0000   -0.0000   -0.0000   -0.2980    0.0513   -0.4502   -0.4872   -0.4516    0.3464    0.1884
--
 
      Von Neumann Entropy (Root  1) =  3.68572
 

      Mulliken population analysis for root number:  1
      -----------------------------------------------
 
 
++    Molecular charges:
      ------------------
 
      Mulliken charges per centre and basis function type
      ---------------------------------------------------
 
                H1      H2      H3      H4      H5      H6      H7      H8    
      1s       0.9902  1.0016  1.0020  1.0016  1.0016  1.0020  1.0017  0.9902
      2s       0.0067  0.0006 -0.0027 -0.0022 -0.0022 -0.0027  0.0006  0.0067
      2px      0.0000  0.0000  0.0000  0.0000  0.0000  0.0000  0.0000  0.0000
      2pz      0.0002  0.0008  0.0007  0.0007  0.0007  0.0007  0.0008  0.0002
      2py      0.0000  0.0000  0.0000  0.0000  0.0000  0.0000  0.0000  0.0000
      Total    0.9971  1.0030  0.9999  1.0000  1.0000  0.9999  1.0030  0.9971
 
      N-E      0.0029 -0.0030  0.0001 -0.0000 -0.0000  0.0001 -0.0030  0.0029
 
      Total electronic charge=    8.000000
 
      Total            charge=   -0.000000
--
 
 

      Expectation values of various properties for root number:  1
      -----------------------------------------------------------
 
 
++    Molecular properties:
      ---------------------
 
      Charge (e):
                      =   -0.0000
      Dipole Moment (Debye):
      Origin of the operator (Ang)=    0.0000    0.0000    0.0000
                   X=  1.5610E-09               Y= -6.2511E-11               Z=  5.2936E-06           Total=  5.2936E-06
      Quadrupole Moment (Debye*Ang):
      Origin of the operator (Ang)=    0.0000    0.0000    8.4636
                  XX= -1.2222E+01              XY= -2.8338E-15              XZ=  7.8417E-09              YY= -1.2222E+01
                  YZ=  7.2042E-10              ZZ= -1.1286E+01
      In traceless form (Debye*Ang)
                  XX= -4.6801E-01              XY= -4.2507E-15              XZ=  1.1762E-08              YY= -4.6801E-01
                  YZ=  1.0806E-09              ZZ=  9.3602E-01
--
 

      LoProp population analysis for root number:  1
      -----------------------------------------------
 
 
++    LoProp analysis:
      ----------------
 
 
 
  Input file to MOLDEN was generated!
 
 
++    Static properties:
      ------------------
 
 
      LoProp Charges per center
 

                   H1       H2       H3       H4       H5       H6       H7       H8    
      Nuclear      1.0000   1.0000   1.0000   1.0000   1.0000   1.0000   1.0000   1.0000
      Electronic  -1.0001  -0.9999  -0.9999  -1.0000  -1.0000  -0.9999  -0.9999  -1.0001
 
      Total       -0.0001   0.0001   0.0001  -0.0000  -0.0000   0.0001   0.0001  -0.0001
--
 
 
      Natural Bond Order analysis for root number:  1
 
++    Natural Bond Order analysis
      ---------------------------
      Based on LoProp computed density
      -------------------------------------------------------------------------------------
      Atom A       Atom B       Bond Order
      -------------------------------------------------------------------------------------
      The remaining    8.000 electrons are to be considered as diffuse
--
 
--
 
 
  Input file to MOLDEN was generated!
 
      Average orbitals are written to the RASORB file
      Natural orbitals for root   1 are written to the RASORB.1 file
      Spin density orbitals for root   1 are written to the SPDORB.1 file
 
 ###############################################################################
 ###############################################################################
 ###                                                                         ###
 ###                                                                         ###
 ###    RunFile label BirthCertificate                                       ###
 ###    was used       42 times                                              ###
 ###                                                                         ###
 ###                                                                         ###
 ###############################################################################
 ###############################################################################
forrtl: warning (525): IEEE_DIVIDE_BY_ZERO is signaling
forrtl: warning (526): IEEE_INVALID is signaling
forrtl: warning (528): IEEE_UNDERFLOW is signaling
--- Stop Module: rasscf at Sun Oct 26 13:39:02 2025 /rc=_RC_ALL_IS_WELL_ ---
*** files: H8_2.42.LprOrb H8_2.42.rasscf.molden H8_2.42.LoProp.molden H8_2.42.RasOrb.1 H8_2.42.RasOrb H8_2.42.rasscf.h5 H8_2.42.SpdOrb.1 xmldump
    saved to directory ${LOCALHOME}/DDCASPT2/hydrogen_comps/rerun/H8_chain/H8_2.42
--- Module rasscf spent 4 seconds ---

>>> COPY /tmp/H8_2.42/H8_2.42.rasscf.h5 ${LOCALHOME}/DDCASPT2/hydrogen_comps/rerun/H8_chain/H8_2.42/

>>> COPY /tmp/H8_2.42/DDCASPT2_Fock_MO.csv ${LOCALHOME}/DDCASPT2/hydrogen_comps/rerun/H8_chain/H8_2.42/H8_2.42.DDCASPT2_Fock_MO.csv

*** symbolic link created: INPORB -> H8_2.42.RasOrb
--- Start Module: motra at Sun Oct 26 13:39:02 2025 ---
 
()()()()()()()()()()()()()()()()()()()()()()()()()()()()()()()()()()()()()()()()()()()()()()()()()()

                                               &MOTRA

                                   only a single process is used
                       available to each process: 2.0 GB of memory, 1 thread?
()()()()()()()()()()()()()()()()()()()()()()()()()()()()()()()()()()()()()()()()()()()()()()()()()()
 
 
      *** WARNING: Default frozen orbitals is overwritten by user input.
      *** Default values:   0
 
      Header of the integral files:
      
       Integrals generated by seward 4.2.0  , Sun Oct 26 13:38:57 2025
 
 
      Header of MO coefficients source file:
      * RASSCF average (pseudo-natural) orbitals                                      
 
 
      Cartesian coordinates in Angstrom:
      -----------------------------------------------------
      No.  Label        X            Y            Z        
      -----------------------------------------------------
       1   H1         0.00000000   0.00000000   0.00000000
       2   H2         0.00000000   0.00000000   2.41818200
       3   H3         0.00000000   0.00000000   4.83636400
       4   H4         0.00000000   0.00000000   7.25454500
       5   H5         0.00000000   0.00000000   9.67272700
       6   H6         0.00000000   0.00000000  12.09090900
       7   H7         0.00000000   0.00000000  14.50909100
       8   H8         0.00000000   0.00000000  16.92727300
      -----------------------------------------------------
      Nuclear repulsion energy =    3.00738625
 
      Orbital specifications:
      -----------------------
 
      Symmetry species:              1
      Number of basis functions:    40
      Frozen orbitals:               0
      Deleted orbitals:              0
      Number of orbitals used:      40

       SYMMETRY  BASIS FUNCTIONS       ORBITALS      INTEGRALS   CPU(SEC)  I/O(SEC)
        1 1 1 1   40  40  40  40    40  40  40  40      336610       0.00      0.00

       TOTAL CPU TIME(SEC)    0.21TOTAL I/O TIME(SEC)    0.47
 
--- Stop Module: motra at Sun Oct 26 13:39:03 2025 /rc=_RC_ALL_IS_WELL_ ---
*** files: xmldump
    saved to directory ${LOCALHOME}/DDCASPT2/hydrogen_comps/rerun/H8_chain/H8_2.42

>>> COPY /tmp/H8_2.42/DDCASPT2_one_int_indx.csv ${LOCALHOME}/DDCASPT2/hydrogen_comps/rerun/H8_chain/H8_2.42/H8_2.42.DDCASPT2_one_int_indx.csv

>>> COPY /tmp/H8_2.42/DDCASPT2_one_int.csv ${LOCALHOME}/DDCASPT2/hydrogen_comps/rerun/H8_chain/H8_2.42/H8_2.42.DDCASPT2_one_int.csv

>>> COPY /tmp/H8_2.42/DDCASPT2_two_int_indx.csv ${LOCALHOME}/DDCASPT2/hydrogen_comps/rerun/H8_chain/H8_2.42/H8_2.42.DDCASPT2_two_int_indx.csv

>>> COPY /tmp/H8_2.42/DDCASPT2_two_int.csv ${LOCALHOME}/DDCASPT2/hydrogen_comps/rerun/H8_chain/H8_2.42/H8_2.42.DDCASPT2_two_int.csv

*** symbolic link created: INPORB -> H8_2.42.RasOrb
--- Start Module: caspt2 at Sun Oct 26 13:39:03 2025 ---
 
()()()()()()()()()()()()()()()()()()()()()()()()()()()()()()()()()()()()()()()()()()()()()()()()()()

                                              &CASPT2

                                   only a single process is used
                       available to each process: 2.0 GB of memory, 1 thread?
()()()()()()()()()()()()()()()()()()()()()()()()()()()()()()()()()()()()()()()()()()()()()()()()()()
 
 Cholesky algorithm in CASPT2 =    1
 
 ###############################################################################
 ###############################################################################
 ###                                                                         ###
 ###                                                                         ###
 ###    User changed nr of frozen orbitals.                                  ###
 ###                                                                         ###
 ###                                                                         ###
 ###############################################################################
 ###############################################################################
 
++    Wave function specifications:
      -----------------------------
 
      Number of closed shell electrons           0
      Number of electrons in active shells       8
      Max number of holes in RAS1 space          0
      Max number of electrons in RAS3 space      0
      Number of inactive orbitals                0
      Number of active orbitals                  8
      Number of secondary orbitals              32
      Spin quantum number                      0.0
      State symmetry                             1
      Number of CSFs                          1764
      Number of root(s) available                1
      Root passed to geometry opt.               1
      A file JOBMIX will be created.
      This is a CASSCF or RASSCF reference function
--
 
++    Orbital specifications:
      -----------------------
 
      Symmetry species                           1
                                                 a
      Frozen orbitals                            0
      Inactive orbitals                          0
      Active orbitals                            8
      Secondary orbitals                        32
      Deleted orbitals                           0
      Number of basis functions                 40
--
 
      Type of Fock operator: STANDARD
      Type of 0-order Hamiltonian: STANDARD WITH DEFAULT IPEA
        "IP-EA" denominator shift =      0.25
      The input orbitals and the CI vector will be transformed.
 
--------------------------------------------------------------------------------
 Estimated memory requirements:
  POLY3 :                   450746
  RHS:                      417296
  SIGMA :                   326032
  PRPCTL:                        0
 Available workspace:    230388092
 
++ CASPT2 computation for group   1
 
********************************************************************************
 Multi-State initialization phase begins for group   1
--------------------------------------------------------------------------------
********************************************************************************
 Compute H0 matrices for state    1
--------------------------------------------------------------------------------
--------------------------------------------------------------------------------
 H0 matrices have been computed.
 
********************************************************************************
  CASPT2 EQUATION SOLUTION
--------------------------------------------------------------------------------
 
  Total nr of CASPT2 parameters:
   Before reduction:       49280
   After  reduction:       48832
 
 The contributions to the second order correlation energy in atomic units.
-----------------------------------------------------------------------------------------------------------------------------
  IT.      VJTU        VJTI        ATVX        AIVX        VJAI        BVAT        BJAT        BJAI        TOTAL       RNORM  
-----------------------------------------------------------------------------------------------------------------------------
   1     0.000000    0.000000   -0.001193    0.000000    0.000000   -0.003047    0.000000    0.000000   -0.004240    0.000773
   2     0.000000    0.000000   -0.001205    0.000000    0.000000   -0.003051    0.000000    0.000000   -0.004256    0.000129
   3     0.000000    0.000000   -0.001206    0.000000    0.000000   -0.003052    0.000000    0.000000   -0.004258    0.000032
   4     0.000000    0.000000   -0.001206    0.000000    0.000000   -0.003052    0.000000    0.000000   -0.004258    0.000005
-------------------------------------------------------------------------------------------------------------------
 
  FINAL CASPT2 RESULT:
 
  Correlation energy /Case, /Symm, and sums:
 VJTU      0.00000000  0.00000000
 VJTIP     0.00000000  0.00000000
 VJTIM     0.00000000  0.00000000
 ATVX     -0.00120586 -0.00120586
 AIVX      0.00000000  0.00000000
 VJAIP     0.00000000  0.00000000
 VJAIM     0.00000000  0.00000000
 BVATP    -0.00279827 -0.00279827
 BVATM    -0.00025339 -0.00025339
 BJATP     0.00000000  0.00000000
 BJATM     0.00000000  0.00000000
 BJAIP     0.00000000  0.00000000
 BJAIM     0.00000000  0.00000000
 Summed:  -0.00425752 -0.00425752
 
      Reference energy:          -4.0080078313
      E2 (Non-variational):      -0.0042575233
      E2 (Variational):          -0.0042575354
      Total energy:              -4.0122653667
      Residual norm:              0.0000009277
      Reference weight:           0.99726
 
      Contributions to the CASPT2 correlation energy
      Active & Virtual Only:         -0.0042575233
      One Inactive Excited:           0.0000000000
      Two Inactive Excited:           0.0000000000
 
 
++ Denominators, etc.
----------------------------------------------------------------------------------------------------
 Report on small energy denominators, large coefficients, and large energy contributions.
CASE  SYMM ACTIVE-MIX  NON-ACTIVE INDICES          DENOMINATOR     RHS VALUE       COEFFICIENT     CONTRIBUTION
--
 
   (Skipping property calculation,
    use PROP keyword to activate)
--
 
  Total CASPT2 energies:
::    CASPT2 Root  1     Total energy:     -4.01226537
 
  A NEW JOBIPH FILE NAMED 'JOBMIX' IS PREPARED.
********************************************************************************
forrtl: warning (528): IEEE_UNDERFLOW is signaling
--- Stop Module: caspt2 at Sun Oct 26 13:39:04 2025 /rc=_RC_ALL_IS_WELL_ ---
*** files: xmldump
    saved to directory ${LOCALHOME}/DDCASPT2/hydrogen_comps/rerun/H8_chain/H8_2.42

>>> EXPORT i = B

>>> EXPORT j = P

>>> IF (-FILE DDCASPT2_e2_${i}_${j}_1_.csv)
(Skipped)

>>> END FOREACH

>>> EXPORT j = M

>>> IF (-FILE DDCASPT2_e2_${i}_${j}_1_.csv)
(Skipped)

>>> END FOREACH

>>> END FOREACH

>>> EXPORT i = E

>>> EXPORT j = P

>>> IF (-FILE DDCASPT2_e2_${i}_${j}_1_.csv)
(Skipped)

>>> END FOREACH

>>> EXPORT j = M

>>> IF (-FILE DDCASPT2_e2_${i}_${j}_1_.csv)
(Skipped)

>>> END FOREACH

>>> END FOREACH

>>> EXPORT i = F

>>> EXPORT j = P

>>> IF (-FILE DDCASPT2_e2_${i}_${j}_1_.csv)

>>> COPY /tmp/H8_2.42/DDCASPT2_RHS_F_P_1_.csv ${LOCALHOME}/DDCASPT2/hydrogen_comps/rerun/H8_chain/H8_2.42/DDCASPT2_RHS_F_P_1_.csv

>>> COPY /tmp/H8_2.42/DDCASPT2_IVECW_F_P_1_.csv ${LOCALHOME}/DDCASPT2/hydrogen_comps/rerun/H8_chain/H8_2.42/DDCASPT2_IVECW_F_P_1_.csv

>>> COPY /tmp/H8_2.42/DDCASPT2_IVECX_F_P_1_.csv ${LOCALHOME}/DDCASPT2/hydrogen_comps/rerun/H8_chain/H8_2.42/DDCASPT2_IVECX_F_P_1_.csv

>>> COPY /tmp/H8_2.42/DDCASPT2_IVECC2_F_P_1_.csv ${LOCALHOME}/DDCASPT2/hydrogen_comps/rerun/H8_chain/H8_2.42/DDCASPT2_IVECC2_F_P_1_.csv

>>> COPY /tmp/H8_2.42/DDCASPT2_e2_F_P_1_.csv ${LOCALHOME}/DDCASPT2/hydrogen_comps/rerun/H8_chain/H8_2.42/DDCASPT2_e2_F_P_1_.csv

>>> END FOREACH

>>> EXPORT j = M

>>> IF (-FILE DDCASPT2_e2_${i}_${j}_1_.csv)

>>> COPY /tmp/H8_2.42/DDCASPT2_RHS_F_M_1_.csv ${LOCALHOME}/DDCASPT2/hydrogen_comps/rerun/H8_chain/H8_2.42/DDCASPT2_RHS_F_M_1_.csv

>>> COPY /tmp/H8_2.42/DDCASPT2_IVECW_F_M_1_.csv ${LOCALHOME}/DDCASPT2/hydrogen_comps/rerun/H8_chain/H8_2.42/DDCASPT2_IVECW_F_M_1_.csv

>>> COPY /tmp/H8_2.42/DDCASPT2_IVECX_F_M_1_.csv ${LOCALHOME}/DDCASPT2/hydrogen_comps/rerun/H8_chain/H8_2.42/DDCASPT2_IVECX_F_M_1_.csv

>>> COPY /tmp/H8_2.42/DDCASPT2_IVECC2_F_M_1_.csv ${LOCALHOME}/DDCASPT2/hydrogen_comps/rerun/H8_chain/H8_2.42/DDCASPT2_IVECC2_F_M_1_.csv

>>> COPY /tmp/H8_2.42/DDCASPT2_e2_F_M_1_.csv ${LOCALHOME}/DDCASPT2/hydrogen_comps/rerun/H8_chain/H8_2.42/DDCASPT2_e2_F_M_1_.csv

>>> END FOREACH

>>> END FOREACH

>>> EXPORT i = G

>>> EXPORT j = P

>>> IF (-FILE DDCASPT2_e2_${i}_${j}_1_.csv)
(Skipped)

>>> END FOREACH

>>> EXPORT j = M

>>> IF (-FILE DDCASPT2_e2_${i}_${j}_1_.csv)
(Skipped)

>>> END FOREACH

>>> END FOREACH

>>> EXPORT i = H

>>> EXPORT j = P

>>> IF (-FILE DDCASPT2_e2_${i}_${j}_1_.csv)
(Skipped)

>>> END FOREACH

>>> EXPORT j = M

>>> IF (-FILE DDCASPT2_e2_${i}_${j}_1_.csv)
(Skipped)

>>> END FOREACH

>>> END FOREACH

>>> EXPORT i = A

>>> IF (-FILE DDCASPT2_e2_${i}_1_.csv)
(Skipped)

>>> END FOREACH

>>> EXPORT i = C

>>> IF (-FILE DDCASPT2_e2_${i}_1_.csv)

>>> COPY /tmp/H8_2.42/DDCASPT2_RHS_C_1_.csv ${LOCALHOME}/DDCASPT2/hydrogen_comps/rerun/H8_chain/H8_2.42/DDCASPT2_RHS_C_1_.csv

>>> COPY /tmp/H8_2.42/DDCASPT2_IVECW_C_1_.csv ${LOCALHOME}/DDCASPT2/hydrogen_comps/rerun/H8_chain/H8_2.42/DDCASPT2_IVECW_C_1_.csv

>>> COPY /tmp/H8_2.42/DDCASPT2_IVECX_C_1_.csv ${LOCALHOME}/DDCASPT2/hydrogen_comps/rerun/H8_chain/H8_2.42/DDCASPT2_IVECX_C_1_.csv

>>> COPY /tmp/H8_2.42/DDCASPT2_IVECC2_C_1_.csv ${LOCALHOME}/DDCASPT2/hydrogen_comps/rerun/H8_chain/H8_2.42/DDCASPT2_IVECC2_C_1_.csv

>>> COPY /tmp/H8_2.42/DDCASPT2_e2_C_1_.csv ${LOCALHOME}/DDCASPT2/hydrogen_comps/rerun/H8_chain/H8_2.42/DDCASPT2_e2_C_1_.csv

>>> END FOREACH

>>> EXPORT i = D

>>> IF (-FILE DDCASPT2_e2_${i}_1_.csv)
(Skipped)

>>> END FOREACH

.########################.
.# Non-zero return code #.
.########################.

    Timing: Wall=7.17 User=6.22 System=0.94
***************************************
*** WorkDir at /tmp/H8_2.42 cleaned ***
***************************************
