   This run of MOLCAS is using the pymolcas driver

                             OPE
                             OPE          NMOL  CASOP  ENMOLC A   SO
                 OPE        NMOLC        AS  OP EN  MO LC     AS  OP
                OPENM       OL CA        SO  PE NM  OL CA     SOP EN
                OP EN      MO   LC       AS  OP ENMOL  CASO   PENMOL
                OP  EN     MO   LC       AS  OP EN     MO     LC ASO
               OP   E  NMOL  C  AS       OP  EN MO     LC     AS  OP
               OP  E   NMO   LC AS        OPEN  MO     LCASOP EN   M
               O  PEN   MO  LCA  SO
            OPE   NMO   L   CAS    OP
        OPENMOL  CASOP     ENMOL   CASOPE
     OPENMOLCA   SOPENMOLCASOPEN   MOLCASOPE
    OPENMOLCAS   OP           EN   MOL    CAS
    OPENMOLCAS       OP  ENM        O     LCA
    OPENMOLCAS    OPEN  MOLCASO     P  E  NMO
    OPENMOLCAS     OP               E  N  MOL
    OPENMOLCA   SO           PENM   O  L  CAS    OPEN    MO    LCAS
    OPENMOLCA   SOP           ENM   O  L  CAS   OP  EN  MOLC  AS   O
    OPENMOLCA   SOPE           NM      O  LCA   S      OP  EN MO
    OPENMOLC                AS         O  PEN   M      OL  CA  SOPE
    OPENMO        LCASOPE  NMOL        C  ASO   P      ENMOLC     AS
    OPE     NMO      LCA  SO     P     E   NM   OL  CA SO  PE N   MO
          OPENMOLCA            SOPE   NMO        LCAS  O    P  ENMO
     OPENMOLCASOPENMOLCASOPENMOLCASOPENMOLCA
        OPENMOLCASOPENMOLCASOPENMOLCASOPE
            OPENMOLCASOPENMOLCASOPENM
               OPENMOLCASOPENMOLCA        version: f37762c57
                   OPENMOLCASO
                       OPE                tag:

 OpenMolcas is free software; you can redistribute it and/or modify it
 under the terms of the GNU Lesser General Public License version 2.1.
 OpenMolcas is distributed in the hope that it will be useful, but it
 is provided "as is" and without any express or implied warranties.
 For more details see the full text of the license in the file
 LICENSE or in <http://www.gnu.org/licenses/>.

                 Copyright (C) The OpenMolcas Authors
           For the author list and the recommended citation,
                   consult the file CONTRIBUTORS.md

           *************************************************
           * pymolcas version py2.28                       *
           *   build c4a6d18ded8cb6cad61d2372a9abd97c      *
           *   (after the EMIL interpreter by V. Veryazov) *
           *************************************************

configuration info
------------------
C Compiler ID: Intel
C flags: -std=gnu99 -gcc-sys
Fortran Compiler ID: IntelLLVM
Fortran flags: -standard-semantics -fltconsistency -fpp -i8 -heap-arrays
Definitions: _MOLCAS_;_I8_;_LINUX_
Parallel: OFF (GA=OFF)


   --------------------------------------------------------------------------------------
  |
  |              Project: H6_1.96
  |       Submitted from: ${LOCALHOME}/DDCASPT2/hydrogen_comps/rerun/H6_chain/H6_1.96
  |         Scratch area: /tmp/H6_1.96
  |      Save outputs to: ${LOCALHOME}/DDCASPT2/hydrogen_comps/rerun/H6_chain/H6_1.96
  |               Molcas: ${LOCALHOME}/Test/build
  |
  | Scratch area is empty
  |
  |       MOLCAS_DRIVER = /usr/local/pymolcas
  | MOLCAS_KEEP_WORKDIR = NO
  |  MOLCAS_NEW_WORKDIR = YES
  |       MOLCAS_NPROCS = 1
  |        MOLCAS_PRINT = NORMAL
  |       MOLCAS_SOURCE = ${LOCALHOME}/Test
  |    MOLCAS_STRUCTURE = 0
  |
   --------------------------------------------------------------------------------------

++ ---------   Input file   ---------

&GATEWAY
coord=H6_1.96.xyz
Basis = ANO-RCC-VDZP
Group = nosymm
End of Input

&SEWARD
End of Input

&SCF

>>> COPY $WorkDir/H6_1.96.scf.h5 $CurrDir/

&RASSCF
Title= RASSCF
FileOrb
${LOCALHOME}/DDCASPT2/hydrogen_comps/rerun/H6_chain/H6_0.60/H6_0.60.RasOrb
NACTEL
6 0 0
Inactive
0
RAS2
6
Symmetry
1
Spin
1
orblisting
all

>>> COPY $WorkDir/H6_1.96.rasscf.h5 $CurrDir/

>>> COPY $WorkDir/DDCASPT2_Fock_MO.csv $CurrDir/H6_1.96.DDCASPT2_Fock_MO.csv

&MOTRA
Frozen=0
LUMORB

>>> COPY $WorkDir/DDCASPT2_one_int_indx.csv $CurrDir/H6_1.96.DDCASPT2_one_int_indx.csv

>>> COPY $WorkDir/DDCASPT2_one_int.csv $CurrDir/H6_1.96.DDCASPT2_one_int.csv

>>> COPY $WorkDir/DDCASPT2_two_int_indx.csv $CurrDir/H6_1.96.DDCASPT2_two_int_indx.csv

>>> COPY $WorkDir/DDCASPT2_two_int.csv $CurrDir/H6_1.96.DDCASPT2_two_int.csv

&CASPT2
Frozen
0

MAXITER
50

>>> FOREACH i IN (B,E,F,G,H)

  >>> FOREACH j IN (P,M)

    >>> IF (-FILE DDCASPT2_e2_${i}_${j}_1_.csv)

      >>> COPY $WorkDir/DDCASPT2_RHS_${i}_${j}_1_.csv $CurrDir/DDCASPT2_RHS_${i}_${j}_1_.csv

      >>> COPY $WorkDir/DDCASPT2_IVECW_${i}_${j}_1_.csv $CurrDir/DDCASPT2_IVECW_${i}_${j}_1_.csv

      >>> COPY $WorkDir/DDCASPT2_IVECX_${i}_${j}_1_.csv $CurrDir/DDCASPT2_IVECX_${i}_${j}_1_.csv

      >>> COPY $WorkDir/DDCASPT2_IVECC2_${i}_${j}_1_.csv $CurrDir/DDCASPT2_IVECC2_${i}_${j}_1_.csv

      >>> COPY $WorkDir/DDCASPT2_e2_${i}_${j}_1_.csv $CurrDir/DDCASPT2_e2_${i}_${j}_1_.csv

    >>> END IF

  >>> END FOREACH

>>> END FOREACH

>>> FOREACH i IN (A,C,D)

  >>> IF (-FILE DDCASPT2_e2_${i}_1_.csv)

    >>> COPY $WorkDir/DDCASPT2_RHS_${i}_1_.csv $CurrDir/DDCASPT2_RHS_${i}_1_.csv

    >>> COPY $WorkDir/DDCASPT2_IVECW_${i}_1_.csv $CurrDir/DDCASPT2_IVECW_${i}_1_.csv

    >>> COPY $WorkDir/DDCASPT2_IVECX_${i}_1_.csv $CurrDir/DDCASPT2_IVECX_${i}_1_.csv

    >>> COPY $WorkDir/DDCASPT2_IVECC2_${i}_1_.csv $CurrDir/DDCASPT2_IVECC2_${i}_1_.csv

    >>> COPY $WorkDir/DDCASPT2_e2_${i}_1_.csv $CurrDir/DDCASPT2_e2_${i}_1_.csv

  >>> END IF

>>> END FOREACH

-- ----------------------------------

--- Start Module: gateway at Sun Oct 26 13:06:05 2025 ---
 
()()()()()()()()()()()()()()()()()()()()()()()()()()()()()()()()()()()()()()()()()()()()()()()()()()

                                              &GATEWAY

                                   only a single process is used
                       available to each process: 2.0 GB of memory, 1 thread?
()()()()()()()()()()()()()()()()()()()()()()()()()()()()()()()()()()()()()()()()()()()()()()()()()()
 
 
++    Symmetry information:
      ---------------------
 
                    Character Table for C1 
 
                             E  
                    a        1  x, y, xy, Rz, z, xz, Ry, yz, Rx, I
--
 
 
++    Basis set information:
      ----------------------
 
 
      Basis set label: H.ANO-RCC...2S1P.
 
      Electronic valence basis set:
      ------------------
      Associated Effective Charge   1.000000 au
      Associated Actual Charge      1.000000 au
      Nuclear Model: Point charge
 
      Shell  nPrim  nBasis  Cartesian Spherical Contaminant
         s       8       2        X                  
         p       4       1        X                  
--
 
 
++    Molecular structure info:
      -------------------------
 
                    ************************************************ 
                    **** Cartesian Coordinates / Bohr, Angstrom **** 
                    ************************************************ 
 
     Center  Label                x              y              z                     x              y              z
        1      H1               0.000000       0.000000       0.000000              0.000000       0.000000       0.000000
        2      H2               0.000000       0.000000       3.699283              0.000000       0.000000       1.957576
        3      H3               0.000000       0.000000       7.398565              0.000000       0.000000       3.915152
        4      H4               0.000000       0.000000      11.097846              0.000000       0.000000       5.872727
        5      H5               0.000000       0.000000      14.797128              0.000000       0.000000       7.830303
        6      H6               0.000000       0.000000      18.496411              0.000000       0.000000       9.787879
 
                    *************************************** 
                    *    InterNuclear Distances / Bohr    * 
                    *************************************** 
 
               1 H1            2 H2            3 H3            4 H4            5 H5            6 H6    
    1 H1       0.000000
    2 H2       3.699283        0.000000
    3 H3       7.398565        3.699283        0.000000
    4 H4      11.097846        7.398563        3.699281        0.000000
    5 H5      14.797128       11.097846        7.398563        3.699283        0.000000
    6 H6      18.496411       14.797128       11.097846        7.398565        3.699283        0.000000
 
                    ******************************************* 
                    *    InterNuclear Distances / Angstrom    * 
                    ******************************************* 
 
               1 H1            2 H2            3 H3            4 H4            5 H5            6 H6    
    1 H1       0.000000
    2 H2       1.957576        0.000000
    3 H3       3.915152        1.957576        0.000000
    4 H4       5.872727        3.915151        1.957575        0.000000
    5 H5       7.830303        5.872727        3.915151        1.957576        0.000000
    6 H6       9.787879        7.830303        5.872727        3.915152        1.957576        0.000000
--
 
 
            Nuclear Potential Energy              2.35180768 au
 
--- Stop Module: gateway at Sun Oct 26 13:06:06 2025 /rc=_RC_ALL_IS_WELL_ ---
*** files: xmldump
    saved to directory ${LOCALHOME}/DDCASPT2/hydrogen_comps/rerun/H6_chain/H6_1.96

--- Start Module: seward at Sun Oct 26 13:06:06 2025 ---
 
()()()()()()()()()()()()()()()()()()()()()()()()()()()()()()()()()()()()()()()()()()()()()()()()()()

                                              &SEWARD

                                   only a single process is used
                       available to each process: 2.0 GB of memory, 1 thread?
()()()()()()()()()()()()()()()()()()()()()()()()()()()()()()()()()()()()()()()()()()()()()()()()()()
 
               SEWARD will generate:
                  Multipole Moment integrals up to order  2
                  Kinetic Energy integrals
                  Nuclear Attraction integrals (point charge)
                  One-Electron Hamiltonian integrals
                  Velocity integrals
                  Relativistic Douglas-Kroll-Hess integrals:
                    - Parametrization         : EXP
                    - DKH order of Hamiltonian: 2
                    - DKH order of Properties : 0
                         - multipole moment operators
                         - electric potential operators
                         - contact operators
                  Atomic mean-field integrals
                  Two-Electron Repulsion integrals
 
                   Integrals are discarded if absolute value <: 0.10E-13
                   Integral cutoff threshold is set to       <: 0.10E-15
 
            Nuclear Potential Energy              2.35180768 au
 
 
      Basis set specifications :
      Symmetry species         a  
      Basis functions           30
 
 
  Input file to MOLDEN was generated!
 
forrtl: warning (525): IEEE_DIVIDE_BY_ZERO is signaling
forrtl: warning (526): IEEE_INVALID is signaling
forrtl: warning (528): IEEE_UNDERFLOW is signaling
--- Stop Module: seward at Sun Oct 26 13:06:06 2025 /rc=_RC_ALL_IS_WELL_ ---
*** files: H6_1.96.GssOrb H6_1.96.guessorb.h5 H6_1.96.guessorb.molden xmldump
    saved to directory ${LOCALHOME}/DDCASPT2/hydrogen_comps/rerun/H6_chain/H6_1.96

*** symbolic link created: INPORB -> H6_1.96.GssOrb
--- Start Module: scf at Sun Oct 26 13:06:06 2025 ---
 
()()()()()()()()()()()()()()()()()()()()()()()()()()()()()()()()()()()()()()()()()()()()()()()()()()

                                                &SCF

                                   only a single process is used
                       available to each process: 2.0 GB of memory, 1 thread?
()()()()()()()()()()()()()()()()()()()()()()()()()()()()()()()()()()()()()()()()()()()()()()()()()()
 
++    Input section:
      --------------
 
      Header of the integral files:
      
       Integrals generated by seward 4.2.0  , Sun Oct 26 13:06:06 2025
 
 
      Cartesian coordinates in Angstrom:
      -----------------------------------------------------
      No.  Label        X            Y            Z        
      -----------------------------------------------------
       1   H1         0.00000000   0.00000000   0.00000000
       2   H2         0.00000000   0.00000000   1.95757600
       3   H3         0.00000000   0.00000000   3.91515200
       4   H4         0.00000000   0.00000000   5.87272700
       5   H5         0.00000000   0.00000000   7.83030300
       6   H6         0.00000000   0.00000000   9.78787900
      -----------------------------------------------------
      Nuclear repulsion energy =    2.35180768
--
 
++    Orbital specifications:
      -----------------------
 
      Symmetry species               1
                                     a
      Frozen orbitals                0
      Occupied orbitals              3
      Secondary orbitals            27
      Deleted orbitals               0
      Total number of orbitals      30
      Number of basis functions     30
--
 
      Molecular charge                           0.000
 
++    Optimization specifications:
      ----------------------------
 
      SCF Algorithm: Conventional
      Minimized density differences are used
      Number of density matrices in core                5
      Maximum number of NDDO SCF iterations           400
      Maximum number of HF SCF iterations             400
      Threshold for SCF energy change            0.10E-08
      Threshold for density matrix               0.10E-03
      Threshold for Fock matrix                  0.15E-03
      Threshold for linear dependence            0.10E-08
      Threshold at which DIIS is turned on       0.15E+00
      Threshold at which QNR/C2DIIS is turned on 0.75E-01
      Threshold for Norm(delta) (QNR/C2DIIS)     0.20E-04
      DIIS extrapolation of the SCF procedure
      All orbitals punched on: SCFORB
--
 
      Input vectors read from INPORB
      Orbital file label: *Guess orbitals
 
 
++ Convergence information
                                   SCF        iterations: Energy and convergence statistics
 
Iter     Tot. SCF        One-elec.       Two-elec.     Energy      Max Dij or  Max Fij      DNorm      TNorm      AccCon     Time
         Energy          Energy          Energy        Change      Delta Norm                                                in Sec.
   1    -2.661630729    -7.916228876     2.902790466   0.00E+00    0.31E+00*   0.98E-01*    0.35E+01   0.69E+01   None         0.
   2    -2.781403954    -7.898695005     2.765483371  -0.12E+00*   0.96E-01*   0.18E-01*    0.11E+01   0.67E+01   EDIIS        0.
   3    -2.787385940    -7.856264962     2.717071341  -0.60E-02*   0.46E-01*   0.75E-02*    0.19E+00   0.67E+01   EDIIS        0.
   4    -2.788217869    -7.857089324     2.717063774  -0.83E-03*   0.23E-01*   0.47E-02*    0.88E-01   0.67E+01   c2DIIS       0.
   5    -2.788471070    -7.852257283     2.711978531  -0.25E-03*   0.52E-02*   0.15E-02*    0.12E-01   0.67E+01   QNRc2DIIS    0.
   6    -2.788495958    -7.854063101     2.713759463  -0.25E-04*   0.46E-02*   0.63E-03*    0.18E-02   0.67E+01   QNRc2DIIS    0.
   7    -2.788504404    -7.853675365     2.713363280  -0.84E-05*   0.59E-03*   0.12E-03     0.33E-03   0.67E+01   QNRc2DIIS    0.
   8    -2.788504565    -7.853439207     2.713126961  -0.16E-06*   0.17E-04    0.67E-05     0.99E-04   0.67E+01   QNRc2DIIS    0.
   9    -2.788504565    -7.853427464     2.713115218  -0.39E-09    0.53E-06    0.19E-06     0.83E-05   0.67E+01   QNRc2DIIS    0.
 
       Convergence after  9 Macro Iterations
--
 
 *****************************************************************************************************************************
 *                                                                                                                           *
 *                                             SCF/KS-DFT Program, Final results                                             *
 *                                                                                                                           *
 *                                                                                                                           *
 *                                                                                                                           *
 *                                                       Final Results                                                       *
 *                                                                                                                           *
 *****************************************************************************************************************************
 
::    Total SCF energy                                 -2.7885045650
      One-electron energy                              -7.8534274643
      Two-electron energy                               2.7131152183
      Nuclear repulsion energy                          2.3518076810
      Kinetic energy (interpolated)                     2.0625942142
      Virial theorem                                    1.3519404572
      Total spin, S(S+1)                                0.0000000000
      Total spin, S                                     0.0000000000
      Max non-diagonal density matrix element           0.0000005683
      Max non-diagonal Fock matrix element              0.0000000361
 
 
      All orbitals with orbital energies smaller than  E(LUMO)+0.5 are printed
 
++    Molecular orbitals:
      -------------------
 
      Title: SCF orbitals

      Molecular orbitals for symmetry species 1: a  
 
          Orbital            1         2         3         4         5         6         7         8    
          Energy           -0.4479   -0.4102   -0.3555   -0.1142   -0.0331    0.0463    0.3153    0.3501
          Occ. No.          2.0000    2.0000    2.0000    0.0000    0.0000    0.0000    0.0000    0.0000
 
        1 H1     1s         0.2157   -0.3843    0.3942   -0.5191    0.6111   -0.4009   -0.1512    0.1743
        2 H1     2s         0.0246   -0.0527    0.0701   -0.1825    0.2550   -0.1893    0.3182   -0.5411
        3 H1     2px        0.0000   -0.0000    0.0000   -0.0000    0.0000    0.0000    0.0000   -0.0000
        4 H1     2py        0.0000   -0.0000    0.0000    0.0000   -0.0000    0.0000    0.0000   -0.0000
        5 H1     2pz        0.0120   -0.0169    0.0121    0.0048   -0.0210    0.0292   -0.0397    0.0502
        6 H2     1s         0.3107   -0.4486    0.3170    0.2874   -0.7053    0.6770   -0.1964    0.1536
        7 H2     2s         0.0331   -0.0865    0.0993    0.0943   -0.2889    0.2845    0.2410   -0.2435
        8 H2     2px       -0.0000    0.0000    0.0000   -0.0000   -0.0000    0.0000    0.0000   -0.0000
        9 H2     2py        0.0000   -0.0000   -0.0000    0.0000   -0.0000    0.0000    0.0000   -0.0000
       10 H2     2pz       -0.0001    0.0106   -0.0195    0.0267   -0.0139   -0.0155    0.0103   -0.0397
       11 H3     1s         0.4149   -0.0938   -0.4489    0.5215    0.2528   -0.8438   -0.2178    0.0932
       12 H3     2s         0.0505    0.0056   -0.1167    0.1849    0.1079   -0.3494    0.2915   -0.1146
       13 H3     2px       -0.0000   -0.0000   -0.0000   -0.0000    0.0000   -0.0000   -0.0000   -0.0000
       14 H3     2py        0.0000   -0.0000    0.0000    0.0000   -0.0000    0.0000    0.0000    0.0000
       15 H3     2pz        0.0072    0.0106   -0.0160   -0.0217    0.0272    0.0127   -0.0113   -0.0241
       16 H4     1s         0.4149    0.0938   -0.4489   -0.5215    0.2528    0.8438   -0.2178   -0.0932
       17 H4     2s         0.0505   -0.0056   -0.1167   -0.1849    0.1079    0.3494    0.2915    0.1146
       18 H4     2px        0.0000   -0.0000   -0.0000    0.0000    0.0000    0.0000   -0.0000    0.0000
       19 H4     2py       -0.0000   -0.0000    0.0000   -0.0000    0.0000   -0.0000   -0.0000    0.0000
       20 H4     2pz       -0.0072    0.0106    0.0160   -0.0217   -0.0272    0.0127    0.0113   -0.0241
       21 H5     1s         0.3107    0.4486    0.3170   -0.2874   -0.7053   -0.6770   -0.1964   -0.1536
       22 H5     2s         0.0331    0.0865    0.0993   -0.0943   -0.2889   -0.2845    0.2410    0.2435
       23 H5     2px        0.0000   -0.0000   -0.0000    0.0000    0.0000    0.0000    0.0000   -0.0000
       24 H5     2py       -0.0000   -0.0000   -0.0000   -0.0000    0.0000   -0.0000    0.0000   -0.0000
       25 H5     2pz        0.0001    0.0106    0.0195    0.0267    0.0139   -0.0155   -0.0103   -0.0397
       26 H6     1s         0.2157    0.3843    0.3942    0.5191    0.6111    0.4009   -0.1512   -0.1743
       27 H6     2s         0.0246    0.0527    0.0701    0.1825    0.2550    0.1893    0.3182    0.5411
       28 H6     2px        0.0000    0.0000   -0.0000   -0.0000    0.0000    0.0000    0.0000    0.0000
       29 H6     2py        0.0000    0.0000   -0.0000    0.0000   -0.0000    0.0000    0.0000    0.0000
       30 H6     2pz       -0.0120   -0.0169   -0.0121    0.0048    0.0210    0.0292    0.0397    0.0502
--
 
 
++    Molecular charges:
      ------------------
 
      Mulliken charges per centre and basis function type
      ---------------------------------------------------
 
                H1      H2      H3      H4      H5      H6    
      1s       0.8868  0.9744  0.9439  0.9439  0.9744  0.8868
      2s       0.0540  0.0627  0.0459  0.0459  0.0627  0.0540
      2px      0.0000  0.0000  0.0000  0.0000  0.0000  0.0000
      2pz      0.0092  0.0120  0.0113  0.0113  0.0120  0.0092
      2py      0.0000  0.0000  0.0000  0.0000  0.0000  0.0000
      Total    0.9500  1.0490  1.0010  1.0010  1.0490  0.9500
 
      N-E      0.0500 -0.0490 -0.0010 -0.0010 -0.0490  0.0500
 
      Total electronic charge=    6.000000
 
      Total            charge=   -0.000000
--
 
 
  Input file to MOLDEN was generated!
 
 
++    Static properties:
      ------------------
 
 
      LoProp Charges per center
 

                   H1       H2       H3       H4       H5       H6    
      Nuclear      1.0000   1.0000   1.0000   1.0000   1.0000   1.0000
      Electronic  -0.9766  -1.0202  -1.0033  -1.0033  -1.0202  -0.9766
 
      Total        0.0234  -0.0202  -0.0033  -0.0033  -0.0202   0.0234
--
 
 
++    Natural Bond Order analysis
      ---------------------------
      Based on LoProp computed density
      -------------------------------------------------------------------------------------
      Atom A       Atom B       Bond Order
      -------------------------------------------------------------------------------------
      NBO located      0.953 non-bonded electrons on atom H1        
      NBO located      1.014 non-bonded electrons on atom H3        
      NBO located      1.014 non-bonded electrons on atom H4        
      NBO located      0.953 non-bonded electrons on atom H6        
      The remaining    2.066 electrons are to be considered as diffuse
--
 
 
++    Molecular properties:
      ---------------------
 
      Charge (e):
                      =   -0.0000
      Dipole Moment (Debye):
      Origin of the operator (Ang)=    0.0000    0.0000    0.0000
                   X= -8.0924E-14               Y= -6.1637E-14               Z=  5.3097E-12           Total=  5.3107E-12
      Quadrupole Moment (Debye*Ang):
      Origin of the operator (Ang)=    0.0000    0.0000    4.8939
                  XX= -1.2316E+01              XY= -2.9158E-28              XZ=  3.8065E-13              YY= -1.2316E+01
                  YZ=  2.9160E-13              ZZ= -1.6180E+00
      In traceless form (Debye*Ang)
                  XX= -5.3488E+00              XY= -4.3738E-28              XZ=  5.7098E-13              YY= -5.3488E+00
                  YZ=  4.3740E-13              ZZ=  1.0698E+01
--
 
 
  Input file to MOLDEN was generated!
 
 ###############################################################################
 ###############################################################################
 ###                                                                         ###
 ###                                                                         ###
 ###    RunFile label nBas                                                   ###
 ###    was used       78 times                                              ###
 ###                                                                         ###
 ###                                                                         ###
 ###############################################################################
 ###############################################################################
forrtl: warning (528): IEEE_UNDERFLOW is signaling
--- Stop Module: scf at Sun Oct 26 13:06:06 2025 /rc=_RC_ALL_IS_WELL_ ---
*** files: H6_1.96.LprOrb H6_1.96.LoProp.molden H6_1.96.scf.molden H6_1.96.ScfOrb H6_1.96.scf.h5 xmldump
    saved to directory ${LOCALHOME}/DDCASPT2/hydrogen_comps/rerun/H6_chain/H6_1.96

>>> COPY /tmp/H6_1.96/H6_1.96.scf.h5 ${LOCALHOME}/DDCASPT2/hydrogen_comps/rerun/H6_chain/H6_1.96/

*** symbolic link created: INPORB -> H6_1.96.ScfOrb
--- Start Module: rasscf at Sun Oct 26 13:06:06 2025 ---
 
()()()()()()()()()()()()()()()()()()()()()()()()()()()()()()()()()()()()()()()()()()()()()()()()()()

                                              &RASSCF

                                   only a single process is used
                       available to each process: 2.0 GB of memory, 1 thread?
()()()()()()()()()()()()()()()()()()()()()()()()()()()()()()()()()()()()()()()()()()()()()()()()()()
 
 
      Header of the ONEINT file:
      --------------------------
      
      Integrals generated by seward 4.2.0  , Sun Oct 26 13:06:06 2025
 
 
      OrdInt status: non-squared
 
 
      Cartesian coordinates in Angstrom:
      -----------------------------------------------------
      No.  Label        X            Y            Z        
      -----------------------------------------------------
       1   H1         0.00000000   0.00000000   0.00000000
       2   H2         0.00000000   0.00000000   1.95757600
       3   H3         0.00000000   0.00000000   3.91515200
       4   H4         0.00000000   0.00000000   5.87272700
       5   H5         0.00000000   0.00000000   7.83030300
       6   H6         0.00000000   0.00000000   9.78787900
      -----------------------------------------------------
      Nuclear repulsion energy =    2.35180768
 
++    Wave function specifications:
      -----------------------------
 
      Number of closed shell electrons           0
      Number of electrons in active shells       6
      Max number of holes in RAS1 space          0
      Max nr of electrons in RAS3 space          0
      Number of inactive orbitals                0
      Number of active orbitals                  6
      Number of secondary orbitals              24
      Spin quantum number                      0.0
      State symmetry                             1
--
 
++    Orbital specifications:
      -----------------------
 
      Symmetry species                           1
                                                 a
      Frozen orbitals                            0
      Inactive orbitals                          0
      Active orbitals                            6
      RAS1 orbitals                              0
      RAS2 orbitals                              6
      RAS3 orbitals                              0
      Secondary orbitals                        24
      Deleted orbitals                           0
      Number of basis functions                 30
--
 
++    CI expansion specifications:
      ----------------------------
 
      Number of CSFs                           175
      Number of determinants                   210
      Number of root(s) required                 1
      Root chosen for geometry opt.              1
      CI root used                               1
         
      highest root included in the CI            1
      max. size of the explicit Hamiltonian    175
--
 
++    Optimization specifications:
      ----------------------------
 
      RASSCF algorithm: Conventional
      Maximum number of macro iterations       200
      Maximum number of SX iterations          100
      Threshold for RASSCF energy            0.100E-07
      Threshold for max MO rotation          0.100E+00
      Threshold for max BLB element          0.100E-03
      Level shift parameter                  0.500E+00
      Make Quasi-Newton update
--
 
      The MO-coefficients are taken from the file:
      ${LOCALHOME}/DDCASPT2/hydrogen_comps/rerun/H6_chain/H6_0.60/H6_0.60.RasOrb                                                  
      Title: RASSCF average (pseudo-natural) orbitals                                      
 
      Total molecular charge    0.00
 
      ************************************************************************************************************************
      *                                                                                                                      *
      *                                            Wave function control section                                             *
      *                                                                                                                      *
      ************************************************************************************************************************
 
 
                                         RASSCF iterations: Energy and convergence statistics
                                         ----------------------------------------------------
 
      Iter CI   SX   CI       RASSCF       Energy    max ROT     max BLB   max BLB  Level Ln srch  Step   QN   Walltime
          iter iter root      energy       change     param      element    value   shift minimum  type update hh:mm:ss
 Nr of preliminary CI iterations:   1
        1   1   89    1    -2.09522950    0.00E+00   0.54E+00*   1   8 1 -0.42E+00*  0.32   0.00    SX    NO    0:00:00
        2   1   75    1    -2.71407385   -0.62E+00* -0.26E+00*   2  11 1  0.18E+00*  0.26   0.00    SX    NO    0:00:00
        3   1   49    1    -2.85744494   -0.14E+00* -0.11E+00*   2  11 1  0.10E+00*  0.13   0.00    SX    NO    0:00:00
        4   1   51    1    -2.89564730   -0.38E-01* -0.88E-01    2  11 1  0.35E-01*  0.09   0.00    SX    NO    0:00:00
        5   1   27    1    -2.91004032   -0.14E-01* -0.30E+00*   4   7 1  0.32E-01*  0.07   2.50    QN   YES    0:00:00
        6   1   34    1    -2.94381508   -0.34E-01* -0.97E-01    2  11 1 -0.50E-01*  0.09   1.04    QN   YES    0:00:00
        7   1   41    1    -2.95049664   -0.67E-02*  0.29E-01    2  11 1 -0.53E-01*  0.11   1.47    QN   YES    0:00:00
        8   1   24    1    -2.95754679   -0.71E-02* -0.24E-01    2  11 1 -0.30E-01*  0.12   1.29    QN   YES    0:00:00
        9   1   24    1    -2.95999940   -0.25E-02* -0.26E-01    2  11 1 -0.18E-01*  0.12   2.22    LS   YES    0:00:00
       10   1   25    1    -2.96106138   -0.11E-02* -0.18E-01    2   7 1  0.13E-01*  0.13   1.10    QN   YES    0:00:00
       11   1   24    1    -2.96203402   -0.97E-03* -0.13E-01    2  24 1  0.44E-02*  0.12   1.75    LS   YES    0:00:00
       12   1   24    1    -2.96225303   -0.22E-03*  0.15E-01    3   8 1  0.26E-02*  0.12   1.05    QN   YES    0:00:00
       13   1   23    1    -2.96233755   -0.85E-04*  0.36E-01    1  16 1  0.10E-02*  0.12   2.17    QN   YES    0:00:00
       14   1   23    1    -2.96244851   -0.11E-03*  0.54E-01    3  16 1 -0.18E-02*  0.12   1.98    QN   YES    0:00:00
       15   1   25    1    -2.96256136   -0.11E-03*  0.55E-01    3   8 1 -0.27E-02*  0.12   1.84    QN   YES    0:00:00
       16   1   24    1    -2.96265085   -0.89E-04*  0.33E-01    3   8 1 -0.23E-02*  0.12   1.68    QN   YES    0:00:00
       17   1   25    1    -2.96270495   -0.54E-04*  0.20E-01    3   8 1 -0.96E-03*  0.12   1.75    QN   YES    0:00:00
       18   1   25    1    -2.96275218   -0.47E-04* -0.53E-01    6  27 1  0.63E-03*  0.12   2.50    QN   YES    0:00:00
       19   1   27    1    -2.96290134   -0.15E-03* -0.21E+00*   3  16 1  0.41E-02*  0.12   2.50    QN   YES    0:00:00
       20   1   31    1    -2.96327995   -0.38E-03* -0.10E+00*   3  16 1  0.19E-01*  0.07   0.90    QN   YES    0:00:00
       21   1   90    1    -2.96365114   -0.37E-03* -0.20E+00*   3  16 1  0.29E-01*  0.02   1.65    QN   YES    0:00:00
       22   1  100    1    -2.96373734   -0.86E-04*  0.19E+00*   3   8 1  0.45E-01*  0.00   0.60    QN   YES    0:00:00
       23   1   96    1    -2.96187930    0.19E-02* -0.12E+00*   3  16 1  0.33E-01*  0.01  -0.50    SX   YES    0:00:00
       24   1   29    1    -2.97187779   -0.10E-01* -0.11E+00*   3  16 1  0.26E-01*  0.00   2.50    LS   YES    0:00:00
       25   1   66    1    -2.98469181   -0.13E-01* -0.99E-01    6   7 1  0.25E-01*  0.00   2.50    LS   YES    0:00:00
       26   1   70    1    -3.00041725   -0.16E-01* -0.23E+00*   6   7 1  0.37E-01*  0.00   2.50    QN   YES    0:00:00
       27   1  100    1    -2.96551526    0.35E-01*  0.12E+00*   3   8 1  0.47E-01*  0.00  -0.46    LS   YES    0:00:00
       28   1  100    1    -2.98461886   -0.19E-01* -0.23E+00*   3  16 1  0.31E-01*  0.00   2.50    QN   YES    0:00:00
       29   1  100    1    -3.00374321   -0.19E-01*  0.59E-01    6   7 1  0.38E-01*  0.00   0.85    QN   YES    0:00:00
       30   1   76    1    -3.00042860    0.33E-02* -0.85E-01    3  27 1 -0.52E-01*  0.00   0.36    SX   YES    0:00:00
       31   1   36    1    -3.02289752   -0.22E-01* -0.20E+00*   6   7 1  0.41E-01*  0.00   2.50    QN   YES    0:00:00
       32   1   24    1    -3.03336255   -0.10E-01*  0.12E+00*   6  16 1 -0.40E-01*  0.00   0.66    QN   YES    0:00:00
       33   1  100    1    -3.00710729    0.26E-01* -0.73E-01    6  16 1 -0.44E-01*  0.00  -0.28    LS   YES    0:00:00
       34   1   89    1    -3.02532548   -0.18E-01*  0.10E+00*   6  16 1 -0.47E-01*  0.00   2.18    SX   YES    0:00:00
       35   1   26    1    -3.04618310   -0.21E-01*  0.73E-01    6  16 1 -0.18E-01*  0.00   1.42    QN   YES    0:00:00
       36   1   86    1    -3.04398349    0.22E-02* -0.26E-01    6   7 1 -0.28E-01*  0.00   0.42    LS   YES    0:00:00
       37   1   31    1    -3.04758831   -0.36E-02* -0.20E-01    6   7 1 -0.16E-01*  0.00   1.60    QN   YES    0:00:00
       38   1   16    1    -3.04924020   -0.17E-02*  0.10E-01    6  16 1  0.24E-02*  0.00   0.95    QN   YES    0:00:00
       39   1   16    1    -3.04925851   -0.18E-04* -0.45E-02    4   7 1  0.25E-02*  0.00   0.54    LS   YES    0:00:00
       40   1   15    1    -3.04930027   -0.42E-04* -0.24E-02    3  24 1 -0.15E-02*  0.00   1.02    QN   YES    0:00:00
       41   1   15    1    -3.04930914   -0.89E-05*  0.75E-03    6  27 1 -0.16E-02*  0.00   0.79    QN   YES    0:00:00
       42   1   15    1    -3.04930990   -0.77E-06*  0.11E-03    6   8 1  0.15E-02*  0.00   0.87    QN   YES    0:00:00
       43   1   15    1    -3.04930969    0.22E-06*  0.21E-02    6   8 1  0.14E-02*  0.00  -0.50    SX   YES    0:00:00
       44   1   14    1    -3.04933250   -0.23E-04*  0.13E-02    6  27 1 -0.58E-03*  0.00   1.64    LS   YES    0:00:00
       45   1   13    1    -3.04933658   -0.41E-05*  0.37E-03    3  24 1  0.47E-03*  0.00   1.01    QN   YES    0:00:00
       46   1   11    1    -3.04933735   -0.77E-06*  0.59E-04    1  24 1 -0.51E-04   0.00   1.09    QN   YES    0:00:00
       47   1    8    1    -3.04933737   -0.16E-07*  0.85E-05    2   7 1 -0.75E-05   0.00   1.01    QN   YES    0:00:00
       48   1    6    1    -3.04933737   -0.45E-09  -0.19E-05    1  24 1  0.14E-05   0.00   0.99    QN   YES    0:00:00
      Convergence after 48 iterations
 
  Dmat in MO in SXCTL bf call to SXHAM                                                                                    
  mat. size =     6x    6
 
        1.3289512317043348
       -0.0160577067739868      1.5769772149648431
       -0.0377870450279693      0.0074278425600919      1.4024494623411365
        0.0366872516518799      0.0408768111993353     -0.0165721214165469      0.5175482613847250
        0.2331194168825358     -0.0255851262710027      0.1278762016067074      0.0585100241372135      0.4949226238318807
        0.4920059506114556      0.0428450671267050     -0.1112411369131827     -0.0981081606849091      0.1192763183667528
        0.6791512057730812
       49   1    6    1    -3.04933737   -0.25E-10  -0.19E-05    2  11 1  0.29E-06   0.00   0.99    QN   YES    0:00:00
 
      ************************************************************************************************************************
                                                      Wave function printout:
                       occupation of active orbitals, and spin coupling of open shells (u,d: Spin up or down)
      ************************************************************************************************************************
 
      Note: transformation to natural orbitals
      has been made, which may change the order of the CSFs.
 
      printout of CI-coefficients larger than  0.05 for root  1
      energy=      -3.049337
      conf/sym  111111     Coeff  Weight
             1  222000   0.67097 0.45020
            11  220200  -0.30356 0.09215
            13  220020  -0.07609 0.00579
            16  220002  -0.05361 0.00287
            18  2udud0  -0.29464 0.08681
            21  2ud0ud  -0.09123 0.00832
            25  u2d020  -0.10217 0.01044
            26  u2du0d  -0.26909 0.07241
            29  202200  -0.08508 0.00724
            31  202020  -0.17778 0.03161
            32  202u0d  -0.10255 0.01052
            34  202002  -0.05912 0.00350
            36  ud2ud0  -0.10240 0.01049
            39  ud20ud  -0.18839 0.03549
            41  022200  -0.06674 0.00445
            43  022020  -0.06622 0.00439
            44  022u0d   0.05033 0.00253
            46  022002  -0.13051 0.01703
            47  2uudd0   0.08674 0.00752
            51  u2ud0d   0.09221 0.00850
           120  200220   0.13872 0.01924
           127  ud02ud   0.13709 0.01879
           134  020u2d   0.05139 0.00264
           135  020202   0.09518 0.00906
           140  u0du2d   0.12575 0.01581
           141  u0d202   0.05125 0.00263
           148  0udud2   0.09902 0.00981
           155  002022   0.06466 0.00418
           175  000222  -0.07797 0.00608
 
      Natural orbitals and occupation numbers for root  1
      sym 1:   1.665657   1.580555   1.416922   0.594588   0.418589   0.323689
 
      ************************************************************************************************************************
      *                                                                                                                      *
      *                                                    Final results                                                     *
      *                                                                                                                      *
      ************************************************************************************************************************
 
 
++    Wave function specifications:
      -----------------------------
 
      Number of closed shell electrons           0
      Number of electrons in active shells       6
      Max number of holes in RAS1 space          0
      Max nr of electrons in RAS3 space          0
      Number of inactive orbitals                0
      Number of active orbitals                  6
      Number of secondary orbitals              24
      Spin quantum number                      0.0
      State symmetry                             1
--
 
++    Orbital specifications:
      -----------------------
 
      Symmetry species                           1
                                                 a
      Frozen orbitals                            0
      Inactive orbitals                          0
      Active orbitals                            6
      RAS1 orbitals                              0
      RAS2 orbitals                              6
      RAS3 orbitals                              0
      Secondary orbitals                        24
      Deleted orbitals                           0
      Number of basis functions                 30
--
 
++    CI expansion specifications:
      ----------------------------
 
      Number of CSFs                           175
      Number of determinants                   210
      Number of root(s) required                 1
      CI root used                               1
      highest root included in the CI            1
      Root passed to geometry opt.               1
--
 
++    Final optimization conditions:
      ------------------------------
 
      Average CI energy                              -3.04933737
      RASSCF energy for state  1                     -3.04933737
      Super-CI energy                                -0.00000000
      RASSCF energy change                           -0.00000000
      Max change in MO coefficients              -0.414E-05
      Max non-diagonal density matrix element    -0.185E-05
      Maximum BLB matrix element                  0.286E-06
      (orbital pair   2,  11 in symmetry   1)
      Norm of electronic gradient            0.886E-06
--
 
 
      Final state energy(ies):
      ------------------------
 
::    RASSCF root number  1 Total energy:     -3.04933737
 
++    Molecular orbitals:
      -------------------
 
      Pseudonatural active orbitals and approximate occupation numbers
 
 
 
 
      Molecular orbitals for symmetry species 1: a  
 
 
      Orbital                1         2         3         4         5         6         7         8         9        10
      Energy            0.0000    0.0000    0.0000    0.0000    0.0000    0.0000    0.3229    0.3567    0.4306    0.5636
      Occ. No.          1.6657    1.5806    1.4169    0.5946    0.4186    0.3237    0.0000    0.0000    0.0000    0.0000
 
    1 H1     1s         0.2380   -0.4098    0.4065   -0.4904   -0.5631   -0.3621   -0.1032   -0.0782    0.0932    0.3064
    2 H1     2s         0.0137   -0.0282    0.0344   -0.0511   -0.0631   -0.0447    0.3306    0.5735    0.7057    0.7164
    3 H1     2px       -0.0000   -0.0000   -0.0000   -0.0000   -0.0000   -0.0000    0.0000   -0.0000    0.0000   -0.0000
    4 H1     2py       -0.0000   -0.0000   -0.0000   -0.0000   -0.0000   -0.0000    0.0000   -0.0000    0.0000   -0.0000
    5 H1     2pz        0.0051   -0.0065    0.0041   -0.0027   -0.0046   -0.0041   -0.0370   -0.0503   -0.0440   -0.0575
    6 H2     1s         0.3311   -0.4529    0.3010    0.2770    0.6327    0.5708   -0.2019   -0.2048   -0.0860   -0.1560
    7 H2     2s         0.0173   -0.0466    0.0586    0.0169    0.0977    0.1080    0.2304    0.2086   -0.1592   -0.7720
    8 H2     2px       -0.0000   -0.0000   -0.0000   -0.0000    0.0000   -0.0000    0.0000   -0.0000    0.0000   -0.0000
    9 H2     2py       -0.0000    0.0000   -0.0000   -0.0000    0.0000   -0.0000    0.0000   -0.0000    0.0000   -0.0000
   10 H2     2pz        0.0024    0.0035   -0.0094    0.0051   -0.0001   -0.0016    0.0060    0.0375    0.0668    0.0380
   11 H3     1s         0.4179   -0.1019   -0.4644    0.5245   -0.2122   -0.7100   -0.1874   -0.0250    0.1255   -0.0232
   12 H3     2s         0.0241    0.0062   -0.0672    0.0700   -0.0500   -0.1341    0.2981    0.1356   -0.4118   -0.4762
   13 H3     2px        0.0000    0.0000   -0.0000    0.0000   -0.0000   -0.0000   -0.0000   -0.0000   -0.0000   -0.0000
   14 H3     2py        0.0000    0.0000    0.0000    0.0000   -0.0000   -0.0000   -0.0000    0.0000    0.0000    0.0000
   15 H3     2pz        0.0009    0.0068   -0.0066   -0.0026   -0.0029   -0.0035   -0.0066    0.0234    0.0148   -0.0258
   16 H4     1s         0.4179    0.1019   -0.4644   -0.5245   -0.2122    0.7100   -0.1874    0.0250    0.1255    0.0232
   17 H4     2s         0.0241   -0.0062   -0.0672   -0.0700   -0.0500    0.1341    0.2981   -0.1356   -0.4118    0.4762
   18 H4     2px        0.0000   -0.0000    0.0000   -0.0000   -0.0000   -0.0000   -0.0000   -0.0000   -0.0000   -0.0000
   19 H4     2py       -0.0000    0.0000   -0.0000    0.0000    0.0000   -0.0000    0.0000    0.0000    0.0000    0.0000
   20 H4     2pz       -0.0009    0.0068    0.0066   -0.0026    0.0029   -0.0035    0.0066    0.0234   -0.0148   -0.0258
   21 H5     1s         0.3311    0.4529    0.3010   -0.2770    0.6327   -0.5708   -0.2019    0.2048   -0.0860    0.1560
   22 H5     2s         0.0173    0.0466    0.0586   -0.0169    0.0977   -0.1080    0.2304   -0.2086   -0.1592    0.7720
   23 H5     2px       -0.0000    0.0000   -0.0000   -0.0000   -0.0000   -0.0000   -0.0000   -0.0000   -0.0000   -0.0000
   24 H5     2py        0.0000    0.0000    0.0000   -0.0000   -0.0000    0.0000   -0.0000    0.0000   -0.0000   -0.0000
   25 H5     2pz       -0.0024    0.0035    0.0094    0.0051    0.0001   -0.0016   -0.0060    0.0375   -0.0668    0.0380
   26 H6     1s         0.2380    0.4098    0.4065    0.4904   -0.5631    0.3621   -0.1032    0.0782    0.0932   -0.3064
   27 H6     2s         0.0137    0.0282    0.0344    0.0511   -0.0631    0.0447    0.3306   -0.5735    0.7057   -0.7164
   28 H6     2px        0.0000   -0.0000    0.0000   -0.0000    0.0000   -0.0000   -0.0000   -0.0000    0.0000   -0.0000
   29 H6     2py       -0.0000   -0.0000   -0.0000    0.0000   -0.0000    0.0000    0.0000   -0.0000    0.0000    0.0000
   30 H6     2pz       -0.0051   -0.0065   -0.0041   -0.0027    0.0046   -0.0041    0.0370   -0.0503    0.0440   -0.0575
 
 
      Orbital               11        12        13        14        15        16        17        18        19        20
      Energy            0.7304    0.7513    0.7551    0.7551    0.7960    0.8100    0.8100    0.8962    0.8962    1.0066
      Occ. No.          0.0000    0.0000    0.0000    0.0000    0.0000    0.0000    0.0000    0.0000    0.0000    0.0000
 
    1 H1     1s         0.1903    0.3411    0.0000    0.0000    0.2033   -0.0000    0.0000   -0.0000   -0.0000   -0.0000
    2 H1     2s         0.3824    0.3302    0.0000    0.0000    0.0627   -0.0000    0.0000    0.0000    0.0000   -0.0000
    3 H1     2px       -0.0000   -0.0000    0.2018   -0.0517    0.0000   -0.3892   -0.0116    0.5078   -0.0091   -0.5017
    4 H1     2py       -0.0000   -0.0000    0.0517    0.2018    0.0000    0.0116   -0.3892    0.0091    0.5078    0.1901
    5 H1     2pz        0.0670   -0.3212   -0.0000   -0.0000   -0.3660    0.0000    0.0000    0.0000    0.0000    0.0000
    6 H2     1s        -0.2592   -0.3276   -0.0000   -0.0000   -0.2037   -0.0000    0.0000    0.0000    0.0000   -0.0000
    7 H2     2s        -0.7950   -0.8391   -0.0000   -0.0000   -0.4298    0.0000   -0.0000    0.0000   -0.0000    0.0000
    8 H2     2px       -0.0000   -0.0000    0.3630   -0.0930    0.0000   -0.4836   -0.0144    0.2273   -0.0041    0.2255
    9 H2     2py       -0.0000   -0.0000    0.0930    0.3630    0.0000    0.0144   -0.4836    0.0041    0.2273   -0.0855
   10 H2     2pz       -0.2294    0.2754    0.0000    0.0000    0.3465    0.0000   -0.0000   -0.0000   -0.0000    0.0000
   11 H3     1s         0.1258    0.1537    0.0000    0.0000    0.2710    0.0000    0.0000   -0.0000    0.0000    0.0000
   12 H3     2s         0.4387    0.4821    0.0000    0.0000    0.7288   -0.0000   -0.0000   -0.0000   -0.0000   -0.0000
   13 H3     2px       -0.0000   -0.0000    0.4550   -0.1166    0.0000   -0.2145   -0.0064   -0.4078    0.0073    0.4050
   14 H3     2py       -0.0000   -0.0000    0.1166    0.4550    0.0000    0.0064   -0.2145   -0.0073   -0.4078   -0.1535
   15 H3     2pz        0.3589   -0.2000   -0.0000   -0.0000   -0.1446   -0.0000    0.0000   -0.0000    0.0000   -0.0000
   16 H4     1s         0.1258    0.1537    0.0000    0.0000   -0.2710    0.0000    0.0000   -0.0000   -0.0000    0.0000
   17 H4     2s         0.4387    0.4821    0.0000    0.0000   -0.7288   -0.0000    0.0000    0.0000    0.0000   -0.0000
   18 H4     2px       -0.0000   -0.0000    0.4550   -0.1166   -0.0000    0.2145    0.0064   -0.4078    0.0073   -0.4050
   19 H4     2py       -0.0000   -0.0000    0.1166    0.4550    0.0000   -0.0064    0.2145   -0.0073   -0.4078    0.1535
   20 H4     2pz       -0.3589    0.2000    0.0000    0.0000   -0.1446    0.0000    0.0000    0.0000    0.0000    0.0000
   21 H5     1s        -0.2592   -0.3276   -0.0000   -0.0000    0.2037    0.0000   -0.0000   -0.0000    0.0000   -0.0000
   22 H5     2s        -0.7950   -0.8391   -0.0000   -0.0000    0.4298    0.0000   -0.0000    0.0000   -0.0000    0.0000
   23 H5     2px       -0.0000   -0.0000    0.3630   -0.0930   -0.0000    0.4836    0.0144    0.2273   -0.0041   -0.2255
   24 H5     2py       -0.0000   -0.0000    0.0930    0.3630    0.0000   -0.0144    0.4836    0.0041    0.2273    0.0855
   25 H5     2pz        0.2294   -0.2754   -0.0000   -0.0000    0.3465    0.0000   -0.0000   -0.0000   -0.0000    0.0000
   26 H6     1s         0.1903    0.3411    0.0000    0.0000   -0.2033   -0.0000   -0.0000    0.0000    0.0000   -0.0000
   27 H6     2s         0.3824    0.3302    0.0000    0.0000   -0.0627   -0.0000    0.0000   -0.0000    0.0000   -0.0000
   28 H6     2px        0.0000   -0.0000    0.2018   -0.0517   -0.0000    0.3892    0.0116    0.5078   -0.0091    0.5017
   29 H6     2py       -0.0000   -0.0000    0.0517    0.2018    0.0000   -0.0116    0.3892    0.0091    0.5078   -0.1901
   30 H6     2pz       -0.0670    0.3212    0.0000    0.0000   -0.3661   -0.0000    0.0000    0.0000    0.0000   -0.0000
 
 
      Orbital               21        22        23        24        25        26        27        28        29        30
      Energy            1.0066    1.1194    1.1194    1.2070    1.2070    1.2633    1.3118    1.4074    1.6304    1.8452
      Occ. No.          0.0000    0.0000    0.0000    0.0000    0.0000    0.0000    0.0000    0.0000    0.0000    0.0000
 
    1 H1     1s        -0.0000    0.0000    0.0000   -0.0000    0.0000    0.3534   -0.3034   -0.3342   -0.2629    0.1676
    2 H1     2s        -0.0000   -0.0000   -0.0000   -0.0000   -0.0000    0.5544   -0.4325   -0.4290   -0.2252    0.1051
    3 H1     2px       -0.1901   -0.2335    0.3904   -0.2565   -0.0558    0.0000   -0.0000    0.0000    0.0000   -0.0000
    4 H1     2py       -0.5017    0.3904    0.2335    0.0558   -0.2565    0.0000    0.0000   -0.0000    0.0000   -0.0000
    5 H1     2pz       -0.0000   -0.0000   -0.0000    0.0000    0.0000    0.5256   -0.1848   -0.6277   -0.5231    0.3072
    6 H2     1s        -0.0000   -0.0000   -0.0000   -0.0000   -0.0000   -0.7978    0.9095    0.5443    0.1104    0.0537
    7 H2     2s         0.0000   -0.0000    0.0000    0.0000    0.0000   -1.0510    1.3487    0.5687    0.1236   -0.0346
    8 H2     2px        0.0855    0.2923   -0.4886    0.4636    0.1008   -0.0000   -0.0000   -0.0000   -0.0000    0.0000
    9 H2     2py        0.2255   -0.4886   -0.2923   -0.1008    0.4636   -0.0000   -0.0000   -0.0000   -0.0000   -0.0000
   10 H2     2pz        0.0000   -0.0000    0.0000   -0.0000   -0.0000   -0.1570    0.3712   -0.3299   -0.7509    0.6224
   11 H3     1s        -0.0000   -0.0000   -0.0000    0.0000   -0.0000    0.4356   -1.4739   -0.0149    0.2012    0.0564
   12 H3     2s        -0.0000    0.0000    0.0000    0.0000   -0.0000    0.5592   -2.1271   -0.1777    0.0520    0.0442
   13 H3     2px        0.1535   -0.1295    0.2164   -0.5777   -0.1257    0.0000   -0.0000   -0.0000    0.0000   -0.0000
   14 H3     2py        0.4050    0.2164    0.1295    0.1257   -0.5777    0.0000   -0.0000   -0.0000    0.0000    0.0000
   15 H3     2pz        0.0000    0.0000    0.0000    0.0000   -0.0000   -0.5364   -0.2010    0.5086   -0.3211    0.7855
   16 H4     1s         0.0000   -0.0000    0.0000    0.0000    0.0000    0.4355    1.4739    0.0149    0.2012   -0.0564
   17 H4     2s         0.0000   -0.0000   -0.0000   -0.0000    0.0000    0.5592    2.1271    0.1777    0.0520   -0.0442
   18 H4     2px       -0.1535   -0.1295    0.2164    0.5777    0.1257   -0.0000   -0.0000   -0.0000    0.0000   -0.0000
   19 H4     2py       -0.4050    0.2164    0.1295   -0.1257    0.5777   -0.0000   -0.0000   -0.0000   -0.0000    0.0000
   20 H4     2pz       -0.0000   -0.0000    0.0000    0.0000    0.0000    0.5364   -0.2010    0.5086    0.3211    0.7855
   21 H5     1s        -0.0000    0.0000    0.0000   -0.0000   -0.0000   -0.7978   -0.9095   -0.5443    0.1104   -0.0537
   22 H5     2s        -0.0000   -0.0000   -0.0000    0.0000   -0.0000   -1.0510   -1.3487   -0.5687    0.1236    0.0346
   23 H5     2px       -0.0855    0.2923   -0.4886   -0.4636   -0.1008    0.0000    0.0000    0.0000    0.0000    0.0000
   24 H5     2py       -0.2255   -0.4886   -0.2923    0.1008   -0.4636    0.0000    0.0000    0.0000    0.0000   -0.0000
   25 H5     2pz        0.0000   -0.0000    0.0000   -0.0000    0.0000    0.1570    0.3712   -0.3299    0.7509    0.6224
   26 H6     1s        -0.0000   -0.0000   -0.0000   -0.0000    0.0000    0.3534    0.3034    0.3342   -0.2629   -0.1676
   27 H6     2s         0.0000    0.0000    0.0000   -0.0000    0.0000    0.5544    0.4325    0.4290   -0.2252   -0.1051
   28 H6     2px        0.1901   -0.2335    0.3904    0.2565    0.0558   -0.0000   -0.0000   -0.0000   -0.0000   -0.0000
   29 H6     2py        0.5017    0.3904    0.2335   -0.0558    0.2565   -0.0000   -0.0000   -0.0000    0.0000    0.0000
   30 H6     2pz       -0.0000   -0.0000   -0.0000    0.0000   -0.0000   -0.5256   -0.1848   -0.6277    0.5231    0.3072
--
 
      Von Neumann Entropy (Root  1) =  2.25816
 

      Mulliken population analysis for root number:  1
      -----------------------------------------------
 
 
++    Molecular charges:
      ------------------
 
      Mulliken charges per centre and basis function type
      ---------------------------------------------------
 
                H1      H2      H3      H4      H5      H6    
      1s       0.9786  1.0036  1.0003  1.0003  1.0036  0.9786
      2s       0.0087  0.0028 -0.0049 -0.0049  0.0028  0.0087
      2px      0.0000  0.0000  0.0000  0.0000  0.0000  0.0000
      2pz      0.0019  0.0047  0.0042  0.0042  0.0047  0.0019
      2py      0.0000  0.0000  0.0000  0.0000  0.0000  0.0000
      Total    0.9892  1.0111  0.9997  0.9997  1.0111  0.9892
 
      N-E      0.0108 -0.0111  0.0003  0.0003 -0.0111  0.0108
 
      Total electronic charge=    6.000000
 
      Total            charge=   -0.000000
--
 
 

      Expectation values of various properties for root number:  1
      -----------------------------------------------------------
 
 
++    Molecular properties:
      ---------------------
 
      Charge (e):
                      =   -0.0000
      Dipole Moment (Debye):
      Origin of the operator (Ang)=    0.0000    0.0000    0.0000
                   X=  5.4278E-10               Y=  8.4972E-10               Z= -4.2843E-06           Total=  4.2843E-06
      Quadrupole Moment (Debye*Ang):
      Origin of the operator (Ang)=    0.0000    0.0000    4.8939
                  XX= -9.2370E+00              XY= -1.4049E-19              XZ= -9.5592E-09              YY= -9.2370E+00
                  YZ=  8.9654E-09              ZZ= -6.8040E+00
      In traceless form (Debye*Ang)
                  XX= -1.2165E+00              XY= -2.1073E-19              XZ= -1.4339E-08              YY= -1.2165E+00
                  YZ=  1.3448E-08              ZZ=  2.4330E+00
--
 

      LoProp population analysis for root number:  1
      -----------------------------------------------
 
 
++    LoProp analysis:
      ----------------
 
 
 
  Input file to MOLDEN was generated!
 
 
++    Static properties:
      ------------------
 
 
      LoProp Charges per center
 

                   H1       H2       H3       H4       H5       H6    
      Nuclear      1.0000   1.0000   1.0000   1.0000   1.0000   1.0000
      Electronic  -0.9998  -1.0002  -1.0000  -1.0000  -1.0002  -0.9998
 
      Total        0.0002  -0.0002   0.0000   0.0000  -0.0002   0.0002
--
 
 
      Natural Bond Order analysis for root number:  1
 
++    Natural Bond Order analysis
      ---------------------------
      Based on LoProp computed density
      -------------------------------------------------------------------------------------
      Atom A       Atom B       Bond Order
      -------------------------------------------------------------------------------------
      NBO located      0.994 non-bonded electrons on atom H1        
      NBO located      1.018 non-bonded electrons on atom H3        
      NBO located      1.018 non-bonded electrons on atom H4        
      NBO located      0.994 non-bonded electrons on atom H6        
      The remaining    1.976 electrons are to be considered as diffuse
--
 
--
 
 
  Input file to MOLDEN was generated!
 
      Average orbitals are written to the RASORB file
      Natural orbitals for root   1 are written to the RASORB.1 file
      Spin density orbitals for root   1 are written to the SPDORB.1 file
 
 ###############################################################################
 ###############################################################################
 ###                                                                         ###
 ###                                                                         ###
 ###    RunFile label BirthCertificate                                       ###
 ###    was used       54 times                                              ###
 ###                                                                         ###
 ###                                                                         ###
 ###############################################################################
 ###############################################################################
forrtl: warning (525): IEEE_DIVIDE_BY_ZERO is signaling
forrtl: warning (526): IEEE_INVALID is signaling
forrtl: warning (528): IEEE_UNDERFLOW is signaling
--- Stop Module: rasscf at Sun Oct 26 13:06:09 2025 /rc=_RC_ALL_IS_WELL_ ---
*** files: H6_1.96.LprOrb H6_1.96.rasscf.molden H6_1.96.LoProp.molden H6_1.96.RasOrb.1 H6_1.96.RasOrb H6_1.96.rasscf.h5 H6_1.96.SpdOrb.1 xmldump
    saved to directory ${LOCALHOME}/DDCASPT2/hydrogen_comps/rerun/H6_chain/H6_1.96
--- Module rasscf spent 2 seconds ---

>>> COPY /tmp/H6_1.96/H6_1.96.rasscf.h5 ${LOCALHOME}/DDCASPT2/hydrogen_comps/rerun/H6_chain/H6_1.96/

>>> COPY /tmp/H6_1.96/DDCASPT2_Fock_MO.csv ${LOCALHOME}/DDCASPT2/hydrogen_comps/rerun/H6_chain/H6_1.96/H6_1.96.DDCASPT2_Fock_MO.csv

*** symbolic link created: INPORB -> H6_1.96.RasOrb
--- Start Module: motra at Sun Oct 26 13:06:09 2025 ---
 
()()()()()()()()()()()()()()()()()()()()()()()()()()()()()()()()()()()()()()()()()()()()()()()()()()

                                               &MOTRA

                                   only a single process is used
                       available to each process: 2.0 GB of memory, 1 thread?
()()()()()()()()()()()()()()()()()()()()()()()()()()()()()()()()()()()()()()()()()()()()()()()()()()
 
 
      *** WARNING: Default frozen orbitals is overwritten by user input.
      *** Default values:   0
 
      Header of the integral files:
      
       Integrals generated by seward 4.2.0  , Sun Oct 26 13:06:06 2025
 
 
      Header of MO coefficients source file:
      * RASSCF average (pseudo-natural) orbitals                                      
 
 
      Cartesian coordinates in Angstrom:
      -----------------------------------------------------
      No.  Label        X            Y            Z        
      -----------------------------------------------------
       1   H1         0.00000000   0.00000000   0.00000000
       2   H2         0.00000000   0.00000000   1.95757600
       3   H3         0.00000000   0.00000000   3.91515200
       4   H4         0.00000000   0.00000000   5.87272700
       5   H5         0.00000000   0.00000000   7.83030300
       6   H6         0.00000000   0.00000000   9.78787900
      -----------------------------------------------------
      Nuclear repulsion energy =    2.35180768
 
      Orbital specifications:
      -----------------------
 
      Symmetry species:              1
      Number of basis functions:    30
      Frozen orbitals:               0
      Deleted orbitals:              0
      Number of orbitals used:      30

       SYMMETRY  BASIS FUNCTIONS       ORBITALS      INTEGRALS   CPU(SEC)  I/O(SEC)
        1 1 1 1   30  30  30  30    30  30  30  30      108345       0.00      0.00

       TOTAL CPU TIME(SEC)    0.05TOTAL I/O TIME(SEC)    0.16
 
--- Stop Module: motra at Sun Oct 26 13:06:09 2025 /rc=_RC_ALL_IS_WELL_ ---
*** files: xmldump
    saved to directory ${LOCALHOME}/DDCASPT2/hydrogen_comps/rerun/H6_chain/H6_1.96

>>> COPY /tmp/H6_1.96/DDCASPT2_one_int_indx.csv ${LOCALHOME}/DDCASPT2/hydrogen_comps/rerun/H6_chain/H6_1.96/H6_1.96.DDCASPT2_one_int_indx.csv

>>> COPY /tmp/H6_1.96/DDCASPT2_one_int.csv ${LOCALHOME}/DDCASPT2/hydrogen_comps/rerun/H6_chain/H6_1.96/H6_1.96.DDCASPT2_one_int.csv

>>> COPY /tmp/H6_1.96/DDCASPT2_two_int_indx.csv ${LOCALHOME}/DDCASPT2/hydrogen_comps/rerun/H6_chain/H6_1.96/H6_1.96.DDCASPT2_two_int_indx.csv

>>> COPY /tmp/H6_1.96/DDCASPT2_two_int.csv ${LOCALHOME}/DDCASPT2/hydrogen_comps/rerun/H6_chain/H6_1.96/H6_1.96.DDCASPT2_two_int.csv

*** symbolic link created: INPORB -> H6_1.96.RasOrb
--- Start Module: caspt2 at Sun Oct 26 13:06:10 2025 ---
 
()()()()()()()()()()()()()()()()()()()()()()()()()()()()()()()()()()()()()()()()()()()()()()()()()()

                                              &CASPT2

                                   only a single process is used
                       available to each process: 2.0 GB of memory, 1 thread?
()()()()()()()()()()()()()()()()()()()()()()()()()()()()()()()()()()()()()()()()()()()()()()()()()()
 
 Cholesky algorithm in CASPT2 =    1
 
 ###############################################################################
 ###############################################################################
 ###                                                                         ###
 ###                                                                         ###
 ###    User changed nr of frozen orbitals.                                  ###
 ###                                                                         ###
 ###                                                                         ###
 ###############################################################################
 ###############################################################################
 
++    Wave function specifications:
      -----------------------------
 
      Number of closed shell electrons           0
      Number of electrons in active shells       6
      Max number of holes in RAS1 space          0
      Max number of electrons in RAS3 space      0
      Number of inactive orbitals                0
      Number of active orbitals                  6
      Number of secondary orbitals              24
      Spin quantum number                      0.0
      State symmetry                             1
      Number of CSFs                           175
      Number of root(s) available                1
      Root passed to geometry opt.               1
      A file JOBMIX will be created.
      This is a CASSCF or RASSCF reference function
--
 
++    Orbital specifications:
      -----------------------
 
      Symmetry species                           1
                                                 a
      Frozen orbitals                            0
      Inactive orbitals                          0
      Active orbitals                            6
      Secondary orbitals                        24
      Deleted orbitals                           0
      Number of basis functions                 30
--
 
      Type of Fock operator: STANDARD
      Type of 0-order Hamiltonian: STANDARD WITH DEFAULT IPEA
        "IP-EA" denominator shift =      0.25
      The input orbitals and the CI vector will be transformed.
 
--------------------------------------------------------------------------------
 Estimated memory requirements:
  POLY3 :                   262414
  RHS:                      285604
  SIGMA :                   275200
  PRPCTL:                        0
 Available workspace:    230396124
 
++ CASPT2 computation for group   1
 
********************************************************************************
 Multi-State initialization phase begins for group   1
--------------------------------------------------------------------------------
********************************************************************************
 Compute H0 matrices for state    1
--------------------------------------------------------------------------------
--------------------------------------------------------------------------------
 H0 matrices have been computed.
 
********************************************************************************
  CASPT2 EQUATION SOLUTION
--------------------------------------------------------------------------------
 
  Total nr of CASPT2 parameters:
   Before reduction:       15624
   After  reduction:       15192
 
 The contributions to the second order correlation energy in atomic units.
-----------------------------------------------------------------------------------------------------------------------------
  IT.      VJTU        VJTI        ATVX        AIVX        VJAI        BVAT        BJAT        BJAI        TOTAL       RNORM  
-----------------------------------------------------------------------------------------------------------------------------
   1     0.000000    0.000000   -0.002893    0.000000    0.000000   -0.007471    0.000000    0.000000   -0.010364    0.000927
   2     0.000000    0.000000   -0.002923    0.000000    0.000000   -0.007482    0.000000    0.000000   -0.010405    0.000088
   3     0.000000    0.000000   -0.002924    0.000000    0.000000   -0.007482    0.000000    0.000000   -0.010405    0.000014
   4     0.000000    0.000000   -0.002923    0.000000    0.000000   -0.007482    0.000000    0.000000   -0.010405    0.000001
-------------------------------------------------------------------------------------------------------------------
 
  FINAL CASPT2 RESULT:
 
  Correlation energy /Case, /Symm, and sums:
 VJTU      0.00000000  0.00000000
 VJTIP     0.00000000  0.00000000
 VJTIM     0.00000000  0.00000000
 ATVX     -0.00292346 -0.00292346
 AIVX      0.00000000  0.00000000
 VJAIP     0.00000000  0.00000000
 VJAIM     0.00000000  0.00000000
 BVATP    -0.00711342 -0.00711342
 BVATM    -0.00036822 -0.00036822
 BJATP     0.00000000  0.00000000
 BJATM     0.00000000  0.00000000
 BJAIP     0.00000000  0.00000000
 BJAIM     0.00000000  0.00000000
 Summed:  -0.01040510 -0.01040510
 
      Reference energy:          -3.0493373662
      E2 (Non-variational):      -0.0104050972
      E2 (Variational):          -0.0104050998
      Total energy:              -3.0597424660
      Residual norm:              0.0000001815
      Reference weight:           0.99392
 
      Contributions to the CASPT2 correlation energy
      Active & Virtual Only:         -0.0104050972
      One Inactive Excited:           0.0000000000
      Two Inactive Excited:           0.0000000000
 
 
++ Denominators, etc.
----------------------------------------------------------------------------------------------------
 Report on small energy denominators, large coefficients, and large energy contributions.
CASE  SYMM ACTIVE-MIX  NON-ACTIVE INDICES          DENOMINATOR     RHS VALUE       COEFFICIENT     CONTRIBUTION
--
 
   (Skipping property calculation,
    use PROP keyword to activate)
--
 
  Total CASPT2 energies:
::    CASPT2 Root  1     Total energy:     -3.05974247
 
  A NEW JOBIPH FILE NAMED 'JOBMIX' IS PREPARED.
********************************************************************************
forrtl: warning (528): IEEE_UNDERFLOW is signaling
--- Stop Module: caspt2 at Sun Oct 26 13:06:10 2025 /rc=_RC_ALL_IS_WELL_ ---
*** files: xmldump
    saved to directory ${LOCALHOME}/DDCASPT2/hydrogen_comps/rerun/H6_chain/H6_1.96

>>> EXPORT i = B

>>> EXPORT j = P

>>> IF (-FILE DDCASPT2_e2_${i}_${j}_1_.csv)
(Skipped)

>>> END FOREACH

>>> EXPORT j = M

>>> IF (-FILE DDCASPT2_e2_${i}_${j}_1_.csv)
(Skipped)

>>> END FOREACH

>>> END FOREACH

>>> EXPORT i = E

>>> EXPORT j = P

>>> IF (-FILE DDCASPT2_e2_${i}_${j}_1_.csv)
(Skipped)

>>> END FOREACH

>>> EXPORT j = M

>>> IF (-FILE DDCASPT2_e2_${i}_${j}_1_.csv)
(Skipped)

>>> END FOREACH

>>> END FOREACH

>>> EXPORT i = F

>>> EXPORT j = P

>>> IF (-FILE DDCASPT2_e2_${i}_${j}_1_.csv)

>>> COPY /tmp/H6_1.96/DDCASPT2_RHS_F_P_1_.csv ${LOCALHOME}/DDCASPT2/hydrogen_comps/rerun/H6_chain/H6_1.96/DDCASPT2_RHS_F_P_1_.csv

>>> COPY /tmp/H6_1.96/DDCASPT2_IVECW_F_P_1_.csv ${LOCALHOME}/DDCASPT2/hydrogen_comps/rerun/H6_chain/H6_1.96/DDCASPT2_IVECW_F_P_1_.csv

>>> COPY /tmp/H6_1.96/DDCASPT2_IVECX_F_P_1_.csv ${LOCALHOME}/DDCASPT2/hydrogen_comps/rerun/H6_chain/H6_1.96/DDCASPT2_IVECX_F_P_1_.csv

>>> COPY /tmp/H6_1.96/DDCASPT2_IVECC2_F_P_1_.csv ${LOCALHOME}/DDCASPT2/hydrogen_comps/rerun/H6_chain/H6_1.96/DDCASPT2_IVECC2_F_P_1_.csv

>>> COPY /tmp/H6_1.96/DDCASPT2_e2_F_P_1_.csv ${LOCALHOME}/DDCASPT2/hydrogen_comps/rerun/H6_chain/H6_1.96/DDCASPT2_e2_F_P_1_.csv

>>> END FOREACH

>>> EXPORT j = M

>>> IF (-FILE DDCASPT2_e2_${i}_${j}_1_.csv)

>>> COPY /tmp/H6_1.96/DDCASPT2_RHS_F_M_1_.csv ${LOCALHOME}/DDCASPT2/hydrogen_comps/rerun/H6_chain/H6_1.96/DDCASPT2_RHS_F_M_1_.csv

>>> COPY /tmp/H6_1.96/DDCASPT2_IVECW_F_M_1_.csv ${LOCALHOME}/DDCASPT2/hydrogen_comps/rerun/H6_chain/H6_1.96/DDCASPT2_IVECW_F_M_1_.csv

>>> COPY /tmp/H6_1.96/DDCASPT2_IVECX_F_M_1_.csv ${LOCALHOME}/DDCASPT2/hydrogen_comps/rerun/H6_chain/H6_1.96/DDCASPT2_IVECX_F_M_1_.csv

>>> COPY /tmp/H6_1.96/DDCASPT2_IVECC2_F_M_1_.csv ${LOCALHOME}/DDCASPT2/hydrogen_comps/rerun/H6_chain/H6_1.96/DDCASPT2_IVECC2_F_M_1_.csv

>>> COPY /tmp/H6_1.96/DDCASPT2_e2_F_M_1_.csv ${LOCALHOME}/DDCASPT2/hydrogen_comps/rerun/H6_chain/H6_1.96/DDCASPT2_e2_F_M_1_.csv

>>> END FOREACH

>>> END FOREACH

>>> EXPORT i = G

>>> EXPORT j = P

>>> IF (-FILE DDCASPT2_e2_${i}_${j}_1_.csv)
(Skipped)

>>> END FOREACH

>>> EXPORT j = M

>>> IF (-FILE DDCASPT2_e2_${i}_${j}_1_.csv)
(Skipped)

>>> END FOREACH

>>> END FOREACH

>>> EXPORT i = H

>>> EXPORT j = P

>>> IF (-FILE DDCASPT2_e2_${i}_${j}_1_.csv)
(Skipped)

>>> END FOREACH

>>> EXPORT j = M

>>> IF (-FILE DDCASPT2_e2_${i}_${j}_1_.csv)
(Skipped)

>>> END FOREACH

>>> END FOREACH

>>> EXPORT i = A

>>> IF (-FILE DDCASPT2_e2_${i}_1_.csv)
(Skipped)

>>> END FOREACH

>>> EXPORT i = C

>>> IF (-FILE DDCASPT2_e2_${i}_1_.csv)

>>> COPY /tmp/H6_1.96/DDCASPT2_RHS_C_1_.csv ${LOCALHOME}/DDCASPT2/hydrogen_comps/rerun/H6_chain/H6_1.96/DDCASPT2_RHS_C_1_.csv

>>> COPY /tmp/H6_1.96/DDCASPT2_IVECW_C_1_.csv ${LOCALHOME}/DDCASPT2/hydrogen_comps/rerun/H6_chain/H6_1.96/DDCASPT2_IVECW_C_1_.csv

>>> COPY /tmp/H6_1.96/DDCASPT2_IVECX_C_1_.csv ${LOCALHOME}/DDCASPT2/hydrogen_comps/rerun/H6_chain/H6_1.96/DDCASPT2_IVECX_C_1_.csv

>>> COPY /tmp/H6_1.96/DDCASPT2_IVECC2_C_1_.csv ${LOCALHOME}/DDCASPT2/hydrogen_comps/rerun/H6_chain/H6_1.96/DDCASPT2_IVECC2_C_1_.csv

>>> COPY /tmp/H6_1.96/DDCASPT2_e2_C_1_.csv ${LOCALHOME}/DDCASPT2/hydrogen_comps/rerun/H6_chain/H6_1.96/DDCASPT2_e2_C_1_.csv

>>> END FOREACH

>>> EXPORT i = D

>>> IF (-FILE DDCASPT2_e2_${i}_1_.csv)
(Skipped)

>>> END FOREACH

.########################.
.# Non-zero return code #.
.########################.

    Timing: Wall=4.38 User=3.53 System=0.84
***************************************
*** WorkDir at /tmp/H6_1.96 cleaned ***
***************************************
