   This run of MOLCAS is using the pymolcas driver

                             OPE
                             OPE          NMOL  CASOP  ENMOLC A   SO
                 OPE        NMOLC        AS  OP EN  MO LC     AS  OP
                OPENM       OL CA        SO  PE NM  OL CA     SOP EN
                OP EN      MO   LC       AS  OP ENMOL  CASO   PENMOL
                OP  EN     MO   LC       AS  OP EN     MO     LC ASO
               OP   E  NMOL  C  AS       OP  EN MO     LC     AS  OP
               OP  E   NMO   LC AS        OPEN  MO     LCASOP EN   M
               O  PEN   MO  LCA  SO
            OPE   NMO   L   CAS    OP
        OPENMOL  CASOP     ENMOL   CASOPE
     OPENMOLCA   SOPENMOLCASOPEN   MOLCASOPE
    OPENMOLCAS   OP           EN   MOL    CAS
    OPENMOLCAS       OP  ENM        O     LCA
    OPENMOLCAS    OPEN  MOLCASO     P  E  NMO
    OPENMOLCAS     OP               E  N  MOL
    OPENMOLCA   SO           PENM   O  L  CAS    OPEN    MO    LCAS
    OPENMOLCA   SOP           ENM   O  L  CAS   OP  EN  MOLC  AS   O
    OPENMOLCA   SOPE           NM      O  LCA   S      OP  EN MO
    OPENMOLC                AS         O  PEN   M      OL  CA  SOPE
    OPENMO        LCASOPE  NMOL        C  ASO   P      ENMOLC     AS
    OPE     NMO      LCA  SO     P     E   NM   OL  CA SO  PE N   MO
          OPENMOLCA            SOPE   NMO        LCAS  O    P  ENMO
     OPENMOLCASOPENMOLCASOPENMOLCASOPENMOLCA
        OPENMOLCASOPENMOLCASOPENMOLCASOPE
            OPENMOLCASOPENMOLCASOPENM
               OPENMOLCASOPENMOLCA        version: f37762c57
                   OPENMOLCASO
                       OPE                tag:

 OpenMolcas is free software; you can redistribute it and/or modify it
 under the terms of the GNU Lesser General Public License version 2.1.
 OpenMolcas is distributed in the hope that it will be useful, but it
 is provided "as is" and without any express or implied warranties.
 For more details see the full text of the license in the file
 LICENSE or in <http://www.gnu.org/licenses/>.

                 Copyright (C) The OpenMolcas Authors
           For the author list and the recommended citation,
                   consult the file CONTRIBUTORS.md

           *************************************************
           * pymolcas version py2.28                       *
           *   build c4a6d18ded8cb6cad61d2372a9abd97c      *
           *   (after the EMIL interpreter by V. Veryazov) *
           *************************************************

configuration info
------------------
C Compiler ID: Intel
C flags: -std=gnu99 -gcc-sys
Fortran Compiler ID: IntelLLVM
Fortran flags: -standard-semantics -fltconsistency -fpp -i8 -heap-arrays
Definitions: _MOLCAS_;_I8_;_LINUX_
Parallel: OFF (GA=OFF)


   --------------------------------------------------------------------------------------
  |
  |              Project: H8_2.35
  |       Submitted from: /home/grierjones/DDCASPT2/hydrogen_comps/rerun/H8_chain/H8_2.35
  |         Scratch area: /tmp/H8_2.35
  |      Save outputs to: /home/grierjones/DDCASPT2/hydrogen_comps/rerun/H8_chain/H8_2.35
  |               Molcas: /home/grierjones/Test/build
  |
  | Scratch area is empty
  |
  |       MOLCAS_DRIVER = /usr/local/pymolcas
  | MOLCAS_KEEP_WORKDIR = NO
  |  MOLCAS_NEW_WORKDIR = YES
  |       MOLCAS_NPROCS = 1
  |        MOLCAS_PRINT = NORMAL
  |       MOLCAS_SOURCE = /home/grierjones/Test
  |    MOLCAS_STRUCTURE = 0
  |
   --------------------------------------------------------------------------------------

++ ---------   Input file   ---------

&GATEWAY
coord=H8_2.35.xyz
Basis = ANO-RCC-VDZP
Group = nosymm
End of Input

&SEWARD
End of Input

&SCF

>>> COPY $WorkDir/H8_2.35.scf.h5 $CurrDir/

&RASSCF
Title= RASSCF
FileOrb
/home/grierjones/DDCASPT2/hydrogen_comps/rerun/H8_chain/H8_0.60/H8_0.60.RasOrb
NACTEL
8 0 0
Inactive
0
RAS2
8
Symmetry
1
Spin
1
orblisting
all

>>> COPY $WorkDir/H8_2.35.rasscf.h5 $CurrDir/

>>> COPY $WorkDir/GMJ_Fock_MO.csv $CurrDir/H8_2.35.GMJ_Fock_MO.csv

&MOTRA
Frozen=0
LUMORB

>>> COPY $WorkDir/GMJ_one_int_indx.csv $CurrDir/H8_2.35.GMJ_one_int_indx.csv

>>> COPY $WorkDir/GMJ_one_int.csv $CurrDir/H8_2.35.GMJ_one_int.csv

>>> COPY $WorkDir/GMJ_two_int_indx.csv $CurrDir/H8_2.35.GMJ_two_int_indx.csv

>>> COPY $WorkDir/GMJ_two_int.csv $CurrDir/H8_2.35.GMJ_two_int.csv

&CASPT2
Frozen
0

MAXITER
50

>>> FOREACH i IN (B,E,F,G,H)

  >>> FOREACH j IN (P,M)

    >>> IF (-FILE GMJ_e2_${i}_${j}_1_.csv)

      >>> COPY $WorkDir/GMJ_RHS_${i}_${j}_1_.csv $CurrDir/GMJ_RHS_${i}_${j}_1_.csv

      >>> COPY $WorkDir/GMJ_IVECW_${i}_${j}_1_.csv $CurrDir/GMJ_IVECW_${i}_${j}_1_.csv

      >>> COPY $WorkDir/GMJ_IVECX_${i}_${j}_1_.csv $CurrDir/GMJ_IVECX_${i}_${j}_1_.csv

      >>> COPY $WorkDir/GMJ_IVECC2_${i}_${j}_1_.csv $CurrDir/GMJ_IVECC2_${i}_${j}_1_.csv

      >>> COPY $WorkDir/GMJ_e2_${i}_${j}_1_.csv $CurrDir/GMJ_e2_${i}_${j}_1_.csv

    >>> END IF

  >>> END FOREACH

>>> END FOREACH

>>> FOREACH i IN (A,C,D)

  >>> IF (-FILE GMJ_e2_${i}_1_.csv)

    >>> COPY $WorkDir/GMJ_RHS_${i}_1_.csv $CurrDir/GMJ_RHS_${i}_1_.csv

    >>> COPY $WorkDir/GMJ_IVECW_${i}_1_.csv $CurrDir/GMJ_IVECW_${i}_1_.csv

    >>> COPY $WorkDir/GMJ_IVECX_${i}_1_.csv $CurrDir/GMJ_IVECX_${i}_1_.csv

    >>> COPY $WorkDir/GMJ_IVECC2_${i}_1_.csv $CurrDir/GMJ_IVECC2_${i}_1_.csv

    >>> COPY $WorkDir/GMJ_e2_${i}_1_.csv $CurrDir/GMJ_e2_${i}_1_.csv

  >>> END IF

>>> END FOREACH

-- ----------------------------------

--- Start Module: gateway at Sun Oct 26 13:37:32 2025 ---
 
()()()()()()()()()()()()()()()()()()()()()()()()()()()()()()()()()()()()()()()()()()()()()()()()()()

                                              &GATEWAY

                                   only a single process is used
                       available to each process: 2.0 GB of memory, 1 thread?
()()()()()()()()()()()()()()()()()()()()()()()()()()()()()()()()()()()()()()()()()()()()()()()()()()
 
 
++    Symmetry information:
      ---------------------
 
                    Character Table for C1 
 
                             E  
                    a        1  x, y, xy, Rz, z, xz, Ry, yz, Rx, I
--
 
 
++    Basis set information:
      ----------------------
 
 
      Basis set label: H.ANO-RCC...2S1P.
 
      Electronic valence basis set:
      ------------------
      Associated Effective Charge   1.000000 au
      Associated Actual Charge      1.000000 au
      Nuclear Model: Point charge
 
      Shell  nPrim  nBasis  Cartesian Spherical Contaminant
         s       8       2        X                  
         p       4       1        X                  
--
 
 
++    Molecular structure info:
      -------------------------
 
                    ************************************************ 
                    **** Cartesian Coordinates / Bohr, Angstrom **** 
                    ************************************************ 
 
     Center  Label                x              y              z                     x              y              z
        1      H1               0.000000       0.000000       0.000000              0.000000       0.000000       0.000000
        2      H2               0.000000       0.000000       4.432268              0.000000       0.000000       2.345455
        3      H3               0.000000       0.000000       8.864533              0.000000       0.000000       4.690909
        4      H4               0.000000       0.000000      13.296801              0.000000       0.000000       7.036364
        5      H5               0.000000       0.000000      17.729067              0.000000       0.000000       9.381818
        6      H6               0.000000       0.000000      22.161334              0.000000       0.000000      11.727273
        7      H7               0.000000       0.000000      26.593600              0.000000       0.000000      14.072727
        8      H8               0.000000       0.000000      31.025867              0.000000       0.000000      16.418182
 
                    *************************************** 
                    *    InterNuclear Distances / Bohr    * 
                    *************************************** 
 
               1 H1            2 H2            3 H3            4 H4            5 H5            6 H6    
    1 H1       0.000000
    2 H2       4.432268        0.000000
    3 H3       8.864533        4.432266        0.000000
    4 H4      13.296801        8.864533        4.432268        0.000000
    5 H5      17.729067       13.296799        8.864533        4.432266        0.000000
    6 H6      22.161334       17.729067       13.296801        8.864533        4.432268        0.000000
    7 H7      26.593600       22.161332       17.729067       13.296799        8.864533        4.432266
    8 H8      31.025867       26.593600       22.161334       17.729067       13.296801        8.864533
 
               7 H7            8 H8    
    7 H7       0.000000
    8 H8       4.432268        0.000000
 
                    ******************************************* 
                    *    InterNuclear Distances / Angstrom    * 
                    ******************************************* 
 
               1 H1            2 H2            3 H3            4 H4            5 H5            6 H6    
    1 H1       0.000000
    2 H2       2.345455        0.000000
    3 H3       4.690909        2.345454        0.000000
    4 H4       7.036364        4.690909        2.345455        0.000000
    5 H5       9.381818        7.036363        4.690909        2.345454        0.000000
    6 H6      11.727273        9.381818        7.036364        4.690909        2.345455        0.000000
    7 H7      14.072727       11.727272        9.381818        7.036363        4.690909        2.345454
    8 H8      16.418182       14.072727       11.727273        9.381818        7.036364        4.690909
 
               7 H7            8 H8    
    7 H7       0.000000
    8 H8       2.345455        0.000000
--
 
 
            Nuclear Potential Energy              3.10063857 au
 
--- Stop Module: gateway at Sun Oct 26 13:37:32 2025 /rc=_RC_ALL_IS_WELL_ ---
*** files: xmldump
    saved to directory /home/grierjones/DDCASPT2/hydrogen_comps/rerun/H8_chain/H8_2.35

--- Start Module: seward at Sun Oct 26 13:37:32 2025 ---
 
()()()()()()()()()()()()()()()()()()()()()()()()()()()()()()()()()()()()()()()()()()()()()()()()()()

                                              &SEWARD

                                   only a single process is used
                       available to each process: 2.0 GB of memory, 1 thread?
()()()()()()()()()()()()()()()()()()()()()()()()()()()()()()()()()()()()()()()()()()()()()()()()()()
 
               SEWARD will generate:
                  Multipole Moment integrals up to order  2
                  Kinetic Energy integrals
                  Nuclear Attraction integrals (point charge)
                  One-Electron Hamiltonian integrals
                  Velocity integrals
                  Relativistic Douglas-Kroll-Hess integrals:
                    - Parametrization         : EXP
                    - DKH order of Hamiltonian: 2
                    - DKH order of Properties : 0
                         - multipole moment operators
                         - electric potential operators
                         - contact operators
                  Atomic mean-field integrals
                  Two-Electron Repulsion integrals
 
                   Integrals are discarded if absolute value <: 0.10E-13
                   Integral cutoff threshold is set to       <: 0.10E-15
 
            Nuclear Potential Energy              3.10063857 au
 
 
      Basis set specifications :
      Symmetry species         a  
      Basis functions           40
 
 
  Input file to MOLDEN was generated!
 
forrtl: warning (525): IEEE_DIVIDE_BY_ZERO is signaling
forrtl: warning (526): IEEE_INVALID is signaling
forrtl: warning (528): IEEE_UNDERFLOW is signaling
--- Stop Module: seward at Sun Oct 26 13:37:33 2025 /rc=_RC_ALL_IS_WELL_ ---
*** files: H8_2.35.GssOrb H8_2.35.guessorb.h5 H8_2.35.guessorb.molden xmldump
    saved to directory /home/grierjones/DDCASPT2/hydrogen_comps/rerun/H8_chain/H8_2.35

*** symbolic link created: INPORB -> H8_2.35.GssOrb
--- Start Module: scf at Sun Oct 26 13:37:33 2025 ---
 
()()()()()()()()()()()()()()()()()()()()()()()()()()()()()()()()()()()()()()()()()()()()()()()()()()

                                                &SCF

                                   only a single process is used
                       available to each process: 2.0 GB of memory, 1 thread?
()()()()()()()()()()()()()()()()()()()()()()()()()()()()()()()()()()()()()()()()()()()()()()()()()()
 
++    Input section:
      --------------
 
      Header of the integral files:
      
       Integrals generated by seward 4.2.0  , Sun Oct 26 13:37:32 2025
 
 
      Cartesian coordinates in Angstrom:
      -----------------------------------------------------
      No.  Label        X            Y            Z        
      -----------------------------------------------------
       1   H1         0.00000000   0.00000000   0.00000000
       2   H2         0.00000000   0.00000000   2.34545500
       3   H3         0.00000000   0.00000000   4.69090900
       4   H4         0.00000000   0.00000000   7.03636400
       5   H5         0.00000000   0.00000000   9.38181800
       6   H6         0.00000000   0.00000000  11.72727300
       7   H7         0.00000000   0.00000000  14.07272700
       8   H8         0.00000000   0.00000000  16.41818200
      -----------------------------------------------------
      Nuclear repulsion energy =    3.10063857
--
 
++    Orbital specifications:
      -----------------------
 
      Symmetry species               1
                                     a
      Frozen orbitals                0
      Occupied orbitals              4
      Secondary orbitals            36
      Deleted orbitals               0
      Total number of orbitals      40
      Number of basis functions     40
--
 
      Molecular charge                           0.000
 
++    Optimization specifications:
      ----------------------------
 
      SCF Algorithm: Conventional
      Minimized density differences are used
      Number of density matrices in core                5
      Maximum number of NDDO SCF iterations           400
      Maximum number of HF SCF iterations             400
      Threshold for SCF energy change            0.10E-08
      Threshold for density matrix               0.10E-03
      Threshold for Fock matrix                  0.15E-03
      Threshold for linear dependence            0.10E-08
      Threshold at which DIIS is turned on       0.15E+00
      Threshold at which QNR/C2DIIS is turned on 0.75E-01
      Threshold for Norm(delta) (QNR/C2DIIS)     0.20E-04
      DIIS extrapolation of the SCF procedure
      All orbitals punched on: SCFORB
--
 
      Input vectors read from INPORB
      Orbital file label: *Guess orbitals
 
 
++ Convergence information
                                   SCF        iterations: Energy and convergence statistics
 
Iter     Tot. SCF        One-elec.       Two-elec.     Energy      Max Dij or  Max Fij      DNorm      TNorm      AccCon     Time
         Energy          Energy          Energy        Change      Delta Norm                                                in Sec.
   1    -3.308456190   -10.371984240     3.962889484   0.00E+00    0.37E+00*   0.12E+00*    0.43E+01   0.80E+01   None         0.
   2    -3.519765931   -10.339310733     3.718906236  -0.21E+00*   0.13E+00*   0.23E-01*    0.13E+01   0.77E+01   EDIIS        0.
   3    -3.530743173   -10.278738085     3.647356346  -0.11E-01*   0.79E-01*   0.90E-02*    0.29E+00   0.76E+01   EDIIS        0.
   4    -3.532899368   -10.281183064     3.647645130  -0.22E-02*   0.46E-01*   0.66E-02*    0.14E+00   0.76E+01   c2DIIS       0.
   5    -3.533798673   -10.271324061     3.636886822  -0.90E-03*   0.16E-01*   0.26E-02*    0.32E-01   0.76E+01   QNRc2DIIS    0.
   6    -3.533965743   -10.275770612     3.641166303  -0.17E-03*   0.17E-01*   0.14E-02*    0.11E-01   0.76E+01   QNRc2DIIS    0.
   7    -3.534047653   -10.274389450     3.639703231  -0.82E-04*   0.33E-02*   0.40E-03*    0.51E-02   0.76E+01   QNRc2DIIS    0.
   8    -3.534050240   -10.273289349     3.638600544  -0.26E-05*   0.70E-03*   0.17E-03*    0.19E-02   0.76E+01   QNRc2DIIS    0.
   9    -3.534050657   -10.273402846     3.638713622  -0.42E-06*   0.72E-04*   0.97E-05     0.34E-03   0.76E+01   QNRc2DIIS    0.
  10    -3.534050660   -10.273394441     3.638705215  -0.25E-08*   0.20E-04    0.24E-05     0.12E-03   0.76E+01   QNRc2DIIS    0.
  11    -3.534050660   -10.273395406     3.638706180  -0.16E-09    0.49E-05    0.49E-06     0.98E-05   0.76E+01   QNRc2DIIS    0.
 
       Convergence after 11 Macro Iterations
--
 
 *****************************************************************************************************************************
 *                                                                                                                           *
 *                                             SCF/KS-DFT Program, Final results                                             *
 *                                                                                                                           *
 *                                                                                                                           *
 *                                                                                                                           *
 *                                                       Final Results                                                       *
 *                                                                                                                           *
 *****************************************************************************************************************************
 
::    Total SCF energy                                 -3.5340506600
      One-electron energy                             -10.2733954056
      Two-electron energy                               3.6387061797
      Nuclear repulsion energy                          3.1006385659
      Kinetic energy (interpolated)                     2.6476500352
      Virial theorem                                    1.3347876846
      Total spin, S(S+1)                                0.0000000000
      Total spin, S                                     0.0000000000
      Max non-diagonal density matrix element           0.0000049011
      Max non-diagonal Fock matrix element              0.0000003526
 
 
      All orbitals with orbital energies smaller than  E(LUMO)+0.5 are printed
 
++    Molecular orbitals:
      -------------------
 
      Title: SCF orbitals

      Molecular orbitals for symmetry species 1: a  
 
          Orbital            1         2         3         4         5         6         7         8         9        10    
          Energy           -0.4075   -0.3905   -0.3645   -0.3355   -0.1447   -0.1042   -0.0620   -0.0295    0.3222    0.3375
          Occ. No.          2.0000    2.0000    2.0000    2.0000    0.0000    0.0000    0.0000    0.0000    0.0000    0.0000
 
        1 H1     1s         0.1632   -0.3067    0.3877   -0.3153    0.3777   -0.5119    0.4508   -0.2593   -0.1165    0.1689
        2 H1     2s         0.0266   -0.0527    0.0726   -0.0648    0.1204   -0.1767    0.1648   -0.0970    0.2376   -0.4084
        3 H1     2px       -0.0000    0.0000    0.0000   -0.0000    0.0000   -0.0000    0.0000    0.0000   -0.0000    0.0000
        4 H1     2py       -0.0000    0.0000   -0.0000   -0.0000    0.0000   -0.0000    0.0000    0.0000   -0.0000    0.0000
        5 H1     2pz        0.0070   -0.0116    0.0121   -0.0079   -0.0027    0.0098   -0.0161    0.0135   -0.0180    0.0261
        6 H2     1s         0.2266   -0.3778    0.3894   -0.2433   -0.1941    0.4598   -0.5901    0.4184   -0.1818    0.2184
        7 H2     2s         0.0319   -0.0696    0.0964   -0.0771   -0.0555    0.1614   -0.2202    0.1555    0.2094   -0.2756
        8 H2     2px        0.0000   -0.0000    0.0000   -0.0000    0.0000   -0.0000    0.0000    0.0000   -0.0000   -0.0000
        9 H2     2py       -0.0000    0.0000   -0.0000    0.0000    0.0000    0.0000    0.0000    0.0000   -0.0000    0.0000
       10 H2     2pz       -0.0005    0.0047   -0.0115    0.0128   -0.0177    0.0170   -0.0031   -0.0066    0.0033   -0.0096
       11 H3     1s         0.3461   -0.2891   -0.1427    0.4085   -0.4625    0.1295    0.4782   -0.5706   -0.1946    0.1513
       12 H3     2s         0.0576   -0.0430   -0.0473    0.1067   -0.1516    0.0398    0.1786   -0.2087    0.2611   -0.2290
       13 H3     2px       -0.0000    0.0000    0.0000    0.0000    0.0000    0.0000    0.0000   -0.0000   -0.0000    0.0000
       14 H3     2py       -0.0000    0.0000    0.0000    0.0000   -0.0000    0.0000    0.0000   -0.0000    0.0000    0.0000
       15 H3     2pz        0.0066   -0.0002   -0.0110    0.0111    0.0134   -0.0206    0.0066    0.0107   -0.0053   -0.0031
       16 H4     1s         0.3712   -0.1916   -0.2794    0.3739    0.3873   -0.4240   -0.2309    0.6312   -0.2114    0.0509
       17 H4     2s         0.0573   -0.0472   -0.0507    0.1032    0.1232   -0.1560   -0.0826    0.2315    0.2749   -0.0787
       18 H4     2px        0.0000   -0.0000    0.0000    0.0000    0.0000    0.0000    0.0000   -0.0000    0.0000    0.0000
       19 H4     2py       -0.0000    0.0000    0.0000    0.0000    0.0000    0.0000   -0.0000   -0.0000    0.0000    0.0000
       20 H4     2pz       -0.0041    0.0092   -0.0004   -0.0136    0.0184    0.0045   -0.0204    0.0027    0.0029   -0.0088
       21 H5     1s         0.3712    0.1916   -0.2794   -0.3739    0.3873    0.4240   -0.2309   -0.6312   -0.2114   -0.0509
       22 H5     2s         0.0573    0.0472   -0.0507   -0.1032    0.1232    0.1560   -0.0826   -0.2315    0.2749    0.0787
       23 H5     2px        0.0000   -0.0000   -0.0000    0.0000    0.0000    0.0000    0.0000   -0.0000    0.0000    0.0000
       24 H5     2py       -0.0000   -0.0000    0.0000    0.0000    0.0000    0.0000   -0.0000   -0.0000    0.0000   -0.0000
       25 H5     2pz        0.0041    0.0092    0.0004   -0.0136   -0.0184    0.0045    0.0204    0.0027   -0.0029   -0.0088
       26 H6     1s         0.3461    0.2891   -0.1427   -0.4085   -0.4625   -0.1295    0.4782    0.5706   -0.1946   -0.1513
       27 H6     2s         0.0576    0.0430   -0.0473   -0.1067   -0.1516   -0.0398    0.1786    0.2087    0.2611    0.2290
       28 H6     2px        0.0000   -0.0000    0.0000   -0.0000    0.0000    0.0000   -0.0000   -0.0000   -0.0000    0.0000
       29 H6     2py       -0.0000    0.0000    0.0000   -0.0000    0.0000    0.0000    0.0000    0.0000    0.0000   -0.0000
       30 H6     2pz       -0.0066   -0.0002    0.0110    0.0111   -0.0134   -0.0206   -0.0066    0.0107    0.0053   -0.0031
       31 H7     1s         0.2266    0.3778    0.3894    0.2433   -0.1941   -0.4598   -0.5901   -0.4184   -0.1818   -0.2184
       32 H7     2s         0.0319    0.0696    0.0964    0.0771   -0.0555   -0.1614   -0.2202   -0.1555    0.2094    0.2756
       33 H7     2px       -0.0000   -0.0000   -0.0000    0.0000    0.0000   -0.0000    0.0000   -0.0000    0.0000    0.0000
       34 H7     2py       -0.0000   -0.0000   -0.0000   -0.0000   -0.0000    0.0000    0.0000    0.0000   -0.0000   -0.0000
       35 H7     2pz        0.0005    0.0047    0.0115    0.0128    0.0177    0.0170    0.0031   -0.0066   -0.0033   -0.0096
       36 H8     1s         0.1632    0.3067    0.3877    0.3153    0.3777    0.5119    0.4508    0.2593   -0.1165   -0.1689
       37 H8     2s         0.0266    0.0527    0.0726    0.0648    0.1204    0.1767    0.1648    0.0970    0.2376    0.4084
       38 H8     2px       -0.0000    0.0000    0.0000   -0.0000   -0.0000    0.0000   -0.0000   -0.0000   -0.0000    0.0000
       39 H8     2py       -0.0000   -0.0000   -0.0000   -0.0000    0.0000   -0.0000   -0.0000    0.0000    0.0000    0.0000
       40 H8     2pz       -0.0070   -0.0116   -0.0121   -0.0079    0.0027    0.0098    0.0161    0.0135    0.0180    0.0261
--
 
 
++    Molecular charges:
      ------------------
 
      Mulliken charges per centre and basis function type
      ---------------------------------------------------
 
                H1      H2      H3      H4      H5      H6      H7      H8    
      1s       0.8799  0.9429  0.9161  0.9218  0.9218  0.9161  0.9429  0.8799
      2s       0.0766  0.0862  0.0746  0.0770  0.0770  0.0746  0.0862  0.0766
      2px      0.0000  0.0000  0.0000  0.0000  0.0000  0.0000  0.0000  0.0000
      2pz      0.0055  0.0066  0.0064  0.0064  0.0064  0.0064  0.0066  0.0055
      2py      0.0000  0.0000  0.0000  0.0000  0.0000  0.0000  0.0000  0.0000
      Total    0.9621  1.0356  0.9971  1.0052  1.0052  0.9971  1.0356  0.9621
 
      N-E      0.0379 -0.0356  0.0029 -0.0052 -0.0052  0.0029 -0.0356  0.0379
 
      Total electronic charge=    8.000000
 
      Total            charge=   -0.000000
--
 
 
  Input file to MOLDEN was generated!
 
 
++    Static properties:
      ------------------
 
 
      LoProp Charges per center
 

                   H1       H2       H3       H4       H5       H6       H7       H8    
      Nuclear      1.0000   1.0000   1.0000   1.0000   1.0000   1.0000   1.0000   1.0000
      Electronic  -0.9778  -1.0185  -0.9986  -1.0051  -1.0051  -0.9986  -1.0185  -0.9778
 
      Total        0.0222  -0.0185   0.0014  -0.0051  -0.0051   0.0014  -0.0185   0.0222
--
 
 
++    Natural Bond Order analysis
      ---------------------------
      Based on LoProp computed density
      -------------------------------------------------------------------------------------
      Atom A       Atom B       Bond Order
      -------------------------------------------------------------------------------------
      NBO located      0.963 non-bonded electrons on atom H1        
      NBO located      1.006 non-bonded electrons on atom H3        
      NBO located      1.013 non-bonded electrons on atom H4        
      NBO located      1.013 non-bonded electrons on atom H5        
      NBO located      1.006 non-bonded electrons on atom H6        
      NBO located      0.963 non-bonded electrons on atom H8        
      The remaining    2.035 electrons are to be considered as diffuse
--
 
 
++    Molecular properties:
      ---------------------
 
      Charge (e):
                      =   -0.0000
      Dipole Moment (Debye):
      Origin of the operator (Ang)=    0.0000    0.0000    0.0000
                   X=  2.7535E-14               Y=  6.3079E-14               Z= -1.0619E-11           Total=  1.0620E-11
      Quadrupole Moment (Debye*Ang):
      Origin of the operator (Ang)=    0.0000    0.0000    8.2091
                  XX= -1.8329E+01              XY= -2.8258E-28              XZ= -2.9203E-13              YY= -1.8329E+01
                  YZ= -3.3923E-13              ZZ=  7.9317E-01
      In traceless form (Debye*Ang)
                  XX= -9.5611E+00              XY= -4.2386E-28              XZ= -4.3805E-13              YY= -9.5611E+00
                  YZ= -5.0885E-13              ZZ=  1.9122E+01
--
 
 
  Input file to MOLDEN was generated!
 
 ###############################################################################
 ###############################################################################
 ###                                                                         ###
 ###                                                                         ###
 ###    RunFile label nBas                                                   ###
 ###    was used       78 times                                              ###
 ###                                                                         ###
 ###                                                                         ###
 ###############################################################################
 ###############################################################################
forrtl: warning (528): IEEE_UNDERFLOW is signaling
--- Stop Module: scf at Sun Oct 26 13:37:33 2025 /rc=_RC_ALL_IS_WELL_ ---
*** files: H8_2.35.LprOrb H8_2.35.LoProp.molden H8_2.35.scf.molden H8_2.35.ScfOrb H8_2.35.scf.h5 xmldump
    saved to directory /home/grierjones/DDCASPT2/hydrogen_comps/rerun/H8_chain/H8_2.35

>>> COPY /tmp/H8_2.35/H8_2.35.scf.h5 /home/grierjones/DDCASPT2/hydrogen_comps/rerun/H8_chain/H8_2.35/

*** symbolic link created: INPORB -> H8_2.35.ScfOrb
--- Start Module: rasscf at Sun Oct 26 13:37:33 2025 ---
 
()()()()()()()()()()()()()()()()()()()()()()()()()()()()()()()()()()()()()()()()()()()()()()()()()()

                                              &RASSCF

                                   only a single process is used
                       available to each process: 2.0 GB of memory, 1 thread?
()()()()()()()()()()()()()()()()()()()()()()()()()()()()()()()()()()()()()()()()()()()()()()()()()()
 
 
      Header of the ONEINT file:
      --------------------------
      
      Integrals generated by seward 4.2.0  , Sun Oct 26 13:37:32 2025
 
 
      OrdInt status: non-squared
 
 
      Cartesian coordinates in Angstrom:
      -----------------------------------------------------
      No.  Label        X            Y            Z        
      -----------------------------------------------------
       1   H1         0.00000000   0.00000000   0.00000000
       2   H2         0.00000000   0.00000000   2.34545500
       3   H3         0.00000000   0.00000000   4.69090900
       4   H4         0.00000000   0.00000000   7.03636400
       5   H5         0.00000000   0.00000000   9.38181800
       6   H6         0.00000000   0.00000000  11.72727300
       7   H7         0.00000000   0.00000000  14.07272700
       8   H8         0.00000000   0.00000000  16.41818200
      -----------------------------------------------------
      Nuclear repulsion energy =    3.10063857
 
++    Wave function specifications:
      -----------------------------
 
      Number of closed shell electrons           0
      Number of electrons in active shells       8
      Max number of holes in RAS1 space          0
      Max nr of electrons in RAS3 space          0
      Number of inactive orbitals                0
      Number of active orbitals                  8
      Number of secondary orbitals              32
      Spin quantum number                      0.0
      State symmetry                             1
--
 
++    Orbital specifications:
      -----------------------
 
      Symmetry species                           1
                                                 a
      Frozen orbitals                            0
      Inactive orbitals                          0
      Active orbitals                            8
      RAS1 orbitals                              0
      RAS2 orbitals                              8
      RAS3 orbitals                              0
      Secondary orbitals                        32
      Deleted orbitals                           0
      Number of basis functions                 40
--
 
++    CI expansion specifications:
      ----------------------------
 
      Number of CSFs                          1764
      Number of determinants                  2485
      Number of root(s) required                 1
      Root chosen for geometry opt.              1
      CI root used                               1
         
      highest root included in the CI            1
      max. size of the explicit Hamiltonian    200
--
 
++    Optimization specifications:
      ----------------------------
 
      RASSCF algorithm: Conventional
      Maximum number of macro iterations       200
      Maximum number of SX iterations          100
      Threshold for RASSCF energy            0.100E-07
      Threshold for max MO rotation          0.100E+00
      Threshold for max BLB element          0.100E-03
      Level shift parameter                  0.500E+00
      Make Quasi-Newton update
--
 
      The MO-coefficients are taken from the file:
      /home/grierjones/DDCASPT2/hydrogen_comps/rerun/H8_chain/H8_0.60/H8_0.60.RasOrb                                                  
      Title: RASSCF average (pseudo-natural) orbitals                                      
 
      Total molecular charge    0.00
 
      ************************************************************************************************************************
      *                                                                                                                      *
      *                                            Wave function control section                                             *
      *                                                                                                                      *
      ************************************************************************************************************************
 
 
                                         RASSCF iterations: Energy and convergence statistics
                                         ----------------------------------------------------
 
      Iter CI   SX   CI       RASSCF       Energy    max ROT     max BLB   max BLB  Level Ln srch  Step   QN   Walltime
          iter iter root      energy       change     param      element    value   shift minimum  type update hh:mm:ss
 Nr of preliminary CI iterations:   8
        1   1  100    1    -2.62878882    0.00E+00  -0.33E+00*   7  24 1  0.33E+00*  0.42   0.00    SX    NO    0:00:00
 ###############################################################################
 ###############################################################################
 ###                                                                         ###
 ###                                                                         ###
 ###    Large orbital rotation.                                              ###
 ###                                                                         ###
 ###                                                                         ###
 ###############################################################################
 ###############################################################################
      Molecular orbital   8 of symmetry 1 MO space 2  weight is    0.045055
        2   6   51    1    -3.28277335   -0.65E+00* -0.69E+00*   3  18 1  0.22E+00*  0.32   0.00    SX    NO    0:00:00
        3   9  100    1    -3.70081098   -0.42E+00*  0.13E+00*   1   9 1 -0.12E+00*  0.14   0.00    SX    NO    0:00:00
        4   4  100    1    -3.77740368   -0.77E-01*  0.10E+00*   2  21 1 -0.28E-01*  0.11   0.00    SX    NO    0:00:00
        5  10  100    1    -3.81389041   -0.36E-01*  0.87E-01    8  18 1 -0.35E-01*  0.11   2.50    LS   YES    0:00:00
        6  11  100    1    -3.85105474   -0.37E-01*  0.15E+00*   8  12 1  0.37E-01*  0.11   1.64    QN   YES    0:00:00
        7   6   89    1    -3.87514526   -0.24E-01* -0.33E-01    2  21 1  0.38E-01*  0.10   0.82    QN   YES    0:00:00
        8   5   31    1    -3.88594728   -0.11E-01* -0.27E-01    2  21 1  0.18E-01*  0.10   1.92    LS   YES    0:00:00
        9   5   30    1    -3.88942902   -0.35E-02*  0.27E-01    8  12 1  0.16E-01*  0.09   1.18    QN   YES    0:00:00
       10  10   33    1    -3.89162768   -0.22E-02*  0.40E-01    8  12 1  0.41E-02*  0.08   1.25    QN   YES    0:00:00
       11   5   34    1    -3.89214916   -0.52E-03*  0.19E+00*   5  18 1  0.15E-02*  0.07   2.50    QN   YES    0:00:00
       12  18  100    1    -3.89688546   -0.47E-02*  0.45E+00*   8  12 1 -0.16E-01*  0.00   2.50    QN   YES    0:00:00
       13  13  100    1    -3.97827339   -0.81E-01*  0.84E-01    5  12 1 -0.39E-01*  0.00   0.00    SX    NO    0:00:00
       14   5   16    1    -4.01207771   -0.34E-01*  0.20E-01    5  12 1 -0.74E-02*  0.00   1.08    QN   YES    0:00:00
       15   3   14    1    -4.01300690   -0.93E-03* -0.33E-02    5  18 1  0.30E-02*  0.00   0.96    QN   YES    0:00:00
       16   9   12    1    -4.01326519   -0.26E-03*  0.17E-02    5  24 1  0.11E-02*  0.00   1.00    QN   YES    0:00:00
       17   9   12    1    -4.01328727   -0.22E-04*  0.70E-03    5  18 1 -0.79E-03*  0.00   0.96    QN   YES    0:00:00
       18  15   11    1    -4.01329421   -0.69E-05*  0.42E-03    5  18 1 -0.25E-03*  0.00   1.11    QN   YES    0:00:00
       19  10    9    1    -4.01329521   -0.10E-05*  0.80E-04    5  24 1 -0.48E-04   0.00   0.90    QN   YES    0:00:00
       20  10    9    1    -4.01329530   -0.92E-07* -0.36E-04    7   9 1  0.24E-04   0.00   0.94    QN   YES    0:00:00
       21   1    6    1    -4.01329531   -0.68E-08  -0.60E-05    7  39 1 -0.41E-05   0.00   1.17    QN   YES    0:00:00
      Convergence after 21 iterations
 
  Dmat in MO in SXCTL bf call to SXHAM                                                                                    
  mat. size =     8x    8
 
        1.4137868261711835
        0.0432803322909183      1.0010697494476324
       -0.0703272020402973      0.0001189279058420      1.2177917274114636
        0.0028545604377949     -0.0193938209227373      0.0078393483557572      1.2151703695388822
        0.1111471450658541      0.0514625117349087      0.1382223108966163     -0.0215159401258554      0.7502592331414183
        0.0144609690657170      0.1815657118290802      0.0117083107766073      0.0035928903969339     -0.0192801529831183
        0.6603514596152469
       -0.0732691358732456      0.0063871604857390     -0.2030408226531703      0.0099289703269213      0.0282975748194048
        0.0134606259137824      0.7752204751318663
       -0.0648135846831731      0.3607777781815282     -0.0193579048473034     -0.0304562847132536     -0.0033371861065831
        0.0861366652910031     -0.0301446450679630      0.9663501595423039
       22   1    6    1    -4.01329531   -0.21E-09  -0.60E-05    4   9 1  0.79E-06   0.00   1.17    QN   YES    0:00:00
 
      ************************************************************************************************************************
                                                      Wave function printout:
                       occupation of active orbitals, and spin coupling of open shells (u,d: Spin up or down)
      ************************************************************************************************************************
 
      Note: transformation to natural orbitals
      has been made, which may change the order of the CSFs.
 
      printout of CI-coefficients larger than  0.05 for root  1
      energy=      -4.013295
      conf/sym  11111111     Coeff  Weight
             1  22220000   0.42137 0.17755
            18  22202000  -0.21603 0.04667
            27  22200002  -0.05770 0.00333
            32  22ud0ud0  -0.05187 0.00269
            34  22udu00d   0.22549 0.05084
            41  2u2du0d0   0.18015 0.03246
            45  2u2d0u0d  -0.07330 0.00537
            47  2u2d0002  -0.07009 0.00491
            49  u22dud00   0.19637 0.03856
            56  u22d00ud  -0.09859 0.00972
            58  22022000  -0.05968 0.00356
            61  2202u0d0   0.06985 0.00488
            63  22020020  -0.05581 0.00311
            67  22020002  -0.13890 0.01929
            69  2ud2ud00   0.09889 0.00978
            74  2ud2u00d   0.05005 0.00251
            76  2ud200ud  -0.18424 0.03394
            81  u2d2u0d0   0.07594 0.00577
            83  u2d20020  -0.05420 0.00294
            85  u2d20u0d  -0.14671 0.02152
            93  20220020  -0.11081 0.01228
            95  20220u0d  -0.05456 0.00298
            97  20220002  -0.05812 0.00338
           102  ud220ud0  -0.14283 0.02040
           104  ud22u00d   0.05580 0.00311
           110  02220200  -0.10811 0.01169
           113  02220020  -0.05057 0.00256
           121  22uud00d  -0.06408 0.00411
           125  2u2ud0d0  -0.06439 0.00415
           130  u22udd00  -0.07627 0.00582
           568  22002002   0.12321 0.01518
           582  2ud020ud   0.13235 0.01752
           600  u2d02u0d   0.11413 0.01303
           617  20202020   0.09140 0.00835
           635  ud202ud0   0.09045 0.00818
           654  02202200   0.08428 0.00710
           691  2u0du0d2   0.10823 0.01171
           709  u20dud02   0.09396 0.00883
           726  20udu02d   0.08679 0.00753
           743  udududud   0.08302 0.00689
           745  ududuudd   0.10011 0.01002
           761  02udu20d   0.07584 0.00575
           783  uuddudud   0.12319 0.01518
           798  u02dud20   0.07725 0.00597
           816  0u2du2d0   0.07730 0.00598
           853  20020022   0.07870 0.00619
           872  ud020ud2   0.07139 0.00510
           890  02020202   0.06420 0.00412
           907  u0d20u2d   0.07596 0.00577
           924  0ud202ud   0.07509 0.00564
           939  00220220   0.05700 0.00325
          1602  20002022  -0.07856 0.00617
          1610  ud002ud2  -0.08990 0.00808
          1619  02002202  -0.06025 0.00363
          1627  u0d02u2d  -0.07440 0.00553
          1636  0ud022ud  -0.08215 0.00675
          1645  00202220  -0.05061 0.00256
          1663  u00dud22   0.07983 0.00637
          1671  0u0du2d2   0.06417 0.00412
          1678  00udu22d   0.06651 0.00442
          1694  00020222  -0.05060 0.00256
          1764  00002222   0.07684 0.00590
 
      Natural orbitals and occupation numbers for root  1
      sym 1:   1.451442   1.402542   1.320130   1.210446   0.796038   0.542210   0.594813   0.682378
 
      ************************************************************************************************************************
      *                                                                                                                      *
      *                                                    Final results                                                     *
      *                                                                                                                      *
      ************************************************************************************************************************
 
 
++    Wave function specifications:
      -----------------------------
 
      Number of closed shell electrons           0
      Number of electrons in active shells       8
      Max number of holes in RAS1 space          0
      Max nr of electrons in RAS3 space          0
      Number of inactive orbitals                0
      Number of active orbitals                  8
      Number of secondary orbitals              32
      Spin quantum number                      0.0
      State symmetry                             1
--
 
++    Orbital specifications:
      -----------------------
 
      Symmetry species                           1
                                                 a
      Frozen orbitals                            0
      Inactive orbitals                          0
      Active orbitals                            8
      RAS1 orbitals                              0
      RAS2 orbitals                              8
      RAS3 orbitals                              0
      Secondary orbitals                        32
      Deleted orbitals                           0
      Number of basis functions                 40
--
 
++    CI expansion specifications:
      ----------------------------
 
      Number of CSFs                          1764
      Number of determinants                  2485
      Number of root(s) required                 1
      CI root used                               1
      highest root included in the CI            1
      Root passed to geometry opt.               1
--
 
++    Final optimization conditions:
      ------------------------------
 
      Average CI energy                              -4.01329531
      RASSCF energy for state  1                     -4.01329531
      Super-CI energy                                -0.00000000
      RASSCF energy change                            0.00000000
      Max change in MO coefficients               0.642E-05
      Max non-diagonal density matrix element    -0.602E-05
      Maximum BLB matrix element                  0.786E-06
      (orbital pair   4,   9 in symmetry   1)
      Norm of electronic gradient            0.231E-05
--
 
 
      Final state energy(ies):
      ------------------------
 
::    RASSCF root number  1 Total energy:     -4.01329531
 
++    Molecular orbitals:
      -------------------
 
      Pseudonatural active orbitals and approximate occupation numbers
 
 
 
 
      Molecular orbitals for symmetry species 1: a  
 
 
      Orbital                1         2         3         4         5         6         7         8         9        10
      Energy            0.0000    0.0000    0.0000    0.0000    0.0000    0.0000    0.0000    0.0000    0.3326    0.3480
      Occ. No.          1.4514    1.4025    1.3201    1.2104    0.7960    0.5422    0.5948    0.6824    0.0000    0.0000
 
    1 H1     1s         0.1902   -0.3401    0.4038   -0.3266   -0.3650    0.2507    0.4304    0.4822    0.0853   -0.1123
    2 H1     2s         0.0136   -0.0253    0.0319   -0.0275   -0.0385    0.0332    0.0536    0.0552   -0.2369    0.4135
    3 H1     2px        0.0000    0.0000    0.0000   -0.0000    0.0000    0.0000   -0.0000    0.0000    0.0000   -0.0000
    4 H1     2py        0.0000    0.0000    0.0000    0.0000    0.0000    0.0000   -0.0000    0.0000    0.0000   -0.0000
    5 H1     2pz        0.0018   -0.0026    0.0023   -0.0012   -0.0010    0.0020    0.0027    0.0021    0.0147   -0.0222
    6 H2     1s         0.2619   -0.4095    0.3815   -0.2085    0.1827   -0.3842   -0.5483   -0.4353    0.1553   -0.1930
    7 H2     2s         0.0161   -0.0331    0.0439   -0.0353    0.0101   -0.0685   -0.0876   -0.0544   -0.2128    0.2804
    8 H2     2px       -0.0000   -0.0000    0.0000    0.0000   -0.0000   -0.0000    0.0000   -0.0000   -0.0000   -0.0000
    9 H2     2py       -0.0000   -0.0000    0.0000    0.0000   -0.0000    0.0000    0.0000   -0.0000    0.0000   -0.0000
   10 H2     2pz        0.0011    0.0000   -0.0026    0.0034    0.0014    0.0004    0.0007   -0.0000   -0.0001    0.0059
   11 H3     1s         0.3541   -0.2924   -0.1438    0.4383    0.4754    0.5071    0.4207   -0.1379    0.1636   -0.1150
   12 H3     2s         0.0244   -0.0166   -0.0236    0.0514    0.0599    0.0895    0.0747   -0.0121   -0.2648    0.2341
   13 H3     2px       -0.0000    0.0000   -0.0000    0.0000   -0.0000   -0.0000    0.0000   -0.0000   -0.0000    0.0000
   14 H3     2py       -0.0000    0.0000   -0.0000    0.0000   -0.0000   -0.0000    0.0000   -0.0000   -0.0000    0.0000
   15 H3     2pz        0.0004    0.0016   -0.0032    0.0018   -0.0005    0.0016    0.0008    0.0002    0.0022    0.0047
   16 H4     1s         0.3828   -0.1676   -0.3226    0.3774   -0.3910   -0.5567   -0.2025    0.4217    0.1774   -0.0509
   17 H4     2s         0.0249   -0.0190   -0.0239    0.0481   -0.0442   -0.1003   -0.0283    0.0684   -0.2809    0.0804
   18 H4     2px        0.0000   -0.0000   -0.0000   -0.0000   -0.0000   -0.0000    0.0000    0.0000    0.0000   -0.0000
   19 H4     2py        0.0000   -0.0000   -0.0000   -0.0000   -0.0000   -0.0000    0.0000    0.0000    0.0000   -0.0000
   20 H4     2pz        0.0005    0.0024   -0.0013   -0.0030   -0.0008    0.0013    0.0009   -0.0007    0.0001    0.0075
   21 H5     1s         0.3829    0.1676   -0.3226   -0.3774   -0.3909    0.5567   -0.2025   -0.4217    0.1774    0.0509
   22 H5     2s         0.0249    0.0190   -0.0239   -0.0481   -0.0442    0.1003   -0.0283   -0.0684   -0.2809   -0.0804
   23 H5     2px        0.0000   -0.0000   -0.0000   -0.0000    0.0000   -0.0000    0.0000    0.0000    0.0000   -0.0000
   24 H5     2py        0.0000   -0.0000   -0.0000   -0.0000    0.0000   -0.0000    0.0000    0.0000    0.0000   -0.0000
   25 H5     2pz       -0.0005    0.0024    0.0014   -0.0030    0.0008    0.0013   -0.0009   -0.0007   -0.0001    0.0075
   26 H6     1s         0.3541    0.2924   -0.1438   -0.4382    0.4754   -0.5071    0.4207    0.1379    0.1636    0.1150
   27 H6     2s         0.0244    0.0166   -0.0236   -0.0514    0.0599   -0.0895    0.0747    0.0121   -0.2648   -0.2341
   28 H6     2px       -0.0000    0.0000   -0.0000    0.0000   -0.0000    0.0000    0.0000   -0.0000   -0.0000    0.0000
   29 H6     2py       -0.0000    0.0000   -0.0000    0.0000   -0.0000    0.0000   -0.0000   -0.0000   -0.0000    0.0000
   30 H6     2pz       -0.0004    0.0016    0.0032    0.0018    0.0005    0.0016   -0.0008    0.0002   -0.0022    0.0047
   31 H7     1s         0.2618    0.4095    0.3815    0.2085    0.1827    0.3842   -0.5483    0.4353    0.1553    0.1930
   32 H7     2s         0.0161    0.0331    0.0439    0.0353    0.0101    0.0685   -0.0876    0.0544   -0.2128   -0.2804
   33 H7     2px        0.0000    0.0000    0.0000    0.0000   -0.0000    0.0000    0.0000    0.0000    0.0000    0.0000
   34 H7     2py        0.0000   -0.0000   -0.0000    0.0000   -0.0000    0.0000   -0.0000    0.0000   -0.0000   -0.0000
   35 H7     2pz       -0.0011    0.0000    0.0026    0.0034   -0.0014    0.0004   -0.0007   -0.0000    0.0001    0.0059
   36 H8     1s         0.1901    0.3401    0.4039    0.3266   -0.3650   -0.2507    0.4304   -0.4822    0.0853    0.1123
   37 H8     2s         0.0136    0.0253    0.0319    0.0275   -0.0385   -0.0332    0.0536   -0.0553   -0.2369   -0.4135
   38 H8     2px       -0.0000   -0.0000   -0.0000   -0.0000   -0.0000   -0.0000    0.0000   -0.0000   -0.0000   -0.0000
   39 H8     2py        0.0000   -0.0000    0.0000    0.0000   -0.0000   -0.0000    0.0000   -0.0000    0.0000    0.0000
   40 H8     2pz       -0.0018   -0.0026   -0.0023   -0.0012    0.0010    0.0020   -0.0027    0.0021   -0.0147   -0.0222
 
 
      Orbital               11        12        13        14        15        16        17        18        19        20
      Energy            0.3783    0.4282    0.4996    0.5946    0.6769    0.7398    0.7412    0.8237    0.8237    0.8450
      Occ. No.          0.0000    0.0000    0.0000    0.0000    0.0000    0.0000    0.0000    0.0000    0.0000    0.0000
 
    1 H1     1s         0.0641    0.0347    0.1372   -0.1986    0.1593   -0.1538    0.1604    0.0000    0.0000    0.0000
    2 H1     2s        -0.5156    0.5600    0.5428   -0.4561    0.2747   -0.1799    0.1857    0.0000    0.0000   -0.0000
    3 H1     2px        0.0000   -0.0000    0.0000    0.0000    0.0000   -0.0000   -0.0000    0.0045    0.1493   -0.1315
    4 H1     2py        0.0000    0.0000    0.0000    0.0000    0.0000   -0.0000   -0.0000    0.1493   -0.0045   -0.2528
    5 H1     2pz        0.0226   -0.0233   -0.0359    0.0733   -0.1026    0.3281   -0.3388   -0.0000   -0.0000    0.0000
    6 H2     1s         0.1119   -0.0241   -0.0431    0.1694   -0.2115    0.1399   -0.1563    0.0000    0.0000    0.0000
    7 H2     2s        -0.1474   -0.1499   -0.5031    0.7620   -0.6348    0.3628   -0.3924   -0.0000   -0.0000    0.0000
    8 H2     2px        0.0000    0.0000   -0.0000   -0.0000   -0.0000    0.0000    0.0000    0.0086    0.2833   -0.2035
    9 H2     2py        0.0000    0.0000   -0.0000   -0.0000   -0.0000    0.0000   -0.0000    0.2833   -0.0086   -0.3914
   10 H2     2pz       -0.0107   -0.0001   -0.0282    0.0432   -0.0060   -0.3519    0.3568    0.0000   -0.0000   -0.0000
   11 H3     1s        -0.0594    0.1004   -0.0023   -0.0286    0.2041   -0.1143    0.1613   -0.0000   -0.0000    0.0000
   12 H3     2s         0.1075   -0.4578   -0.4069   -0.1831    0.6554   -0.3227    0.4211    0.0000    0.0000   -0.0000
   13 H3     2px        0.0000    0.0000   -0.0000   -0.0000   -0.0000    0.0000    0.0000    0.0116    0.3839   -0.1797
   14 H3     2py       -0.0000    0.0000   -0.0000   -0.0000   -0.0000    0.0000    0.0000    0.3839   -0.0116   -0.3457
   15 H3     2pz       -0.0087    0.0029    0.0294   -0.1353    0.1993    0.2696   -0.2419    0.0000    0.0000   -0.0000
   16 H4     1s        -0.1326    0.0588    0.0065   -0.1234   -0.0873    0.0450   -0.1520   -0.0000   -0.0000   -0.0000
   17 H4     2s         0.3470   -0.2488    0.4442   -0.6555   -0.2721    0.1230   -0.3760   -0.0000   -0.0000    0.0000
   18 H4     2px       -0.0000   -0.0000   -0.0000    0.0000   -0.0000    0.0000    0.0000    0.0133    0.4371   -0.0714
   19 H4     2py       -0.0000   -0.0000   -0.0000    0.0000   -0.0000    0.0000    0.0000    0.4371   -0.0133   -0.1374
   20 H4     2pz       -0.0019   -0.0010    0.0214    0.0754   -0.3470   -0.1942    0.0822   -0.0000   -0.0000    0.0000
   21 H5     1s        -0.1326   -0.0588    0.0065    0.1234   -0.0873    0.0450    0.1520   -0.0000   -0.0000   -0.0000
   22 H5     2s         0.3470    0.2488    0.4442    0.6555   -0.2721    0.1231    0.3760    0.0000    0.0000   -0.0000
   23 H5     2px       -0.0000   -0.0000   -0.0000    0.0000   -0.0000    0.0000    0.0000    0.0133    0.4371    0.0714
   24 H5     2py       -0.0000   -0.0000   -0.0000    0.0000   -0.0000    0.0000    0.0000    0.4371   -0.0133    0.1374
   25 H5     2pz        0.0019   -0.0010   -0.0214    0.0754    0.3470    0.1943    0.0821    0.0000    0.0000   -0.0000
   26 H6     1s        -0.0594   -0.1004   -0.0023    0.0286    0.2041   -0.1143   -0.1613   -0.0000   -0.0000   -0.0000
   27 H6     2s         0.1075    0.4578   -0.4069    0.1831    0.6554   -0.3227   -0.4210    0.0000    0.0000    0.0000
   28 H6     2px       -0.0000    0.0000   -0.0000   -0.0000   -0.0000    0.0000    0.0000    0.0116    0.3839    0.1797
   29 H6     2py       -0.0000    0.0000   -0.0000   -0.0000    0.0000    0.0000   -0.0000    0.3839   -0.0116    0.3457
   30 H6     2pz        0.0087    0.0029   -0.0294   -0.1353   -0.1993   -0.2696   -0.2418    0.0000    0.0000    0.0000
   31 H7     1s         0.1119    0.0241   -0.0431   -0.1694   -0.2115    0.1399    0.1562    0.0000    0.0000   -0.0000
   32 H7     2s        -0.1474    0.1499   -0.5031   -0.7620   -0.6348    0.3629    0.3923   -0.0000   -0.0000    0.0000
   33 H7     2px        0.0000    0.0000   -0.0000   -0.0000   -0.0000    0.0000   -0.0000    0.0086    0.2833    0.2035
   34 H7     2py       -0.0000    0.0000   -0.0000   -0.0000    0.0000   -0.0000   -0.0000    0.2833   -0.0086    0.3914
   35 H7     2pz        0.0107   -0.0001    0.0282    0.0432    0.0060    0.3520    0.3567   -0.0000   -0.0000    0.0000
   36 H8     1s         0.0641   -0.0347    0.1372    0.1986    0.1593   -0.1539   -0.1603   -0.0000   -0.0000    0.0000
   37 H8     2s        -0.5156   -0.5600    0.5428    0.4561    0.2747   -0.1799   -0.1856    0.0000    0.0000   -0.0000
   38 H8     2px       -0.0000    0.0000   -0.0000   -0.0000   -0.0000    0.0000    0.0000    0.0045    0.1493    0.1315
   39 H8     2py        0.0000    0.0000   -0.0000   -0.0000   -0.0000   -0.0000    0.0000    0.1493   -0.0045    0.2528
   40 H8     2pz       -0.0226   -0.0233    0.0359    0.0733    0.1026   -0.3282   -0.3387    0.0000    0.0000   -0.0000
 
 
      Orbital               21        22        23        24        25        26        27        28        29        30
      Energy            0.8450    0.8787    0.8787    0.9222    0.9222    0.9721    0.9721    1.0214    1.0214    1.0639
      Occ. No.          0.0000    0.0000    0.0000    0.0000    0.0000    0.0000    0.0000    0.0000    0.0000    0.0000
 
    1 H1     1s        -0.0000    0.0000    0.0000   -0.0000   -0.0000   -0.0000   -0.0000    0.0000   -0.0000    0.0000
    2 H1     2s         0.0000   -0.0000   -0.0000   -0.0000    0.0000    0.0000    0.0000   -0.0000    0.0000   -0.0000
    3 H1     2px        0.2528    0.1132    0.3759   -0.0563   -0.4529    0.1362    0.4497   -0.2852    0.3176   -0.0292
    4 H1     2py       -0.1315    0.3759   -0.1132   -0.4529    0.0563    0.4497   -0.1362   -0.3176   -0.2852    0.3232
    5 H1     2pz       -0.0000    0.0000   -0.0000   -0.0000   -0.0000    0.0000    0.0000    0.0000   -0.0000   -0.0000
    6 H2     1s        -0.0000   -0.0000   -0.0000    0.0000    0.0000   -0.0000    0.0000   -0.0000    0.0000   -0.0000
    7 H2     2s        -0.0000    0.0000    0.0000   -0.0000   -0.0000   -0.0000   -0.0000    0.0000   -0.0000    0.0000
    8 H2     2px        0.3914    0.1148    0.3812   -0.0205   -0.1647   -0.0459   -0.1517    0.2809   -0.3128    0.0442
    9 H2     2py       -0.2035    0.3812   -0.1148   -0.1647    0.0205   -0.1517    0.0459    0.3128    0.2809   -0.4889
   10 H2     2pz        0.0000    0.0000    0.0000    0.0000    0.0000   -0.0000   -0.0000    0.0000   -0.0000    0.0000
   11 H3     1s        -0.0000   -0.0000   -0.0000   -0.0000   -0.0000    0.0000    0.0000    0.0000   -0.0000   -0.0000
   12 H3     2s         0.0000   -0.0000   -0.0000    0.0000    0.0000    0.0000    0.0000   -0.0000    0.0000   -0.0000
   13 H3     2px        0.3457    0.0005    0.0016    0.0497    0.3996   -0.1205   -0.3981    0.0032   -0.0036   -0.0387
   14 H3     2py       -0.1797    0.0016   -0.0005    0.3996   -0.0497   -0.3981    0.1205    0.0036    0.0032    0.4275
   15 H3     2pz        0.0000   -0.0000   -0.0000    0.0000    0.0000    0.0000    0.0000   -0.0000    0.0000   -0.0000
   16 H4     1s        -0.0000    0.0000    0.0000   -0.0000   -0.0000   -0.0000   -0.0000    0.0000   -0.0000    0.0000
   17 H4     2s        -0.0000    0.0000    0.0000   -0.0000   -0.0000   -0.0000   -0.0000    0.0000    0.0000    0.0000
   18 H4     2px        0.1374   -0.1136   -0.3772    0.0372    0.2994    0.0890    0.2941   -0.2825    0.3147    0.0153
   19 H4     2py       -0.0714   -0.3772    0.1136    0.2994   -0.0372    0.2941   -0.0890   -0.3147   -0.2825   -0.1691
   20 H4     2pz       -0.0000    0.0000    0.0000   -0.0000   -0.0000   -0.0000   -0.0000    0.0000    0.0000    0.0000
   21 H5     1s         0.0000   -0.0000   -0.0000    0.0000    0.0000    0.0000    0.0000    0.0000   -0.0000   -0.0000
   22 H5     2s         0.0000   -0.0000   -0.0000    0.0000    0.0000    0.0000    0.0000    0.0000   -0.0000   -0.0000
   23 H5     2px       -0.1374   -0.1136   -0.3772   -0.0372   -0.2994    0.0890    0.2941    0.2825   -0.3146    0.0153
   24 H5     2py        0.0714   -0.3772    0.1136   -0.2994    0.0372    0.2941   -0.0890    0.3146    0.2825   -0.1691
   25 H5     2pz        0.0000   -0.0000    0.0000    0.0000    0.0000   -0.0000   -0.0000    0.0000   -0.0000    0.0000
   26 H6     1s         0.0000    0.0000    0.0000   -0.0000   -0.0000   -0.0000   -0.0000   -0.0000    0.0000    0.0000
   27 H6     2s        -0.0000    0.0000    0.0000   -0.0000   -0.0000   -0.0000   -0.0000   -0.0000    0.0000    0.0000
   28 H6     2px       -0.3457    0.0005    0.0016   -0.0497   -0.3996   -0.1205   -0.3981   -0.0032    0.0036   -0.0387
   29 H6     2py        0.1797    0.0016   -0.0005   -0.3996    0.0497   -0.3981    0.1205   -0.0036   -0.0032    0.4275
   30 H6     2pz       -0.0000   -0.0000   -0.0000   -0.0000   -0.0000    0.0000    0.0000   -0.0000    0.0000   -0.0000
   31 H7     1s         0.0000   -0.0000   -0.0000    0.0000    0.0000    0.0000   -0.0000    0.0000   -0.0000   -0.0000
   32 H7     2s        -0.0000   -0.0000   -0.0000    0.0000    0.0000    0.0000    0.0000    0.0000   -0.0000   -0.0000
   33 H7     2px       -0.3914    0.1148    0.3812    0.0205    0.1647   -0.0459   -0.1517   -0.2809    0.3128    0.0442
   34 H7     2py        0.2035    0.3812   -0.1148    0.1647   -0.0205   -0.1517    0.0459   -0.3128   -0.2809   -0.4889
   35 H7     2pz       -0.0000    0.0000    0.0000   -0.0000   -0.0000   -0.0000   -0.0000   -0.0000    0.0000    0.0000
   36 H8     1s        -0.0000   -0.0000   -0.0000   -0.0000   -0.0000    0.0000    0.0000   -0.0000    0.0000   -0.0000
   37 H8     2s         0.0000    0.0000    0.0000    0.0000    0.0000   -0.0000   -0.0000   -0.0000    0.0000    0.0000
   38 H8     2px       -0.2528    0.1132    0.3759    0.0563    0.4529    0.1362    0.4497    0.2852   -0.3176   -0.0292
   39 H8     2py        0.1315    0.3759   -0.1132    0.4529   -0.0563    0.4497   -0.1362    0.3176    0.2852    0.3232
   40 H8     2pz        0.0000   -0.0000   -0.0000    0.0000    0.0000    0.0000    0.0000    0.0000   -0.0000   -0.0000
 
 
      Orbital               31        32        33        34        35        36        37        38        39        40
      Energy            1.0639    1.0929    1.0929    1.1181    1.1384    1.1551    1.2219    1.3212    1.4204    1.4947
      Occ. No.          0.0000    0.0000    0.0000    0.0000    0.0000    0.0000    0.0000    0.0000    0.0000    0.0000
 
    1 H1     1s         0.0000   -0.0000   -0.0000    0.1731    0.0499   -0.2049    0.1595   -0.1399   -0.1100    0.0624
    2 H1     2s        -0.0000   -0.0000    0.0000    0.3224    0.1195   -0.3727    0.2848   -0.2057   -0.1307    0.0636
    3 H1     2px        0.3232    0.0102   -0.1751   -0.0000   -0.0000   -0.0000    0.0000   -0.0000   -0.0000    0.0000
    4 H1     2py        0.0292   -0.1751   -0.0102   -0.0000   -0.0000   -0.0000    0.0000   -0.0000   -0.0000    0.0000
    5 H1     2pz       -0.0000   -0.0000   -0.0000    0.2903    0.2492   -0.3791    0.4958   -0.4587   -0.3520    0.1915
    6 H2     1s        -0.0000    0.0000    0.0000   -0.4524   -0.0448    0.5223   -0.2542    0.1162    0.0122    0.0221
    7 H2     2s         0.0000    0.0000   -0.0000   -0.8337   -0.0464    0.9141   -0.3678    0.1548    0.0436   -0.0064
    8 H2     2px       -0.4889   -0.0189    0.3250    0.0000    0.0000    0.0000   -0.0000    0.0000    0.0000   -0.0000
    9 H2     2py       -0.0442    0.3250    0.0189    0.0000    0.0000    0.0000   -0.0000    0.0000    0.0000   -0.0000
   10 H2     2pz        0.0000    0.0000   -0.0000   -0.2983    0.0780    0.2470    0.2259   -0.5129   -0.5860    0.3869
   11 H3     1s        -0.0000   -0.0000    0.0000    0.5331   -0.2793   -0.6235   -0.0340    0.0938    0.0288    0.0310
   12 H3     2s        -0.0000    0.0000    0.0000    0.9740   -0.5313   -1.1121   -0.0138    0.0556    0.0022    0.0271
   13 H3     2px        0.4275    0.0254   -0.4364    0.0000   -0.0000   -0.0000   -0.0000   -0.0000    0.0000    0.0000
   14 H3     2py        0.0387   -0.4364   -0.0254   -0.0000   -0.0000   -0.0000   -0.0000   -0.0000   -0.0000    0.0000
   15 H3     2pz       -0.0000    0.0000    0.0000   -0.0646   -0.5030    0.1513   -0.4814    0.0001   -0.5063    0.5189
   16 H4     1s         0.0000   -0.0000   -0.0000   -0.2411    0.6634    0.5375    0.1133    0.0878    0.0879    0.0044
   17 H4     2s         0.0000   -0.0000   -0.0000   -0.4371    1.1872    1.0038    0.1313    0.0944    0.0636   -0.0038
   18 H4     2px       -0.1691   -0.0288    0.4954    0.0000    0.0000    0.0000    0.0000    0.0000   -0.0000    0.0000
   19 H4     2py       -0.0153    0.4954    0.0288    0.0000    0.0000    0.0000    0.0000    0.0000    0.0000    0.0000
   20 H4     2pz        0.0000   -0.0000   -0.0000    0.4466    0.3094   -0.1576   -0.3274    0.4822   -0.2079    0.5961
   21 H5     1s        -0.0000    0.0000    0.0000   -0.2411   -0.6634   -0.5375    0.1133   -0.0878    0.0879   -0.0044
   22 H5     2s        -0.0000    0.0000    0.0000   -0.4371   -1.1872   -1.0038    0.1313   -0.0944    0.0636    0.0038
   23 H5     2px       -0.1691    0.0288   -0.4954    0.0000   -0.0000    0.0000    0.0000    0.0000   -0.0000    0.0000
   24 H5     2py       -0.0153   -0.4954   -0.0288   -0.0000   -0.0000    0.0000    0.0000    0.0000   -0.0000    0.0000
   25 H5     2pz        0.0000    0.0000   -0.0000   -0.4466    0.3094   -0.1576    0.3274    0.4822    0.2079    0.5961
   26 H6     1s         0.0000   -0.0000   -0.0000    0.5331    0.2793    0.6235   -0.0340   -0.0938    0.0288   -0.0310
   27 H6     2s         0.0000   -0.0000   -0.0000    0.9741    0.5313    1.1121   -0.0138   -0.0556    0.0022   -0.0271
   28 H6     2px        0.4275   -0.0254    0.4364   -0.0000   -0.0000   -0.0000   -0.0000   -0.0000   -0.0000   -0.0000
   29 H6     2py        0.0387    0.4364    0.0254   -0.0000   -0.0000   -0.0000   -0.0000   -0.0000   -0.0000   -0.0000
   30 H6     2pz       -0.0000    0.0000    0.0000    0.0646   -0.5030    0.1513    0.4814    0.0001    0.5063    0.5189
   31 H7     1s         0.0000    0.0000    0.0000   -0.4524    0.0448   -0.5223   -0.2542   -0.1162    0.0122   -0.0221
   32 H7     2s        -0.0000    0.0000    0.0000   -0.8338    0.0464   -0.9141   -0.3678   -0.1548    0.0436    0.0064
   33 H7     2px       -0.4889    0.0189   -0.3250   -0.0000    0.0000   -0.0000   -0.0000   -0.0000    0.0000    0.0000
   34 H7     2py       -0.0442   -0.3250   -0.0189   -0.0000    0.0000    0.0000   -0.0000    0.0000    0.0000    0.0000
   35 H7     2pz        0.0000   -0.0000   -0.0000    0.2983    0.0780    0.2470   -0.2259   -0.5129    0.5860    0.3869
   36 H8     1s        -0.0000   -0.0000    0.0000    0.1731   -0.0499    0.2049    0.1595    0.1399   -0.1100   -0.0624
   37 H8     2s         0.0000   -0.0000   -0.0000    0.3224   -0.1195    0.3727    0.2848    0.2057   -0.1307   -0.0636
   38 H8     2px        0.3232   -0.0102    0.1751    0.0000    0.0000    0.0000    0.0000   -0.0000    0.0000    0.0000
   39 H8     2py        0.0292    0.1751    0.0102    0.0000   -0.0000    0.0000    0.0000   -0.0000    0.0000    0.0000
   40 H8     2pz       -0.0000    0.0000    0.0000   -0.2903    0.2493   -0.3791   -0.4958   -0.4587    0.3520    0.1915
--
 
      Von Neumann Entropy (Root  1) =  3.61786
 

      Mulliken population analysis for root number:  1
      -----------------------------------------------
 
 
++    Molecular charges:
      ------------------
 
      Mulliken charges per centre and basis function type
      ---------------------------------------------------
 
                H1      H2      H3      H4      H5      H6      H7      H8    
      1s       0.9890  1.0017  1.0018  1.0014  1.0014  1.0018  1.0017  0.9890
      2s       0.0071  0.0009 -0.0030 -0.0023 -0.0023 -0.0030  0.0009  0.0071
      2px      0.0000  0.0000  0.0000  0.0000  0.0000  0.0000  0.0000  0.0000
      2pz      0.0003  0.0011  0.0010  0.0009  0.0009  0.0010  0.0011  0.0003
      2py      0.0000  0.0000  0.0000  0.0000  0.0000  0.0000  0.0000  0.0000
      Total    0.9964  1.0038  0.9998  1.0000  1.0000  0.9998  1.0038  0.9964
 
      N-E      0.0036 -0.0038  0.0002 -0.0000 -0.0000  0.0002 -0.0038  0.0036
 
      Total electronic charge=    8.000000
 
      Total            charge=   -0.000000
--
 
 

      Expectation values of various properties for root number:  1
      -----------------------------------------------------------
 
 
++    Molecular properties:
      ---------------------
 
      Charge (e):
                      =   -0.0000
      Dipole Moment (Debye):
      Origin of the operator (Ang)=    0.0000    0.0000    0.0000
                   X= -2.0510E-08               Y= -8.3902E-09               Z=  2.7010E-05           Total=  2.7010E-05
      Quadrupole Moment (Debye*Ang):
      Origin of the operator (Ang)=    0.0000    0.0000    8.2091
                  XX= -1.2253E+01              XY= -4.4237E-17              XZ=  5.6549E-08              YY= -1.2253E+01
                  YZ=  4.8413E-09              ZZ= -1.1007E+01
      In traceless form (Debye*Ang)
                  XX= -6.2292E-01              XY= -6.6355E-17              XZ=  8.4824E-08              YY= -6.2292E-01
                  YZ=  7.2620E-09              ZZ=  1.2458E+00
--
 

      LoProp population analysis for root number:  1
      -----------------------------------------------
 
 
++    LoProp analysis:
      ----------------
 
 
 
  Input file to MOLDEN was generated!
 
 
++    Static properties:
      ------------------
 
 
      LoProp Charges per center
 

                   H1       H2       H3       H4       H5       H6       H7       H8    
      Nuclear      1.0000   1.0000   1.0000   1.0000   1.0000   1.0000   1.0000   1.0000
      Electronic  -1.0001  -1.0000  -0.9999  -1.0000  -1.0000  -0.9999  -1.0000  -1.0001
 
      Total       -0.0001   0.0000   0.0001  -0.0000  -0.0000   0.0001   0.0000  -0.0001
--
 
 
      Natural Bond Order analysis for root number:  1
 
++    Natural Bond Order analysis
      ---------------------------
      Based on LoProp computed density
      -------------------------------------------------------------------------------------
      Atom A       Atom B       Bond Order
      -------------------------------------------------------------------------------------
      The remaining    8.000 electrons are to be considered as diffuse
--
 
--
 
 
  Input file to MOLDEN was generated!
 
      Average orbitals are written to the RASORB file
      Natural orbitals for root   1 are written to the RASORB.1 file
      Spin density orbitals for root   1 are written to the SPDORB.1 file
 
forrtl: warning (525): IEEE_DIVIDE_BY_ZERO is signaling
forrtl: warning (526): IEEE_INVALID is signaling
forrtl: warning (528): IEEE_UNDERFLOW is signaling
--- Stop Module: rasscf at Sun Oct 26 13:37:36 2025 /rc=_RC_ALL_IS_WELL_ ---
*** files: H8_2.35.LprOrb H8_2.35.rasscf.molden H8_2.35.LoProp.molden H8_2.35.RasOrb.1 H8_2.35.RasOrb H8_2.35.rasscf.h5 H8_2.35.SpdOrb.1 xmldump
    saved to directory /home/grierjones/DDCASPT2/hydrogen_comps/rerun/H8_chain/H8_2.35
--- Module rasscf spent 2 seconds ---

>>> COPY /tmp/H8_2.35/H8_2.35.rasscf.h5 /home/grierjones/DDCASPT2/hydrogen_comps/rerun/H8_chain/H8_2.35/

>>> COPY /tmp/H8_2.35/GMJ_Fock_MO.csv /home/grierjones/DDCASPT2/hydrogen_comps/rerun/H8_chain/H8_2.35/H8_2.35.GMJ_Fock_MO.csv

*** symbolic link created: INPORB -> H8_2.35.RasOrb
--- Start Module: motra at Sun Oct 26 13:37:36 2025 ---
 
()()()()()()()()()()()()()()()()()()()()()()()()()()()()()()()()()()()()()()()()()()()()()()()()()()

                                               &MOTRA

                                   only a single process is used
                       available to each process: 2.0 GB of memory, 1 thread?
()()()()()()()()()()()()()()()()()()()()()()()()()()()()()()()()()()()()()()()()()()()()()()()()()()
 
 
      *** WARNING: Default frozen orbitals is overwritten by user input.
      *** Default values:   0
 
      Header of the integral files:
      
       Integrals generated by seward 4.2.0  , Sun Oct 26 13:37:32 2025
 
 
      Header of MO coefficients source file:
      * RASSCF average (pseudo-natural) orbitals                                      
 
 
      Cartesian coordinates in Angstrom:
      -----------------------------------------------------
      No.  Label        X            Y            Z        
      -----------------------------------------------------
       1   H1         0.00000000   0.00000000   0.00000000
       2   H2         0.00000000   0.00000000   2.34545500
       3   H3         0.00000000   0.00000000   4.69090900
       4   H4         0.00000000   0.00000000   7.03636400
       5   H5         0.00000000   0.00000000   9.38181800
       6   H6         0.00000000   0.00000000  11.72727300
       7   H7         0.00000000   0.00000000  14.07272700
       8   H8         0.00000000   0.00000000  16.41818200
      -----------------------------------------------------
      Nuclear repulsion energy =    3.10063857
 
      Orbital specifications:
      -----------------------
 
      Symmetry species:              1
      Number of basis functions:    40
      Frozen orbitals:               0
      Deleted orbitals:              0
      Number of orbitals used:      40

       SYMMETRY  BASIS FUNCTIONS       ORBITALS      INTEGRALS   CPU(SEC)  I/O(SEC)
        1 1 1 1   40  40  40  40    40  40  40  40      336610       0.00      0.00

       TOTAL CPU TIME(SEC)    0.20TOTAL I/O TIME(SEC)    0.48
 
--- Stop Module: motra at Sun Oct 26 13:37:37 2025 /rc=_RC_ALL_IS_WELL_ ---
*** files: xmldump
    saved to directory /home/grierjones/DDCASPT2/hydrogen_comps/rerun/H8_chain/H8_2.35

>>> COPY /tmp/H8_2.35/GMJ_one_int_indx.csv /home/grierjones/DDCASPT2/hydrogen_comps/rerun/H8_chain/H8_2.35/H8_2.35.GMJ_one_int_indx.csv

>>> COPY /tmp/H8_2.35/GMJ_one_int.csv /home/grierjones/DDCASPT2/hydrogen_comps/rerun/H8_chain/H8_2.35/H8_2.35.GMJ_one_int.csv

>>> COPY /tmp/H8_2.35/GMJ_two_int_indx.csv /home/grierjones/DDCASPT2/hydrogen_comps/rerun/H8_chain/H8_2.35/H8_2.35.GMJ_two_int_indx.csv

>>> COPY /tmp/H8_2.35/GMJ_two_int.csv /home/grierjones/DDCASPT2/hydrogen_comps/rerun/H8_chain/H8_2.35/H8_2.35.GMJ_two_int.csv

*** symbolic link created: INPORB -> H8_2.35.RasOrb
--- Start Module: caspt2 at Sun Oct 26 13:37:37 2025 ---
 
()()()()()()()()()()()()()()()()()()()()()()()()()()()()()()()()()()()()()()()()()()()()()()()()()()

                                              &CASPT2

                                   only a single process is used
                       available to each process: 2.0 GB of memory, 1 thread?
()()()()()()()()()()()()()()()()()()()()()()()()()()()()()()()()()()()()()()()()()()()()()()()()()()
 
 Cholesky algorithm in CASPT2 =    1
 
 ###############################################################################
 ###############################################################################
 ###                                                                         ###
 ###                                                                         ###
 ###    User changed nr of frozen orbitals.                                  ###
 ###                                                                         ###
 ###                                                                         ###
 ###############################################################################
 ###############################################################################
 
++    Wave function specifications:
      -----------------------------
 
      Number of closed shell electrons           0
      Number of electrons in active shells       8
      Max number of holes in RAS1 space          0
      Max number of electrons in RAS3 space      0
      Number of inactive orbitals                0
      Number of active orbitals                  8
      Number of secondary orbitals              32
      Spin quantum number                      0.0
      State symmetry                             1
      Number of CSFs                          1764
      Number of root(s) available                1
      Root passed to geometry opt.               1
      A file JOBMIX will be created.
      This is a CASSCF or RASSCF reference function
--
 
++    Orbital specifications:
      -----------------------
 
      Symmetry species                           1
                                                 a
      Frozen orbitals                            0
      Inactive orbitals                          0
      Active orbitals                            8
      Secondary orbitals                        32
      Deleted orbitals                           0
      Number of basis functions                 40
--
 
      Type of Fock operator: STANDARD
      Type of 0-order Hamiltonian: STANDARD WITH DEFAULT IPEA
        "IP-EA" denominator shift =      0.25
      The input orbitals and the CI vector will be transformed.
 
--------------------------------------------------------------------------------
 Estimated memory requirements:
  POLY3 :                   450746
  RHS:                      417296
  SIGMA :                   326032
  PRPCTL:                        0
 Available workspace:    230388092
 
++ CASPT2 computation for group   1
 
********************************************************************************
 Multi-State initialization phase begins for group   1
--------------------------------------------------------------------------------
********************************************************************************
 Compute H0 matrices for state    1
--------------------------------------------------------------------------------
--------------------------------------------------------------------------------
 H0 matrices have been computed.
 
********************************************************************************
  CASPT2 EQUATION SOLUTION
--------------------------------------------------------------------------------
 
  Total nr of CASPT2 parameters:
   Before reduction:       49280
   After  reduction:       48832
 
 The contributions to the second order correlation energy in atomic units.
-----------------------------------------------------------------------------------------------------------------------------
  IT.      VJTU        VJTI        ATVX        AIVX        VJAI        BVAT        BJAT        BJAI        TOTAL       RNORM  
-----------------------------------------------------------------------------------------------------------------------------
   1     0.000000    0.000000   -0.001494    0.000000    0.000000   -0.003729    0.000000    0.000000   -0.005223    0.000850
   2     0.000000    0.000000   -0.001509    0.000000    0.000000   -0.003734    0.000000    0.000000   -0.005243    0.000139
   3     0.000000    0.000000   -0.001511    0.000000    0.000000   -0.003734    0.000000    0.000000   -0.005245    0.000034
   4     0.000000    0.000000   -0.001510    0.000000    0.000000   -0.003734    0.000000    0.000000   -0.005244    0.000005
-------------------------------------------------------------------------------------------------------------------
 
  FINAL CASPT2 RESULT:
 
  Correlation energy /Case, /Symm, and sums:
 VJTU      0.00000000  0.00000000
 VJTIP     0.00000000  0.00000000
 VJTIM     0.00000000  0.00000000
 ATVX     -0.00150987 -0.00150987
 AIVX      0.00000000  0.00000000
 VJAIP     0.00000000  0.00000000
 VJAIM     0.00000000  0.00000000
 BVATP    -0.00344781 -0.00344781
 BVATM    -0.00028667 -0.00028667
 BJATP     0.00000000  0.00000000
 BJATM     0.00000000  0.00000000
 BJAIP     0.00000000  0.00000000
 BJAIM     0.00000000  0.00000000
 Summed:  -0.00524436 -0.00524436
 
      Reference energy:          -4.0132953060
      E2 (Non-variational):      -0.0052443563
      E2 (Variational):          -0.0052443699
      Total energy:              -4.0185396758
      Residual norm:              0.0000009386
      Reference weight:           0.99664
 
      Contributions to the CASPT2 correlation energy
      Active & Virtual Only:         -0.0052443563
      One Inactive Excited:           0.0000000000
      Two Inactive Excited:           0.0000000000
 
 
++ Denominators, etc.
----------------------------------------------------------------------------------------------------
 Report on small energy denominators, large coefficients, and large energy contributions.
CASE  SYMM ACTIVE-MIX  NON-ACTIVE INDICES          DENOMINATOR     RHS VALUE       COEFFICIENT     CONTRIBUTION
--
 
   (Skipping property calculation,
    use PROP keyword to activate)
--
 
  Total CASPT2 energies:
::    CASPT2 Root  1     Total energy:     -4.01853968
 
  A NEW JOBIPH FILE NAMED 'JOBMIX' IS PREPARED.
********************************************************************************
forrtl: warning (528): IEEE_UNDERFLOW is signaling
--- Stop Module: caspt2 at Sun Oct 26 13:37:37 2025 /rc=_RC_ALL_IS_WELL_ ---
*** files: xmldump
    saved to directory /home/grierjones/DDCASPT2/hydrogen_comps/rerun/H8_chain/H8_2.35

>>> EXPORT i = B

>>> EXPORT j = P

>>> IF (-FILE GMJ_e2_${i}_${j}_1_.csv)
(Skipped)

>>> END FOREACH

>>> EXPORT j = M

>>> IF (-FILE GMJ_e2_${i}_${j}_1_.csv)
(Skipped)

>>> END FOREACH

>>> END FOREACH

>>> EXPORT i = E

>>> EXPORT j = P

>>> IF (-FILE GMJ_e2_${i}_${j}_1_.csv)
(Skipped)

>>> END FOREACH

>>> EXPORT j = M

>>> IF (-FILE GMJ_e2_${i}_${j}_1_.csv)
(Skipped)

>>> END FOREACH

>>> END FOREACH

>>> EXPORT i = F

>>> EXPORT j = P

>>> IF (-FILE GMJ_e2_${i}_${j}_1_.csv)

>>> COPY /tmp/H8_2.35/GMJ_RHS_F_P_1_.csv /home/grierjones/DDCASPT2/hydrogen_comps/rerun/H8_chain/H8_2.35/GMJ_RHS_F_P_1_.csv

>>> COPY /tmp/H8_2.35/GMJ_IVECW_F_P_1_.csv /home/grierjones/DDCASPT2/hydrogen_comps/rerun/H8_chain/H8_2.35/GMJ_IVECW_F_P_1_.csv

>>> COPY /tmp/H8_2.35/GMJ_IVECX_F_P_1_.csv /home/grierjones/DDCASPT2/hydrogen_comps/rerun/H8_chain/H8_2.35/GMJ_IVECX_F_P_1_.csv

>>> COPY /tmp/H8_2.35/GMJ_IVECC2_F_P_1_.csv /home/grierjones/DDCASPT2/hydrogen_comps/rerun/H8_chain/H8_2.35/GMJ_IVECC2_F_P_1_.csv

>>> COPY /tmp/H8_2.35/GMJ_e2_F_P_1_.csv /home/grierjones/DDCASPT2/hydrogen_comps/rerun/H8_chain/H8_2.35/GMJ_e2_F_P_1_.csv

>>> END FOREACH

>>> EXPORT j = M

>>> IF (-FILE GMJ_e2_${i}_${j}_1_.csv)

>>> COPY /tmp/H8_2.35/GMJ_RHS_F_M_1_.csv /home/grierjones/DDCASPT2/hydrogen_comps/rerun/H8_chain/H8_2.35/GMJ_RHS_F_M_1_.csv

>>> COPY /tmp/H8_2.35/GMJ_IVECW_F_M_1_.csv /home/grierjones/DDCASPT2/hydrogen_comps/rerun/H8_chain/H8_2.35/GMJ_IVECW_F_M_1_.csv

>>> COPY /tmp/H8_2.35/GMJ_IVECX_F_M_1_.csv /home/grierjones/DDCASPT2/hydrogen_comps/rerun/H8_chain/H8_2.35/GMJ_IVECX_F_M_1_.csv

>>> COPY /tmp/H8_2.35/GMJ_IVECC2_F_M_1_.csv /home/grierjones/DDCASPT2/hydrogen_comps/rerun/H8_chain/H8_2.35/GMJ_IVECC2_F_M_1_.csv

>>> COPY /tmp/H8_2.35/GMJ_e2_F_M_1_.csv /home/grierjones/DDCASPT2/hydrogen_comps/rerun/H8_chain/H8_2.35/GMJ_e2_F_M_1_.csv

>>> END FOREACH

>>> END FOREACH

>>> EXPORT i = G

>>> EXPORT j = P

>>> IF (-FILE GMJ_e2_${i}_${j}_1_.csv)
(Skipped)

>>> END FOREACH

>>> EXPORT j = M

>>> IF (-FILE GMJ_e2_${i}_${j}_1_.csv)
(Skipped)

>>> END FOREACH

>>> END FOREACH

>>> EXPORT i = H

>>> EXPORT j = P

>>> IF (-FILE GMJ_e2_${i}_${j}_1_.csv)
(Skipped)

>>> END FOREACH

>>> EXPORT j = M

>>> IF (-FILE GMJ_e2_${i}_${j}_1_.csv)
(Skipped)

>>> END FOREACH

>>> END FOREACH

>>> EXPORT i = A

>>> IF (-FILE GMJ_e2_${i}_1_.csv)
(Skipped)

>>> END FOREACH

>>> EXPORT i = C

>>> IF (-FILE GMJ_e2_${i}_1_.csv)

>>> COPY /tmp/H8_2.35/GMJ_RHS_C_1_.csv /home/grierjones/DDCASPT2/hydrogen_comps/rerun/H8_chain/H8_2.35/GMJ_RHS_C_1_.csv

>>> COPY /tmp/H8_2.35/GMJ_IVECW_C_1_.csv /home/grierjones/DDCASPT2/hydrogen_comps/rerun/H8_chain/H8_2.35/GMJ_IVECW_C_1_.csv

>>> COPY /tmp/H8_2.35/GMJ_IVECX_C_1_.csv /home/grierjones/DDCASPT2/hydrogen_comps/rerun/H8_chain/H8_2.35/GMJ_IVECX_C_1_.csv

>>> COPY /tmp/H8_2.35/GMJ_IVECC2_C_1_.csv /home/grierjones/DDCASPT2/hydrogen_comps/rerun/H8_chain/H8_2.35/GMJ_IVECC2_C_1_.csv

>>> COPY /tmp/H8_2.35/GMJ_e2_C_1_.csv /home/grierjones/DDCASPT2/hydrogen_comps/rerun/H8_chain/H8_2.35/GMJ_e2_C_1_.csv

>>> END FOREACH

>>> EXPORT i = D

>>> IF (-FILE GMJ_e2_${i}_1_.csv)
(Skipped)

>>> END FOREACH

.########################.
.# Non-zero return code #.
.########################.

    Timing: Wall=5.28 User=4.26 System=1.00
***************************************
*** WorkDir at /tmp/H8_2.35 cleaned ***
***************************************
