   This run of MOLCAS is using the pymolcas driver

                             OPE
                             OPE          NMOL  CASOP  ENMOLC A   SO
                 OPE        NMOLC        AS  OP EN  MO LC     AS  OP
                OPENM       OL CA        SO  PE NM  OL CA     SOP EN
                OP EN      MO   LC       AS  OP ENMOL  CASO   PENMOL
                OP  EN     MO   LC       AS  OP EN     MO     LC ASO
               OP   E  NMOL  C  AS       OP  EN MO     LC     AS  OP
               OP  E   NMO   LC AS        OPEN  MO     LCASOP EN   M
               O  PEN   MO  LCA  SO
            OPE   NMO   L   CAS    OP
        OPENMOL  CASOP     ENMOL   CASOPE
     OPENMOLCA   SOPENMOLCASOPEN   MOLCASOPE
    OPENMOLCAS   OP           EN   MOL    CAS
    OPENMOLCAS       OP  ENM        O     LCA
    OPENMOLCAS    OPEN  MOLCASO     P  E  NMO
    OPENMOLCAS     OP               E  N  MOL
    OPENMOLCA   SO           PENM   O  L  CAS    OPEN    MO    LCAS
    OPENMOLCA   SOP           ENM   O  L  CAS   OP  EN  MOLC  AS   O
    OPENMOLCA   SOPE           NM      O  LCA   S      OP  EN MO
    OPENMOLC                AS         O  PEN   M      OL  CA  SOPE
    OPENMO        LCASOPE  NMOL        C  ASO   P      ENMOLC     AS
    OPE     NMO      LCA  SO     P     E   NM   OL  CA SO  PE N   MO
          OPENMOLCA            SOPE   NMO        LCAS  O    P  ENMO
     OPENMOLCASOPENMOLCASOPENMOLCASOPENMOLCA
        OPENMOLCASOPENMOLCASOPENMOLCASOPE
            OPENMOLCASOPENMOLCASOPENM
               OPENMOLCASOPENMOLCA        version: f37762c57
                   OPENMOLCASO
                       OPE                tag:

 OpenMolcas is free software; you can redistribute it and/or modify it
 under the terms of the GNU Lesser General Public License version 2.1.
 OpenMolcas is distributed in the hope that it will be useful, but it
 is provided "as is" and without any express or implied warranties.
 For more details see the full text of the license in the file
 LICENSE or in <http://www.gnu.org/licenses/>.

                 Copyright (C) The OpenMolcas Authors
           For the author list and the recommended citation,
                   consult the file CONTRIBUTORS.md

           *************************************************
           * pymolcas version py2.28                       *
           *   build c4a6d18ded8cb6cad61d2372a9abd97c      *
           *   (after the EMIL interpreter by V. Veryazov) *
           *************************************************

configuration info
------------------
C Compiler ID: Intel
C flags: -std=gnu99 -gcc-sys
Fortran Compiler ID: IntelLLVM
Fortran flags: -standard-semantics -fltconsistency -fpp -i8 -heap-arrays
Definitions: _MOLCAS_;_I8_;_LINUX_
Parallel: OFF (GA=OFF)


   --------------------------------------------------------------------------------------
  |
  |              Project: H8_2.32
  |       Submitted from: ${LOCALHOME}/DDCASPT2/hydrogen_comps/rerun/H8_chain/H8_2.32
  |         Scratch area: /tmp/H8_2.32
  |      Save outputs to: ${LOCALHOME}/DDCASPT2/hydrogen_comps/rerun/H8_chain/H8_2.32
  |               Molcas: ${LOCALHOME}/Test/build
  |
  | Scratch area is empty
  |
  |       MOLCAS_DRIVER = /usr/local/pymolcas
  | MOLCAS_KEEP_WORKDIR = NO
  |  MOLCAS_NEW_WORKDIR = YES
  |       MOLCAS_NPROCS = 1
  |        MOLCAS_PRINT = NORMAL
  |       MOLCAS_SOURCE = ${LOCALHOME}/Test
  |    MOLCAS_STRUCTURE = 0
  |
   --------------------------------------------------------------------------------------

++ ---------   Input file   ---------

&GATEWAY
coord=H8_2.32.xyz
Basis = ANO-RCC-VDZP
Group = nosymm
End of Input

&SEWARD
End of Input

&SCF

>>> COPY $WorkDir/H8_2.32.scf.h5 $CurrDir/

&RASSCF
Title= RASSCF
FileOrb
${LOCALHOME}/DDCASPT2/hydrogen_comps/rerun/H8_chain/H8_0.60/H8_0.60.RasOrb
NACTEL
8 0 0
Inactive
0
RAS2
8
Symmetry
1
Spin
1
orblisting
all

>>> COPY $WorkDir/H8_2.32.rasscf.h5 $CurrDir/

>>> COPY $WorkDir/DDCASPT2_Fock_MO.csv $CurrDir/H8_2.32.DDCASPT2_Fock_MO.csv

&MOTRA
Frozen=0
LUMORB

>>> COPY $WorkDir/DDCASPT2_one_int_indx.csv $CurrDir/H8_2.32.DDCASPT2_one_int_indx.csv

>>> COPY $WorkDir/DDCASPT2_one_int.csv $CurrDir/H8_2.32.DDCASPT2_one_int.csv

>>> COPY $WorkDir/DDCASPT2_two_int_indx.csv $CurrDir/H8_2.32.DDCASPT2_two_int_indx.csv

>>> COPY $WorkDir/DDCASPT2_two_int.csv $CurrDir/H8_2.32.DDCASPT2_two_int.csv

&CASPT2
Frozen
0

MAXITER
50

>>> FOREACH i IN (B,E,F,G,H)

  >>> FOREACH j IN (P,M)

    >>> IF (-FILE DDCASPT2_e2_${i}_${j}_1_.csv)

      >>> COPY $WorkDir/DDCASPT2_RHS_${i}_${j}_1_.csv $CurrDir/DDCASPT2_RHS_${i}_${j}_1_.csv

      >>> COPY $WorkDir/DDCASPT2_IVECW_${i}_${j}_1_.csv $CurrDir/DDCASPT2_IVECW_${i}_${j}_1_.csv

      >>> COPY $WorkDir/DDCASPT2_IVECX_${i}_${j}_1_.csv $CurrDir/DDCASPT2_IVECX_${i}_${j}_1_.csv

      >>> COPY $WorkDir/DDCASPT2_IVECC2_${i}_${j}_1_.csv $CurrDir/DDCASPT2_IVECC2_${i}_${j}_1_.csv

      >>> COPY $WorkDir/DDCASPT2_e2_${i}_${j}_1_.csv $CurrDir/DDCASPT2_e2_${i}_${j}_1_.csv

    >>> END IF

  >>> END FOREACH

>>> END FOREACH

>>> FOREACH i IN (A,C,D)

  >>> IF (-FILE DDCASPT2_e2_${i}_1_.csv)

    >>> COPY $WorkDir/DDCASPT2_RHS_${i}_1_.csv $CurrDir/DDCASPT2_RHS_${i}_1_.csv

    >>> COPY $WorkDir/DDCASPT2_IVECW_${i}_1_.csv $CurrDir/DDCASPT2_IVECW_${i}_1_.csv

    >>> COPY $WorkDir/DDCASPT2_IVECX_${i}_1_.csv $CurrDir/DDCASPT2_IVECX_${i}_1_.csv

    >>> COPY $WorkDir/DDCASPT2_IVECC2_${i}_1_.csv $CurrDir/DDCASPT2_IVECC2_${i}_1_.csv

    >>> COPY $WorkDir/DDCASPT2_e2_${i}_1_.csv $CurrDir/DDCASPT2_e2_${i}_1_.csv

  >>> END IF

>>> END FOREACH

-- ----------------------------------

--- Start Module: gateway at Sun Oct 26 13:36:55 2025 ---
 
()()()()()()()()()()()()()()()()()()()()()()()()()()()()()()()()()()()()()()()()()()()()()()()()()()

                                              &GATEWAY

                                   only a single process is used
                       available to each process: 2.0 GB of memory, 1 thread?
()()()()()()()()()()()()()()()()()()()()()()()()()()()()()()()()()()()()()()()()()()()()()()()()()()
 
 
++    Symmetry information:
      ---------------------
 
                    Character Table for C1 
 
                             E  
                    a        1  x, y, xy, Rz, z, xz, Ry, yz, Rx, I
--
 
 
++    Basis set information:
      ----------------------
 
 
      Basis set label: H.ANO-RCC...2S1P.
 
      Electronic valence basis set:
      ------------------
      Associated Effective Charge   1.000000 au
      Associated Actual Charge      1.000000 au
      Nuclear Model: Point charge
 
      Shell  nPrim  nBasis  Cartesian Spherical Contaminant
         s       8       2        X                  
         p       4       1        X                  
--
 
 
++    Molecular structure info:
      -------------------------
 
                    ************************************************ 
                    **** Cartesian Coordinates / Bohr, Angstrom **** 
                    ************************************************ 
 
     Center  Label                x              y              z                     x              y              z
        1      H1               0.000000       0.000000       0.000000              0.000000       0.000000       0.000000
        2      H2               0.000000       0.000000       4.386455              0.000000       0.000000       2.321212
        3      H3               0.000000       0.000000       8.772910              0.000000       0.000000       4.642424
        4      H4               0.000000       0.000000      13.159365              0.000000       0.000000       6.963636
        5      H5               0.000000       0.000000      17.545820              0.000000       0.000000       9.284848
        6      H6               0.000000       0.000000      21.932277              0.000000       0.000000      11.606061
        7      H7               0.000000       0.000000      26.318732              0.000000       0.000000      13.927273
        8      H8               0.000000       0.000000      30.705187              0.000000       0.000000      16.248485
 
                    *************************************** 
                    *    InterNuclear Distances / Bohr    * 
                    *************************************** 
 
               1 H1            2 H2            3 H3            4 H4            5 H5            6 H6    
    1 H1       0.000000
    2 H2       4.386455        0.000000
    3 H3       8.772910        4.386455        0.000000
    4 H4      13.159365        8.772910        4.386455        0.000000
    5 H5      17.545820       13.159365        8.772910        4.386455        0.000000
    6 H6      21.932277       17.545822       13.159367        8.772912        4.386457        0.000000
    7 H7      26.318732       21.932277       17.545822       13.159367        8.772912        4.386455
    8 H8      30.705187       26.318732       21.932277       17.545822       13.159367        8.772910
 
               7 H7            8 H8    
    7 H7       0.000000
    8 H8       4.386455        0.000000
 
                    ******************************************* 
                    *    InterNuclear Distances / Angstrom    * 
                    ******************************************* 
 
               1 H1            2 H2            3 H3            4 H4            5 H5            6 H6    
    1 H1       0.000000
    2 H2       2.321212        0.000000
    3 H3       4.642424        2.321212        0.000000
    4 H4       6.963636        4.642424        2.321212        0.000000
    5 H5       9.284848        6.963636        4.642424        2.321212        0.000000
    6 H6      11.606061        9.284849        6.963637        4.642425        2.321213        0.000000
    7 H7      13.927273       11.606061        9.284849        6.963637        4.642425        2.321212
    8 H8      16.248485       13.927273       11.606061        9.284849        6.963637        4.642424
 
               7 H7            8 H8    
    7 H7       0.000000
    8 H8       2.321212        0.000000
--
 
 
            Nuclear Potential Energy              3.13302116 au
 
--- Stop Module: gateway at Sun Oct 26 13:36:55 2025 /rc=_RC_ALL_IS_WELL_ ---
*** files: xmldump
    saved to directory ${LOCALHOME}/DDCASPT2/hydrogen_comps/rerun/H8_chain/H8_2.32

--- Start Module: seward at Sun Oct 26 13:36:55 2025 ---
 
()()()()()()()()()()()()()()()()()()()()()()()()()()()()()()()()()()()()()()()()()()()()()()()()()()

                                              &SEWARD

                                   only a single process is used
                       available to each process: 2.0 GB of memory, 1 thread?
()()()()()()()()()()()()()()()()()()()()()()()()()()()()()()()()()()()()()()()()()()()()()()()()()()
 
               SEWARD will generate:
                  Multipole Moment integrals up to order  2
                  Kinetic Energy integrals
                  Nuclear Attraction integrals (point charge)
                  One-Electron Hamiltonian integrals
                  Velocity integrals
                  Relativistic Douglas-Kroll-Hess integrals:
                    - Parametrization         : EXP
                    - DKH order of Hamiltonian: 2
                    - DKH order of Properties : 0
                         - multipole moment operators
                         - electric potential operators
                         - contact operators
                  Atomic mean-field integrals
                  Two-Electron Repulsion integrals
 
                   Integrals are discarded if absolute value <: 0.10E-13
                   Integral cutoff threshold is set to       <: 0.10E-15
 
            Nuclear Potential Energy              3.13302116 au
 
 
      Basis set specifications :
      Symmetry species         a  
      Basis functions           40
 
 
  Input file to MOLDEN was generated!
 
forrtl: warning (525): IEEE_DIVIDE_BY_ZERO is signaling
forrtl: warning (526): IEEE_INVALID is signaling
forrtl: warning (528): IEEE_UNDERFLOW is signaling
--- Stop Module: seward at Sun Oct 26 13:36:56 2025 /rc=_RC_ALL_IS_WELL_ ---
*** files: H8_2.32.GssOrb H8_2.32.guessorb.h5 H8_2.32.guessorb.molden xmldump
    saved to directory ${LOCALHOME}/DDCASPT2/hydrogen_comps/rerun/H8_chain/H8_2.32

*** symbolic link created: INPORB -> H8_2.32.GssOrb
--- Start Module: scf at Sun Oct 26 13:36:56 2025 ---
 
()()()()()()()()()()()()()()()()()()()()()()()()()()()()()()()()()()()()()()()()()()()()()()()()()()

                                                &SCF

                                   only a single process is used
                       available to each process: 2.0 GB of memory, 1 thread?
()()()()()()()()()()()()()()()()()()()()()()()()()()()()()()()()()()()()()()()()()()()()()()()()()()
 
++    Input section:
      --------------
 
      Header of the integral files:
      
       Integrals generated by seward 4.2.0  , Sun Oct 26 13:36:55 2025
 
 
      Cartesian coordinates in Angstrom:
      -----------------------------------------------------
      No.  Label        X            Y            Z        
      -----------------------------------------------------
       1   H1         0.00000000   0.00000000   0.00000000
       2   H2         0.00000000   0.00000000   2.32121200
       3   H3         0.00000000   0.00000000   4.64242400
       4   H4         0.00000000   0.00000000   6.96363600
       5   H5         0.00000000   0.00000000   9.28484800
       6   H6         0.00000000   0.00000000  11.60606100
       7   H7         0.00000000   0.00000000  13.92727300
       8   H8         0.00000000   0.00000000  16.24848500
      -----------------------------------------------------
      Nuclear repulsion energy =    3.13302116
--
 
++    Orbital specifications:
      -----------------------
 
      Symmetry species               1
                                     a
      Frozen orbitals                0
      Occupied orbitals              4
      Secondary orbitals            36
      Deleted orbitals               0
      Total number of orbitals      40
      Number of basis functions     40
--
 
      Molecular charge                           0.000
 
++    Optimization specifications:
      ----------------------------
 
      SCF Algorithm: Conventional
      Minimized density differences are used
      Number of density matrices in core                5
      Maximum number of NDDO SCF iterations           400
      Maximum number of HF SCF iterations             400
      Threshold for SCF energy change            0.10E-08
      Threshold for density matrix               0.10E-03
      Threshold for Fock matrix                  0.15E-03
      Threshold for linear dependence            0.10E-08
      Threshold at which DIIS is turned on       0.15E+00
      Threshold at which QNR/C2DIIS is turned on 0.75E-01
      Threshold for Norm(delta) (QNR/C2DIIS)     0.20E-04
      DIIS extrapolation of the SCF procedure
      All orbitals punched on: SCFORB
--
 
      Input vectors read from INPORB
      Orbital file label: *Guess orbitals
 
 
++ Convergence information
                                   SCF        iterations: Energy and convergence statistics
 
Iter     Tot. SCF        One-elec.       Two-elec.     Energy      Max Dij or  Max Fij      DNorm      TNorm      AccCon     Time
         Energy          Energy          Energy        Change      Delta Norm                                                in Sec.
   1    -3.321556877   -10.443179281     3.988601247   0.00E+00    0.37E+00*   0.12E+00*    0.43E+01   0.80E+01   None         0.
   2    -3.530028352   -10.410419799     3.747370291  -0.21E+00*   0.13E+00*   0.23E-01*    0.13E+01   0.77E+01   EDIIS        0.
   3    -3.540880070   -10.349974657     3.676073431  -0.11E-01*   0.77E-01*   0.89E-02*    0.29E+00   0.77E+01   EDIIS        0.
   4    -3.542996620   -10.352179136     3.676161359  -0.21E-02*   0.44E-01*   0.66E-02*    0.14E+00   0.77E+01   c2DIIS       0.
   5    -3.543879896   -10.342569704     3.665668651  -0.88E-03*   0.15E-01*   0.25E-02*    0.31E-01   0.77E+01   QNRc2DIIS    0.
   6    -3.544036136   -10.346799338     3.669742045  -0.16E-03*   0.16E-01*   0.13E-02*    0.99E-02   0.77E+01   QNRc2DIIS    0.
   7    -3.544112105   -10.345479974     3.668346713  -0.76E-04*   0.29E-02*   0.36E-03*    0.49E-02   0.77E+01   QNRc2DIIS    0.
   8    -3.544114186   -10.344469749     3.667334406  -0.21E-05*   0.63E-03*   0.15E-03*    0.18E-02   0.77E+01   QNRc2DIIS    0.
   9    -3.544114525   -10.344564911     3.667429230  -0.34E-06*   0.66E-04*   0.90E-05     0.31E-03   0.77E+01   QNRc2DIIS    0.
  10    -3.544114528   -10.344556297     3.667420614  -0.22E-08*   0.18E-04    0.22E-05     0.11E-03   0.77E+01   QNRc2DIIS    0.
  11    -3.544114528   -10.344557308     3.667421624  -0.14E-09    0.44E-05    0.50E-06     0.96E-05   0.77E+01   QNRc2DIIS    0.
 
       Convergence after 11 Macro Iterations
--
 
 *****************************************************************************************************************************
 *                                                                                                                           *
 *                                             SCF/KS-DFT Program, Final results                                             *
 *                                                                                                                           *
 *                                                                                                                           *
 *                                                                                                                           *
 *                                                       Final Results                                                       *
 *                                                                                                                           *
 *****************************************************************************************************************************
 
::    Total SCF energy                                 -3.5441145277
      One-electron energy                             -10.3445573082
      Two-electron energy                               3.6674216244
      Nuclear repulsion energy                          3.1330211562
      Kinetic energy (interpolated)                     2.6509948336
      Virial theorem                                    1.3368998244
      Total spin, S(S+1)                                0.0000000000
      Total spin, S                                     0.0000000000
      Max non-diagonal density matrix element           0.0000044510
      Max non-diagonal Fock matrix element              0.0000003225
 
 
      All orbitals with orbital energies smaller than  E(LUMO)+0.5 are printed
 
++    Molecular orbitals:
      -------------------
 
      Title: SCF orbitals

      Molecular orbitals for symmetry species 1: a  
 
          Orbital            1         2         3         4         5         6         7         8         9        10    
          Energy           -0.4100   -0.3926   -0.3660   -0.3362   -0.1439   -0.1023   -0.0588   -0.0253    0.3221    0.3378
          Occ. No.          2.0000    2.0000    2.0000    2.0000    0.0000    0.0000    0.0000    0.0000    0.0000    0.0000
 
        1 H1     1s         0.1624   -0.3054    0.3868   -0.3160    0.3799   -0.5140    0.4525   -0.2603   -0.1169    0.1687
        2 H1     2s         0.0260   -0.0517    0.0717   -0.0646    0.1215   -0.1786    0.1670   -0.0985    0.2396   -0.4113
        3 H1     2px       -0.0000    0.0000    0.0000   -0.0000    0.0000   -0.0000    0.0000   -0.0000    0.0000   -0.0000
        4 H1     2py       -0.0000    0.0000   -0.0000    0.0000    0.0000   -0.0000    0.0000   -0.0000   -0.0000   -0.0000
        5 H1     2pz        0.0071   -0.0118    0.0123   -0.0080   -0.0027    0.0100   -0.0166    0.0140   -0.0190    0.0276
        6 H2     1s         0.2263   -0.3775    0.3892   -0.2433   -0.1938    0.4622   -0.5948    0.4223   -0.1816    0.2173
        7 H2     2s         0.0314   -0.0689    0.0961   -0.0773   -0.0555    0.1632   -0.2234    0.1579    0.2084   -0.2734
        8 H2     2px       -0.0000   -0.0000    0.0000   -0.0000    0.0000   -0.0000    0.0000    0.0000    0.0000   -0.0000
        9 H2     2py       -0.0000    0.0000    0.0000   -0.0000    0.0000    0.0000    0.0000    0.0000   -0.0000    0.0000
       10 H2     2pz       -0.0005    0.0047   -0.0117    0.0130   -0.0180    0.0173   -0.0030   -0.0069    0.0035   -0.0104
       11 H3     1s         0.3453   -0.2891   -0.1415    0.4088   -0.4636    0.1278    0.4831   -0.5756   -0.1942    0.1507
       12 H3     2s         0.0566   -0.0424   -0.0471    0.1068   -0.1525    0.0394    0.1815   -0.2118    0.2604   -0.2280
       13 H3     2px        0.0000   -0.0000    0.0000   -0.0000   -0.0000    0.0000   -0.0000    0.0000    0.0000   -0.0000
       14 H3     2py        0.0000   -0.0000   -0.0000   -0.0000   -0.0000    0.0000   -0.0000    0.0000   -0.0000    0.0000
       15 H3     2pz        0.0066   -0.0001   -0.0112    0.0113    0.0135   -0.0211    0.0069    0.0110   -0.0055   -0.0035
       16 H4     1s         0.3706   -0.1909   -0.2798    0.3736    0.3874   -0.4271   -0.2319    0.6374   -0.2108    0.0502
       17 H4     2s         0.0563   -0.0468   -0.0503    0.1032    0.1237   -0.1579   -0.0836    0.2352    0.2737   -0.0782
       18 H4     2px        0.0000    0.0000    0.0000    0.0000    0.0000    0.0000   -0.0000   -0.0000   -0.0000   -0.0000
       19 H4     2py       -0.0000    0.0000   -0.0000   -0.0000   -0.0000   -0.0000    0.0000   -0.0000   -0.0000   -0.0000
       20 H4     2pz       -0.0041    0.0093   -0.0005   -0.0138    0.0187    0.0047   -0.0209    0.0026    0.0029   -0.0096
       21 H5     1s         0.3706    0.1909   -0.2798   -0.3736    0.3874    0.4271   -0.2319   -0.6374   -0.2108   -0.0502
       22 H5     2s         0.0563    0.0468   -0.0503   -0.1032    0.1237    0.1579   -0.0836   -0.2352    0.2737    0.0782
       23 H5     2px       -0.0000   -0.0000   -0.0000    0.0000   -0.0000   -0.0000    0.0000   -0.0000    0.0000   -0.0000
       24 H5     2py        0.0000   -0.0000    0.0000   -0.0000   -0.0000    0.0000    0.0000   -0.0000   -0.0000    0.0000
       25 H5     2pz        0.0041    0.0093    0.0005   -0.0138   -0.0187    0.0047    0.0209    0.0026   -0.0029   -0.0096
       26 H6     1s         0.3453    0.2891   -0.1415   -0.4088   -0.4636   -0.1278    0.4831    0.5756   -0.1942   -0.1507
       27 H6     2s         0.0566    0.0424   -0.0471   -0.1068   -0.1525   -0.0394    0.1815    0.2118    0.2604    0.2280
       28 H6     2px       -0.0000    0.0000    0.0000   -0.0000   -0.0000    0.0000    0.0000    0.0000   -0.0000   -0.0000
       29 H6     2py        0.0000    0.0000   -0.0000   -0.0000   -0.0000    0.0000   -0.0000   -0.0000   -0.0000    0.0000
       30 H6     2pz       -0.0066   -0.0001    0.0112    0.0113   -0.0135   -0.0211   -0.0069    0.0110    0.0055   -0.0035
       31 H7     1s         0.2263    0.3775    0.3892    0.2433   -0.1938   -0.4622   -0.5948   -0.4223   -0.1816   -0.2173
       32 H7     2s         0.0314    0.0689    0.0961    0.0773   -0.0555   -0.1632   -0.2234   -0.1579    0.2084    0.2734
       33 H7     2px       -0.0000    0.0000    0.0000    0.0000   -0.0000   -0.0000   -0.0000   -0.0000   -0.0000   -0.0000
       34 H7     2py        0.0000    0.0000    0.0000   -0.0000    0.0000    0.0000    0.0000    0.0000    0.0000    0.0000
       35 H7     2pz        0.0005    0.0047    0.0117    0.0130    0.0180    0.0173    0.0030   -0.0069   -0.0035   -0.0104
       36 H8     1s         0.1624    0.3054    0.3868    0.3160    0.3799    0.5140    0.4525    0.2603   -0.1169   -0.1687
       37 H8     2s         0.0260    0.0517    0.0717    0.0646    0.1215    0.1786    0.1670    0.0985    0.2396    0.4113
       38 H8     2px        0.0000    0.0000    0.0000   -0.0000   -0.0000    0.0000   -0.0000   -0.0000    0.0000    0.0000
       39 H8     2py        0.0000   -0.0000    0.0000   -0.0000   -0.0000    0.0000    0.0000    0.0000    0.0000   -0.0000
       40 H8     2pz       -0.0071   -0.0118   -0.0123   -0.0080    0.0027    0.0100    0.0166    0.0140    0.0190    0.0276
--
 
 
++    Molecular charges:
      ------------------
 
      Mulliken charges per centre and basis function type
      ---------------------------------------------------
 
                H1      H2      H3      H4      H5      H6      H7      H8    
      1s       0.8800  0.9445  0.9172  0.9230  0.9230  0.9172  0.9445  0.8800
      2s       0.0755  0.0851  0.0733  0.0757  0.0757  0.0733  0.0851  0.0755
      2px      0.0000  0.0000  0.0000  0.0000  0.0000  0.0000  0.0000  0.0000
      2pz      0.0057  0.0068  0.0067  0.0066  0.0066  0.0067  0.0068  0.0057
      2py      0.0000  0.0000  0.0000  0.0000  0.0000  0.0000  0.0000  0.0000
      Total    0.9612  1.0365  0.9971  1.0053  1.0053  0.9971  1.0365  0.9612
 
      N-E      0.0388 -0.0365  0.0029 -0.0053 -0.0053  0.0029 -0.0365  0.0388
 
      Total electronic charge=    8.000000
 
      Total            charge=   -0.000000
--
 
 
  Input file to MOLDEN was generated!
 
 
++    Static properties:
      ------------------
 
 
      LoProp Charges per center
 

                   H1       H2       H3       H4       H5       H6       H7       H8    
      Nuclear      1.0000   1.0000   1.0000   1.0000   1.0000   1.0000   1.0000   1.0000
      Electronic  -0.9775  -1.0187  -0.9986  -1.0052  -1.0052  -0.9986  -1.0187  -0.9775
 
      Total        0.0225  -0.0187   0.0014  -0.0052  -0.0052   0.0014  -0.0187   0.0225
--
 
 
++    Natural Bond Order analysis
      ---------------------------
      Based on LoProp computed density
      -------------------------------------------------------------------------------------
      Atom A       Atom B       Bond Order
      -------------------------------------------------------------------------------------
      NBO located      0.962 non-bonded electrons on atom H1        
      NBO located      1.006 non-bonded electrons on atom H3        
      NBO located      1.013 non-bonded electrons on atom H4        
      NBO located      1.013 non-bonded electrons on atom H5        
      NBO located      1.006 non-bonded electrons on atom H6        
      NBO located      0.962 non-bonded electrons on atom H8        
      The remaining    2.035 electrons are to be considered as diffuse
--
 
 
++    Molecular properties:
      ---------------------
 
      Charge (e):
                      =   -0.0000
      Dipole Moment (Debye):
      Origin of the operator (Ang)=    0.0000    0.0000    0.0000
                   X= -6.6558E-14               Y=  7.4815E-14               Z=  1.4338E-07           Total=  1.4338E-07
      Quadrupole Moment (Debye*Ang):
      Origin of the operator (Ang)=    0.0000    0.0000    8.1242
                  XX= -1.8229E+01              XY=  1.4214E-28              XZ=  4.3684E-13              YY= -1.8229E+01
                  YZ= -7.0155E-13              ZZ=  7.9395E-01
      In traceless form (Debye*Ang)
                  XX= -9.5117E+00              XY=  2.1321E-28              XZ=  6.5526E-13              YY= -9.5117E+00
                  YZ= -1.0523E-12              ZZ=  1.9023E+01
--
 
 
  Input file to MOLDEN was generated!
 
 ###############################################################################
 ###############################################################################
 ###                                                                         ###
 ###                                                                         ###
 ###    RunFile label nBas                                                   ###
 ###    was used       78 times                                              ###
 ###                                                                         ###
 ###                                                                         ###
 ###############################################################################
 ###############################################################################
forrtl: warning (528): IEEE_UNDERFLOW is signaling
--- Stop Module: scf at Sun Oct 26 13:36:56 2025 /rc=_RC_ALL_IS_WELL_ ---
*** files: H8_2.32.LprOrb H8_2.32.LoProp.molden H8_2.32.scf.molden H8_2.32.ScfOrb H8_2.32.scf.h5 xmldump
    saved to directory ${LOCALHOME}/DDCASPT2/hydrogen_comps/rerun/H8_chain/H8_2.32

>>> COPY /tmp/H8_2.32/H8_2.32.scf.h5 ${LOCALHOME}/DDCASPT2/hydrogen_comps/rerun/H8_chain/H8_2.32/

*** symbolic link created: INPORB -> H8_2.32.ScfOrb
--- Start Module: rasscf at Sun Oct 26 13:36:56 2025 ---
 
()()()()()()()()()()()()()()()()()()()()()()()()()()()()()()()()()()()()()()()()()()()()()()()()()()

                                              &RASSCF

                                   only a single process is used
                       available to each process: 2.0 GB of memory, 1 thread?
()()()()()()()()()()()()()()()()()()()()()()()()()()()()()()()()()()()()()()()()()()()()()()()()()()
 
 
      Header of the ONEINT file:
      --------------------------
      
      Integrals generated by seward 4.2.0  , Sun Oct 26 13:36:55 2025
 
 
      OrdInt status: non-squared
 
 
      Cartesian coordinates in Angstrom:
      -----------------------------------------------------
      No.  Label        X            Y            Z        
      -----------------------------------------------------
       1   H1         0.00000000   0.00000000   0.00000000
       2   H2         0.00000000   0.00000000   2.32121200
       3   H3         0.00000000   0.00000000   4.64242400
       4   H4         0.00000000   0.00000000   6.96363600
       5   H5         0.00000000   0.00000000   9.28484800
       6   H6         0.00000000   0.00000000  11.60606100
       7   H7         0.00000000   0.00000000  13.92727300
       8   H8         0.00000000   0.00000000  16.24848500
      -----------------------------------------------------
      Nuclear repulsion energy =    3.13302116
 
++    Wave function specifications:
      -----------------------------
 
      Number of closed shell electrons           0
      Number of electrons in active shells       8
      Max number of holes in RAS1 space          0
      Max nr of electrons in RAS3 space          0
      Number of inactive orbitals                0
      Number of active orbitals                  8
      Number of secondary orbitals              32
      Spin quantum number                      0.0
      State symmetry                             1
--
 
++    Orbital specifications:
      -----------------------
 
      Symmetry species                           1
                                                 a
      Frozen orbitals                            0
      Inactive orbitals                          0
      Active orbitals                            8
      RAS1 orbitals                              0
      RAS2 orbitals                              8
      RAS3 orbitals                              0
      Secondary orbitals                        32
      Deleted orbitals                           0
      Number of basis functions                 40
--
 
++    CI expansion specifications:
      ----------------------------
 
      Number of CSFs                          1764
      Number of determinants                  2485
      Number of root(s) required                 1
      Root chosen for geometry opt.              1
      CI root used                               1
         
      highest root included in the CI            1
      max. size of the explicit Hamiltonian    200
--
 
++    Optimization specifications:
      ----------------------------
 
      RASSCF algorithm: Conventional
      Maximum number of macro iterations       200
      Maximum number of SX iterations          100
      Threshold for RASSCF energy            0.100E-07
      Threshold for max MO rotation          0.100E+00
      Threshold for max BLB element          0.100E-03
      Level shift parameter                  0.500E+00
      Make Quasi-Newton update
--
 
      The MO-coefficients are taken from the file:
      ${LOCALHOME}/DDCASPT2/hydrogen_comps/rerun/H8_chain/H8_0.60/H8_0.60.RasOrb                                                  
      Title: RASSCF average (pseudo-natural) orbitals                                      
 
      Total molecular charge    0.00
 
      ************************************************************************************************************************
      *                                                                                                                      *
      *                                            Wave function control section                                             *
      *                                                                                                                      *
      ************************************************************************************************************************
 
 
                                         RASSCF iterations: Energy and convergence statistics
                                         ----------------------------------------------------
 
      Iter CI   SX   CI       RASSCF       Energy    max ROT     max BLB   max BLB  Level Ln srch  Step   QN   Walltime
          iter iter root      energy       change     param      element    value   shift minimum  type update hh:mm:ss
 Nr of preliminary CI iterations:   8
        1   1  100    1    -2.63496964    0.00E+00  -0.32E+00*   7  24 1  0.33E+00*  0.42   0.00    SX    NO    0:00:00
        2   6  100    1    -3.28738626   -0.65E+00* -0.49E+00*   3  18 1  0.22E+00*  0.32   0.00    SX    NO    0:00:00
        3   6   83    1    -3.65386055   -0.37E+00*  0.28E+00*   2  10 1  0.17E+00*  0.14   0.00    SX    NO    0:00:00
        4  11   55    1    -3.76658406   -0.11E+00* -0.86E-01    2  10 1  0.44E-01*  0.12   0.00    SX    NO    0:00:00
        5   9   77    1    -3.77807946   -0.11E-01*  0.14E+00*   1  24 1  0.11E-01*  0.13   1.39    QN   YES    0:00:00
        6  11   50    1    -3.78531399   -0.72E-02*  0.31E+00*   2  10 1 -0.14E-01*  0.13   2.50    QN   YES    0:00:00
        7  14  100    1    -3.78688492   -0.16E-02* -0.12E+00*   2  10 1 -0.81E-01*  0.12   0.61    QN   YES    0:00:00
        8   7  100    1    -3.79281218   -0.59E-02*  0.31E-01    2  10 1 -0.56E-01*  0.12   1.05    QN   YES    0:00:00
        9   5  100    1    -3.79138129    0.14E-02* -0.21E+00*   2  10 1 -0.61E-01*  0.12  -0.50    QN   YES    0:00:00
       10  10   42    1    -3.80210720   -0.11E-01* -0.14E+00*   8  10 1 -0.30E-01*  0.15   2.50    LS   YES    0:00:00
       11   7  100    1    -3.80498222   -0.29E-02*  0.67E-01    8  10 1 -0.35E-01*  0.13   0.85    QN   YES    0:00:00
       12   6  100    1    -3.80311699    0.19E-02*  0.64E-01    8  10 1 -0.28E-01*  0.14  -0.36    SX   YES    0:00:00
       13   9  100    1    -3.82020065   -0.17E-01*  0.66E-01    8  18 1 -0.29E-01*  0.14   2.50    LS   YES    0:00:00
       14   6  100    1    -3.84208935   -0.22E-01*  0.26E+00*   8   9 1  0.36E-01*  0.12   2.50    QN   YES    0:00:00
       15   5  100    1    -3.84258732   -0.50E-03*  0.13E+00*   8  10 1  0.89E-01*  0.08   0.51    SX   YES    0:00:00
       16  18  100    1    -3.88563647   -0.43E-01*  0.27E+00*   8  10 1  0.68E-01*  0.02   2.50    QN   YES    0:00:00
       17   6   18    1    -3.94649496   -0.61E-01* -0.11E+00*   5   9 1  0.36E-01*  0.00   1.52    SX   YES    0:00:00
       18   6  100    1    -3.98597505   -0.39E-01* -0.99E-01    5   9 1  0.44E-01*  0.00   2.48    LS   YES    0:00:00
       19   5   60    1    -4.01042300   -0.24E-01*  0.12E+00*   5   9 1  0.16E-01*  0.00   1.20    QN   YES    0:00:00
       20   6  100    1    -3.94852090    0.62E-01* -0.60E-01    8  10 1 -0.76E-01*  0.00  -0.03    LS   YES    0:00:00
       21   4  100    1    -3.99322149   -0.45E-01* -0.44E-01    8  10 1 -0.40E-01*  0.00   1.94    LS   YES    0:00:00
       22   4   24    1    -4.00905068   -0.16E-01*  0.22E-01    5  32 1 -0.19E-01*  0.00   1.40    QN   YES    0:00:00
       23  10   16    1    -4.01428470   -0.52E-02*  0.14E-01    5  15 1 -0.71E-02*  0.00   1.21    QN   YES    0:00:00
       24   9   14    1    -4.01488270   -0.60E-03* -0.19E-01    8  10 1  0.72E-02*  0.00   0.77    QN   YES    0:00:00
       25  17   14    1    -4.01498778   -0.11E-03*  0.78E-02    7   9 1  0.50E-02*  0.00   0.57    LS   YES    0:00:00
       26  10   14    1    -4.01519078   -0.20E-03* -0.32E-02    8  10 1  0.46E-02*  0.00   1.08    QN   YES    0:00:00
       27   4   14    1    -4.01516955    0.21E-04*  0.44E-02    8   9 1 -0.39E-02*  0.00   0.32    SX   YES    0:00:00
       28  11   12    1    -4.01529245   -0.12E-03*  0.16E-02    8   9 1 -0.10E-02*  0.00   1.27    QN   YES    0:00:00
       29   3   10    1    -4.01530036   -0.79E-05*  0.13E-03    7  12 1 -0.66E-04   0.00   1.00    QN   YES    0:00:00
       30   8    8    1    -4.01530054   -0.18E-06*  0.47E-04    1  24 1 -0.40E-04   0.00   0.96    QN   YES    0:00:00
       31   8    8    1    -4.01530057   -0.26E-07*  0.24E-04    8  15 1 -0.25E-04   0.00   1.00    QN   YES    0:00:00
       32   1    8    1    -4.01530057   -0.13E-08  -0.65E-05    2  15 1  0.20E-04   0.00   0.72    QN   YES    0:00:00
      Convergence after 32 iterations
 
  Dmat in MO in SXCTL bf call to SXHAM                                                                                    
  mat. size =     8x    8
 
        1.4527096275644589
        0.0044623745313794      1.2165260029283467
       -0.0470284751408447      0.0058917598184545      1.2384734690428907
       -0.0031027886571822     -0.0199359888001424     -0.0087611901190830      1.2203095648034374
        0.0667142874322127     -0.0114203256130997      0.1436400281722423      0.0263656615827261      0.6348034383185254
       -0.0009205463609844      0.2303060310176802     -0.0067868757494619      0.0023987817498658      0.0239108744844162
        0.6585306737220212
       -0.0370421135585781      0.0167704734260448     -0.1616143150080356     -0.0071621170152738     -0.0732226328532143
       -0.0011975502665069      0.8421819862316019
       -0.0069197618978799      0.2775564871726318     -0.0003318929369255     -0.0407928165980045     -0.0162210814977846
        0.0293860684947777     -0.0324079073165066      0.7364652373887238
       33   1    8    1    -4.01530057    0.33E-11  -0.65E-05    2  15 1  0.16E-04   0.00   0.72    QN   YES    0:00:00
 
      ************************************************************************************************************************
                                                      Wave function printout:
                       occupation of active orbitals, and spin coupling of open shells (u,d: Spin up or down)
      ************************************************************************************************************************
 
      Note: transformation to natural orbitals
      has been made, which may change the order of the CSFs.
 
      printout of CI-coefficients larger than  0.05 for root  1
      energy=      -4.015301
      conf/sym  11111111     Coeff  Weight
             1  22220000  -0.42920 0.18421
            23  22200020   0.21898 0.04795
            27  22200002   0.05813 0.00338
            29  22udud00   0.05191 0.00269
            36  22ud00ud  -0.22760 0.05180
            41  2u2du0d0  -0.18141 0.03291
            45  2u2d0u0d   0.07345 0.00540
            47  2u2d0002   0.07054 0.00498
            52  u22d0ud0  -0.19721 0.03889
            54  u22du00d   0.09876 0.00975
            58  22022000   0.05593 0.00313
            61  2202u0d0  -0.07028 0.00494
            63  22020020   0.06025 0.00363
            67  22020002   0.13970 0.01952
            72  2ud20ud0  -0.09909 0.00982
            74  2ud2u00d   0.18460 0.03408
            76  2ud200ud  -0.05066 0.00257
            78  u2d22000   0.05409 0.00293
            81  u2d2u0d0  -0.07625 0.00581
            85  u2d20u0d   0.14665 0.02151
            88  20222000   0.11068 0.01225
            95  20220u0d   0.05446 0.00297
            97  20220002   0.05839 0.00341
            99  ud22ud00   0.14230 0.02025
           106  ud2200ud  -0.05609 0.00315
           108  02222000   0.05048 0.00255
           110  02220200   0.10753 0.01156
           123  22uu00dd   0.06490 0.00421
           125  2u2ud0d0  -0.06501 0.00423
           132  u22u0dd0  -0.07667 0.00588
           573  22000022  -0.12330 0.01520
           586  2ud0u02d   0.13197 0.01742
           607  u2d00u2d   0.11348 0.01288
           617  20202020  -0.09085 0.00825
           638  ud20ud20  -0.08974 0.00805
           659  02200220  -0.08342 0.00696
           691  2u0du0d2  -0.10762 0.01158
           712  u20d0ud2  -0.09315 0.00868
           722  20ud20ud   0.08596 0.00739
           743  udududud   0.12665 0.01604
           764  02ud02ud   0.07480 0.00559
           785  uudduudd   0.12809 0.01641
           795  u02d2ud0  -0.07610 0.00579
           816  0u2du2d0  -0.07603 0.00578
           848  20022002  -0.07765 0.00603
           869  ud02ud02  -0.07024 0.00493
           890  02020202  -0.06307 0.00398
           900  u0d22u0d   0.07449 0.00555
           921  0ud2u20d   0.07349 0.00540
           934  00222200  -0.05561 0.00309
          1602  20002022   0.07715 0.00595
          1613  ud00ud22   0.08804 0.00775
          1624  02000222   0.05889 0.00347
          1627  u0d02u2d   0.07257 0.00527
          1638  0ud0u22d   0.08003 0.00640
          1660  u00d2ud2  -0.07765 0.00603
          1671  0u0du2d2  -0.06233 0.00388
          1676  00ud22ud  -0.06435 0.00414
          1764  00002222  -0.07369 0.00543
 
      Natural orbitals and occupation numbers for root  1
      sym 1:   1.464714   1.415070   1.330912   1.218015   0.582145   0.528649   0.788791   0.671703
 
      ************************************************************************************************************************
      *                                                                                                                      *
      *                                                    Final results                                                     *
      *                                                                                                                      *
      ************************************************************************************************************************
 
 
++    Wave function specifications:
      -----------------------------
 
      Number of closed shell electrons           0
      Number of electrons in active shells       8
      Max number of holes in RAS1 space          0
      Max nr of electrons in RAS3 space          0
      Number of inactive orbitals                0
      Number of active orbitals                  8
      Number of secondary orbitals              32
      Spin quantum number                      0.0
      State symmetry                             1
--
 
++    Orbital specifications:
      -----------------------
 
      Symmetry species                           1
                                                 a
      Frozen orbitals                            0
      Inactive orbitals                          0
      Active orbitals                            8
      RAS1 orbitals                              0
      RAS2 orbitals                              8
      RAS3 orbitals                              0
      Secondary orbitals                        32
      Deleted orbitals                           0
      Number of basis functions                 40
--
 
++    CI expansion specifications:
      ----------------------------
 
      Number of CSFs                          1764
      Number of determinants                  2485
      Number of root(s) required                 1
      CI root used                               1
      highest root included in the CI            1
      Root passed to geometry opt.               1
--
 
++    Final optimization conditions:
      ------------------------------
 
      Average CI energy                              -4.01530057
      RASSCF energy for state  1                     -4.01530057
      Super-CI energy                                -0.00000000
      RASSCF energy change                            0.00000000
      Max change in MO coefficients               0.748E-05
      Max non-diagonal density matrix element    -0.647E-05
      Maximum BLB matrix element                  0.163E-04
      (orbital pair   2,  15 in symmetry   1)
      Norm of electronic gradient            0.530E-04
--
 
 
      Final state energy(ies):
      ------------------------
 
::    RASSCF root number  1 Total energy:     -4.01530057
 
++    Molecular orbitals:
      -------------------
 
      Pseudonatural active orbitals and approximate occupation numbers
 
 
 
 
      Molecular orbitals for symmetry species 1: a  
 
 
      Orbital                1         2         3         4         5         6         7         8         9        10
      Energy            0.0000    0.0000    0.0000    0.0000    0.0000    0.0000    0.0000    0.0000    0.3325    0.3482
      Occ. No.          1.4647    1.4151    1.3309    1.2180    0.5821    0.5286    0.7888    0.6717    0.0000    0.0000
 
    1 H1     1s         0.1891   -0.3387    0.4031   -0.3269    0.4315    0.2512   -0.3664    0.4836   -0.0855   -0.1118
    2 H1     2s         0.0134   -0.0251    0.0318   -0.0276    0.0537    0.0332   -0.0386    0.0554    0.2389    0.4170
    3 H1     2px       -0.0000    0.0000   -0.0000    0.0000   -0.0000   -0.0000    0.0000   -0.0000    0.0000    0.0000
    4 H1     2py        0.0000    0.0000    0.0000    0.0000   -0.0000   -0.0000    0.0000   -0.0000    0.0000    0.0000
    5 H1     2pz        0.0019   -0.0028    0.0024   -0.0013    0.0028    0.0020   -0.0011    0.0021   -0.0156   -0.0237
    6 H2     1s         0.2609   -0.4084    0.3812   -0.2091   -0.5510   -0.3865    0.1827   -0.4368   -0.1564   -0.1944
    7 H2     2s         0.0159   -0.0331    0.0443   -0.0359   -0.0885   -0.0693    0.0100   -0.0548    0.2114    0.2773
    8 H2     2px       -0.0000    0.0000    0.0000    0.0000   -0.0000   -0.0000    0.0000   -0.0000   -0.0000    0.0000
    9 H2     2py       -0.0000    0.0000    0.0000    0.0000   -0.0000   -0.0000    0.0000   -0.0000    0.0000    0.0000
   10 H2     2pz        0.0011    0.0000   -0.0027    0.0036    0.0008    0.0004    0.0015   -0.0001    0.0003    0.0067
   11 H3     1s         0.3531   -0.2920   -0.1429    0.4380    0.4239    0.5104    0.4761   -0.1368   -0.1640   -0.1144
   12 H3     2s         0.0242   -0.0164   -0.0238    0.0519    0.0757    0.0906    0.0604   -0.0119    0.2641    0.2332
   13 H3     2px       -0.0000    0.0000   -0.0000    0.0000   -0.0000    0.0000    0.0000    0.0000   -0.0000   -0.0000
   14 H3     2py       -0.0000    0.0000   -0.0000    0.0000   -0.0000    0.0000    0.0000    0.0000   -0.0000   -0.0000
   15 H3     2pz        0.0005    0.0017   -0.0034    0.0020    0.0009    0.0017   -0.0006    0.0002   -0.0024    0.0052
   16 H4     1s         0.3819   -0.1672   -0.3217    0.3773   -0.2033   -0.5606   -0.3913    0.4235   -0.1779   -0.0511
   17 H4     2s         0.0247   -0.0191   -0.0239    0.0487   -0.0286   -0.1015   -0.0445    0.0693    0.2797    0.0796
   18 H4     2px        0.0000   -0.0000    0.0000   -0.0000    0.0000   -0.0000   -0.0000    0.0000   -0.0000   -0.0000
   19 H4     2py        0.0000   -0.0000    0.0000   -0.0000    0.0000   -0.0000   -0.0000    0.0000   -0.0000   -0.0000
   20 H4     2pz        0.0005    0.0025   -0.0014   -0.0032    0.0009    0.0013   -0.0009   -0.0007   -0.0001    0.0083
   21 H5     1s         0.3819    0.1672   -0.3220   -0.3771   -0.2033    0.5606   -0.3910   -0.4237   -0.1779    0.0511
   22 H5     2s         0.0247    0.0191   -0.0239   -0.0486   -0.0286    0.1015   -0.0444   -0.0693    0.2797   -0.0796
   23 H5     2px       -0.0000   -0.0000    0.0000   -0.0000    0.0000    0.0000   -0.0000    0.0000   -0.0000   -0.0000
   24 H5     2py       -0.0000   -0.0000    0.0000   -0.0000    0.0000    0.0000   -0.0000    0.0000   -0.0000   -0.0000
   25 H5     2pz       -0.0005    0.0025    0.0014   -0.0032   -0.0009    0.0013    0.0009   -0.0007    0.0001    0.0083
   26 H6     1s         0.3530    0.2920   -0.1433   -0.4380    0.4238   -0.5103    0.4761    0.1372   -0.1640    0.1144
   27 H6     2s         0.0242    0.0164   -0.0238   -0.0519    0.0757   -0.0905    0.0604    0.0120    0.2641   -0.2332
   28 H6     2px        0.0000    0.0000   -0.0000    0.0000   -0.0000    0.0000    0.0000    0.0000    0.0000   -0.0000
   29 H6     2py        0.0000    0.0000   -0.0000    0.0000   -0.0000    0.0000    0.0000    0.0000    0.0000   -0.0000
   30 H6     2pz       -0.0005    0.0017    0.0034    0.0020   -0.0009    0.0017    0.0006    0.0003    0.0024    0.0052
   31 H7     1s         0.2608    0.4085    0.3813    0.2089   -0.5512    0.3864    0.1824    0.4367   -0.1564    0.1944
   32 H7     2s         0.0159    0.0330    0.0443    0.0359   -0.0885    0.0692    0.0099    0.0548    0.2113   -0.2773
   33 H7     2px        0.0000    0.0000   -0.0000    0.0000   -0.0000   -0.0000    0.0000   -0.0000    0.0000    0.0000
   34 H7     2py        0.0000    0.0000   -0.0000    0.0000   -0.0000   -0.0000    0.0000   -0.0000    0.0000    0.0000
   35 H7     2pz       -0.0011    0.0000    0.0028    0.0036   -0.0008    0.0004   -0.0015   -0.0001   -0.0003    0.0067
   36 H8     1s         0.1890    0.3389    0.4032    0.3266    0.4316   -0.2512   -0.3661   -0.4837   -0.0855    0.1119
   37 H8     2s         0.0134    0.0251    0.0318    0.0276    0.0537   -0.0332   -0.0386   -0.0554    0.2389   -0.4170
   38 H8     2px        0.0000    0.0000    0.0000    0.0000   -0.0000   -0.0000    0.0000   -0.0000   -0.0000    0.0000
   39 H8     2py        0.0000    0.0000    0.0000    0.0000   -0.0000   -0.0000    0.0000   -0.0000   -0.0000    0.0000
   40 H8     2pz       -0.0019   -0.0028   -0.0024   -0.0013   -0.0028    0.0020    0.0011    0.0021    0.0156   -0.0237
 
 
      Orbital               11        12        13        14        15        16        17        18        19        20
      Energy            0.3792    0.4304    0.5037    0.6003    0.6802    0.7392    0.7415    0.8196    0.8196    0.8415
      Occ. No.          0.0000    0.0000    0.0000    0.0000    0.0000    0.0000    0.0000    0.0000    0.0000    0.0000
 
    1 H1     1s         0.0617    0.0396    0.1437   -0.2038    0.1552    0.1623    0.1629   -0.0000    0.0000    0.0000
    2 H1     2s        -0.5198    0.5644    0.5463   -0.4558    0.2635    0.1844    0.1804    0.0000    0.0000   -0.0000
    3 H1     2px       -0.0000    0.0000    0.0000   -0.0000    0.0000   -0.0000    0.0000    0.1390   -0.0537   -0.2648
    4 H1     2py       -0.0000    0.0000    0.0000   -0.0000    0.0000   -0.0000    0.0000    0.0537    0.1390   -0.1041
    5 H1     2pz        0.0240   -0.0244   -0.0367    0.0739   -0.0929   -0.3318   -0.3389   -0.0000   -0.0000    0.0000
    6 H2     1s         0.1128   -0.0255   -0.0471    0.1753   -0.2081   -0.1490   -0.1565    0.0000    0.0000   -0.0000
    7 H2     2s        -0.1421   -0.1580   -0.5139    0.7707   -0.6199   -0.3848   -0.3900   -0.0000   -0.0000   -0.0000
    8 H2     2px       -0.0000    0.0000    0.0000   -0.0000   -0.0000   -0.0000    0.0000    0.2638   -0.1018   -0.4097
    9 H2     2py       -0.0000    0.0000    0.0000   -0.0000   -0.0000   -0.0000    0.0000    0.1018    0.2638   -0.1610
   10 H2     2pz       -0.0127    0.0026   -0.0259    0.0430   -0.0166    0.3518    0.3576    0.0000   -0.0000   -0.0000
   11 H3     1s        -0.0609    0.1006   -0.0033   -0.0305    0.2021    0.1233    0.1601   -0.0000    0.0000    0.0000
   12 H3     2s         0.1084   -0.4588   -0.4056   -0.1896    0.6465    0.3490    0.4180    0.0000    0.0000    0.0000
   13 H3     2px        0.0000   -0.0000   -0.0000    0.0000   -0.0000   -0.0000    0.0000    0.3575   -0.1380   -0.3619
   14 H3     2py        0.0000   -0.0000   -0.0000    0.0000   -0.0000   -0.0000    0.0000    0.1380    0.3575   -0.1422
   15 H3     2pz       -0.0098    0.0031    0.0279   -0.1351    0.2087   -0.2618   -0.2431    0.0000    0.0000    0.0000
   16 H4     1s        -0.1327    0.0587    0.0080   -0.1267   -0.0868   -0.0489   -0.1494   -0.0000    0.0000    0.0000
   17 H4     2s         0.3470   -0.2484    0.4480   -0.6613   -0.2695   -0.1344   -0.3686    0.0000   -0.0000   -0.0000
   18 H4     2px        0.0000   -0.0000   -0.0000    0.0000   -0.0000   -0.0000    0.0000    0.4071   -0.1571   -0.1438
   19 H4     2py        0.0000   -0.0000   -0.0000    0.0000   -0.0000   -0.0000    0.0000    0.1571    0.4071   -0.0565
   20 H4     2pz       -0.0025   -0.0028    0.0195    0.0754   -0.3558    0.1797    0.0827   -0.0000   -0.0000   -0.0000
   21 H5     1s        -0.1327   -0.0587    0.0080    0.1267   -0.0868   -0.0489    0.1494    0.0000    0.0000    0.0000
   22 H5     2s         0.3470    0.2484    0.4481    0.6613   -0.2696   -0.1343    0.3687   -0.0000    0.0000    0.0000
   23 H5     2px        0.0000   -0.0000   -0.0000    0.0000   -0.0000   -0.0000    0.0000    0.4070   -0.1571    0.1439
   24 H5     2py        0.0000   -0.0000   -0.0000    0.0000   -0.0000   -0.0000    0.0000    0.1571    0.4070    0.0565
   25 H5     2pz        0.0025   -0.0028   -0.0195    0.0754    0.3558   -0.1796    0.0827    0.0000    0.0000    0.0000
   26 H6     1s        -0.0609   -0.1007   -0.0033    0.0305    0.2021    0.1232   -0.1601   -0.0000   -0.0000   -0.0000
   27 H6     2s         0.1084    0.4588   -0.4056    0.1896    0.6465    0.3489   -0.4181    0.0000   -0.0000    0.0000
   28 H6     2px        0.0000   -0.0000   -0.0000    0.0000   -0.0000   -0.0000    0.0000    0.3575   -0.1380    0.3619
   29 H6     2py        0.0000   -0.0000   -0.0000    0.0000   -0.0000   -0.0000    0.0000    0.1380    0.3575    0.1422
   30 H6     2pz        0.0098    0.0031   -0.0279   -0.1351   -0.2087    0.2618   -0.2432    0.0000   -0.0000    0.0000
   31 H7     1s         0.1128    0.0256   -0.0471   -0.1753   -0.2081   -0.1490    0.1565    0.0000    0.0000    0.0000
   32 H7     2s        -0.1421    0.1580   -0.5139   -0.7707   -0.6199   -0.3846    0.3900   -0.0000   -0.0000   -0.0000
   33 H7     2px       -0.0000    0.0000    0.0000   -0.0000   -0.0000   -0.0000    0.0000    0.2637   -0.1018    0.4097
   34 H7     2py       -0.0000    0.0000    0.0000   -0.0000   -0.0000   -0.0000    0.0000    0.1018    0.2637    0.1610
   35 H7     2pz        0.0127    0.0026    0.0259    0.0430    0.0166   -0.3517    0.3577   -0.0000   -0.0000   -0.0000
   36 H8     1s         0.0617   -0.0396    0.1437    0.2039    0.1552    0.1623   -0.1630    0.0000   -0.0000   -0.0000
   37 H8     2s        -0.5198   -0.5645    0.5463    0.4558    0.2635    0.1843   -0.1805    0.0000    0.0000    0.0000
   38 H8     2px        0.0000    0.0000    0.0000   -0.0000   -0.0000   -0.0000    0.0000    0.1390   -0.0537    0.2648
   39 H8     2py        0.0000    0.0000    0.0000   -0.0000   -0.0000   -0.0000    0.0000    0.0537    0.1390    0.1041
   40 H8     2pz       -0.0240   -0.0244    0.0368    0.0739    0.0929    0.3317   -0.3390    0.0000    0.0000    0.0000
 
 
      Orbital               21        22        23        24        25        26        27        28        29        30
      Energy            0.8415    0.8764    0.8764    0.9213    0.9213    0.9730    0.9730    1.0242    1.0242    1.0684
      Occ. No.          0.0000    0.0000    0.0000    0.0000    0.0000    0.0000    0.0000    0.0000    0.0000    0.0000
 
    1 H1     1s         0.0000    0.0000    0.0000    0.0000    0.0000    0.0000   -0.0000   -0.0000    0.0000    0.0000
    2 H1     2s        -0.0000   -0.0000   -0.0000   -0.0000   -0.0000   -0.0000   -0.0000   -0.0000   -0.0000    0.0000
    3 H1     2px        0.1041    0.3654   -0.1425   -0.4237    0.1694   -0.4383   -0.1697   -0.3988    0.1535    0.3032
    4 H1     2py       -0.2648    0.1425    0.3654   -0.1694   -0.4237   -0.1697    0.4383   -0.1535   -0.3988    0.1173
    5 H1     2pz        0.0000    0.0000    0.0000    0.0000    0.0000    0.0000   -0.0000   -0.0000    0.0000    0.0000
    6 H2     1s        -0.0000   -0.0000   -0.0000   -0.0000   -0.0000   -0.0000   -0.0000    0.0000   -0.0000    0.0000
    7 H2     2s        -0.0000    0.0000    0.0000    0.0000    0.0000   -0.0000    0.0000    0.0000   -0.0000   -0.0000
    8 H2     2px        0.1610    0.3704   -0.1444   -0.1539    0.0615    0.1481    0.0573    0.3931   -0.1513   -0.4589
    9 H2     2py       -0.4097    0.1444    0.3704   -0.0615   -0.1539    0.0573   -0.1481    0.1513    0.3931   -0.1775
   10 H2     2pz        0.0000   -0.0000   -0.0000   -0.0000   -0.0000   -0.0000    0.0000    0.0000   -0.0000   -0.0000
   11 H3     1s         0.0000    0.0000    0.0000    0.0000    0.0000    0.0000   -0.0000   -0.0000    0.0000    0.0000
   12 H3     2s         0.0000    0.0000    0.0000    0.0000    0.0000    0.0000   -0.0000   -0.0000    0.0000    0.0000
   13 H3     2px        0.1422    0.0015   -0.0006    0.3737   -0.1494    0.3881    0.1503    0.0044   -0.0017    0.4013
   14 H3     2py       -0.3619    0.0006    0.0015    0.1494    0.3737    0.1503   -0.3881    0.0017    0.0044    0.1552
   15 H3     2pz       -0.0000   -0.0000    0.0000   -0.0000   -0.0000   -0.0000   -0.0000    0.0000   -0.0000   -0.0000
   16 H4     1s        -0.0000    0.0000   -0.0000   -0.0000   -0.0000    0.0000    0.0000    0.0000   -0.0000    0.0000
   17 H4     2s        -0.0000   -0.0000   -0.0000   -0.0000   -0.0000    0.0000    0.0000    0.0000   -0.0000    0.0000
   18 H4     2px        0.0565   -0.3665    0.1429    0.2800   -0.1120   -0.2867   -0.1110   -0.3953    0.1521   -0.1588
   19 H4     2py       -0.1438   -0.1429   -0.3665    0.1120    0.2800   -0.1110    0.2867   -0.1521   -0.3953   -0.0614
   20 H4     2pz        0.0000    0.0000   -0.0000    0.0000    0.0000    0.0000   -0.0000   -0.0000    0.0000    0.0000
   21 H5     1s        -0.0000   -0.0000    0.0000   -0.0000   -0.0000   -0.0000    0.0000    0.0000   -0.0000   -0.0000
   22 H5     2s         0.0000   -0.0000    0.0000    0.0000    0.0000   -0.0000    0.0000   -0.0000    0.0000   -0.0000
   23 H5     2px       -0.0565   -0.3665    0.1429   -0.2800    0.1119   -0.2867   -0.1110    0.3953   -0.1521   -0.1588
   24 H5     2py        0.1439   -0.1429   -0.3665   -0.1119   -0.2800   -0.1110    0.2867    0.1521    0.3953   -0.0614
   25 H5     2pz       -0.0000   -0.0000    0.0000   -0.0000   -0.0000   -0.0000    0.0000    0.0000    0.0000   -0.0000
   26 H6     1s        -0.0000    0.0000   -0.0000    0.0000    0.0000    0.0000   -0.0000   -0.0000    0.0000    0.0000
   27 H6     2s        -0.0000    0.0000   -0.0000    0.0000   -0.0000    0.0000   -0.0000   -0.0000   -0.0000    0.0000
   28 H6     2px       -0.1422    0.0015   -0.0006   -0.3737    0.1494    0.3881    0.1503   -0.0044    0.0017    0.4013
   29 H6     2py        0.3619    0.0006    0.0015   -0.1494   -0.3737    0.1503   -0.3881   -0.0017   -0.0044    0.1552
   30 H6     2pz       -0.0000   -0.0000   -0.0000   -0.0000   -0.0000   -0.0000   -0.0000    0.0000   -0.0000   -0.0000
   31 H7     1s        -0.0000   -0.0000    0.0000   -0.0000    0.0000   -0.0000    0.0000    0.0000    0.0000   -0.0000
   32 H7     2s         0.0000    0.0000   -0.0000   -0.0000   -0.0000   -0.0000    0.0000    0.0000    0.0000   -0.0000
   33 H7     2px       -0.1610    0.3704   -0.1444    0.1539   -0.0615    0.1481    0.0573   -0.3931    0.1513   -0.4589
   34 H7     2py        0.4097    0.1444    0.3704    0.0615    0.1539    0.0573   -0.1481   -0.1513   -0.3931   -0.1775
   35 H7     2pz        0.0000    0.0000   -0.0000    0.0000    0.0000    0.0000   -0.0000   -0.0000    0.0000    0.0000
   36 H8     1s         0.0000   -0.0000   -0.0000   -0.0000   -0.0000    0.0000   -0.0000    0.0000   -0.0000    0.0000
   37 H8     2s        -0.0000   -0.0000    0.0000    0.0000    0.0000    0.0000    0.0000   -0.0000    0.0000    0.0000
   38 H8     2px       -0.1041    0.3654   -0.1425    0.4237   -0.1694   -0.4383   -0.1697    0.3988   -0.1535    0.3032
   39 H8     2py        0.2648    0.1425    0.3654    0.1694    0.4237   -0.1697    0.4383    0.1535    0.3988    0.1173
   40 H8     2pz       -0.0000   -0.0000    0.0000   -0.0000    0.0000   -0.0000    0.0000    0.0000    0.0000   -0.0000
 
 
      Orbital               31        32        33        34        35        36        37        38        39        40
      Energy            1.0684    1.0987    1.0987    1.1254    1.1456    1.1648    1.2298    1.3324    1.4354    1.5127
      Occ. No.          0.0000    0.0000    0.0000    0.0000    0.0000    0.0000    0.0000    0.0000    0.0000    0.0000
 
    1 H1     1s         0.0000    0.0000    0.0000    0.1795   -0.0770   -0.2040   -0.1656   -0.1452   -0.1143    0.0649
    2 H1     2s         0.0000    0.0000   -0.0000    0.3301   -0.1674   -0.3630   -0.2906   -0.2085   -0.1319    0.0640
    3 H1     2px       -0.1173   -0.1639    0.0634   -0.0000    0.0000   -0.0000    0.0000    0.0000   -0.0000    0.0000
    4 H1     2py        0.3032   -0.0634   -0.1639   -0.0000    0.0000   -0.0000    0.0000    0.0000   -0.0000    0.0000
    5 H1     2pz        0.0000    0.0000   -0.0000    0.2880   -0.2951   -0.3455   -0.4987   -0.4612   -0.3538    0.1926
    6 H2     1s        -0.0000   -0.0000    0.0000   -0.4694    0.1116    0.5310    0.2648    0.1208    0.0123    0.0233
    7 H2     2s        -0.0000   -0.0000    0.0000   -0.8533    0.1581    0.9191    0.3752    0.1574    0.0449   -0.0072
    8 H2     2px        0.1775    0.3045   -0.1179    0.0000   -0.0000    0.0000   -0.0000   -0.0000    0.0000    0.0000
    9 H2     2py       -0.4589    0.1179    0.3045    0.0000   -0.0000    0.0000   -0.0000   -0.0000    0.0000    0.0000
   10 H2     2pz       -0.0000   -0.0000    0.0000   -0.2987   -0.0472    0.2532   -0.2268   -0.5160   -0.5899    0.3897
   11 H3     1s         0.0000    0.0000   -0.0000    0.5541    0.2099   -0.6745    0.0343    0.0975    0.0301    0.0323
   12 H3     2s         0.0000    0.0000   -0.0000    0.9973    0.4035   -1.1893    0.0102    0.0537    0.0013    0.0274
   13 H3     2px       -0.1552   -0.4088    0.1583   -0.0000    0.0000   -0.0000    0.0000   -0.0000   -0.0000    0.0000
   14 H3     2py        0.4013   -0.1583   -0.4088   -0.0000    0.0000   -0.0000    0.0000   -0.0000   -0.0000    0.0000
   15 H3     2pz       -0.0000   -0.0000   -0.0000   -0.0631    0.5178    0.0925    0.4831   -0.0006   -0.5102    0.5231
   16 H4     1s        -0.0000   -0.0000    0.0000   -0.2509   -0.6164    0.6326   -0.1172    0.0918    0.0918    0.0047
   17 H4     2s        -0.0000   -0.0000    0.0000   -0.4477   -1.0804    1.1595   -0.1308    0.0961    0.0635   -0.0040
   18 H4     2px        0.0614    0.4641   -0.1797    0.0000   -0.0000    0.0000   -0.0000    0.0000    0.0000   -0.0000
   19 H4     2py       -0.1588    0.1797    0.4641    0.0000   -0.0000    0.0000   -0.0000    0.0000    0.0000   -0.0000
   20 H4     2pz        0.0000    0.0000   -0.0000    0.4468   -0.3263   -0.1210    0.3280    0.4847   -0.2096    0.6011
   21 H5     1s         0.0000   -0.0000   -0.0000   -0.2509    0.6164   -0.6325   -0.1172   -0.0918    0.0918   -0.0047
   22 H5     2s         0.0000   -0.0000   -0.0000   -0.4477    1.0805   -1.1595   -0.1308   -0.0961    0.0635    0.0040
   23 H5     2px        0.0614   -0.4642    0.1797    0.0000   -0.0000    0.0000   -0.0000    0.0000    0.0000   -0.0000
   24 H5     2py       -0.1588   -0.1797   -0.4642    0.0000   -0.0000    0.0000   -0.0000    0.0000    0.0000   -0.0000
   25 H5     2pz       -0.0000   -0.0000    0.0000   -0.4468   -0.3263   -0.1210   -0.3280    0.4847    0.2095    0.6011
   26 H6     1s        -0.0000    0.0000   -0.0000    0.5541   -0.2099    0.6745    0.0343   -0.0975    0.0301   -0.0323
   27 H6     2s        -0.0000    0.0000   -0.0000    0.9973   -0.4035    1.1893    0.0102   -0.0537    0.0014   -0.0274
   28 H6     2px       -0.1552    0.4088   -0.1583   -0.0000    0.0000   -0.0000    0.0000   -0.0000   -0.0000    0.0000
   29 H6     2py        0.4013    0.1583    0.4088   -0.0000    0.0000   -0.0000    0.0000   -0.0000   -0.0000    0.0000
   30 H6     2pz        0.0000   -0.0000   -0.0000    0.0631    0.5178    0.0925   -0.4831   -0.0006    0.5102    0.5231
   31 H7     1s         0.0000   -0.0000    0.0000   -0.4694   -0.1116   -0.5310    0.2648   -0.1208    0.0123   -0.0233
   32 H7     2s         0.0000   -0.0000    0.0000   -0.8533   -0.1581   -0.9191    0.3752   -0.1574    0.0449    0.0072
   33 H7     2px        0.1775   -0.3045    0.1179    0.0000   -0.0000    0.0000    0.0000   -0.0000   -0.0000    0.0000
   34 H7     2py       -0.4589   -0.1179   -0.3045    0.0000   -0.0000    0.0000    0.0000   -0.0000    0.0000    0.0000
   35 H7     2pz       -0.0000    0.0000   -0.0000    0.2987   -0.0472    0.2532    0.2268   -0.5160    0.5899    0.3897
   36 H8     1s         0.0000    0.0000   -0.0000    0.1795    0.0770    0.2040   -0.1656    0.1452   -0.1143   -0.0649
   37 H8     2s        -0.0000    0.0000   -0.0000    0.3301    0.1674    0.3630   -0.2906    0.2085   -0.1319   -0.0640
   38 H8     2px       -0.1173    0.1639   -0.0635   -0.0000    0.0000   -0.0000   -0.0000    0.0000   -0.0000    0.0000
   39 H8     2py        0.3032    0.0635    0.1639   -0.0000    0.0000   -0.0000   -0.0000    0.0000   -0.0000    0.0000
   40 H8     2pz        0.0000   -0.0000    0.0000   -0.2881   -0.2951   -0.3455    0.4987   -0.4612    0.3538    0.1926
--
 
      Von Neumann Entropy (Root  1) =  3.59272
 

      Mulliken population analysis for root number:  1
      -----------------------------------------------
 
 
++    Molecular charges:
      ------------------
 
      Mulliken charges per centre and basis function type
      ---------------------------------------------------
 
                H1      H2      H3      H4      H5      H6      H7      H8    
      1s       0.9886  1.0018  1.0018  1.0013  1.0013  1.0018  1.0018  0.9886
      2s       0.0072  0.0010 -0.0030 -0.0023 -0.0023 -0.0030  0.0010  0.0072
      2px      0.0000  0.0000  0.0000  0.0000  0.0000  0.0000  0.0000  0.0000
      2pz      0.0004  0.0012  0.0011  0.0011  0.0011  0.0011  0.0012  0.0004
      2py      0.0000  0.0000  0.0000  0.0000  0.0000  0.0000  0.0000  0.0000
      Total    0.9961  1.0041  0.9998  1.0000  1.0000  0.9998  1.0040  0.9961
 
      N-E      0.0039 -0.0041  0.0002 -0.0000 -0.0000  0.0002 -0.0040  0.0039
 
      Total electronic charge=    8.000000
 
      Total            charge=   -0.000000
--
 
 

      Expectation values of various properties for root number:  1
      -----------------------------------------------------------
 
 
++    Molecular properties:
      ---------------------
 
      Charge (e):
                      =   -0.0000
      Dipole Moment (Debye):
      Origin of the operator (Ang)=    0.0000    0.0000    0.0000
                   X=  6.3749E-07               Y=  1.5079E-09               Z=  7.0189E-05           Total=  7.0192E-05
      Quadrupole Moment (Debye*Ang):
      Origin of the operator (Ang)=    0.0000    0.0000    8.1242
                  XX= -1.2263E+01              XY= -1.6296E-10              XZ=  6.5916E-06              YY= -1.2263E+01
                  YZ=  5.4166E-07              ZZ= -1.0906E+01
      In traceless form (Debye*Ang)
                  XX= -6.7884E-01              XY= -2.4444E-10              XZ=  9.8874E-06              YY= -6.7884E-01
                  YZ=  8.1249E-07              ZZ=  1.3577E+00
--
 

      LoProp population analysis for root number:  1
      -----------------------------------------------
 
 
++    LoProp analysis:
      ----------------
 
 
 
  Input file to MOLDEN was generated!
 
 
++    Static properties:
      ------------------
 
 
      LoProp Charges per center
 

                   H1       H2       H3       H4       H5       H6       H7       H8    
      Nuclear      1.0000   1.0000   1.0000   1.0000   1.0000   1.0000   1.0000   1.0000
      Electronic  -1.0001  -1.0000  -0.9999  -1.0000  -1.0000  -0.9999  -1.0000  -1.0001
 
      Total       -0.0001   0.0000   0.0001  -0.0000  -0.0000   0.0001   0.0000  -0.0001
--
 
 
      Natural Bond Order analysis for root number:  1
 
++    Natural Bond Order analysis
      ---------------------------
      Based on LoProp computed density
      -------------------------------------------------------------------------------------
      Atom A       Atom B       Bond Order
      -------------------------------------------------------------------------------------
      The remaining    8.000 electrons are to be considered as diffuse
--
 
--
 
 
  Input file to MOLDEN was generated!
 
      Average orbitals are written to the RASORB file
      Natural orbitals for root   1 are written to the RASORB.1 file
      Spin density orbitals for root   1 are written to the SPDORB.1 file
 
forrtl: warning (525): IEEE_DIVIDE_BY_ZERO is signaling
forrtl: warning (526): IEEE_INVALID is signaling
forrtl: warning (528): IEEE_UNDERFLOW is signaling
--- Stop Module: rasscf at Sun Oct 26 13:37:01 2025 /rc=_RC_ALL_IS_WELL_ ---
*** files: H8_2.32.LprOrb H8_2.32.rasscf.molden H8_2.32.LoProp.molden H8_2.32.RasOrb.1 H8_2.32.RasOrb H8_2.32.rasscf.h5 H8_2.32.SpdOrb.1 xmldump
    saved to directory ${LOCALHOME}/DDCASPT2/hydrogen_comps/rerun/H8_chain/H8_2.32
--- Module rasscf spent 4 seconds ---

>>> COPY /tmp/H8_2.32/H8_2.32.rasscf.h5 ${LOCALHOME}/DDCASPT2/hydrogen_comps/rerun/H8_chain/H8_2.32/

>>> COPY /tmp/H8_2.32/DDCASPT2_Fock_MO.csv ${LOCALHOME}/DDCASPT2/hydrogen_comps/rerun/H8_chain/H8_2.32/H8_2.32.DDCASPT2_Fock_MO.csv

*** symbolic link created: INPORB -> H8_2.32.RasOrb
--- Start Module: motra at Sun Oct 26 13:37:01 2025 ---
 
()()()()()()()()()()()()()()()()()()()()()()()()()()()()()()()()()()()()()()()()()()()()()()()()()()

                                               &MOTRA

                                   only a single process is used
                       available to each process: 2.0 GB of memory, 1 thread?
()()()()()()()()()()()()()()()()()()()()()()()()()()()()()()()()()()()()()()()()()()()()()()()()()()
 
 
      *** WARNING: Default frozen orbitals is overwritten by user input.
      *** Default values:   0
 
      Header of the integral files:
      
       Integrals generated by seward 4.2.0  , Sun Oct 26 13:36:55 2025
 
 
      Header of MO coefficients source file:
      * RASSCF average (pseudo-natural) orbitals                                      
 
 
      Cartesian coordinates in Angstrom:
      -----------------------------------------------------
      No.  Label        X            Y            Z        
      -----------------------------------------------------
       1   H1         0.00000000   0.00000000   0.00000000
       2   H2         0.00000000   0.00000000   2.32121200
       3   H3         0.00000000   0.00000000   4.64242400
       4   H4         0.00000000   0.00000000   6.96363600
       5   H5         0.00000000   0.00000000   9.28484800
       6   H6         0.00000000   0.00000000  11.60606100
       7   H7         0.00000000   0.00000000  13.92727300
       8   H8         0.00000000   0.00000000  16.24848500
      -----------------------------------------------------
      Nuclear repulsion energy =    3.13302116
 
      Orbital specifications:
      -----------------------
 
      Symmetry species:              1
      Number of basis functions:    40
      Frozen orbitals:               0
      Deleted orbitals:              0
      Number of orbitals used:      40

       SYMMETRY  BASIS FUNCTIONS       ORBITALS      INTEGRALS   CPU(SEC)  I/O(SEC)
        1 1 1 1   40  40  40  40    40  40  40  40      336610       0.00      0.00

       TOTAL CPU TIME(SEC)    0.18TOTAL I/O TIME(SEC)    0.48
 
--- Stop Module: motra at Sun Oct 26 13:37:01 2025 /rc=_RC_ALL_IS_WELL_ ---
*** files: xmldump
    saved to directory ${LOCALHOME}/DDCASPT2/hydrogen_comps/rerun/H8_chain/H8_2.32

>>> COPY /tmp/H8_2.32/DDCASPT2_one_int_indx.csv ${LOCALHOME}/DDCASPT2/hydrogen_comps/rerun/H8_chain/H8_2.32/H8_2.32.DDCASPT2_one_int_indx.csv

>>> COPY /tmp/H8_2.32/DDCASPT2_one_int.csv ${LOCALHOME}/DDCASPT2/hydrogen_comps/rerun/H8_chain/H8_2.32/H8_2.32.DDCASPT2_one_int.csv

>>> COPY /tmp/H8_2.32/DDCASPT2_two_int_indx.csv ${LOCALHOME}/DDCASPT2/hydrogen_comps/rerun/H8_chain/H8_2.32/H8_2.32.DDCASPT2_two_int_indx.csv

>>> COPY /tmp/H8_2.32/DDCASPT2_two_int.csv ${LOCALHOME}/DDCASPT2/hydrogen_comps/rerun/H8_chain/H8_2.32/H8_2.32.DDCASPT2_two_int.csv

*** symbolic link created: INPORB -> H8_2.32.RasOrb
--- Start Module: caspt2 at Sun Oct 26 13:37:01 2025 ---
 
()()()()()()()()()()()()()()()()()()()()()()()()()()()()()()()()()()()()()()()()()()()()()()()()()()

                                              &CASPT2

                                   only a single process is used
                       available to each process: 2.0 GB of memory, 1 thread?
()()()()()()()()()()()()()()()()()()()()()()()()()()()()()()()()()()()()()()()()()()()()()()()()()()
 
 Cholesky algorithm in CASPT2 =    1
 
 ###############################################################################
 ###############################################################################
 ###                                                                         ###
 ###                                                                         ###
 ###    User changed nr of frozen orbitals.                                  ###
 ###                                                                         ###
 ###                                                                         ###
 ###############################################################################
 ###############################################################################
 
++    Wave function specifications:
      -----------------------------
 
      Number of closed shell electrons           0
      Number of electrons in active shells       8
      Max number of holes in RAS1 space          0
      Max number of electrons in RAS3 space      0
      Number of inactive orbitals                0
      Number of active orbitals                  8
      Number of secondary orbitals              32
      Spin quantum number                      0.0
      State symmetry                             1
      Number of CSFs                          1764
      Number of root(s) available                1
      Root passed to geometry opt.               1
      A file JOBMIX will be created.
      This is a CASSCF or RASSCF reference function
--
 
++    Orbital specifications:
      -----------------------
 
      Symmetry species                           1
                                                 a
      Frozen orbitals                            0
      Inactive orbitals                          0
      Active orbitals                            8
      Secondary orbitals                        32
      Deleted orbitals                           0
      Number of basis functions                 40
--
 
      Type of Fock operator: STANDARD
      Type of 0-order Hamiltonian: STANDARD WITH DEFAULT IPEA
        "IP-EA" denominator shift =      0.25
      The input orbitals and the CI vector will be transformed.
 
--------------------------------------------------------------------------------
 Estimated memory requirements:
  POLY3 :                   450746
  RHS:                      417296
  SIGMA :                   326032
  PRPCTL:                        0
 Available workspace:    230388092
 
++ CASPT2 computation for group   1
 
********************************************************************************
 Multi-State initialization phase begins for group   1
--------------------------------------------------------------------------------
********************************************************************************
 Compute H0 matrices for state    1
--------------------------------------------------------------------------------
--------------------------------------------------------------------------------
 H0 matrices have been computed.
 
********************************************************************************
  CASPT2 EQUATION SOLUTION
--------------------------------------------------------------------------------
 
  Total nr of CASPT2 parameters:
   Before reduction:       49280
   After  reduction:       48864
 
 The contributions to the second order correlation energy in atomic units.
-----------------------------------------------------------------------------------------------------------------------------
  IT.      VJTU        VJTI        ATVX        AIVX        VJAI        BVAT        BJAT        BJAI        TOTAL       RNORM  
-----------------------------------------------------------------------------------------------------------------------------
   1     0.000000    0.000000   -0.001610    0.000000    0.000000   -0.003986    0.000000    0.000000   -0.005596    0.000876
   2     0.000000    0.000000   -0.001626    0.000000    0.000000   -0.003992    0.000000    0.000000   -0.005618    0.000142
   3     0.000000    0.000000   -0.001628    0.000000    0.000000   -0.003992    0.000000    0.000000   -0.005620    0.000034
   4     0.000000    0.000000   -0.001627    0.000000    0.000000   -0.003992    0.000000    0.000000   -0.005619    0.000005
-------------------------------------------------------------------------------------------------------------------
 
  FINAL CASPT2 RESULT:
 
  Correlation energy /Case, /Symm, and sums:
 VJTU      0.00000000  0.00000000
 VJTIP     0.00000000  0.00000000
 VJTIM     0.00000000  0.00000000
 ATVX     -0.00162712 -0.00162712
 AIVX      0.00000000  0.00000000
 VJAIP     0.00000000  0.00000000
 VJAIM     0.00000000  0.00000000
 BVATP    -0.00369351 -0.00369351
 BVATM    -0.00029854 -0.00029854
 BJATP     0.00000000  0.00000000
 BJATM     0.00000000  0.00000000
 BJAIP     0.00000000  0.00000000
 BJAIM     0.00000000  0.00000000
 Summed:  -0.00561916 -0.00561916
 
      Reference energy:          -4.0153005699
      E2 (Non-variational):      -0.0056191604
      E2 (Variational):          -0.0056191743
      Total energy:              -4.0209197443
      Residual norm:              0.0000009372
      Reference weight:           0.99641
 
      Contributions to the CASPT2 correlation energy
      Active & Virtual Only:         -0.0056191604
      One Inactive Excited:           0.0000000000
      Two Inactive Excited:           0.0000000000
 
 
++ Denominators, etc.
----------------------------------------------------------------------------------------------------
 Report on small energy denominators, large coefficients, and large energy contributions.
CASE  SYMM ACTIVE-MIX  NON-ACTIVE INDICES          DENOMINATOR     RHS VALUE       COEFFICIENT     CONTRIBUTION
--
 
   (Skipping property calculation,
    use PROP keyword to activate)
--
 
  Total CASPT2 energies:
::    CASPT2 Root  1     Total energy:     -4.02091974
 
  A NEW JOBIPH FILE NAMED 'JOBMIX' IS PREPARED.
********************************************************************************
forrtl: warning (528): IEEE_UNDERFLOW is signaling
--- Stop Module: caspt2 at Sun Oct 26 13:37:02 2025 /rc=_RC_ALL_IS_WELL_ ---
*** files: xmldump
    saved to directory ${LOCALHOME}/DDCASPT2/hydrogen_comps/rerun/H8_chain/H8_2.32

>>> EXPORT i = B

>>> EXPORT j = P

>>> IF (-FILE DDCASPT2_e2_${i}_${j}_1_.csv)
(Skipped)

>>> END FOREACH

>>> EXPORT j = M

>>> IF (-FILE DDCASPT2_e2_${i}_${j}_1_.csv)
(Skipped)

>>> END FOREACH

>>> END FOREACH

>>> EXPORT i = E

>>> EXPORT j = P

>>> IF (-FILE DDCASPT2_e2_${i}_${j}_1_.csv)
(Skipped)

>>> END FOREACH

>>> EXPORT j = M

>>> IF (-FILE DDCASPT2_e2_${i}_${j}_1_.csv)
(Skipped)

>>> END FOREACH

>>> END FOREACH

>>> EXPORT i = F

>>> EXPORT j = P

>>> IF (-FILE DDCASPT2_e2_${i}_${j}_1_.csv)

>>> COPY /tmp/H8_2.32/DDCASPT2_RHS_F_P_1_.csv ${LOCALHOME}/DDCASPT2/hydrogen_comps/rerun/H8_chain/H8_2.32/DDCASPT2_RHS_F_P_1_.csv

>>> COPY /tmp/H8_2.32/DDCASPT2_IVECW_F_P_1_.csv ${LOCALHOME}/DDCASPT2/hydrogen_comps/rerun/H8_chain/H8_2.32/DDCASPT2_IVECW_F_P_1_.csv

>>> COPY /tmp/H8_2.32/DDCASPT2_IVECX_F_P_1_.csv ${LOCALHOME}/DDCASPT2/hydrogen_comps/rerun/H8_chain/H8_2.32/DDCASPT2_IVECX_F_P_1_.csv

>>> COPY /tmp/H8_2.32/DDCASPT2_IVECC2_F_P_1_.csv ${LOCALHOME}/DDCASPT2/hydrogen_comps/rerun/H8_chain/H8_2.32/DDCASPT2_IVECC2_F_P_1_.csv

>>> COPY /tmp/H8_2.32/DDCASPT2_e2_F_P_1_.csv ${LOCALHOME}/DDCASPT2/hydrogen_comps/rerun/H8_chain/H8_2.32/DDCASPT2_e2_F_P_1_.csv

>>> END FOREACH

>>> EXPORT j = M

>>> IF (-FILE DDCASPT2_e2_${i}_${j}_1_.csv)

>>> COPY /tmp/H8_2.32/DDCASPT2_RHS_F_M_1_.csv ${LOCALHOME}/DDCASPT2/hydrogen_comps/rerun/H8_chain/H8_2.32/DDCASPT2_RHS_F_M_1_.csv

>>> COPY /tmp/H8_2.32/DDCASPT2_IVECW_F_M_1_.csv ${LOCALHOME}/DDCASPT2/hydrogen_comps/rerun/H8_chain/H8_2.32/DDCASPT2_IVECW_F_M_1_.csv

>>> COPY /tmp/H8_2.32/DDCASPT2_IVECX_F_M_1_.csv ${LOCALHOME}/DDCASPT2/hydrogen_comps/rerun/H8_chain/H8_2.32/DDCASPT2_IVECX_F_M_1_.csv

>>> COPY /tmp/H8_2.32/DDCASPT2_IVECC2_F_M_1_.csv ${LOCALHOME}/DDCASPT2/hydrogen_comps/rerun/H8_chain/H8_2.32/DDCASPT2_IVECC2_F_M_1_.csv

>>> COPY /tmp/H8_2.32/DDCASPT2_e2_F_M_1_.csv ${LOCALHOME}/DDCASPT2/hydrogen_comps/rerun/H8_chain/H8_2.32/DDCASPT2_e2_F_M_1_.csv

>>> END FOREACH

>>> END FOREACH

>>> EXPORT i = G

>>> EXPORT j = P

>>> IF (-FILE DDCASPT2_e2_${i}_${j}_1_.csv)
(Skipped)

>>> END FOREACH

>>> EXPORT j = M

>>> IF (-FILE DDCASPT2_e2_${i}_${j}_1_.csv)
(Skipped)

>>> END FOREACH

>>> END FOREACH

>>> EXPORT i = H

>>> EXPORT j = P

>>> IF (-FILE DDCASPT2_e2_${i}_${j}_1_.csv)
(Skipped)

>>> END FOREACH

>>> EXPORT j = M

>>> IF (-FILE DDCASPT2_e2_${i}_${j}_1_.csv)
(Skipped)

>>> END FOREACH

>>> END FOREACH

>>> EXPORT i = A

>>> IF (-FILE DDCASPT2_e2_${i}_1_.csv)
(Skipped)

>>> END FOREACH

>>> EXPORT i = C

>>> IF (-FILE DDCASPT2_e2_${i}_1_.csv)

>>> COPY /tmp/H8_2.32/DDCASPT2_RHS_C_1_.csv ${LOCALHOME}/DDCASPT2/hydrogen_comps/rerun/H8_chain/H8_2.32/DDCASPT2_RHS_C_1_.csv

>>> COPY /tmp/H8_2.32/DDCASPT2_IVECW_C_1_.csv ${LOCALHOME}/DDCASPT2/hydrogen_comps/rerun/H8_chain/H8_2.32/DDCASPT2_IVECW_C_1_.csv

>>> COPY /tmp/H8_2.32/DDCASPT2_IVECX_C_1_.csv ${LOCALHOME}/DDCASPT2/hydrogen_comps/rerun/H8_chain/H8_2.32/DDCASPT2_IVECX_C_1_.csv

>>> COPY /tmp/H8_2.32/DDCASPT2_IVECC2_C_1_.csv ${LOCALHOME}/DDCASPT2/hydrogen_comps/rerun/H8_chain/H8_2.32/DDCASPT2_IVECC2_C_1_.csv

>>> COPY /tmp/H8_2.32/DDCASPT2_e2_C_1_.csv ${LOCALHOME}/DDCASPT2/hydrogen_comps/rerun/H8_chain/H8_2.32/DDCASPT2_e2_C_1_.csv

>>> END FOREACH

>>> EXPORT i = D

>>> IF (-FILE DDCASPT2_e2_${i}_1_.csv)
(Skipped)

>>> END FOREACH

.########################.
.# Non-zero return code #.
.########################.

    Timing: Wall=7.08 User=5.99 System=1.07
***************************************
*** WorkDir at /tmp/H8_2.32 cleaned ***
***************************************
