   This run of MOLCAS is using the pymolcas driver

                             OPE
                             OPE          NMOL  CASOP  ENMOLC A   SO
                 OPE        NMOLC        AS  OP EN  MO LC     AS  OP
                OPENM       OL CA        SO  PE NM  OL CA     SOP EN
                OP EN      MO   LC       AS  OP ENMOL  CASO   PENMOL
                OP  EN     MO   LC       AS  OP EN     MO     LC ASO
               OP   E  NMOL  C  AS       OP  EN MO     LC     AS  OP
               OP  E   NMO   LC AS        OPEN  MO     LCASOP EN   M
               O  PEN   MO  LCA  SO
            OPE   NMO   L   CAS    OP
        OPENMOL  CASOP     ENMOL   CASOPE
     OPENMOLCA   SOPENMOLCASOPEN   MOLCASOPE
    OPENMOLCAS   OP           EN   MOL    CAS
    OPENMOLCAS       OP  ENM        O     LCA
    OPENMOLCAS    OPEN  MOLCASO     P  E  NMO
    OPENMOLCAS     OP               E  N  MOL
    OPENMOLCA   SO           PENM   O  L  CAS    OPEN    MO    LCAS
    OPENMOLCA   SOP           ENM   O  L  CAS   OP  EN  MOLC  AS   O
    OPENMOLCA   SOPE           NM      O  LCA   S      OP  EN MO
    OPENMOLC                AS         O  PEN   M      OL  CA  SOPE
    OPENMO        LCASOPE  NMOL        C  ASO   P      ENMOLC     AS
    OPE     NMO      LCA  SO     P     E   NM   OL  CA SO  PE N   MO
          OPENMOLCA            SOPE   NMO        LCAS  O    P  ENMO
     OPENMOLCASOPENMOLCASOPENMOLCASOPENMOLCA
        OPENMOLCASOPENMOLCASOPENMOLCASOPE
            OPENMOLCASOPENMOLCASOPENM
               OPENMOLCASOPENMOLCA        version: f37762c57
                   OPENMOLCASO
                       OPE                tag:

 OpenMolcas is free software; you can redistribute it and/or modify it
 under the terms of the GNU Lesser General Public License version 2.1.
 OpenMolcas is distributed in the hope that it will be useful, but it
 is provided "as is" and without any express or implied warranties.
 For more details see the full text of the license in the file
 LICENSE or in <http://www.gnu.org/licenses/>.

                 Copyright (C) The OpenMolcas Authors
           For the author list and the recommended citation,
                   consult the file CONTRIBUTORS.md

           *************************************************
           * pymolcas version py2.28                       *
           *   build c4a6d18ded8cb6cad61d2372a9abd97c      *
           *   (after the EMIL interpreter by V. Veryazov) *
           *************************************************

configuration info
------------------
C Compiler ID: Intel
C flags: -std=gnu99 -gcc-sys
Fortran Compiler ID: IntelLLVM
Fortran flags: -standard-semantics -fltconsistency -fpp -i8 -heap-arrays
Definitions: _MOLCAS_;_I8_;_LINUX_
Parallel: OFF (GA=OFF)


   --------------------------------------------------------------------------------------
  |
  |              Project: H8_2.61
  |       Submitted from: /home/grierjones/DDCASPT2/hydrogen_comps/rerun/H8_chain/H8_2.61
  |         Scratch area: /tmp/H8_2.61
  |      Save outputs to: /home/grierjones/DDCASPT2/hydrogen_comps/rerun/H8_chain/H8_2.61
  |               Molcas: /home/grierjones/Test/build
  |
  | Scratch area is empty
  |
  |       MOLCAS_DRIVER = /usr/local/pymolcas
  | MOLCAS_KEEP_WORKDIR = NO
  |  MOLCAS_NEW_WORKDIR = YES
  |       MOLCAS_NPROCS = 1
  |        MOLCAS_PRINT = NORMAL
  |       MOLCAS_SOURCE = /home/grierjones/Test
  |    MOLCAS_STRUCTURE = 0
  |
   --------------------------------------------------------------------------------------

++ ---------   Input file   ---------

&GATEWAY
coord=H8_2.61.xyz
Basis = ANO-RCC-VDZP
Group = nosymm
End of Input

&SEWARD
End of Input

&SCF

>>> COPY $WorkDir/H8_2.61.scf.h5 $CurrDir/

&RASSCF
Title= RASSCF
FileOrb
/home/grierjones/DDCASPT2/hydrogen_comps/rerun/H8_chain/H8_0.60/H8_0.60.RasOrb
NACTEL
8 0 0
Inactive
0
RAS2
8
Symmetry
1
Spin
1
orblisting
all

>>> COPY $WorkDir/H8_2.61.rasscf.h5 $CurrDir/

>>> COPY $WorkDir/GMJ_Fock_MO.csv $CurrDir/H8_2.61.GMJ_Fock_MO.csv

&MOTRA
Frozen=0
LUMORB

>>> COPY $WorkDir/GMJ_one_int_indx.csv $CurrDir/H8_2.61.GMJ_one_int_indx.csv

>>> COPY $WorkDir/GMJ_one_int.csv $CurrDir/H8_2.61.GMJ_one_int.csv

>>> COPY $WorkDir/GMJ_two_int_indx.csv $CurrDir/H8_2.61.GMJ_two_int_indx.csv

>>> COPY $WorkDir/GMJ_two_int.csv $CurrDir/H8_2.61.GMJ_two_int.csv

&CASPT2
Frozen
0

MAXITER
50

>>> FOREACH i IN (B,E,F,G,H)

  >>> FOREACH j IN (P,M)

    >>> IF (-FILE GMJ_e2_${i}_${j}_1_.csv)

      >>> COPY $WorkDir/GMJ_RHS_${i}_${j}_1_.csv $CurrDir/GMJ_RHS_${i}_${j}_1_.csv

      >>> COPY $WorkDir/GMJ_IVECW_${i}_${j}_1_.csv $CurrDir/GMJ_IVECW_${i}_${j}_1_.csv

      >>> COPY $WorkDir/GMJ_IVECX_${i}_${j}_1_.csv $CurrDir/GMJ_IVECX_${i}_${j}_1_.csv

      >>> COPY $WorkDir/GMJ_IVECC2_${i}_${j}_1_.csv $CurrDir/GMJ_IVECC2_${i}_${j}_1_.csv

      >>> COPY $WorkDir/GMJ_e2_${i}_${j}_1_.csv $CurrDir/GMJ_e2_${i}_${j}_1_.csv

    >>> END IF

  >>> END FOREACH

>>> END FOREACH

>>> FOREACH i IN (A,C,D)

  >>> IF (-FILE GMJ_e2_${i}_1_.csv)

    >>> COPY $WorkDir/GMJ_RHS_${i}_1_.csv $CurrDir/GMJ_RHS_${i}_1_.csv

    >>> COPY $WorkDir/GMJ_IVECW_${i}_1_.csv $CurrDir/GMJ_IVECW_${i}_1_.csv

    >>> COPY $WorkDir/GMJ_IVECX_${i}_1_.csv $CurrDir/GMJ_IVECX_${i}_1_.csv

    >>> COPY $WorkDir/GMJ_IVECC2_${i}_1_.csv $CurrDir/GMJ_IVECC2_${i}_1_.csv

    >>> COPY $WorkDir/GMJ_e2_${i}_1_.csv $CurrDir/GMJ_e2_${i}_1_.csv

  >>> END IF

>>> END FOREACH

-- ----------------------------------

--- Start Module: gateway at Sun Oct 26 13:42:15 2025 ---
 
()()()()()()()()()()()()()()()()()()()()()()()()()()()()()()()()()()()()()()()()()()()()()()()()()()

                                              &GATEWAY

                                   only a single process is used
                       available to each process: 2.0 GB of memory, 1 thread?
()()()()()()()()()()()()()()()()()()()()()()()()()()()()()()()()()()()()()()()()()()()()()()()()()()
 
 
++    Symmetry information:
      ---------------------
 
                    Character Table for C1 
 
                             E  
                    a        1  x, y, xy, Rz, z, xz, Ry, yz, Rx, I
--
 
 
++    Basis set information:
      ----------------------
 
 
      Basis set label: H.ANO-RCC...2S1P.
 
      Electronic valence basis set:
      ------------------
      Associated Effective Charge   1.000000 au
      Associated Actual Charge      1.000000 au
      Nuclear Model: Point charge
 
      Shell  nPrim  nBasis  Cartesian Spherical Contaminant
         s       8       2        X                  
         p       4       1        X                  
--
 
 
++    Molecular structure info:
      -------------------------
 
                    ************************************************ 
                    **** Cartesian Coordinates / Bohr, Angstrom **** 
                    ************************************************ 
 
     Center  Label                x              y              z                     x              y              z
        1      H1               0.000000       0.000000       0.000000              0.000000       0.000000       0.000000
        2      H2               0.000000       0.000000       4.936193              0.000000       0.000000       2.612121
        3      H3               0.000000       0.000000       9.872387              0.000000       0.000000       5.224242
        4      H4               0.000000       0.000000      14.808582              0.000000       0.000000       7.836364
        5      H5               0.000000       0.000000      19.744775              0.000000       0.000000      10.448485
        6      H6               0.000000       0.000000      24.680968              0.000000       0.000000      13.060606
        7      H7               0.000000       0.000000      29.617162              0.000000       0.000000      15.672727
        8      H8               0.000000       0.000000      34.553355              0.000000       0.000000      18.284848
 
                    *************************************** 
                    *    InterNuclear Distances / Bohr    * 
                    *************************************** 
 
               1 H1            2 H2            3 H3            4 H4            5 H5            6 H6    
    1 H1       0.000000
    2 H2       4.936193        0.000000
    3 H3       9.872387        4.936193        0.000000
    4 H4      14.808582        9.872388        4.936195        0.000000
    5 H5      19.744775       14.808582        9.872388        4.936193        0.000000
    6 H6      24.680968       19.744775       14.808582        9.872387        4.936193        0.000000
    7 H7      29.617162       24.680968       19.744775       14.808580        9.872387        4.936193
    8 H8      34.553355       29.617162       24.680968       19.744773       14.808580        9.872387
 
               7 H7            8 H8    
    7 H7       0.000000
    8 H8       4.936193        0.000000
 
                    ******************************************* 
                    *    InterNuclear Distances / Angstrom    * 
                    ******************************************* 
 
               1 H1            2 H2            3 H3            4 H4            5 H5            6 H6    
    1 H1       0.000000
    2 H2       2.612121        0.000000
    3 H3       5.224242        2.612121        0.000000
    4 H4       7.836364        5.224243        2.612122        0.000000
    5 H5      10.448485        7.836364        5.224243        2.612121        0.000000
    6 H6      13.060606       10.448485        7.836364        5.224242        2.612121        0.000000
    7 H7      15.672727       13.060606       10.448485        7.836363        5.224242        2.612121
    8 H8      18.284848       15.672727       13.060606       10.448484        7.836363        5.224242
 
               7 H7            8 H8    
    7 H7       0.000000
    8 H8       2.612121        0.000000
--
 
 
            Nuclear Potential Energy              2.78410011 au
 
--- Stop Module: gateway at Sun Oct 26 13:42:16 2025 /rc=_RC_ALL_IS_WELL_ ---
*** files: xmldump
    saved to directory /home/grierjones/DDCASPT2/hydrogen_comps/rerun/H8_chain/H8_2.61

--- Start Module: seward at Sun Oct 26 13:42:16 2025 ---
 
()()()()()()()()()()()()()()()()()()()()()()()()()()()()()()()()()()()()()()()()()()()()()()()()()()

                                              &SEWARD

                                   only a single process is used
                       available to each process: 2.0 GB of memory, 1 thread?
()()()()()()()()()()()()()()()()()()()()()()()()()()()()()()()()()()()()()()()()()()()()()()()()()()
 
               SEWARD will generate:
                  Multipole Moment integrals up to order  2
                  Kinetic Energy integrals
                  Nuclear Attraction integrals (point charge)
                  One-Electron Hamiltonian integrals
                  Velocity integrals
                  Relativistic Douglas-Kroll-Hess integrals:
                    - Parametrization         : EXP
                    - DKH order of Hamiltonian: 2
                    - DKH order of Properties : 0
                         - multipole moment operators
                         - electric potential operators
                         - contact operators
                  Atomic mean-field integrals
                  Two-Electron Repulsion integrals
 
                   Integrals are discarded if absolute value <: 0.10E-13
                   Integral cutoff threshold is set to       <: 0.10E-15
 
            Nuclear Potential Energy              2.78410011 au
 
 
      Basis set specifications :
      Symmetry species         a  
      Basis functions           40
 
 
  Input file to MOLDEN was generated!
 
forrtl: warning (525): IEEE_DIVIDE_BY_ZERO is signaling
forrtl: warning (526): IEEE_INVALID is signaling
forrtl: warning (528): IEEE_UNDERFLOW is signaling
--- Stop Module: seward at Sun Oct 26 13:42:16 2025 /rc=_RC_ALL_IS_WELL_ ---
*** files: H8_2.61.GssOrb H8_2.61.guessorb.h5 H8_2.61.guessorb.molden xmldump
    saved to directory /home/grierjones/DDCASPT2/hydrogen_comps/rerun/H8_chain/H8_2.61

*** symbolic link created: INPORB -> H8_2.61.GssOrb
--- Start Module: scf at Sun Oct 26 13:42:16 2025 ---
 
()()()()()()()()()()()()()()()()()()()()()()()()()()()()()()()()()()()()()()()()()()()()()()()()()()

                                                &SCF

                                   only a single process is used
                       available to each process: 2.0 GB of memory, 1 thread?
()()()()()()()()()()()()()()()()()()()()()()()()()()()()()()()()()()()()()()()()()()()()()()()()()()
 
++    Input section:
      --------------
 
      Header of the integral files:
      
       Integrals generated by seward 4.2.0  , Sun Oct 26 13:42:16 2025
 
 
      Cartesian coordinates in Angstrom:
      -----------------------------------------------------
      No.  Label        X            Y            Z        
      -----------------------------------------------------
       1   H1         0.00000000   0.00000000   0.00000000
       2   H2         0.00000000   0.00000000   2.61212100
       3   H3         0.00000000   0.00000000   5.22424200
       4   H4         0.00000000   0.00000000   7.83636400
       5   H5         0.00000000   0.00000000  10.44848500
       6   H6         0.00000000   0.00000000  13.06060600
       7   H7         0.00000000   0.00000000  15.67272700
       8   H8         0.00000000   0.00000000  18.28484800
      -----------------------------------------------------
      Nuclear repulsion energy =    2.78410011
--
 
++    Orbital specifications:
      -----------------------
 
      Symmetry species               1
                                     a
      Frozen orbitals                0
      Occupied orbitals              4
      Secondary orbitals            36
      Deleted orbitals               0
      Total number of orbitals      40
      Number of basis functions     40
--
 
      Molecular charge                           0.000
 
++    Optimization specifications:
      ----------------------------
 
      SCF Algorithm: Conventional
      Minimized density differences are used
      Number of density matrices in core                5
      Maximum number of NDDO SCF iterations           400
      Maximum number of HF SCF iterations             400
      Threshold for SCF energy change            0.10E-08
      Threshold for density matrix               0.10E-03
      Threshold for Fock matrix                  0.15E-03
      Threshold for linear dependence            0.10E-08
      Threshold at which DIIS is turned on       0.15E+00
      Threshold at which QNR/C2DIIS is turned on 0.75E-01
      Threshold for Norm(delta) (QNR/C2DIIS)     0.20E-04
      DIIS extrapolation of the SCF procedure
      All orbitals punched on: SCFORB
--
 
      Input vectors read from INPORB
      Orbital file label: *Guess orbitals
 
 
++ Convergence information
                                   SCF        iterations: Energy and convergence statistics
 
Iter     Tot. SCF        One-elec.       Two-elec.     Energy      Max Dij or  Max Fij      DNorm      TNorm      AccCon     Time
         Energy          Energy          Energy        Change      Delta Norm                                                in Sec.
   1    -3.180986005    -9.675928598     3.710842484   0.00E+00    0.40E+00*   0.13E+00*    0.45E+01   0.74E+01   None         0.
   2    -3.419231346    -9.644534106     3.441202651  -0.24E+00*   0.15E+00*   0.25E-01*    0.14E+01   0.72E+01   EDIIS        0.
   3    -3.431298065    -9.583234553     3.367836379  -0.12E-01*   0.94E-01*   0.95E-02*    0.31E+00   0.71E+01   EDIIS        0.
   4    -3.433862501    -9.588716282     3.370753672  -0.26E-02*   0.60E-01*   0.64E-02*    0.17E+00   0.71E+01   c2DIIS       0.
   5    -3.434899601    -9.576218466     3.357218756  -0.10E-02*   0.25E-01*   0.38E-02*    0.40E-01   0.71E+01   QNRc2DIIS    0.
   6    -3.435220253    -9.583026914     3.363706552  -0.32E-03*   0.24E-01*   0.24E-02*    0.19E-01   0.71E+01   QNRc2DIIS    0.
   7    -3.435402318    -9.580628356     3.361125930  -0.18E-03*   0.88E-02*   0.78E-03*    0.80E-02   0.71E+01   QNRc2DIIS    0.
   8    -3.435414606    -9.578587639     3.359072924  -0.12E-04*   0.19E-02*   0.37E-03*    0.35E-02   0.71E+01   QNRc2DIIS    0.
   9    -3.435417249    -9.578998007     3.359480649  -0.26E-05*   0.19E-03*   0.19E-04     0.11E-02   0.71E+01   QNRc2DIIS    0.
  10    -3.435417262    -9.579002734     3.359485364  -0.12E-07*   0.46E-04*   0.52E-05     0.27E-03   0.71E+01   QNRc2DIIS    0.
  11    -3.435417263    -9.579001682     3.359484311  -0.84E-09    0.18E-04    0.12E-05     0.32E-04   0.71E+01   QNRc2DIIS    0.
 
       Convergence after 11 Macro Iterations
--
 
 *****************************************************************************************************************************
 *                                                                                                                           *
 *                                             SCF/KS-DFT Program, Final results                                             *
 *                                                                                                                           *
 *                                                                                                                           *
 *                                                                                                                           *
 *                                                       Final Results                                                       *
 *                                                                                                                           *
 *****************************************************************************************************************************
 
::    Total SCF energy                                 -3.4354172626
      One-electron energy                              -9.5790016820
      Two-electron energy                               3.3594843106
      Nuclear repulsion energy                          2.7841001088
      Kinetic energy (interpolated)                     2.6288177039
      Virial theorem                                    1.3068297804
      Total spin, S(S+1)                                0.0000000000
      Total spin, S                                     0.0000000000
      Max non-diagonal density matrix element           0.0000219290
      Max non-diagonal Fock matrix element              0.0000013290
 
 
      All orbitals with orbital energies smaller than  E(LUMO)+0.5 are printed
 
++    Molecular orbitals:
      -------------------
 
      Title: SCF orbitals

      Molecular orbitals for symmetry species 1: a  
 
          Orbital            1         2         3         4         5         6         7         8         9        10    
          Energy           -0.3832   -0.3696   -0.3493   -0.3279   -0.1522   -0.1224   -0.0915   -0.0686    0.3199    0.3323
          Occ. No.          2.0000    2.0000    2.0000    2.0000    0.0000    0.0000    0.0000    0.0000    0.0000    0.0000
 
        1 H1     1s         0.1721   -0.3207    0.3961   -0.3081    0.3556   -0.4927    0.4368   -0.2514   -0.1099    0.1674
        2 H1     2s         0.0326   -0.0626    0.0813   -0.0667    0.1094   -0.1598    0.1470   -0.0856    0.2117   -0.3722
        3 H1     2px       -0.0000    0.0000   -0.0000    0.0000    0.0000   -0.0000    0.0000   -0.0000   -0.0000    0.0000
        4 H1     2py       -0.0000    0.0000   -0.0000    0.0000    0.0000   -0.0000    0.0000    0.0000   -0.0000    0.0000
        5 H1     2pz        0.0059   -0.0099    0.0103   -0.0066   -0.0028    0.0081   -0.0121    0.0096   -0.0079    0.0113
        6 H2     1s         0.2286   -0.3809    0.3915   -0.2443   -0.1984    0.4391   -0.5479    0.3834   -0.1783    0.2232
        7 H2     2s         0.0374   -0.0764    0.0990   -0.0750   -0.0554    0.1449   -0.1917    0.1346    0.2192   -0.3010
        8 H2     2px        0.0000    0.0000   -0.0000   -0.0000    0.0000   -0.0000    0.0000    0.0000   -0.0000    0.0000
        9 H2     2py       -0.0000    0.0000   -0.0000    0.0000   -0.0000   -0.0000    0.0000   -0.0000    0.0000    0.0000
       10 H2     2pz       -0.0011    0.0047   -0.0099    0.0102   -0.0141    0.0141   -0.0038   -0.0034    0.0023   -0.0027
       11 H3     1s         0.3555   -0.2886   -0.1558    0.4060   -0.4520    0.1476    0.4327   -0.5263   -0.1968    0.1589
       12 H3     2s         0.0671   -0.0491   -0.0498    0.1061   -0.1422    0.0437    0.1525   -0.1816    0.2695   -0.2432
       13 H3     2px       -0.0000    0.0000   -0.0000   -0.0000    0.0000   -0.0000   -0.0000    0.0000   -0.0000   -0.0000
       14 H3     2py       -0.0000    0.0000    0.0000   -0.0000   -0.0000    0.0000    0.0000   -0.0000    0.0000   -0.0000
       15 H3     2pz        0.0061   -0.0010   -0.0089    0.0096    0.0113   -0.0159    0.0040    0.0083   -0.0030    0.0013
       16 H4     1s         0.3781   -0.2005   -0.2742    0.3771    0.3878   -0.3944   -0.2230    0.5761   -0.2162    0.0557
       17 H4     2s         0.0671   -0.0515   -0.0536    0.1034    0.1186   -0.1373   -0.0744    0.1999    0.2900   -0.0856
       18 H4     2px       -0.0000   -0.0000   -0.0000   -0.0000    0.0000   -0.0000   -0.0000    0.0000    0.0000   -0.0000
       19 H4     2py       -0.0000   -0.0000    0.0000   -0.0000    0.0000   -0.0000    0.0000    0.0000    0.0000   -0.0000
       20 H4     2pz       -0.0043    0.0076    0.0005   -0.0114    0.0153    0.0025   -0.0150    0.0031    0.0030   -0.0007
       21 H5     1s         0.3781    0.2005   -0.2742   -0.3771    0.3878    0.3944   -0.2230   -0.5761   -0.2162   -0.0557
       22 H5     2s         0.0671    0.0515   -0.0536   -0.1034    0.1186    0.1373   -0.0744   -0.1999    0.2900    0.0856
       23 H5     2px       -0.0000   -0.0000   -0.0000    0.0000    0.0000   -0.0000    0.0000    0.0000    0.0000   -0.0000
       24 H5     2py       -0.0000   -0.0000   -0.0000   -0.0000   -0.0000    0.0000    0.0000   -0.0000   -0.0000    0.0000
       25 H5     2pz        0.0043    0.0076   -0.0005   -0.0114   -0.0153    0.0025    0.0150    0.0031   -0.0030   -0.0007
       26 H6     1s         0.3555    0.2886   -0.1558   -0.4060   -0.4520   -0.1476    0.4327    0.5263   -0.1968   -0.1589
       27 H6     2s         0.0671    0.0491   -0.0498   -0.1061   -0.1422   -0.0437    0.1525    0.1816    0.2695    0.2432
       28 H6     2px        0.0000   -0.0000    0.0000   -0.0000   -0.0000   -0.0000   -0.0000   -0.0000    0.0000    0.0000
       29 H6     2py       -0.0000   -0.0000    0.0000    0.0000    0.0000    0.0000   -0.0000   -0.0000   -0.0000    0.0000
       30 H6     2pz       -0.0061   -0.0010    0.0089    0.0096   -0.0113   -0.0159   -0.0040    0.0083    0.0030    0.0013
       31 H7     1s         0.2286    0.3809    0.3915    0.2443   -0.1984   -0.4391   -0.5479   -0.3834   -0.1783   -0.2232
       32 H7     2s         0.0374    0.0764    0.0990    0.0750   -0.0554   -0.1449   -0.1917   -0.1346    0.2192    0.3010
       33 H7     2px       -0.0000   -0.0000   -0.0000   -0.0000   -0.0000   -0.0000   -0.0000   -0.0000    0.0000   -0.0000
       34 H7     2py        0.0000   -0.0000    0.0000    0.0000   -0.0000    0.0000    0.0000   -0.0000   -0.0000   -0.0000
       35 H7     2pz        0.0011    0.0047    0.0099    0.0102    0.0141    0.0141    0.0038   -0.0034   -0.0023   -0.0027
       36 H8     1s         0.1721    0.3207    0.3961    0.3081    0.3556    0.4927    0.4368    0.2514   -0.1099   -0.1674
       37 H8     2s         0.0326    0.0626    0.0813    0.0667    0.1094    0.1598    0.1470    0.0856    0.2117    0.3722
       38 H8     2px       -0.0000    0.0000   -0.0000   -0.0000   -0.0000    0.0000   -0.0000    0.0000    0.0000    0.0000
       39 H8     2py        0.0000    0.0000    0.0000   -0.0000   -0.0000    0.0000   -0.0000    0.0000   -0.0000    0.0000
       40 H8     2pz       -0.0059   -0.0099   -0.0103   -0.0066    0.0028    0.0081    0.0121    0.0096    0.0079    0.0113
--
 
 
++    Molecular charges:
      ------------------
 
      Mulliken charges per centre and basis function type
      ---------------------------------------------------
 
                H1      H2      H3      H4      H5      H6      H7      H8    
      1s       0.8809  0.9284  0.9072  0.9119  0.9119  0.9072  0.9284  0.8809
      2s       0.0865  0.0945  0.0863  0.0880  0.0880  0.0863  0.0945  0.0865
      2px      0.0000  0.0000  0.0000  0.0000  0.0000  0.0000  0.0000  0.0000
      2pz      0.0037  0.0042  0.0042  0.0042  0.0042  0.0042  0.0042  0.0037
      2py      0.0000  0.0000  0.0000  0.0000  0.0000  0.0000  0.0000  0.0000
      Total    0.9710  1.0272  0.9977  1.0041  1.0041  0.9977  1.0272  0.9710
 
      N-E      0.0290 -0.0272  0.0023 -0.0041 -0.0041  0.0023 -0.0272  0.0290
 
      Total electronic charge=    8.000000
 
      Total            charge=   -0.000000
--
 
 
  Input file to MOLDEN was generated!
 
 
++    Static properties:
      ------------------
 
 
      LoProp Charges per center
 

                   H1       H2       H3       H4       H5       H6       H7       H8    
      Nuclear      1.0000   1.0000   1.0000   1.0000   1.0000   1.0000   1.0000   1.0000
      Electronic  -0.9816  -1.0157  -0.9987  -1.0040  -1.0040  -0.9987  -1.0157  -0.9816
 
      Total        0.0184  -0.0157   0.0013  -0.0040  -0.0040   0.0013  -0.0157   0.0184
--
 
 
++    Natural Bond Order analysis
      ---------------------------
      Based on LoProp computed density
      -------------------------------------------------------------------------------------
      Atom A       Atom B       Bond Order
      -------------------------------------------------------------------------------------
      NBO located      0.972 non-bonded electrons on atom H1        
      NBO located      1.005 non-bonded electrons on atom H3        
      NBO located      1.011 non-bonded electrons on atom H4        
      NBO located      1.011 non-bonded electrons on atom H5        
      NBO located      1.005 non-bonded electrons on atom H6        
      NBO located      0.972 non-bonded electrons on atom H8        
      The remaining    2.026 electrons are to be considered as diffuse
--
 
 
++    Molecular properties:
      ---------------------
 
      Charge (e):
                      =   -0.0000
      Dipole Moment (Debye):
      Origin of the operator (Ang)=    0.0000    0.0000    0.0000
                   X=  2.4601E-13               Y=  9.1447E-14               Z= -1.4120E-07           Total=  1.4120E-07
      Quadrupole Moment (Debye*Ang):
      Origin of the operator (Ang)=    0.0000    0.0000    9.1424
                  XX= -1.9227E+01              XY= -1.1035E-27              XZ= -2.1460E-12              YY= -1.9227E+01
                  YZ= -7.4562E-13              ZZ=  4.0820E-01
      In traceless form (Debye*Ang)
                  XX= -9.8175E+00              XY= -1.6553E-27              XZ= -3.2191E-12              YY= -9.8175E+00
                  YZ= -1.1184E-12              ZZ=  1.9635E+01
--
 
 
  Input file to MOLDEN was generated!
 
 ###############################################################################
 ###############################################################################
 ###                                                                         ###
 ###                                                                         ###
 ###    RunFile label nBas                                                   ###
 ###    was used       78 times                                              ###
 ###                                                                         ###
 ###                                                                         ###
 ###############################################################################
 ###############################################################################
forrtl: warning (528): IEEE_UNDERFLOW is signaling
--- Stop Module: scf at Sun Oct 26 13:42:16 2025 /rc=_RC_ALL_IS_WELL_ ---
*** files: H8_2.61.LprOrb H8_2.61.LoProp.molden H8_2.61.scf.molden H8_2.61.ScfOrb H8_2.61.scf.h5 xmldump
    saved to directory /home/grierjones/DDCASPT2/hydrogen_comps/rerun/H8_chain/H8_2.61

>>> COPY /tmp/H8_2.61/H8_2.61.scf.h5 /home/grierjones/DDCASPT2/hydrogen_comps/rerun/H8_chain/H8_2.61/

*** symbolic link created: INPORB -> H8_2.61.ScfOrb
--- Start Module: rasscf at Sun Oct 26 13:42:16 2025 ---
 
()()()()()()()()()()()()()()()()()()()()()()()()()()()()()()()()()()()()()()()()()()()()()()()()()()

                                              &RASSCF

                                   only a single process is used
                       available to each process: 2.0 GB of memory, 1 thread?
()()()()()()()()()()()()()()()()()()()()()()()()()()()()()()()()()()()()()()()()()()()()()()()()()()
 
 
      Header of the ONEINT file:
      --------------------------
      
      Integrals generated by seward 4.2.0  , Sun Oct 26 13:42:16 2025
 
 
      OrdInt status: non-squared
 
 
      Cartesian coordinates in Angstrom:
      -----------------------------------------------------
      No.  Label        X            Y            Z        
      -----------------------------------------------------
       1   H1         0.00000000   0.00000000   0.00000000
       2   H2         0.00000000   0.00000000   2.61212100
       3   H3         0.00000000   0.00000000   5.22424200
       4   H4         0.00000000   0.00000000   7.83636400
       5   H5         0.00000000   0.00000000  10.44848500
       6   H6         0.00000000   0.00000000  13.06060600
       7   H7         0.00000000   0.00000000  15.67272700
       8   H8         0.00000000   0.00000000  18.28484800
      -----------------------------------------------------
      Nuclear repulsion energy =    2.78410011
 
++    Wave function specifications:
      -----------------------------
 
      Number of closed shell electrons           0
      Number of electrons in active shells       8
      Max number of holes in RAS1 space          0
      Max nr of electrons in RAS3 space          0
      Number of inactive orbitals                0
      Number of active orbitals                  8
      Number of secondary orbitals              32
      Spin quantum number                      0.0
      State symmetry                             1
--
 
++    Orbital specifications:
      -----------------------
 
      Symmetry species                           1
                                                 a
      Frozen orbitals                            0
      Inactive orbitals                          0
      Active orbitals                            8
      RAS1 orbitals                              0
      RAS2 orbitals                              8
      RAS3 orbitals                              0
      Secondary orbitals                        32
      Deleted orbitals                           0
      Number of basis functions                 40
--
 
++    CI expansion specifications:
      ----------------------------
 
      Number of CSFs                          1764
      Number of determinants                  2485
      Number of root(s) required                 1
      Root chosen for geometry opt.              1
      CI root used                               1
         
      highest root included in the CI            1
      max. size of the explicit Hamiltonian    200
--
 
++    Optimization specifications:
      ----------------------------
 
      RASSCF algorithm: Conventional
      Maximum number of macro iterations       200
      Maximum number of SX iterations          100
      Threshold for RASSCF energy            0.100E-07
      Threshold for max MO rotation          0.100E+00
      Threshold for max BLB element          0.100E-03
      Level shift parameter                  0.500E+00
      Make Quasi-Newton update
--
 
      The MO-coefficients are taken from the file:
      /home/grierjones/DDCASPT2/hydrogen_comps/rerun/H8_chain/H8_0.60/H8_0.60.RasOrb                                                  
      Title: RASSCF average (pseudo-natural) orbitals                                      
 
      Total molecular charge    0.00
 
      ************************************************************************************************************************
      *                                                                                                                      *
      *                                            Wave function control section                                             *
      *                                                                                                                      *
      ************************************************************************************************************************
 
 
                                         RASSCF iterations: Energy and convergence statistics
                                         ----------------------------------------------------
 
      Iter CI   SX   CI       RASSCF       Energy    max ROT     max BLB   max BLB  Level Ln srch  Step   QN   Walltime
          iter iter root      energy       change     param      element    value   shift minimum  type update hh:mm:ss
 Nr of preliminary CI iterations:   8
        1   1  100    1    -2.57857932    0.00E+00  -0.36E+00*   7  24 1  0.33E+00*  0.44   0.00    SX    NO    0:00:00
        2   8  100    1    -3.22849342   -0.65E+00*  0.52E+00*   3  18 1  0.19E+00*  0.29   0.00    SX    NO    0:00:00
        3   7  100    1    -3.47568576   -0.25E+00* -0.31E+00*   2  10 1 -0.22E+00*  0.13   0.00    SX    NO    0:00:00
        4   7   81    1    -3.68906402   -0.21E+00* -0.90E-01    2  36 1  0.58E-01*  0.07   0.00    SX    NO    0:00:00
        5   5  100    1    -3.71783402   -0.29E-01*  0.16E+00*   2  29 1  0.19E-01*  0.03   1.71    QN   YES    0:00:00
        6  31  100    1    -3.75183813   -0.34E-01*  0.47E+00*   2  25 1 -0.36E-01*  0.00   1.71    QN   YES    0:00:00
        7  13  100    1    -3.93417763   -0.18E+00* -0.14E+00*   8  15 1  0.90E-01*  0.00   0.00    SX    NO    0:00:00
        8   5   13    1    -3.99620454   -0.62E-01* -0.21E-01    5  18 1  0.14E-01*  0.00   1.01    QN   YES    0:00:00
        9   1   12    1    -3.99730081   -0.11E-02* -0.54E-02    5  18 1  0.43E-02*  0.00   1.08    QN   YES    0:00:00
       10  34   12    1    -3.99803073   -0.73E-03*  0.20E-02    8  29 1 -0.18E-02*  0.00   0.99    QN   YES    0:00:00
       11   9   11    1    -3.99809446   -0.64E-04*  0.19E-02    5  18 1 -0.15E-02*  0.00   1.08    QN   YES    0:00:00
       12  17    9    1    -3.99811578   -0.21E-04* -0.18E-03    5   9 1 -0.12E-03*  0.00   0.98    QN   YES    0:00:00
       13   9    8    1    -3.99811761   -0.18E-05*  0.14E-03    8  29 1 -0.69E-04   0.00   1.00    QN   YES    0:00:00
       14  15    8    1    -3.99811777   -0.16E-06* -0.73E-04    5   9 1  0.55E-04   0.00   0.90    QN   YES    0:00:00
       15   4    7    1    -3.99811780   -0.36E-07* -0.20E-04    5  24 1  0.15E-04   0.00   1.06    QN   YES    0:00:00
       16   1    6    1    -3.99811781   -0.16E-08   0.52E-05    4  21 1  0.32E-05   0.00   0.89    QN   YES    0:00:00
      Convergence after 16 iterations
 
  Dmat in MO in SXCTL bf call to SXHAM                                                                                    
  mat. size =     8x    8
 
        1.2631160683011469
       -0.0001798297288155      0.9823691132330693
       -0.0925593602548576     -0.0003680017907855      1.1042018717122144
       -0.0000154009064909     -0.0021695431761092     -0.0000022522345902      1.1405499411177760
        0.1318291394186894      0.0002294352442524      0.1321709363673958      0.0000252967984830      0.8873010815448181
       -0.0000454885127747      0.1502121921596279     -0.0001580636173758      0.0104043564782258      0.0003004628352503
        0.7789008371169015
       -0.0685531174315770     -0.0001803857042827     -0.1461671502192718      0.0000082994038948     -0.0080058699604448
       -0.0001353711826458      0.8658446762017541
        0.0001391650773905     -0.2500526102992809     -0.0000019183759498      0.0354534461301691     -0.0004520994376409
       -0.0683199521429221      0.0000733064476819      0.9777164107723083
       17   1    6    1    -3.99811781   -0.89E-10   0.52E-05    4  21 1 -0.57E-06   0.00   0.89    QN   YES    0:00:00
 
      ************************************************************************************************************************
                                                      Wave function printout:
                       occupation of active orbitals, and spin coupling of open shells (u,d: Spin up or down)
      ************************************************************************************************************************
 
      Note: transformation to natural orbitals
      has been made, which may change the order of the CSFs.
 
      printout of CI-coefficients larger than  0.05 for root  1
      energy=      -3.998118
      conf/sym  11111111     Coeff  Weight
             1  22220000  -0.34905 0.12184
            18  22202000   0.18906 0.03575
            27  22200002   0.05173 0.00268
            34  22udu00d   0.20404 0.04163
            41  2u2du0d0  -0.16678 0.02781
            45  2u2d0u0d  -0.06952 0.00483
            47  2u2d0002   0.06479 0.00420
            49  u22dud00  -0.18585 0.03454
            56  u22d00ud  -0.09417 0.00887
            58  22022000   0.05260 0.00277
            61  2202u0d0  -0.06468 0.00418
            63  22020020   0.05315 0.00283
            67  22020002   0.12995 0.01689
            69  2ud2ud00  -0.09432 0.00890
            76  2ud200ud  -0.17756 0.03153
            81  u2d2u0d0  -0.07080 0.00501
            83  u2d20020   0.05414 0.00293
            85  u2d20u0d  -0.14515 0.02107
            93  20220020   0.11041 0.01219
            95  20220u0d  -0.05434 0.00295
            97  20220002   0.05425 0.00294
           102  ud220ud0   0.14531 0.02112
           104  ud22u00d   0.05150 0.00265
           110  02220200   0.11212 0.01257
           113  02220020   0.05032 0.00253
           121  22uud00d  -0.05814 0.00338
           125  2u2ud0d0   0.05930 0.00352
           130  u22udd00   0.07250 0.00526
           568  22002002  -0.12050 0.01452
           582  2ud020ud   0.13369 0.01787
           600  u2d02u0d   0.11862 0.01407
           617  20202020  -0.09532 0.00909
           635  ud202ud0  -0.09630 0.00927
           654  02202200  -0.09135 0.00834
           691  2u0du0d2  -0.11228 0.01261
           709  u20dud02  -0.10022 0.01004
           726  20udu02d   0.09372 0.00878
           743  udududud   0.09100 0.00828
           745  ududuudd   0.10990 0.01208
           761  02udu20d   0.08523 0.00726
           783  uuddudud   0.13492 0.01820
           785  uudduudd  -0.05034 0.00253
           798  u02dud20  -0.08751 0.00766
           816  0u2du2d0  -0.08886 0.00790
           853  20020022  -0.08754 0.00766
           872  ud020ud2  -0.08190 0.00671
           890  02020202  -0.07466 0.00557
           907  u0d20u2d   0.08968 0.00804
           924  0ud202ud   0.09029 0.00815
           939  00220220  -0.07071 0.00500
          1602  20002022   0.09092 0.00827
          1610  ud002ud2   0.10660 0.01136
          1619  02002202   0.07305 0.00534
          1627  u0d02u2d  -0.09173 0.00841
          1636  0ud022ud  -0.10237 0.01048
          1643  0ud0ud22  -0.05328 0.00284
          1645  00202220   0.06514 0.00424
          1656  u00d22ud  -0.05327 0.00284
          1663  u00dud22  -0.10087 0.01018
          1671  0u0du2d2  -0.08253 0.00681
          1678  00udu22d   0.08859 0.00785
          1694  00020222   0.07009 0.00491
          1764  00002222  -0.10983 0.01206
 
      Natural orbitals and occupation numbers for root  1
      sym 1:   1.320932   1.281921   1.219162   1.139796   0.863672   0.675526   0.716697   0.782293
 
      ************************************************************************************************************************
      *                                                                                                                      *
      *                                                    Final results                                                     *
      *                                                                                                                      *
      ************************************************************************************************************************
 
 
++    Wave function specifications:
      -----------------------------
 
      Number of closed shell electrons           0
      Number of electrons in active shells       8
      Max number of holes in RAS1 space          0
      Max nr of electrons in RAS3 space          0
      Number of inactive orbitals                0
      Number of active orbitals                  8
      Number of secondary orbitals              32
      Spin quantum number                      0.0
      State symmetry                             1
--
 
++    Orbital specifications:
      -----------------------
 
      Symmetry species                           1
                                                 a
      Frozen orbitals                            0
      Inactive orbitals                          0
      Active orbitals                            8
      RAS1 orbitals                              0
      RAS2 orbitals                              8
      RAS3 orbitals                              0
      Secondary orbitals                        32
      Deleted orbitals                           0
      Number of basis functions                 40
--
 
++    CI expansion specifications:
      ----------------------------
 
      Number of CSFs                          1764
      Number of determinants                  2485
      Number of root(s) required                 1
      CI root used                               1
      highest root included in the CI            1
      Root passed to geometry opt.               1
--
 
++    Final optimization conditions:
      ------------------------------
 
      Average CI energy                              -3.99811781
      RASSCF energy for state  1                     -3.99811781
      Super-CI energy                                -0.00000000
      RASSCF energy change                            0.00000000
      Max change in MO coefficients               0.431E-05
      Max non-diagonal density matrix element     0.517E-05
      Maximum BLB matrix element                 -0.566E-06
      (orbital pair   4,  21 in symmetry   1)
      Norm of electronic gradient            0.168E-05
--
 
 
      Final state energy(ies):
      ------------------------
 
::    RASSCF root number  1 Total energy:     -3.99811781
 
++    Molecular orbitals:
      -------------------
 
      Pseudonatural active orbitals and approximate occupation numbers
 
 
 
 
      Molecular orbitals for symmetry species 1: a  
 
 
      Orbital                1         2         3         4         5         6         7         8         9        10
      Energy            0.0000    0.0000    0.0000    0.0000    0.0000    0.0000    0.0000    0.0000    0.3301    0.3423
      Occ. No.          1.3209    1.2819    1.2192    1.1398    0.8637    0.6755    0.7167    0.7823    0.0000    0.0000
 
    1 H1     1s         0.1994   -0.3518    0.4102   -0.3271   -0.3553    0.2449    0.4193   -0.4683    0.0800   -0.1125
    2 H1     2s         0.0149   -0.0268    0.0324   -0.0270   -0.0367    0.0324    0.0520   -0.0531   -0.2136    0.3751
    3 H1     2px       -0.0000    0.0000   -0.0000    0.0000    0.0000   -0.0000   -0.0000    0.0000   -0.0000    0.0000
    4 H1     2py        0.0000   -0.0000    0.0000   -0.0000   -0.0000    0.0000    0.0000   -0.0000    0.0000   -0.0000
    5 H1     2pz        0.0008   -0.0012    0.0010   -0.0005   -0.0007    0.0017    0.0022   -0.0016    0.0053   -0.0080
    6 H2     1s         0.2720   -0.4203    0.3833   -0.2022    0.1831   -0.3641   -0.5237    0.4228    0.1411   -0.1771
    7 H2     2s         0.0175   -0.0333    0.0402   -0.0297    0.0119   -0.0613   -0.0789    0.0506   -0.2263    0.3117
    8 H2     2px        0.0000   -0.0000    0.0000   -0.0000    0.0000   -0.0000   -0.0000    0.0000    0.0000   -0.0000
    9 H2     2py        0.0000   -0.0000    0.0000   -0.0000    0.0000   -0.0000   -0.0000    0.0000    0.0000   -0.0000
   10 H2     2pz        0.0007   -0.0002   -0.0011    0.0014    0.0001    0.0000    0.0005   -0.0006    0.0001   -0.0000
   11 H3     1s         0.3642   -0.2982   -0.1463    0.4415    0.4692    0.4776    0.3933    0.1423    0.1573   -0.1185
   12 H3     2s         0.0259   -0.0180   -0.0209    0.0468    0.0553    0.0797    0.0651    0.0133   -0.2741    0.2473
   13 H3     2px       -0.0000    0.0000   -0.0000    0.0000   -0.0000   -0.0000   -0.0000    0.0000   -0.0000    0.0000
   14 H3     2py       -0.0000   -0.0000   -0.0000   -0.0000   -0.0000   -0.0000    0.0000    0.0000   -0.0000   -0.0000
   15 H3     2pz        0.0000    0.0009   -0.0014    0.0006    0.0001    0.0012    0.0002    0.0007    0.0002   -0.0000
   16 H4     1s         0.3934   -0.1691   -0.3318    0.3774   -0.3877   -0.5221   -0.1940   -0.4058    0.1702   -0.0486
   17 H4     2s         0.0267   -0.0179   -0.0244    0.0429   -0.0419   -0.0887   -0.0260   -0.0606   -0.2949    0.0891
   18 H4     2px        0.0000    0.0000    0.0000   -0.0000    0.0000    0.0000   -0.0000   -0.0000    0.0000    0.0000
   19 H4     2py        0.0000    0.0000    0.0000   -0.0000    0.0000    0.0000   -0.0000   -0.0000    0.0000    0.0000
   20 H4     2pz        0.0004    0.0011   -0.0008   -0.0011    0.0003    0.0007    0.0012    0.0001   -0.0001   -0.0003
   21 H5     1s         0.3934    0.1691   -0.3318   -0.3774   -0.3877    0.5221   -0.1940    0.4058    0.1702    0.0486
   22 H5     2s         0.0267    0.0179   -0.0244   -0.0429   -0.0419    0.0887   -0.0261    0.0606   -0.2949   -0.0891
   23 H5     2px        0.0000    0.0000    0.0000    0.0000   -0.0000    0.0000    0.0000   -0.0000    0.0000    0.0000
   24 H5     2py        0.0000    0.0000    0.0000    0.0000    0.0000    0.0000   -0.0000   -0.0000    0.0000    0.0000
   25 H5     2pz       -0.0004    0.0011    0.0008   -0.0011   -0.0003    0.0007   -0.0012    0.0001    0.0001   -0.0003
   26 H6     1s         0.3642    0.2982   -0.1464   -0.4415    0.4692   -0.4776    0.3933   -0.1424    0.1573    0.1185
   27 H6     2s         0.0259    0.0180   -0.0209   -0.0468    0.0553   -0.0797    0.0651   -0.0133   -0.2741   -0.2473
   28 H6     2px        0.0000    0.0000    0.0000    0.0000    0.0000   -0.0000    0.0000    0.0000   -0.0000    0.0000
   29 H6     2py        0.0000   -0.0000    0.0000    0.0000    0.0000   -0.0000    0.0000    0.0000    0.0000   -0.0000
   30 H6     2pz       -0.0000    0.0009    0.0014    0.0006   -0.0001    0.0012   -0.0002    0.0007   -0.0002   -0.0000
   31 H7     1s         0.2720    0.4204    0.3834    0.2022    0.1830    0.3640   -0.5238   -0.4228    0.1411    0.1771
   32 H7     2s         0.0175    0.0333    0.0402    0.0297    0.0119    0.0613   -0.0789   -0.0506   -0.2263   -0.3117
   33 H7     2px       -0.0000   -0.0000   -0.0000   -0.0000   -0.0000   -0.0000    0.0000    0.0000   -0.0000   -0.0000
   34 H7     2py       -0.0000   -0.0000   -0.0000   -0.0000   -0.0000   -0.0000    0.0000    0.0000   -0.0000   -0.0000
   35 H7     2pz       -0.0007   -0.0002    0.0011    0.0014   -0.0001    0.0000   -0.0005   -0.0006   -0.0001   -0.0000
   36 H8     1s         0.1994    0.3519    0.4103    0.3270   -0.3552   -0.2448    0.4193    0.4684    0.0800    0.1125
   37 H8     2s         0.0149    0.0268    0.0324    0.0270   -0.0367   -0.0324    0.0520    0.0531   -0.2136   -0.3751
   38 H8     2px        0.0000    0.0000    0.0000    0.0000   -0.0000   -0.0000    0.0000    0.0000    0.0000    0.0000
   39 H8     2py       -0.0000   -0.0000   -0.0000   -0.0000    0.0000    0.0000   -0.0000   -0.0000   -0.0000   -0.0000
   40 H8     2pz       -0.0008   -0.0012   -0.0010   -0.0005    0.0007    0.0017   -0.0022   -0.0016   -0.0053   -0.0080
 
 
      Orbital               11        12        13        14        15        16        17        18        19        20
      Energy            0.3660    0.4048    0.4616    0.5440    0.6430    0.7421    0.7601    0.8624    0.8624    0.8773
      Occ. No.          0.0000    0.0000    0.0000    0.0000    0.0000    0.0000    0.0000    0.0000    0.0000    0.0000
 
    1 H1     1s         0.0824   -0.0069    0.0806   -0.1489    0.1610    0.1338   -0.0915   -0.0000    0.0000    0.0000
    2 H1     2s        -0.4717    0.5184    0.5152   -0.4645    0.3557    0.2315   -0.1482    0.0000   -0.0000   -0.0000
    3 H1     2px       -0.0000    0.0000    0.0000   -0.0000    0.0000    0.0000   -0.0000    0.0999   -0.1149    0.2265
    4 H1     2py        0.0000   -0.0000   -0.0000    0.0000   -0.0000    0.0000   -0.0000    0.1149    0.0999   -0.1794
    5 H1     2pz        0.0088   -0.0128   -0.0278    0.0670   -0.1411   -0.3268    0.3020   -0.0000    0.0000    0.0000
    6 H2     1s         0.1032   -0.0146   -0.0138    0.1201   -0.2108   -0.1566    0.0802    0.0000   -0.0000   -0.0000
    7 H2     2s        -0.2019   -0.0688   -0.4038    0.6847   -0.7061   -0.4244    0.2207   -0.0000    0.0000    0.0000
    8 H2     2px        0.0000    0.0000    0.0000   -0.0000    0.0000    0.0000   -0.0000    0.1902   -0.2188    0.3521
    9 H2     2py        0.0000    0.0000    0.0000   -0.0000    0.0000    0.0000   -0.0000    0.2188    0.1902   -0.2789
   10 H2     2pz        0.0050   -0.0223   -0.0455    0.0437    0.0423    0.3361   -0.3466    0.0000   -0.0000   -0.0000
   11 H3     1s        -0.0434    0.0937    0.0051   -0.0149    0.1960    0.1789   -0.0592   -0.0000    0.0000    0.0000
   12 H3     2s         0.0943   -0.4465   -0.4174   -0.1243    0.6774    0.4810   -0.1654   -0.0000    0.0000    0.0000
   13 H3     2px       -0.0000    0.0000   -0.0000   -0.0000    0.0000    0.0000   -0.0000    0.2574   -0.2960    0.3108
   14 H3     2py        0.0000    0.0000   -0.0000   -0.0000    0.0000    0.0000   -0.0000    0.2960    0.2574   -0.2462
   15 H3     2pz        0.0037   -0.0023    0.0388   -0.1300    0.1366   -0.2239    0.3125   -0.0000    0.0000   -0.0000
   16 H4     1s        -0.1272    0.0575   -0.0038   -0.0943   -0.0814   -0.1842    0.0220   -0.0000   -0.0000   -0.0000
   17 H4     2s         0.3477   -0.2564    0.4073   -0.6025   -0.2738   -0.4831    0.0583    0.0000   -0.0000   -0.0000
   18 H4     2px       -0.0000   -0.0000    0.0000    0.0000    0.0000   -0.0000   -0.0000    0.2928   -0.3368    0.1234
   19 H4     2py       -0.0000   -0.0000    0.0000    0.0000    0.0000   -0.0000   -0.0000    0.3368    0.2928   -0.0978
   20 H4     2pz        0.0029    0.0145    0.0369    0.0713   -0.2674    0.0762   -0.2805    0.0000   -0.0000    0.0000
   21 H5     1s        -0.1272   -0.0575   -0.0038    0.0943   -0.0814    0.1842    0.0220    0.0000    0.0000   -0.0000
   22 H5     2s         0.3477    0.2564    0.4073    0.6025   -0.2738    0.4831    0.0583   -0.0000    0.0000   -0.0000
   23 H5     2px        0.0000   -0.0000    0.0000    0.0000    0.0000   -0.0000   -0.0000    0.2928   -0.3368   -0.1234
   24 H5     2py        0.0000   -0.0000    0.0000    0.0000    0.0000   -0.0000   -0.0000    0.3368    0.2928    0.0978
   25 H5     2pz       -0.0029    0.0145   -0.0369    0.0713    0.2674    0.0762    0.2805   -0.0000    0.0000   -0.0000
   26 H6     1s        -0.0434   -0.0937    0.0051    0.0149    0.1960   -0.1789   -0.0592    0.0000   -0.0000    0.0000
   27 H6     2s         0.0943    0.4465   -0.4174    0.1243    0.6774   -0.4810   -0.1654    0.0000   -0.0000    0.0000
   28 H6     2px        0.0000    0.0000   -0.0000   -0.0000   -0.0000   -0.0000    0.0000    0.2574   -0.2960   -0.3108
   29 H6     2py        0.0000    0.0000    0.0000   -0.0000   -0.0000    0.0000    0.0000    0.2960    0.2574    0.2462
   30 H6     2pz       -0.0037   -0.0023   -0.0388   -0.1300   -0.1366   -0.2239   -0.3125   -0.0000    0.0000    0.0000
   31 H7     1s         0.1032    0.0146   -0.0138   -0.1201   -0.2108    0.1566    0.0802   -0.0000    0.0000   -0.0000
   32 H7     2s        -0.2019    0.0688   -0.4038   -0.6847   -0.7061    0.4244    0.2207    0.0000   -0.0000    0.0000
   33 H7     2px       -0.0000    0.0000   -0.0000   -0.0000   -0.0000    0.0000    0.0000    0.1902   -0.2188   -0.3521
   34 H7     2py       -0.0000    0.0000   -0.0000   -0.0000   -0.0000    0.0000    0.0000    0.2188    0.1902    0.2789
   35 H7     2pz       -0.0050   -0.0223    0.0455    0.0437   -0.0423    0.3361    0.3466    0.0000   -0.0000    0.0000
   36 H8     1s         0.0824    0.0069    0.0806    0.1489    0.1610   -0.1338   -0.0915    0.0000   -0.0000    0.0000
   37 H8     2s        -0.4717   -0.5184    0.5152    0.4644    0.3557   -0.2315   -0.1482   -0.0000    0.0000   -0.0000
   38 H8     2px        0.0000    0.0000   -0.0000   -0.0000   -0.0000    0.0000    0.0000    0.0999   -0.1149   -0.2265
   39 H8     2py       -0.0000   -0.0000    0.0000    0.0000   -0.0000    0.0000    0.0000    0.1149    0.0999    0.1794
   40 H8     2pz       -0.0088   -0.0128    0.0278    0.0670    0.1411   -0.3268   -0.3020   -0.0000    0.0000   -0.0000
 
 
      Orbital               21        22        23        24        25        26        27        28        29        30
      Energy            0.8773    0.9009    0.9009    0.9308    0.9308    0.9644    0.9644    0.9968    0.9968    1.0244
      Occ. No.          0.0000    0.0000    0.0000    0.0000    0.0000    0.0000    0.0000    0.0000    0.0000    0.0000
 
    1 H1     1s        -0.0000   -0.0000   -0.0000    0.0000    0.0000   -0.0000   -0.0000    0.0000   -0.0000    0.0000
    2 H1     2s         0.0000    0.0000    0.0000   -0.0000    0.0000   -0.0000   -0.0000    0.0000    0.0000   -0.0000
    3 H1     2px       -0.1794   -0.3331   -0.2133    0.2111   -0.4059    0.0938    0.4588    0.1271   -0.4033    0.2698
    4 H1     2py       -0.2265    0.2133   -0.3331   -0.4059   -0.2111    0.4588   -0.0938   -0.4033   -0.1271    0.1712
    5 H1     2pz       -0.0000   -0.0000   -0.0000    0.0000    0.0000   -0.0000   -0.0000    0.0000    0.0000   -0.0000
    6 H2     1s         0.0000    0.0000    0.0000    0.0000    0.0000    0.0000    0.0000   -0.0000   -0.0000    0.0000
    7 H2     2s        -0.0000    0.0000    0.0000   -0.0000   -0.0000    0.0000    0.0000   -0.0000   -0.0000   -0.0000
    8 H2     2px       -0.2789   -0.3397   -0.2175    0.0775   -0.1491   -0.0312   -0.1527   -0.1244    0.3948   -0.4059
    9 H2     2py       -0.3521    0.2175   -0.3397   -0.1491   -0.0775   -0.1527    0.0312    0.3948    0.1244   -0.2576
   10 H2     2pz        0.0000    0.0000    0.0000   -0.0000   -0.0000    0.0000    0.0000   -0.0000   -0.0000   -0.0000
   11 H3     1s        -0.0000   -0.0000   -0.0000    0.0000    0.0000   -0.0000   -0.0000    0.0000    0.0000    0.0000
   12 H3     2s        -0.0000   -0.0000   -0.0000    0.0000    0.0000   -0.0000   -0.0000    0.0000    0.0000    0.0000
   13 H3     2px       -0.2462   -0.0018   -0.0011   -0.1864    0.3583   -0.0829   -0.4058   -0.0016    0.0050    0.3549
   14 H3     2py       -0.3108    0.0011   -0.0018    0.3583    0.1864   -0.4058    0.0829    0.0050    0.0016    0.2252
   15 H3     2pz        0.0000   -0.0000   -0.0000   -0.0000    0.0000   -0.0000   -0.0000   -0.0000   -0.0000    0.0000
   16 H4     1s         0.0000    0.0000    0.0000   -0.0000   -0.0000    0.0000    0.0000    0.0000   -0.0000   -0.0000
   17 H4     2s         0.0000    0.0000    0.0000   -0.0000   -0.0000    0.0000    0.0000   -0.0000   -0.0000   -0.0000
   18 H4     2px       -0.0978    0.3360    0.2152   -0.1399    0.2689    0.0611    0.2990    0.1253   -0.3977   -0.1404
   19 H4     2py       -0.1234   -0.2152    0.3360    0.2689    0.1399    0.2990   -0.0611   -0.3977   -0.1253   -0.0891
   20 H4     2pz       -0.0000    0.0000    0.0000    0.0000    0.0000    0.0000    0.0000    0.0000    0.0000   -0.0000
   21 H5     1s         0.0000   -0.0000   -0.0000    0.0000   -0.0000   -0.0000   -0.0000   -0.0000   -0.0000    0.0000
   22 H5     2s        -0.0000   -0.0000   -0.0000    0.0000    0.0000   -0.0000   -0.0000   -0.0000   -0.0000    0.0000
   23 H5     2px        0.0978    0.3360    0.2152    0.1399   -0.2689    0.0611    0.2990   -0.1253    0.3977   -0.1404
   24 H5     2py        0.1234   -0.2152    0.3360   -0.2689   -0.1399    0.2990   -0.0611    0.3977    0.1253   -0.0891
   25 H5     2pz        0.0000   -0.0000   -0.0000   -0.0000   -0.0000   -0.0000   -0.0000   -0.0000   -0.0000    0.0000
   26 H6     1s        -0.0000    0.0000    0.0000    0.0000    0.0000    0.0000    0.0000    0.0000    0.0000   -0.0000
   27 H6     2s         0.0000    0.0000    0.0000   -0.0000   -0.0000    0.0000    0.0000    0.0000    0.0000   -0.0000
   28 H6     2px        0.2462   -0.0018   -0.0011    0.1864   -0.3583   -0.0829   -0.4058    0.0016   -0.0050    0.3548
   29 H6     2py        0.3108    0.0011   -0.0018   -0.3583   -0.1864   -0.4058    0.0829   -0.0050   -0.0016    0.2252
   30 H6     2pz       -0.0000   -0.0000   -0.0000    0.0000    0.0000   -0.0000   -0.0000    0.0000    0.0000    0.0000
   31 H7     1s         0.0000   -0.0000   -0.0000    0.0000    0.0000   -0.0000   -0.0000   -0.0000   -0.0000    0.0000
   32 H7     2s        -0.0000   -0.0000    0.0000   -0.0000   -0.0000   -0.0000   -0.0000   -0.0000   -0.0000    0.0000
   33 H7     2px        0.2789   -0.3397   -0.2175   -0.0775    0.1491   -0.0312   -0.1527    0.1244   -0.3948   -0.4059
   34 H7     2py        0.3521    0.2175   -0.3397    0.1491    0.0775   -0.1527    0.0312   -0.3948   -0.1244   -0.2576
   35 H7     2pz       -0.0000    0.0000    0.0000   -0.0000   -0.0000    0.0000    0.0000    0.0000    0.0000   -0.0000
   36 H8     1s        -0.0000    0.0000    0.0000    0.0000    0.0000    0.0000    0.0000    0.0000   -0.0000   -0.0000
   37 H8     2s         0.0000   -0.0000   -0.0000   -0.0000    0.0000    0.0000    0.0000    0.0000    0.0000   -0.0000
   38 H8     2px        0.1794   -0.3331   -0.2133   -0.2111    0.4059    0.0938    0.4588   -0.1271    0.4033    0.2698
   39 H8     2py        0.2265    0.2133   -0.3331    0.4059    0.2111    0.4588   -0.0938    0.4033    0.1271    0.1712
   40 H8     2pz        0.0000   -0.0000   -0.0000   -0.0000    0.0000   -0.0000   -0.0000   -0.0000   -0.0000    0.0000
 
 
      Orbital               31        32        33        34        35        36        37        38        39        40
      Energy            1.0244    1.0421    1.0429    1.0429    1.0516    1.0897    1.1497    1.2192    1.2849    1.3324
      Occ. No.          0.0000    0.0000    0.0000    0.0000    0.0000    0.0000    0.0000    0.0000    0.0000    0.0000
 
    1 H1     1s        -0.0000   -0.0817    0.0000    0.0000    0.1143   -0.1180    0.1055   -0.0927   -0.0717    0.0401
    2 H1     2s        -0.0000   -0.1582    0.0000    0.0000    0.2440   -0.2622    0.2257   -0.1752   -0.1168    0.0582
    3 H1     2px       -0.1712   -0.0000   -0.0499   -0.1644    0.0000   -0.0000    0.0000   -0.0000   -0.0000    0.0000
    4 H1     2py        0.2698   -0.0000   -0.1644    0.0499    0.0000   -0.0000    0.0000   -0.0000   -0.0000    0.0000
    5 H1     2pz       -0.0000   -0.1559    0.0000    0.0000    0.3222   -0.4339    0.4672   -0.4336   -0.3326    0.1805
    6 H2     1s         0.0000    0.2483   -0.0000   -0.0000   -0.2988    0.2547   -0.1587    0.0736    0.0092    0.0125
    7 H2     2s         0.0000    0.5222   -0.0000   -0.0000   -0.6417    0.5221   -0.2912    0.1248    0.0295    0.0013
    8 H2     2px        0.2576    0.0000    0.0923    0.3037   -0.0000    0.0000   -0.0000    0.0000   -0.0000   -0.0000
    9 H2     2py       -0.4059    0.0000    0.3037   -0.0923   -0.0000    0.0000   -0.0000    0.0000    0.0000   -0.0000
   10 H2     2pz        0.0000    0.2660   -0.0000   -0.0000   -0.2956    0.1052    0.2237   -0.4881   -0.5517    0.3620
   11 H3     1s        -0.0000   -0.4462    0.0000    0.0000    0.3454   -0.1415   -0.0320    0.0623    0.0180    0.0189
   12 H3     2s        -0.0000   -0.9512    0.0000    0.0000    0.7471   -0.2878   -0.0488    0.0753    0.0114    0.0240
   13 H3     2px       -0.2252   -0.0000   -0.1239   -0.4079    0.0000    0.0000    0.0000   -0.0000    0.0000   -0.0000
   14 H3     2py        0.3549   -0.0000   -0.4079    0.1239    0.0000    0.0000    0.0000   -0.0000    0.0000   -0.0000
   15 H3     2pz       -0.0000   -0.2487    0.0000    0.0000   -0.0832    0.4615   -0.4636    0.0027   -0.4738    0.4828
   16 H4     1s         0.0000    0.5781   -0.0000   -0.0000   -0.1545   -0.0819    0.0786    0.0525    0.0542    0.0026
   17 H4     2s         0.0000    1.2400   -0.0000   -0.0000   -0.3336   -0.1685    0.1341    0.0769    0.0629   -0.0013
   18 H4     2px        0.0891    0.0000    0.1407    0.4633   -0.0000   -0.0000   -0.0000   -0.0000   -0.0000   -0.0000
   19 H4     2py       -0.1404    0.0000    0.4633   -0.1407   -0.0000   -0.0000   -0.0000    0.0000   -0.0000   -0.0000
   20 H4     2pz        0.0000    0.1023    0.0000    0.0000    0.4468   -0.3241   -0.3261    0.4604   -0.1938    0.5536
   21 H5     1s        -0.0000   -0.5781    0.0000    0.0000   -0.1545    0.0819    0.0786   -0.0525    0.0542   -0.0026
   22 H5     2s        -0.0000   -1.2400    0.0000    0.0000   -0.3336    0.1685    0.1341   -0.0769    0.0629    0.0013
   23 H5     2px        0.0891   -0.0000   -0.1407   -0.4633    0.0000   -0.0000    0.0000   -0.0000    0.0000   -0.0000
   24 H5     2py       -0.1404   -0.0000   -0.4633    0.1407    0.0000   -0.0000    0.0000   -0.0000    0.0000    0.0000
   25 H5     2pz       -0.0000    0.1023   -0.0000   -0.0000   -0.4468   -0.3241    0.3261    0.4604    0.1937    0.5536
   26 H6     1s         0.0000    0.4462   -0.0000   -0.0000    0.3454    0.1415   -0.0320   -0.0623    0.0180   -0.0189
   27 H6     2s         0.0000    0.9512   -0.0000   -0.0000    0.7472    0.2878   -0.0488   -0.0753    0.0114   -0.0240
   28 H6     2px       -0.2252    0.0000    0.1239    0.4079   -0.0000    0.0000   -0.0000    0.0000   -0.0000   -0.0000
   29 H6     2py        0.3548    0.0000    0.4079   -0.1239   -0.0000   -0.0000   -0.0000   -0.0000   -0.0000   -0.0000
   30 H6     2pz       -0.0000   -0.2487    0.0000    0.0000    0.0832    0.4615    0.4636    0.0027    0.4738    0.4828
   31 H7     1s        -0.0000   -0.2483    0.0000    0.0000   -0.2988   -0.2547   -0.1587   -0.0736    0.0092   -0.0125
   32 H7     2s        -0.0000   -0.5221    0.0000    0.0000   -0.6417   -0.5221   -0.2912   -0.1248    0.0295   -0.0013
   33 H7     2px        0.2576   -0.0000   -0.0923   -0.3037    0.0000    0.0000    0.0000    0.0000    0.0000    0.0000
   34 H7     2py       -0.4059   -0.0000   -0.3037    0.0923    0.0000    0.0000    0.0000    0.0000   -0.0000   -0.0000
   35 H7     2pz        0.0000    0.2660   -0.0000   -0.0000    0.2956    0.1052   -0.2237   -0.4881    0.5517    0.3620
   36 H8     1s         0.0000    0.0817   -0.0000    0.0000    0.1143    0.1180    0.1055    0.0927   -0.0717   -0.0401
   37 H8     2s         0.0000    0.1582   -0.0000   -0.0000    0.2440    0.2622    0.2257    0.1752   -0.1168   -0.0582
   38 H8     2px       -0.1712    0.0000    0.0499    0.1644   -0.0000   -0.0000   -0.0000    0.0000   -0.0000    0.0000
   39 H8     2py        0.2698    0.0000    0.1644   -0.0499   -0.0000   -0.0000   -0.0000   -0.0000    0.0000    0.0000
   40 H8     2pz       -0.0000   -0.1559    0.0000   -0.0000   -0.3222   -0.4339   -0.4672   -0.4336    0.3326    0.1805
--
 
      Von Neumann Entropy (Root  1) =  3.81648
 

      Mulliken population analysis for root number:  1
      -----------------------------------------------
 
 
++    Molecular charges:
      ------------------
 
      Mulliken charges per centre and basis function type
      ---------------------------------------------------
 
                H1      H2      H3      H4      H5      H6      H7      H8    
      1s       0.9926  1.0013  1.0019  1.0016  1.0016  1.0019  1.0013  0.9926
      2s       0.0059  0.0001 -0.0021 -0.0017 -0.0017 -0.0021  0.0001  0.0059
      2px      0.0000  0.0000  0.0000  0.0000  0.0000  0.0000  0.0000  0.0000
      2pz     -0.0000  0.0002  0.0002  0.0002  0.0002  0.0002  0.0002 -0.0000
      2py      0.0000  0.0000  0.0000  0.0000  0.0000  0.0000  0.0000  0.0000
      Total    0.9984  1.0017  0.9999  1.0000  1.0000  0.9999  1.0017  0.9984
 
      N-E      0.0016 -0.0017  0.0001  0.0000  0.0000  0.0001 -0.0017  0.0016
 
      Total electronic charge=    8.000000
 
      Total            charge=   -0.000000
--
 
 

      Expectation values of various properties for root number:  1
      -----------------------------------------------------------
 
 
++    Molecular properties:
      ---------------------
 
      Charge (e):
                      =   -0.0000
      Dipole Moment (Debye):
      Origin of the operator (Ang)=    0.0000    0.0000    0.0000
                   X=  4.4052E-09               Y=  2.1256E-08               Z=  2.0307E-06           Total=  2.0308E-06
      Quadrupole Moment (Debye*Ang):
      Origin of the operator (Ang)=    0.0000    0.0000    9.1424
                  XX= -1.2141E+01              XY= -4.1312E-15              XZ=  6.0391E-07              YY= -1.2141E+01
                  YZ=  1.2444E-06              ZZ= -1.1875E+01
      In traceless form (Debye*Ang)
                  XX= -1.3282E-01              XY= -6.1968E-15              XZ=  9.0587E-07              YY= -1.3282E-01
                  YZ=  1.8666E-06              ZZ=  2.6563E-01
--
 

      LoProp population analysis for root number:  1
      -----------------------------------------------
 
 
++    LoProp analysis:
      ----------------
 
 
 
  Input file to MOLDEN was generated!
 
 
++    Static properties:
      ------------------
 
 
      LoProp Charges per center
 

                   H1       H2       H3       H4       H5       H6       H7       H8    
      Nuclear      1.0000   1.0000   1.0000   1.0000   1.0000   1.0000   1.0000   1.0000
      Electronic  -1.0001  -0.9999  -1.0000  -1.0000  -1.0000  -1.0000  -0.9999  -1.0001
 
      Total       -0.0001   0.0001   0.0000  -0.0000  -0.0000   0.0000   0.0001  -0.0001
--
 
 
      Natural Bond Order analysis for root number:  1
 
++    Natural Bond Order analysis
      ---------------------------
      Based on LoProp computed density
      -------------------------------------------------------------------------------------
      Atom A       Atom B       Bond Order
      -------------------------------------------------------------------------------------
      The remaining    8.000 electrons are to be considered as diffuse
--
 
--
 
 
  Input file to MOLDEN was generated!
 
      Average orbitals are written to the RASORB file
      Natural orbitals for root   1 are written to the RASORB.1 file
      Spin density orbitals for root   1 are written to the SPDORB.1 file
 
forrtl: warning (525): IEEE_DIVIDE_BY_ZERO is signaling
forrtl: warning (526): IEEE_INVALID is signaling
forrtl: warning (528): IEEE_UNDERFLOW is signaling
--- Stop Module: rasscf at Sun Oct 26 13:42:19 2025 /rc=_RC_ALL_IS_WELL_ ---
*** files: H8_2.61.LprOrb H8_2.61.rasscf.molden H8_2.61.LoProp.molden H8_2.61.RasOrb.1 H8_2.61.RasOrb H8_2.61.rasscf.h5 H8_2.61.SpdOrb.1 xmldump
    saved to directory /home/grierjones/DDCASPT2/hydrogen_comps/rerun/H8_chain/H8_2.61
--- Module rasscf spent 2 seconds ---

>>> COPY /tmp/H8_2.61/H8_2.61.rasscf.h5 /home/grierjones/DDCASPT2/hydrogen_comps/rerun/H8_chain/H8_2.61/

>>> COPY /tmp/H8_2.61/GMJ_Fock_MO.csv /home/grierjones/DDCASPT2/hydrogen_comps/rerun/H8_chain/H8_2.61/H8_2.61.GMJ_Fock_MO.csv

*** symbolic link created: INPORB -> H8_2.61.RasOrb
--- Start Module: motra at Sun Oct 26 13:42:19 2025 ---
 
()()()()()()()()()()()()()()()()()()()()()()()()()()()()()()()()()()()()()()()()()()()()()()()()()()

                                               &MOTRA

                                   only a single process is used
                       available to each process: 2.0 GB of memory, 1 thread?
()()()()()()()()()()()()()()()()()()()()()()()()()()()()()()()()()()()()()()()()()()()()()()()()()()
 
 
      *** WARNING: Default frozen orbitals is overwritten by user input.
      *** Default values:   0
 
      Header of the integral files:
      
       Integrals generated by seward 4.2.0  , Sun Oct 26 13:42:16 2025
 
 
      Header of MO coefficients source file:
      * RASSCF average (pseudo-natural) orbitals                                      
 
 
      Cartesian coordinates in Angstrom:
      -----------------------------------------------------
      No.  Label        X            Y            Z        
      -----------------------------------------------------
       1   H1         0.00000000   0.00000000   0.00000000
       2   H2         0.00000000   0.00000000   2.61212100
       3   H3         0.00000000   0.00000000   5.22424200
       4   H4         0.00000000   0.00000000   7.83636400
       5   H5         0.00000000   0.00000000  10.44848500
       6   H6         0.00000000   0.00000000  13.06060600
       7   H7         0.00000000   0.00000000  15.67272700
       8   H8         0.00000000   0.00000000  18.28484800
      -----------------------------------------------------
      Nuclear repulsion energy =    2.78410011
 
      Orbital specifications:
      -----------------------
 
      Symmetry species:              1
      Number of basis functions:    40
      Frozen orbitals:               0
      Deleted orbitals:              0
      Number of orbitals used:      40

       SYMMETRY  BASIS FUNCTIONS       ORBITALS      INTEGRALS   CPU(SEC)  I/O(SEC)
        1 1 1 1   40  40  40  40    40  40  40  40      336610       0.00      0.00

       TOTAL CPU TIME(SEC)    0.16TOTAL I/O TIME(SEC)    0.48
 
--- Stop Module: motra at Sun Oct 26 13:42:19 2025 /rc=_RC_ALL_IS_WELL_ ---
*** files: xmldump
    saved to directory /home/grierjones/DDCASPT2/hydrogen_comps/rerun/H8_chain/H8_2.61

>>> COPY /tmp/H8_2.61/GMJ_one_int_indx.csv /home/grierjones/DDCASPT2/hydrogen_comps/rerun/H8_chain/H8_2.61/H8_2.61.GMJ_one_int_indx.csv

>>> COPY /tmp/H8_2.61/GMJ_one_int.csv /home/grierjones/DDCASPT2/hydrogen_comps/rerun/H8_chain/H8_2.61/H8_2.61.GMJ_one_int.csv

>>> COPY /tmp/H8_2.61/GMJ_two_int_indx.csv /home/grierjones/DDCASPT2/hydrogen_comps/rerun/H8_chain/H8_2.61/H8_2.61.GMJ_two_int_indx.csv

>>> COPY /tmp/H8_2.61/GMJ_two_int.csv /home/grierjones/DDCASPT2/hydrogen_comps/rerun/H8_chain/H8_2.61/H8_2.61.GMJ_two_int.csv

*** symbolic link created: INPORB -> H8_2.61.RasOrb
--- Start Module: caspt2 at Sun Oct 26 13:42:19 2025 ---
 
()()()()()()()()()()()()()()()()()()()()()()()()()()()()()()()()()()()()()()()()()()()()()()()()()()

                                              &CASPT2

                                   only a single process is used
                       available to each process: 2.0 GB of memory, 1 thread?
()()()()()()()()()()()()()()()()()()()()()()()()()()()()()()()()()()()()()()()()()()()()()()()()()()
 
 Cholesky algorithm in CASPT2 =    1
 
 ###############################################################################
 ###############################################################################
 ###                                                                         ###
 ###                                                                         ###
 ###    User changed nr of frozen orbitals.                                  ###
 ###                                                                         ###
 ###                                                                         ###
 ###############################################################################
 ###############################################################################
 
++    Wave function specifications:
      -----------------------------
 
      Number of closed shell electrons           0
      Number of electrons in active shells       8
      Max number of holes in RAS1 space          0
      Max number of electrons in RAS3 space      0
      Number of inactive orbitals                0
      Number of active orbitals                  8
      Number of secondary orbitals              32
      Spin quantum number                      0.0
      State symmetry                             1
      Number of CSFs                          1764
      Number of root(s) available                1
      Root passed to geometry opt.               1
      A file JOBMIX will be created.
      This is a CASSCF or RASSCF reference function
--
 
++    Orbital specifications:
      -----------------------
 
      Symmetry species                           1
                                                 a
      Frozen orbitals                            0
      Inactive orbitals                          0
      Active orbitals                            8
      Secondary orbitals                        32
      Deleted orbitals                           0
      Number of basis functions                 40
--
 
      Type of Fock operator: STANDARD
      Type of 0-order Hamiltonian: STANDARD WITH DEFAULT IPEA
        "IP-EA" denominator shift =      0.25
      The input orbitals and the CI vector will be transformed.
 
--------------------------------------------------------------------------------
 Estimated memory requirements:
  POLY3 :                   450746
  RHS:                      417296
  SIGMA :                   326032
  PRPCTL:                        0
 Available workspace:    230388092
 
++ CASPT2 computation for group   1
 
********************************************************************************
 Multi-State initialization phase begins for group   1
--------------------------------------------------------------------------------
********************************************************************************
 Compute H0 matrices for state    1
--------------------------------------------------------------------------------
--------------------------------------------------------------------------------
 H0 matrices have been computed.
 
********************************************************************************
  CASPT2 EQUATION SOLUTION
--------------------------------------------------------------------------------
 
  Total nr of CASPT2 parameters:
   Before reduction:       49280
   After  reduction:       48704
 
 The contributions to the second order correlation energy in atomic units.
-----------------------------------------------------------------------------------------------------------------------------
  IT.      VJTU        VJTI        ATVX        AIVX        VJAI        BVAT        BJAT        BJAI        TOTAL       RNORM  
-----------------------------------------------------------------------------------------------------------------------------
   1     0.000000    0.000000   -0.000640    0.000000    0.000000   -0.001769    0.000000    0.000000   -0.002409    0.000582
   2     0.000000    0.000000   -0.000647    0.000000    0.000000   -0.001771    0.000000    0.000000   -0.002418    0.000100
   3     0.000000    0.000000   -0.000648    0.000000    0.000000   -0.001771    0.000000    0.000000   -0.002419    0.000026
   4     0.000000    0.000000   -0.000648    0.000000    0.000000   -0.001771    0.000000    0.000000   -0.002419    0.000005
-------------------------------------------------------------------------------------------------------------------
 
  FINAL CASPT2 RESULT:
 
  Correlation energy /Case, /Symm, and sums:
 VJTU      0.00000000  0.00000000
 VJTIP     0.00000000  0.00000000
 VJTIM     0.00000000  0.00000000
 ATVX     -0.00064757 -0.00064757
 AIVX      0.00000000  0.00000000
 VJAIP     0.00000000  0.00000000
 VJAIM     0.00000000  0.00000000
 BVATP    -0.00158954 -0.00158954
 BVATM    -0.00018159 -0.00018159
 BJATP     0.00000000  0.00000000
 BJATM     0.00000000  0.00000000
 BJAIP     0.00000000  0.00000000
 BJAIM     0.00000000  0.00000000
 Summed:  -0.00241871 -0.00241871
 
      Reference energy:          -3.9981178051
      E2 (Non-variational):      -0.0024187062
      E2 (Variational):          -0.0024187142
      Total energy:              -4.0005365193
      Residual norm:              0.0000008195
      Reference weight:           0.99844
 
      Contributions to the CASPT2 correlation energy
      Active & Virtual Only:         -0.0024187062
      One Inactive Excited:           0.0000000000
      Two Inactive Excited:           0.0000000000
 
 
++ Denominators, etc.
----------------------------------------------------------------------------------------------------
 Report on small energy denominators, large coefficients, and large energy contributions.
CASE  SYMM ACTIVE-MIX  NON-ACTIVE INDICES          DENOMINATOR     RHS VALUE       COEFFICIENT     CONTRIBUTION
--
 
   (Skipping property calculation,
    use PROP keyword to activate)
--
 
  Total CASPT2 energies:
::    CASPT2 Root  1     Total energy:     -4.00053652
 
  A NEW JOBIPH FILE NAMED 'JOBMIX' IS PREPARED.
********************************************************************************
forrtl: warning (528): IEEE_UNDERFLOW is signaling
--- Stop Module: caspt2 at Sun Oct 26 13:42:20 2025 /rc=_RC_ALL_IS_WELL_ ---
*** files: xmldump
    saved to directory /home/grierjones/DDCASPT2/hydrogen_comps/rerun/H8_chain/H8_2.61

>>> EXPORT i = B

>>> EXPORT j = P

>>> IF (-FILE GMJ_e2_${i}_${j}_1_.csv)
(Skipped)

>>> END FOREACH

>>> EXPORT j = M

>>> IF (-FILE GMJ_e2_${i}_${j}_1_.csv)
(Skipped)

>>> END FOREACH

>>> END FOREACH

>>> EXPORT i = E

>>> EXPORT j = P

>>> IF (-FILE GMJ_e2_${i}_${j}_1_.csv)
(Skipped)

>>> END FOREACH

>>> EXPORT j = M

>>> IF (-FILE GMJ_e2_${i}_${j}_1_.csv)
(Skipped)

>>> END FOREACH

>>> END FOREACH

>>> EXPORT i = F

>>> EXPORT j = P

>>> IF (-FILE GMJ_e2_${i}_${j}_1_.csv)

>>> COPY /tmp/H8_2.61/GMJ_RHS_F_P_1_.csv /home/grierjones/DDCASPT2/hydrogen_comps/rerun/H8_chain/H8_2.61/GMJ_RHS_F_P_1_.csv

>>> COPY /tmp/H8_2.61/GMJ_IVECW_F_P_1_.csv /home/grierjones/DDCASPT2/hydrogen_comps/rerun/H8_chain/H8_2.61/GMJ_IVECW_F_P_1_.csv

>>> COPY /tmp/H8_2.61/GMJ_IVECX_F_P_1_.csv /home/grierjones/DDCASPT2/hydrogen_comps/rerun/H8_chain/H8_2.61/GMJ_IVECX_F_P_1_.csv

>>> COPY /tmp/H8_2.61/GMJ_IVECC2_F_P_1_.csv /home/grierjones/DDCASPT2/hydrogen_comps/rerun/H8_chain/H8_2.61/GMJ_IVECC2_F_P_1_.csv

>>> COPY /tmp/H8_2.61/GMJ_e2_F_P_1_.csv /home/grierjones/DDCASPT2/hydrogen_comps/rerun/H8_chain/H8_2.61/GMJ_e2_F_P_1_.csv

>>> END FOREACH

>>> EXPORT j = M

>>> IF (-FILE GMJ_e2_${i}_${j}_1_.csv)

>>> COPY /tmp/H8_2.61/GMJ_RHS_F_M_1_.csv /home/grierjones/DDCASPT2/hydrogen_comps/rerun/H8_chain/H8_2.61/GMJ_RHS_F_M_1_.csv

>>> COPY /tmp/H8_2.61/GMJ_IVECW_F_M_1_.csv /home/grierjones/DDCASPT2/hydrogen_comps/rerun/H8_chain/H8_2.61/GMJ_IVECW_F_M_1_.csv

>>> COPY /tmp/H8_2.61/GMJ_IVECX_F_M_1_.csv /home/grierjones/DDCASPT2/hydrogen_comps/rerun/H8_chain/H8_2.61/GMJ_IVECX_F_M_1_.csv

>>> COPY /tmp/H8_2.61/GMJ_IVECC2_F_M_1_.csv /home/grierjones/DDCASPT2/hydrogen_comps/rerun/H8_chain/H8_2.61/GMJ_IVECC2_F_M_1_.csv

>>> COPY /tmp/H8_2.61/GMJ_e2_F_M_1_.csv /home/grierjones/DDCASPT2/hydrogen_comps/rerun/H8_chain/H8_2.61/GMJ_e2_F_M_1_.csv

>>> END FOREACH

>>> END FOREACH

>>> EXPORT i = G

>>> EXPORT j = P

>>> IF (-FILE GMJ_e2_${i}_${j}_1_.csv)
(Skipped)

>>> END FOREACH

>>> EXPORT j = M

>>> IF (-FILE GMJ_e2_${i}_${j}_1_.csv)
(Skipped)

>>> END FOREACH

>>> END FOREACH

>>> EXPORT i = H

>>> EXPORT j = P

>>> IF (-FILE GMJ_e2_${i}_${j}_1_.csv)
(Skipped)

>>> END FOREACH

>>> EXPORT j = M

>>> IF (-FILE GMJ_e2_${i}_${j}_1_.csv)
(Skipped)

>>> END FOREACH

>>> END FOREACH

>>> EXPORT i = A

>>> IF (-FILE GMJ_e2_${i}_1_.csv)
(Skipped)

>>> END FOREACH

>>> EXPORT i = C

>>> IF (-FILE GMJ_e2_${i}_1_.csv)

>>> COPY /tmp/H8_2.61/GMJ_RHS_C_1_.csv /home/grierjones/DDCASPT2/hydrogen_comps/rerun/H8_chain/H8_2.61/GMJ_RHS_C_1_.csv

>>> COPY /tmp/H8_2.61/GMJ_IVECW_C_1_.csv /home/grierjones/DDCASPT2/hydrogen_comps/rerun/H8_chain/H8_2.61/GMJ_IVECW_C_1_.csv

>>> COPY /tmp/H8_2.61/GMJ_IVECX_C_1_.csv /home/grierjones/DDCASPT2/hydrogen_comps/rerun/H8_chain/H8_2.61/GMJ_IVECX_C_1_.csv

>>> COPY /tmp/H8_2.61/GMJ_IVECC2_C_1_.csv /home/grierjones/DDCASPT2/hydrogen_comps/rerun/H8_chain/H8_2.61/GMJ_IVECC2_C_1_.csv

>>> COPY /tmp/H8_2.61/GMJ_e2_C_1_.csv /home/grierjones/DDCASPT2/hydrogen_comps/rerun/H8_chain/H8_2.61/GMJ_e2_C_1_.csv

>>> END FOREACH

>>> EXPORT i = D

>>> IF (-FILE GMJ_e2_${i}_1_.csv)
(Skipped)

>>> END FOREACH

.########################.
.# Non-zero return code #.
.########################.

    Timing: Wall=4.59 User=3.68 System=0.90
***************************************
*** WorkDir at /tmp/H8_2.61 cleaned ***
***************************************
