   This run of MOLCAS is using the pymolcas driver

                             OPE
                             OPE          NMOL  CASOP  ENMOLC A   SO
                 OPE        NMOLC        AS  OP EN  MO LC     AS  OP
                OPENM       OL CA        SO  PE NM  OL CA     SOP EN
                OP EN      MO   LC       AS  OP ENMOL  CASO   PENMOL
                OP  EN     MO   LC       AS  OP EN     MO     LC ASO
               OP   E  NMOL  C  AS       OP  EN MO     LC     AS  OP
               OP  E   NMO   LC AS        OPEN  MO     LCASOP EN   M
               O  PEN   MO  LCA  SO
            OPE   NMO   L   CAS    OP
        OPENMOL  CASOP     ENMOL   CASOPE
     OPENMOLCA   SOPENMOLCASOPEN   MOLCASOPE
    OPENMOLCAS   OP           EN   MOL    CAS
    OPENMOLCAS       OP  ENM        O     LCA
    OPENMOLCAS    OPEN  MOLCASO     P  E  NMO
    OPENMOLCAS     OP               E  N  MOL
    OPENMOLCA   SO           PENM   O  L  CAS    OPEN    MO    LCAS
    OPENMOLCA   SOP           ENM   O  L  CAS   OP  EN  MOLC  AS   O
    OPENMOLCA   SOPE           NM      O  LCA   S      OP  EN MO
    OPENMOLC                AS         O  PEN   M      OL  CA  SOPE
    OPENMO        LCASOPE  NMOL        C  ASO   P      ENMOLC     AS
    OPE     NMO      LCA  SO     P     E   NM   OL  CA SO  PE N   MO
          OPENMOLCA            SOPE   NMO        LCAS  O    P  ENMO
     OPENMOLCASOPENMOLCASOPENMOLCASOPENMOLCA
        OPENMOLCASOPENMOLCASOPENMOLCASOPE
            OPENMOLCASOPENMOLCASOPENM
               OPENMOLCASOPENMOLCA        version: f37762c57
                   OPENMOLCASO
                       OPE                tag:

 OpenMolcas is free software; you can redistribute it and/or modify it
 under the terms of the GNU Lesser General Public License version 2.1.
 OpenMolcas is distributed in the hope that it will be useful, but it
 is provided "as is" and without any express or implied warranties.
 For more details see the full text of the license in the file
 LICENSE or in <http://www.gnu.org/licenses/>.

                 Copyright (C) The OpenMolcas Authors
           For the author list and the recommended citation,
                   consult the file CONTRIBUTORS.md

           *************************************************
           * pymolcas version py2.28                       *
           *   build c4a6d18ded8cb6cad61d2372a9abd97c      *
           *   (after the EMIL interpreter by V. Veryazov) *
           *************************************************

configuration info
------------------
C Compiler ID: Intel
C flags: -std=gnu99 -gcc-sys
Fortran Compiler ID: IntelLLVM
Fortran flags: -standard-semantics -fltconsistency -fpp -i8 -heap-arrays
Definitions: _MOLCAS_;_I8_;_LINUX_
Parallel: OFF (GA=OFF)


   --------------------------------------------------------------------------------------
  |
  |              Project: H8_1.04
  |       Submitted from: /home/grierjones/DDCASPT2/hydrogen_comps/rerun/H8_chain/H8_1.04
  |         Scratch area: /tmp/H8_1.04
  |      Save outputs to: /home/grierjones/DDCASPT2/hydrogen_comps/rerun/H8_chain/H8_1.04
  |               Molcas: /home/grierjones/Test/build
  |
  | Scratch area is empty
  |
  |       MOLCAS_DRIVER = /usr/local/pymolcas
  | MOLCAS_KEEP_WORKDIR = NO
  |  MOLCAS_NEW_WORKDIR = YES
  |       MOLCAS_NPROCS = 1
  |        MOLCAS_PRINT = NORMAL
  |       MOLCAS_SOURCE = /home/grierjones/Test
  |    MOLCAS_STRUCTURE = 0
  |
   --------------------------------------------------------------------------------------

++ ---------   Input file   ---------

&GATEWAY
coord=H8_1.04.xyz
Basis = ANO-RCC-VDZP
Group = nosymm
End of Input

&SEWARD
End of Input

&SCF

>>> COPY $WorkDir/H8_1.04.scf.h5 $CurrDir/

&RASSCF
Title= RASSCF
FileOrb
/home/grierjones/DDCASPT2/hydrogen_comps/rerun/H8_chain/H8_0.60/H8_0.60.RasOrb
NACTEL
8 0 0
Inactive
0
RAS2
8
Symmetry
1
Spin
1
orblisting
all

>>> COPY $WorkDir/H8_1.04.rasscf.h5 $CurrDir/

>>> COPY $WorkDir/GMJ_Fock_MO.csv $CurrDir/H8_1.04.GMJ_Fock_MO.csv

&MOTRA
Frozen=0
LUMORB

>>> COPY $WorkDir/GMJ_one_int_indx.csv $CurrDir/H8_1.04.GMJ_one_int_indx.csv

>>> COPY $WorkDir/GMJ_one_int.csv $CurrDir/H8_1.04.GMJ_one_int.csv

>>> COPY $WorkDir/GMJ_two_int_indx.csv $CurrDir/H8_1.04.GMJ_two_int_indx.csv

>>> COPY $WorkDir/GMJ_two_int.csv $CurrDir/H8_1.04.GMJ_two_int.csv

&CASPT2
Frozen
0

MAXITER
50

>>> FOREACH i IN (B,E,F,G,H)

  >>> FOREACH j IN (P,M)

    >>> IF (-FILE GMJ_e2_${i}_${j}_1_.csv)

      >>> COPY $WorkDir/GMJ_RHS_${i}_${j}_1_.csv $CurrDir/GMJ_RHS_${i}_${j}_1_.csv

      >>> COPY $WorkDir/GMJ_IVECW_${i}_${j}_1_.csv $CurrDir/GMJ_IVECW_${i}_${j}_1_.csv

      >>> COPY $WorkDir/GMJ_IVECX_${i}_${j}_1_.csv $CurrDir/GMJ_IVECX_${i}_${j}_1_.csv

      >>> COPY $WorkDir/GMJ_IVECC2_${i}_${j}_1_.csv $CurrDir/GMJ_IVECC2_${i}_${j}_1_.csv

      >>> COPY $WorkDir/GMJ_e2_${i}_${j}_1_.csv $CurrDir/GMJ_e2_${i}_${j}_1_.csv

    >>> END IF

  >>> END FOREACH

>>> END FOREACH

>>> FOREACH i IN (A,C,D)

  >>> IF (-FILE GMJ_e2_${i}_1_.csv)

    >>> COPY $WorkDir/GMJ_RHS_${i}_1_.csv $CurrDir/GMJ_RHS_${i}_1_.csv

    >>> COPY $WorkDir/GMJ_IVECW_${i}_1_.csv $CurrDir/GMJ_IVECW_${i}_1_.csv

    >>> COPY $WorkDir/GMJ_IVECX_${i}_1_.csv $CurrDir/GMJ_IVECX_${i}_1_.csv

    >>> COPY $WorkDir/GMJ_IVECC2_${i}_1_.csv $CurrDir/GMJ_IVECC2_${i}_1_.csv

    >>> COPY $WorkDir/GMJ_e2_${i}_1_.csv $CurrDir/GMJ_e2_${i}_1_.csv

  >>> END IF

>>> END FOREACH

-- ----------------------------------

--- Start Module: gateway at Sun Oct 26 13:09:10 2025 ---
 
()()()()()()()()()()()()()()()()()()()()()()()()()()()()()()()()()()()()()()()()()()()()()()()()()()

                                              &GATEWAY

                                   only a single process is used
                       available to each process: 2.0 GB of memory, 1 thread?
()()()()()()()()()()()()()()()()()()()()()()()()()()()()()()()()()()()()()()()()()()()()()()()()()()
 
 
++    Symmetry information:
      ---------------------
 
                    Character Table for C1 
 
                             E  
                    a        1  x, y, xy, Rz, z, xz, Ry, yz, Rx, I
--
 
 
++    Basis set information:
      ----------------------
 
 
      Basis set label: H.ANO-RCC...2S1P.
 
      Electronic valence basis set:
      ------------------
      Associated Effective Charge   1.000000 au
      Associated Actual Charge      1.000000 au
      Nuclear Model: Point charge
 
      Shell  nPrim  nBasis  Cartesian Spherical Contaminant
         s       8       2        X                  
         p       4       1        X                  
--
 
 
++    Molecular structure info:
      -------------------------
 
                    ************************************************ 
                    **** Cartesian Coordinates / Bohr, Angstrom **** 
                    ************************************************ 
 
     Center  Label                x              y              z                     x              y              z
        1      H1               0.000000       0.000000       0.000000              0.000000       0.000000       0.000000
        2      H2               0.000000       0.000000       1.958444              0.000000       0.000000       1.036364
        3      H3               0.000000       0.000000       3.916886              0.000000       0.000000       2.072727
        4      H4               0.000000       0.000000       5.875330              0.000000       0.000000       3.109091
        5      H5               0.000000       0.000000       7.833775              0.000000       0.000000       4.145455
        6      H6               0.000000       0.000000       9.792217              0.000000       0.000000       5.181818
        7      H7               0.000000       0.000000      11.750661              0.000000       0.000000       6.218182
        8      H8               0.000000       0.000000      13.709103              0.000000       0.000000       7.254545
 
                    *************************************** 
                    *    InterNuclear Distances / Bohr    * 
                    *************************************** 
 
               1 H1            2 H2            3 H3            4 H4            5 H5            6 H6    
    1 H1       0.000000
    2 H2       1.958444        0.000000
    3 H3       3.916886        1.958442        0.000000
    4 H4       5.875330        3.916886        1.958444        0.000000
    5 H5       7.833775        5.875330        3.916888        1.958444        0.000000
    6 H6       9.792217        7.833773        5.875330        3.916886        1.958442        0.000000
    7 H7      11.750661        9.792217        7.833775        5.875330        3.916886        1.958444
    8 H8      13.709103       11.750659        9.792217        7.833773        5.875329        3.916886
 
               7 H7            8 H8    
    7 H7       0.000000
    8 H8       1.958442        0.000000
 
                    ******************************************* 
                    *    InterNuclear Distances / Angstrom    * 
                    ******************************************* 
 
               1 H1            2 H2            3 H3            4 H4            5 H5            6 H6    
    1 H1       0.000000
    2 H2       1.036364        0.000000
    3 H3       2.072727        1.036363        0.000000
    4 H4       3.109091        2.072727        1.036364        0.000000
    5 H5       4.145455        3.109091        2.072728        1.036364        0.000000
    6 H6       5.181818        4.145454        3.109091        2.072727        1.036363        0.000000
    7 H7       6.218182        5.181818        4.145455        3.109091        2.072727        1.036364
    8 H8       7.254545        6.218181        5.181818        4.145454        3.109090        2.072727
 
               7 H7            8 H8    
    7 H7       0.000000
    8 H8       1.036363        0.000000
 
                    ************************************** 
                    *    Valence Bond Angles / Degree    * 
                    ************************************** 
                          Atom centers                 Phi
                      1 H1       2 H2       3 H3       180.00
                      2 H2       3 H3       4 H4       180.00
                      3 H3       4 H4       5 H5       180.00
                      4 H4       5 H5       6 H6       180.00
                      5 H5       6 H6       7 H7       180.00
                      6 H6       7 H7       8 H8       180.00
--
 
 
            Nuclear Potential Energy              7.01723500 au
 
--- Stop Module: gateway at Sun Oct 26 13:09:10 2025 /rc=_RC_ALL_IS_WELL_ ---
*** files: xmldump
    saved to directory /home/grierjones/DDCASPT2/hydrogen_comps/rerun/H8_chain/H8_1.04

--- Start Module: seward at Sun Oct 26 13:09:10 2025 ---
 
()()()()()()()()()()()()()()()()()()()()()()()()()()()()()()()()()()()()()()()()()()()()()()()()()()

                                              &SEWARD

                                   only a single process is used
                       available to each process: 2.0 GB of memory, 1 thread?
()()()()()()()()()()()()()()()()()()()()()()()()()()()()()()()()()()()()()()()()()()()()()()()()()()
 
               SEWARD will generate:
                  Multipole Moment integrals up to order  2
                  Kinetic Energy integrals
                  Nuclear Attraction integrals (point charge)
                  One-Electron Hamiltonian integrals
                  Velocity integrals
                  Relativistic Douglas-Kroll-Hess integrals:
                    - Parametrization         : EXP
                    - DKH order of Hamiltonian: 2
                    - DKH order of Properties : 0
                         - multipole moment operators
                         - electric potential operators
                         - contact operators
                  Atomic mean-field integrals
                  Two-Electron Repulsion integrals
 
                   Integrals are discarded if absolute value <: 0.10E-13
                   Integral cutoff threshold is set to       <: 0.10E-15
 
            Nuclear Potential Energy              7.01723500 au
 
 
      Basis set specifications :
      Symmetry species         a  
      Basis functions           40
 
 
  Input file to MOLDEN was generated!
 
forrtl: warning (525): IEEE_DIVIDE_BY_ZERO is signaling
forrtl: warning (526): IEEE_INVALID is signaling
forrtl: warning (528): IEEE_UNDERFLOW is signaling
--- Stop Module: seward at Sun Oct 26 13:09:11 2025 /rc=_RC_ALL_IS_WELL_ ---
*** files: H8_1.04.GssOrb H8_1.04.guessorb.h5 H8_1.04.guessorb.molden xmldump
    saved to directory /home/grierjones/DDCASPT2/hydrogen_comps/rerun/H8_chain/H8_1.04

*** symbolic link created: INPORB -> H8_1.04.GssOrb
--- Start Module: scf at Sun Oct 26 13:09:11 2025 ---
 
()()()()()()()()()()()()()()()()()()()()()()()()()()()()()()()()()()()()()()()()()()()()()()()()()()

                                                &SCF

                                   only a single process is used
                       available to each process: 2.0 GB of memory, 1 thread?
()()()()()()()()()()()()()()()()()()()()()()()()()()()()()()()()()()()()()()()()()()()()()()()()()()
 
++    Input section:
      --------------
 
      Header of the integral files:
      
       Integrals generated by seward 4.2.0  , Sun Oct 26 13:09:11 2025
 
 
      Cartesian coordinates in Angstrom:
      -----------------------------------------------------
      No.  Label        X            Y            Z        
      -----------------------------------------------------
       1   H1         0.00000000   0.00000000   0.00000000
       2   H2         0.00000000   0.00000000   1.03636400
       3   H3         0.00000000   0.00000000   2.07272700
       4   H4         0.00000000   0.00000000   3.10909100
       5   H5         0.00000000   0.00000000   4.14545500
       6   H6         0.00000000   0.00000000   5.18181800
       7   H7         0.00000000   0.00000000   6.21818200
       8   H8         0.00000000   0.00000000   7.25454500
      -----------------------------------------------------
      Nuclear repulsion energy =    7.01723500
--
 
++    Orbital specifications:
      -----------------------
 
      Symmetry species               1
                                     a
      Frozen orbitals                0
      Occupied orbitals              4
      Secondary orbitals            36
      Deleted orbitals               0
      Total number of orbitals      40
      Number of basis functions     40
--
 
      Molecular charge                           0.000
 
++    Optimization specifications:
      ----------------------------
 
      SCF Algorithm: Conventional
      Minimized density differences are used
      Number of density matrices in core                5
      Maximum number of NDDO SCF iterations           400
      Maximum number of HF SCF iterations             400
      Threshold for SCF energy change            0.10E-08
      Threshold for density matrix               0.10E-03
      Threshold for Fock matrix                  0.15E-03
      Threshold for linear dependence            0.10E-08
      Threshold at which DIIS is turned on       0.15E+00
      Threshold at which QNR/C2DIIS is turned on 0.75E-01
      Threshold for Norm(delta) (QNR/C2DIIS)     0.20E-04
      DIIS extrapolation of the SCF procedure
      All orbitals punched on: SCFORB
--
 
      Input vectors read from INPORB
      Orbital file label: *Guess orbitals
 
 
++ Convergence information
                                   SCF        iterations: Energy and convergence statistics
 
Iter     Tot. SCF        One-elec.       Two-elec.     Energy      Max Dij or  Max Fij      DNorm      TNorm      AccCon     Time
         Energy          Energy          Energy        Change      Delta Norm                                                in Sec.
   1    -4.214722055   -17.993909367     6.761952309   0.00E+00    0.16E+00*   0.15E+00*    0.36E+01   0.14E+02   None         0.
   2    -4.297752585   -18.248672966     6.933685379  -0.83E-01*   0.58E-01*   0.16E-01*    0.16E+01   0.14E+02   EDIIS        0.
   3    -4.301043517   -18.226401011     6.908122492  -0.33E-02*   0.19E-01*   0.48E-02*    0.30E+00   0.14E+02   c2DIIS       0.
   4    -4.301400750   -18.231794361     6.913158608  -0.36E-03*   0.40E-02*   0.16E-02*    0.95E-01   0.14E+02   QNRc2DIIS    0.
   5    -4.301429355   -18.230478477     6.911814119  -0.29E-04*   0.31E-02*   0.57E-03*    0.96E-02   0.14E+02   QNRc2DIIS    0.
   6    -4.301436134   -18.230629065     6.911957928  -0.68E-05*   0.41E-04*   0.20E-04     0.16E-02   0.14E+02   QNRc2DIIS    0.
   7    -4.301436138   -18.230621924     6.911950783  -0.36E-08*   0.11E-04    0.44E-05     0.18E-03   0.14E+02   QNRc2DIIS    0.
   8    -4.301436138   -18.230620214     6.911949074  -0.17E-09    0.72E-06    0.32E-06     0.20E-04   0.14E+02   QNRc2DIIS    0.
 
       Convergence after  8 Macro Iterations
--
 
 *****************************************************************************************************************************
 *                                                                                                                           *
 *                                             SCF/KS-DFT Program, Final results                                             *
 *                                                                                                                           *
 *                                                                                                                           *
 *                                                                                                                           *
 *                                                       Final Results                                                       *
 *                                                                                                                           *
 *****************************************************************************************************************************
 
::    Total SCF energy                                 -4.3014361378
      One-electron energy                             -18.2306202139
      Two-electron energy                               6.9119490735
      Nuclear repulsion energy                          7.0172350026
      Kinetic energy (interpolated)                     3.9219837009
      Virial theorem                                    1.0967501310
      Total spin, S(S+1)                                0.0000000000
      Total spin, S                                     0.0000000000
      Max non-diagonal density matrix element           0.0000011026
      Max non-diagonal Fock matrix element              0.0000000494
 
 
      All orbitals with orbital energies smaller than  E(LUMO)+0.5 are printed
 
++    Molecular orbitals:
      -------------------
 
      Title: SCF orbitals

      Molecular orbitals for symmetry species 1: a  
 
          Orbital            1         2         3         4         5         6         7         8         9    
          Energy           -0.7001   -0.6282   -0.5128   -0.3622    0.0189    0.1644    0.2058    0.3158    0.3171
          Occ. No.          2.0000    2.0000    2.0000    2.0000    0.0000    0.0000    0.0000    0.0000    0.0000
 
        1 H1     1s         0.1266   -0.2434    0.3368   -0.3859    0.7279   -0.9384   -0.0377    0.6135    0.8668
        2 H1     2s         0.0078   -0.0039    0.0014   -0.0447    0.3841   -0.7863    0.2407   -0.0101    0.9594
        3 H1     2px        0.0000    0.0000   -0.0000    0.0000   -0.0000    0.0000    0.0000   -0.0000    0.0000
        4 H1     2py        0.0000   -0.0000    0.0000   -0.0000    0.0000   -0.0000    0.0000   -0.0000    0.0000
        5 H1     2pz        0.0121   -0.0198    0.0173   -0.0088   -0.0007    0.0002   -0.0153   -0.0019    0.0310
        6 H2     1s         0.1710   -0.3133    0.3790   -0.2801   -0.4322    1.2160   -0.3223   -0.5189   -1.3337
        7 H2     2s        -0.0330    0.0300    0.0383   -0.0951   -0.1934    0.6235    0.0133   -0.5955   -0.8869
        8 H2     2px        0.0000    0.0000   -0.0000    0.0000   -0.0000    0.0000   -0.0000   -0.0000    0.0000
        9 H2     2py        0.0000   -0.0000    0.0000   -0.0000    0.0000   -0.0000    0.0000   -0.0000    0.0000
       10 H2     2pz        0.0071   -0.0023   -0.0198    0.0324   -0.0181   -0.0330    0.0053   -0.0456    0.1325
       11 H3     1s         0.2912   -0.2617   -0.0964    0.4842   -0.5910   -0.2923    0.2853   -0.1830    1.2773
       12 H3     2s        -0.0146    0.0373   -0.0466    0.1172   -0.2199   -0.2487    0.4068   -0.3681    0.5984
       13 H3     2px        0.0000   -0.0000    0.0000    0.0000   -0.0000   -0.0000   -0.0000   -0.0000    0.0000
       14 H3     2py        0.0000   -0.0000    0.0000   -0.0000   -0.0000   -0.0000    0.0000   -0.0000    0.0000
       15 H3     2pz        0.0079    0.0089   -0.0299    0.0191    0.0218   -0.0415   -0.0152   -0.0341    0.0519
       16 H4     1s         0.3121   -0.1716   -0.2741    0.3900    0.4887   -0.5015   -0.2903    0.7888   -0.5767
       17 H4     2s        -0.0311   -0.0226    0.0136    0.0937    0.1901   -0.2238    0.1095    0.3491   -0.6080
       18 H4     2px        0.0000   -0.0000    0.0000    0.0000   -0.0000   -0.0000   -0.0000   -0.0000    0.0000
       19 H4     2py       -0.0000   -0.0000    0.0000    0.0000    0.0000    0.0000    0.0000   -0.0000    0.0000
       20 H4     2pz       -0.0002    0.0218   -0.0129   -0.0268    0.0296   -0.0068   -0.0110   -0.0929    0.0062
       21 H5     1s         0.3121    0.1716   -0.2741   -0.3900    0.4887    0.5015   -0.2903   -0.7888   -0.5767
       22 H5     2s        -0.0311    0.0226    0.0136   -0.0937    0.1901    0.2238    0.1095   -0.3491   -0.6080
       23 H5     2px        0.0000    0.0000    0.0000    0.0000   -0.0000    0.0000   -0.0000   -0.0000    0.0000
       24 H5     2py        0.0000    0.0000    0.0000    0.0000    0.0000    0.0000    0.0000   -0.0000   -0.0000
       25 H5     2pz        0.0002    0.0218    0.0129   -0.0268   -0.0296   -0.0068    0.0110   -0.0929   -0.0062
       26 H6     1s         0.2912    0.2617   -0.0964   -0.4842   -0.5910    0.2923    0.2853    0.1830    1.2773
       27 H6     2s        -0.0146   -0.0373   -0.0466   -0.1172   -0.2199    0.2487    0.4068    0.3681    0.5984
       28 H6     2px        0.0000    0.0000   -0.0000    0.0000    0.0000    0.0000    0.0000   -0.0000    0.0000
       29 H6     2py        0.0000    0.0000   -0.0000    0.0000    0.0000    0.0000    0.0000   -0.0000    0.0000
       30 H6     2pz       -0.0079    0.0089    0.0299    0.0191   -0.0218   -0.0415    0.0152   -0.0341   -0.0519
       31 H7     1s         0.1710    0.3133    0.3790    0.2801   -0.4322   -1.2160   -0.3222    0.5189   -1.3337
       32 H7     2s        -0.0330   -0.0300    0.0383    0.0951   -0.1934   -0.6235    0.0133    0.5955   -0.8868
       33 H7     2px       -0.0000    0.0000    0.0000    0.0000   -0.0000   -0.0000   -0.0000   -0.0000    0.0000
       34 H7     2py       -0.0000   -0.0000    0.0000   -0.0000   -0.0000   -0.0000   -0.0000   -0.0000   -0.0000
       35 H7     2pz       -0.0071   -0.0023    0.0198    0.0324    0.0181   -0.0330   -0.0053   -0.0456   -0.1325
       36 H8     1s         0.1266    0.2434    0.3368    0.3859    0.7279    0.9384   -0.0377   -0.6135    0.8668
       37 H8     2s         0.0078    0.0039    0.0014    0.0447    0.3841    0.7864    0.2407    0.0101    0.9594
       38 H8     2px       -0.0000    0.0000   -0.0000    0.0000   -0.0000   -0.0000   -0.0000    0.0000   -0.0000
       39 H8     2py       -0.0000    0.0000   -0.0000    0.0000   -0.0000    0.0000   -0.0000   -0.0000    0.0000
       40 H8     2pz       -0.0121   -0.0198   -0.0173   -0.0088    0.0007    0.0002    0.0153   -0.0019   -0.0310
--
 
 
++    Molecular charges:
      ------------------
 
      Mulliken charges per centre and basis function type
      ---------------------------------------------------
 
                H1      H2      H3      H4      H5      H6      H7      H8    
      1s       0.9898  0.9957  1.0153  0.9862  0.9862  1.0153  0.9957  0.9898
      2s      -0.0010 -0.0261 -0.0735 -0.0460 -0.0460 -0.0735 -0.0261 -0.0010
      2px      0.0000  0.0000  0.0000  0.0000  0.0000  0.0000  0.0000  0.0000
      2pz      0.0203  0.0471  0.0465  0.0456  0.0456  0.0465  0.0471  0.0203
      2py      0.0000  0.0000  0.0000  0.0000  0.0000  0.0000  0.0000  0.0000
      Total    1.0092  1.0167  0.9883  0.9858  0.9858  0.9883  1.0167  1.0092
 
      N-E     -0.0092 -0.0167  0.0117  0.0142  0.0142  0.0117 -0.0167 -0.0092
 
      Total electronic charge=    8.000000
 
      Total            charge=   -0.000000
--
 
 
  Input file to MOLDEN was generated!
 
 
++    Static properties:
      ------------------
 
 
      LoProp Charges per center
 

                   H1       H2       H3       H4       H5       H6       H7       H8    
      Nuclear      1.0000   1.0000   1.0000   1.0000   1.0000   1.0000   1.0000   1.0000
      Electronic  -1.0203  -0.9919  -0.9949  -0.9929  -0.9929  -0.9949  -0.9919  -1.0203
 
      Total       -0.0203   0.0081   0.0051   0.0071   0.0071   0.0051   0.0081  -0.0203
--
 
 
++    Natural Bond Order analysis
      ---------------------------
      Based on LoProp computed density
      -------------------------------------------------------------------------------------
      Atom A       Atom B       Bond Order | Atom A       Atom B       Bond Order
        H1           H2             0.987  |   H5           H6             0.956
        H3           H4             0.956  |   H7           H8             0.987
      -------------------------------------------------------------------------------------
      NBO located      7.772 electrons involved in    4 bonds.
      The remaining    0.228 electrons are to be considered as diffuse
--
 
 
++    Molecular properties:
      ---------------------
 
      Charge (e):
                      =   -0.0000
      Dipole Moment (Debye):
      Origin of the operator (Ang)=    0.0000    0.0000    0.0000
                   X=  5.4805E-14               Y= -1.3897E-13               Z=  4.5586E-06           Total=  4.5586E-06
      Quadrupole Moment (Debye*Ang):
      Origin of the operator (Ang)=    0.0000    0.0000    3.6273
                  XX= -9.3868E+00              XY=  5.1704E-28              XZ= -2.4307E-13              YY= -9.3868E+00
                  YZ=  4.5953E-13              ZZ= -9.4349E+00
      In traceless form (Debye*Ang)
                  XX=  2.4090E-02              XY=  7.7556E-28              XZ= -3.6461E-13              YY=  2.4090E-02
                  YZ=  6.8930E-13              ZZ= -4.8180E-02
--
 
 
  Input file to MOLDEN was generated!
 
 ###############################################################################
 ###############################################################################
 ###                                                                         ###
 ###                                                                         ###
 ###    RunFile label nBas                                                   ###
 ###    was used       78 times                                              ###
 ###                                                                         ###
 ###                                                                         ###
 ###############################################################################
 ###############################################################################
forrtl: warning (528): IEEE_UNDERFLOW is signaling
--- Stop Module: scf at Sun Oct 26 13:09:12 2025 /rc=_RC_ALL_IS_WELL_ ---
*** files: H8_1.04.LprOrb H8_1.04.LoProp.molden H8_1.04.scf.molden H8_1.04.ScfOrb H8_1.04.scf.h5 xmldump
    saved to directory /home/grierjones/DDCASPT2/hydrogen_comps/rerun/H8_chain/H8_1.04

>>> COPY /tmp/H8_1.04/H8_1.04.scf.h5 /home/grierjones/DDCASPT2/hydrogen_comps/rerun/H8_chain/H8_1.04/

*** symbolic link created: INPORB -> H8_1.04.ScfOrb
--- Start Module: rasscf at Sun Oct 26 13:09:12 2025 ---
 
()()()()()()()()()()()()()()()()()()()()()()()()()()()()()()()()()()()()()()()()()()()()()()()()()()

                                              &RASSCF

                                   only a single process is used
                       available to each process: 2.0 GB of memory, 1 thread?
()()()()()()()()()()()()()()()()()()()()()()()()()()()()()()()()()()()()()()()()()()()()()()()()()()
 
 
      Header of the ONEINT file:
      --------------------------
      
      Integrals generated by seward 4.2.0  , Sun Oct 26 13:09:11 2025
 
 
      OrdInt status: non-squared
 
 
      Cartesian coordinates in Angstrom:
      -----------------------------------------------------
      No.  Label        X            Y            Z        
      -----------------------------------------------------
       1   H1         0.00000000   0.00000000   0.00000000
       2   H2         0.00000000   0.00000000   1.03636400
       3   H3         0.00000000   0.00000000   2.07272700
       4   H4         0.00000000   0.00000000   3.10909100
       5   H5         0.00000000   0.00000000   4.14545500
       6   H6         0.00000000   0.00000000   5.18181800
       7   H7         0.00000000   0.00000000   6.21818200
       8   H8         0.00000000   0.00000000   7.25454500
      -----------------------------------------------------
      Nuclear repulsion energy =    7.01723500
 
++    Wave function specifications:
      -----------------------------
 
      Number of closed shell electrons           0
      Number of electrons in active shells       8
      Max number of holes in RAS1 space          0
      Max nr of electrons in RAS3 space          0
      Number of inactive orbitals                0
      Number of active orbitals                  8
      Number of secondary orbitals              32
      Spin quantum number                      0.0
      State symmetry                             1
--
 
++    Orbital specifications:
      -----------------------
 
      Symmetry species                           1
                                                 a
      Frozen orbitals                            0
      Inactive orbitals                          0
      Active orbitals                            8
      RAS1 orbitals                              0
      RAS2 orbitals                              8
      RAS3 orbitals                              0
      Secondary orbitals                        32
      Deleted orbitals                           0
      Number of basis functions                 40
--
 
++    CI expansion specifications:
      ----------------------------
 
      Number of CSFs                          1764
      Number of determinants                  2485
      Number of root(s) required                 1
      Root chosen for geometry opt.              1
      CI root used                               1
         
      highest root included in the CI            1
      max. size of the explicit Hamiltonian    200
--
 
++    Optimization specifications:
      ----------------------------
 
      RASSCF algorithm: Conventional
      Maximum number of macro iterations       200
      Maximum number of SX iterations          100
      Threshold for RASSCF energy            0.100E-07
      Threshold for max MO rotation          0.100E+00
      Threshold for max BLB element          0.100E-03
      Level shift parameter                  0.500E+00
      Make Quasi-Newton update
--
 
      The MO-coefficients are taken from the file:
      /home/grierjones/DDCASPT2/hydrogen_comps/rerun/H8_chain/H8_0.60/H8_0.60.RasOrb                                                  
      Title: RASSCF average (pseudo-natural) orbitals                                      
 
      Total molecular charge    0.00
 
      ************************************************************************************************************************
      *                                                                                                                      *
      *                                            Wave function control section                                             *
      *                                                                                                                      *
      ************************************************************************************************************************
 
 
                                         RASSCF iterations: Energy and convergence statistics
                                         ----------------------------------------------------
 
      Iter CI   SX   CI       RASSCF       Energy    max ROT     max BLB   max BLB  Level Ln srch  Step   QN   Walltime
          iter iter root      energy       change     param      element    value   shift minimum  type update hh:mm:ss
 Nr of preliminary CI iterations:   4
        1   1  100    1    -4.05588421    0.00E+00   0.14E+00*   2  38 1 -0.54E+00*  0.01   0.00    SX    NO    0:00:00
        2   4   80    1    -4.35669784   -0.30E+00*  0.79E-01    1   9 1 -0.12E+00*  0.00   0.00    SX    NO    0:00:00
        3   3   14    1    -4.38525135   -0.29E-01*  0.50E-01    1   9 1 -0.30E-01*  0.00   0.00    SX    NO    0:00:00
        4   3   14    1    -4.38797420   -0.27E-02* -0.39E-01    1   9 1 -0.66E-02*  0.00   0.00    SX    NO    0:00:00
        5   4   14    1    -4.38874373   -0.77E-03* -0.46E-01    6  15 1  0.29E-02*  0.00   2.37    LS   YES    0:00:00
        6   4   13    1    -4.38915174   -0.41E-03* -0.22E-01    1   9 1  0.47E-02*  0.00   1.19    QN   YES    0:00:00
        7   4   13    1    -4.38926081   -0.11E-03* -0.13E-01    1   9 1  0.22E-02*  0.00   1.61    LS   YES    0:00:00
        8   4   13    1    -4.38927934   -0.19E-04* -0.55E-02    3  35 1 -0.88E-03*  0.00   1.04    QN   YES    0:00:00
        9   4   12    1    -4.38929641   -0.17E-04* -0.18E-01    1   9 1 -0.31E-03*  0.00   1.49    QN   YES    0:00:00
       10   4   11    1    -4.38931975   -0.23E-04* -0.24E-01    1   9 1 -0.56E-03*  0.00   2.50    LS   YES    0:00:00
       11   5   13    1    -4.38938414   -0.64E-04* -0.33E-01    8  15 1  0.11E-02*  0.00   2.50    LS   YES    0:00:00
       12   4   15    1    -4.38952975   -0.15E-03*  0.51E-01    8  15 1  0.20E-02*  0.00   2.50    QN   YES    0:00:00
       13   4   13    1    -4.38932155    0.21E-03* -0.47E-01    3  35 1  0.92E-03*  0.00  -0.50    LS   YES    0:00:00
       14   4   15    1    -4.38950505   -0.18E-03* -0.59E-01    8  15 1  0.19E-02*  0.00   2.50    LS   YES    0:00:00
       15   4   18    1    -4.38997956   -0.47E-03*  0.74E-01    8  15 1  0.33E-02*  0.00   2.50    QN   YES    0:00:00
       16   4   12    1    -4.38948139    0.50E-03* -0.63E-01    8  15 1  0.16E-02*  0.00  -0.50    LS   YES    0:00:00
       17   4   18    1    -4.38989773   -0.42E-03* -0.18E+00*   8  15 1  0.30E-02*  0.00   2.50    SX   YES    0:00:00
       18   5   16    1    -4.39339028   -0.35E-02* -0.47E+00*   8  15 1  0.68E-02*  0.00   2.50    SX   YES    0:00:00
       19   5   16    1    -4.40844364   -0.15E-01* -0.23E+00*   4  40 1 -0.11E-01*  0.00   0.00    SX    NO    0:00:00
       20   4   15    1    -4.41318066   -0.47E-02* -0.11E+00*   4  40 1 -0.44E-02*  0.00   1.70    LS   YES    0:00:00
       21   3   14    1    -4.41421659   -0.10E-02* -0.57E-01    4  15 1  0.52E-02*  0.00   1.49    QN   YES    0:00:00
       22   3   13    1    -4.41458363   -0.37E-03* -0.24E-01    4  15 1  0.21E-02*  0.00   1.46    LS   YES    0:00:00
       23   3   13    1    -4.41462427   -0.41E-04*  0.74E-02    1  34 1  0.13E-02*  0.00   1.08    QN   YES    0:00:00
       24   3   12    1    -4.41465294   -0.29E-04*  0.28E-02    4  22 1  0.35E-03*  0.00   1.39    QN   YES    0:00:00
       25   3   10    1    -4.41465624   -0.33E-05*  0.56E-03    4  15 1 -0.11E-03*  0.00   1.09    QN   YES    0:00:00
       26   2    9    1    -4.41465637   -0.14E-06* -0.24E-03    4  15 1 -0.33E-04   0.00   1.36    QN   YES    0:00:00
       27   2    6    1    -4.41465639   -0.18E-07* -0.27E-04    3  14 1 -0.31E-05   0.00   1.07    QN   YES    0:00:00
       28   1    5    1    -4.41465639   -0.49E-09  -0.15E-04    4  15 1  0.20E-05   0.00   1.43    QN   YES    0:00:00
      Convergence after 28 iterations
 
  Dmat in MO in SXCTL bf call to SXHAM                                                                                    
  mat. size =     8x    8
 
        1.9662961758040969
       -0.0000002612645761      1.9490537354297950
       -0.0085136106548479      0.0000002906649787      1.9331626142321761
       -0.0000001403320275     -0.0212479255222005      0.0000003058618456      1.8686965039821639
       -0.0727763426700901      0.0000005916699613     -0.0868391488464680     -0.0000005211605920      0.0426584134764632
       -0.0000039537960935     -0.1373408773303267      0.0000027697967501     -0.0757585012566435     -0.0000002880096474
        0.0743380470079477
        0.0769364788445922      0.0000000105878602     -0.0235023746739206     -0.0000002213187814      0.0183082434739366
       -0.0000002598224443      0.1444336519894117
       -0.0000003904732979     -0.0048096029701438     -0.0000005206455299      0.0207040291408635     -0.0000009615199668
       -0.0087837216195974     -0.0000026531796889      0.0213608580779383
       29   1    5    1    -4.41465639   -0.96E-10  -0.15E-04    3  27 1  0.51E-06   0.00   1.43    QN   YES    0:00:00
 
      ************************************************************************************************************************
                                                      Wave function printout:
                       occupation of active orbitals, and spin coupling of open shells (u,d: Spin up or down)
      ************************************************************************************************************************
 
      Note: transformation to natural orbitals
      has been made, which may change the order of the CSFs.
 
      printout of CI-coefficients larger than  0.05 for root  1
      energy=      -4.414656
      conf/sym  11111111     Coeff  Weight
             1  22220000   0.93530 0.87478
            23  22200020  -0.18918 0.03579
            32  22ud0ud0  -0.13029 0.01698
            41  2u2du0d0   0.08822 0.00778
            56  u22d00ud  -0.07561 0.00572
            60  22020200  -0.06193 0.00384
            63  22020020  -0.06547 0.00429
            69  2ud2ud00   0.06027 0.00363
            72  2ud20ud0  -0.05217 0.00272
           120  22uu0dd0  -0.07415 0.00550
 
      Natural orbitals and occupation numbers for root  1
      sym 1:   1.973308   1.961827   1.936402   1.869468   0.032198   0.062667   0.144643   0.019487
 
      ************************************************************************************************************************
      *                                                                                                                      *
      *                                                    Final results                                                     *
      *                                                                                                                      *
      ************************************************************************************************************************
 
 
++    Wave function specifications:
      -----------------------------
 
      Number of closed shell electrons           0
      Number of electrons in active shells       8
      Max number of holes in RAS1 space          0
      Max nr of electrons in RAS3 space          0
      Number of inactive orbitals                0
      Number of active orbitals                  8
      Number of secondary orbitals              32
      Spin quantum number                      0.0
      State symmetry                             1
--
 
++    Orbital specifications:
      -----------------------
 
      Symmetry species                           1
                                                 a
      Frozen orbitals                            0
      Inactive orbitals                          0
      Active orbitals                            8
      RAS1 orbitals                              0
      RAS2 orbitals                              8
      RAS3 orbitals                              0
      Secondary orbitals                        32
      Deleted orbitals                           0
      Number of basis functions                 40
--
 
++    CI expansion specifications:
      ----------------------------
 
      Number of CSFs                          1764
      Number of determinants                  2485
      Number of root(s) required                 1
      CI root used                               1
      highest root included in the CI            1
      Root passed to geometry opt.               1
--
 
++    Final optimization conditions:
      ------------------------------
 
      Average CI energy                              -4.41465639
      RASSCF energy for state  1                     -4.41465639
      Super-CI energy                                -0.00000000
      RASSCF energy change                            0.00000000
      Max change in MO coefficients              -0.374E-04
      Max non-diagonal density matrix element    -0.148E-04
      Maximum BLB matrix element                  0.508E-06
      (orbital pair   3,  27 in symmetry   1)
      Norm of electronic gradient            0.135E-05
--
 
 
      Final state energy(ies):
      ------------------------
 
::    RASSCF root number  1 Total energy:     -4.41465639
 
++    Molecular orbitals:
      -------------------
 
      Pseudonatural active orbitals and approximate occupation numbers
 
 
 
 
      Molecular orbitals for symmetry species 1: a  
 
 
      Orbital                1         2         3         4         5         6         7         8         9        10
      Energy            0.0000    0.0000    0.0000    0.0000    0.0000    0.0000    0.0000    0.0000    0.2085    0.2707
      Occ. No.          1.9733    1.9618    1.9364    1.8695    0.0322    0.0627    0.1446    0.0195    0.0000    0.0000
 
    1 H1     1s         0.1296   -0.2559    0.3406   -0.3915    0.6675   -0.6263   -0.4879   -0.4990   -0.0937    0.0575
    2 H1     2s         0.0068   -0.0042   -0.0018   -0.0342    0.0527    0.0068    0.0161   -0.0873    0.1890    0.5285
    3 H1     2px       -0.0000    0.0000   -0.0000    0.0000   -0.0000    0.0000    0.0000    0.0000    0.0000    0.0000
    4 H1     2py       -0.0000    0.0000   -0.0000    0.0000   -0.0000    0.0000    0.0000    0.0000    0.0000    0.0000
    5 H1     2pz        0.0102   -0.0169    0.0136   -0.0046    0.0004    0.0044    0.0030   -0.0053   -0.0113    0.0141
    6 H2     1s         0.1795   -0.3191    0.3608   -0.2496   -1.1196    0.6623    0.1539    1.0638   -0.0861   -0.1994
    7 H2     2s        -0.0321    0.0355    0.0180   -0.0763   -0.2349    0.0447   -0.0557    0.3337    0.1637    0.1250
    8 H2     2px        0.0000   -0.0000    0.0000   -0.0000   -0.0000    0.0000    0.0000    0.0000    0.0000    0.0000
    9 H2     2py        0.0000   -0.0000    0.0000   -0.0000   -0.0000    0.0000    0.0000    0.0000    0.0000    0.0000
   10 H2     2pz        0.0077   -0.0039   -0.0162    0.0310    0.0105    0.0208    0.0381   -0.0209   -0.0027    0.0681
   11 H3     1s         0.2877   -0.2592   -0.0761    0.4791    1.0122    0.0533    0.5693   -1.5209   -0.0841    0.1006
   12 H3     2s        -0.0192    0.0377   -0.0324    0.0927    0.2458   -0.0063    0.0529   -0.5024    0.2178    0.2939
   13 H3     2px        0.0000    0.0000   -0.0000    0.0000    0.0000   -0.0000   -0.0000   -0.0000   -0.0000   -0.0000
   14 H3     2py        0.0000    0.0000   -0.0000    0.0000    0.0000   -0.0000   -0.0000   -0.0000   -0.0000   -0.0000
   15 H3     2pz        0.0050    0.0101   -0.0286    0.0165    0.0299   -0.0404   -0.0177   -0.0021   -0.0152    0.0506
   16 H4     1s         0.3116   -0.1453   -0.2890    0.3763   -0.4144   -0.7509   -0.4210    1.7419   -0.1002   -0.1045
   17 H4     2s        -0.0324   -0.0084    0.0168    0.0727   -0.0794   -0.1583   -0.0173    0.5987    0.2158   -0.0159
   18 H4     2px        0.0000   -0.0000   -0.0000    0.0000   -0.0000   -0.0000   -0.0000   -0.0000   -0.0000   -0.0000
   19 H4     2py        0.0000   -0.0000   -0.0000    0.0000   -0.0000   -0.0000   -0.0000   -0.0000   -0.0000   -0.0000
   20 H4     2pz        0.0015    0.0185   -0.0139   -0.0251   -0.0355    0.0258   -0.0283   -0.0164   -0.0007    0.0732
   21 H5     1s         0.3116    0.1453   -0.2890   -0.3763   -0.4144    0.7509   -0.4210   -1.7419   -0.1002    0.1045
   22 H5     2s        -0.0324    0.0084    0.0168   -0.0727   -0.0794    0.1583   -0.0173   -0.5987    0.2158    0.0159
   23 H5     2px       -0.0000   -0.0000    0.0000    0.0000    0.0000   -0.0000    0.0000   -0.0000    0.0000   -0.0000
   24 H5     2py       -0.0000   -0.0000    0.0000    0.0000    0.0000   -0.0000    0.0000   -0.0000    0.0000   -0.0000
   25 H5     2pz       -0.0015    0.0185    0.0139   -0.0251    0.0355    0.0258    0.0283   -0.0164    0.0007    0.0732
   26 H6     1s         0.2877    0.2592   -0.0761   -0.4791    1.0122   -0.0533    0.5693    1.5209   -0.0841   -0.1006
   27 H6     2s        -0.0192   -0.0377   -0.0324   -0.0927    0.2458    0.0063    0.0529    0.5024    0.2178   -0.2939
   28 H6     2px       -0.0000    0.0000    0.0000    0.0000   -0.0000   -0.0000    0.0000   -0.0000    0.0000   -0.0000
   29 H6     2py       -0.0000    0.0000    0.0000    0.0000   -0.0000   -0.0000    0.0000   -0.0000    0.0000   -0.0000
   30 H6     2pz       -0.0050    0.0101    0.0286    0.0165   -0.0299   -0.0404    0.0177   -0.0021    0.0152    0.0506
   31 H7     1s         0.1795    0.3191    0.3608    0.2496   -1.1196   -0.6623    0.1539   -1.0638   -0.0861    0.1994
   32 H7     2s        -0.0321   -0.0355    0.0180    0.0763   -0.2349   -0.0447   -0.0557   -0.3337    0.1637   -0.1250
   33 H7     2px       -0.0000   -0.0000   -0.0000   -0.0000    0.0000    0.0000   -0.0000    0.0000   -0.0000    0.0000
   34 H7     2py       -0.0000   -0.0000   -0.0000   -0.0000    0.0000    0.0000   -0.0000    0.0000   -0.0000    0.0000
   35 H7     2pz       -0.0077   -0.0039    0.0162    0.0310   -0.0105    0.0208   -0.0381   -0.0209    0.0027    0.0681
   36 H8     1s         0.1296    0.2559    0.3406    0.3915    0.6675    0.6263   -0.4879    0.4990   -0.0937   -0.0575
   37 H8     2s         0.0068    0.0042   -0.0018    0.0342    0.0527   -0.0068    0.0161    0.0873    0.1890   -0.5285
   38 H8     2px        0.0000    0.0000    0.0000    0.0000    0.0000    0.0000   -0.0000    0.0000   -0.0000    0.0000
   39 H8     2py        0.0000    0.0000    0.0000    0.0000    0.0000    0.0000   -0.0000    0.0000   -0.0000    0.0000
   40 H8     2pz       -0.0102   -0.0169   -0.0136   -0.0046   -0.0004    0.0044   -0.0030   -0.0053    0.0113    0.0141
 
 
      Orbital               11        12        13        14        15        16        17        18        19        20
      Energy            0.3760    0.5503    0.5503    0.5757    0.6375    0.6375    0.7819    0.7819    0.8746    0.9879
      Occ. No.          0.0000    0.0000    0.0000    0.0000    0.0000    0.0000    0.0000    0.0000    0.0000    0.0000
 
    1 H1     1s        -0.5024   -0.0000    0.0000    1.0708   -0.0000    0.0000    0.0000   -0.0000    1.4541    0.0000
    2 H1     2s        -0.9473   -0.0000    0.0000    1.3033   -0.0000    0.0000   -0.0000    0.0000    1.3644    0.0000
    3 H1     2px       -0.0000    0.1181   -0.0459    0.0000   -0.2388    0.0931    0.3542   -0.1376    0.0000   -0.4465
    4 H1     2py       -0.0000    0.0459    0.1181    0.0000   -0.0931   -0.2388    0.1376    0.3542    0.0000   -0.1736
    5 H1     2pz       -0.0689   -0.0000    0.0000    0.1231    0.0000   -0.0000   -0.0000    0.0000    0.0957    0.0000
    6 H2     1s         0.3749    0.0000   -0.0000   -0.9244    0.0000   -0.0000   -0.0000    0.0000   -1.9243   -0.0000
    7 H2     2s         0.2422    0.0000   -0.0000   -1.1122    0.0000   -0.0000   -0.0000    0.0000   -2.2363   -0.0000
    8 H2     2px       -0.0000    0.1974   -0.0767    0.0000   -0.3197    0.1246    0.2958   -0.1149   -0.0000   -0.0924
    9 H2     2py       -0.0000    0.0767    0.1974    0.0000   -0.1246   -0.3197    0.1149    0.2958   -0.0000   -0.0359
   10 H2     2pz       -0.1748   -0.0000    0.0000    0.2149    0.0000   -0.0000   -0.0000    0.0000    0.1329    0.0000
   11 H3     1s        -0.1473   -0.0000    0.0000   -0.0562   -0.0000    0.0000    0.0000   -0.0000   -0.0019   -0.0000
   12 H3     2s         0.0326    0.0000   -0.0000   -0.4716   -0.0000    0.0000    0.0000   -0.0000   -0.1684   -0.0000
   13 H3     2px       -0.0000    0.2621   -0.1018    0.0000   -0.2740    0.1068   -0.0232    0.0090   -0.0000    0.3925
   14 H3     2py       -0.0000    0.1018    0.2621    0.0000   -0.1068   -0.2740   -0.0090   -0.0232   -0.0000    0.1526
   15 H3     2pz       -0.0787    0.0000   -0.0000   -0.0432    0.0000   -0.0000   -0.0000    0.0000   -0.3028   -0.0000
   16 H4     1s         0.1360    0.0000   -0.0000   -0.2510    0.0000   -0.0000   -0.0000    0.0000    0.7029    0.0000
   17 H4     2s         0.4465    0.0000   -0.0000   -0.4817   -0.0000    0.0000   -0.0000    0.0000    1.0411    0.0000
   18 H4     2px       -0.0000    0.2956   -0.1148    0.0000   -0.1071    0.0417   -0.3213    0.1248   -0.0000    0.2713
   19 H4     2py       -0.0000    0.1148    0.2956    0.0000   -0.0417   -0.1071   -0.1248   -0.3213   -0.0000    0.1055
   20 H4     2pz       -0.0567    0.0000   -0.0000   -0.1418    0.0000   -0.0000    0.0000   -0.0000   -0.1044   -0.0000
   21 H5     1s         0.1360   -0.0000    0.0000    0.2510    0.0000   -0.0000    0.0000   -0.0000    0.7029    0.0000
   22 H5     2s         0.4465   -0.0000    0.0000    0.4817   -0.0000    0.0000    0.0000   -0.0000    1.0411    0.0000
   23 H5     2px        0.0000    0.2956   -0.1148    0.0000    0.1071   -0.0417   -0.3213    0.1248    0.0000   -0.2713
   24 H5     2py        0.0000    0.1148    0.2956    0.0000    0.0417    0.1071   -0.1248   -0.3213    0.0000   -0.1055
   25 H5     2pz        0.0567    0.0000   -0.0000   -0.1418   -0.0000    0.0000    0.0000   -0.0000    0.1044    0.0000
   26 H6     1s        -0.1473    0.0000   -0.0000    0.0562   -0.0000    0.0000   -0.0000    0.0000   -0.0019   -0.0000
   27 H6     2s         0.0326   -0.0000    0.0000    0.4716   -0.0000    0.0000   -0.0000    0.0000   -0.1684   -0.0000
   28 H6     2px        0.0000    0.2621   -0.1018    0.0000    0.2740   -0.1068   -0.0232    0.0090    0.0000   -0.3925
   29 H6     2py        0.0000    0.1018    0.2621    0.0000    0.1068    0.2740   -0.0090   -0.0232    0.0000   -0.1526
   30 H6     2pz        0.0787    0.0000   -0.0000   -0.0432   -0.0000    0.0000   -0.0000    0.0000    0.3028    0.0000
   31 H7     1s         0.3749   -0.0000    0.0000    0.9244    0.0000   -0.0000    0.0000   -0.0000   -1.9243   -0.0000
   32 H7     2s         0.2422   -0.0000    0.0000    1.1122    0.0000   -0.0000    0.0000   -0.0000   -2.2363   -0.0000
   33 H7     2px        0.0000    0.1974   -0.0767    0.0000    0.3197   -0.1246    0.2958   -0.1149    0.0000    0.0924
   34 H7     2py        0.0000    0.0767    0.1974    0.0000    0.1246    0.3197    0.1149    0.2958    0.0000    0.0359
   35 H7     2pz        0.1748   -0.0000    0.0000    0.2149   -0.0000    0.0000   -0.0000    0.0000   -0.1329   -0.0000
   36 H8     1s        -0.5024    0.0000   -0.0000   -1.0708   -0.0000    0.0000   -0.0000    0.0000    1.4541    0.0000
   37 H8     2s        -0.9473    0.0000   -0.0000   -1.3033   -0.0000    0.0000    0.0000   -0.0000    1.3644    0.0000
   38 H8     2px        0.0000    0.1181   -0.0459    0.0000    0.2388   -0.0931    0.3542   -0.1376   -0.0000    0.4465
   39 H8     2py        0.0000    0.0459    0.1181    0.0000    0.0931    0.2388    0.1376    0.3542   -0.0000    0.1736
   40 H8     2pz        0.0689   -0.0000    0.0000    0.1231   -0.0000    0.0000   -0.0000    0.0000   -0.0957   -0.0000
 
 
      Orbital               21        22        23        24        25        26        27        28        29        30
      Energy            0.9879    1.2275    1.2656    1.2656    1.4220    1.6135    1.6135    1.6393    1.6689    2.0182
      Occ. No.          0.0000    0.0000    0.0000    0.0000    0.0000    0.0000    0.0000    0.0000    0.0000    0.0000
 
    1 H1     1s        -0.0000    1.4095   -0.0000   -0.0000   -0.0402   -0.0000   -0.0000    0.8265   -1.2999   -0.0000
    2 H1     2s        -0.0000    1.1155   -0.0000   -0.0000    0.2234   -0.0000   -0.0000    0.8651   -1.1085   -0.0000
    3 H1     2px        0.1736    0.0000   -0.1942    0.5024   -0.0000   -0.5021    0.1949    0.0000    0.0000    0.4227
    4 H1     2py       -0.4465    0.0000    0.5024    0.1942   -0.0000   -0.1949   -0.5021    0.0000    0.0000    0.1638
    5 H1     2pz       -0.0000   -0.0289   -0.0000   -0.0000    0.4930   -0.0000   -0.0000    0.7449   -0.1869   -0.0000
    6 H2     1s         0.0000   -3.0071    0.0000    0.0000    0.7532    0.0000    0.0000   -1.3648    3.7121    0.0000
    7 H2     2s         0.0000   -3.1242    0.0000    0.0000    0.6807    0.0000    0.0000   -1.0814    3.5440    0.0000
    8 H2     2px        0.0359   -0.0000    0.0962   -0.2488    0.0000    0.5909   -0.2293   -0.0000   -0.0000   -0.7406
    9 H2     2py       -0.0924   -0.0000   -0.2488   -0.0962    0.0000    0.2293    0.5909   -0.0000   -0.0000   -0.2870
   10 H2     2pz       -0.0000   -0.0368    0.0000    0.0000   -0.1146    0.0000    0.0000   -0.2204    0.3222    0.0000
   11 H3     1s         0.0000    1.8405   -0.0000   -0.0000   -1.9034   -0.0000   -0.0000   -0.1702   -4.6437   -0.0000
   12 H3     2s         0.0000    2.0148   -0.0000   -0.0000   -1.8705   -0.0000   -0.0000   -0.4257   -4.5142   -0.0000
   13 H3     2px       -0.1526   -0.0000    0.1673   -0.4326   -0.0000   -0.0468    0.0182   -0.0000    0.0000    0.6838
   14 H3     2py        0.3925   -0.0000   -0.4326   -0.1673   -0.0000   -0.0182   -0.0468   -0.0000    0.0000    0.2650
   15 H3     2pz        0.0000   -0.3397    0.0000    0.0000    0.2715   -0.0000   -0.0000    0.1038   -0.1665   -0.0000
   16 H4     1s        -0.0000    1.3022   -0.0000   -0.0000    1.0513    0.0000    0.0000    1.7841    2.1413    0.0000
   17 H4     2s        -0.0000    1.4832   -0.0000   -0.0000    1.0822    0.0000    0.0000    2.1078    2.0756    0.0000
   18 H4     2px       -0.1055    0.0000   -0.1354    0.3503   -0.0000   -0.5464    0.2120   -0.0000    0.0000   -0.2753
   19 H4     2py        0.2713    0.0000    0.3503    0.1354   -0.0000   -0.2120   -0.5464   -0.0000    0.0000   -0.1067
   20 H4     2pz        0.0000    0.2404   -0.0000   -0.0000   -0.4344    0.0000    0.0000    0.0124   -0.0360    0.0000
   21 H5     1s        -0.0000   -1.3022    0.0000    0.0000    1.0513    0.0000    0.0000   -1.7841    2.1413   -0.0000
   22 H5     2s        -0.0000   -1.4832    0.0000    0.0000    1.0822    0.0000    0.0000   -2.1078    2.0756   -0.0000
   23 H5     2px        0.1055    0.0000   -0.1354    0.3503    0.0000    0.5464   -0.2120   -0.0000   -0.0000   -0.2753
   24 H5     2py       -0.2713    0.0000    0.3503    0.1354    0.0000    0.2120    0.5464   -0.0000   -0.0000   -0.1067
   25 H5     2pz       -0.0000    0.2404   -0.0000   -0.0000    0.4344   -0.0000   -0.0000    0.0124    0.0360    0.0000
   26 H6     1s         0.0000   -1.8405    0.0000    0.0000   -1.9034   -0.0000   -0.0000    0.1702   -4.6437    0.0000
   27 H6     2s         0.0000   -2.0148    0.0000    0.0000   -1.8705   -0.0000   -0.0000    0.4257   -4.5142    0.0000
   28 H6     2px        0.1526   -0.0000    0.1673   -0.4326    0.0000    0.0468   -0.0182   -0.0000   -0.0000    0.6838
   29 H6     2py       -0.3925   -0.0000   -0.4326   -0.1673    0.0000    0.0182    0.0468   -0.0000   -0.0000    0.2650
   30 H6     2pz       -0.0000   -0.3397    0.0000    0.0000   -0.2715    0.0000    0.0000    0.1038    0.1665   -0.0000
   31 H7     1s         0.0000    3.0071   -0.0000   -0.0000    0.7532    0.0000    0.0000    1.3648    3.7121   -0.0000
   32 H7     2s         0.0000    3.1242   -0.0000   -0.0000    0.6807    0.0000    0.0000    1.0814    3.5440   -0.0000
   33 H7     2px       -0.0359   -0.0000    0.0962   -0.2488   -0.0000   -0.5909    0.2293   -0.0000    0.0000   -0.7406
   34 H7     2py        0.0924   -0.0000   -0.2488   -0.0962   -0.0000   -0.2293   -0.5909   -0.0000    0.0000   -0.2870
   35 H7     2pz        0.0000   -0.0368    0.0000    0.0000    0.1146   -0.0000   -0.0000   -0.2204   -0.3222    0.0000
   36 H8     1s        -0.0000   -1.4095    0.0000    0.0000   -0.0402   -0.0000   -0.0000   -0.8265   -1.2999    0.0000
   37 H8     2s        -0.0000   -1.1155    0.0000    0.0000    0.2234   -0.0000   -0.0000   -0.8651   -1.1085    0.0000
   38 H8     2px       -0.1736    0.0000   -0.1942    0.5024    0.0000    0.5021   -0.1949    0.0000   -0.0000    0.4227
   39 H8     2py        0.4465    0.0000    0.5024    0.1942    0.0000    0.1949    0.5021    0.0000   -0.0000    0.1638
   40 H8     2pz        0.0000   -0.0289   -0.0000   -0.0000   -0.4930    0.0000    0.0000    0.7449    0.1869   -0.0000
 
 
      Orbital               31        32        33        34        35        36        37        38        39        40
      Energy            2.0182    2.1145    2.2441    2.3928    2.3928    2.5576    3.0798    3.6738    4.3679    5.2253
      Occ. No.          0.0000    0.0000    0.0000    0.0000    0.0000    0.0000    0.0000    0.0000    0.0000    0.0000
 
    1 H1     1s        -0.0000   -1.5990   -1.3957    0.0000   -0.0000   -1.5175    1.3613   -1.2239   -0.9873    0.6741
    2 H1     2s        -0.0000   -1.1534   -1.1020   -0.0000    0.0000   -0.8193    0.5061   -0.3017   -0.1223    0.0655
    3 H1     2px       -0.1638   -0.0000    0.0000   -0.2481    0.0975   -0.0000    0.0000   -0.0000   -0.0000    0.0000
    4 H1     2py        0.4227   -0.0000    0.0000   -0.0975   -0.2481   -0.0000    0.0000   -0.0000   -0.0000    0.0000
    5 H1     2pz       -0.0000   -0.8897   -0.3295    0.0000   -0.0000   -0.8728    0.7866   -0.6845   -0.5430    0.3515
    6 H2     1s         0.0000    3.7345    4.6622   -0.0000    0.0000    2.7760   -1.2831    0.1362   -0.6838    0.6809
    7 H2     2s         0.0000    2.5534    3.9030    0.0000   -0.0000    1.5011   -0.5156    0.0967   -0.0581   -0.0357
    8 H2     2px        0.2870    0.0000    0.0000    0.5298   -0.2083   -0.0000    0.0000   -0.0000   -0.0000    0.0000
    9 H2     2py       -0.7406    0.0000    0.0000    0.2083    0.5298   -0.0000    0.0000   -0.0000   -0.0000    0.0000
   10 H2     2pz        0.0000    0.1247    0.4308    0.0000   -0.0000   -0.3932    1.0011   -1.4388   -1.5719    1.1566
   11 H3     1s        -0.0000   -3.5146   -8.3054    0.0000   -0.0000   -1.2631   -1.3130    1.4581    0.3525    0.6289
   12 H3     2s        -0.0000   -2.5193   -7.0313   -0.0000    0.0000   -1.0680   -0.2301    0.1416   -0.0433    0.1156
   13 H3     2px       -0.2650   -0.0000   -0.0000   -0.7444    0.2926    0.0000   -0.0000    0.0000    0.0000   -0.0000
   14 H3     2py        0.6838   -0.0000   -0.0000   -0.2926   -0.7444    0.0000   -0.0000    0.0000    0.0000   -0.0000
   15 H3     2pz       -0.0000    0.3058   -0.3771   -0.0000    0.0000    0.7845   -0.6015   -0.4755   -1.7485    1.8705
   16 H4     1s         0.0000    1.4569   10.5956   -0.0000    0.0000   -0.4771    1.1621    1.2585    1.3713    0.1087
   17 H4     2s         0.0000    1.0138    8.9310    0.0000   -0.0000    0.3412    0.3151    0.3858    0.1694   -0.0649
   18 H4     2px        0.1067    0.0000   -0.0000    0.8594   -0.3378    0.0000   -0.0000    0.0000   -0.0000   -0.0000
   19 H4     2py       -0.2753    0.0000   -0.0000    0.3378    0.8594    0.0000   -0.0000    0.0000   -0.0000   -0.0000
   20 H4     2pz        0.0000   -0.7054    0.1415    0.0000   -0.0000   -0.4331   -0.7599    1.1024   -0.7624    2.2697
   21 H5     1s        -0.0000    1.4569  -10.5956   -0.0000    0.0000    0.4771    1.1621   -1.2585    1.3713   -0.1087
   22 H5     2s        -0.0000    1.0138   -8.9310    0.0000   -0.0000   -0.3412    0.3151   -0.3858    0.1694    0.0649
   23 H5     2px        0.1067   -0.0000   -0.0000   -0.8594    0.3378    0.0000    0.0000    0.0000    0.0000   -0.0000
   24 H5     2py       -0.2753   -0.0000   -0.0000   -0.3378   -0.8594    0.0000    0.0000    0.0000    0.0000   -0.0000
   25 H5     2pz        0.0000    0.7054    0.1415   -0.0000    0.0000   -0.4331    0.7599    1.1024    0.7624    2.2697
   26 H6     1s         0.0000   -3.5146    8.3054    0.0000   -0.0000    1.2631   -1.3130   -1.4581    0.3525   -0.6290
   27 H6     2s         0.0000   -2.5193    7.0313   -0.0000    0.0000    1.0680   -0.2301   -0.1416   -0.0433   -0.1156
   28 H6     2px       -0.2650    0.0000   -0.0000    0.7444   -0.2926    0.0000    0.0000    0.0000   -0.0000   -0.0000
   29 H6     2py        0.6838    0.0000   -0.0000    0.2926    0.7444    0.0000    0.0000    0.0000   -0.0000   -0.0000
   30 H6     2pz       -0.0000   -0.3058   -0.3771    0.0000   -0.0000    0.7845    0.6015   -0.4755    1.7485    1.8705
   31 H7     1s        -0.0000    3.7345   -4.6622   -0.0000    0.0000   -2.7761   -1.2831   -0.1362   -0.6838   -0.6809
   32 H7     2s        -0.0000    2.5534   -3.9030    0.0000   -0.0000   -1.5011   -0.5156   -0.0967   -0.0580    0.0357
   33 H7     2px        0.2870   -0.0000    0.0000   -0.5298    0.2083   -0.0000   -0.0000   -0.0000    0.0000    0.0000
   34 H7     2py       -0.7406   -0.0000    0.0000   -0.2083   -0.5298   -0.0000   -0.0000   -0.0000    0.0000    0.0000
   35 H7     2pz        0.0000   -0.1247    0.4308   -0.0000    0.0000   -0.3932   -1.0011   -1.4388    1.5719    1.1566
   36 H8     1s         0.0000   -1.5990    1.3957    0.0000   -0.0000    1.5175    1.3613    1.2239   -0.9873   -0.6741
   37 H8     2s         0.0000   -1.1534    1.1020   -0.0000    0.0000    0.8193    0.5061    0.3017   -0.1223   -0.0655
   38 H8     2px       -0.1638    0.0000    0.0000    0.2481   -0.0975   -0.0000   -0.0000   -0.0000    0.0000    0.0000
   39 H8     2py        0.4227    0.0000    0.0000    0.0975    0.2481   -0.0000   -0.0000   -0.0000    0.0000    0.0000
   40 H8     2pz       -0.0000    0.8897   -0.3295   -0.0000    0.0000   -0.8728   -0.7866   -0.6845    0.5430    0.3515
--
 
      Von Neumann Entropy (Root  1) =  0.77416
 

      Mulliken population analysis for root number:  1
      -----------------------------------------------
 
 
++    Molecular charges:
      ------------------
 
      Mulliken charges per centre and basis function type
      ---------------------------------------------------
 
                H1      H2      H3      H4      H5      H6      H7      H8    
      1s       1.0099  0.9736  1.0157  0.9861  0.9861  1.0157  0.9736  1.0099
      2s      -0.0008 -0.0261 -0.0638 -0.0416 -0.0416 -0.0638 -0.0261 -0.0008
      2px      0.0000  0.0000  0.0000  0.0000  0.0000  0.0000  0.0000  0.0000
      2pz      0.0164  0.0444  0.0436  0.0426  0.0426  0.0436  0.0444  0.0164
      2py      0.0000  0.0000  0.0000  0.0000  0.0000  0.0000  0.0000  0.0000
      Total    1.0255  0.9919  0.9955  0.9872  0.9872  0.9955  0.9919  1.0255
 
      N-E     -0.0255  0.0081  0.0045  0.0128  0.0128  0.0045  0.0081 -0.0255
 
      Total electronic charge=    8.000000
 
      Total            charge=   -0.000000
--
 
 

      Expectation values of various properties for root number:  1
      -----------------------------------------------------------
 
 
++    Molecular properties:
      ---------------------
 
      Charge (e):
                      =   -0.0000
      Dipole Moment (Debye):
      Origin of the operator (Ang)=    0.0000    0.0000    0.0000
                   X=  1.3715E-09               Y=  5.3076E-10               Z=  2.6434E-06           Total=  2.6434E-06
      Quadrupole Moment (Debye*Ang):
      Origin of the operator (Ang)=    0.0000    0.0000    3.6273
                  XX= -8.9661E+00              XY= -2.7382E-12              XZ= -1.0559E-05              YY= -8.9661E+00
                  YZ= -4.0977E-06              ZZ= -9.5795E+00
      In traceless form (Debye*Ang)
                  XX=  3.0666E-01              XY= -4.1072E-12              XZ= -1.5838E-05              YY=  3.0666E-01
                  YZ= -6.1466E-06              ZZ= -6.1332E-01
--
 

      LoProp population analysis for root number:  1
      -----------------------------------------------
 
 
++    LoProp analysis:
      ----------------
 
 
 
  Input file to MOLDEN was generated!
 
 
++    Static properties:
      ------------------
 
 
      LoProp Charges per center
 

                   H1       H2       H3       H4       H5       H6       H7       H8    
      Nuclear      1.0000   1.0000   1.0000   1.0000   1.0000   1.0000   1.0000   1.0000
      Electronic  -1.0231  -0.9879  -0.9956  -0.9935  -0.9935  -0.9956  -0.9879  -1.0231
 
      Total       -0.0231   0.0121   0.0044   0.0065   0.0065   0.0044   0.0121  -0.0231
--
 
 
      Natural Bond Order analysis for root number:  1
 
++    Natural Bond Order analysis
      ---------------------------
      Based on LoProp computed density
      -------------------------------------------------------------------------------------
      Atom A       Atom B       Bond Order | Atom A       Atom B       Bond Order
        H1           H2             0.945  |   H5           H6             0.911
        H3           H4             0.911  |   H7           H8             0.945
      -------------------------------------------------------------------------------------
      NBO located      7.424 electrons involved in    4 bonds.
      The remaining    0.576 electrons are to be considered as diffuse
--
 
--
 
 
  Input file to MOLDEN was generated!
 
      Average orbitals are written to the RASORB file
      Natural orbitals for root   1 are written to the RASORB.1 file
      Spin density orbitals for root   1 are written to the SPDORB.1 file
 
forrtl: warning (525): IEEE_DIVIDE_BY_ZERO is signaling
forrtl: warning (526): IEEE_INVALID is signaling
forrtl: warning (528): IEEE_UNDERFLOW is signaling
--- Stop Module: rasscf at Sun Oct 26 13:09:13 2025 /rc=_RC_ALL_IS_WELL_ ---
*** files: H8_1.04.LprOrb H8_1.04.rasscf.molden H8_1.04.LoProp.molden H8_1.04.RasOrb.1 H8_1.04.RasOrb H8_1.04.rasscf.h5 H8_1.04.SpdOrb.1 xmldump
    saved to directory /home/grierjones/DDCASPT2/hydrogen_comps/rerun/H8_chain/H8_1.04
--- Module rasscf spent 1 second ---

>>> COPY /tmp/H8_1.04/H8_1.04.rasscf.h5 /home/grierjones/DDCASPT2/hydrogen_comps/rerun/H8_chain/H8_1.04/

>>> COPY /tmp/H8_1.04/GMJ_Fock_MO.csv /home/grierjones/DDCASPT2/hydrogen_comps/rerun/H8_chain/H8_1.04/H8_1.04.GMJ_Fock_MO.csv

*** symbolic link created: INPORB -> H8_1.04.RasOrb
--- Start Module: motra at Sun Oct 26 13:09:13 2025 ---
 
()()()()()()()()()()()()()()()()()()()()()()()()()()()()()()()()()()()()()()()()()()()()()()()()()()

                                               &MOTRA

                                   only a single process is used
                       available to each process: 2.0 GB of memory, 1 thread?
()()()()()()()()()()()()()()()()()()()()()()()()()()()()()()()()()()()()()()()()()()()()()()()()()()
 
 
      *** WARNING: Default frozen orbitals is overwritten by user input.
      *** Default values:   0
 
      Header of the integral files:
      
       Integrals generated by seward 4.2.0  , Sun Oct 26 13:09:11 2025
 
 
      Header of MO coefficients source file:
      * RASSCF average (pseudo-natural) orbitals                                      
 
 
      Cartesian coordinates in Angstrom:
      -----------------------------------------------------
      No.  Label        X            Y            Z        
      -----------------------------------------------------
       1   H1         0.00000000   0.00000000   0.00000000
       2   H2         0.00000000   0.00000000   1.03636400
       3   H3         0.00000000   0.00000000   2.07272700
       4   H4         0.00000000   0.00000000   3.10909100
       5   H5         0.00000000   0.00000000   4.14545500
       6   H6         0.00000000   0.00000000   5.18181800
       7   H7         0.00000000   0.00000000   6.21818200
       8   H8         0.00000000   0.00000000   7.25454500
      -----------------------------------------------------
      Nuclear repulsion energy =    7.01723500
 
      Orbital specifications:
      -----------------------
 
      Symmetry species:              1
      Number of basis functions:    40
      Frozen orbitals:               0
      Deleted orbitals:              0
      Number of orbitals used:      40

       SYMMETRY  BASIS FUNCTIONS       ORBITALS      INTEGRALS   CPU(SEC)  I/O(SEC)
        1 1 1 1   40  40  40  40    40  40  40  40      336610       0.00      0.00

       TOTAL CPU TIME(SEC)    0.24TOTAL I/O TIME(SEC)    0.49
 
--- Stop Module: motra at Sun Oct 26 13:09:14 2025 /rc=_RC_ALL_IS_WELL_ ---
*** files: xmldump
    saved to directory /home/grierjones/DDCASPT2/hydrogen_comps/rerun/H8_chain/H8_1.04

>>> COPY /tmp/H8_1.04/GMJ_one_int_indx.csv /home/grierjones/DDCASPT2/hydrogen_comps/rerun/H8_chain/H8_1.04/H8_1.04.GMJ_one_int_indx.csv

>>> COPY /tmp/H8_1.04/GMJ_one_int.csv /home/grierjones/DDCASPT2/hydrogen_comps/rerun/H8_chain/H8_1.04/H8_1.04.GMJ_one_int.csv

>>> COPY /tmp/H8_1.04/GMJ_two_int_indx.csv /home/grierjones/DDCASPT2/hydrogen_comps/rerun/H8_chain/H8_1.04/H8_1.04.GMJ_two_int_indx.csv

>>> COPY /tmp/H8_1.04/GMJ_two_int.csv /home/grierjones/DDCASPT2/hydrogen_comps/rerun/H8_chain/H8_1.04/H8_1.04.GMJ_two_int.csv

*** symbolic link created: INPORB -> H8_1.04.RasOrb
--- Start Module: caspt2 at Sun Oct 26 13:09:14 2025 ---
 
()()()()()()()()()()()()()()()()()()()()()()()()()()()()()()()()()()()()()()()()()()()()()()()()()()

                                              &CASPT2

                                   only a single process is used
                       available to each process: 2.0 GB of memory, 1 thread?
()()()()()()()()()()()()()()()()()()()()()()()()()()()()()()()()()()()()()()()()()()()()()()()()()()
 
 Cholesky algorithm in CASPT2 =    1
 
 ###############################################################################
 ###############################################################################
 ###                                                                         ###
 ###                                                                         ###
 ###    User changed nr of frozen orbitals.                                  ###
 ###                                                                         ###
 ###                                                                         ###
 ###############################################################################
 ###############################################################################
 
++    Wave function specifications:
      -----------------------------
 
      Number of closed shell electrons           0
      Number of electrons in active shells       8
      Max number of holes in RAS1 space          0
      Max number of electrons in RAS3 space      0
      Number of inactive orbitals                0
      Number of active orbitals                  8
      Number of secondary orbitals              32
      Spin quantum number                      0.0
      State symmetry                             1
      Number of CSFs                          1764
      Number of root(s) available                1
      Root passed to geometry opt.               1
      A file JOBMIX will be created.
      This is a CASSCF or RASSCF reference function
--
 
++    Orbital specifications:
      -----------------------
 
      Symmetry species                           1
                                                 a
      Frozen orbitals                            0
      Inactive orbitals                          0
      Active orbitals                            8
      Secondary orbitals                        32
      Deleted orbitals                           0
      Number of basis functions                 40
--
 
      Type of Fock operator: STANDARD
      Type of 0-order Hamiltonian: STANDARD WITH DEFAULT IPEA
        "IP-EA" denominator shift =      0.25
      The input orbitals and the CI vector will be transformed.
 
--------------------------------------------------------------------------------
 Estimated memory requirements:
  POLY3 :                   450746
  RHS:                      417296
  SIGMA :                   326032
  PRPCTL:                        0
 Available workspace:    230388092
 
++ CASPT2 computation for group   1
 
********************************************************************************
 Multi-State initialization phase begins for group   1
--------------------------------------------------------------------------------
********************************************************************************
 Compute H0 matrices for state    1
--------------------------------------------------------------------------------
--------------------------------------------------------------------------------
 H0 matrices have been computed.
 
********************************************************************************
  CASPT2 EQUATION SOLUTION
--------------------------------------------------------------------------------
 
  Total nr of CASPT2 parameters:
   Before reduction:       49280
   After  reduction:       49024
 
 The contributions to the second order correlation energy in atomic units.
-----------------------------------------------------------------------------------------------------------------------------
  IT.      VJTU        VJTI        ATVX        AIVX        VJAI        BVAT        BJAT        BJAI        TOTAL       RNORM  
-----------------------------------------------------------------------------------------------------------------------------
   1     0.000000    0.000000   -0.016173    0.000000    0.000000   -0.043044    0.000000    0.000000   -0.059216    0.003322
   2     0.000000    0.000000   -0.016363    0.000000    0.000000   -0.043093    0.000000    0.000000   -0.059456    0.000367
   3     0.000000    0.000000   -0.016366    0.000000    0.000000   -0.043094    0.000000    0.000000   -0.059460    0.000056
   4     0.000000    0.000000   -0.016364    0.000000    0.000000   -0.043094    0.000000    0.000000   -0.059458    0.000006
-------------------------------------------------------------------------------------------------------------------
 
  FINAL CASPT2 RESULT:
 
  Correlation energy /Case, /Symm, and sums:
 VJTU      0.00000000  0.00000000
 VJTIP     0.00000000  0.00000000
 VJTIM     0.00000000  0.00000000
 ATVX     -0.01636347 -0.01636347
 AIVX      0.00000000  0.00000000
 VJAIP     0.00000000  0.00000000
 VJAIM     0.00000000  0.00000000
 BVATP    -0.04023768 -0.04023768
 BVATM    -0.00285671 -0.00285671
 BJATP     0.00000000  0.00000000
 BJATM     0.00000000  0.00000000
 BJAIP     0.00000000  0.00000000
 BJAIM     0.00000000  0.00000000
 Summed:  -0.05945787 -0.05945787
 
      Reference energy:          -4.4146563929
      E2 (Non-variational):      -0.0594578657
      E2 (Variational):          -0.0594578856
      Total energy:              -4.4741142784
      Residual norm:              0.0000008061
      Reference weight:           0.97770
 
      Contributions to the CASPT2 correlation energy
      Active & Virtual Only:         -0.0594578657
      One Inactive Excited:           0.0000000000
      Two Inactive Excited:           0.0000000000
 
 
++ Denominators, etc.
----------------------------------------------------------------------------------------------------
 Report on small energy denominators, large coefficients, and large energy contributions.
CASE  SYMM ACTIVE-MIX  NON-ACTIVE INDICES          DENOMINATOR     RHS VALUE       COEFFICIENT     CONTRIBUTION
--
 
   (Skipping property calculation,
    use PROP keyword to activate)
--
 
  Total CASPT2 energies:
::    CASPT2 Root  1     Total energy:     -4.47411428
 
  A NEW JOBIPH FILE NAMED 'JOBMIX' IS PREPARED.
********************************************************************************
forrtl: warning (528): IEEE_UNDERFLOW is signaling
--- Stop Module: caspt2 at Sun Oct 26 13:09:15 2025 /rc=_RC_ALL_IS_WELL_ ---
*** files: xmldump
    saved to directory /home/grierjones/DDCASPT2/hydrogen_comps/rerun/H8_chain/H8_1.04

>>> EXPORT i = B

>>> EXPORT j = P

>>> IF (-FILE GMJ_e2_${i}_${j}_1_.csv)
(Skipped)

>>> END FOREACH

>>> EXPORT j = M

>>> IF (-FILE GMJ_e2_${i}_${j}_1_.csv)
(Skipped)

>>> END FOREACH

>>> END FOREACH

>>> EXPORT i = E

>>> EXPORT j = P

>>> IF (-FILE GMJ_e2_${i}_${j}_1_.csv)
(Skipped)

>>> END FOREACH

>>> EXPORT j = M

>>> IF (-FILE GMJ_e2_${i}_${j}_1_.csv)
(Skipped)

>>> END FOREACH

>>> END FOREACH

>>> EXPORT i = F

>>> EXPORT j = P

>>> IF (-FILE GMJ_e2_${i}_${j}_1_.csv)

>>> COPY /tmp/H8_1.04/GMJ_RHS_F_P_1_.csv /home/grierjones/DDCASPT2/hydrogen_comps/rerun/H8_chain/H8_1.04/GMJ_RHS_F_P_1_.csv

>>> COPY /tmp/H8_1.04/GMJ_IVECW_F_P_1_.csv /home/grierjones/DDCASPT2/hydrogen_comps/rerun/H8_chain/H8_1.04/GMJ_IVECW_F_P_1_.csv

>>> COPY /tmp/H8_1.04/GMJ_IVECX_F_P_1_.csv /home/grierjones/DDCASPT2/hydrogen_comps/rerun/H8_chain/H8_1.04/GMJ_IVECX_F_P_1_.csv

>>> COPY /tmp/H8_1.04/GMJ_IVECC2_F_P_1_.csv /home/grierjones/DDCASPT2/hydrogen_comps/rerun/H8_chain/H8_1.04/GMJ_IVECC2_F_P_1_.csv

>>> COPY /tmp/H8_1.04/GMJ_e2_F_P_1_.csv /home/grierjones/DDCASPT2/hydrogen_comps/rerun/H8_chain/H8_1.04/GMJ_e2_F_P_1_.csv

>>> END FOREACH

>>> EXPORT j = M

>>> IF (-FILE GMJ_e2_${i}_${j}_1_.csv)

>>> COPY /tmp/H8_1.04/GMJ_RHS_F_M_1_.csv /home/grierjones/DDCASPT2/hydrogen_comps/rerun/H8_chain/H8_1.04/GMJ_RHS_F_M_1_.csv

>>> COPY /tmp/H8_1.04/GMJ_IVECW_F_M_1_.csv /home/grierjones/DDCASPT2/hydrogen_comps/rerun/H8_chain/H8_1.04/GMJ_IVECW_F_M_1_.csv

>>> COPY /tmp/H8_1.04/GMJ_IVECX_F_M_1_.csv /home/grierjones/DDCASPT2/hydrogen_comps/rerun/H8_chain/H8_1.04/GMJ_IVECX_F_M_1_.csv

>>> COPY /tmp/H8_1.04/GMJ_IVECC2_F_M_1_.csv /home/grierjones/DDCASPT2/hydrogen_comps/rerun/H8_chain/H8_1.04/GMJ_IVECC2_F_M_1_.csv

>>> COPY /tmp/H8_1.04/GMJ_e2_F_M_1_.csv /home/grierjones/DDCASPT2/hydrogen_comps/rerun/H8_chain/H8_1.04/GMJ_e2_F_M_1_.csv

>>> END FOREACH

>>> END FOREACH

>>> EXPORT i = G

>>> EXPORT j = P

>>> IF (-FILE GMJ_e2_${i}_${j}_1_.csv)
(Skipped)

>>> END FOREACH

>>> EXPORT j = M

>>> IF (-FILE GMJ_e2_${i}_${j}_1_.csv)
(Skipped)

>>> END FOREACH

>>> END FOREACH

>>> EXPORT i = H

>>> EXPORT j = P

>>> IF (-FILE GMJ_e2_${i}_${j}_1_.csv)
(Skipped)

>>> END FOREACH

>>> EXPORT j = M

>>> IF (-FILE GMJ_e2_${i}_${j}_1_.csv)
(Skipped)

>>> END FOREACH

>>> END FOREACH

>>> EXPORT i = A

>>> IF (-FILE GMJ_e2_${i}_1_.csv)
(Skipped)

>>> END FOREACH

>>> EXPORT i = C

>>> IF (-FILE GMJ_e2_${i}_1_.csv)

>>> COPY /tmp/H8_1.04/GMJ_RHS_C_1_.csv /home/grierjones/DDCASPT2/hydrogen_comps/rerun/H8_chain/H8_1.04/GMJ_RHS_C_1_.csv

>>> COPY /tmp/H8_1.04/GMJ_IVECW_C_1_.csv /home/grierjones/DDCASPT2/hydrogen_comps/rerun/H8_chain/H8_1.04/GMJ_IVECW_C_1_.csv

>>> COPY /tmp/H8_1.04/GMJ_IVECX_C_1_.csv /home/grierjones/DDCASPT2/hydrogen_comps/rerun/H8_chain/H8_1.04/GMJ_IVECX_C_1_.csv

>>> COPY /tmp/H8_1.04/GMJ_IVECC2_C_1_.csv /home/grierjones/DDCASPT2/hydrogen_comps/rerun/H8_chain/H8_1.04/GMJ_IVECC2_C_1_.csv

>>> COPY /tmp/H8_1.04/GMJ_e2_C_1_.csv /home/grierjones/DDCASPT2/hydrogen_comps/rerun/H8_chain/H8_1.04/GMJ_e2_C_1_.csv

>>> END FOREACH

>>> EXPORT i = D

>>> IF (-FILE GMJ_e2_${i}_1_.csv)
(Skipped)

>>> END FOREACH

.########################.
.# Non-zero return code #.
.########################.

    Timing: Wall=4.62 User=3.56 System=1.05
***************************************
*** WorkDir at /tmp/H8_1.04 cleaned ***
***************************************
