   This run of MOLCAS is using the pymolcas driver

                             OPE
                             OPE          NMOL  CASOP  ENMOLC A   SO
                 OPE        NMOLC        AS  OP EN  MO LC     AS  OP
                OPENM       OL CA        SO  PE NM  OL CA     SOP EN
                OP EN      MO   LC       AS  OP ENMOL  CASO   PENMOL
                OP  EN     MO   LC       AS  OP EN     MO     LC ASO
               OP   E  NMOL  C  AS       OP  EN MO     LC     AS  OP
               OP  E   NMO   LC AS        OPEN  MO     LCASOP EN   M
               O  PEN   MO  LCA  SO
            OPE   NMO   L   CAS    OP
        OPENMOL  CASOP     ENMOL   CASOPE
     OPENMOLCA   SOPENMOLCASOPEN   MOLCASOPE
    OPENMOLCAS   OP           EN   MOL    CAS
    OPENMOLCAS       OP  ENM        O     LCA
    OPENMOLCAS    OPEN  MOLCASO     P  E  NMO
    OPENMOLCAS     OP               E  N  MOL
    OPENMOLCA   SO           PENM   O  L  CAS    OPEN    MO    LCAS
    OPENMOLCA   SOP           ENM   O  L  CAS   OP  EN  MOLC  AS   O
    OPENMOLCA   SOPE           NM      O  LCA   S      OP  EN MO
    OPENMOLC                AS         O  PEN   M      OL  CA  SOPE
    OPENMO        LCASOPE  NMOL        C  ASO   P      ENMOLC     AS
    OPE     NMO      LCA  SO     P     E   NM   OL  CA SO  PE N   MO
          OPENMOLCA            SOPE   NMO        LCAS  O    P  ENMO
     OPENMOLCASOPENMOLCASOPENMOLCASOPENMOLCA
        OPENMOLCASOPENMOLCASOPENMOLCASOPE
            OPENMOLCASOPENMOLCASOPENM
               OPENMOLCASOPENMOLCA        version: f37762c57
                   OPENMOLCASO
                       OPE                tag:

 OpenMolcas is free software; you can redistribute it and/or modify it
 under the terms of the GNU Lesser General Public License version 2.1.
 OpenMolcas is distributed in the hope that it will be useful, but it
 is provided "as is" and without any express or implied warranties.
 For more details see the full text of the license in the file
 LICENSE or in <http://www.gnu.org/licenses/>.

                 Copyright (C) The OpenMolcas Authors
           For the author list and the recommended citation,
                   consult the file CONTRIBUTORS.md

           *************************************************
           * pymolcas version py2.28                       *
           *   build c4a6d18ded8cb6cad61d2372a9abd97c      *
           *   (after the EMIL interpreter by V. Veryazov) *
           *************************************************

configuration info
------------------
C Compiler ID: Intel
C flags: -std=gnu99 -gcc-sys
Fortran Compiler ID: IntelLLVM
Fortran flags: -standard-semantics -fltconsistency -fpp -i8 -heap-arrays
Definitions: _MOLCAS_;_I8_;_LINUX_
Parallel: OFF (GA=OFF)


   --------------------------------------------------------------------------------------
  |
  |              Project: H6_1.45
  |       Submitted from: ${LOCALHOME}/DDCASPT2/hydrogen_comps/rerun/H6_chain/H6_1.45
  |         Scratch area: /tmp/H6_1.45
  |      Save outputs to: ${LOCALHOME}/DDCASPT2/hydrogen_comps/rerun/H6_chain/H6_1.45
  |               Molcas: ${LOCALHOME}/Test/build
  |
  | Scratch area is empty
  |
  |       MOLCAS_DRIVER = /usr/local/pymolcas
  | MOLCAS_KEEP_WORKDIR = NO
  |  MOLCAS_NEW_WORKDIR = YES
  |       MOLCAS_NPROCS = 1
  |        MOLCAS_PRINT = NORMAL
  |       MOLCAS_SOURCE = ${LOCALHOME}/Test
  |    MOLCAS_STRUCTURE = 0
  |
   --------------------------------------------------------------------------------------

++ ---------   Input file   ---------

&GATEWAY
coord=H6_1.45.xyz
Basis = ANO-RCC-VDZP
Group = nosymm
End of Input

&SEWARD
End of Input

&SCF

>>> COPY $WorkDir/H6_1.45.scf.h5 $CurrDir/

&RASSCF
Title= RASSCF
FileOrb
${LOCALHOME}/DDCASPT2/hydrogen_comps/rerun/H6_chain/H6_0.60/H6_0.60.RasOrb
NACTEL
6 0 0
Inactive
0
RAS2
6
Symmetry
1
Spin
1
orblisting
all

>>> COPY $WorkDir/H6_1.45.rasscf.h5 $CurrDir/

>>> COPY $WorkDir/DDCASPT2_Fock_MO.csv $CurrDir/H6_1.45.DDCASPT2_Fock_MO.csv

&MOTRA
Frozen=0
LUMORB

>>> COPY $WorkDir/DDCASPT2_one_int_indx.csv $CurrDir/H6_1.45.DDCASPT2_one_int_indx.csv

>>> COPY $WorkDir/DDCASPT2_one_int.csv $CurrDir/H6_1.45.DDCASPT2_one_int.csv

>>> COPY $WorkDir/DDCASPT2_two_int_indx.csv $CurrDir/H6_1.45.DDCASPT2_two_int_indx.csv

>>> COPY $WorkDir/DDCASPT2_two_int.csv $CurrDir/H6_1.45.DDCASPT2_two_int.csv

&CASPT2
Frozen
0

MAXITER
50

>>> FOREACH i IN (B,E,F,G,H)

  >>> FOREACH j IN (P,M)

    >>> IF (-FILE DDCASPT2_e2_${i}_${j}_1_.csv)

      >>> COPY $WorkDir/DDCASPT2_RHS_${i}_${j}_1_.csv $CurrDir/DDCASPT2_RHS_${i}_${j}_1_.csv

      >>> COPY $WorkDir/DDCASPT2_IVECW_${i}_${j}_1_.csv $CurrDir/DDCASPT2_IVECW_${i}_${j}_1_.csv

      >>> COPY $WorkDir/DDCASPT2_IVECX_${i}_${j}_1_.csv $CurrDir/DDCASPT2_IVECX_${i}_${j}_1_.csv

      >>> COPY $WorkDir/DDCASPT2_IVECC2_${i}_${j}_1_.csv $CurrDir/DDCASPT2_IVECC2_${i}_${j}_1_.csv

      >>> COPY $WorkDir/DDCASPT2_e2_${i}_${j}_1_.csv $CurrDir/DDCASPT2_e2_${i}_${j}_1_.csv

    >>> END IF

  >>> END FOREACH

>>> END FOREACH

>>> FOREACH i IN (A,C,D)

  >>> IF (-FILE DDCASPT2_e2_${i}_1_.csv)

    >>> COPY $WorkDir/DDCASPT2_RHS_${i}_1_.csv $CurrDir/DDCASPT2_RHS_${i}_1_.csv

    >>> COPY $WorkDir/DDCASPT2_IVECW_${i}_1_.csv $CurrDir/DDCASPT2_IVECW_${i}_1_.csv

    >>> COPY $WorkDir/DDCASPT2_IVECX_${i}_1_.csv $CurrDir/DDCASPT2_IVECX_${i}_1_.csv

    >>> COPY $WorkDir/DDCASPT2_IVECC2_${i}_1_.csv $CurrDir/DDCASPT2_IVECC2_${i}_1_.csv

    >>> COPY $WorkDir/DDCASPT2_e2_${i}_1_.csv $CurrDir/DDCASPT2_e2_${i}_1_.csv

  >>> END IF

>>> END FOREACH

-- ----------------------------------

--- Start Module: gateway at Sun Oct 26 13:03:21 2025 ---
 
()()()()()()()()()()()()()()()()()()()()()()()()()()()()()()()()()()()()()()()()()()()()()()()()()()

                                              &GATEWAY

                                   only a single process is used
                       available to each process: 2.0 GB of memory, 1 thread?
()()()()()()()()()()()()()()()()()()()()()()()()()()()()()()()()()()()()()()()()()()()()()()()()()()
 
 
++    Symmetry information:
      ---------------------
 
                    Character Table for C1 
 
                             E  
                    a        1  x, y, xy, Rz, z, xz, Ry, yz, Rx, I
--
 
 
++    Basis set information:
      ----------------------
 
 
      Basis set label: H.ANO-RCC...2S1P.
 
      Electronic valence basis set:
      ------------------
      Associated Effective Charge   1.000000 au
      Associated Actual Charge      1.000000 au
      Nuclear Model: Point charge
 
      Shell  nPrim  nBasis  Cartesian Spherical Contaminant
         s       8       2        X                  
         p       4       1        X                  
--
 
 
++    Molecular structure info:
      -------------------------
 
                    ************************************************ 
                    **** Cartesian Coordinates / Bohr, Angstrom **** 
                    ************************************************ 
 
     Center  Label                x              y              z                     x              y              z
        1      H1               0.000000       0.000000       0.000000              0.000000       0.000000       0.000000
        2      H2               0.000000       0.000000       2.737240              0.000000       0.000000       1.448485
        3      H3               0.000000       0.000000       5.474480              0.000000       0.000000       2.896970
        4      H4               0.000000       0.000000       8.211720              0.000000       0.000000       4.345455
        5      H5               0.000000       0.000000      10.948958              0.000000       0.000000       5.793939
        6      H6               0.000000       0.000000      13.686198              0.000000       0.000000       7.242424
 
                    *************************************** 
                    *    InterNuclear Distances / Bohr    * 
                    *************************************** 
 
               1 H1            2 H2            3 H3            4 H4            5 H5            6 H6    
    1 H1       0.000000
    2 H2       2.737240        0.000000
    3 H3       5.474480        2.737240        0.000000
    4 H4       8.211720        5.474480        2.737240        0.000000
    5 H5      10.948958        8.211718        5.474478        2.737238        0.000000
    6 H6      13.686198       10.948958        8.211718        5.474478        2.737240        0.000000
 
                    ******************************************* 
                    *    InterNuclear Distances / Angstrom    * 
                    ******************************************* 
 
               1 H1            2 H2            3 H3            4 H4            5 H5            6 H6    
    1 H1       0.000000
    2 H2       1.448485        0.000000
    3 H3       2.896970        1.448485        0.000000
    4 H4       4.345455        2.896970        1.448485        0.000000
    5 H5       5.793939        4.345454        2.896969        1.448484        0.000000
    6 H6       7.242424        5.793939        4.345454        2.896969        1.448485        0.000000
 
                    ************************************** 
                    *    Valence Bond Angles / Degree    * 
                    ************************************** 
                          Atom centers                 Phi
                      1 H1       2 H2       3 H3       180.00
                      2 H2       3 H3       4 H4       180.00
                      3 H3       4 H4       5 H5       180.00
                      4 H4       5 H5       6 H6       180.00
--
 
 
            Nuclear Potential Energy              3.17838460 au
 
--- Stop Module: gateway at Sun Oct 26 13:03:22 2025 /rc=_RC_ALL_IS_WELL_ ---
*** files: xmldump
    saved to directory ${LOCALHOME}/DDCASPT2/hydrogen_comps/rerun/H6_chain/H6_1.45

--- Start Module: seward at Sun Oct 26 13:03:22 2025 ---
 
()()()()()()()()()()()()()()()()()()()()()()()()()()()()()()()()()()()()()()()()()()()()()()()()()()

                                              &SEWARD

                                   only a single process is used
                       available to each process: 2.0 GB of memory, 1 thread?
()()()()()()()()()()()()()()()()()()()()()()()()()()()()()()()()()()()()()()()()()()()()()()()()()()
 
               SEWARD will generate:
                  Multipole Moment integrals up to order  2
                  Kinetic Energy integrals
                  Nuclear Attraction integrals (point charge)
                  One-Electron Hamiltonian integrals
                  Velocity integrals
                  Relativistic Douglas-Kroll-Hess integrals:
                    - Parametrization         : EXP
                    - DKH order of Hamiltonian: 2
                    - DKH order of Properties : 0
                         - multipole moment operators
                         - electric potential operators
                         - contact operators
                  Atomic mean-field integrals
                  Two-Electron Repulsion integrals
 
                   Integrals are discarded if absolute value <: 0.10E-13
                   Integral cutoff threshold is set to       <: 0.10E-15
 
            Nuclear Potential Energy              3.17838460 au
 
 
      Basis set specifications :
      Symmetry species         a  
      Basis functions           30
 
 
  Input file to MOLDEN was generated!
 
forrtl: warning (525): IEEE_DIVIDE_BY_ZERO is signaling
forrtl: warning (526): IEEE_INVALID is signaling
forrtl: warning (528): IEEE_UNDERFLOW is signaling
--- Stop Module: seward at Sun Oct 26 13:03:22 2025 /rc=_RC_ALL_IS_WELL_ ---
*** files: H6_1.45.GssOrb H6_1.45.guessorb.h5 H6_1.45.guessorb.molden xmldump
    saved to directory ${LOCALHOME}/DDCASPT2/hydrogen_comps/rerun/H6_chain/H6_1.45

*** symbolic link created: INPORB -> H6_1.45.GssOrb
--- Start Module: scf at Sun Oct 26 13:03:22 2025 ---
 
()()()()()()()()()()()()()()()()()()()()()()()()()()()()()()()()()()()()()()()()()()()()()()()()()()

                                                &SCF

                                   only a single process is used
                       available to each process: 2.0 GB of memory, 1 thread?
()()()()()()()()()()()()()()()()()()()()()()()()()()()()()()()()()()()()()()()()()()()()()()()()()()
 
++    Input section:
      --------------
 
      Header of the integral files:
      
       Integrals generated by seward 4.2.0  , Sun Oct 26 13:03:22 2025
 
 
      Cartesian coordinates in Angstrom:
      -----------------------------------------------------
      No.  Label        X            Y            Z        
      -----------------------------------------------------
       1   H1         0.00000000   0.00000000   0.00000000
       2   H2         0.00000000   0.00000000   1.44848500
       3   H3         0.00000000   0.00000000   2.89697000
       4   H4         0.00000000   0.00000000   4.34545500
       5   H5         0.00000000   0.00000000   5.79393900
       6   H6         0.00000000   0.00000000   7.24242400
      -----------------------------------------------------
      Nuclear repulsion energy =    3.17838460
--
 
++    Orbital specifications:
      -----------------------
 
      Symmetry species               1
                                     a
      Frozen orbitals                0
      Occupied orbitals              3
      Secondary orbitals            27
      Deleted orbitals               0
      Total number of orbitals      30
      Number of basis functions     30
--
 
      Molecular charge                           0.000
 
++    Optimization specifications:
      ----------------------------
 
      SCF Algorithm: Conventional
      Minimized density differences are used
      Number of density matrices in core                5
      Maximum number of NDDO SCF iterations           400
      Maximum number of HF SCF iterations             400
      Threshold for SCF energy change            0.10E-08
      Threshold for density matrix               0.10E-03
      Threshold for Fock matrix                  0.15E-03
      Threshold for linear dependence            0.10E-08
      Threshold at which DIIS is turned on       0.15E+00
      Threshold at which QNR/C2DIIS is turned on 0.75E-01
      Threshold for Norm(delta) (QNR/C2DIIS)     0.20E-04
      DIIS extrapolation of the SCF procedure
      All orbitals punched on: SCFORB
--
 
      Input vectors read from INPORB
      Orbital file label: *Guess orbitals
 
 
++ Convergence information
                                   SCF        iterations: Energy and convergence statistics
 
Iter     Tot. SCF        One-elec.       Two-elec.     Energy      Max Dij or  Max Fij      DNorm      TNorm      AccCon     Time
         Energy          Energy          Energy        Change      Delta Norm                                                in Sec.
   1    -2.964580336    -9.636831980     3.493867041   0.00E+00    0.24E+00*   0.96E-01*    0.32E+01   0.84E+01   None         0.
   2    -3.030585389    -9.664539197     3.455569204  -0.66E-01*   0.68E-01*   0.14E-01*    0.11E+01   0.83E+01   EDIIS        0.
   3    -3.033634150    -9.633198023     3.421179269  -0.30E-02*   0.27E-01*   0.72E-02*    0.17E+00   0.83E+01   c2DIIS       0.
   4    -3.034061879    -9.633400239     3.420953757  -0.43E-03*   0.53E-02*   0.18E-02*    0.73E-01   0.83E+01   QNRc2DIIS    0.
   5    -3.034100176    -9.631870640     3.419385861  -0.38E-04*   0.45E-02*   0.78E-03*    0.51E-02   0.83E+01   QNRc2DIIS    0.
   6    -3.034110467    -9.632002979     3.419507909  -0.10E-04*   0.51E-04*   0.27E-04     0.77E-03   0.83E+01   QNRc2DIIS    0.
   7    -3.034110472    -9.631960803     3.419465728  -0.52E-08*   0.87E-05    0.46E-05     0.93E-04   0.83E+01   QNRc2DIIS    0.
   8    -3.034110472    -9.631956310     3.419461235  -0.13E-09    0.44E-06    0.16E-06     0.10E-04   0.83E+01   QNRc2DIIS    0.
 
       Convergence after  8 Macro Iterations
--
 
 *****************************************************************************************************************************
 *                                                                                                                           *
 *                                             SCF/KS-DFT Program, Final results                                             *
 *                                                                                                                           *
 *                                                                                                                           *
 *                                                                                                                           *
 *                                                       Final Results                                                       *
 *                                                                                                                           *
 *****************************************************************************************************************************
 
::    Total SCF energy                                 -3.0341104718
      One-electron energy                              -9.6319563101
      Two-electron energy                               3.4194612348
      Nuclear repulsion energy                          3.1783846034
      Kinetic energy (interpolated)                     2.3494588758
      Virial theorem                                    1.2914082060
      Total spin, S(S+1)                                0.0000000000
      Total spin, S                                     0.0000000000
      Max non-diagonal density matrix element           0.0000004857
      Max non-diagonal Fock matrix element              0.0000000351
 
 
      All orbitals with orbital energies smaller than  E(LUMO)+0.5 are printed
 
++    Molecular orbitals:
      -------------------
 
      Title: SCF orbitals

      Molecular orbitals for symmetry species 1: a  
 
          Orbital            1         2         3         4         5         6         7         8    
          Energy           -0.5421   -0.4767   -0.3777   -0.0578    0.0809    0.2315    0.2732    0.3575
          Occ. No.          2.0000    2.0000    2.0000    0.0000    0.0000    0.0000    0.0000    0.0000
 
        1 H1     1s         0.1923   -0.3516    0.4050   -0.6211    0.7578   -0.4872   -0.2437    0.3927
        2 H1     2s         0.0066   -0.0192    0.0532   -0.2591    0.4537   -0.5223    0.2052   -0.3452
        3 H1     2px       -0.0000    0.0000    0.0000   -0.0000    0.0000   -0.0000   -0.0000    0.0000
        4 H1     2py       -0.0000    0.0000   -0.0000   -0.0000    0.0000   -0.0000    0.0000    0.0000
        5 H1     2pz        0.0150   -0.0197    0.0130    0.0060   -0.0301    0.0577   -0.0358    0.0142
        6 H2     1s         0.2924   -0.4410    0.3299    0.3434   -0.9756    1.0101   -0.0141   -0.4167
        7 H2     2s         0.0018   -0.0589    0.1043    0.1311   -0.4711    0.4781    0.3070   -0.5308
        8 H2     2px       -0.0000    0.0000    0.0000   -0.0000    0.0000   -0.0000    0.0000   -0.0000
        9 H2     2py        0.0000   -0.0000    0.0000    0.0000    0.0000   -0.0000    0.0000   -0.0000
       10 H2     2pz        0.0036    0.0114   -0.0265    0.0282   -0.0024   -0.0597    0.0040   -0.0464
       11 H3     1s         0.3934   -0.0994   -0.4590    0.5757    0.3801   -1.2171   -0.2267    0.6130
       12 H3     2s         0.0137    0.0201   -0.1137    0.2221    0.1903   -0.6578    0.2608    0.1625
       13 H3     2px       -0.0000    0.0000   -0.0000    0.0000    0.0000   -0.0000    0.0000    0.0000
       14 H3     2py        0.0000   -0.0000   -0.0000    0.0000   -0.0000   -0.0000    0.0000   -0.0000
       15 H3     2pz        0.0070    0.0177   -0.0189   -0.0240    0.0330    0.0080   -0.0200   -0.0624
       16 H4     1s         0.3934    0.0994   -0.4590   -0.5757    0.3801    1.2171   -0.2267   -0.6130
       17 H4     2s         0.0137   -0.0201   -0.1137   -0.2221    0.1903    0.6578    0.2608   -0.1625
       18 H4     2px        0.0000   -0.0000   -0.0000    0.0000    0.0000   -0.0000    0.0000    0.0000
       19 H4     2py        0.0000   -0.0000   -0.0000    0.0000    0.0000    0.0000   -0.0000   -0.0000
       20 H4     2pz       -0.0070    0.0177    0.0189   -0.0240   -0.0330    0.0080    0.0200   -0.0624
       21 H5     1s         0.2924    0.4410    0.3299   -0.3434   -0.9756   -1.0101   -0.0141    0.4167
       22 H5     2s         0.0018    0.0589    0.1043   -0.1311   -0.4711   -0.4781    0.3070    0.5308
       23 H5     2px        0.0000   -0.0000   -0.0000   -0.0000   -0.0000   -0.0000   -0.0000    0.0000
       24 H5     2py        0.0000    0.0000   -0.0000   -0.0000   -0.0000    0.0000   -0.0000   -0.0000
       25 H5     2pz       -0.0036    0.0114    0.0265    0.0282    0.0024   -0.0597   -0.0040   -0.0464
       26 H6     1s         0.1923    0.3516    0.4050    0.6211    0.7578    0.4872   -0.2437   -0.3927
       27 H6     2s         0.0066    0.0192    0.0532    0.2591    0.4537    0.5223    0.2052    0.3452
       28 H6     2px       -0.0000   -0.0000    0.0000   -0.0000    0.0000    0.0000    0.0000    0.0000
       29 H6     2py       -0.0000   -0.0000   -0.0000    0.0000    0.0000   -0.0000    0.0000   -0.0000
       30 H6     2pz       -0.0150   -0.0197   -0.0130    0.0060    0.0301    0.0577    0.0358    0.0142
--
 
 
++    Molecular charges:
      ------------------
 
      Mulliken charges per centre and basis function type
      ---------------------------------------------------
 
                H1      H2      H3      H4      H5      H6    
      1s       0.9137  1.0255  0.9894  0.9894  1.0255  0.9137
      2s       0.0144  0.0106 -0.0173 -0.0173  0.0106  0.0144
      2px      0.0000  0.0000  0.0000  0.0000  0.0000  0.0000
      2pz      0.0153  0.0249  0.0234  0.0234  0.0249  0.0153
      2py      0.0000 -0.0000  0.0000  0.0000  0.0000  0.0000
      Total    0.9434  1.0611  0.9955  0.9955  1.0611  0.9434
 
      N-E      0.0566 -0.0611  0.0045  0.0045 -0.0611  0.0566
 
      Total electronic charge=    6.000000
 
      Total            charge=   -0.000000
--
 
 
  Input file to MOLDEN was generated!
 
 
++    Static properties:
      ------------------
 
 
      LoProp Charges per center
 

                   H1       H2       H3       H4       H5       H6    
      Nuclear      1.0000   1.0000   1.0000   1.0000   1.0000   1.0000
      Electronic  -0.9841  -1.0145  -1.0014  -1.0014  -1.0145  -0.9841
 
      Total        0.0159  -0.0145  -0.0014  -0.0014  -0.0145   0.0159
--
 
 
++    Natural Bond Order analysis
      ---------------------------
      Based on LoProp computed density
      -------------------------------------------------------------------------------------
      Atom A       Atom B       Bond Order
      -------------------------------------------------------------------------------------
      NBO located      0.949 non-bonded electrons on atom H1        
      NBO located      1.017 non-bonded electrons on atom H3        
      NBO located      1.017 non-bonded electrons on atom H4        
      NBO located      0.949 non-bonded electrons on atom H6        
      The remaining    2.067 electrons are to be considered as diffuse
--
 
 
++    Molecular properties:
      ---------------------
 
      Charge (e):
                      =   -0.0000
      Dipole Moment (Debye):
      Origin of the operator (Ang)=    0.0000    0.0000    0.0000
                   X=  6.8538E-15               Y=  1.1178E-13               Z=  2.3544E-07           Total=  2.3544E-07
      Quadrupole Moment (Debye*Ang):
      Origin of the operator (Ang)=    0.0000    0.0000    3.6212
                  XX= -9.5470E+00              XY= -4.0426E-29              XZ= -3.2952E-15              YY= -9.5470E+00
                  YZ= -4.1774E-13              ZZ= -3.7136E+00
      In traceless form (Debye*Ang)
                  XX= -2.9167E+00              XY= -6.0639E-29              XZ= -4.9429E-15              YY= -2.9167E+00
                  YZ= -6.2662E-13              ZZ=  5.8334E+00
--
 
 
  Input file to MOLDEN was generated!
 
 ###############################################################################
 ###############################################################################
 ###                                                                         ###
 ###                                                                         ###
 ###    RunFile label nBas                                                   ###
 ###    was used       78 times                                              ###
 ###                                                                         ###
 ###                                                                         ###
 ###############################################################################
 ###############################################################################
forrtl: warning (528): IEEE_UNDERFLOW is signaling
--- Stop Module: scf at Sun Oct 26 13:03:22 2025 /rc=_RC_ALL_IS_WELL_ ---
*** files: H6_1.45.LprOrb H6_1.45.LoProp.molden H6_1.45.scf.molden H6_1.45.ScfOrb H6_1.45.scf.h5 xmldump
    saved to directory ${LOCALHOME}/DDCASPT2/hydrogen_comps/rerun/H6_chain/H6_1.45

>>> COPY /tmp/H6_1.45/H6_1.45.scf.h5 ${LOCALHOME}/DDCASPT2/hydrogen_comps/rerun/H6_chain/H6_1.45/

*** symbolic link created: INPORB -> H6_1.45.ScfOrb
--- Start Module: rasscf at Sun Oct 26 13:03:22 2025 ---
 
()()()()()()()()()()()()()()()()()()()()()()()()()()()()()()()()()()()()()()()()()()()()()()()()()()

                                              &RASSCF

                                   only a single process is used
                       available to each process: 2.0 GB of memory, 1 thread?
()()()()()()()()()()()()()()()()()()()()()()()()()()()()()()()()()()()()()()()()()()()()()()()()()()
 
 
      Header of the ONEINT file:
      --------------------------
      
      Integrals generated by seward 4.2.0  , Sun Oct 26 13:03:22 2025
 
 
      OrdInt status: non-squared
 
 
      Cartesian coordinates in Angstrom:
      -----------------------------------------------------
      No.  Label        X            Y            Z        
      -----------------------------------------------------
       1   H1         0.00000000   0.00000000   0.00000000
       2   H2         0.00000000   0.00000000   1.44848500
       3   H3         0.00000000   0.00000000   2.89697000
       4   H4         0.00000000   0.00000000   4.34545500
       5   H5         0.00000000   0.00000000   5.79393900
       6   H6         0.00000000   0.00000000   7.24242400
      -----------------------------------------------------
      Nuclear repulsion energy =    3.17838460
 
++    Wave function specifications:
      -----------------------------
 
      Number of closed shell electrons           0
      Number of electrons in active shells       6
      Max number of holes in RAS1 space          0
      Max nr of electrons in RAS3 space          0
      Number of inactive orbitals                0
      Number of active orbitals                  6
      Number of secondary orbitals              24
      Spin quantum number                      0.0
      State symmetry                             1
--
 
++    Orbital specifications:
      -----------------------
 
      Symmetry species                           1
                                                 a
      Frozen orbitals                            0
      Inactive orbitals                          0
      Active orbitals                            6
      RAS1 orbitals                              0
      RAS2 orbitals                              6
      RAS3 orbitals                              0
      Secondary orbitals                        24
      Deleted orbitals                           0
      Number of basis functions                 30
--
 
++    CI expansion specifications:
      ----------------------------
 
      Number of CSFs                           175
      Number of determinants                   210
      Number of root(s) required                 1
      Root chosen for geometry opt.              1
      CI root used                               1
         
      highest root included in the CI            1
      max. size of the explicit Hamiltonian    175
--
 
++    Optimization specifications:
      ----------------------------
 
      RASSCF algorithm: Conventional
      Maximum number of macro iterations       200
      Maximum number of SX iterations          100
      Threshold for RASSCF energy            0.100E-07
      Threshold for max MO rotation          0.100E+00
      Threshold for max BLB element          0.100E-03
      Level shift parameter                  0.500E+00
      Make Quasi-Newton update
--
 
      The MO-coefficients are taken from the file:
      ${LOCALHOME}/DDCASPT2/hydrogen_comps/rerun/H6_chain/H6_0.60/H6_0.60.RasOrb                                                  
      Title: RASSCF average (pseudo-natural) orbitals                                      
 
      Total molecular charge    0.00
 
      ************************************************************************************************************************
      *                                                                                                                      *
      *                                            Wave function control section                                             *
      *                                                                                                                      *
      ************************************************************************************************************************
 
 
                                         RASSCF iterations: Energy and convergence statistics
                                         ----------------------------------------------------
 
      Iter CI   SX   CI       RASSCF       Energy    max ROT     max BLB   max BLB  Level Ln srch  Step   QN   Walltime
          iter iter root      energy       change     param      element    value   shift minimum  type update hh:mm:ss
 Nr of preliminary CI iterations:   1
        1   1   94    1    -2.50825781    0.00E+00  -0.30E+00*   1   8 1 -0.53E+00*  0.02   0.00    SX    NO    0:00:00
        2   1  100    1    -3.04111263   -0.53E+00*  0.12E+00*   1   8 1 -0.24E+00*  0.00   0.00    SX    NO    0:00:00
        3   1   65    1    -3.11823896   -0.77E-01* -0.18E+00*   1   8 1 -0.51E-01*  0.00   0.00    SX    NO    0:00:00
        4   1  100    1    -3.12818383   -0.99E-02* -0.20E+00*   4   7 1  0.13E-01*  0.00   0.00    SX    NO    0:00:00
        5   1   97    1    -3.13425858   -0.61E-02*  0.19E+00*   2   7 1 -0.73E-02*  0.00   2.50    QN   YES    0:00:00
        6   1   92    1    -3.13721619   -0.30E-02*  0.14E+00*   2  17 1  0.11E-01*  0.00   0.91    QN   YES    0:00:00
        7   1  100    1    -3.13482773    0.24E-02* -0.96E-01    2  17 1  0.67E-02*  0.00  -0.50    LS   YES    0:00:00
        8   1   78    1    -3.13651055   -0.17E-02* -0.17E+00*   2  17 1  0.94E-02*  0.00   2.50    SX   YES    0:00:00
        9   1   72    1    -3.14392989   -0.74E-02* -0.14E+00*   6   7 1  0.12E-01*  0.00   2.50    LS   YES    0:00:00
       10   1   67    1    -3.15314598   -0.92E-02* -0.13E+00*   3  29 1  0.17E-01*  0.00   2.50    LS   YES    0:00:00
       11   1   62    1    -3.16303122   -0.99E-02*  0.21E+00*   3  29 1  0.24E-01*  0.00   2.50    QN   YES    0:00:00
       12   1  100    1    -3.13949737    0.24E-01* -0.11E+00*   3  29 1  0.45E-01*  0.00  -0.24    LS   YES    0:00:00
       13   1   63    1    -3.15412717   -0.15E-01* -0.19E+00*   3  29 1  0.36E-01*  0.00   2.50    QN   YES    0:00:00
       14   1   71    1    -3.17039613   -0.16E-01*  0.28E-01    3  29 1  0.42E-01*  0.00   1.08    QN   YES    0:00:00
       15   1  100    1    -3.16655796    0.38E-02* -0.84E-01    3  29 1  0.52E-01*  0.00  -0.50    QN   YES    0:00:00
       16   1   17    1    -3.17635182   -0.98E-02* -0.55E-01    3  29 1  0.26E-01*  0.00   1.82    LS   YES    0:00:00
       17   1   20    1    -3.17906926   -0.27E-02*  0.17E-01    3  29 1  0.84E-02*  0.00   1.26    QN   YES    0:00:00
       18   1   19    1    -3.17943229   -0.36E-03* -0.55E-02    2   7 1  0.17E-02*  0.00   1.11    QN   YES    0:00:00
       19   1   17    1    -3.17946677   -0.34E-04* -0.25E-02    3  29 1 -0.49E-03*  0.00   1.09    QN   YES    0:00:00
       20   1   15    1    -3.17946999   -0.32E-05* -0.29E-03    3  30 1  0.16E-03*  0.00   1.00    QN   YES    0:00:00
       21   1   13    1    -3.17947012   -0.13E-06* -0.91E-04    3  30 1  0.22E-04   0.00   1.22    QN   YES    0:00:00
       22   1    9    1    -3.17947013   -0.11E-07* -0.21E-04    3  16 1 -0.68E-05   0.00   1.11    QN   YES    0:00:00
       23   1    6    1    -3.17947013   -0.60E-09  -0.66E-05    3  30 1 -0.36E-05   0.00   1.11    QN   YES    0:00:00
      Convergence after 23 iterations
 
  Dmat in MO in SXCTL bf call to SXHAM                                                                                    
  mat. size =     6x    6
 
        1.7302180593900085
       -0.0002380390455417      1.8426167598002050
       -0.0437407285123116      0.0001025362289087      1.7110789148004508
        0.0131841151859157     -0.0683346504596620     -0.0040636166497760      0.2752548057938068
        0.1856013522633516     -0.0009081191429796      0.1472405308833474      0.0283319674644574      0.1825286226311935
        0.4614401927893978      0.0010917066984484     -0.0533367563860552     -0.0601219918741030      0.0623166923459517
        0.2583028375843343
       24   1    6    1    -3.17947013   -0.42E-10  -0.66E-05    3  29 1 -0.41E-06   0.00   1.11    QN   YES    0:00:00
 
      ************************************************************************************************************************
                                                      Wave function printout:
                       occupation of active orbitals, and spin coupling of open shells (u,d: Spin up or down)
      ************************************************************************************************************************
 
      Note: transformation to natural orbitals
      has been made, which may change the order of the CSFs.
 
      printout of CI-coefficients larger than  0.05 for root  1
      energy=      -3.179470
      conf/sym  111111     Coeff  Weight
             1  222000  -0.86407 0.74662
            11  220200   0.26394 0.06967
            13  220020   0.06328 0.00400
            18  2udud0   0.22069 0.04871
            21  2ud0ud   0.06267 0.00393
            25  u2d020   0.06284 0.00395
            26  u2du0d   0.18005 0.03242
            29  202200   0.08224 0.00676
            31  202020   0.11317 0.01281
            32  202u0d   0.06334 0.00401
            36  ud2ud0   0.08265 0.00683
            39  ud20ud   0.10698 0.01145
            41  022200   0.06299 0.00397
            46  022002   0.06994 0.00489
            47  2uudd0  -0.07862 0.00618
            51  u2ud0d  -0.06562 0.00431
           120  200220  -0.06511 0.00424
           127  ud02ud  -0.05467 0.00299
 
      Natural orbitals and occupation numbers for root  1
      sym 1:   1.894658   1.845601   1.717623   0.297924   0.150919   0.093275
 
      ************************************************************************************************************************
      *                                                                                                                      *
      *                                                    Final results                                                     *
      *                                                                                                                      *
      ************************************************************************************************************************
 
 
++    Wave function specifications:
      -----------------------------
 
      Number of closed shell electrons           0
      Number of electrons in active shells       6
      Max number of holes in RAS1 space          0
      Max nr of electrons in RAS3 space          0
      Number of inactive orbitals                0
      Number of active orbitals                  6
      Number of secondary orbitals              24
      Spin quantum number                      0.0
      State symmetry                             1
--
 
++    Orbital specifications:
      -----------------------
 
      Symmetry species                           1
                                                 a
      Frozen orbitals                            0
      Inactive orbitals                          0
      Active orbitals                            6
      RAS1 orbitals                              0
      RAS2 orbitals                              6
      RAS3 orbitals                              0
      Secondary orbitals                        24
      Deleted orbitals                           0
      Number of basis functions                 30
--
 
++    CI expansion specifications:
      ----------------------------
 
      Number of CSFs                           175
      Number of determinants                   210
      Number of root(s) required                 1
      CI root used                               1
      highest root included in the CI            1
      Root passed to geometry opt.               1
--
 
++    Final optimization conditions:
      ------------------------------
 
      Average CI energy                              -3.17947013
      RASSCF energy for state  1                     -3.17947013
      Super-CI energy                                -0.00000000
      RASSCF energy change                           -0.00000000
      Max change in MO coefficients              -0.136E-04
      Max non-diagonal density matrix element    -0.661E-05
      Maximum BLB matrix element                 -0.408E-06
      (orbital pair   3,  29 in symmetry   1)
      Norm of electronic gradient            0.109E-05
--
 
 
      Final state energy(ies):
      ------------------------
 
::    RASSCF root number  1 Total energy:     -3.17947013
 
++    Molecular orbitals:
      -------------------
 
      Pseudonatural active orbitals and approximate occupation numbers
 
 
 
 
      Molecular orbitals for symmetry species 1: a  
 
 
      Orbital                1         2         3         4         5         6         7         8         9        10
      Energy            0.0000    0.0000    0.0000    0.0000    0.0000    0.0000    0.2714    0.3263    0.4414    0.6421
      Occ. No.          1.8947    1.8456    1.7176    0.2979    0.1509    0.0933    0.0000    0.0000    0.0000    0.0000
 
    1 H1     1s         0.2007   -0.3660    0.4162   -0.5466   -0.6321   -0.4338    0.0916    0.0171    0.3390    0.0000
    2 H1     2s         0.0028   -0.0101    0.0325   -0.0346   -0.0453   -0.0471   -0.3172    0.6303    0.8769    0.0000
    3 H1     2px        0.0000   -0.0000    0.0000   -0.0000   -0.0000   -0.0000    0.0000   -0.0000   -0.0000    0.1666
    4 H1     2py       -0.0000   -0.0000    0.0000   -0.0000   -0.0000   -0.0000    0.0000   -0.0000   -0.0000   -0.1012
    5 H1     2pz        0.0102   -0.0127    0.0073   -0.0048   -0.0088   -0.0087    0.0400   -0.0439   -0.0214   -0.0000
    6 H2     1s         0.3015   -0.4353    0.3127    0.2757    0.7719    0.7693    0.1755   -0.2022   -0.2077   -0.0000
    7 H2     2s        -0.0033   -0.0355    0.0766   -0.0023    0.1235    0.1685   -0.2041    0.1428   -0.3182   -0.0000
    8 H2     2px       -0.0000    0.0000   -0.0000   -0.0000   -0.0000    0.0000    0.0000    0.0000   -0.0000    0.2880
    9 H2     2py       -0.0000    0.0000   -0.0000   -0.0000   -0.0000   -0.0000    0.0000   -0.0000   -0.0000   -0.1749
   10 H2     2pz        0.0058    0.0061   -0.0207    0.0169    0.0034   -0.0044   -0.0081    0.0722    0.1576    0.0000
   11 H3     1s         0.3929   -0.1115   -0.4569    0.5497   -0.3073   -0.9819    0.1515    0.0248    0.0596    0.0000
   12 H3     2s         0.0029    0.0158   -0.0812    0.0688   -0.0812   -0.2138   -0.2763    0.1589   -0.4283    0.0000
   13 H3     2px       -0.0000    0.0000    0.0000   -0.0000    0.0000    0.0000   -0.0000    0.0000   -0.0000    0.3582
   14 H3     2py       -0.0000    0.0000    0.0000   -0.0000    0.0000    0.0000    0.0000    0.0000   -0.0000   -0.2175
   15 H3     2pz        0.0024    0.0157   -0.0137   -0.0090   -0.0121   -0.0075    0.0123    0.0459    0.0156   -0.0000
   16 H4     1s         0.3929    0.1115   -0.4569   -0.5497   -0.3073    0.9819    0.1515   -0.0248    0.0596   -0.0000
   17 H4     2s         0.0029   -0.0158   -0.0812   -0.0688   -0.0812    0.2138   -0.2763   -0.1589   -0.4283   -0.0000
   18 H4     2px        0.0000    0.0000   -0.0000   -0.0000   -0.0000    0.0000    0.0000    0.0000   -0.0000    0.3582
   19 H4     2py        0.0000    0.0000   -0.0000   -0.0000   -0.0000    0.0000    0.0000    0.0000   -0.0000   -0.2175
   20 H4     2pz       -0.0024    0.0157    0.0137   -0.0090    0.0121   -0.0075   -0.0123    0.0459   -0.0156   -0.0000
   21 H5     1s         0.3015    0.4353    0.3127   -0.2757    0.7719   -0.7693    0.1755    0.2022   -0.2077    0.0000
   22 H5     2s        -0.0033    0.0355    0.0766    0.0023    0.1234   -0.1685   -0.2041   -0.1428   -0.3182    0.0000
   23 H5     2px        0.0000   -0.0000    0.0000    0.0000   -0.0000   -0.0000    0.0000    0.0000   -0.0000    0.2880
   24 H5     2py        0.0000    0.0000    0.0000    0.0000   -0.0000   -0.0000    0.0000   -0.0000   -0.0000   -0.1749
   25 H5     2pz       -0.0058    0.0061    0.0207    0.0169   -0.0034   -0.0044    0.0081    0.0722   -0.1576    0.0000
   26 H6     1s         0.2007    0.3660    0.4162    0.5466   -0.6321    0.4338    0.0916   -0.0171    0.3390   -0.0000
   27 H6     2s         0.0028    0.0101    0.0325    0.0346   -0.0453    0.0471   -0.3172   -0.6303    0.8769   -0.0000
   28 H6     2px       -0.0000   -0.0000   -0.0000   -0.0000    0.0000   -0.0000   -0.0000   -0.0000    0.0000    0.1666
   29 H6     2py       -0.0000    0.0000   -0.0000    0.0000   -0.0000    0.0000    0.0000    0.0000   -0.0000   -0.1012
   30 H6     2pz       -0.0102   -0.0127   -0.0073   -0.0048    0.0088   -0.0087   -0.0400   -0.0439    0.0214   -0.0000
 
 
      Orbital               11        12        13        14        15        16        17        18        19        20
      Energy            0.6421    0.6728    0.7329    0.7329    0.8842    0.8842    0.9119    1.0358    1.0754    1.0970
      Occ. No.          0.0000    0.0000    0.0000    0.0000    0.0000    0.0000    0.0000    0.0000    0.0000    0.0000
 
    1 H1     1s        -0.0000    0.7068   -0.0000   -0.0000   -0.0000   -0.0000   -0.3652    0.6463    0.0861   -0.0000
    2 H1     2s        -0.0000    0.9685   -0.0000   -0.0000    0.0000    0.0000   -0.1032    0.7664   -0.2242    0.0000
    3 H1     2px        0.1012   -0.0000    0.1016   -0.3598    0.1291    0.4896   -0.0000   -0.0000   -0.0000   -0.2794
    4 H1     2py        0.1666   -0.0000   -0.3598   -0.1016    0.4896   -0.1291   -0.0000    0.0000   -0.0000   -0.4842
    5 H1     2pz       -0.0000   -0.0239    0.0000    0.0000    0.0000    0.0000    0.3169    0.0318   -0.4583    0.0000
    6 H2     1s         0.0000   -0.5794    0.0000    0.0000    0.0000    0.0000    0.4843   -1.1203   -0.1371    0.0000
    7 H2     2s         0.0000   -1.2226    0.0000    0.0000    0.0000    0.0000    0.6877   -1.8335   -0.2773    0.0000
    8 H2     2px        0.1749   -0.0000    0.1207   -0.4274    0.0526    0.1996   -0.0000    0.0000    0.0000    0.1366
    9 H2     2py        0.2880   -0.0000   -0.4274   -0.1207    0.1996   -0.0526   -0.0000    0.0000    0.0000    0.2367
   10 H2     2pz        0.0000    0.1419   -0.0000   -0.0000   -0.0000   -0.0000   -0.2867   -0.1626    0.2844   -0.0000
   11 H3     1s         0.0000   -0.1577   -0.0000   -0.0000   -0.0000   -0.0000   -0.2870    0.6136    0.5392   -0.0000
   12 H3     2s         0.0000   -0.5022    0.0000    0.0000   -0.0000   -0.0000   -0.4920    1.0715    1.1077   -0.0000
   13 H3     2px        0.2175    0.0000    0.0530   -0.1878   -0.1029   -0.3901    0.0000    0.0000    0.0000    0.2261
   14 H3     2py        0.3582    0.0000   -0.1878   -0.0530   -0.3901    0.1029    0.0000    0.0000    0.0000    0.3918
   15 H3     2pz        0.0000   -0.1434    0.0000    0.0000    0.0000    0.0000    0.3918    0.1350   -0.1047    0.0000
   16 H4     1s        -0.0000    0.1577    0.0000    0.0000    0.0000    0.0000   -0.2870    0.6136   -0.5392    0.0000
   17 H4     2s        -0.0000    0.5022    0.0000    0.0000    0.0000    0.0000   -0.4920    1.0715   -1.1077    0.0000
   18 H4     2px        0.2175    0.0000   -0.0530    0.1878   -0.1029   -0.3901    0.0000   -0.0000   -0.0000   -0.2261
   19 H4     2py        0.3582    0.0000    0.1878    0.0530   -0.3901    0.1029    0.0000   -0.0000   -0.0000   -0.3918
   20 H4     2pz        0.0000   -0.1434    0.0000    0.0000    0.0000   -0.0000   -0.3918   -0.1350   -0.1047    0.0000
   21 H5     1s         0.0000    0.5794   -0.0000   -0.0000   -0.0000   -0.0000    0.4843   -1.1203    0.1371    0.0000
   22 H5     2s        -0.0000    1.2226   -0.0000   -0.0000    0.0000    0.0000    0.6877   -1.8335    0.2773    0.0000
   23 H5     2px        0.1749    0.0000   -0.1207    0.4274    0.0526    0.1996   -0.0000   -0.0000   -0.0000   -0.1366
   24 H5     2py        0.2880    0.0000    0.4274    0.1207    0.1996   -0.0526   -0.0000   -0.0000   -0.0000   -0.2367
   25 H5     2pz       -0.0000    0.1419   -0.0000   -0.0000   -0.0000   -0.0000    0.2867    0.1626    0.2844   -0.0000
   26 H6     1s         0.0000   -0.7068    0.0000    0.0000   -0.0000    0.0000   -0.3652    0.6463   -0.0861   -0.0000
   27 H6     2s         0.0000   -0.9685    0.0000    0.0000   -0.0000   -0.0000   -0.1032    0.7664    0.2242   -0.0000
   28 H6     2px        0.1012   -0.0000   -0.1016    0.3598    0.1291    0.4896   -0.0000    0.0000    0.0000    0.2794
   29 H6     2py        0.1666    0.0000    0.3598    0.1016    0.4896   -0.1291   -0.0000    0.0000    0.0000    0.4842
   30 H6     2pz       -0.0000   -0.0239    0.0000    0.0000    0.0000    0.0000   -0.3169   -0.0318   -0.4583    0.0000
 
 
      Orbital               21        22        23        24        25        26        27        28        29        30
      Energy            1.0970    1.3458    1.3458    1.5673    1.5673    1.5842    1.6423    1.9140    2.3773    2.8909
      Occ. No.          0.0000    0.0000    0.0000    0.0000    0.0000    0.0000    0.0000    0.0000    0.0000    0.0000
 
    1 H1     1s        -0.0000    0.0000    0.0000    0.0000   -0.0000   -0.7727   -0.7471   -0.7062   -0.5953    0.4028
    2 H1     2s        -0.0000    0.0000    0.0000    0.0000   -0.0000   -0.8181   -0.7889   -0.5144   -0.2500    0.1192
    3 H1     2px       -0.4842    0.4614   -0.1828    0.2286   -0.1906    0.0000    0.0000    0.0000    0.0000   -0.0000
    4 H1     2py        0.2794    0.1828    0.4614   -0.1906   -0.2286    0.0000    0.0000   -0.0000    0.0000    0.0000
    5 H1     2pz        0.0000    0.0000    0.0000    0.0000   -0.0000   -0.7158   -0.3205   -0.7392   -0.6120    0.3785
    6 H2     1s         0.0000   -0.0000   -0.0000   -0.0000    0.0000    1.7270    2.2557    0.9757    0.1191    0.2015
    7 H2     2s         0.0000   -0.0000   -0.0000   -0.0000    0.0000    1.5001    2.4251    0.6042    0.1146   -0.0630
    8 H2     2px        0.2367   -0.6052    0.2398   -0.4325    0.3606   -0.0000   -0.0000    0.0000    0.0000   -0.0000
    9 H2     2py       -0.1366   -0.2398   -0.6052    0.3606    0.4325   -0.0000   -0.0000    0.0000    0.0000   -0.0000
   10 H2     2pz       -0.0000   -0.0000   -0.0000   -0.0000    0.0000    0.0869    0.3982   -0.5525   -1.0508    0.8982
   11 H3     1s        -0.0000    0.0000    0.0000    0.0000   -0.0000   -0.8977   -3.4840    0.3068    0.5522    0.1515
   12 H3     2s        -0.0000    0.0000    0.0000    0.0000   -0.0000   -0.7819   -3.7398   -0.0680    0.0656    0.0680
   13 H3     2px        0.3918    0.2725   -0.1080    0.5456   -0.4549    0.0000    0.0000    0.0000   -0.0000    0.0000
   14 H3     2py       -0.2261    0.1080    0.2725   -0.4549   -0.5456    0.0000    0.0000    0.0000   -0.0000    0.0000
   15 H3     2pz        0.0000    0.0000    0.0000    0.0000    0.0000    0.6348   -0.1798    0.6161   -0.4962    1.1971
   16 H4     1s        -0.0000   -0.0000   -0.0000   -0.0000    0.0000   -0.8977    3.4840   -0.3068    0.5522   -0.1515
   17 H4     2s         0.0000   -0.0000   -0.0000   -0.0000    0.0000   -0.7819    3.7398    0.0680    0.0656   -0.0680
   18 H4     2px       -0.3918    0.2725   -0.1080   -0.5457    0.4549   -0.0000   -0.0000    0.0000    0.0000    0.0000
   19 H4     2py        0.2261    0.1080    0.2725    0.4549    0.5457   -0.0000    0.0000    0.0000    0.0000    0.0000
   20 H4     2pz        0.0000    0.0000    0.0000    0.0000   -0.0000   -0.6348   -0.1798    0.6161    0.4962    1.1971
   21 H5     1s         0.0000    0.0000    0.0000    0.0000    0.0000    1.7269   -2.2557   -0.9757    0.1191   -0.2015
   22 H5     2s         0.0000    0.0000    0.0000    0.0000   -0.0000    1.5001   -2.4251   -0.6042    0.1146    0.0630
   23 H5     2px       -0.2367   -0.6052    0.2397    0.4325   -0.3606    0.0000    0.0000   -0.0000    0.0000   -0.0000
   24 H5     2py        0.1366   -0.2397   -0.6052   -0.3606   -0.4325    0.0000   -0.0000   -0.0000    0.0000   -0.0000
   25 H5     2pz       -0.0000   -0.0000   -0.0000   -0.0000    0.0000   -0.0869    0.3982   -0.5525    1.0508    0.8983
   26 H6     1s        -0.0000   -0.0000   -0.0000   -0.0000   -0.0000   -0.7727    0.7471    0.7062   -0.5953   -0.4028
   27 H6     2s        -0.0000   -0.0000   -0.0000   -0.0000   -0.0000   -0.8181    0.7889    0.5144   -0.2500   -0.1192
   28 H6     2px        0.4842    0.4614   -0.1828   -0.2286    0.1906   -0.0000   -0.0000    0.0000   -0.0000   -0.0000
   29 H6     2py       -0.2794    0.1828    0.4614    0.1906    0.2286   -0.0000    0.0000   -0.0000   -0.0000    0.0000
   30 H6     2pz        0.0000    0.0000    0.0000    0.0000    0.0000    0.7158   -0.3205   -0.7392    0.6120    0.3785
--
 
      Von Neumann Entropy (Root  1) =  1.26626
 

      Mulliken population analysis for root number:  1
      -----------------------------------------------
 
 
++    Molecular charges:
      ------------------
 
      Mulliken charges per centre and basis function type
      ---------------------------------------------------
 
                H1      H2      H3      H4      H5      H6    
      1s       0.9649  1.0171  1.0069  1.0069  1.0171  0.9649
      2s       0.0020 -0.0088 -0.0268 -0.0268 -0.0088  0.0020
      2px      0.0000  0.0000  0.0000  0.0000  0.0000  0.0000
      2pz      0.0080  0.0189  0.0176  0.0176  0.0189  0.0080
      2py      0.0000  0.0000  0.0000  0.0000  0.0000  0.0000
      Total    0.9750  1.0273  0.9978  0.9978  1.0273  0.9750
 
      N-E      0.0250 -0.0273  0.0022  0.0022 -0.0273  0.0250
 
      Total electronic charge=    6.000000
 
      Total            charge=   -0.000000
--
 
 

      Expectation values of various properties for root number:  1
      -----------------------------------------------------------
 
 
++    Molecular properties:
      ---------------------
 
      Charge (e):
                      =   -0.0000
      Dipole Moment (Debye):
      Origin of the operator (Ang)=    0.0000    0.0000    0.0000
                   X=  5.8236E-09               Y=  2.1772E-09               Z= -2.6355E-06           Total=  2.6355E-06
      Quadrupole Moment (Debye*Ang):
      Origin of the operator (Ang)=    0.0000    0.0000    3.6212
                  XX= -8.4053E+00              XY= -1.9610E-17              XZ=  1.4810E-08              YY= -8.4053E+00
                  YZ= -2.1089E-08              ZZ= -5.3450E+00
      In traceless form (Debye*Ang)
                  XX= -1.5301E+00              XY= -2.9415E-17              XZ=  2.2215E-08              YY= -1.5301E+00
                  YZ= -3.1634E-08              ZZ=  3.0603E+00
--
 

      LoProp population analysis for root number:  1
      -----------------------------------------------
 
 
++    LoProp analysis:
      ----------------
 
 
 
  Input file to MOLDEN was generated!
 
 
++    Static properties:
      ------------------
 
 
      LoProp Charges per center
 

                   H1       H2       H3       H4       H5       H6    
      Nuclear      1.0000   1.0000   1.0000   1.0000   1.0000   1.0000
      Electronic  -1.0002  -0.9998  -0.9999  -0.9999  -0.9998  -1.0002
 
      Total       -0.0002   0.0002   0.0001   0.0001   0.0002  -0.0002
--
 
 
      Natural Bond Order analysis for root number:  1
 
++    Natural Bond Order analysis
      ---------------------------
      Based on LoProp computed density
      -------------------------------------------------------------------------------------
      Atom A       Atom B       Bond Order
      -------------------------------------------------------------------------------------
      NBO located      0.979 non-bonded electrons on atom H1        
      NBO located      1.017 non-bonded electrons on atom H3        
      NBO located      1.017 non-bonded electrons on atom H4        
      NBO located      0.979 non-bonded electrons on atom H6        
      The remaining    2.008 electrons are to be considered as diffuse
--
 
--
 
 
  Input file to MOLDEN was generated!
 
      Average orbitals are written to the RASORB file
      Natural orbitals for root   1 are written to the RASORB.1 file
      Spin density orbitals for root   1 are written to the SPDORB.1 file
 
forrtl: warning (525): IEEE_DIVIDE_BY_ZERO is signaling
forrtl: warning (526): IEEE_INVALID is signaling
forrtl: warning (528): IEEE_UNDERFLOW is signaling
--- Stop Module: rasscf at Sun Oct 26 13:03:25 2025 /rc=_RC_ALL_IS_WELL_ ---
*** files: H6_1.45.LprOrb H6_1.45.rasscf.molden H6_1.45.LoProp.molden H6_1.45.RasOrb.1 H6_1.45.RasOrb H6_1.45.rasscf.h5 H6_1.45.SpdOrb.1 xmldump
    saved to directory ${LOCALHOME}/DDCASPT2/hydrogen_comps/rerun/H6_chain/H6_1.45
--- Module rasscf spent 2 seconds ---

>>> COPY /tmp/H6_1.45/H6_1.45.rasscf.h5 ${LOCALHOME}/DDCASPT2/hydrogen_comps/rerun/H6_chain/H6_1.45/

>>> COPY /tmp/H6_1.45/DDCASPT2_Fock_MO.csv ${LOCALHOME}/DDCASPT2/hydrogen_comps/rerun/H6_chain/H6_1.45/H6_1.45.DDCASPT2_Fock_MO.csv

*** symbolic link created: INPORB -> H6_1.45.RasOrb
--- Start Module: motra at Sun Oct 26 13:03:25 2025 ---
 
()()()()()()()()()()()()()()()()()()()()()()()()()()()()()()()()()()()()()()()()()()()()()()()()()()

                                               &MOTRA

                                   only a single process is used
                       available to each process: 2.0 GB of memory, 1 thread?
()()()()()()()()()()()()()()()()()()()()()()()()()()()()()()()()()()()()()()()()()()()()()()()()()()
 
 
      *** WARNING: Default frozen orbitals is overwritten by user input.
      *** Default values:   0
 
      Header of the integral files:
      
       Integrals generated by seward 4.2.0  , Sun Oct 26 13:03:22 2025
 
 
      Header of MO coefficients source file:
      * RASSCF average (pseudo-natural) orbitals                                      
 
 
      Cartesian coordinates in Angstrom:
      -----------------------------------------------------
      No.  Label        X            Y            Z        
      -----------------------------------------------------
       1   H1         0.00000000   0.00000000   0.00000000
       2   H2         0.00000000   0.00000000   1.44848500
       3   H3         0.00000000   0.00000000   2.89697000
       4   H4         0.00000000   0.00000000   4.34545500
       5   H5         0.00000000   0.00000000   5.79393900
       6   H6         0.00000000   0.00000000   7.24242400
      -----------------------------------------------------
      Nuclear repulsion energy =    3.17838460
 
      Orbital specifications:
      -----------------------
 
      Symmetry species:              1
      Number of basis functions:    30
      Frozen orbitals:               0
      Deleted orbitals:              0
      Number of orbitals used:      30

       SYMMETRY  BASIS FUNCTIONS       ORBITALS      INTEGRALS   CPU(SEC)  I/O(SEC)
        1 1 1 1   30  30  30  30    30  30  30  30      108345       0.00      0.00

       TOTAL CPU TIME(SEC)    0.06TOTAL I/O TIME(SEC)    0.16
 
--- Stop Module: motra at Sun Oct 26 13:03:25 2025 /rc=_RC_ALL_IS_WELL_ ---
*** files: xmldump
    saved to directory ${LOCALHOME}/DDCASPT2/hydrogen_comps/rerun/H6_chain/H6_1.45

>>> COPY /tmp/H6_1.45/DDCASPT2_one_int_indx.csv ${LOCALHOME}/DDCASPT2/hydrogen_comps/rerun/H6_chain/H6_1.45/H6_1.45.DDCASPT2_one_int_indx.csv

>>> COPY /tmp/H6_1.45/DDCASPT2_one_int.csv ${LOCALHOME}/DDCASPT2/hydrogen_comps/rerun/H6_chain/H6_1.45/H6_1.45.DDCASPT2_one_int.csv

>>> COPY /tmp/H6_1.45/DDCASPT2_two_int_indx.csv ${LOCALHOME}/DDCASPT2/hydrogen_comps/rerun/H6_chain/H6_1.45/H6_1.45.DDCASPT2_two_int_indx.csv

>>> COPY /tmp/H6_1.45/DDCASPT2_two_int.csv ${LOCALHOME}/DDCASPT2/hydrogen_comps/rerun/H6_chain/H6_1.45/H6_1.45.DDCASPT2_two_int.csv

*** symbolic link created: INPORB -> H6_1.45.RasOrb
--- Start Module: caspt2 at Sun Oct 26 13:03:25 2025 ---
 
()()()()()()()()()()()()()()()()()()()()()()()()()()()()()()()()()()()()()()()()()()()()()()()()()()

                                              &CASPT2

                                   only a single process is used
                       available to each process: 2.0 GB of memory, 1 thread?
()()()()()()()()()()()()()()()()()()()()()()()()()()()()()()()()()()()()()()()()()()()()()()()()()()
 
 Cholesky algorithm in CASPT2 =    1
 
 ###############################################################################
 ###############################################################################
 ###                                                                         ###
 ###                                                                         ###
 ###    User changed nr of frozen orbitals.                                  ###
 ###                                                                         ###
 ###                                                                         ###
 ###############################################################################
 ###############################################################################
 
++    Wave function specifications:
      -----------------------------
 
      Number of closed shell electrons           0
      Number of electrons in active shells       6
      Max number of holes in RAS1 space          0
      Max number of electrons in RAS3 space      0
      Number of inactive orbitals                0
      Number of active orbitals                  6
      Number of secondary orbitals              24
      Spin quantum number                      0.0
      State symmetry                             1
      Number of CSFs                           175
      Number of root(s) available                1
      Root passed to geometry opt.               1
      A file JOBMIX will be created.
      This is a CASSCF or RASSCF reference function
--
 
++    Orbital specifications:
      -----------------------
 
      Symmetry species                           1
                                                 a
      Frozen orbitals                            0
      Inactive orbitals                          0
      Active orbitals                            6
      Secondary orbitals                        24
      Deleted orbitals                           0
      Number of basis functions                 30
--
 
      Type of Fock operator: STANDARD
      Type of 0-order Hamiltonian: STANDARD WITH DEFAULT IPEA
        "IP-EA" denominator shift =      0.25
      The input orbitals and the CI vector will be transformed.
 
--------------------------------------------------------------------------------
 Estimated memory requirements:
  POLY3 :                   262414
  RHS:                      285604
  SIGMA :                   275200
  PRPCTL:                        0
 Available workspace:    230396124
 
++ CASPT2 computation for group   1
 
********************************************************************************
 Multi-State initialization phase begins for group   1
--------------------------------------------------------------------------------
********************************************************************************
 Compute H0 matrices for state    1
--------------------------------------------------------------------------------
--------------------------------------------------------------------------------
 H0 matrices have been computed.
 
********************************************************************************
  CASPT2 EQUATION SOLUTION
--------------------------------------------------------------------------------
 
  Total nr of CASPT2 parameters:
   Before reduction:       15624
   After  reduction:       15360
 
 The contributions to the second order correlation energy in atomic units.
-----------------------------------------------------------------------------------------------------------------------------
  IT.      VJTU        VJTI        ATVX        AIVX        VJAI        BVAT        BJAT        BJAI        TOTAL       RNORM  
-----------------------------------------------------------------------------------------------------------------------------
   1     0.000000    0.000000   -0.007511    0.000000    0.000000   -0.019790    0.000000    0.000000   -0.027301    0.001662
   2     0.000000    0.000000   -0.007598    0.000000    0.000000   -0.019814    0.000000    0.000000   -0.027412    0.000119
   3     0.000000    0.000000   -0.007598    0.000000    0.000000   -0.019814    0.000000    0.000000   -0.027413    0.000015
   4     0.000000    0.000000   -0.007598    0.000000    0.000000   -0.019814    0.000000    0.000000   -0.027412    0.000001
-------------------------------------------------------------------------------------------------------------------
 
  FINAL CASPT2 RESULT:
 
  Correlation energy /Case, /Symm, and sums:
 VJTU      0.00000000  0.00000000
 VJTIP     0.00000000  0.00000000
 VJTIM     0.00000000  0.00000000
 ATVX     -0.00759799 -0.00759799
 AIVX      0.00000000  0.00000000
 VJAIP     0.00000000  0.00000000
 VJAIM     0.00000000  0.00000000
 BVATP    -0.01893979 -0.01893979
 BVATM    -0.00087459 -0.00087459
 BJATP     0.00000000  0.00000000
 BJATM     0.00000000  0.00000000
 BJAIP     0.00000000  0.00000000
 BJAIM     0.00000000  0.00000000
 Summed:  -0.02741238 -0.02741238
 
      Reference energy:          -3.1794701306
      E2 (Non-variational):      -0.0274123750
      E2 (Variational):          -0.0274123771
      Total energy:              -3.2068825077
      Residual norm:              0.0000001312
      Reference weight:           0.98696
 
      Contributions to the CASPT2 correlation energy
      Active & Virtual Only:         -0.0274123750
      One Inactive Excited:           0.0000000000
      Two Inactive Excited:           0.0000000000
 
 
++ Denominators, etc.
----------------------------------------------------------------------------------------------------
 Report on small energy denominators, large coefficients, and large energy contributions.
CASE  SYMM ACTIVE-MIX  NON-ACTIVE INDICES          DENOMINATOR     RHS VALUE       COEFFICIENT     CONTRIBUTION
--
 
   (Skipping property calculation,
    use PROP keyword to activate)
--
 
  Total CASPT2 energies:
::    CASPT2 Root  1     Total energy:     -3.20688251
 
  A NEW JOBIPH FILE NAMED 'JOBMIX' IS PREPARED.
********************************************************************************
forrtl: warning (528): IEEE_UNDERFLOW is signaling
--- Stop Module: caspt2 at Sun Oct 26 13:03:25 2025 /rc=_RC_ALL_IS_WELL_ ---
*** files: xmldump
    saved to directory ${LOCALHOME}/DDCASPT2/hydrogen_comps/rerun/H6_chain/H6_1.45

>>> EXPORT i = B

>>> EXPORT j = P

>>> IF (-FILE DDCASPT2_e2_${i}_${j}_1_.csv)
(Skipped)

>>> END FOREACH

>>> EXPORT j = M

>>> IF (-FILE DDCASPT2_e2_${i}_${j}_1_.csv)
(Skipped)

>>> END FOREACH

>>> END FOREACH

>>> EXPORT i = E

>>> EXPORT j = P

>>> IF (-FILE DDCASPT2_e2_${i}_${j}_1_.csv)
(Skipped)

>>> END FOREACH

>>> EXPORT j = M

>>> IF (-FILE DDCASPT2_e2_${i}_${j}_1_.csv)
(Skipped)

>>> END FOREACH

>>> END FOREACH

>>> EXPORT i = F

>>> EXPORT j = P

>>> IF (-FILE DDCASPT2_e2_${i}_${j}_1_.csv)

>>> COPY /tmp/H6_1.45/DDCASPT2_RHS_F_P_1_.csv ${LOCALHOME}/DDCASPT2/hydrogen_comps/rerun/H6_chain/H6_1.45/DDCASPT2_RHS_F_P_1_.csv

>>> COPY /tmp/H6_1.45/DDCASPT2_IVECW_F_P_1_.csv ${LOCALHOME}/DDCASPT2/hydrogen_comps/rerun/H6_chain/H6_1.45/DDCASPT2_IVECW_F_P_1_.csv

>>> COPY /tmp/H6_1.45/DDCASPT2_IVECX_F_P_1_.csv ${LOCALHOME}/DDCASPT2/hydrogen_comps/rerun/H6_chain/H6_1.45/DDCASPT2_IVECX_F_P_1_.csv

>>> COPY /tmp/H6_1.45/DDCASPT2_IVECC2_F_P_1_.csv ${LOCALHOME}/DDCASPT2/hydrogen_comps/rerun/H6_chain/H6_1.45/DDCASPT2_IVECC2_F_P_1_.csv

>>> COPY /tmp/H6_1.45/DDCASPT2_e2_F_P_1_.csv ${LOCALHOME}/DDCASPT2/hydrogen_comps/rerun/H6_chain/H6_1.45/DDCASPT2_e2_F_P_1_.csv

>>> END FOREACH

>>> EXPORT j = M

>>> IF (-FILE DDCASPT2_e2_${i}_${j}_1_.csv)

>>> COPY /tmp/H6_1.45/DDCASPT2_RHS_F_M_1_.csv ${LOCALHOME}/DDCASPT2/hydrogen_comps/rerun/H6_chain/H6_1.45/DDCASPT2_RHS_F_M_1_.csv

>>> COPY /tmp/H6_1.45/DDCASPT2_IVECW_F_M_1_.csv ${LOCALHOME}/DDCASPT2/hydrogen_comps/rerun/H6_chain/H6_1.45/DDCASPT2_IVECW_F_M_1_.csv

>>> COPY /tmp/H6_1.45/DDCASPT2_IVECX_F_M_1_.csv ${LOCALHOME}/DDCASPT2/hydrogen_comps/rerun/H6_chain/H6_1.45/DDCASPT2_IVECX_F_M_1_.csv

>>> COPY /tmp/H6_1.45/DDCASPT2_IVECC2_F_M_1_.csv ${LOCALHOME}/DDCASPT2/hydrogen_comps/rerun/H6_chain/H6_1.45/DDCASPT2_IVECC2_F_M_1_.csv

>>> COPY /tmp/H6_1.45/DDCASPT2_e2_F_M_1_.csv ${LOCALHOME}/DDCASPT2/hydrogen_comps/rerun/H6_chain/H6_1.45/DDCASPT2_e2_F_M_1_.csv

>>> END FOREACH

>>> END FOREACH

>>> EXPORT i = G

>>> EXPORT j = P

>>> IF (-FILE DDCASPT2_e2_${i}_${j}_1_.csv)
(Skipped)

>>> END FOREACH

>>> EXPORT j = M

>>> IF (-FILE DDCASPT2_e2_${i}_${j}_1_.csv)
(Skipped)

>>> END FOREACH

>>> END FOREACH

>>> EXPORT i = H

>>> EXPORT j = P

>>> IF (-FILE DDCASPT2_e2_${i}_${j}_1_.csv)
(Skipped)

>>> END FOREACH

>>> EXPORT j = M

>>> IF (-FILE DDCASPT2_e2_${i}_${j}_1_.csv)
(Skipped)

>>> END FOREACH

>>> END FOREACH

>>> EXPORT i = A

>>> IF (-FILE DDCASPT2_e2_${i}_1_.csv)
(Skipped)

>>> END FOREACH

>>> EXPORT i = C

>>> IF (-FILE DDCASPT2_e2_${i}_1_.csv)

>>> COPY /tmp/H6_1.45/DDCASPT2_RHS_C_1_.csv ${LOCALHOME}/DDCASPT2/hydrogen_comps/rerun/H6_chain/H6_1.45/DDCASPT2_RHS_C_1_.csv

>>> COPY /tmp/H6_1.45/DDCASPT2_IVECW_C_1_.csv ${LOCALHOME}/DDCASPT2/hydrogen_comps/rerun/H6_chain/H6_1.45/DDCASPT2_IVECW_C_1_.csv

>>> COPY /tmp/H6_1.45/DDCASPT2_IVECX_C_1_.csv ${LOCALHOME}/DDCASPT2/hydrogen_comps/rerun/H6_chain/H6_1.45/DDCASPT2_IVECX_C_1_.csv

>>> COPY /tmp/H6_1.45/DDCASPT2_IVECC2_C_1_.csv ${LOCALHOME}/DDCASPT2/hydrogen_comps/rerun/H6_chain/H6_1.45/DDCASPT2_IVECC2_C_1_.csv

>>> COPY /tmp/H6_1.45/DDCASPT2_e2_C_1_.csv ${LOCALHOME}/DDCASPT2/hydrogen_comps/rerun/H6_chain/H6_1.45/DDCASPT2_e2_C_1_.csv

>>> END FOREACH

>>> EXPORT i = D

>>> IF (-FILE DDCASPT2_e2_${i}_1_.csv)
(Skipped)

>>> END FOREACH

.########################.
.# Non-zero return code #.
.########################.

    Timing: Wall=3.50 User=2.87 System=0.62
***************************************
*** WorkDir at /tmp/H6_1.45 cleaned ***
***************************************
