   This run of MOLCAS is using the pymolcas driver

                             OPE
                             OPE          NMOL  CASOP  ENMOLC A   SO
                 OPE        NMOLC        AS  OP EN  MO LC     AS  OP
                OPENM       OL CA        SO  PE NM  OL CA     SOP EN
                OP EN      MO   LC       AS  OP ENMOL  CASO   PENMOL
                OP  EN     MO   LC       AS  OP EN     MO     LC ASO
               OP   E  NMOL  C  AS       OP  EN MO     LC     AS  OP
               OP  E   NMO   LC AS        OPEN  MO     LCASOP EN   M
               O  PEN   MO  LCA  SO
            OPE   NMO   L   CAS    OP
        OPENMOL  CASOP     ENMOL   CASOPE
     OPENMOLCA   SOPENMOLCASOPEN   MOLCASOPE
    OPENMOLCAS   OP           EN   MOL    CAS
    OPENMOLCAS       OP  ENM        O     LCA
    OPENMOLCAS    OPEN  MOLCASO     P  E  NMO
    OPENMOLCAS     OP               E  N  MOL
    OPENMOLCA   SO           PENM   O  L  CAS    OPEN    MO    LCAS
    OPENMOLCA   SOP           ENM   O  L  CAS   OP  EN  MOLC  AS   O
    OPENMOLCA   SOPE           NM      O  LCA   S      OP  EN MO
    OPENMOLC                AS         O  PEN   M      OL  CA  SOPE
    OPENMO        LCASOPE  NMOL        C  ASO   P      ENMOLC     AS
    OPE     NMO      LCA  SO     P     E   NM   OL  CA SO  PE N   MO
          OPENMOLCA            SOPE   NMO        LCAS  O    P  ENMO
     OPENMOLCASOPENMOLCASOPENMOLCASOPENMOLCA
        OPENMOLCASOPENMOLCASOPENMOLCASOPE
            OPENMOLCASOPENMOLCASOPENM
               OPENMOLCASOPENMOLCA        version: f37762c57
                   OPENMOLCASO
                       OPE                tag:

 OpenMolcas is free software; you can redistribute it and/or modify it
 under the terms of the GNU Lesser General Public License version 2.1.
 OpenMolcas is distributed in the hope that it will be useful, but it
 is provided "as is" and without any express or implied warranties.
 For more details see the full text of the license in the file
 LICENSE or in <http://www.gnu.org/licenses/>.

                 Copyright (C) The OpenMolcas Authors
           For the author list and the recommended citation,
                   consult the file CONTRIBUTORS.md

           *************************************************
           * pymolcas version py2.28                       *
           *   build c4a6d18ded8cb6cad61d2372a9abd97c      *
           *   (after the EMIL interpreter by V. Veryazov) *
           *************************************************

configuration info
------------------
C Compiler ID: Intel
C flags: -std=gnu99 -gcc-sys
Fortran Compiler ID: IntelLLVM
Fortran flags: -standard-semantics -fltconsistency -fpp -i8 -heap-arrays
Definitions: _MOLCAS_;_I8_;_LINUX_
Parallel: OFF (GA=OFF)


   --------------------------------------------------------------------------------------
  |
  |              Project: H8_2.73
  |       Submitted from: /home/grierjones/DDCASPT2/hydrogen_comps/rerun/H8_chain/H8_2.73
  |         Scratch area: /tmp/H8_2.73
  |      Save outputs to: /home/grierjones/DDCASPT2/hydrogen_comps/rerun/H8_chain/H8_2.73
  |               Molcas: /home/grierjones/Test/build
  |
  | Scratch area is empty
  |
  |       MOLCAS_DRIVER = /usr/local/pymolcas
  | MOLCAS_KEEP_WORKDIR = NO
  |  MOLCAS_NEW_WORKDIR = YES
  |       MOLCAS_NPROCS = 1
  |        MOLCAS_PRINT = NORMAL
  |       MOLCAS_SOURCE = /home/grierjones/Test
  |    MOLCAS_STRUCTURE = 0
  |
   --------------------------------------------------------------------------------------

++ ---------   Input file   ---------

&GATEWAY
coord=H8_2.73.xyz
Basis = ANO-RCC-VDZP
Group = nosymm
End of Input

&SEWARD
End of Input

&SCF

>>> COPY $WorkDir/H8_2.73.scf.h5 $CurrDir/

&RASSCF
Title= RASSCF
FileOrb
/home/grierjones/DDCASPT2/hydrogen_comps/rerun/H8_chain/H8_0.60/H8_0.60.RasOrb
NACTEL
8 0 0
Inactive
0
RAS2
8
Symmetry
1
Spin
1
orblisting
all

>>> COPY $WorkDir/H8_2.73.rasscf.h5 $CurrDir/

>>> COPY $WorkDir/GMJ_Fock_MO.csv $CurrDir/H8_2.73.GMJ_Fock_MO.csv

&MOTRA
Frozen=0
LUMORB

>>> COPY $WorkDir/GMJ_one_int_indx.csv $CurrDir/H8_2.73.GMJ_one_int_indx.csv

>>> COPY $WorkDir/GMJ_one_int.csv $CurrDir/H8_2.73.GMJ_one_int.csv

>>> COPY $WorkDir/GMJ_two_int_indx.csv $CurrDir/H8_2.73.GMJ_two_int_indx.csv

>>> COPY $WorkDir/GMJ_two_int.csv $CurrDir/H8_2.73.GMJ_two_int.csv

&CASPT2
Frozen
0

MAXITER
50

>>> FOREACH i IN (B,E,F,G,H)

  >>> FOREACH j IN (P,M)

    >>> IF (-FILE GMJ_e2_${i}_${j}_1_.csv)

      >>> COPY $WorkDir/GMJ_RHS_${i}_${j}_1_.csv $CurrDir/GMJ_RHS_${i}_${j}_1_.csv

      >>> COPY $WorkDir/GMJ_IVECW_${i}_${j}_1_.csv $CurrDir/GMJ_IVECW_${i}_${j}_1_.csv

      >>> COPY $WorkDir/GMJ_IVECX_${i}_${j}_1_.csv $CurrDir/GMJ_IVECX_${i}_${j}_1_.csv

      >>> COPY $WorkDir/GMJ_IVECC2_${i}_${j}_1_.csv $CurrDir/GMJ_IVECC2_${i}_${j}_1_.csv

      >>> COPY $WorkDir/GMJ_e2_${i}_${j}_1_.csv $CurrDir/GMJ_e2_${i}_${j}_1_.csv

    >>> END IF

  >>> END FOREACH

>>> END FOREACH

>>> FOREACH i IN (A,C,D)

  >>> IF (-FILE GMJ_e2_${i}_1_.csv)

    >>> COPY $WorkDir/GMJ_RHS_${i}_1_.csv $CurrDir/GMJ_RHS_${i}_1_.csv

    >>> COPY $WorkDir/GMJ_IVECW_${i}_1_.csv $CurrDir/GMJ_IVECW_${i}_1_.csv

    >>> COPY $WorkDir/GMJ_IVECX_${i}_1_.csv $CurrDir/GMJ_IVECX_${i}_1_.csv

    >>> COPY $WorkDir/GMJ_IVECC2_${i}_1_.csv $CurrDir/GMJ_IVECC2_${i}_1_.csv

    >>> COPY $WorkDir/GMJ_e2_${i}_1_.csv $CurrDir/GMJ_e2_${i}_1_.csv

  >>> END IF

>>> END FOREACH

-- ----------------------------------

--- Start Module: gateway at Sun Oct 26 13:44:24 2025 ---
 
()()()()()()()()()()()()()()()()()()()()()()()()()()()()()()()()()()()()()()()()()()()()()()()()()()

                                              &GATEWAY

                                   only a single process is used
                       available to each process: 2.0 GB of memory, 1 thread?
()()()()()()()()()()()()()()()()()()()()()()()()()()()()()()()()()()()()()()()()()()()()()()()()()()
 
 
++    Symmetry information:
      ---------------------
 
                    Character Table for C1 
 
                             E  
                    a        1  x, y, xy, Rz, z, xz, Ry, yz, Rx, I
--
 
 
++    Basis set information:
      ----------------------
 
 
      Basis set label: H.ANO-RCC...2S1P.
 
      Electronic valence basis set:
      ------------------
      Associated Effective Charge   1.000000 au
      Associated Actual Charge      1.000000 au
      Nuclear Model: Point charge
 
      Shell  nPrim  nBasis  Cartesian Spherical Contaminant
         s       8       2        X                  
         p       4       1        X                  
--
 
 
++    Molecular structure info:
      -------------------------
 
                    ************************************************ 
                    **** Cartesian Coordinates / Bohr, Angstrom **** 
                    ************************************************ 
 
     Center  Label                x              y              z                     x              y              z
        1      H1               0.000000       0.000000       0.000000              0.000000       0.000000       0.000000
        2      H2               0.000000       0.000000       5.165251              0.000000       0.000000       2.733333
        3      H3               0.000000       0.000000      10.330503              0.000000       0.000000       5.466667
        4      H4               0.000000       0.000000      15.495754              0.000000       0.000000       8.200000
        5      H5               0.000000       0.000000      20.661005              0.000000       0.000000      10.933333
        6      H6               0.000000       0.000000      25.826258              0.000000       0.000000      13.666667
        7      H7               0.000000       0.000000      30.991508              0.000000       0.000000      16.400000
        8      H8               0.000000       0.000000      36.156759              0.000000       0.000000      19.133333
 
                    *************************************** 
                    *    InterNuclear Distances / Bohr    * 
                    *************************************** 
 
               1 H1            2 H2            3 H3            4 H4            5 H5            6 H6    
    1 H1       0.000000
    2 H2       5.165251        0.000000
    3 H3      10.330503        5.165253        0.000000
    4 H4      15.495754       10.330503        5.165251        0.000000
    5 H5      20.661005       15.495754       10.330502        5.165251        0.000000
    6 H6      25.826258       20.661007       15.495754       10.330503        5.165253        0.000000
    7 H7      30.991508       25.826258       20.661005       15.495754       10.330503        5.165251
    8 H8      36.156759       30.991508       25.826256       20.661005       15.495754       10.330502
 
               7 H7            8 H8    
    7 H7       0.000000
    8 H8       5.165251        0.000000
 
                    ******************************************* 
                    *    InterNuclear Distances / Angstrom    * 
                    ******************************************* 
 
               1 H1            2 H2            3 H3            4 H4            5 H5            6 H6    
    1 H1       0.000000
    2 H2       2.733333        0.000000
    3 H3       5.466667        2.733334        0.000000
    4 H4       8.200000        5.466667        2.733333        0.000000
    5 H5      10.933333        8.200000        5.466666        2.733333        0.000000
    6 H6      13.666667       10.933334        8.200000        5.466667        2.733334        0.000000
    7 H7      16.400000       13.666667       10.933333        8.200000        5.466667        2.733333
    8 H8      19.133333       16.400000       13.666666       10.933333        8.200000        5.466666
 
               7 H7            8 H8    
    7 H7       0.000000
    8 H8       2.733333        0.000000
--
 
 
            Nuclear Potential Energy              2.66063666 au
 
--- Stop Module: gateway at Sun Oct 26 13:44:24 2025 /rc=_RC_ALL_IS_WELL_ ---
*** files: xmldump
    saved to directory /home/grierjones/DDCASPT2/hydrogen_comps/rerun/H8_chain/H8_2.73

--- Start Module: seward at Sun Oct 26 13:44:24 2025 ---
 
()()()()()()()()()()()()()()()()()()()()()()()()()()()()()()()()()()()()()()()()()()()()()()()()()()

                                              &SEWARD

                                   only a single process is used
                       available to each process: 2.0 GB of memory, 1 thread?
()()()()()()()()()()()()()()()()()()()()()()()()()()()()()()()()()()()()()()()()()()()()()()()()()()
 
               SEWARD will generate:
                  Multipole Moment integrals up to order  2
                  Kinetic Energy integrals
                  Nuclear Attraction integrals (point charge)
                  One-Electron Hamiltonian integrals
                  Velocity integrals
                  Relativistic Douglas-Kroll-Hess integrals:
                    - Parametrization         : EXP
                    - DKH order of Hamiltonian: 2
                    - DKH order of Properties : 0
                         - multipole moment operators
                         - electric potential operators
                         - contact operators
                  Atomic mean-field integrals
                  Two-Electron Repulsion integrals
 
                   Integrals are discarded if absolute value <: 0.10E-13
                   Integral cutoff threshold is set to       <: 0.10E-15
 
            Nuclear Potential Energy              2.66063666 au
 
 
      Basis set specifications :
      Symmetry species         a  
      Basis functions           40
 
 
  Input file to MOLDEN was generated!
 
forrtl: warning (525): IEEE_DIVIDE_BY_ZERO is signaling
forrtl: warning (526): IEEE_INVALID is signaling
forrtl: warning (528): IEEE_UNDERFLOW is signaling
--- Stop Module: seward at Sun Oct 26 13:44:25 2025 /rc=_RC_ALL_IS_WELL_ ---
*** files: H8_2.73.GssOrb H8_2.73.guessorb.h5 H8_2.73.guessorb.molden xmldump
    saved to directory /home/grierjones/DDCASPT2/hydrogen_comps/rerun/H8_chain/H8_2.73

*** symbolic link created: INPORB -> H8_2.73.GssOrb
--- Start Module: scf at Sun Oct 26 13:44:25 2025 ---
 
()()()()()()()()()()()()()()()()()()()()()()()()()()()()()()()()()()()()()()()()()()()()()()()()()()

                                                &SCF

                                   only a single process is used
                       available to each process: 2.0 GB of memory, 1 thread?
()()()()()()()()()()()()()()()()()()()()()()()()()()()()()()()()()()()()()()()()()()()()()()()()()()
 
++    Input section:
      --------------
 
      Header of the integral files:
      
       Integrals generated by seward 4.2.0  , Sun Oct 26 13:44:24 2025
 
 
      Cartesian coordinates in Angstrom:
      -----------------------------------------------------
      No.  Label        X            Y            Z        
      -----------------------------------------------------
       1   H1         0.00000000   0.00000000   0.00000000
       2   H2         0.00000000   0.00000000   2.73333300
       3   H3         0.00000000   0.00000000   5.46666700
       4   H4         0.00000000   0.00000000   8.20000000
       5   H5         0.00000000   0.00000000  10.93333300
       6   H6         0.00000000   0.00000000  13.66666700
       7   H7         0.00000000   0.00000000  16.40000000
       8   H8         0.00000000   0.00000000  19.13333300
      -----------------------------------------------------
      Nuclear repulsion energy =    2.66063666
--
 
++    Orbital specifications:
      -----------------------
 
      Symmetry species               1
                                     a
      Frozen orbitals                0
      Occupied orbitals              4
      Secondary orbitals            36
      Deleted orbitals               0
      Total number of orbitals      40
      Number of basis functions     40
--
 
      Molecular charge                           0.000
 
++    Optimization specifications:
      ----------------------------
 
      SCF Algorithm: Conventional
      Minimized density differences are used
      Number of density matrices in core                5
      Maximum number of NDDO SCF iterations           400
      Maximum number of HF SCF iterations             400
      Threshold for SCF energy change            0.10E-08
      Threshold for density matrix               0.10E-03
      Threshold for Fock matrix                  0.15E-03
      Threshold for linear dependence            0.10E-08
      Threshold at which DIIS is turned on       0.15E+00
      Threshold at which QNR/C2DIIS is turned on 0.75E-01
      Threshold for Norm(delta) (QNR/C2DIIS)     0.20E-04
      DIIS extrapolation of the SCF procedure
      All orbitals punched on: SCFORB
--
 
      Input vectors read from INPORB
      Orbital file label: *Guess orbitals
 
 
++ Convergence information
                                   SCF        iterations: Energy and convergence statistics
 
Iter     Tot. SCF        One-elec.       Two-elec.     Energy      Max Dij or  Max Fij      DNorm      TNorm      AccCon     Time
         Energy          Energy          Energy        Change      Delta Norm                                                in Sec.
   1    -3.132446631    -9.405324157     3.612240863   0.00E+00    0.41E+00*   0.13E+00*    0.45E+01   0.72E+01   None         0.
   2    -3.380339835    -9.374319713     3.333343214  -0.25E+00*   0.15E+00*   0.25E-01*    0.14E+01   0.69E+01   EDIIS        0.
   3    -3.392734512    -9.313033023     3.259661848  -0.12E-01*   0.10E+00*   0.97E-02*    0.32E+00   0.69E+01   EDIIS        0.
   4    -3.395456858    -9.320062218     3.263968697  -0.27E-02*   0.65E-01*   0.62E-02*    0.19E+00   0.69E+01   c2DIIS       0.
   5    -3.396536372    -9.306671834     3.249498799  -0.11E-02*   0.29E-01*   0.42E-02*    0.42E-01   0.69E+01   QNRc2DIIS    0.
   6    -3.396944205    -9.314098046     3.256517177  -0.41E-03*   0.29E-01*   0.29E-02*    0.22E-01   0.69E+01   QNRc2DIIS    0.
   7    -3.397199320    -9.311138301     3.253302318  -0.26E-03*   0.11E-01*   0.88E-03*    0.99E-02   0.69E+01   QNRc2DIIS    0.
   8    -3.397214450    -9.308838345     3.250987232  -0.15E-04*   0.26E-02*   0.49E-03*    0.44E-02   0.69E+01   QNRc2DIIS    0.
   9    -3.397219214    -9.309405052     3.251549175  -0.48E-05*   0.27E-03*   0.24E-04     0.17E-02   0.69E+01   QNRc2DIIS    0.
  10    -3.397219237    -9.309422345     3.251566444  -0.24E-07*   0.64E-04*   0.68E-05     0.36E-03   0.69E+01   QNRc2DIIS    0.
  11    -3.397219239    -9.309419737     3.251563835  -0.15E-08*   0.28E-04*   0.19E-05     0.48E-04   0.69E+01   QNRc2DIIS    0.
  12    -3.397219239    -9.309419550     3.251563648  -0.19E-09    0.13E-05    0.20E-06     0.28E-04   0.69E+01   QNRc2DIIS    0.
 
       Convergence after 12 Macro Iterations
--
 
 *****************************************************************************************************************************
 *                                                                                                                           *
 *                                             SCF/KS-DFT Program, Final results                                             *
 *                                                                                                                           *
 *                                                                                                                           *
 *                                                                                                                           *
 *                                                       Final Results                                                       *
 *                                                                                                                           *
 *****************************************************************************************************************************
 
::    Total SCF energy                                 -3.3972192392
      One-electron energy                              -9.3094195501
      Two-electron energy                               3.2515636477
      Nuclear repulsion energy                          2.6606366632
      Kinetic energy (interpolated)                     2.6286944263
      Virial theorem                                    1.2923598898
      Total spin, S(S+1)                                0.0000000000
      Total spin, S                                     0.0000000000
      Max non-diagonal density matrix element           0.0000016471
      Max non-diagonal Fock matrix element              0.0000000576
 
 
      All orbitals with orbital energies smaller than  E(LUMO)+0.5 are printed
 
++    Molecular orbitals:
      -------------------
 
      Title: SCF orbitals

      Molecular orbitals for symmetry species 1: a  
 
          Orbital            1         2         3         4         5         6         7         8         9        10    
          Energy           -0.3737   -0.3614   -0.3434   -0.3247   -0.1549   -0.1290   -0.1022   -0.0825    0.3174    0.3288
          Occ. No.          2.0000    2.0000    2.0000    2.0000    0.0000    0.0000    0.0000    0.0000    0.0000    0.0000
 
        1 H1     1s         0.1760   -0.3266    0.3993   -0.3051    0.3466   -0.4854    0.4325   -0.2495   -0.1060    0.1649
        2 H1     2s         0.0350   -0.0665    0.0845   -0.0673    0.1052   -0.1538    0.1414   -0.0824    0.1992   -0.3549
        3 H1     2px       -0.0000    0.0000   -0.0000    0.0000   -0.0000   -0.0000    0.0000   -0.0000   -0.0000   -0.0000
        4 H1     2py       -0.0000   -0.0000    0.0000   -0.0000    0.0000   -0.0000    0.0000   -0.0000    0.0000   -0.0000
        5 H1     2pz        0.0055   -0.0091    0.0094   -0.0061   -0.0027    0.0074   -0.0107    0.0082   -0.0042    0.0058
        6 H2     1s         0.2293   -0.3822    0.3927   -0.2452   -0.2008    0.4323   -0.5331    0.3713   -0.1745    0.2224
        7 H2     2s         0.0394   -0.0789    0.1000   -0.0743   -0.0556    0.1392   -0.1819    0.1276    0.2224   -0.3117
        8 H2     2px       -0.0000   -0.0000   -0.0000   -0.0000    0.0000   -0.0000   -0.0000   -0.0000    0.0000   -0.0000
        9 H2     2py        0.0000    0.0000    0.0000    0.0000    0.0000    0.0000    0.0000   -0.0000    0.0000   -0.0000
       10 H2     2pz       -0.0012    0.0046   -0.0092    0.0092   -0.0125    0.0127   -0.0039   -0.0024    0.0025   -0.0012
       11 H3     1s         0.3596   -0.2882   -0.1616    0.4052   -0.4483    0.1555    0.4157   -0.5112   -0.1968    0.1620
       12 H3     2s         0.0708   -0.0514   -0.0508    0.1058   -0.1386    0.0454    0.1432   -0.1726    0.2735   -0.2509
       13 H3     2px        0.0000    0.0000    0.0000    0.0000   -0.0000   -0.0000    0.0000    0.0000   -0.0000    0.0000
       14 H3     2py        0.0000   -0.0000    0.0000   -0.0000   -0.0000    0.0000   -0.0000   -0.0000    0.0000   -0.0000
       15 H3     2pz        0.0059   -0.0012   -0.0080    0.0089    0.0104   -0.0140    0.0030    0.0074   -0.0021    0.0032
       16 H4     1s         0.3811   -0.2046   -0.2718    0.3787    0.3887   -0.3831   -0.2211    0.5569   -0.2170    0.0572
       17 H4     2s         0.0708   -0.0532   -0.0546    0.1035    0.1170   -0.1303   -0.0718    0.1892    0.2971   -0.0892
       18 H4     2px        0.0000   -0.0000   -0.0000    0.0000    0.0000    0.0000    0.0000    0.0000    0.0000   -0.0000
       19 H4     2py        0.0000   -0.0000   -0.0000    0.0000   -0.0000   -0.0000    0.0000   -0.0000    0.0000    0.0000
       20 H4     2pz       -0.0043    0.0070    0.0008   -0.0104    0.0139    0.0017   -0.0130    0.0032    0.0030    0.0023
       21 H5     1s         0.3811    0.2046   -0.2718   -0.3787    0.3887    0.3831   -0.2211   -0.5569   -0.2170   -0.0572
       22 H5     2s         0.0708    0.0532   -0.0546   -0.1035    0.1170    0.1303   -0.0718   -0.1892    0.2971    0.0892
       23 H5     2px       -0.0000   -0.0000    0.0000   -0.0000   -0.0000    0.0000   -0.0000    0.0000    0.0000   -0.0000
       24 H5     2py       -0.0000   -0.0000   -0.0000    0.0000    0.0000    0.0000    0.0000    0.0000   -0.0000    0.0000
       25 H5     2pz        0.0043    0.0070   -0.0008   -0.0104   -0.0139    0.0017    0.0130    0.0032   -0.0030    0.0023
       26 H6     1s         0.3596    0.2882   -0.1616   -0.4052   -0.4483   -0.1555    0.4157    0.5112   -0.1968   -0.1620
       27 H6     2s         0.0708    0.0514   -0.0508   -0.1058   -0.1386   -0.0454    0.1432    0.1726    0.2735    0.2509
       28 H6     2px       -0.0000   -0.0000    0.0000   -0.0000    0.0000    0.0000   -0.0000   -0.0000    0.0000    0.0000
       29 H6     2py       -0.0000    0.0000    0.0000    0.0000    0.0000    0.0000    0.0000   -0.0000   -0.0000   -0.0000
       30 H6     2pz       -0.0059   -0.0012    0.0080    0.0089   -0.0104   -0.0140   -0.0030    0.0074    0.0021    0.0032
       31 H7     1s         0.2293    0.3822    0.3927    0.2452   -0.2008   -0.4323   -0.5331   -0.3713   -0.1745   -0.2224
       32 H7     2s         0.0394    0.0789    0.1000    0.0743   -0.0556   -0.1392   -0.1819   -0.1276    0.2224    0.3117
       33 H7     2px       -0.0000   -0.0000   -0.0000   -0.0000    0.0000    0.0000   -0.0000    0.0000   -0.0000    0.0000
       34 H7     2py       -0.0000    0.0000    0.0000   -0.0000    0.0000   -0.0000    0.0000    0.0000    0.0000   -0.0000
       35 H7     2pz        0.0012    0.0046    0.0092    0.0092    0.0125    0.0127    0.0039   -0.0024   -0.0025   -0.0012
       36 H8     1s         0.1760    0.3266    0.3993    0.3051    0.3466    0.4854    0.4325    0.2495   -0.1060   -0.1649
       37 H8     2s         0.0350    0.0665    0.0845    0.0673    0.1052    0.1538    0.1414    0.0824    0.1992    0.3549
       38 H8     2px        0.0000   -0.0000   -0.0000   -0.0000    0.0000    0.0000    0.0000   -0.0000   -0.0000    0.0000
       39 H8     2py       -0.0000    0.0000    0.0000    0.0000    0.0000    0.0000   -0.0000    0.0000   -0.0000    0.0000
       40 H8     2pz       -0.0055   -0.0091   -0.0094   -0.0061    0.0027    0.0074    0.0107    0.0082    0.0042    0.0058
--
 
 
++    Molecular charges:
      ------------------
 
      Mulliken charges per centre and basis function type
      ---------------------------------------------------
 
                H1      H2      H3      H4      H5      H6      H7      H8    
      1s       0.8821  0.9237  0.9048  0.9090  0.9090  0.9048  0.9237  0.8821
      2s       0.0895  0.0968  0.0897  0.0912  0.0912  0.0897  0.0968  0.0895
      2px      0.0000  0.0000  0.0000  0.0000  0.0000  0.0000  0.0000  0.0000
      2pz      0.0030  0.0034  0.0034  0.0034  0.0034  0.0034  0.0034  0.0030
      2py      0.0000  0.0000  0.0000  0.0000  0.0000  0.0000  0.0000  0.0000
      Total    0.9746  1.0239  0.9979  1.0036  1.0036  0.9979  1.0239  0.9746
 
      N-E      0.0254 -0.0239  0.0021 -0.0036 -0.0036  0.0021 -0.0239  0.0254
 
      Total electronic charge=    8.000000
 
      Total            charge=   -0.000000
--
 
 
  Input file to MOLDEN was generated!
 
 
++    Static properties:
      ------------------
 
 
      LoProp Charges per center
 

                   H1       H2       H3       H4       H5       H6       H7       H8    
      Nuclear      1.0000   1.0000   1.0000   1.0000   1.0000   1.0000   1.0000   1.0000
      Electronic  -0.9833  -1.0144  -0.9987  -1.0035  -1.0035  -0.9987  -1.0144  -0.9833
 
      Total        0.0167  -0.0144   0.0013  -0.0035  -0.0035   0.0013  -0.0144   0.0167
--
 
 
++    Natural Bond Order analysis
      ---------------------------
      Based on LoProp computed density
      -------------------------------------------------------------------------------------
      Atom A       Atom B       Bond Order
      -------------------------------------------------------------------------------------
      NBO located      0.975 non-bonded electrons on atom H1        
      NBO located      1.004 non-bonded electrons on atom H3        
      NBO located      1.010 non-bonded electrons on atom H4        
      NBO located      1.010 non-bonded electrons on atom H5        
      NBO located      1.004 non-bonded electrons on atom H6        
      NBO located      0.975 non-bonded electrons on atom H8        
      The remaining    2.022 electrons are to be considered as diffuse
--
 
 
++    Molecular properties:
      ---------------------
 
      Charge (e):
                      =   -0.0000
      Dipole Moment (Debye):
      Origin of the operator (Ang)=    0.0000    0.0000    0.0000
                   X=  5.6570E-14               Y= -1.7972E-14               Z=  2.7093E-07           Total=  2.7093E-07
      Quadrupole Moment (Debye*Ang):
      Origin of the operator (Ang)=    0.0000    0.0000    9.5667
                  XX= -1.9526E+01              XY=  3.8194E-29              XZ= -5.0412E-13              YY= -1.9526E+01
                  YZ=  1.1322E-13              ZZ=  4.5803E-02
      In traceless form (Debye*Ang)
                  XX= -9.7861E+00              XY=  5.7292E-29              XZ= -7.5618E-13              YY= -9.7861E+00
                  YZ=  1.6983E-13              ZZ=  1.9572E+01
--
 
 
  Input file to MOLDEN was generated!
 
 ###############################################################################
 ###############################################################################
 ###                                                                         ###
 ###                                                                         ###
 ###    RunFile label nBas                                                   ###
 ###    was used       78 times                                              ###
 ###                                                                         ###
 ###                                                                         ###
 ###############################################################################
 ###############################################################################
forrtl: warning (528): IEEE_UNDERFLOW is signaling
--- Stop Module: scf at Sun Oct 26 13:44:25 2025 /rc=_RC_ALL_IS_WELL_ ---
*** files: H8_2.73.LprOrb H8_2.73.LoProp.molden H8_2.73.scf.molden H8_2.73.ScfOrb H8_2.73.scf.h5 xmldump
    saved to directory /home/grierjones/DDCASPT2/hydrogen_comps/rerun/H8_chain/H8_2.73

>>> COPY /tmp/H8_2.73/H8_2.73.scf.h5 /home/grierjones/DDCASPT2/hydrogen_comps/rerun/H8_chain/H8_2.73/

*** symbolic link created: INPORB -> H8_2.73.ScfOrb
--- Start Module: rasscf at Sun Oct 26 13:44:25 2025 ---
 
()()()()()()()()()()()()()()()()()()()()()()()()()()()()()()()()()()()()()()()()()()()()()()()()()()

                                              &RASSCF

                                   only a single process is used
                       available to each process: 2.0 GB of memory, 1 thread?
()()()()()()()()()()()()()()()()()()()()()()()()()()()()()()()()()()()()()()()()()()()()()()()()()()
 
 
      Header of the ONEINT file:
      --------------------------
      
      Integrals generated by seward 4.2.0  , Sun Oct 26 13:44:24 2025
 
 
      OrdInt status: non-squared
 
 
      Cartesian coordinates in Angstrom:
      -----------------------------------------------------
      No.  Label        X            Y            Z        
      -----------------------------------------------------
       1   H1         0.00000000   0.00000000   0.00000000
       2   H2         0.00000000   0.00000000   2.73333300
       3   H3         0.00000000   0.00000000   5.46666700
       4   H4         0.00000000   0.00000000   8.20000000
       5   H5         0.00000000   0.00000000  10.93333300
       6   H6         0.00000000   0.00000000  13.66666700
       7   H7         0.00000000   0.00000000  16.40000000
       8   H8         0.00000000   0.00000000  19.13333300
      -----------------------------------------------------
      Nuclear repulsion energy =    2.66063666
 
++    Wave function specifications:
      -----------------------------
 
      Number of closed shell electrons           0
      Number of electrons in active shells       8
      Max number of holes in RAS1 space          0
      Max nr of electrons in RAS3 space          0
      Number of inactive orbitals                0
      Number of active orbitals                  8
      Number of secondary orbitals              32
      Spin quantum number                      0.0
      State symmetry                             1
--
 
++    Orbital specifications:
      -----------------------
 
      Symmetry species                           1
                                                 a
      Frozen orbitals                            0
      Inactive orbitals                          0
      Active orbitals                            8
      RAS1 orbitals                              0
      RAS2 orbitals                              8
      RAS3 orbitals                              0
      Secondary orbitals                        32
      Deleted orbitals                           0
      Number of basis functions                 40
--
 
++    CI expansion specifications:
      ----------------------------
 
      Number of CSFs                          1764
      Number of determinants                  2485
      Number of root(s) required                 1
      Root chosen for geometry opt.              1
      CI root used                               1
         
      highest root included in the CI            1
      max. size of the explicit Hamiltonian    200
--
 
++    Optimization specifications:
      ----------------------------
 
      RASSCF algorithm: Conventional
      Maximum number of macro iterations       200
      Maximum number of SX iterations          100
      Threshold for RASSCF energy            0.100E-07
      Threshold for max MO rotation          0.100E+00
      Threshold for max BLB element          0.100E-03
      Level shift parameter                  0.500E+00
      Make Quasi-Newton update
--
 
      The MO-coefficients are taken from the file:
      /home/grierjones/DDCASPT2/hydrogen_comps/rerun/H8_chain/H8_0.60/H8_0.60.RasOrb                                                  
      Title: RASSCF average (pseudo-natural) orbitals                                      
 
      Total molecular charge    0.00
 
      ************************************************************************************************************************
      *                                                                                                                      *
      *                                            Wave function control section                                             *
      *                                                                                                                      *
      ************************************************************************************************************************
 
 
                                         RASSCF iterations: Energy and convergence statistics
                                         ----------------------------------------------------
 
      Iter CI   SX   CI       RASSCF       Energy    max ROT     max BLB   max BLB  Level Ln srch  Step   QN   Walltime
          iter iter root      energy       change     param      element    value   shift minimum  type update hh:mm:ss
 Nr of preliminary CI iterations:   7
        1   1  100    1    -2.56459847    0.00E+00  -0.39E+00*   6  32 1 -0.34E+00*  0.44   0.00    SX    NO    0:00:00
        2   7  100    1    -3.21062460   -0.65E+00* -0.40E+00*   3  18 1  0.18E+00*  0.28   0.00    SX    NO    0:00:00
        3   5  100    1    -3.57116530   -0.36E+00* -0.41E+00*   2  10 1  0.15E+00*  0.11   0.00    SX    NO    0:00:00
        4   6  100    1    -3.69385978   -0.12E+00*  0.19E+00*   2  29 1  0.32E-01*  0.07   0.00    SX    NO    0:00:00
        5   6  100    1    -3.75057408   -0.57E-01*  0.47E+00*   8  15 1 -0.50E-01*  0.01   0.00    SX    NO    0:00:00
        6   8  100    1    -3.94434737   -0.19E+00*  0.11E+00*   5  12 1 -0.67E-01*  0.00   0.00    SX    NO    0:00:00
        7   4   13    1    -3.99173441   -0.47E-01* -0.18E-01    5  18 1  0.16E-01*  0.00   0.99    QN   YES    0:00:00
        8   1   11    1    -3.99300527   -0.13E-02* -0.43E-02    5  18 1  0.37E-02*  0.00   1.14    QN   YES    0:00:00
        9  41   11    1    -3.99402846   -0.10E-02*  0.30E-02    1  24 1  0.15E-02*  0.00   1.00    QN   YES    0:00:00
       10  10   11    1    -3.99410283   -0.74E-04*  0.19E-02    5  18 1 -0.23E-02*  0.00   0.96    QN   YES    0:00:00
       11  23   10    1    -3.99414288   -0.40E-04*  0.94E-03    5  18 1 -0.61E-03*  0.00   1.05    QN   YES    0:00:00
       12  10    9    1    -3.99414695   -0.41E-05* -0.15E-03    5  18 1  0.14E-03*  0.00   0.93    QN   YES    0:00:00
       13  10    8    1    -3.99414788   -0.93E-06*  0.44E-04    7  18 1 -0.48E-04   0.00   0.98    QN   YES    0:00:00
       14  10    8    1    -3.99414809   -0.21E-06*  0.10E-03    7  18 1 -0.34E-04   0.00   1.03    QN   YES    0:00:00
       15   9    8    1    -3.99414812   -0.30E-07* -0.52E-04    7  18 1  0.38E-04   0.00   0.74    QN   YES    0:00:00
       16   1    6    1    -3.99414813   -0.15E-07*  0.10E-04    5  24 1  0.72E-05   0.00   0.83    QN   YES    0:00:00
       17   1    4    1    -3.99414813   -0.65E-09  -0.11E-05    2  15 1  0.76E-06   0.00   0.98    QN   YES    0:00:00
      Convergence after 17 iterations
 
  Dmat in MO in SXCTL bf call to SXHAM                                                                                    
  mat. size =     8x    8
 
        1.2144523308650716
        0.0023981758878281      1.0904416916185207
       -0.0901080241330944     -0.0010862504692457      1.0731469677986087
        0.0011928077595874     -0.0104418064181372      0.0021958695810908      1.1153072405318689
        0.1181905741340634      0.0058947876908508      0.1215553914670080     -0.0041221108395879      0.9220067736705446
        0.0019206500495670      0.1567065087937370      0.0022229714692548      0.0104950986718012     -0.0031583997800252
        0.8243125372163431
       -0.0570718507806115      0.0007500864865892     -0.1177678764847865      0.0009063495905374     -0.0159237884958506
        0.0010691632622886      0.8938352525208997
       -0.0092398237133728      0.1666078195360550     -0.0027201034088367     -0.0291358754616678     -0.0039589269004415
        0.0267726957171727     -0.0042090671156193      0.8664972057781386
       18   1    4    1    -3.99414813   -0.27E-11  -0.11E-05    2  15 1 -0.32E-06   0.00   0.98    QN   YES    0:00:00
 
      ************************************************************************************************************************
                                                      Wave function printout:
                       occupation of active orbitals, and spin coupling of open shells (u,d: Spin up or down)
      ************************************************************************************************************************
 
      Note: transformation to natural orbitals
      has been made, which may change the order of the CSFs.
 
      printout of CI-coefficients larger than  0.05 for root  1
      energy=      -3.994148
      conf/sym  11111111     Coeff  Weight
             1  22220000  -0.32427 0.10515
            18  22202000   0.17937 0.03217
            34  22udu00d  -0.19566 0.03828
            41  2u2du0d0  -0.16139 0.02605
            45  2u2d0u0d   0.06743 0.00455
            47  2u2d0002   0.06248 0.00390
            49  u22dud00  -0.18101 0.03276
            56  u22d00ud   0.09167 0.00840
            61  2202u0d0  -0.06241 0.00390
            63  22020020   0.05167 0.00267
            67  22020002   0.12615 0.01591
            69  2ud2ud00  -0.09179 0.00842
            76  2ud200ud   0.17389 0.03024
            81  u2d2u0d0  -0.06834 0.00467
            83  u2d20020   0.05356 0.00287
            85  u2d20u0d   0.14362 0.02063
            93  20220020   0.10954 0.01200
            95  20220u0d   0.05370 0.00288
            97  20220002   0.05243 0.00275
           102  ud220ud0   0.14513 0.02106
           110  02220200   0.11286 0.01274
           121  22uud00d   0.05633 0.00317
           125  2u2ud0d0   0.05753 0.00331
           130  u22udd00   0.07093 0.00503
           568  22002002  -0.11865 0.01408
           582  2ud020ud  -0.13312 0.01772
           600  u2d02u0d  -0.11934 0.01424
           617  20202020  -0.09613 0.00924
           635  ud202ud0  -0.09785 0.00957
           654  02202200  -0.09335 0.00871
           663  0220udud  -0.05062 0.00256
           691  2u0du0d2  -0.11296 0.01276
           709  u20dud02  -0.10180 0.01036
           726  20udu02d  -0.09566 0.00915
           743  udududud  -0.09304 0.00866
           745  ududuudd  -0.11271 0.01270
           761  02udu20d  -0.08830 0.00780
           783  uuddudud  -0.13806 0.01906
           785  uudduudd   0.05172 0.00268
           798  u02dud20  -0.09082 0.00825
           816  0u2du2d0  -0.09276 0.00860
           853  20020022  -0.09015 0.00813
           872  ud020ud2  -0.08541 0.00729
           890  02020202  -0.07827 0.00613
           907  u0d20u2d  -0.09435 0.00890
           924  0ud202ud  -0.09567 0.00915
           939  00220220  -0.07576 0.00574
          1602  20002022   0.09485 0.00900
          1610  ud002ud2   0.11210 0.01257
          1619  02002202   0.07756 0.00601
          1627  u0d02u2d   0.09787 0.00958
          1636  0ud022ud   0.10963 0.01202
          1643  0ud0ud22  -0.05693 0.00324
          1645  00202220   0.07069 0.00500
          1656  u00d22ud   0.05691 0.00324
          1663  u00dud22  -0.10855 0.01178
          1671  0u0du2d2  -0.08953 0.00801
          1678  00udu22d  -0.09722 0.00945
          1694  00020222   0.07805 0.00609
          1764  00002222  -0.12319 0.01517
 
      Natural orbitals and occupation numbers for root  1
      sym 1:   1.271971   1.237776   1.183448   1.115594   0.886933   0.725409   0.761229   0.817640
 
      ************************************************************************************************************************
      *                                                                                                                      *
      *                                                    Final results                                                     *
      *                                                                                                                      *
      ************************************************************************************************************************
 
 
++    Wave function specifications:
      -----------------------------
 
      Number of closed shell electrons           0
      Number of electrons in active shells       8
      Max number of holes in RAS1 space          0
      Max nr of electrons in RAS3 space          0
      Number of inactive orbitals                0
      Number of active orbitals                  8
      Number of secondary orbitals              32
      Spin quantum number                      0.0
      State symmetry                             1
--
 
++    Orbital specifications:
      -----------------------
 
      Symmetry species                           1
                                                 a
      Frozen orbitals                            0
      Inactive orbitals                          0
      Active orbitals                            8
      RAS1 orbitals                              0
      RAS2 orbitals                              8
      RAS3 orbitals                              0
      Secondary orbitals                        32
      Deleted orbitals                           0
      Number of basis functions                 40
--
 
++    CI expansion specifications:
      ----------------------------
 
      Number of CSFs                          1764
      Number of determinants                  2485
      Number of root(s) required                 1
      CI root used                               1
      highest root included in the CI            1
      Root passed to geometry opt.               1
--
 
++    Final optimization conditions:
      ------------------------------
 
      Average CI energy                              -3.99414813
      RASSCF energy for state  1                     -3.99414813
      Super-CI energy                                -0.00000000
      RASSCF energy change                            0.00000000
      Max change in MO coefficients               0.101E-05
      Max non-diagonal density matrix element    -0.111E-05
      Maximum BLB matrix element                 -0.319E-06
      (orbital pair   2,  15 in symmetry   1)
      Norm of electronic gradient            0.646E-06
--
 
 
      Final state energy(ies):
      ------------------------
 
::    RASSCF root number  1 Total energy:     -3.99414813
 
++    Molecular orbitals:
      -------------------
 
      Pseudonatural active orbitals and approximate occupation numbers
 
 
 
 
      Molecular orbitals for symmetry species 1: a  
 
 
      Orbital                1         2         3         4         5         6         7         8         9        10
      Energy            0.0000    0.0000    0.0000    0.0000    0.0000    0.0000    0.0000    0.0000    0.3271    0.3383
      Occ. No.          1.2720    1.2378    1.1834    1.1156    0.8869    0.7254    0.7612    0.8176    0.0000    0.0000
 
    1 H1     1s         0.2023   -0.3556    0.4127   -0.3283   -0.3528    0.2423    0.4147    0.4634    0.0766   -0.1103
    2 H1     2s         0.0152   -0.0272    0.0325   -0.0270   -0.0361    0.0318    0.0511    0.0521   -0.2028    0.3584
    3 H1     2px       -0.0000    0.0000   -0.0000    0.0000    0.0000   -0.0000   -0.0000   -0.0000   -0.0000    0.0000
    4 H1     2py       -0.0000    0.0000   -0.0000    0.0000    0.0000   -0.0000   -0.0000   -0.0000   -0.0000    0.0000
    5 H1     2pz        0.0005   -0.0007    0.0005   -0.0002   -0.0006    0.0016    0.0020    0.0015    0.0020   -0.0029
    6 H2     1s         0.2761   -0.4246    0.3841   -0.1997    0.1831   -0.3570   -0.5152   -0.4186    0.1341   -0.1693
    7 H2     2s         0.0180   -0.0332    0.0388   -0.0277    0.0125   -0.0585   -0.0756   -0.0492   -0.2306    0.3234
    8 H2     2px        0.0000   -0.0000    0.0000   -0.0000    0.0000    0.0000   -0.0000   -0.0000    0.0000   -0.0000
    9 H2     2py        0.0000   -0.0000    0.0000   -0.0000    0.0000    0.0000   -0.0000   -0.0000    0.0000   -0.0000
   10 H2     2pz        0.0005   -0.0002   -0.0006    0.0008   -0.0004   -0.0001    0.0004    0.0008   -0.0003   -0.0012
   11 H3     1s         0.3682   -0.3013   -0.1459    0.4427    0.4670    0.4674    0.3844   -0.1426    0.1530   -0.1182
   12 H3     2s         0.0263   -0.0186   -0.0197    0.0452    0.0536    0.0760    0.0617   -0.0135   -0.2788    0.2548
   13 H3     2px       -0.0000   -0.0000    0.0000    0.0000   -0.0000   -0.0000    0.0000    0.0000    0.0000   -0.0000
   14 H3     2py        0.0000   -0.0000    0.0000    0.0000   -0.0000   -0.0000    0.0000   -0.0000    0.0000   -0.0000
   15 H3     2pz       -0.0001    0.0007   -0.0008    0.0001    0.0004    0.0011   -0.0001   -0.0010   -0.0004   -0.0019
   16 H4     1s         0.3978   -0.1693   -0.3358    0.3770   -0.3861   -0.5104   -0.1909    0.4005    0.1659   -0.0476
   17 H4     2s         0.0273   -0.0173   -0.0247    0.0411   -0.0409   -0.0843   -0.0251    0.0577   -0.3015    0.0930
   18 H4     2px       -0.0000   -0.0000   -0.0000   -0.0000    0.0000   -0.0000   -0.0000   -0.0000   -0.0000   -0.0000
   19 H4     2py       -0.0000   -0.0000   -0.0000   -0.0000    0.0000   -0.0000   -0.0000   -0.0000   -0.0000   -0.0000
   20 H4     2pz        0.0004    0.0006   -0.0006   -0.0005    0.0007    0.0006    0.0013    0.0001   -0.0002   -0.0032
   21 H5     1s         0.3978    0.1693   -0.3359   -0.3769   -0.3860    0.5104   -0.1909   -0.4007    0.1659    0.0476
   22 H5     2s         0.0273    0.0174   -0.0247   -0.0411   -0.0409    0.0843   -0.0251   -0.0577   -0.3015   -0.0930
   23 H5     2px       -0.0000   -0.0000   -0.0000   -0.0000    0.0000   -0.0000   -0.0000   -0.0000   -0.0000   -0.0000
   24 H5     2py       -0.0000   -0.0000   -0.0000   -0.0000    0.0000   -0.0000   -0.0000   -0.0000   -0.0000   -0.0000
   25 H5     2pz       -0.0004    0.0006    0.0006   -0.0005   -0.0007    0.0006   -0.0013    0.0001    0.0002   -0.0032
   26 H6     1s         0.3681    0.3014   -0.1461   -0.4427    0.4670   -0.4674    0.3844    0.1428    0.1530    0.1182
   27 H6     2s         0.0263    0.0186   -0.0197   -0.0452    0.0536   -0.0759    0.0617    0.0135   -0.2788   -0.2548
   28 H6     2px       -0.0000   -0.0000    0.0000    0.0000   -0.0000   -0.0000    0.0000    0.0000   -0.0000   -0.0000
   29 H6     2py       -0.0000   -0.0000    0.0000    0.0000   -0.0000    0.0000    0.0000    0.0000   -0.0000   -0.0000
   30 H6     2pz        0.0001    0.0007    0.0008    0.0001   -0.0004    0.0011    0.0001   -0.0010    0.0004   -0.0019
   31 H7     1s         0.2760    0.4247    0.3841    0.1996    0.1830    0.3569   -0.5153    0.4186    0.1341    0.1693
   32 H7     2s         0.0180    0.0332    0.0388    0.0276    0.0125    0.0585   -0.0756    0.0492   -0.2306   -0.3234
   33 H7     2px       -0.0000   -0.0000   -0.0000   -0.0000    0.0000   -0.0000    0.0000   -0.0000   -0.0000   -0.0000
   34 H7     2py       -0.0000   -0.0000   -0.0000   -0.0000    0.0000   -0.0000   -0.0000   -0.0000   -0.0000   -0.0000
   35 H7     2pz       -0.0005   -0.0002    0.0006    0.0008    0.0004   -0.0001   -0.0004    0.0008    0.0003   -0.0012
   36 H8     1s         0.2023    0.3557    0.4127    0.3281   -0.3527   -0.2423    0.4148   -0.4635    0.0766    0.1103
   37 H8     2s         0.0152    0.0272    0.0325    0.0270   -0.0361   -0.0318    0.0511   -0.0521   -0.2028   -0.3584
   38 H8     2px        0.0000    0.0000    0.0000    0.0000   -0.0000    0.0000    0.0000   -0.0000    0.0000    0.0000
   39 H8     2py        0.0000    0.0000    0.0000    0.0000   -0.0000    0.0000    0.0000   -0.0000    0.0000    0.0000
   40 H8     2pz       -0.0005   -0.0007   -0.0005   -0.0002    0.0006    0.0016   -0.0020    0.0015   -0.0020   -0.0029
 
 
      Orbital               11        12        13        14        15        16        17        18        19        20
      Energy            0.3599    0.3953    0.4479    0.5267    0.6293    0.7421    0.7738    0.8764    0.8764    0.8890
      Occ. No.          0.0000    0.0000    0.0000    0.0000    0.0000    0.0000    0.0000    0.0000    0.0000    0.0000
 
    1 H1     1s         0.0866   -0.0197    0.0618   -0.1299    0.1511    0.1237    0.0741   -0.0000   -0.0000   -0.0000
    2 H1     2s        -0.4544    0.5040    0.5080   -0.4690    0.3771    0.2476    0.1383    0.0000    0.0000    0.0000
    3 H1     2px       -0.0000    0.0000    0.0000   -0.0000    0.0000    0.0000    0.0000   -0.0808   -0.1302   -0.2236
    4 H1     2py       -0.0000    0.0000    0.0000   -0.0000    0.0000    0.0000    0.0000    0.1302   -0.0808   -0.1851
    5 H1     2pz        0.0038   -0.0089   -0.0249    0.0637   -0.1397   -0.3126   -0.2957   -0.0000   -0.0000   -0.0000
    6 H2     1s         0.0998   -0.0131   -0.0067    0.1038   -0.2006   -0.1581   -0.0655    0.0000    0.0000    0.0000
    7 H2     2s        -0.2236   -0.0374   -0.3686    0.6569   -0.7144   -0.4459   -0.1864    0.0000    0.0000   -0.0000
    8 H2     2px        0.0000    0.0000    0.0000   -0.0000    0.0000    0.0000    0.0000   -0.1541   -0.2482   -0.3482
    9 H2     2py        0.0000    0.0000    0.0000   -0.0000    0.0000    0.0000    0.0000    0.2482   -0.1541   -0.2882
   10 H2     2pz        0.0093   -0.0284   -0.0497    0.0436    0.0453    0.3172    0.3445    0.0000    0.0000    0.0000
   11 H3     1s        -0.0368    0.0892    0.0074   -0.0113    0.1850    0.1884    0.0469   -0.0000   -0.0000   -0.0000
   12 H3     2s         0.0862   -0.4405   -0.4202   -0.1038    0.6729    0.5244    0.1328   -0.0000   -0.0000   -0.0000
   13 H3     2px        0.0000    0.0000    0.0000   -0.0000    0.0000    0.0000    0.0000   -0.2084   -0.3356   -0.3073
   14 H3     2py        0.0000    0.0000    0.0000   -0.0000    0.0000    0.0000    0.0000    0.3356   -0.2084   -0.2544
   15 H3     2pz        0.0086   -0.0051    0.0400   -0.1249    0.1201   -0.2108   -0.3223   -0.0000   -0.0000    0.0000
   16 H4     1s        -0.1228    0.0558   -0.0062   -0.0840   -0.0761   -0.1998   -0.0172    0.0000    0.0000    0.0000
   17 H4     2s         0.3485   -0.2603    0.3935   -0.5841   -0.2706   -0.5471   -0.0460    0.0000    0.0000    0.0000
   18 H4     2px       -0.0000    0.0000    0.0000   -0.0000    0.0000    0.0000    0.0000   -0.2371   -0.3818   -0.1220
   19 H4     2py       -0.0000    0.0000    0.0000   -0.0000    0.0000    0.0000    0.0000    0.3818   -0.2371   -0.1010
   20 H4     2pz        0.0048    0.0195    0.0410    0.0679   -0.2387    0.0720    0.3005   -0.0000   -0.0000   -0.0000
   21 H5     1s        -0.1228   -0.0558   -0.0062    0.0840   -0.0761    0.1998   -0.0172   -0.0000   -0.0000   -0.0000
   22 H5     2s         0.3485    0.2603    0.3935    0.5841   -0.2706    0.5471   -0.0460   -0.0000   -0.0000   -0.0000
   23 H5     2px       -0.0000    0.0000    0.0000   -0.0000    0.0000    0.0000    0.0000   -0.2371   -0.3818    0.1220
   24 H5     2py       -0.0000    0.0000    0.0000   -0.0000    0.0000    0.0000    0.0000    0.3818   -0.2371    0.1010
   25 H5     2pz       -0.0048    0.0195   -0.0410    0.0679    0.2387    0.0720   -0.3005    0.0000    0.0000    0.0000
   26 H6     1s        -0.0368   -0.0892    0.0074    0.0113    0.1850   -0.1884    0.0469    0.0000    0.0000    0.0000
   27 H6     2s         0.0862    0.4405   -0.4202    0.1038    0.6729   -0.5244    0.1328    0.0000    0.0000   -0.0000
   28 H6     2px        0.0000    0.0000   -0.0000    0.0000   -0.0000    0.0000    0.0000   -0.2084   -0.3356    0.3073
   29 H6     2py        0.0000    0.0000   -0.0000    0.0000   -0.0000    0.0000    0.0000    0.3356   -0.2084    0.2544
   30 H6     2pz       -0.0086   -0.0051   -0.0400   -0.1249   -0.1201   -0.2108    0.3223   -0.0000   -0.0000   -0.0000
   31 H7     1s         0.0998    0.0131   -0.0067   -0.1038   -0.2006    0.1581   -0.0655   -0.0000   -0.0000    0.0000
   32 H7     2s        -0.2236    0.0374   -0.3686   -0.6569   -0.7144    0.4459   -0.1864   -0.0000   -0.0000   -0.0000
   33 H7     2px       -0.0000    0.0000   -0.0000   -0.0000   -0.0000    0.0000   -0.0000   -0.1541   -0.2482    0.3482
   34 H7     2py       -0.0000    0.0000   -0.0000   -0.0000   -0.0000    0.0000   -0.0000    0.2482   -0.1541    0.2882
   35 H7     2pz       -0.0093   -0.0284    0.0497    0.0436   -0.0453    0.3172   -0.3445    0.0000    0.0000   -0.0000
   36 H8     1s         0.0866    0.0197    0.0618    0.1299    0.1511   -0.1237    0.0741   -0.0000   -0.0000   -0.0000
   37 H8     2s        -0.4544   -0.5040    0.5080    0.4690    0.3771   -0.2476    0.1383    0.0000    0.0000    0.0000
   38 H8     2px        0.0000    0.0000   -0.0000   -0.0000   -0.0000    0.0000   -0.0000   -0.0808   -0.1302    0.2236
   39 H8     2py        0.0000    0.0000   -0.0000   -0.0000   -0.0000    0.0000   -0.0000    0.1302   -0.0808    0.1851
   40 H8     2pz       -0.0038   -0.0089    0.0249    0.0637    0.1397   -0.3126    0.2957   -0.0000   -0.0000    0.0000
 
 
      Orbital               21        22        23        24        25        26        27        28        29        30
      Energy            0.8890    0.9089    0.9089    0.9340    0.9340    0.9619    0.9619    0.9887    0.9887    1.0034
      Occ. No.          0.0000    0.0000    0.0000    0.0000    0.0000    0.0000    0.0000    0.0000    0.0000    0.0000
 
    1 H1     1s         0.0000    0.0000   -0.0000    0.0000    0.0000    0.0000    0.0000   -0.0000   -0.0000    0.0705
    2 H1     2s        -0.0000    0.0000   -0.0000    0.0000    0.0000    0.0000    0.0000   -0.0000   -0.0000    0.1477
    3 H1     2px        0.1851   -0.3961   -0.0197   -0.4573   -0.0245    0.4642    0.0587   -0.4163   -0.0660   -0.0000
    4 H1     2py       -0.2236   -0.0197    0.3961    0.0245   -0.4573   -0.0587    0.4642    0.0660   -0.4163   -0.0000
    5 H1     2pz        0.0000    0.0000   -0.0000    0.0000    0.0000    0.0000    0.0000   -0.0000   -0.0000    0.2063
    6 H2     1s        -0.0000   -0.0000    0.0000   -0.0000   -0.0000   -0.0000   -0.0000   -0.0000   -0.0000   -0.2161
    7 H2     2s         0.0000   -0.0000    0.0000   -0.0000   -0.0000   -0.0000   -0.0000    0.0000    0.0000   -0.4866
    8 H2     2px        0.2882   -0.4047   -0.0201   -0.1685   -0.0090   -0.1537   -0.0194    0.4067    0.0645    0.0000
    9 H2     2py       -0.3482   -0.0201    0.4047    0.0090   -0.1685    0.0194   -0.1537   -0.0645    0.4067    0.0000
   10 H2     2pz       -0.0000   -0.0000    0.0000   -0.0000   -0.0000   -0.0000   -0.0000    0.0000    0.0000   -0.2936
   11 H3     1s         0.0000    0.0000   -0.0000    0.0000    0.0000    0.0000    0.0000   -0.0000   -0.0000    0.3756
   12 H3     2s         0.0000    0.0000   -0.0000    0.0000    0.0000    0.0000    0.0000   -0.0000   -0.0000    0.8614
   13 H3     2px        0.2544   -0.0023   -0.0001    0.4037    0.0216   -0.4104   -0.0519    0.0053    0.0008   -0.0000
   14 H3     2py       -0.3073   -0.0001    0.0023   -0.0216    0.4037    0.0519   -0.4104   -0.0008    0.0053   -0.0000
   15 H3     2pz       -0.0000    0.0000   -0.0000    0.0000    0.0000    0.0000    0.0000   -0.0000   -0.0000    0.2409
   16 H4     1s         0.0000   -0.0000    0.0000   -0.0000   -0.0000   -0.0000   -0.0000    0.0000    0.0000   -0.4760
   17 H4     2s        -0.0000   -0.0000    0.0000   -0.0000   -0.0000   -0.0000   -0.0000    0.0000    0.0000   -1.0998
   18 H4     2px        0.1010    0.4003    0.0199    0.3031    0.0162    0.3021    0.0382   -0.4100   -0.0650   -0.0000
   19 H4     2py       -0.1220    0.0199   -0.4003   -0.0162    0.3031   -0.0382    0.3021    0.0650   -0.4100   -0.0000
   20 H4     2pz        0.0000   -0.0000    0.0000   -0.0000   -0.0000    0.0000    0.0000    0.0000    0.0000   -0.0925
   21 H5     1s         0.0000    0.0000   -0.0000    0.0000    0.0000    0.0000    0.0000   -0.0000   -0.0000    0.4760
   22 H5     2s         0.0000    0.0000   -0.0000    0.0000    0.0000    0.0000    0.0000   -0.0000   -0.0000    1.0998
   23 H5     2px       -0.1010    0.4003    0.0199   -0.3031   -0.0162    0.3021    0.0382    0.4100    0.0650   -0.0000
   24 H5     2py        0.1220    0.0199   -0.4003    0.0162   -0.3031   -0.0382    0.3021   -0.0650    0.4100   -0.0000
   25 H5     2pz       -0.0000   -0.0000    0.0000   -0.0000   -0.0000   -0.0000   -0.0000   -0.0000   -0.0000   -0.0925
   26 H6     1s        -0.0000   -0.0000    0.0000   -0.0000   -0.0000   -0.0000   -0.0000    0.0000    0.0000   -0.3756
   27 H6     2s         0.0000   -0.0000    0.0000   -0.0000   -0.0000   -0.0000   -0.0000    0.0000    0.0000   -0.8614
   28 H6     2px       -0.2544   -0.0023   -0.0001   -0.4037   -0.0216   -0.4104   -0.0519   -0.0053   -0.0008   -0.0000
   29 H6     2py        0.3073   -0.0001    0.0023    0.0216   -0.4037    0.0519   -0.4104    0.0008   -0.0053   -0.0000
   30 H6     2pz        0.0000    0.0000   -0.0000    0.0000    0.0000    0.0000    0.0000   -0.0000   -0.0000    0.2409
   31 H7     1s        -0.0000    0.0000   -0.0000   -0.0000   -0.0000    0.0000    0.0000   -0.0000   -0.0000    0.2161
   32 H7     2s         0.0000    0.0000   -0.0000    0.0000    0.0000    0.0000    0.0000   -0.0000   -0.0000    0.4866
   33 H7     2px       -0.2882   -0.4047   -0.0201    0.1685    0.0090   -0.1537   -0.0194   -0.4067   -0.0645    0.0000
   34 H7     2py        0.3482   -0.0201    0.4047   -0.0090    0.1685    0.0194   -0.1537    0.0645   -0.4067    0.0000
   35 H7     2pz        0.0000   -0.0000    0.0000   -0.0000   -0.0000   -0.0000   -0.0000    0.0000    0.0000   -0.2936
   36 H8     1s         0.0000    0.0000   -0.0000    0.0000    0.0000   -0.0000   -0.0000   -0.0000   -0.0000   -0.0705
   37 H8     2s        -0.0000   -0.0000    0.0000   -0.0000   -0.0000   -0.0000   -0.0000    0.0000    0.0000   -0.1477
   38 H8     2px       -0.1851   -0.3961   -0.0197    0.4573    0.0245    0.4642    0.0587    0.4163    0.0660   -0.0000
   39 H8     2py        0.2236   -0.0197    0.3961   -0.0245    0.4573   -0.0587    0.4642   -0.0660    0.4163   -0.0000
   40 H8     2pz       -0.0000    0.0000   -0.0000    0.0000    0.0000    0.0000    0.0000   -0.0000   -0.0000    0.2063
 
 
      Orbital               31        32        33        34        35        36        37        38        39        40
      Energy            1.0112    1.0112    1.0264    1.0264    1.0294    1.0700    1.1238    1.1828    1.2374    1.2762
      Occ. No.          0.0000    0.0000    0.0000    0.0000    0.0000    0.0000    0.0000    0.0000    0.0000    0.0000
 
    1 H1     1s        -0.0000   -0.0000    0.0000   -0.0000    0.0936   -0.0950    0.0874   -0.0766   -0.0587    0.0325
    2 H1     2s         0.0000    0.0000    0.0000   -0.0000    0.2113   -0.2248    0.2027   -0.1618   -0.1102    0.0556
    3 H1     2px        0.3148    0.0436   -0.0855    0.1476    0.0000   -0.0000    0.0000    0.0000    0.0000   -0.0000
    4 H1     2py       -0.0436    0.3148   -0.1476   -0.0855    0.0000   -0.0000    0.0000    0.0000    0.0000   -0.0000
    5 H1     2pz        0.0000    0.0000    0.0000   -0.0000    0.3381   -0.4258    0.4566   -0.4231   -0.3245    0.1760
    6 H2     1s        -0.0000   -0.0000   -0.0000    0.0000   -0.2456    0.1995   -0.1273    0.0587    0.0076    0.0097
    7 H2     2s        -0.0000   -0.0000   -0.0000    0.0000   -0.5666    0.4474   -0.2615    0.1117    0.0235    0.0044
    8 H2     2px       -0.4729   -0.0655    0.1578   -0.2724   -0.0000    0.0000   -0.0000    0.0000   -0.0000    0.0000
    9 H2     2py        0.0655   -0.4729    0.2724    0.1578   -0.0000    0.0000   -0.0000    0.0000   -0.0000    0.0000
   10 H2     2pz       -0.0000   -0.0000   -0.0000    0.0000   -0.2949    0.0884    0.2256   -0.4810   -0.5402    0.3536
   11 H3     1s         0.0000    0.0000    0.0000   -0.0000    0.2821   -0.0970   -0.0304    0.0520    0.0146    0.0149
   12 H3     2s         0.0000    0.0000    0.0000   -0.0000    0.6597   -0.2151   -0.0602    0.0821    0.0149    0.0224
   13 H3     2px        0.4134    0.0573   -0.2119    0.3659    0.0000   -0.0000    0.0000   -0.0000    0.0000   -0.0000
   14 H3     2py       -0.0573    0.4134   -0.3659   -0.2119    0.0000   -0.0000    0.0000   -0.0000    0.0000   -0.0000
   15 H3     2pz        0.0000    0.0000   -0.0000    0.0000   -0.0910    0.4699   -0.4563    0.0019   -0.4638    0.4710
   16 H4     1s        -0.0000   -0.0000   -0.0000    0.0000   -0.1257   -0.0922    0.0663    0.0411    0.0431    0.0022
   17 H4     2s        -0.0000   -0.0000   -0.0000    0.0000   -0.2939   -0.2145    0.1332    0.0702    0.0620   -0.0000
   18 H4     2px       -0.1635   -0.0227    0.2407   -0.4156   -0.0000    0.0000   -0.0000    0.0000   -0.0000    0.0000
   19 H4     2py        0.0227   -0.1635    0.4156    0.2407   -0.0000    0.0000   -0.0000    0.0000   -0.0000    0.0000
   20 H4     2pz       -0.0000   -0.0000    0.0000   -0.0000    0.4477   -0.3244   -0.3271    0.4534   -0.1892    0.5398
   21 H5     1s         0.0000    0.0000   -0.0000    0.0000   -0.1257    0.0922    0.0663   -0.0411    0.0431   -0.0022
   22 H5     2s         0.0000    0.0000   -0.0000    0.0000   -0.2939    0.2145    0.1332   -0.0702    0.0620    0.0000
   23 H5     2px       -0.1635   -0.0227   -0.2407    0.4156    0.0000    0.0000   -0.0000    0.0000    0.0000    0.0000
   24 H5     2py        0.0227   -0.1635   -0.4156   -0.2407    0.0000    0.0000   -0.0000    0.0000   -0.0000    0.0000
   25 H5     2pz       -0.0000   -0.0000   -0.0000    0.0000   -0.4477   -0.3244    0.3271    0.4534    0.1892    0.5398
   26 H6     1s        -0.0000   -0.0000    0.0000   -0.0000    0.2821    0.0971   -0.0304   -0.0520    0.0146   -0.0149
   27 H6     2s        -0.0000   -0.0000    0.0000   -0.0000    0.6597    0.2151   -0.0602   -0.0821    0.0149   -0.0224
   28 H6     2px        0.4134    0.0573    0.2119   -0.3659   -0.0000   -0.0000    0.0000   -0.0000   -0.0000   -0.0000
   29 H6     2py       -0.0573    0.4134    0.3659    0.2119   -0.0000   -0.0000    0.0000   -0.0000   -0.0000   -0.0000
   30 H6     2pz        0.0000    0.0000    0.0000   -0.0000    0.0910    0.4699    0.4563    0.0019    0.4638    0.4710
   31 H7     1s         0.0000    0.0000   -0.0000    0.0000   -0.2456   -0.1995   -0.1273   -0.0587    0.0076   -0.0097
   32 H7     2s         0.0000    0.0000   -0.0000    0.0000   -0.5666   -0.4474   -0.2615   -0.1117    0.0235   -0.0044
   33 H7     2px       -0.4729   -0.0655   -0.1578    0.2724    0.0000    0.0000    0.0000    0.0000   -0.0000   -0.0000
   34 H7     2py        0.0655   -0.4729   -0.2724   -0.1578    0.0000    0.0000    0.0000    0.0000    0.0000    0.0000
   35 H7     2pz       -0.0000   -0.0000    0.0000   -0.0000    0.2949    0.0884   -0.2256   -0.4810    0.5402    0.3536
   36 H8     1s        -0.0000   -0.0000    0.0000   -0.0000    0.0936    0.0950    0.0874    0.0766   -0.0587   -0.0325
   37 H8     2s        -0.0000   -0.0000    0.0000   -0.0000    0.2113    0.2248    0.2027    0.1618   -0.1102   -0.0556
   38 H8     2px        0.3148    0.0436    0.0855   -0.1476   -0.0000   -0.0000   -0.0000    0.0000   -0.0000   -0.0000
   39 H8     2py       -0.0436    0.3148    0.1476    0.0855   -0.0000   -0.0000    0.0000    0.0000   -0.0000   -0.0000
   40 H8     2pz        0.0000    0.0000   -0.0000    0.0000   -0.3381   -0.4258   -0.4566   -0.4231    0.3245    0.1760
--
 
      Von Neumann Entropy (Root  1) =  3.87030
 

      Mulliken population analysis for root number:  1
      -----------------------------------------------
 
 
++    Molecular charges:
      ------------------
 
      Mulliken charges per centre and basis function type
      ---------------------------------------------------
 
                H1      H2      H3      H4      H5      H6      H7      H8    
      1s       0.9935  1.0009  1.0015  1.0013  1.0013  1.0015  1.0009  0.9935
      2s       0.0055  0.0002 -0.0015 -0.0013 -0.0013 -0.0015  0.0002  0.0055
      2px      0.0000  0.0000  0.0000  0.0000  0.0000  0.0000  0.0000  0.0000
      2pz     -0.0001  0.0001  0.0000 -0.0000 -0.0000  0.0000  0.0001 -0.0001
      2py      0.0000  0.0000  0.0000  0.0000  0.0000  0.0000  0.0000  0.0000
      Total    0.9989  1.0011  1.0000  1.0000  1.0000  1.0000  1.0011  0.9989
 
      N-E      0.0011 -0.0011  0.0000  0.0000  0.0000  0.0000 -0.0011  0.0011
 
      Total electronic charge=    8.000000
 
      Total            charge=   -0.000000
--
 
 

      Expectation values of various properties for root number:  1
      -----------------------------------------------------------
 
 
++    Molecular properties:
      ---------------------
 
      Charge (e):
                      =   -0.0000
      Dipole Moment (Debye):
      Origin of the operator (Ang)=    0.0000    0.0000    0.0000
                   X= -1.7532E-09               Y= -1.3452E-09               Z= -6.4409E-07           Total=  6.4409E-07
      Quadrupole Moment (Debye*Ang):
      Origin of the operator (Ang)=    0.0000    0.0000    9.5667
                  XX= -1.2097E+01              XY= -8.7140E-17              XZ=  5.5046E-08              YY= -1.2097E+01
                  YZ=  1.1090E-08              ZZ= -1.2139E+01
      In traceless form (Debye*Ang)
                  XX=  2.1212E-02              XY= -1.3071E-16              XZ=  8.2569E-08              YY=  2.1212E-02
                  YZ=  1.6635E-08              ZZ= -4.2424E-02
--
 

      LoProp population analysis for root number:  1
      -----------------------------------------------
 
 
++    LoProp analysis:
      ----------------
 
 
 
  Input file to MOLDEN was generated!
 
 
++    Static properties:
      ------------------
 
 
      LoProp Charges per center
 

                   H1       H2       H3       H4       H5       H6       H7       H8    
      Nuclear      1.0000   1.0000   1.0000   1.0000   1.0000   1.0000   1.0000   1.0000
      Electronic  -1.0001  -0.9999  -1.0000  -1.0000  -1.0000  -1.0000  -0.9999  -1.0001
 
      Total       -0.0001   0.0001   0.0000  -0.0000  -0.0000   0.0000   0.0001  -0.0001
--
 
 
      Natural Bond Order analysis for root number:  1
 
++    Natural Bond Order analysis
      ---------------------------
      Based on LoProp computed density
      -------------------------------------------------------------------------------------
      Atom A       Atom B       Bond Order
      -------------------------------------------------------------------------------------
      The remaining    8.000 electrons are to be considered as diffuse
--
 
--
 
 
  Input file to MOLDEN was generated!
 
      Average orbitals are written to the RASORB file
      Natural orbitals for root   1 are written to the RASORB.1 file
      Spin density orbitals for root   1 are written to the SPDORB.1 file
 
forrtl: warning (525): IEEE_DIVIDE_BY_ZERO is signaling
forrtl: warning (526): IEEE_INVALID is signaling
forrtl: warning (528): IEEE_UNDERFLOW is signaling
--- Stop Module: rasscf at Sun Oct 26 13:44:27 2025 /rc=_RC_ALL_IS_WELL_ ---
*** files: H8_2.73.LprOrb H8_2.73.rasscf.molden H8_2.73.LoProp.molden H8_2.73.RasOrb.1 H8_2.73.RasOrb H8_2.73.rasscf.h5 H8_2.73.SpdOrb.1 xmldump
    saved to directory /home/grierjones/DDCASPT2/hydrogen_comps/rerun/H8_chain/H8_2.73
--- Module rasscf spent 2 seconds ---

>>> COPY /tmp/H8_2.73/H8_2.73.rasscf.h5 /home/grierjones/DDCASPT2/hydrogen_comps/rerun/H8_chain/H8_2.73/

>>> COPY /tmp/H8_2.73/GMJ_Fock_MO.csv /home/grierjones/DDCASPT2/hydrogen_comps/rerun/H8_chain/H8_2.73/H8_2.73.GMJ_Fock_MO.csv

*** symbolic link created: INPORB -> H8_2.73.RasOrb
--- Start Module: motra at Sun Oct 26 13:44:27 2025 ---
 
()()()()()()()()()()()()()()()()()()()()()()()()()()()()()()()()()()()()()()()()()()()()()()()()()()

                                               &MOTRA

                                   only a single process is used
                       available to each process: 2.0 GB of memory, 1 thread?
()()()()()()()()()()()()()()()()()()()()()()()()()()()()()()()()()()()()()()()()()()()()()()()()()()
 
 
      *** WARNING: Default frozen orbitals is overwritten by user input.
      *** Default values:   0
 
      Header of the integral files:
      
       Integrals generated by seward 4.2.0  , Sun Oct 26 13:44:24 2025
 
 
      Header of MO coefficients source file:
      * RASSCF average (pseudo-natural) orbitals                                      
 
 
      Cartesian coordinates in Angstrom:
      -----------------------------------------------------
      No.  Label        X            Y            Z        
      -----------------------------------------------------
       1   H1         0.00000000   0.00000000   0.00000000
       2   H2         0.00000000   0.00000000   2.73333300
       3   H3         0.00000000   0.00000000   5.46666700
       4   H4         0.00000000   0.00000000   8.20000000
       5   H5         0.00000000   0.00000000  10.93333300
       6   H6         0.00000000   0.00000000  13.66666700
       7   H7         0.00000000   0.00000000  16.40000000
       8   H8         0.00000000   0.00000000  19.13333300
      -----------------------------------------------------
      Nuclear repulsion energy =    2.66063666
 
      Orbital specifications:
      -----------------------
 
      Symmetry species:              1
      Number of basis functions:    40
      Frozen orbitals:               0
      Deleted orbitals:              0
      Number of orbitals used:      40

       SYMMETRY  BASIS FUNCTIONS       ORBITALS      INTEGRALS   CPU(SEC)  I/O(SEC)
        1 1 1 1   40  40  40  40    40  40  40  40      336610       0.00      0.00

       TOTAL CPU TIME(SEC)    0.19TOTAL I/O TIME(SEC)    0.48
 
--- Stop Module: motra at Sun Oct 26 13:44:28 2025 /rc=_RC_ALL_IS_WELL_ ---
*** files: xmldump
    saved to directory /home/grierjones/DDCASPT2/hydrogen_comps/rerun/H8_chain/H8_2.73

>>> COPY /tmp/H8_2.73/GMJ_one_int_indx.csv /home/grierjones/DDCASPT2/hydrogen_comps/rerun/H8_chain/H8_2.73/H8_2.73.GMJ_one_int_indx.csv

>>> COPY /tmp/H8_2.73/GMJ_one_int.csv /home/grierjones/DDCASPT2/hydrogen_comps/rerun/H8_chain/H8_2.73/H8_2.73.GMJ_one_int.csv

>>> COPY /tmp/H8_2.73/GMJ_two_int_indx.csv /home/grierjones/DDCASPT2/hydrogen_comps/rerun/H8_chain/H8_2.73/H8_2.73.GMJ_two_int_indx.csv

>>> COPY /tmp/H8_2.73/GMJ_two_int.csv /home/grierjones/DDCASPT2/hydrogen_comps/rerun/H8_chain/H8_2.73/H8_2.73.GMJ_two_int.csv

*** symbolic link created: INPORB -> H8_2.73.RasOrb
--- Start Module: caspt2 at Sun Oct 26 13:44:28 2025 ---
 
()()()()()()()()()()()()()()()()()()()()()()()()()()()()()()()()()()()()()()()()()()()()()()()()()()

                                              &CASPT2

                                   only a single process is used
                       available to each process: 2.0 GB of memory, 1 thread?
()()()()()()()()()()()()()()()()()()()()()()()()()()()()()()()()()()()()()()()()()()()()()()()()()()
 
 Cholesky algorithm in CASPT2 =    1
 
 ###############################################################################
 ###############################################################################
 ###                                                                         ###
 ###                                                                         ###
 ###    User changed nr of frozen orbitals.                                  ###
 ###                                                                         ###
 ###                                                                         ###
 ###############################################################################
 ###############################################################################
 
++    Wave function specifications:
      -----------------------------
 
      Number of closed shell electrons           0
      Number of electrons in active shells       8
      Max number of holes in RAS1 space          0
      Max number of electrons in RAS3 space      0
      Number of inactive orbitals                0
      Number of active orbitals                  8
      Number of secondary orbitals              32
      Spin quantum number                      0.0
      State symmetry                             1
      Number of CSFs                          1764
      Number of root(s) available                1
      Root passed to geometry opt.               1
      A file JOBMIX will be created.
      This is a CASSCF or RASSCF reference function
--
 
++    Orbital specifications:
      -----------------------
 
      Symmetry species                           1
                                                 a
      Frozen orbitals                            0
      Inactive orbitals                          0
      Active orbitals                            8
      Secondary orbitals                        32
      Deleted orbitals                           0
      Number of basis functions                 40
--
 
      Type of Fock operator: STANDARD
      Type of 0-order Hamiltonian: STANDARD WITH DEFAULT IPEA
        "IP-EA" denominator shift =      0.25
      The input orbitals and the CI vector will be transformed.
 
--------------------------------------------------------------------------------
 Estimated memory requirements:
  POLY3 :                   450746
  RHS:                      417296
  SIGMA :                   326032
  PRPCTL:                        0
 Available workspace:    230388092
 
++ CASPT2 computation for group   1
 
********************************************************************************
 Multi-State initialization phase begins for group   1
--------------------------------------------------------------------------------
********************************************************************************
 Compute H0 matrices for state    1
--------------------------------------------------------------------------------
--------------------------------------------------------------------------------
 H0 matrices have been computed.
 
********************************************************************************
  CASPT2 EQUATION SOLUTION
--------------------------------------------------------------------------------
 
  Total nr of CASPT2 parameters:
   Before reduction:       49280
   After  reduction:       48576
 
 The contributions to the second order correlation energy in atomic units.
-----------------------------------------------------------------------------------------------------------------------------
  IT.      VJTU        VJTI        ATVX        AIVX        VJAI        BVAT        BJAT        BJAI        TOTAL       RNORM  
-----------------------------------------------------------------------------------------------------------------------------
   1     0.000000    0.000000   -0.000431    0.000000    0.000000   -0.001261    0.000000    0.000000   -0.001692    0.000481
   2     0.000000    0.000000   -0.000436    0.000000    0.000000   -0.001262    0.000000    0.000000   -0.001698    0.000083
   3     0.000000    0.000000   -0.000436    0.000000    0.000000   -0.001262    0.000000    0.000000   -0.001699    0.000022
   4     0.000000    0.000000   -0.000436    0.000000    0.000000   -0.001262    0.000000    0.000000   -0.001699    0.000004
-------------------------------------------------------------------------------------------------------------------
 
  FINAL CASPT2 RESULT:
 
  Correlation energy /Case, /Symm, and sums:
 VJTU      0.00000000  0.00000000
 VJTIP     0.00000000  0.00000000
 VJTIM     0.00000000  0.00000000
 ATVX     -0.00043618 -0.00043618
 AIVX      0.00000000  0.00000000
 VJAIP     0.00000000  0.00000000
 VJAIM     0.00000000  0.00000000
 BVATP    -0.00111549 -0.00111549
 BVATM    -0.00014698 -0.00014698
 BJATP     0.00000000  0.00000000
 BJATM     0.00000000  0.00000000
 BJAIP     0.00000000  0.00000000
 BJAIM     0.00000000  0.00000000
 Summed:  -0.00169865 -0.00169865
 
      Reference energy:          -3.9941481342
      E2 (Non-variational):      -0.0016986480
      E2 (Variational):          -0.0016986538
      Total energy:              -3.9958467880
      Residual norm:              0.0000007267
      Reference weight:           0.99891
 
      Contributions to the CASPT2 correlation energy
      Active & Virtual Only:         -0.0016986480
      One Inactive Excited:           0.0000000000
      Two Inactive Excited:           0.0000000000
 
 
++ Denominators, etc.
----------------------------------------------------------------------------------------------------
 Report on small energy denominators, large coefficients, and large energy contributions.
CASE  SYMM ACTIVE-MIX  NON-ACTIVE INDICES          DENOMINATOR     RHS VALUE       COEFFICIENT     CONTRIBUTION
--
 
   (Skipping property calculation,
    use PROP keyword to activate)
--
 
  Total CASPT2 energies:
::    CASPT2 Root  1     Total energy:     -3.99584679
 
  A NEW JOBIPH FILE NAMED 'JOBMIX' IS PREPARED.
********************************************************************************
forrtl: warning (528): IEEE_UNDERFLOW is signaling
--- Stop Module: caspt2 at Sun Oct 26 13:44:29 2025 /rc=_RC_ALL_IS_WELL_ ---
*** files: xmldump
    saved to directory /home/grierjones/DDCASPT2/hydrogen_comps/rerun/H8_chain/H8_2.73

>>> EXPORT i = B

>>> EXPORT j = P

>>> IF (-FILE GMJ_e2_${i}_${j}_1_.csv)
(Skipped)

>>> END FOREACH

>>> EXPORT j = M

>>> IF (-FILE GMJ_e2_${i}_${j}_1_.csv)
(Skipped)

>>> END FOREACH

>>> END FOREACH

>>> EXPORT i = E

>>> EXPORT j = P

>>> IF (-FILE GMJ_e2_${i}_${j}_1_.csv)
(Skipped)

>>> END FOREACH

>>> EXPORT j = M

>>> IF (-FILE GMJ_e2_${i}_${j}_1_.csv)
(Skipped)

>>> END FOREACH

>>> END FOREACH

>>> EXPORT i = F

>>> EXPORT j = P

>>> IF (-FILE GMJ_e2_${i}_${j}_1_.csv)

>>> COPY /tmp/H8_2.73/GMJ_RHS_F_P_1_.csv /home/grierjones/DDCASPT2/hydrogen_comps/rerun/H8_chain/H8_2.73/GMJ_RHS_F_P_1_.csv

>>> COPY /tmp/H8_2.73/GMJ_IVECW_F_P_1_.csv /home/grierjones/DDCASPT2/hydrogen_comps/rerun/H8_chain/H8_2.73/GMJ_IVECW_F_P_1_.csv

>>> COPY /tmp/H8_2.73/GMJ_IVECX_F_P_1_.csv /home/grierjones/DDCASPT2/hydrogen_comps/rerun/H8_chain/H8_2.73/GMJ_IVECX_F_P_1_.csv

>>> COPY /tmp/H8_2.73/GMJ_IVECC2_F_P_1_.csv /home/grierjones/DDCASPT2/hydrogen_comps/rerun/H8_chain/H8_2.73/GMJ_IVECC2_F_P_1_.csv

>>> COPY /tmp/H8_2.73/GMJ_e2_F_P_1_.csv /home/grierjones/DDCASPT2/hydrogen_comps/rerun/H8_chain/H8_2.73/GMJ_e2_F_P_1_.csv

>>> END FOREACH

>>> EXPORT j = M

>>> IF (-FILE GMJ_e2_${i}_${j}_1_.csv)

>>> COPY /tmp/H8_2.73/GMJ_RHS_F_M_1_.csv /home/grierjones/DDCASPT2/hydrogen_comps/rerun/H8_chain/H8_2.73/GMJ_RHS_F_M_1_.csv

>>> COPY /tmp/H8_2.73/GMJ_IVECW_F_M_1_.csv /home/grierjones/DDCASPT2/hydrogen_comps/rerun/H8_chain/H8_2.73/GMJ_IVECW_F_M_1_.csv

>>> COPY /tmp/H8_2.73/GMJ_IVECX_F_M_1_.csv /home/grierjones/DDCASPT2/hydrogen_comps/rerun/H8_chain/H8_2.73/GMJ_IVECX_F_M_1_.csv

>>> COPY /tmp/H8_2.73/GMJ_IVECC2_F_M_1_.csv /home/grierjones/DDCASPT2/hydrogen_comps/rerun/H8_chain/H8_2.73/GMJ_IVECC2_F_M_1_.csv

>>> COPY /tmp/H8_2.73/GMJ_e2_F_M_1_.csv /home/grierjones/DDCASPT2/hydrogen_comps/rerun/H8_chain/H8_2.73/GMJ_e2_F_M_1_.csv

>>> END FOREACH

>>> END FOREACH

>>> EXPORT i = G

>>> EXPORT j = P

>>> IF (-FILE GMJ_e2_${i}_${j}_1_.csv)
(Skipped)

>>> END FOREACH

>>> EXPORT j = M

>>> IF (-FILE GMJ_e2_${i}_${j}_1_.csv)
(Skipped)

>>> END FOREACH

>>> END FOREACH

>>> EXPORT i = H

>>> EXPORT j = P

>>> IF (-FILE GMJ_e2_${i}_${j}_1_.csv)
(Skipped)

>>> END FOREACH

>>> EXPORT j = M

>>> IF (-FILE GMJ_e2_${i}_${j}_1_.csv)
(Skipped)

>>> END FOREACH

>>> END FOREACH

>>> EXPORT i = A

>>> IF (-FILE GMJ_e2_${i}_1_.csv)
(Skipped)

>>> END FOREACH

>>> EXPORT i = C

>>> IF (-FILE GMJ_e2_${i}_1_.csv)

>>> COPY /tmp/H8_2.73/GMJ_RHS_C_1_.csv /home/grierjones/DDCASPT2/hydrogen_comps/rerun/H8_chain/H8_2.73/GMJ_RHS_C_1_.csv

>>> COPY /tmp/H8_2.73/GMJ_IVECW_C_1_.csv /home/grierjones/DDCASPT2/hydrogen_comps/rerun/H8_chain/H8_2.73/GMJ_IVECW_C_1_.csv

>>> COPY /tmp/H8_2.73/GMJ_IVECX_C_1_.csv /home/grierjones/DDCASPT2/hydrogen_comps/rerun/H8_chain/H8_2.73/GMJ_IVECX_C_1_.csv

>>> COPY /tmp/H8_2.73/GMJ_IVECC2_C_1_.csv /home/grierjones/DDCASPT2/hydrogen_comps/rerun/H8_chain/H8_2.73/GMJ_IVECC2_C_1_.csv

>>> COPY /tmp/H8_2.73/GMJ_e2_C_1_.csv /home/grierjones/DDCASPT2/hydrogen_comps/rerun/H8_chain/H8_2.73/GMJ_e2_C_1_.csv

>>> END FOREACH

>>> EXPORT i = D

>>> IF (-FILE GMJ_e2_${i}_1_.csv)
(Skipped)

>>> END FOREACH

.########################.
.# Non-zero return code #.
.########################.

    Timing: Wall=4.70 User=3.71 System=0.98
***************************************
*** WorkDir at /tmp/H8_2.73 cleaned ***
***************************************
